[10:10:06] PRE lease="FS2 2026-09-26T14:07:05Z" keyguard="showing=false" battery=100% ac=true pid0=none
[10:10:06] PRE device-env=090cc981e9f97c9c6007b64e90afaba7ff0b495eae7ede6423bfca826fae29fe mc0-test='' mc0-bad=[]
[10:10:06] APK local sha x2 202c69745ffd2d43e02d3840e7ac4184692b48b468b755c533effbf3314309d6 202c69745ffd2d43e02d3840e7ac4184692b48b468b755c533effbf3314309d6
[10:10:08] INSTALL Performing Streamed Install Success
[10:10:09] INSTALLED /data/app/~~FGuMDtzG9XMUsdPiKIT2Pg==/com.ps2x.runner-mrKXGph3abHKrKtTeRjhPA==/base.apk sha=202c69745ffd2d43e02d3840e7ac4184692b48b468b755c533effbf3314309d6 match=True
[10:10:09] ENV 5e13990f7b126e7f2e01805b62f20f0c38845ab03e6da116d612df41d020e6d7  /storage/emulated/0/Android/data/com.ps2x.runner/files/ps2x.env
[10:10:09 t+    0.0] AM Starting: Intent { cmp=com.ps2x.runner/android.app.NativeActivity }
[10:10:15 t+    6.1] FOCUS app-foreground, no BACK ('mCurrentFocus=Window{b62962e u0 com.ps2x.runner/android.app.NativeActivity}')
[10:10:17 t+    8.3] LAYER 'com.ps2x.runner/android.app.NativeActivity#23460' tried=['com.ps2x.runner/android.app.NativeActivity#23451', 'RequestedLayerState{ActivityRecord{e90541f u0 com.ps2x.runner/android.app.NativeActivity#23451 parentId=23450}', 'com.ps2x.runner/android.app.NativeActivity#23460']
[10:10:51 t+   42.2] CPUWIN start tick=1955
[10:11:01 t+   52.3] SCAP sc01-tick2100-t51.png tick~2246
[10:11:11 t+   62.5] CPUWIN end tick=2562
[10:11:27 t+   77.9] SCAP sc02-tick3000-t77.png tick~3143
[10:11:46 t+   96.9] SCAP sc03-tick4000-t96.png tick~4009
[10:12:00 t+  111.7] STOP tick 4762 >= 4500
[10:12:01 t+  112.4] SCAP sc04-final-t111.png tick~4762
[10:12:03 t+  113.7] THREADS
Threads: 28 total,   3 running,  25 sleeping,   0 stopped,   0 zombie
  Mem:  7342756K total,  5119596K used,  2223160K free,      656K buffers
 Swap: 10485752K total,   767920K used,  9717832K free,  2492548K cached
800%cpu 181%user   0%nice  46%sys 565%idle   0%iow   8%irq   0%sirq   0%host
  TID USER         PR  NI VIRT  RES  SHR S[%CPU] %MEM     TIME+ THREAD          PROCESS
21604 u0_a113      10 -10  17G 764M 520M R 92.3  10.6   1:22.08 MTVU            com.ps2x.runner
21565 u0_a113      10 -10  17G 764M 520M R 50.0  10.6   0:32.84 GsWorker        com.ps2x.runner
21586 u0_a113      10 -10  17G 764M 520M R 46.1  10.6   0:40.16 GameThread      com.ps2x.runner
21563 u0_a113      10 -10  17G 764M 520M S  3.8  10.6   0:00.29 com.ps2x.runner com.ps2x.runner
21595 u0_a113      20   0  17G 764M 520M S  0.0  10.6   0:00.00 InteractionJank com.ps2x.runner
21593 u0_a113      20   0  17G 764M 520M S  0.0  10.6   0:00.00 binder:21541_4  com.ps2x.runner
21588 u0_a113      10 -10  17G 764M 520M S  0.0  10.6   0:00.15 PGS-Waiter      com.ps2x.runner
21587 u0_a113      39  19  17G 764M 520M S  0.0  10.6   0:00.00 com.ps:traceq0  com.ps2x.runner
21583 u0_a113      -3 -10  17G 764M 520M S  0.0  10.6   0:00.40 AAudio_1        com.ps2x.runner
21577 u0_a113      20   0  17G 764M 520M S  0.0  10.6   0:00.07 binder:21541_4  com.ps2x.runner
21576 u0_a113      10 -10  17G 764M 520M S  0.0  10.6   0:00.00 com.ps2x.runner com.ps2x.runner
21569 u0_a113      20   0  17G 764M 520M S  0.0  10.6   0:00.00 InsetsAnimation com.ps2x.runner
21568 u0_a113      20   0  17G 764M 520M S  0.0  10.6   0:00.00 SurfaceSyncGrou com.ps2x.runner
21567 u0_a113      10 -10  17G 764M 520M S  0.0  10.6   0:00.00 VsyncReceiver   com.ps2x.runner
21564 u0_a113      10 -10  17G 764M 520M S  0.0  10.6   0:00.00 com.ps2x.runner com.ps2x.runner

[10:12:03 t+  113.8] BATTERY status: 5 level: 100
[10:12:06 t+  116.7] RESTORE 090cc981e9f97c9c6007b64e90afaba7ff0b495eae7ede6423bfca826fae29fe match=True
[10:12:06 t+  117.0] MC0-AFTER bad=[]
[10:12:06 t+  117.1] END pid-after=none disconnects=0
