[01:04:45] PRE lease="VK2 2026-09-26T04:53:32Z" keyguard="showing=false" battery=100% ac=true pid0=none
[01:04:45] PRE device-env=a8d651a7e55f7e29f1345f28f4ea634e06ae757f535e29439ab61c930bcc0ebd mc0-test='' mc0-bad=[]
[01:04:46] APK local sha x2 29d3ca066de3b8dfe74c511dbf87e99168ba13acbf4262396c4006228e914469 29d3ca066de3b8dfe74c511dbf87e99168ba13acbf4262396c4006228e914469
[01:04:49] INSTALL Performing Streamed Install Success
[01:04:49] INSTALLED /data/app/~~LcXtQpGI_Hl3vdEvxhfczg==/com.ps2x.runner-VH8Q1SywktaGnaCDBqRDbA==/base.apk sha=29d3ca066de3b8dfe74c511dbf87e99168ba13acbf4262396c4006228e914469 match=True
[01:04:49] ENV 8fdeeaac68d10898d68680f0b5ad68ff692b515c49ecbe64dba882cb1319bbce  /storage/emulated/0/Android/data/com.ps2x.runner/files/ps2x.env
[01:04:50 t+    0.0] AM Starting: Intent { cmp=com.ps2x.runner/android.app.NativeActivity }
[01:04:56 t+    6.1] FOCUS app-foreground, no BACK ('mCurrentFocus=Window{a97646d u0 com.ps2x.runner/android.app.NativeActivity}')
[01:04:58 t+    8.2] LAYER 'com.ps2x.runner/android.app.NativeActivity#20607' tried=['com.ps2x.runner/android.app.NativeActivity#20607']
[01:05:47 t+   57.4] CPUWIN start tick=1901
[01:06:06 t+   76.2] SCAP sc01-tick2100-t75.png tick~2170
[01:06:32 t+  102.7] CPUWIN end tick=2555
[01:08:33 t+  223.3] STOP tick 4592 >= 4500
[01:08:33 t+  223.8] SCAP sc02-final-t223.png tick~4592
[01:08:35 t+  225.2] THREADS
Threads: 27 total,   0 running,  27 sleeping,   0 stopped,   0 zombie
  Mem:  7342756K total,  5022292K used,  2320464K free,      556K buffers
 Swap: 10485752K total,   709980K used,  9775772K free,  2214164K cached
800%cpu 100%user   0%nice  31%sys 654%idle   0%iow  12%irq   4%sirq   0%host
  TID USER         PR  NI VIRT  RES  SHR S[%CPU] %MEM     TIME+ THREAD          PROCESS
 8146 u0_a113      10 -10  17G 752M 513M S 65.3  10.4   2:26.77 GameThread      com.ps2x.runner
 8127 u0_a113      10 -10  17G 752M 513M S 15.3  10.4   0:34.73 GsWorker        com.ps2x.runner
 8154 u0_a113      20   0  17G 752M 513M S  0.0  10.4   0:00.00 InteractionJank com.ps2x.runner
 8153 u0_a113      20   0  17G 752M 513M S  0.0  10.4   0:00.00 binder:8093_1   com.ps2x.runner
 8148 u0_a113      10 -10  17G 752M 513M S  0.0  10.4   0:00.24 PGS-Waiter      com.ps2x.runner
 8147 u0_a113      39  19  17G 752M 513M S  0.0  10.4   0:00.00 com.ps:traceq0  com.ps2x.runner
 8145 u0_a113      -3 -10  17G 752M 513M S  0.0  10.4   0:00.80 AAudio_1        com.ps2x.runner
 8139 u0_a113      20   0  17G 752M 513M S  0.0  10.4   0:00.15 binder:8093_4   com.ps2x.runner
 8138 u0_a113      10 -10  17G 752M 513M S  0.0  10.4   0:00.00 com.ps2x.runner com.ps2x.runner
 8131 u0_a113      20   0  17G 752M 513M S  0.0  10.4   0:00.00 InsetsAnimation com.ps2x.runner
 8130 u0_a113      20   0  17G 752M 513M S  0.0  10.4   0:00.00 SurfaceSyncGrou com.ps2x.runner
 8129 u0_a113      10 -10  17G 752M 513M S  0.0  10.4   0:00.00 VsyncReceiver   com.ps2x.runner
 8125 u0_a113      10 -10  17G 752M 513M S  0.0  10.4   0:00.39 com.ps2x.runner com.ps2x.runner
 8126 u0_a113      10 -10  17G 752M 513M S  0.0  10.4   0:00.01 com.ps2x.runner com.ps2x.runner
 8115 u0_a113      20   0  17G 752M 513M S  0.0  10.4   0:00.00 binder:8093_3   com.ps2x.runner

[01:08:35 t+  225.2] BATTERY status: 5 level: 100
[01:08:37 t+  227.8] RESTORE a8d651a7e55f7e29f1345f28f4ea634e06ae757f535e29439ab61c930bcc0ebd match=True
[01:08:38 t+  228.0] MC0-AFTER bad=[]
[01:08:38 t+  228.0] END pid-after=none disconnects=0
