ninja: Entering directory `/tmp/e17-map-link/runtime'
[0/2] Re-checking globbed directories...
[1/543] Building C object ps2xRecomp/CMakeFiles/rabbitizer.dir/__/_deps/rabbitizer-src/src/analysis/RabbitizerLoPairingInfo.c.o
[2/543] Building C object ps2xRecomp/CMakeFiles/rabbitizer.dir/__/_deps/rabbitizer-src/src/analysis/RabbitizerJrRegData.c.o
[3/543] Building C object ps2xRecomp/CMakeFiles/rabbitizer.dir/__/_deps/rabbitizer-src/src/analysis/RabbitizerTrackedRegisterState.c.o
[4/543] Building C object ps2xRecomp/CMakeFiles/rabbitizer.dir/__/_deps/rabbitizer-src/src/analysis/RabbitizerRegistersTracker.c.o
[5/543] Building C object ps2xRecomp/CMakeFiles/rabbitizer.dir/__/_deps/rabbitizer-src/src/common/RabbitizerVersion.c.o
[6/543] Building C object ps2xRecomp/CMakeFiles/rabbitizer.dir/__/_deps/rabbitizer-src/src/common/RabbitizerConfig.c.o
[7/543] Building C object ps2xRecomp/CMakeFiles/rabbitizer.dir/__/_deps/rabbitizer-src/src/instructions/RabbitizerInstrCategory.c.o
[8/543] Building C object ps2xRecomp/CMakeFiles/rabbitizer.dir/__/_deps/rabbitizer-src/src/common/Utils.c.o
[9/543] Building C object ps2xRecomp/CMakeFiles/rabbitizer.dir/__/_deps/rabbitizer-src/src/instructions/RabbitizerInstrId.c.o
[10/543] Building C object ps2xRecomp/CMakeFiles/rabbitizer.dir/__/_deps/rabbitizer-src/src/instructions/RabbitizerInstrDescriptor.c.o
[11/543] Building C object ps2xRecomp/CMakeFiles/rabbitizer.dir/__/_deps/rabbitizer-src/src/instructions/RabbitizerInstrIdType.c.o
[12/543] Building C object ps2xRecomp/CMakeFiles/rabbitizer.dir/__/_deps/rabbitizer-src/src/instructions/RabbitizerInstrSuffix.c.o
[13/543] Building C object ps2xRecomp/CMakeFiles/rabbitizer.dir/__/_deps/rabbitizer-src/src/instructions/RabbitizerInstruction/RabbitizerInstruction.c.o
[14/543] Building C object ps2xRecomp/CMakeFiles/rabbitizer.dir/__/_deps/rabbitizer-src/src/instructions/RabbitizerInstruction/RabbitizerInstruction_Disassemble.c.o
[15/543] Building C object ps2xRecomp/CMakeFiles/rabbitizer.dir/__/_deps/rabbitizer-src/src/instructions/RabbitizerInstruction/RabbitizerInstruction_Examination.c.o
[16/543] Building C object ps2xRecomp/CMakeFiles/rabbitizer.dir/__/_deps/rabbitizer-src/src/instructions/RabbitizerInstruction/RabbitizerInstruction_Operand.c.o
[17/543] Building C object ps2xRecomp/CMakeFiles/rabbitizer.dir/__/_deps/rabbitizer-src/src/instructions/RabbitizerInstruction/RabbitizerInstruction_ProcessUniqueId.c.o
[18/543] Building C object ps2xRecomp/CMakeFiles/rabbitizer.dir/__/_deps/rabbitizer-src/src/instructions/RabbitizerInstructionCpu/RabbitizerInstructionCpu_OperandType.c.o
[19/543] Building C object ps2xRecomp/CMakeFiles/rabbitizer.dir/__/_deps/rabbitizer-src/src/instructions/RabbitizerInstructionR3000GTE/RabbitizerInstructionR3000GTE.c.o
[20/543] Building C object ps2xRecomp/CMakeFiles/rabbitizer.dir/__/_deps/rabbitizer-src/src/instructions/RabbitizerInstructionR3000GTE/RabbitizerInstructionR3000GTE_OperandType.c.o
[21/543] Building C object ps2xRecomp/CMakeFiles/rabbitizer.dir/__/_deps/rabbitizer-src/src/instructions/RabbitizerInstructionR3000GTE/RabbitizerInstructionR3000GTE_ProcessUniqueId.c.o
[22/543] Building C object ps2xRecomp/CMakeFiles/rabbitizer.dir/__/_deps/rabbitizer-src/src/instructions/RabbitizerInstructionR4000Allegrex/RabbitizerInstructionR4000Allegrex.c.o
[23/543] Building C object ps2xRecomp/CMakeFiles/rabbitizer.dir/__/_deps/rabbitizer-src/src/instructions/RabbitizerInstructionR4000Allegrex/RabbitizerInstructionR4000Allegrex_OperandType.c.o
[24/543] Building C object ps2xRecomp/CMakeFiles/rabbitizer.dir/__/_deps/rabbitizer-src/src/instructions/RabbitizerInstructionR4000Allegrex/RabbitizerInstructionR4000Allegrex_ProcessUniqueId.c.o
[25/543] Building C object ps2xRecomp/CMakeFiles/rabbitizer.dir/__/_deps/rabbitizer-src/src/instructions/RabbitizerInstructionR5900/RabbitizerInstructionR5900.c.o
[26/543] Building C object ps2xRecomp/CMakeFiles/rabbitizer.dir/__/_deps/rabbitizer-src/src/instructions/RabbitizerInstructionR5900/RabbitizerInstructionR5900_OperandType.c.o
[27/543] Building C object ps2xRecomp/CMakeFiles/rabbitizer.dir/__/_deps/rabbitizer-src/src/instructions/RabbitizerInstructionR5900/RabbitizerInstructionR5900_ProcessUniqueId.c.o
[28/543] Building C object ps2xRecomp/CMakeFiles/rabbitizer.dir/__/_deps/rabbitizer-src/src/instructions/RabbitizerInstructionRsp/RabbitizerInstructionRsp.c.o
[29/543] Building C object ps2xRecomp/CMakeFiles/rabbitizer.dir/__/_deps/rabbitizer-src/src/instructions/RabbitizerInstructionRsp/RabbitizerInstructionRsp_OperandType.c.o
[30/543] Building C object ps2xRecomp/CMakeFiles/rabbitizer.dir/__/_deps/rabbitizer-src/src/instructions/RabbitizerInstructionRsp/RabbitizerInstructionRsp_ProcessUniqueId.c.o
[31/543] Building C object ps2xRecomp/CMakeFiles/rabbitizer.dir/__/_deps/rabbitizer-src/src/instructions/RabbitizerRegister.c.o
[32/543] Building C object ps2xRecomp/CMakeFiles/rabbitizer.dir/__/_deps/rabbitizer-src/src/instructions/RabbitizerRegisterDescriptor.c.o
[33/543] Building CXX object _deps/fmt-build/CMakeFiles/fmt.dir/src/os.cc.o
[34/543] Building C object _deps/libdwarf-build/src/lib/libdwarf/CMakeFiles/dwarf.dir/dwarf_abbrev.c.o
[35/543] Building C object _deps/libdwarf-build/src/lib/libdwarf/CMakeFiles/dwarf.dir/dwarf_alloc.c.o
[36/543] Building C object _deps/libdwarf-build/src/lib/libdwarf/CMakeFiles/dwarf.dir/dwarf_crc.c.o
[37/543] Building C object _deps/libdwarf-build/src/lib/libdwarf/CMakeFiles/dwarf.dir/dwarf_crc32.c.o
[38/543] Building C object _deps/libdwarf-build/src/lib/libdwarf/CMakeFiles/dwarf.dir/dwarf_arange.c.o
[39/543] Building C object _deps/libdwarf-build/src/lib/libdwarf/CMakeFiles/dwarf.dir/dwarf_debug_sup.c.o
[40/543] Building C object _deps/libdwarf-build/src/lib/libdwarf/CMakeFiles/dwarf.dir/dwarf_debugaddr.c.o
[41/543] Building C object _deps/libdwarf-build/src/lib/libdwarf/CMakeFiles/dwarf.dir/dwarf_debuglink.c.o
[42/543] Building C object _deps/libdwarf-build/src/lib/libdwarf/CMakeFiles/dwarf.dir/dwarf_die_deliv.c.o
[43/543] Building CXX object _deps/fmt-build/CMakeFiles/fmt.dir/src/format.cc.o
In file included from /tmp/e17-map-link/runtime/_deps/fmt-src/src/format.cc:8:
In file included from /tmp/e17-map-link/runtime/_deps/fmt-src/include/fmt/format-inl.h:23:
In file included from /tmp/e17-map-link/runtime/_deps/fmt-src/include/fmt/format.h:41:
/tmp/e17-map-link/runtime/_deps/fmt-src/include/fmt/base.h:930:5: warning: ignoring return value of function declared with 'nodiscard' attribute [-Wunused-result]
  930 |     isalpha('x', loc);
      |     ^~~~~~~~~~~~~~~~~
/tmp/e17-map-link/runtime/_deps/fmt-src/src/format.cc:13:30: note: in instantiation of function template specialization 'fmt::locale_ref::locale_ref<std::locale, 0>' requested here
   13 | template FMT_API locale_ref::locale_ref(const std::locale& loc);  // DEPRECATED!
      |                              ^
1 warning generated.
[44/543] Building C object _deps/libdwarf-build/src/lib/libdwarf/CMakeFiles/dwarf.dir/dwarf_debugnames.c.o
[45/543] Building C object _deps/libdwarf-build/src/lib/libdwarf/CMakeFiles/dwarf.dir/dwarf_dsc.c.o
[46/543] Building C object _deps/libdwarf-build/src/lib/libdwarf/CMakeFiles/dwarf.dir/dwarf_elfread.c.o
[47/543] Building C object _deps/libdwarf-build/src/lib/libdwarf/CMakeFiles/dwarf.dir/dwarf_elf_load_headers.c.o
[48/543] Building C object _deps/libdwarf-build/src/lib/libdwarf/CMakeFiles/dwarf.dir/dwarf_elf_rel_detector.c.o
[49/543] Building C object _deps/libdwarf-build/src/lib/libdwarf/CMakeFiles/dwarf.dir/dwarf_error.c.o
[50/543] Building C object _deps/libdwarf-build/src/lib/libdwarf/CMakeFiles/dwarf.dir/dwarf_fill_in_attr_form.c.o
[51/543] Building C object _deps/libdwarf-build/src/lib/libdwarf/CMakeFiles/dwarf.dir/dwarf_find_sigref.c.o
[52/543] Building C object _deps/libdwarf-build/src/lib/libdwarf/CMakeFiles/dwarf.dir/dwarf_fission_to_cu.c.o
[53/543] Building C object _deps/libdwarf-build/src/lib/libdwarf/CMakeFiles/dwarf.dir/dwarf_form_class_names.c.o
[54/543] Building C object _deps/libdwarf-build/src/lib/libdwarf/CMakeFiles/dwarf.dir/dwarf_form.c.o
[55/543] Building C object _deps/libdwarf-build/src/lib/libdwarf/CMakeFiles/dwarf.dir/dwarf_frame2.c.o
[56/543] Building C object _deps/libdwarf-build/src/lib/libdwarf/CMakeFiles/dwarf.dir/dwarf_frame.c.o
[57/543] Building C object _deps/libdwarf-build/src/lib/libdwarf/CMakeFiles/dwarf.dir/dwarf_gdbindex.c.o
[58/543] Building C object _deps/libdwarf-build/src/lib/libdwarf/CMakeFiles/dwarf.dir/dwarf_global.c.o
[59/543] Building C object _deps/libdwarf-build/src/lib/libdwarf/CMakeFiles/dwarf.dir/dwarf_gnu_index.c.o
[60/543] Building C object _deps/libdwarf-build/src/lib/libdwarf/CMakeFiles/dwarf.dir/dwarf_groups.c.o
[61/543] Building C object _deps/libdwarf-build/src/lib/libdwarf/CMakeFiles/dwarf.dir/dwarf_harmless.c.o
[62/543] Building C object _deps/libdwarf-build/src/lib/libdwarf/CMakeFiles/dwarf.dir/dwarf_generic_init.c.o
[63/543] Building C object _deps/libdwarf-build/src/lib/libdwarf/CMakeFiles/dwarf.dir/dwarf_leb.c.o
[64/543] Building C object _deps/libdwarf-build/src/lib/libdwarf/CMakeFiles/dwarf.dir/dwarf_init_finish.c.o
[65/543] Building C object _deps/libdwarf-build/src/lib/libdwarf/CMakeFiles/dwarf.dir/dwarf_loc.c.o
[66/543] Building C object _deps/libdwarf-build/src/lib/libdwarf/CMakeFiles/dwarf.dir/dwarf_line.c.o
[67/543] Building C object _deps/libdwarf-build/src/lib/libdwarf/CMakeFiles/dwarf.dir/dwarf_loclists.c.o
[68/543] Building C object _deps/libdwarf-build/src/lib/libdwarf/CMakeFiles/dwarf.dir/dwarf_local_malloc.c.o
[69/543] Building C object _deps/libdwarf-build/src/lib/libdwarf/CMakeFiles/dwarf.dir/dwarf_locationop_read.c.o
[70/543] Building C object _deps/libdwarf-build/src/lib/libdwarf/CMakeFiles/dwarf.dir/dwarf_lvn_name.c.o
[71/543] Building C object _deps/libdwarf-build/src/lib/libdwarf/CMakeFiles/dwarf.dir/dwarf_machoread.c.o
[72/543] Building C object _deps/libdwarf-build/src/lib/libdwarf/CMakeFiles/dwarf.dir/dwarf_64machoread.c.o
[73/543] Building C object _deps/libdwarf-build/src/lib/libdwarf/CMakeFiles/dwarf.dir/dwarf_macro.c.o
[74/543] Building C object _deps/libdwarf-build/src/lib/libdwarf/CMakeFiles/dwarf.dir/dwarf_macro5.c.o
[75/543] Building C object _deps/libdwarf-build/src/lib/libdwarf/CMakeFiles/dwarf.dir/dwarf_memcpy_swap.c.o
[76/543] Building C object _deps/libdwarf-build/src/lib/libdwarf/CMakeFiles/dwarf.dir/dwarf_object_read_common.c.o
[77/543] Building C object _deps/libdwarf-build/src/lib/libdwarf/CMakeFiles/dwarf.dir/dwarf_names.c.o
[78/543] Building C object _deps/libdwarf-build/src/lib/libdwarf/CMakeFiles/dwarf.dir/dwarf_object_detector.c.o
[79/543] Building C object _deps/libdwarf-build/src/lib/libdwarf/CMakeFiles/dwarf.dir/dwarf_peread.c.o
[80/543] Building C object _deps/libdwarf-build/src/lib/libdwarf/CMakeFiles/dwarf.dir/dwarf_ranges.c.o
[81/543] Building C object _deps/libdwarf-build/src/lib/libdwarf/CMakeFiles/dwarf.dir/dwarf_query.c.o
[82/543] Building C object _deps/libdwarf-build/src/lib/libdwarf/CMakeFiles/dwarf.dir/dwarf_safe_arithmetic.c.o
[83/543] Building C object _deps/libdwarf-build/src/lib/libdwarf/CMakeFiles/dwarf.dir/dwarf_rnglists.c.o
[84/543] Building C object _deps/libdwarf-build/src/lib/libdwarf/CMakeFiles/dwarf.dir/dwarf_safe_strcpy.c.o
[85/543] Building C object _deps/libdwarf-build/src/lib/libdwarf/CMakeFiles/dwarf.dir/dwarf_secname_ck.c.o
[86/543] Building C object _deps/libdwarf-build/src/lib/libdwarf/CMakeFiles/dwarf.dir/dwarf_seekr.c.o
[87/543] Building C object _deps/libdwarf-build/src/lib/libdwarf/CMakeFiles/dwarf.dir/dwarf_setup_sections.c.o
[88/543] Building C object _deps/libdwarf-build/src/lib/libdwarf/CMakeFiles/dwarf.dir/dwarf_stringsection.c.o
[89/543] Building C object _deps/libdwarf-build/src/lib/libdwarf/CMakeFiles/dwarf.dir/dwarf_string.c.o
[90/543] Building C object _deps/libdwarf-build/src/lib/libdwarf/CMakeFiles/dwarf.dir/dwarf_tied.c.o
[91/543] Building C object _deps/libdwarf-build/src/lib/libdwarf/CMakeFiles/dwarf.dir/dwarf_str_offsets.c.o
[92/543] Building C object _deps/libdwarf-build/src/lib/libdwarf/CMakeFiles/dwarf.dir/dwarf_tsearchhash.c.o
[93/543] Building C object _deps/libdwarf-build/src/lib/libdwarf/CMakeFiles/dwarf.dir/dwarf_util.c.o
[94/543] Building C object _deps/libdwarf-build/src/lib/libdwarf/CMakeFiles/dwarf.dir/dwarf_xu_index.c.o
[95/543] Linking C static library ps2xRecomp/librabbitizer.a
[96/543] Building C object _deps/libdwarf-build/src/lib/libdwarf/CMakeFiles/dwarf.dir/dwarf_print_lines.c.o
[97/543] Building CXX object ps2xRecomp/CMakeFiles/ps2_recomp_lib.dir/src/lib/code_generator.cpp.o
[98/543] Building CXX object ps2xRecomp/CMakeFiles/ps2_recomp_lib.dir/src/lib/control_flow_analyzer.cpp.o
[99/543] Building CXX object ps2xRecomp/CMakeFiles/ps2_recomp_lib.dir/src/lib/control_flow_emitter.cpp.o
[100/543] Building CXX object ps2xRecomp/CMakeFiles/ps2_recomp_lib.dir/src/lib/cop0_translator.cpp.o
[101/543] Building CXX object ps2xRecomp/CMakeFiles/ps2_recomp_lib.dir/src/lib/config_manager.cpp.o
In file included from /Volumes/Extreme SSD/ps2recomp-spike/PS2Recomp/ps2xRecomp/src/lib/config_manager.cpp:3:
In file included from /tmp/e17-map-link/runtime/_deps/toml11-src/include/toml.hpp:40:
In file included from /tmp/e17-map-link/runtime/_deps/toml11-src/include/toml11/literal.hpp:4:
/tmp/e17-map-link/runtime/_deps/toml11-src/include/toml11/fwd/literal_fwd.hpp:22:26: warning: identifier '_toml' preceded by whitespace in a literal operator declaration is deprecated [-Wdeprecated-literal-operator]
   22 | ::toml::value operator"" _toml(const char* str, std::size_t len);
      |               ~~~~~~~~~~~^~~~~
      |               operator""_toml
/tmp/e17-map-link/runtime/_deps/toml11-src/include/toml11/fwd/literal_fwd.hpp:27:26: warning: identifier '_toml' preceded by whitespace in a literal operator declaration is deprecated [-Wdeprecated-literal-operator]
   27 | ::toml::value operator"" _toml(const char8_t* str, std::size_t len);
      |               ~~~~~~~~~~~^~~~~
      |               operator""_toml
In file included from /Volumes/Extreme SSD/ps2recomp-spike/PS2Recomp/ps2xRecomp/src/lib/config_manager.cpp:3:
In file included from /tmp/e17-map-link/runtime/_deps/toml11-src/include/toml.hpp:40:
In file included from /tmp/e17-map-link/runtime/_deps/toml11-src/include/toml11/literal.hpp:7:
/tmp/e17-map-link/runtime/_deps/toml11-src/include/toml11/impl/literal_impl.hpp:118:12: warning: identifier '_toml' preceded by whitespace in a literal operator declaration is deprecated [-Wdeprecated-literal-operator]
  118 | operator"" _toml(const char* str, std::size_t len)
      | ~~~~~~~~~~~^~~~~
      | operator""_toml
/tmp/e17-map-link/runtime/_deps/toml11-src/include/toml11/impl/literal_impl.hpp:149:12: warning: identifier '_toml' preceded by whitespace in a literal operator declaration is deprecated [-Wdeprecated-literal-operator]
  149 | operator"" _toml(const char8_t* str, std::size_t len)
      | ~~~~~~~~~~~^~~~~
      | operator""_toml
4 warnings generated.
[102/543] Building CXX object ps2xRecomp/CMakeFiles/ps2_recomp_lib.dir/src/lib/fpu_translator.cpp.o
[103/543] Building CXX object ps2xRecomp/CMakeFiles/ps2_recomp_lib.dir/src/lib/function_emitter.cpp.o
[104/543] Building CXX object ps2xRecomp/CMakeFiles/ps2_recomp_lib.dir/src/lib/elf_parser.cpp.o
[105/543] Building CXX object ps2xRecomp/CMakeFiles/ps2_recomp_lib.dir/src/lib/gif_dma_kick_analyzer.cpp.o
[106/543] Building CXX object ps2xRecomp/CMakeFiles/ps2_recomp_lib.dir/src/lib/function_table_emitter.cpp.o
[107/543] Building CXX object ps2xRecomp/CMakeFiles/ps2_recomp_lib.dir/src/lib/jump_table_switch_emitter.cpp.o
[108/543] Building CXX object ps2xRecomp/CMakeFiles/ps2_recomp_lib.dir/src/lib/instruction_translator.cpp.o
[109/543] Building CXX object ps2xRecomp/CMakeFiles/ps2_recomp_lib.dir/src/lib/mmi_translation_helpers.cpp.o
[110/543] Building CXX object ps2xRecomp/CMakeFiles/ps2_recomp_lib.dir/src/lib/mmi_translator.cpp.o
[111/543] Building CXX object ps2xRecomp/CMakeFiles/ps2_recomp_lib.dir/src/lib/r5900_decoder.cpp.o
[112/543] Building CXX object ps2xRecomp/CMakeFiles/ps2_recomp_lib.dir/src/lib/recompiler_reporter.cpp.o
[113/543] Building CXX object ps2xRecomp/CMakeFiles/ps2_recomp_lib.dir/src/lib/regimm_translator.cpp.o
[114/543] Building CXX object ps2xRecomp/CMakeFiles/ps2_recomp_lib.dir/src/lib/special_translator.cpp.o
[115/543] Building CXX object ps2xRecomp/CMakeFiles/ps2_recomp_lib.dir/src/lib/ps2_recompiler.cpp.o
[116/543] Building CXX object ps2xRecomp/CMakeFiles/ps2_recomp_lib.dir/src/lib/vu_translation_helpers.cpp.o
[117/543] Linking CXX static library _deps/fmt-build/libfmt.a
[118/543] Building CXX object ps2xRecomp/CMakeFiles/ps2_recomp_lib.dir/src/lib/vu_translator.cpp.o
[119/543] Linking C static library _deps/libdwarf-build/src/lib/libdwarf/libdwarf.a
[120/543] Building CXX object ps2xIOP/CMakeFiles/ps2_iop.dir/src/builtin_profiles.cpp.o
[121/543] Building CXX object ps2xIOP/CMakeFiles/ps2_iop.dir/src/iop_subsystem.cpp.o
[122/543] Building CXX object ps2xIOP/CMakeFiles/ps2_iop.dir/src/plugin_loader.cpp.o
[123/543] Building CXX object ps2xIOP/CMakeFiles/ps2_iop.dir/src/modules/dbcman.cpp.o
[124/543] Building CXX object ps2xIOP/CMakeFiles/ps2_iop.dir/src/modules/libsd.cpp.o
[125/543] Building CXX object ps2xIOP/CMakeFiles/ps2_iop.dir/src/modules/mcserv.cpp.o
[126/543] Building CXX object ps2xIOP/CMakeFiles/ps2_iop.dir/src/modules/tsnddrv.cpp.o
[127/543] Building CXX object ps2xIOP/CMakeFiles/ps2_iop.dir/src/modules/clfile.cpp.o
[128/543] Building CXX object ps2xIOP/CMakeFiles/ps2_iop.dir/src/modules/cri_dtx.cpp.o
[129/543] Building CXX object ps2xIOP/CMakeFiles/ps2_iop.dir/src/modules/sound_update_stub.cpp.o
[130/543] Building CXX object ps2xIOP/CMakeFiles/ps2_iop.dir/src/modules/sdrdrv.cpp.o
[131/543] Building C object _deps/raylib-build/raylib/CMakeFiles/raylib.dir/rcore.c.o
[132/543] Building C object _deps/raylib-build/raylib/CMakeFiles/raylib.dir/raudio.c.o
In file included from /tmp/e17-map-link/runtime/_deps/raylib-src/src/raudio.c:180:
In file included from /tmp/e17-map-link/runtime/_deps/raylib-src/src/external/miniaudio.h:31814:
In file included from /Applications/Xcode.app/Contents/Developer/Platforms/MacOSX.platform/Developer/SDKs/MacOSX.sdk/System/Library/Frameworks/AudioToolbox.framework/Headers/AudioToolbox.h:43:
In file included from /Applications/Xcode.app/Contents/Developer/Platforms/MacOSX.platform/Developer/SDKs/MacOSX.sdk/System/Library/Frameworks/AudioToolbox.framework/Headers/MusicPlayer.h:44:
/Applications/Xcode.app/Contents/Developer/Platforms/MacOSX.platform/Developer/SDKs/MacOSX.sdk/System/Library/Frameworks/CoreMIDI.framework/Headers/MIDIServices.h:311:32: warning: redefinition of typedef 'MIDIEventList' is a C11 feature [-Wtypedef-redefinition]
  311 | typedef struct MIDIEventList                    MIDIEventList;                  // Universal MIDI Packet
      |                                                 ^
/Applications/Xcode.app/Contents/Developer/Platforms/MacOSX.platform/Developer/SDKs/MacOSX.sdk/System/Library/Frameworks/AudioToolbox.framework/Headers/MusicDevice.h:178:30: note: previous definition is here
  178 | typedef struct MIDIEventList MIDIEventList;
      |                              ^
In file included from /tmp/e17-map-link/runtime/_deps/raylib-src/src/raudio.c:180:
In file included from /tmp/e17-map-link/runtime/_deps/raylib-src/src/external/miniaudio.h:31814:
In file included from /Applications/Xcode.app/Contents/Developer/Platforms/MacOSX.platform/Developer/SDKs/MacOSX.sdk/System/Library/Frameworks/AudioToolbox.framework/Headers/AudioToolbox.h:43:
In file included from /Applications/Xcode.app/Contents/Developer/Platforms/MacOSX.platform/Developer/SDKs/MacOSX.sdk/System/Library/Frameworks/AudioToolbox.framework/Headers/MusicPlayer.h:44:
/Applications/Xcode.app/Contents/Developer/Platforms/MacOSX.platform/Developer/SDKs/MacOSX.sdk/System/Library/Frameworks/CoreMIDI.framework/Headers/MIDIServices.h:528:30: warning: redefinition of typedef 'MIDIEventList' is a C11 feature [-Wtypedef-redefinition]
  528 | typedef struct MIDIEventList MIDIEventList;
      |                              ^
/Applications/Xcode.app/Contents/Developer/Platforms/MacOSX.platform/Developer/SDKs/MacOSX.sdk/System/Library/Frameworks/CoreMIDI.framework/Headers/MIDIServices.h:311:32: note: previous definition is here
  311 | typedef struct MIDIEventList                    MIDIEventList;                  // Universal MIDI Packet
      |                                                 ^
/Applications/Xcode.app/Contents/Developer/Platforms/MacOSX.platform/Developer/SDKs/MacOSX.sdk/System/Library/Frameworks/CoreMIDI.framework/Headers/MIDIServices.h:1034:146: warning: unknown platform 'bridgeos' in availability macro [-Wavailability]
 1034 | extern const CFStringRef        kMIDIPropertyFactoryPatchNameFile               API_DEPRECATED_WITH_REPLACEMENT("kMIDIPropertyNameConfiguration", macos(10.1, 10.2)) MIDI_API_UNAVAILABLE_NON_MACOS;
      |                                                                                                                                                                      ^
/Applications/Xcode.app/Contents/Developer/Platforms/MacOSX.platform/Developer/SDKs/MacOSX.sdk/System/Library/Frameworks/CoreMIDI.framework/Headers/MIDIServices.h:79:20: note: expanded from macro 'MIDI_API_UNAVAILABLE_NON_MACOS'
   79 |         __OS_AVAILABILITY(bridgeos, unavailable) \
      |                           ^
/Applications/Xcode.app/Contents/Developer/Platforms/MacOSX.platform/Developer/SDKs/MacOSX.sdk/System/Library/Frameworks/CoreMIDI.framework/Headers/MIDIServices.h:1047:144: warning: unknown platform 'bridgeos' in availability macro [-Wavailability]
 1047 | extern const CFStringRef        kMIDIPropertyUserPatchNameFile                  API_DEPRECATED_WITH_REPLACEMENT("kMIDIPropertyNameConfiguration", macos(10.1, 10.2)) MIDI_API_UNAVAILABLE_NON_MACOS;
      |                                                                                                                                                                      ^
/Applications/Xcode.app/Contents/Developer/Platforms/MacOSX.platform/Developer/SDKs/MacOSX.sdk/System/Library/Frameworks/CoreMIDI.framework/Headers/MIDIServices.h:79:20: note: expanded from macro 'MIDI_API_UNAVAILABLE_NON_MACOS'
   79 |         __OS_AVAILABILITY(bridgeos, unavailable) \
      |                           ^
In file included from /tmp/e17-map-link/runtime/_deps/raylib-src/src/raudio.c:218:
/tmp/e17-map-link/runtime/_deps/raylib-src/src/external/stb_vorbis.c:1404:75: warning: pointer comparison always evaluates to false [-Wtautological-compare]
 1404 |       if (f->stream_start + loc >= f->stream_end || f->stream_start + loc < f->stream_start) {
      |                                                                           ^
5 warnings generated.
[133/543] Building C object _deps/raylib-build/raylib/CMakeFiles/raylib.dir/rshapes.c.o
[134/543] Building C object _deps/raylib-build/raylib/CMakeFiles/raylib.dir/rmodels.c.o
[135/543] Building C object _deps/raylib-build/raylib/CMakeFiles/raylib.dir/rtext.c.o
[136/543] Building C object _deps/raylib-build/raylib/CMakeFiles/raylib.dir/utils.c.o
[137/543] Building C object _deps/raylib-build/raylib/external/glfw/src/CMakeFiles/glfw.dir/context.c.o
[138/543] Building C object _deps/raylib-build/raylib/external/glfw/src/CMakeFiles/glfw.dir/init.c.o
[139/543] Building C object _deps/raylib-build/raylib/external/glfw/src/CMakeFiles/glfw.dir/input.c.o
[140/543] Building C object _deps/raylib-build/raylib/external/glfw/src/CMakeFiles/glfw.dir/monitor.c.o
[141/543] Building C object _deps/raylib-build/raylib/external/glfw/src/CMakeFiles/glfw.dir/platform.c.o
[142/543] Building C object _deps/raylib-build/raylib/external/glfw/src/CMakeFiles/glfw.dir/vulkan.c.o
[143/543] Building C object _deps/raylib-build/raylib/external/glfw/src/CMakeFiles/glfw.dir/window.c.o
[144/543] Building C object _deps/raylib-build/raylib/CMakeFiles/raylib.dir/rtextures.c.o
[145/543] Building C object _deps/raylib-build/raylib/external/glfw/src/CMakeFiles/glfw.dir/egl_context.c.o
[146/543] Building C object _deps/raylib-build/raylib/external/glfw/src/CMakeFiles/glfw.dir/osmesa_context.c.o
[147/543] Building C object _deps/raylib-build/raylib/external/glfw/src/CMakeFiles/glfw.dir/null_init.c.o
[148/543] Building C object _deps/raylib-build/raylib/external/glfw/src/CMakeFiles/glfw.dir/null_monitor.c.o
[149/543] Building C object _deps/raylib-build/raylib/external/glfw/src/CMakeFiles/glfw.dir/null_window.c.o
[150/543] Building C object _deps/raylib-build/raylib/external/glfw/src/CMakeFiles/glfw.dir/null_joystick.c.o
[151/543] Building C object _deps/raylib-build/raylib/external/glfw/src/CMakeFiles/glfw.dir/cocoa_time.c.o
[152/543] Building C object _deps/raylib-build/raylib/external/glfw/src/CMakeFiles/glfw.dir/posix_module.c.o
[153/543] Building C object _deps/raylib-build/raylib/external/glfw/src/CMakeFiles/glfw.dir/posix_thread.c.o
[154/543] Building C object _deps/raylib-build/raylib/external/glfw/src/CMakeFiles/glfw.dir/cocoa_init.m.o
[155/543] Building C object _deps/raylib-build/raylib/external/glfw/src/CMakeFiles/glfw.dir/cocoa_joystick.m.o
[156/543] Building C object _deps/raylib-build/raylib/external/glfw/src/CMakeFiles/glfw.dir/cocoa_monitor.m.o
[157/543] Building C object _deps/raylib-build/raylib/external/glfw/src/CMakeFiles/glfw.dir/cocoa_window.m.o
[158/543] Linking CXX static library ps2xRecomp/libps2_recomp_lib.a
[159/543] Linking CXX static library ps2xIOP/libps2_iop.a
[160/543] Building C object _deps/raylib-build/raylib/external/glfw/src/CMakeFiles/glfw.dir/nsgl_context.m.o
[161/543] Building CXX object ps2xRuntime/CMakeFiles/imgui.dir/__/_deps/imgui-src/imgui_draw.cpp.o
[162/543] Building CXX object ps2xRuntime/CMakeFiles/imgui.dir/__/_deps/imgui-src/imgui_tables.cpp.o
[163/543] Building CXX object ps2xRuntime/CMakeFiles/imgui.dir/__/_deps/imgui-src/imgui.cpp.o
[164/543] Building CXX object ps2xRuntime/CMakeFiles/imgui.dir/__/_deps/imgui-src/imgui_demo.cpp.o
[165/543] Building CXX object ps2xRuntime/CMakeFiles/imgui.dir/__/_deps/imgui-src/imgui_widgets.cpp.o
[166/543] Building CXX object ps2xRuntime/CMakeFiles/ps2_runtime.dir/src/lib/gs/ps2_gif_arbiter.cpp.o
[167/543] Building CXX object ps2xRuntime/CMakeFiles/ps2_runtime.dir/src/lib/ps2_audio.cpp.o
[168/543] Building CXX object ps2xRuntime/CMakeFiles/ps2_runtime.dir/src/lib/game_overrides.cpp.o
[169/543] Building CXX object ps2xRuntime/CMakeFiles/ps2_runtime.dir/src/lib/gs/ps2_gs_memory.cpp.o
In file included from /Volumes/Extreme SSD/ps2recomp-spike/PS2Recomp/ps2xRuntime/src/lib/gs/ps2_gs_memory.cpp:3:
/Volumes/Extreme SSD/ps2recomp-spike/PS2Recomp/ps2xRuntime/include/runtime/gs/ps2_gs_memory.h:67:11: warning: enumeration value 'Max' not handled in switch [-Wswitch]
   67 |                 switch (psm)
      |                         ^~~
/Volumes/Extreme SSD/ps2recomp-spike/PS2Recomp/ps2xRuntime/include/runtime/gs/ps2_gs_memory.h:91:11: warning: enumeration value 'Max' not handled in switch [-Wswitch]
   91 |                 switch (psm)
      |                         ^~~
/Volumes/Extreme SSD/ps2recomp-spike/PS2Recomp/ps2xRuntime/include/runtime/gs/ps2_gs_memory.h:168:11: warning: 9 enumeration values not handled in switch: 'C32', 'C24', 'C16'... [-Wswitch]
  168 |                 switch (psm)
      |                         ^~~
/Volumes/Extreme SSD/ps2recomp-spike/PS2Recomp/ps2xRuntime/include/runtime/gs/ps2_gs_memory.h:325:11: warning: no case matching constant switch condition '49'
  325 |                 switch (psm)
      |                         ^~~
/Volumes/Extreme SSD/ps2recomp-spike/PS2Recomp/ps2xRuntime/include/runtime/gs/ps2_gs_memory.h:236:47: note: in instantiation of member function 'GSMem::PixelStorageTraits<GSMem::PixelStorageMode::Z24>::ColumnExtent' requested here
  236 |                 using ColumnLookupTableT = LookupTable<u16, ColumnExtent().x, ColumnExtent().y>;
      |                                                             ^
/Volumes/Extreme SSD/ps2recomp-spike/PS2Recomp/ps2xRuntime/src/lib/gs/ps2_gs_memory.cpp:240:9: note: in instantiation of template class 'GSMem::PixelStorageTraits<GSMem::PixelStorageMode::Z24>' requested here
  240 |         PixelStorageTraits<Z24>::Write(PageTableZ32, data, bp, bw, x, y, value);
      |         ^
4 warnings generated.
[170/543] Building CXX object ps2xRuntime/CMakeFiles/ps2_runtime.dir/src/lib/ps2_audio_vag.cpp.o
[171/543] Building CXX object ps2xRuntime/CMakeFiles/ps2_runtime.dir/src/lib/gs/gs_cpu_backend.cpp.o
In file included from /Volumes/Extreme SSD/ps2recomp-spike/PS2Recomp/ps2xRuntime/src/lib/gs/gs_cpu_backend.cpp:7:
/Volumes/Extreme SSD/ps2recomp-spike/PS2Recomp/ps2xRuntime/include/runtime/gs/ps2_gs_memory.h:67:11: warning: enumeration value 'Max' not handled in switch [-Wswitch]
   67 |                 switch (psm)
      |                         ^~~
/Volumes/Extreme SSD/ps2recomp-spike/PS2Recomp/ps2xRuntime/include/runtime/gs/ps2_gs_memory.h:91:11: warning: enumeration value 'Max' not handled in switch [-Wswitch]
   91 |                 switch (psm)
      |                         ^~~
/Volumes/Extreme SSD/ps2recomp-spike/PS2Recomp/ps2xRuntime/include/runtime/gs/ps2_gs_memory.h:168:11: warning: 9 enumeration values not handled in switch: 'C32', 'C24', 'C16'... [-Wswitch]
  168 |                 switch (psm)
      |                         ^~~
3 warnings generated.
[172/543] Building CXX object ps2xRuntime/CMakeFiles/ps2_runtime.dir/src/lib/gs/gs_frontend.cpp.o
[173/543] Building CXX object ps2xRuntime/CMakeFiles/ps2_runtime.dir/src/lib/ps2_iop_host.cpp.o
[174/543] Building CXX object ps2xRuntime/CMakeFiles/ps2_runtime.dir/src/lib/ps2_pad.cpp.o
[175/543] Building CXX object ps2xRuntime/CMakeFiles/ps2_runtime.dir/src/lib/ps2_memory.cpp.o
[176/543] Building CXX object ps2xRuntime/CMakeFiles/ps2_runtime.dir/src/lib/ps2_vif1_interpreter.cpp.o
[177/543] Building CXX object ps2xRuntime/CMakeFiles/ps2_runtime.dir/src/lib/vu/ps2_vu1_core.cpp.o
[178/543] Building CXX object ps2xRuntime/CMakeFiles/ps2_runtime.dir/src/lib/vu/ps2_vu1_upper.cpp.o
[179/543] Building CXX object ps2xRuntime/CMakeFiles/ps2_runtime.dir/src/lib/ps2_runtime.cpp.o
[180/543] Building CXX object ps2xRuntime/CMakeFiles/ps2_runtime.dir/src/lib/games_database.cpp.o
[181/543] Building CXX object ps2xRuntime/CMakeFiles/ps2_runtime.dir/src/lib/vu/ps2_vu1_lower.cpp.o
[182/543] Building CXX object ps2xRuntime/CMakeFiles/ps2_runtime.dir/src/lib/Kernel/Stubs/Audio.cpp.o
[183/543] Building CXX object ps2xRuntime/CMakeFiles/ps2_runtime.dir/src/lib/Kernel/Stubs/CD.cpp.o
[184/543] Building CXX object ps2xRuntime/CMakeFiles/ps2_runtime.dir/src/lib/Kernel/EeScheduler.cpp.o
[185/543] Building CXX object ps2xRuntime/CMakeFiles/ps2_runtime.dir/src/lib/Kernel/Stubs/Compatibility.cpp.o
[186/543] Building CXX object ps2xRuntime/CMakeFiles/ps2_runtime.dir/src/lib/Kernel/Stubs/DMA.cpp.o
[187/543] Building CXX object ps2xRuntime/CMakeFiles/ps2_runtime.dir/src/lib/Kernel/Stubs/Deci2.cpp.o
[188/543] Building CXX object ps2xRuntime/CMakeFiles/ps2_runtime.dir/src/lib/Kernel/Stubs/FileIO.cpp.o
[189/543] Building CXX object ps2xRuntime/CMakeFiles/ps2_runtime.dir/src/lib/Kernel/Stubs/Font.cpp.o
[190/543] Building CXX object ps2xRuntime/CMakeFiles/ps2_runtime.dir/src/lib/Kernel/Stubs/GS.cpp.o
[191/543] Building CXX object ps2xRuntime/CMakeFiles/ps2_runtime.dir/src/lib/Kernel/Stubs/IPU.cpp.o
[192/543] Building CXX object ps2xRuntime/CMakeFiles/ps2_runtime.dir/src/lib/Kernel/Stubs/LibC.cpp.o
[193/543] Building CXX object ps2xRuntime/CMakeFiles/ps2_runtime.dir/src/lib/Kernel/Stubs/MPEG.cpp.o
[194/543] Building CXX object ps2xRuntime/CMakeFiles/ps2_runtime.dir/src/lib/Kernel/Stubs/MemoryCard.cpp.o
[195/543] Building CXX object ps2xRuntime/CMakeFiles/ps2_runtime.dir/src/lib/Kernel/Stubs/Pad.cpp.o
[196/543] Building CXX object ps2xRuntime/CMakeFiles/ps2_runtime.dir/src/lib/Kernel/Stubs/RPC.cpp.o
[197/543] Building CXX object ps2xRuntime/CMakeFiles/ps2_runtime.dir/src/lib/Kernel/Stubs/Ssx3Movie.cpp.o
[198/543] Building CXX object ps2xRuntime/CMakeFiles/ps2_runtime.dir/src/lib/Kernel/Stubs/SIF.cpp.o
[199/543] Building CXX object ps2xRuntime/CMakeFiles/ps2_runtime.dir/src/lib/Kernel/Stubs/System.cpp.o
[200/543] Building CXX object ps2xRuntime/CMakeFiles/ps2_runtime.dir/src/lib/Kernel/Stubs/TTY.cpp.o
[201/543] Building CXX object ps2xRuntime/CMakeFiles/ps2_runtime.dir/src/lib/Kernel/Stubs/Unimplemented.cpp.o
[202/543] Building CXX object ps2xRuntime/CMakeFiles/ps2_runtime.dir/src/lib/Kernel/Stubs/VU.cpp.o
[203/543] Building CXX object ps2xRuntime/CMakeFiles/ps2_runtime.dir/src/lib/Kernel/Syscalls/Deci2.cpp.o
[204/543] Building CXX object ps2xRuntime/CMakeFiles/ps2_runtime.dir/src/lib/Kernel/Syscalls/Dispatcher.cpp.o
[205/543] Building CXX object ps2xRuntime/CMakeFiles/ps2_runtime.dir/src/lib/Kernel/Syscalls/FileIO.cpp.o
[206/543] Building CXX object ps2xRuntime/CMakeFiles/ps2_runtime.dir/src/lib/Kernel/Syscalls/Interrupt.cpp.o
[207/543] Building CXX object ps2xRuntime/CMakeFiles/ps2_runtime.dir/src/lib/Kernel/Syscalls/Ssx3CopiedPayload.cpp.o
[208/543] Building CXX object ps2xRuntime/CMakeFiles/ps2_runtime.dir/src/lib/Kernel/Syscalls/RPC.cpp.o
[209/543] Building CXX object ps2xRuntime/CMakeFiles/ps2_runtime.dir/src/lib/Kernel/Syscalls/Sync.cpp.o
[210/543] Building CXX object ps2xRuntime/CMakeFiles/ps2_runtime.dir/src/lib/Kernel/Syscalls/System.cpp.o
[211/543] Building CXX object ps2xRuntime/CMakeFiles/ps2_runtime.dir/src/lib/Kernel/Syscalls/TraceChannel.cpp.o
[212/543] Linking C static library _deps/raylib-build/raylib/libraylib.a
[213/543] Building CXX object ps2xRuntime/CMakeFiles/ps2_runtime.dir/src/lib/Kernel/Syscalls/Thread.cpp.o
[214/543] Building CXX object ps2xAnalyzer/CMakeFiles/ps2_analyzer_lib.dir/src/elf_analysis_context.cpp.o
[215/543] Building CXX object ps2xAnalyzer/CMakeFiles/ps2_analyzer_lib.dir/src/analysis_passes.cpp.o
[216/543] Building CXX object ps2xAnalyzer/CMakeFiles/ps2_analyzer_lib.dir/src/function_classifier.cpp.o
[217/543] Building CXX object ps2xAnalyzer/CMakeFiles/ps2_analyzer_lib.dir/src/elf_analyzer.cpp.o
[218/543] Building CXX object ps2xAnalyzer/CMakeFiles/ps2_analyzer_lib.dir/src/toml_generator.cpp.o
[219/543] Linking CXX static library ps2xRuntime/libimgui.a
[220/543] Building CXX object ps2xRuntime/CMakeFiles/rlImGui.dir/__/_deps/rlimgui-src/rlImGui.cpp.o
[221/543] Linking CXX static library ps2xRuntime/libps2_runtime.a
[222/543] Building CXX object ps2xAnalyzer/CMakeFiles/ps2_analyzer_lib.dir/src/sce_symbol_scanner.cpp.o
[223/543] Linking CXX static library ps2xAnalyzer/libps2_analyzer_lib.a
[224/543] Building CXX object ps2xRuntime/CMakeFiles/ps2EntryRunner.dir/cmake_pch.hxx.pch
[225/543] Building CXX object ps2xTest/CMakeFiles/ps2_test_lib.dir/src/r5900_decoder_tests.cpp.o
[226/543] Building CXX object ps2xTest/CMakeFiles/ps2_test_lib.dir/src/elf_analyzer_tests.cpp.o
[227/543] Building CXX object ps2xTest/CMakeFiles/ps2_test_lib.dir/src/pad_input_tests.cpp.o
[228/543] Building CXX object ps2xTest/CMakeFiles/ps2_test_lib.dir/src/code_generator_tests.cpp.o
[229/543] Building CXX object ps2xTest/CMakeFiles/ps2_test_lib.dir/src/ps2_runtime_io_tests.cpp.o
[230/543] Building CXX object ps2xTest/CMakeFiles/ps2_test_lib.dir/src/ps2_runtime_interrupt_tests.cpp.o
[231/543] Building CXX object ps2xTest/CMakeFiles/ps2_test_lib.dir/src/ps2_runtime_kernel_tests.cpp.o
[232/543] Building CXX object ps2xTest/CMakeFiles/ps2_test_lib.dir/src/ps2_vu1_tests.cpp.o
[233/543] Building CXX object ps2xTest/CMakeFiles/ps2_test_lib.dir/src/ps2_memory_tests.cpp.o
[234/543] Building CXX object ps2xTest/CMakeFiles/ps2_test_lib.dir/src/ps2_vu_tests.cpp.o
[235/543] Building CXX object ps2xTest/CMakeFiles/ps2_test_lib.dir/src/ps2_iop_tests.cpp.o
[236/543] Building CXX object ps2xTest/CMakeFiles/ps2_test_lib.dir/src/ps2_gs_tests.cpp.o
In file included from /Volumes/Extreme SSD/ps2recomp-spike/PS2Recomp/ps2xTest/src/ps2_gs_tests.cpp:9:
/Volumes/Extreme SSD/ps2recomp-spike/PS2Recomp/ps2xRuntime/include/runtime/gs/ps2_gs_memory.h:67:11: warning: enumeration value 'Max' not handled in switch [-Wswitch]
   67 |                 switch (psm)
      |                         ^~~
/Volumes/Extreme SSD/ps2recomp-spike/PS2Recomp/ps2xRuntime/include/runtime/gs/ps2_gs_memory.h:91:11: warning: enumeration value 'Max' not handled in switch [-Wswitch]
   91 |                 switch (psm)
      |                         ^~~
/Volumes/Extreme SSD/ps2recomp-spike/PS2Recomp/ps2xRuntime/include/runtime/gs/ps2_gs_memory.h:168:11: warning: 9 enumeration values not handled in switch: 'C32', 'C24', 'C16'... [-Wswitch]
  168 |                 switch (psm)
      |                         ^~~
3 warnings generated.
[237/543] Building CXX object ps2xTest/CMakeFiles/ps2_test_lib.dir/src/ps2_sif_rpc_tests.cpp.o
[238/543] Building CXX object ps2xTest/CMakeFiles/ps2_test_lib.dir/src/ps2_sif_dma_tests.cpp.o
[239/543] Building CXX object ps2xTest/CMakeFiles/ps2_test_lib.dir/src/ps2_recompiler_tests.cpp.o
[240/543] Linking CXX static library ps2xRuntime/librlImGui.a
[241/543] Building CXX object ps2xTest/CMakeFiles/ps2_test_lib.dir/src/ps2_runtime_expansion_tests.cpp.o
[242/543] Building CXX object ps2xRuntime/CMakeFiles/ps2EntryRunner.dir/Unity/unity_294_cxx.cxx.o
[243/543] Building CXX object ps2xRuntime/CMakeFiles/ps2EntryRunner.dir/Unity/unity_295_cxx.cxx.o
[244/543] Building CXX object ps2xRuntime/CMakeFiles/ps2EntryRunner.dir/Unity/unity_293_cxx.cxx.o
[245/543] Building CXX object ps2xRuntime/CMakeFiles/ps2EntryRunner.dir/Unity/unity_291_cxx.cxx.o
[246/543] Building CXX object ps2xRuntime/CMakeFiles/ps2EntryRunner.dir/Unity/unity_292_cxx.cxx.o
[247/543] Building CXX object ps2xRuntime/CMakeFiles/ps2EntryRunner.dir/Unity/unity_289_cxx.cxx.o
[248/543] Building CXX object ps2xRuntime/CMakeFiles/ps2EntryRunner.dir/Unity/unity_290_cxx.cxx.o
[249/543] Building CXX object ps2xRuntime/CMakeFiles/ps2EntryRunner.dir/Unity/unity_287_cxx.cxx.o
[250/543] Building CXX object ps2xRuntime/CMakeFiles/ps2EntryRunner.dir/Unity/unity_288_cxx.cxx.o
[251/543] Building CXX object ps2xRuntime/CMakeFiles/ps2EntryRunner.dir/Unity/unity_285_cxx.cxx.o
[252/543] Building CXX object ps2xRuntime/CMakeFiles/ps2EntryRunner.dir/Unity/unity_284_cxx.cxx.o
[253/543] Building CXX object ps2xRuntime/CMakeFiles/ps2EntryRunner.dir/Unity/unity_286_cxx.cxx.o
[254/543] Building CXX object ps2xRuntime/CMakeFiles/ps2EntryRunner.dir/Unity/unity_283_cxx.cxx.o
[255/543] Building CXX object ps2xRuntime/CMakeFiles/ps2EntryRunner.dir/Unity/unity_282_cxx.cxx.o
[256/543] Building CXX object ps2xRuntime/CMakeFiles/ps2EntryRunner.dir/Unity/unity_281_cxx.cxx.o
[257/543] Building CXX object ps2xRuntime/CMakeFiles/ps2EntryRunner.dir/Unity/unity_280_cxx.cxx.o
[258/543] Building CXX object ps2xRuntime/CMakeFiles/ps2EntryRunner.dir/Unity/unity_279_cxx.cxx.o
[259/543] Building CXX object ps2xRuntime/CMakeFiles/ps2EntryRunner.dir/Unity/unity_278_cxx.cxx.o
[260/543] Building CXX object ps2xRuntime/CMakeFiles/ps2EntryRunner.dir/Unity/unity_277_cxx.cxx.o
[261/543] Building CXX object ps2xRuntime/CMakeFiles/ps2EntryRunner.dir/Unity/unity_275_cxx.cxx.o
[262/543] Building CXX object ps2xRuntime/CMakeFiles/ps2EntryRunner.dir/Unity/unity_276_cxx.cxx.o
[263/543] Building CXX object ps2xRuntime/CMakeFiles/ps2EntryRunner.dir/Unity/unity_274_cxx.cxx.o
[264/543] Building CXX object ps2xRuntime/CMakeFiles/ps2EntryRunner.dir/Unity/unity_273_cxx.cxx.o
In file included from /tmp/e17-map-link/runtime/ps2xRuntime/CMakeFiles/ps2EntryRunner.dir/Unity/unity_273_cxx.cxx:31:
/Volumes/Extreme SSD/ps2recomp-spike/PS2Recomp/ps2xRuntime/src/runner/sub_003FE818_0x3fe818.cpp:37:38: warning: array index 27 is past the end of the array (that has type 'uint16_t[16]' (aka 'unsigned short[16]')) [-Warray-bounds]
   37 |         {     uint16_t instr_index = ctx->vi[27] & 0x1FF;     uint32_t target_byte_addr = (uint32_t)instr_index << 3;     ctx->vu0_pc = target_byte_addr;     runtime->vu0StartMicroProgram(rdram, ctx, target_byte_addr); }
      |                                      ^       ~~
/Volumes/Extreme SSD/ps2recomp-spike/PS2Recomp/ps2xRuntime/include/ps2_runtime.h:72:5: note: array 'vi' declared here
   72 |     uint16_t vi[16];          // VU0 vector integer registers
      |     ^
1 warning generated.
[265/543] Building CXX object ps2xRuntime/CMakeFiles/ps2EntryRunner.dir/Unity/unity_272_cxx.cxx.o
[266/543] Building CXX object ps2xRuntime/CMakeFiles/ps2EntryRunner.dir/Unity/unity_271_cxx.cxx.o
[267/543] Building CXX object ps2xRuntime/CMakeFiles/ps2EntryRunner.dir/Unity/unity_270_cxx.cxx.o
[268/543] Building CXX object ps2xRuntime/CMakeFiles/ps2EntryRunner.dir/Unity/unity_268_cxx.cxx.o
[269/543] Building CXX object ps2xRuntime/CMakeFiles/ps2EntryRunner.dir/Unity/unity_269_cxx.cxx.o
[270/543] Building CXX object ps2xRuntime/CMakeFiles/ps2EntryRunner.dir/Unity/unity_267_cxx.cxx.o
[271/543] Building CXX object ps2xRuntime/CMakeFiles/ps2EntryRunner.dir/Unity/unity_266_cxx.cxx.o
[272/543] Building CXX object ps2xRuntime/CMakeFiles/ps2EntryRunner.dir/Unity/unity_265_cxx.cxx.o
[273/543] Building CXX object ps2xRuntime/CMakeFiles/ps2EntryRunner.dir/Unity/unity_264_cxx.cxx.o
[274/543] Building CXX object ps2xRuntime/CMakeFiles/ps2EntryRunner.dir/Unity/unity_263_cxx.cxx.o
[275/543] Building CXX object ps2xRuntime/CMakeFiles/ps2EntryRunner.dir/Unity/unity_261_cxx.cxx.o
[276/543] Building CXX object ps2xRuntime/CMakeFiles/ps2EntryRunner.dir/Unity/unity_262_cxx.cxx.o
[277/543] Building CXX object ps2xRuntime/CMakeFiles/ps2EntryRunner.dir/Unity/unity_260_cxx.cxx.o
[278/543] Building CXX object ps2xRuntime/CMakeFiles/ps2EntryRunner.dir/Unity/unity_259_cxx.cxx.o
[279/543] Building CXX object ps2xRuntime/CMakeFiles/ps2EntryRunner.dir/Unity/unity_258_cxx.cxx.o
[280/543] Building CXX object ps2xRuntime/CMakeFiles/ps2EntryRunner.dir/Unity/unity_257_cxx.cxx.o
[281/543] Building CXX object ps2xRuntime/CMakeFiles/ps2EntryRunner.dir/Unity/unity_256_cxx.cxx.o
[282/543] Building CXX object ps2xRuntime/CMakeFiles/ps2EntryRunner.dir/Unity/unity_255_cxx.cxx.o
[283/543] Building CXX object ps2xRuntime/CMakeFiles/ps2EntryRunner.dir/Unity/unity_253_cxx.cxx.o
[284/543] Building CXX object ps2xRuntime/CMakeFiles/ps2EntryRunner.dir/Unity/unity_254_cxx.cxx.o
[285/543] Building CXX object ps2xRuntime/CMakeFiles/ps2EntryRunner.dir/Unity/unity_252_cxx.cxx.o
[286/543] Building CXX object ps2xRuntime/CMakeFiles/ps2EntryRunner.dir/Unity/unity_251_cxx.cxx.o
[287/543] Building CXX object ps2xRuntime/CMakeFiles/ps2EntryRunner.dir/Unity/unity_250_cxx.cxx.o
[288/543] Building CXX object ps2xRuntime/CMakeFiles/ps2EntryRunner.dir/Unity/unity_249_cxx.cxx.o
[289/543] Building CXX object ps2xRuntime/CMakeFiles/ps2EntryRunner.dir/Unity/unity_248_cxx.cxx.o
[290/543] Building CXX object ps2xRuntime/CMakeFiles/ps2EntryRunner.dir/Unity/unity_247_cxx.cxx.o
[291/543] Building CXX object ps2xRuntime/CMakeFiles/ps2EntryRunner.dir/Unity/unity_246_cxx.cxx.o
[292/543] Building CXX object ps2xRuntime/CMakeFiles/ps2EntryRunner.dir/Unity/unity_245_cxx.cxx.o
[293/543] Building CXX object ps2xRuntime/CMakeFiles/ps2EntryRunner.dir/Unity/unity_244_cxx.cxx.o
[294/543] Building CXX object ps2xRuntime/CMakeFiles/ps2EntryRunner.dir/Unity/unity_243_cxx.cxx.o
[295/543] Building CXX object ps2xRuntime/CMakeFiles/ps2EntryRunner.dir/Unity/unity_242_cxx.cxx.o
[296/543] Building CXX object ps2xRuntime/CMakeFiles/ps2EntryRunner.dir/Unity/unity_241_cxx.cxx.o
[297/543] Building CXX object ps2xRuntime/CMakeFiles/ps2EntryRunner.dir/Unity/unity_240_cxx.cxx.o
[298/543] Building CXX object ps2xRuntime/CMakeFiles/ps2EntryRunner.dir/Unity/unity_239_cxx.cxx.o
[299/543] Building CXX object ps2xRuntime/CMakeFiles/ps2EntryRunner.dir/Unity/unity_238_cxx.cxx.o
[300/543] Building CXX object ps2xRuntime/CMakeFiles/ps2EntryRunner.dir/Unity/unity_237_cxx.cxx.o
[301/543] Building CXX object ps2xRuntime/CMakeFiles/ps2EntryRunner.dir/Unity/unity_236_cxx.cxx.o
[302/543] Building CXX object ps2xRuntime/CMakeFiles/ps2EntryRunner.dir/Unity/unity_234_cxx.cxx.o
[303/543] Building CXX object ps2xRuntime/CMakeFiles/ps2EntryRunner.dir/Unity/unity_235_cxx.cxx.o
[304/543] Building CXX object ps2xRuntime/CMakeFiles/ps2EntryRunner.dir/Unity/unity_233_cxx.cxx.o
[305/543] Building CXX object ps2xRuntime/CMakeFiles/ps2EntryRunner.dir/Unity/unity_232_cxx.cxx.o
[306/543] Building CXX object ps2xRuntime/CMakeFiles/ps2EntryRunner.dir/Unity/unity_230_cxx.cxx.o
[307/543] Building CXX object ps2xRuntime/CMakeFiles/ps2EntryRunner.dir/Unity/unity_229_cxx.cxx.o
[308/543] Building CXX object ps2xRuntime/CMakeFiles/ps2EntryRunner.dir/Unity/unity_231_cxx.cxx.o
[309/543] Building CXX object ps2xRuntime/CMakeFiles/ps2EntryRunner.dir/Unity/unity_228_cxx.cxx.o
[310/543] Building CXX object ps2xRuntime/CMakeFiles/ps2EntryRunner.dir/Unity/unity_226_cxx.cxx.o
[311/543] Building CXX object ps2xRuntime/CMakeFiles/ps2EntryRunner.dir/Unity/unity_227_cxx.cxx.o
[312/543] Building CXX object ps2xRuntime/CMakeFiles/ps2EntryRunner.dir/Unity/unity_225_cxx.cxx.o
[313/543] Building CXX object ps2xRuntime/CMakeFiles/ps2EntryRunner.dir/Unity/unity_224_cxx.cxx.o
[314/543] Building CXX object ps2xRuntime/CMakeFiles/ps2EntryRunner.dir/Unity/unity_223_cxx.cxx.o
[315/543] Building CXX object ps2xRuntime/CMakeFiles/ps2EntryRunner.dir/Unity/unity_222_cxx.cxx.o
[316/543] Building CXX object ps2xRuntime/CMakeFiles/ps2EntryRunner.dir/Unity/unity_220_cxx.cxx.o
In file included from /tmp/e17-map-link/runtime/ps2xRuntime/CMakeFiles/ps2EntryRunner.dir/Unity/unity_220_cxx.cxx:70:
/Volumes/Extreme SSD/ps2recomp-spike/PS2Recomp/ps2xRuntime/src/runner/sub_00391418_0x391418.cpp:91:34: warning: array index 27 is past the end of the array (that has type 'uint16_t[16]' (aka 'unsigned short[16]')) [-Warray-bounds]
   91 |     {     uint16_t instr_index = ctx->vi[27] & 0x1FF;     uint32_t target_byte_addr = (uint32_t)instr_index << 3;     ctx->vu0_pc = target_byte_addr;     runtime->vu0StartMicroProgram(rdram, ctx, target_byte_addr); }
      |                                  ^       ~~
/Volumes/Extreme SSD/ps2recomp-spike/PS2Recomp/ps2xRuntime/include/ps2_runtime.h:72:5: note: array 'vi' declared here
   72 |     uint16_t vi[16];          // VU0 vector integer registers
      |     ^
1 warning generated.
[317/543] Building CXX object ps2xRuntime/CMakeFiles/ps2EntryRunner.dir/Unity/unity_221_cxx.cxx.o
[318/543] Building CXX object ps2xRuntime/CMakeFiles/ps2EntryRunner.dir/Unity/unity_219_cxx.cxx.o
[319/543] Building CXX object ps2xRuntime/CMakeFiles/ps2EntryRunner.dir/Unity/unity_218_cxx.cxx.o
[320/543] Building CXX object ps2xRuntime/CMakeFiles/ps2EntryRunner.dir/Unity/unity_217_cxx.cxx.o
In file included from /tmp/e17-map-link/runtime/ps2xRuntime/CMakeFiles/ps2EntryRunner.dir/Unity/unity_217_cxx.cxx:4:
/Volumes/Extreme SSD/ps2recomp-spike/PS2Recomp/ps2xRuntime/src/runner/sub_0037DE88_0x37de88.cpp:61:34: warning: array index 27 is past the end of the array (that has type 'uint16_t[16]' (aka 'unsigned short[16]')) [-Warray-bounds]
   61 |     {     uint16_t instr_index = ctx->vi[27] & 0x1FF;     uint32_t target_byte_addr = (uint32_t)instr_index << 3;     ctx->vu0_pc = target_byte_addr;     runtime->vu0StartMicroProgram(rdram, ctx, target_byte_addr); }
      |                                  ^       ~~
/Volumes/Extreme SSD/ps2recomp-spike/PS2Recomp/ps2xRuntime/include/ps2_runtime.h:72:5: note: array 'vi' declared here
   72 |     uint16_t vi[16];          // VU0 vector integer registers
      |     ^
1 warning generated.
[321/543] Building CXX object ps2xRuntime/CMakeFiles/ps2EntryRunner.dir/Unity/unity_216_cxx.cxx.o
[322/543] Building CXX object ps2xRuntime/CMakeFiles/ps2EntryRunner.dir/Unity/unity_215_cxx.cxx.o
[323/543] Building CXX object ps2xRuntime/CMakeFiles/ps2EntryRunner.dir/Unity/unity_213_cxx.cxx.o
[324/543] Building CXX object ps2xRuntime/CMakeFiles/ps2EntryRunner.dir/Unity/unity_212_cxx.cxx.o
[325/543] Building CXX object ps2xRuntime/CMakeFiles/ps2EntryRunner.dir/Unity/unity_214_cxx.cxx.o
[326/543] Building CXX object ps2xRuntime/CMakeFiles/ps2EntryRunner.dir/Unity/unity_211_cxx.cxx.o
[327/543] Building CXX object ps2xRuntime/CMakeFiles/ps2EntryRunner.dir/Unity/unity_210_cxx.cxx.o
[328/543] Building CXX object ps2xRuntime/CMakeFiles/ps2EntryRunner.dir/Unity/unity_208_cxx.cxx.o
[329/543] Building CXX object ps2xRuntime/CMakeFiles/ps2EntryRunner.dir/Unity/unity_209_cxx.cxx.o
[330/543] Building CXX object ps2xRuntime/CMakeFiles/ps2EntryRunner.dir/Unity/unity_206_cxx.cxx.o
[331/543] Building CXX object ps2xRuntime/CMakeFiles/ps2EntryRunner.dir/Unity/unity_207_cxx.cxx.o
[332/543] Building CXX object ps2xRuntime/CMakeFiles/ps2EntryRunner.dir/Unity/unity_205_cxx.cxx.o
[333/543] Building CXX object ps2xRuntime/CMakeFiles/ps2EntryRunner.dir/Unity/unity_204_cxx.cxx.o
[334/543] Building CXX object ps2xRuntime/CMakeFiles/ps2EntryRunner.dir/Unity/unity_203_cxx.cxx.o
[335/543] Building CXX object ps2xRuntime/CMakeFiles/ps2EntryRunner.dir/Unity/unity_202_cxx.cxx.o
[336/543] Building CXX object ps2xRuntime/CMakeFiles/ps2EntryRunner.dir/Unity/unity_200_cxx.cxx.o
[337/543] Building CXX object ps2xRuntime/CMakeFiles/ps2EntryRunner.dir/Unity/unity_201_cxx.cxx.o
[338/543] Building CXX object ps2xRuntime/CMakeFiles/ps2EntryRunner.dir/Unity/unity_199_cxx.cxx.o
[339/543] Building CXX object ps2xRuntime/CMakeFiles/ps2EntryRunner.dir/Unity/unity_197_cxx.cxx.o
[340/543] Building CXX object ps2xRuntime/CMakeFiles/ps2EntryRunner.dir/Unity/unity_198_cxx.cxx.o
[341/543] Building CXX object ps2xRuntime/CMakeFiles/ps2EntryRunner.dir/Unity/unity_196_cxx.cxx.o
[342/543] Building CXX object ps2xRuntime/CMakeFiles/ps2EntryRunner.dir/Unity/unity_194_cxx.cxx.o
[343/543] Building CXX object ps2xRuntime/CMakeFiles/ps2EntryRunner.dir/Unity/unity_195_cxx.cxx.o
In file included from /tmp/e17-map-link/runtime/ps2xRuntime/CMakeFiles/ps2EntryRunner.dir/Unity/unity_195_cxx.cxx:97:
/Volumes/Extreme SSD/ps2recomp-spike/PS2Recomp/ps2xRuntime/src/runner/sub_0032B6A8_0x32b6a8.cpp:55:34: warning: array index 27 is past the end of the array (that has type 'uint16_t[16]' (aka 'unsigned short[16]')) [-Warray-bounds]
   55 |     {     uint16_t instr_index = ctx->vi[27] & 0x1FF;     uint32_t target_byte_addr = (uint32_t)instr_index << 3;     ctx->vu0_pc = target_byte_addr;     runtime->vu0StartMicroProgram(rdram, ctx, target_byte_addr); }
      |                                  ^       ~~
/Volumes/Extreme SSD/ps2recomp-spike/PS2Recomp/ps2xRuntime/include/ps2_runtime.h:72:5: note: array 'vi' declared here
   72 |     uint16_t vi[16];          // VU0 vector integer registers
      |     ^
1 warning generated.
[344/543] Building CXX object ps2xRuntime/CMakeFiles/ps2EntryRunner.dir/Unity/unity_192_cxx.cxx.o
[345/543] Building CXX object ps2xRuntime/CMakeFiles/ps2EntryRunner.dir/Unity/unity_193_cxx.cxx.o
[346/543] Building CXX object ps2xRuntime/CMakeFiles/ps2EntryRunner.dir/Unity/unity_191_cxx.cxx.o
[347/543] Building CXX object ps2xRuntime/CMakeFiles/ps2EntryRunner.dir/Unity/unity_189_cxx.cxx.o
[348/543] Building CXX object ps2xRuntime/CMakeFiles/ps2EntryRunner.dir/Unity/unity_190_cxx.cxx.o
[349/543] Building CXX object ps2xRuntime/CMakeFiles/ps2EntryRunner.dir/Unity/unity_187_cxx.cxx.o
[350/543] Building CXX object ps2xRuntime/CMakeFiles/ps2EntryRunner.dir/Unity/unity_188_cxx.cxx.o
[351/543] Building CXX object ps2xRuntime/CMakeFiles/ps2EntryRunner.dir/Unity/unity_185_cxx.cxx.o
[352/543] Building CXX object ps2xRuntime/CMakeFiles/ps2EntryRunner.dir/Unity/unity_186_cxx.cxx.o
[353/543] Building CXX object ps2xRuntime/CMakeFiles/ps2EntryRunner.dir/Unity/unity_184_cxx.cxx.o
[354/543] Building CXX object ps2xRuntime/CMakeFiles/ps2EntryRunner.dir/Unity/unity_182_cxx.cxx.o
[355/543] Building CXX object ps2xRuntime/CMakeFiles/ps2EntryRunner.dir/Unity/unity_183_cxx.cxx.o
[356/543] Building CXX object ps2xRuntime/CMakeFiles/ps2EntryRunner.dir/Unity/unity_181_cxx.cxx.o
[357/543] Building CXX object ps2xRuntime/CMakeFiles/ps2EntryRunner.dir/Unity/unity_180_cxx.cxx.o
[358/543] Building CXX object ps2xRuntime/CMakeFiles/ps2EntryRunner.dir/Unity/unity_179_cxx.cxx.o
[359/543] Building CXX object ps2xRuntime/CMakeFiles/ps2EntryRunner.dir/Unity/unity_177_cxx.cxx.o
[360/543] Building CXX object ps2xRuntime/CMakeFiles/ps2EntryRunner.dir/Unity/unity_176_cxx.cxx.o
[361/543] Building CXX object ps2xRuntime/CMakeFiles/ps2EntryRunner.dir/Unity/unity_175_cxx.cxx.o
[362/543] Building CXX object ps2xRuntime/CMakeFiles/ps2EntryRunner.dir/Unity/unity_174_cxx.cxx.o
[363/543] Building CXX object ps2xRuntime/CMakeFiles/ps2EntryRunner.dir/Unity/unity_173_cxx.cxx.o
[364/543] Building CXX object ps2xRuntime/CMakeFiles/ps2EntryRunner.dir/Unity/unity_172_cxx.cxx.o
[365/543] Building CXX object ps2xRuntime/CMakeFiles/ps2EntryRunner.dir/Unity/unity_171_cxx.cxx.o
[366/543] Building CXX object ps2xRuntime/CMakeFiles/ps2EntryRunner.dir/Unity/unity_170_cxx.cxx.o
[367/543] Building CXX object ps2xRuntime/CMakeFiles/ps2EntryRunner.dir/Unity/unity_178_cxx.cxx.o
[368/543] Building CXX object ps2xRuntime/CMakeFiles/ps2EntryRunner.dir/Unity/unity_169_cxx.cxx.o
[369/543] Building CXX object ps2xRuntime/CMakeFiles/ps2EntryRunner.dir/Unity/unity_168_cxx.cxx.o
[370/543] Building CXX object ps2xRuntime/CMakeFiles/ps2EntryRunner.dir/Unity/unity_166_cxx.cxx.o
In file included from /tmp/e17-map-link/runtime/ps2xRuntime/CMakeFiles/ps2EntryRunner.dir/Unity/unity_166_cxx.cxx:97:
/Volumes/Extreme SSD/ps2recomp-spike/PS2Recomp/ps2xRuntime/src/runner/sub_002D2058_0x2d2058.cpp:129:34: warning: array index 27 is past the end of the array (that has type 'uint16_t[16]' (aka 'unsigned short[16]')) [-Warray-bounds]
  129 |     {     uint16_t instr_index = ctx->vi[27] & 0x1FF;     uint32_t target_byte_addr = (uint32_t)instr_index << 3;     ctx->vu0_pc = target_byte_addr;     runtime->vu0StartMicroProgram(rdram, ctx, target_byte_addr); }
      |                                  ^       ~~
/Volumes/Extreme SSD/ps2recomp-spike/PS2Recomp/ps2xRuntime/include/ps2_runtime.h:72:5: note: array 'vi' declared here
   72 |     uint16_t vi[16];          // VU0 vector integer registers
      |     ^
1 warning generated.
[371/543] Building CXX object ps2xRuntime/CMakeFiles/ps2EntryRunner.dir/Unity/unity_167_cxx.cxx.o
[372/543] Building CXX object ps2xRuntime/CMakeFiles/ps2EntryRunner.dir/Unity/unity_165_cxx.cxx.o
[373/543] Building CXX object ps2xRuntime/CMakeFiles/ps2EntryRunner.dir/Unity/unity_164_cxx.cxx.o
[374/543] Building CXX object ps2xRuntime/CMakeFiles/ps2EntryRunner.dir/Unity/unity_163_cxx.cxx.o
[375/543] Building CXX object ps2xRuntime/CMakeFiles/ps2EntryRunner.dir/Unity/unity_162_cxx.cxx.o
[376/543] Building CXX object ps2xRuntime/CMakeFiles/ps2EntryRunner.dir/Unity/unity_161_cxx.cxx.o
[377/543] Building CXX object ps2xRuntime/CMakeFiles/ps2EntryRunner.dir/Unity/unity_159_cxx.cxx.o
[378/543] Building CXX object ps2xRuntime/CMakeFiles/ps2EntryRunner.dir/Unity/unity_158_cxx.cxx.o
[379/543] Building CXX object ps2xRuntime/CMakeFiles/ps2EntryRunner.dir/Unity/unity_160_cxx.cxx.o
[380/543] Building CXX object ps2xRuntime/CMakeFiles/ps2EntryRunner.dir/Unity/unity_156_cxx.cxx.o
[381/543] Building CXX object ps2xRuntime/CMakeFiles/ps2EntryRunner.dir/Unity/unity_155_cxx.cxx.o
[382/543] Building CXX object ps2xRuntime/CMakeFiles/ps2EntryRunner.dir/Unity/unity_157_cxx.cxx.o
[383/543] Building CXX object ps2xRuntime/CMakeFiles/ps2EntryRunner.dir/Unity/unity_154_cxx.cxx.o
[384/543] Building CXX object ps2xRuntime/CMakeFiles/ps2EntryRunner.dir/Unity/unity_153_cxx.cxx.o
[385/543] Building CXX object ps2xRuntime/CMakeFiles/ps2EntryRunner.dir/Unity/unity_152_cxx.cxx.o
[386/543] Building CXX object ps2xRuntime/CMakeFiles/ps2EntryRunner.dir/Unity/unity_151_cxx.cxx.o
[387/543] Building CXX object ps2xRuntime/CMakeFiles/ps2EntryRunner.dir/Unity/unity_150_cxx.cxx.o
[388/543] Building CXX object ps2xRuntime/CMakeFiles/ps2EntryRunner.dir/Unity/unity_149_cxx.cxx.o
[389/543] Building CXX object ps2xRuntime/CMakeFiles/ps2EntryRunner.dir/Unity/unity_148_cxx.cxx.o
[390/543] Building CXX object ps2xRuntime/CMakeFiles/ps2EntryRunner.dir/Unity/unity_147_cxx.cxx.o
[391/543] Building CXX object ps2xRuntime/CMakeFiles/ps2EntryRunner.dir/Unity/unity_145_cxx.cxx.o
[392/543] Building CXX object ps2xRuntime/CMakeFiles/ps2EntryRunner.dir/Unity/unity_146_cxx.cxx.o
[393/543] Building CXX object ps2xRuntime/CMakeFiles/ps2EntryRunner.dir/Unity/unity_143_cxx.cxx.o
[394/543] Building CXX object ps2xRuntime/CMakeFiles/ps2EntryRunner.dir/Unity/unity_144_cxx.cxx.o
[395/543] Building CXX object ps2xRuntime/CMakeFiles/ps2EntryRunner.dir/Unity/unity_141_cxx.cxx.o
[396/543] Building CXX object ps2xRuntime/CMakeFiles/ps2EntryRunner.dir/Unity/unity_142_cxx.cxx.o
[397/543] Building CXX object ps2xRuntime/CMakeFiles/ps2EntryRunner.dir/Unity/unity_140_cxx.cxx.o
[398/543] Building CXX object ps2xRuntime/CMakeFiles/ps2EntryRunner.dir/Unity/unity_139_cxx.cxx.o
[399/543] Building CXX object ps2xRuntime/CMakeFiles/ps2EntryRunner.dir/Unity/unity_138_cxx.cxx.o
[400/543] Building CXX object ps2xRuntime/CMakeFiles/ps2EntryRunner.dir/Unity/unity_137_cxx.cxx.o
[401/543] Building CXX object ps2xRuntime/CMakeFiles/ps2EntryRunner.dir/Unity/unity_135_cxx.cxx.o
[402/543] Building CXX object ps2xRuntime/CMakeFiles/ps2EntryRunner.dir/Unity/unity_136_cxx.cxx.o
[403/543] Building CXX object ps2xRuntime/CMakeFiles/ps2EntryRunner.dir/Unity/unity_134_cxx.cxx.o
[404/543] Building CXX object ps2xRuntime/CMakeFiles/ps2EntryRunner.dir/Unity/unity_133_cxx.cxx.o
[405/543] Building CXX object ps2xRuntime/CMakeFiles/ps2EntryRunner.dir/Unity/unity_132_cxx.cxx.o
[406/543] Building CXX object ps2xRuntime/CMakeFiles/ps2EntryRunner.dir/Unity/unity_131_cxx.cxx.o
[407/543] Building CXX object ps2xRuntime/CMakeFiles/ps2EntryRunner.dir/Unity/unity_130_cxx.cxx.o
[408/543] Building CXX object ps2xRuntime/CMakeFiles/ps2EntryRunner.dir/Unity/unity_128_cxx.cxx.o
[409/543] Building CXX object ps2xRuntime/CMakeFiles/ps2EntryRunner.dir/Unity/unity_129_cxx.cxx.o
[410/543] Building CXX object ps2xRuntime/CMakeFiles/ps2EntryRunner.dir/Unity/unity_127_cxx.cxx.o
[411/543] Building CXX object ps2xRuntime/CMakeFiles/ps2EntryRunner.dir/Unity/unity_125_cxx.cxx.o
[412/543] Building CXX object ps2xRuntime/CMakeFiles/ps2EntryRunner.dir/Unity/unity_126_cxx.cxx.o
[413/543] Building CXX object ps2xRuntime/CMakeFiles/ps2EntryRunner.dir/Unity/unity_124_cxx.cxx.o
[414/543] Building CXX object ps2xRuntime/CMakeFiles/ps2EntryRunner.dir/Unity/unity_123_cxx.cxx.o
[415/543] Building CXX object ps2xRuntime/CMakeFiles/ps2EntryRunner.dir/Unity/unity_122_cxx.cxx.o
[416/543] Building CXX object ps2xRuntime/CMakeFiles/ps2EntryRunner.dir/Unity/unity_121_cxx.cxx.o
[417/543] Building CXX object ps2xRuntime/CMakeFiles/ps2EntryRunner.dir/Unity/unity_120_cxx.cxx.o
[418/543] Building CXX object ps2xRuntime/CMakeFiles/ps2EntryRunner.dir/Unity/unity_119_cxx.cxx.o
[419/543] Building CXX object ps2xRuntime/CMakeFiles/ps2EntryRunner.dir/Unity/unity_118_cxx.cxx.o
[420/543] Building CXX object ps2xRuntime/CMakeFiles/ps2EntryRunner.dir/Unity/unity_117_cxx.cxx.o
[421/543] Building CXX object ps2xRuntime/CMakeFiles/ps2EntryRunner.dir/Unity/unity_116_cxx.cxx.o
[422/543] Building CXX object ps2xRuntime/CMakeFiles/ps2EntryRunner.dir/Unity/unity_115_cxx.cxx.o
[423/543] Building CXX object ps2xRuntime/CMakeFiles/ps2EntryRunner.dir/Unity/unity_114_cxx.cxx.o
[424/543] Building CXX object ps2xRuntime/CMakeFiles/ps2EntryRunner.dir/Unity/unity_113_cxx.cxx.o
[425/543] Building CXX object ps2xRuntime/CMakeFiles/ps2EntryRunner.dir/Unity/unity_112_cxx.cxx.o
[426/543] Building CXX object ps2xRuntime/CMakeFiles/ps2EntryRunner.dir/Unity/unity_111_cxx.cxx.o
[427/543] Building CXX object ps2xRuntime/CMakeFiles/ps2EntryRunner.dir/Unity/unity_110_cxx.cxx.o
[428/543] Building CXX object ps2xRuntime/CMakeFiles/ps2EntryRunner.dir/Unity/unity_109_cxx.cxx.o
[429/543] Building CXX object ps2xRuntime/CMakeFiles/ps2EntryRunner.dir/Unity/unity_108_cxx.cxx.o
[430/543] Building CXX object ps2xRuntime/CMakeFiles/ps2EntryRunner.dir/Unity/unity_107_cxx.cxx.o
[431/543] Building CXX object ps2xRuntime/CMakeFiles/ps2EntryRunner.dir/Unity/unity_106_cxx.cxx.o
[432/543] Building CXX object ps2xRuntime/CMakeFiles/ps2EntryRunner.dir/Unity/unity_105_cxx.cxx.o
[433/543] Building CXX object ps2xRuntime/CMakeFiles/ps2EntryRunner.dir/Unity/unity_104_cxx.cxx.o
[434/543] Building CXX object ps2xRuntime/CMakeFiles/ps2EntryRunner.dir/Unity/unity_103_cxx.cxx.o
[435/543] Building CXX object ps2xRuntime/CMakeFiles/ps2EntryRunner.dir/Unity/unity_101_cxx.cxx.o
[436/543] Building CXX object ps2xRuntime/CMakeFiles/ps2EntryRunner.dir/Unity/unity_102_cxx.cxx.o
[437/543] Building CXX object ps2xRuntime/CMakeFiles/ps2EntryRunner.dir/Unity/unity_99_cxx.cxx.o
[438/543] Building CXX object ps2xRuntime/CMakeFiles/ps2EntryRunner.dir/Unity/unity_100_cxx.cxx.o
[439/543] Building CXX object ps2xRuntime/CMakeFiles/ps2EntryRunner.dir/Unity/unity_98_cxx.cxx.o
[440/543] Building CXX object ps2xRuntime/CMakeFiles/ps2EntryRunner.dir/Unity/unity_97_cxx.cxx.o
[441/543] Building CXX object ps2xRuntime/CMakeFiles/ps2EntryRunner.dir/Unity/unity_96_cxx.cxx.o
[442/543] Building CXX object ps2xRuntime/CMakeFiles/ps2EntryRunner.dir/Unity/unity_95_cxx.cxx.o
[443/543] Building CXX object ps2xRuntime/CMakeFiles/ps2EntryRunner.dir/Unity/unity_93_cxx.cxx.o
[444/543] Building CXX object ps2xRuntime/CMakeFiles/ps2EntryRunner.dir/Unity/unity_92_cxx.cxx.o
[445/543] Building CXX object ps2xRuntime/CMakeFiles/ps2EntryRunner.dir/Unity/unity_94_cxx.cxx.o
[446/543] Building CXX object ps2xRuntime/CMakeFiles/ps2EntryRunner.dir/Unity/unity_91_cxx.cxx.o
[447/543] Building CXX object ps2xRuntime/CMakeFiles/ps2EntryRunner.dir/Unity/unity_90_cxx.cxx.o
[448/543] Building CXX object ps2xRuntime/CMakeFiles/ps2EntryRunner.dir/Unity/unity_88_cxx.cxx.o
[449/543] Building CXX object ps2xRuntime/CMakeFiles/ps2EntryRunner.dir/Unity/unity_87_cxx.cxx.o
[450/543] Building CXX object ps2xRuntime/CMakeFiles/ps2EntryRunner.dir/Unity/unity_89_cxx.cxx.o
[451/543] Building CXX object ps2xRuntime/CMakeFiles/ps2EntryRunner.dir/Unity/unity_85_cxx.cxx.o
[452/543] Building CXX object ps2xRuntime/CMakeFiles/ps2EntryRunner.dir/Unity/unity_86_cxx.cxx.o
[453/543] Building CXX object ps2xRuntime/CMakeFiles/ps2EntryRunner.dir/Unity/unity_83_cxx.cxx.o
[454/543] Building CXX object ps2xRuntime/CMakeFiles/ps2EntryRunner.dir/Unity/unity_84_cxx.cxx.o
In file included from /tmp/e17-map-link/runtime/ps2xRuntime/CMakeFiles/ps2EntryRunner.dir/Unity/unity_84_cxx.cxx:22:
/Volumes/Extreme SSD/ps2recomp-spike/PS2Recomp/ps2xRuntime/src/runner/sub_0022A830_0x22a830.cpp:550:34: warning: array index 27 is past the end of the array (that has type 'uint16_t[16]' (aka 'unsigned short[16]')) [-Warray-bounds]
  550 |     {     uint16_t instr_index = ctx->vi[27] & 0x1FF;     uint32_t target_byte_addr = (uint32_t)instr_index << 3;     ctx->vu0_pc = target_byte_addr;     runtime->vu0StartMicroProgram(rdram, ctx, target_byte_addr); }
      |                                  ^       ~~
/Volumes/Extreme SSD/ps2recomp-spike/PS2Recomp/ps2xRuntime/include/ps2_runtime.h:72:5: note: array 'vi' declared here
   72 |     uint16_t vi[16];          // VU0 vector integer registers
      |     ^
1 warning generated.
[455/543] Building CXX object ps2xRuntime/CMakeFiles/ps2EntryRunner.dir/Unity/unity_81_cxx.cxx.o
[456/543] Building CXX object ps2xRuntime/CMakeFiles/ps2EntryRunner.dir/Unity/unity_80_cxx.cxx.o
[457/543] Building CXX object ps2xRuntime/CMakeFiles/ps2EntryRunner.dir/Unity/unity_82_cxx.cxx.o
[458/543] Building CXX object ps2xRuntime/CMakeFiles/ps2EntryRunner.dir/Unity/unity_78_cxx.cxx.o
[459/543] Building CXX object ps2xRuntime/CMakeFiles/ps2EntryRunner.dir/Unity/unity_79_cxx.cxx.o
[460/543] Building CXX object ps2xRuntime/CMakeFiles/ps2EntryRunner.dir/Unity/unity_77_cxx.cxx.o
[461/543] Building CXX object ps2xRuntime/CMakeFiles/ps2EntryRunner.dir/Unity/unity_75_cxx.cxx.o
[462/543] Building CXX object ps2xRuntime/CMakeFiles/ps2EntryRunner.dir/Unity/unity_76_cxx.cxx.o
[463/543] Building CXX object ps2xRuntime/CMakeFiles/ps2EntryRunner.dir/Unity/unity_73_cxx.cxx.o
[464/543] Building CXX object ps2xRuntime/CMakeFiles/ps2EntryRunner.dir/Unity/unity_72_cxx.cxx.o
[465/543] Building CXX object ps2xRuntime/CMakeFiles/ps2EntryRunner.dir/Unity/unity_71_cxx.cxx.o
[466/543] Building CXX object ps2xRuntime/CMakeFiles/ps2EntryRunner.dir/Unity/unity_70_cxx.cxx.o
[467/543] Building CXX object ps2xRuntime/CMakeFiles/ps2EntryRunner.dir/Unity/unity_69_cxx.cxx.o
[468/543] Building CXX object ps2xRuntime/CMakeFiles/ps2EntryRunner.dir/Unity/unity_68_cxx.cxx.o
[469/543] Building CXX object ps2xRuntime/CMakeFiles/ps2EntryRunner.dir/Unity/unity_67_cxx.cxx.o
[470/543] Building CXX object ps2xRuntime/CMakeFiles/ps2EntryRunner.dir/Unity/unity_66_cxx.cxx.o
[471/543] Building CXX object ps2xRuntime/CMakeFiles/ps2EntryRunner.dir/Unity/unity_65_cxx.cxx.o
[472/543] Building CXX object ps2xRuntime/CMakeFiles/ps2EntryRunner.dir/Unity/unity_74_cxx.cxx.o
[473/543] Building CXX object ps2xRuntime/CMakeFiles/ps2EntryRunner.dir/Unity/unity_64_cxx.cxx.o
[474/543] Building CXX object ps2xRuntime/CMakeFiles/ps2EntryRunner.dir/Unity/unity_63_cxx.cxx.o
[475/543] Building CXX object ps2xRuntime/CMakeFiles/ps2EntryRunner.dir/Unity/unity_62_cxx.cxx.o
[476/543] Building CXX object ps2xRuntime/CMakeFiles/ps2EntryRunner.dir/Unity/unity_61_cxx.cxx.o
[477/543] Building CXX object ps2xRuntime/CMakeFiles/ps2EntryRunner.dir/Unity/unity_59_cxx.cxx.o
[478/543] Building CXX object ps2xRuntime/CMakeFiles/ps2EntryRunner.dir/Unity/unity_60_cxx.cxx.o
[479/543] Building CXX object ps2xRuntime/CMakeFiles/ps2EntryRunner.dir/Unity/unity_58_cxx.cxx.o
[480/543] Building CXX object ps2xRuntime/CMakeFiles/ps2EntryRunner.dir/Unity/unity_57_cxx.cxx.o
[481/543] Building CXX object ps2xRuntime/CMakeFiles/ps2EntryRunner.dir/Unity/unity_56_cxx.cxx.o
[482/543] Building CXX object ps2xRuntime/CMakeFiles/ps2EntryRunner.dir/Unity/unity_55_cxx.cxx.o
[483/543] Building CXX object ps2xRuntime/CMakeFiles/ps2EntryRunner.dir/Unity/unity_54_cxx.cxx.o
[484/543] Building CXX object ps2xRuntime/CMakeFiles/ps2EntryRunner.dir/Unity/unity_53_cxx.cxx.o
[485/543] Building CXX object ps2xRuntime/CMakeFiles/ps2EntryRunner.dir/Unity/unity_52_cxx.cxx.o
[486/543] Building CXX object ps2xRuntime/CMakeFiles/ps2EntryRunner.dir/Unity/unity_51_cxx.cxx.o
[487/543] Building CXX object ps2xRuntime/CMakeFiles/ps2EntryRunner.dir/Unity/unity_50_cxx.cxx.o
[488/543] Building CXX object ps2xRuntime/CMakeFiles/ps2EntryRunner.dir/Unity/unity_49_cxx.cxx.o
[489/543] Building CXX object ps2xRuntime/CMakeFiles/ps2EntryRunner.dir/Unity/unity_48_cxx.cxx.o
[490/543] Building CXX object ps2xRuntime/CMakeFiles/ps2EntryRunner.dir/Unity/unity_47_cxx.cxx.o
[491/543] Building CXX object ps2xRuntime/CMakeFiles/ps2EntryRunner.dir/Unity/unity_46_cxx.cxx.o
[492/543] Building CXX object ps2xRuntime/CMakeFiles/ps2EntryRunner.dir/Unity/unity_45_cxx.cxx.o
[493/543] Building CXX object ps2xRuntime/CMakeFiles/ps2EntryRunner.dir/Unity/unity_44_cxx.cxx.o
[494/543] Building CXX object ps2xRuntime/CMakeFiles/ps2EntryRunner.dir/Unity/unity_43_cxx.cxx.o
[495/543] Building CXX object ps2xRuntime/CMakeFiles/ps2EntryRunner.dir/Unity/unity_42_cxx.cxx.o
[496/543] Building CXX object ps2xRuntime/CMakeFiles/ps2EntryRunner.dir/Unity/unity_40_cxx.cxx.o
[497/543] Building CXX object ps2xRuntime/CMakeFiles/ps2EntryRunner.dir/Unity/unity_41_cxx.cxx.o
[498/543] Building CXX object ps2xRuntime/CMakeFiles/ps2EntryRunner.dir/Unity/unity_39_cxx.cxx.o
[499/543] Building CXX object ps2xRuntime/CMakeFiles/ps2EntryRunner.dir/Unity/unity_38_cxx.cxx.o
[500/543] Building CXX object ps2xRuntime/CMakeFiles/ps2EntryRunner.dir/Unity/unity_37_cxx.cxx.o
[501/543] Building CXX object ps2xRuntime/CMakeFiles/ps2EntryRunner.dir/Unity/unity_36_cxx.cxx.o
[502/543] Building CXX object ps2xRuntime/CMakeFiles/ps2EntryRunner.dir/Unity/unity_34_cxx.cxx.o
[503/543] Building CXX object ps2xRuntime/CMakeFiles/ps2EntryRunner.dir/Unity/unity_35_cxx.cxx.o
[504/543] Building CXX object ps2xRuntime/CMakeFiles/ps2EntryRunner.dir/Unity/unity_33_cxx.cxx.o
[505/543] Building CXX object ps2xRuntime/CMakeFiles/ps2EntryRunner.dir/Unity/unity_31_cxx.cxx.o
[506/543] Building CXX object ps2xRuntime/CMakeFiles/ps2EntryRunner.dir/Unity/unity_32_cxx.cxx.o
[507/543] Building CXX object ps2xRuntime/CMakeFiles/ps2EntryRunner.dir/Unity/unity_30_cxx.cxx.o
[508/543] Building CXX object ps2xRuntime/CMakeFiles/ps2EntryRunner.dir/Unity/unity_29_cxx.cxx.o
[509/543] Building CXX object ps2xRuntime/CMakeFiles/ps2EntryRunner.dir/Unity/unity_28_cxx.cxx.o
[510/543] Building CXX object ps2xRuntime/CMakeFiles/ps2EntryRunner.dir/Unity/unity_27_cxx.cxx.o
[511/543] Building CXX object ps2xRuntime/CMakeFiles/ps2EntryRunner.dir/Unity/unity_26_cxx.cxx.o
[512/543] Building CXX object ps2xRuntime/CMakeFiles/ps2EntryRunner.dir/Unity/unity_25_cxx.cxx.o
[513/543] Building CXX object ps2xRuntime/CMakeFiles/ps2EntryRunner.dir/Unity/unity_24_cxx.cxx.o
[514/543] Building CXX object ps2xRuntime/CMakeFiles/ps2EntryRunner.dir/Unity/unity_23_cxx.cxx.o
[515/543] Building CXX object ps2xRuntime/CMakeFiles/ps2EntryRunner.dir/Unity/unity_22_cxx.cxx.o
[516/543] Building CXX object ps2xRuntime/CMakeFiles/ps2EntryRunner.dir/Unity/unity_21_cxx.cxx.o
[517/543] Building CXX object ps2xRuntime/CMakeFiles/ps2EntryRunner.dir/Unity/unity_19_cxx.cxx.o
[518/543] Building CXX object ps2xRuntime/CMakeFiles/ps2EntryRunner.dir/Unity/unity_20_cxx.cxx.o
[519/543] Building CXX object ps2xRuntime/CMakeFiles/ps2EntryRunner.dir/Unity/unity_18_cxx.cxx.o
[520/543] Building CXX object ps2xRuntime/CMakeFiles/ps2EntryRunner.dir/Unity/unity_17_cxx.cxx.o
[521/543] Building CXX object ps2xRuntime/CMakeFiles/ps2EntryRunner.dir/Unity/unity_15_cxx.cxx.o
[522/543] Building CXX object ps2xRuntime/CMakeFiles/ps2EntryRunner.dir/Unity/unity_16_cxx.cxx.o
[523/543] Building CXX object ps2xRuntime/CMakeFiles/ps2EntryRunner.dir/Unity/unity_14_cxx.cxx.o
[524/543] Building CXX object ps2xRuntime/CMakeFiles/ps2EntryRunner.dir/Unity/unity_13_cxx.cxx.o
[525/543] Building CXX object ps2xRuntime/CMakeFiles/ps2EntryRunner.dir/Unity/unity_11_cxx.cxx.o
In file included from /tmp/e17-map-link/runtime/ps2xRuntime/CMakeFiles/ps2EntryRunner.dir/Unity/unity_11_cxx.cxx:16:
/Volumes/Extreme SSD/ps2recomp-spike/PS2Recomp/ps2xRuntime/src/runner/sub_00122278_0x122278.cpp:786:34: warning: array index 27 is past the end of the array (that has type 'uint16_t[16]' (aka 'unsigned short[16]')) [-Warray-bounds]
  786 |     {     uint16_t instr_index = ctx->vi[27] & 0x1FF;     uint32_t target_byte_addr = (uint32_t)instr_index << 3;     ctx->vu0_pc = target_byte_addr;     runtime->vu0StartMicroProgram(rdram, ctx, target_byte_addr); }
      |                                  ^       ~~
/Volumes/Extreme SSD/ps2recomp-spike/PS2Recomp/ps2xRuntime/include/ps2_runtime.h:72:5: note: array 'vi' declared here
   72 |     uint16_t vi[16];          // VU0 vector integer registers
      |     ^
1 warning generated.
[526/543] Building CXX object ps2xRuntime/CMakeFiles/ps2EntryRunner.dir/Unity/unity_12_cxx.cxx.o
[527/543] Building CXX object ps2xRuntime/CMakeFiles/ps2EntryRunner.dir/Unity/unity_10_cxx.cxx.o
[528/543] Building CXX object ps2xRuntime/CMakeFiles/ps2EntryRunner.dir/Unity/unity_8_cxx.cxx.o
[529/543] Building CXX object ps2xRuntime/CMakeFiles/ps2EntryRunner.dir/Unity/unity_9_cxx.cxx.o
[530/543] Building CXX object ps2xRuntime/CMakeFiles/ps2EntryRunner.dir/Unity/unity_7_cxx.cxx.o
[531/543] Building CXX object ps2xRuntime/CMakeFiles/ps2EntryRunner.dir/Unity/unity_6_cxx.cxx.o
[532/543] Building CXX object ps2xRuntime/CMakeFiles/ps2EntryRunner.dir/Unity/unity_5_cxx.cxx.o
[533/543] Building CXX object ps2xRuntime/CMakeFiles/ps2EntryRunner.dir/Unity/unity_3_cxx.cxx.o
[534/543] Building CXX object ps2xRuntime/CMakeFiles/ps2EntryRunner.dir/Unity/unity_4_cxx.cxx.o
[535/543] Building CXX object ps2xRuntime/CMakeFiles/ps2EntryRunner.dir/Unity/unity_1_cxx.cxx.o
[536/543] Building CXX object ps2xRuntime/CMakeFiles/ps2EntryRunner.dir/Unity/unity_2_cxx.cxx.o
[537/543] Building CXX object ps2xTest/CMakeFiles/ps2_test_function_table.dir/src/test_function_table.cpp.o
[538/543] Linking CXX static library ps2xTest/libps2_test_lib.a
[539/543] Building CXX object ps2xTest/CMakeFiles/ps2x_tests.dir/src/main.cpp.o
[540/543] Building CXX object ps2xRuntime/CMakeFiles/ps2EntryRunner.dir/Unity/unity_0_cxx.cxx.o
[541/543] Linking CXX executable ps2xTest/ps2x_tests
ld: warning: ignoring duplicate libraries: 'ps2xRecomp/libps2_recomp_lib.a'
[542/543] Linking CXX executable ps2xRuntime/ps2EntryRunner
