START_SCORE mean=30.2628 p99=188 MENU_T+:91
A1_CROSS_KEYDOWN_WALL:1790139191.631121310 UPTIME:1162 MENU_T+:91
A1_CROSS_HELD_WALL:1790139191.648743405 UPTIME:1162
A1_CROSS_KEYUP_WALL:1790139192.165923126 UPTIME:1162 MENU_T+:92
A1 poll01 score mean=0.4331 p99=6 MENU_T+:94
A1 TITLE-DETECTED at poll01
GSHOT_t49a-title_KEYDOWN_WALL:1790139194.894889023 UPTIME:1165 MENU_T+:94
GSHOT_t49a-title_HELD_WALL:1790139194.913243196 UPTIME:1165
GSHOT_t49a-title_KEYUP_WALL:1790139195.430478754 UPTIME:1165 MENU_T+:95
GSHOT_t49a-title newest=SSX 3_SLUS-20772_20260923005315.png
TITLE_START_KEYDOWN_WALL:1790139197.439487236 UPTIME:1167 MENU_T+:97
TITLE_START_HELD_WALL:1790139197.457779081 UPTIME:1167
TITLE_START_KEYUP_WALL:1790139197.975133028 UPTIME:1168 MENU_T+:97
post+3 titleband mean=16.3426 p99=139 MENU_T+:101
post+8 titleband mean=16.2610 p99=139
post+15 titleband mean=16.2579 p99=139
post+25 titleband mean=16.2368 p99=139
whole815=0.0137 whole1525=0.0381
post25-vs-menu mean=0.3061 p99=5
MENU-LIKE -> menu Cross
MENUPRE vs-menu mean=0.3048 p99=5 MENU_T+:135
GSHOT_t49a-menu_KEYDOWN_WALL:1790139235.919408901 UPTIME:1206 MENU_T+:135
GSHOT_t49a-menu_HELD_WALL:1790139235.937567820 UPTIME:1206
GSHOT_t49a-menu_KEYUP_WALL:1790139236.455111178 UPTIME:1206 MENU_T+:136
GSHOT_t49a-menu newest=SSX 3_SLUS-20772_20260923005356.png
MENU_CROSS_KEYDOWN_WALL:1790139238.462865764 UPTIME:1208 MENU_T+:138
MENU_CROSS_HELD_WALL:1790139238.481522100 UPTIME:1208
MENU_CROSS_KEYUP_WALL:1790139238.999212083 UPTIME:1209 MENU_T+:139
MC post+1 titleband mean=12.5481 p99=164 vs-menu mean=11.1922 p99=129 vs-sc mean=1.5609 p99=39 MENU_T+:142
MC post+3 titleband mean=12.5352 p99=164 vs-menu mean=10.1940 p99=105 vs-sc mean=0.5323 p99=8
MC post+8 titleband mean=12.6500 p99=164 vs-menu mean=10.1572 p99=105 vs-sc mean=0.5495 p99=8
MC post+15 titleband mean=12.5352 p99=164 vs-menu mean=10.1960 p99=105 vs-sc mean=0.4068 p99=6
MC hops whole: pre-post1=11.0982 p1-p3=1.0591 p3-p8=0.1373 p8-p15=0.1813
SC-LIKE -> settled SC captures
SCPRE vs-sc mean=0.5878 p99=9 MENU_T+:177
DUMP_TRIGGERED_WALL:1790139277.405715355 UPTIME:1247
T48_DUMP_QUEUED seen at wait1
GSHOT_t49a-sc_KEYDOWN_WALL:1790139285.654046304 UPTIME:1256 MENU_T+:185
GSHOT_t49a-sc_HELD_WALL:1790139285.672999661 UPTIME:1256
GSHOT_t49a-sc_KEYUP_WALL:1790139286.190489966 UPTIME:1256 MENU_T+:186
GSHOT_t49a-sc newest=SSX 3_SLUS-20772_20260923005446.png
