REF_CHECK:mean=0.0000 p99=0 max=0 npix=224000 mode=PPM
REFMENU_CHECK:mean=0.0000 p99=0 max=0 npix=1310720 mode=PPM
REFSC_CHECK:mean=0.0000 p99=0 max=0 npix=1310720 mode=PPM
REFZC_CHECK:mean=0.0000 p99=0 max=0 npix=1310720 mode=PPM
REFSP_CHECK:mean=0.0000 p99=0 max=0 npix=1310720 mode=PPM
REFSM_CHECK:mean=0.0000 p99=0 max=0 npix=1310720 mode=PPM
REFSE_CHECK:mean=0.0000 p99=0 max=0 npix=1310720 mode=PPM
REFSETAG_CHECK:mean=0.0000 p99=0 max=0 npix=10150 mode=PPM
REFMR_CHECK:mean=0.0000 p99=0 max=0 npix=1310720 mode=PPM
REFPP_CHECK:mean=0.0000 p99=0 max=0 npix=1310720 mode=PPM
SELF_TEST mean=0.0000 p99=0
SELF_WHOLE=0.0000
SELF_MENU mean=0.0000 p99=0
SELF_SC mean=0.0000 p99=0
SELF_ZC mean=0.0000 p99=0
SELF_SP mean=0.0000 p99=0
SELF_SM mean=0.0000 p99=0
SELF_SE mean=0.0000 p99=0
SELF_SETAG mean=0.0000 p99=0
SELF_MR mean=0.0000 p99=0
SELF_PP mean=0.0000 p99=0
START_SCORE mean=29.0476 p99=177 MENU_T+:97
ATTEMPT_1 BEGIN MENU_T+:97
ATTEMPT_1 now score mean=35.8995 p99=186
ATTEMPT_1 on attract (non-title) -> Cross attract-skip
A1_CROSS_KEYDOWN_WALL:1789998538.551081512 UPTIME:269 MENU_T+:98
A1_CROSS_HELD_WALL:1789998538.569607381 UPTIME:269
A1_CROSS_KEYUP_WALL:1789998539.086621190 UPTIME:270 MENU_T+:99
ATTEMPT_1 poll01 score mean=43.7518 p99=206 MENU_T+:101
ATTEMPT_1 poll02 score mean=33.7426 p99=192 MENU_T+:104
ATTEMPT_1 poll03 score mean=39.7269 p99=183 MENU_T+:107
ATTEMPT_1 poll04 score mean=35.9524 p99=169 MENU_T+:110
ATTEMPT_1 poll05 score mean=35.1284 p99=206 MENU_T+:112
ATTEMPT_1 poll06 score mean=26.7389 p99=176 MENU_T+:115
ATTEMPT_1 poll07 score mean=31.0062 p99=176 MENU_T+:118
ATTEMPT_1 poll08 score mean=26.5434 p99=159 MENU_T+:120
ATTEMPT_1 poll09 score mean=25.7669 p99=174 MENU_T+:123
ATTEMPT_1 poll10 score mean=42.4120 p99=220 MENU_T+:126
ATTEMPT_1 poll11 score mean=41.2805 p99=220 MENU_T+:129
ATTEMPT_1 poll12 score mean=16.7942 p99=151 MENU_T+:131
ATTEMPT_1 poll13 score mean=16.6748 p99=147 MENU_T+:134
ATTEMPT_1 poll14 score mean=16.6218 p99=147 MENU_T+:137
ATTEMPT_1 poll15 score mean=16.6012 p99=147 MENU_T+:140
ATTEMPT_1 poll16 score mean=16.6470 p99=147 MENU_T+:142
ATTEMPT_1 poll17 score mean=16.6012 p99=147 MENU_T+:145
ATTEMPT_1 poll18 score mean=25.1357 p99=163 MENU_T+:148
ATTEMPT_1 NO-TITLE-IN-WINDOW (outcome: no-title)
ATTEMPT_2 BEGIN MENU_T+:148
ATTEMPT_2 now score mean=25.0242 p99=158
ATTEMPT_2 on attract (non-title) -> Cross attract-skip
A2_CROSS_KEYDOWN_WALL:1789998589.055654088 UPTIME:320 MENU_T+:149
A2_CROSS_HELD_WALL:1789998589.074864079 UPTIME:320
A2_CROSS_KEYUP_WALL:1789998589.591827667 UPTIME:320 MENU_T+:149
ATTEMPT_2 poll01 score mean=34.2101 p99=184 MENU_T+:152
ATTEMPT_2 poll02 score mean=40.1695 p99=211 MENU_T+:155
ATTEMPT_2 poll03 score mean=31.3609 p99=169 MENU_T+:157
ATTEMPT_2 poll04 score mean=24.6652 p99=162 MENU_T+:160
ATTEMPT_2 poll05 score mean=40.6663 p99=221 MENU_T+:163
ATTEMPT_2 poll06 score mean=30.7291 p99=189 MENU_T+:166
ATTEMPT_2 poll07 score mean=41.3290 p99=186 MENU_T+:168
ATTEMPT_2 poll08 score mean=27.6709 p99=178 MENU_T+:171
ATTEMPT_2 poll09 score mean=40.3286 p99=218 MENU_T+:174
ATTEMPT_2 poll10 score mean=24.1832 p99=152 MENU_T+:177
ATTEMPT_2 poll11 score mean=29.6085 p99=207 MENU_T+:179
ATTEMPT_2 poll12 score mean=37.2277 p99=175 MENU_T+:182
ATTEMPT_2 poll13 score mean=42.2455 p99=206 MENU_T+:185
ATTEMPT_2 poll14 score mean=46.8345 p99=216 MENU_T+:187
ATTEMPT_2 poll15 score mean=32.8596 p99=168 MENU_T+:190
ATTEMPT_2 poll16 score mean=41.5509 p99=190 MENU_T+:193
ATTEMPT_2 poll17 score mean=34.1107 p99=200 MENU_T+:196
ATTEMPT_2 poll18 score mean=33.0314 p99=170 MENU_T+:198
ATTEMPT_2 NO-TITLE-IN-WINDOW (outcome: no-title)
ATTEMPT_3 BEGIN MENU_T+:198
ATTEMPT_3 now score mean=28.1674 p99=157
ATTEMPT_3 on attract (non-title) -> Cross attract-skip
A3_CROSS_KEYDOWN_WALL:1789998639.592890406 UPTIME:370 MENU_T+:199
A3_CROSS_HELD_WALL:1789998639.611440853 UPTIME:370
A3_CROSS_KEYUP_WALL:1789998640.128564054 UPTIME:371 MENU_T+:200
ATTEMPT_3 poll01 score mean=28.8220 p99=174 MENU_T+:202
ATTEMPT_3 poll02 score mean=24.8147 p99=169 MENU_T+:205
ATTEMPT_3 poll03 score mean=32.7498 p99=158 MENU_T+:208
ATTEMPT_3 poll04 score mean=37.6256 p99=193 MENU_T+:211
ATTEMPT_3 poll05 score mean=33.5335 p99=156 MENU_T+:213
ATTEMPT_3 poll06 score mean=32.2856 p99=166 MENU_T+:216
ATTEMPT_3 poll07 score mean=30.5660 p99=159 MENU_T+:219
ATTEMPT_3 poll08 score mean=30.6786 p99=161 MENU_T+:222
ATTEMPT_3 poll09 score mean=44.5470 p99=207 MENU_T+:224
ATTEMPT_3 poll10 score mean=28.7031 p99=161 MENU_T+:227
ATTEMPT_3 poll11 score mean=34.9086 p99=192 MENU_T+:230
ATTEMPT_3 poll12 score mean=29.3363 p99=153 MENU_T+:233
ATTEMPT_3 poll13 score mean=38.4982 p99=174 MENU_T+:235
ATTEMPT_3 poll14 score mean=28.2684 p99=174 MENU_T+:238
ATTEMPT_3 poll15 score mean=32.2949 p99=167 MENU_T+:241
ATTEMPT_3 poll16 score mean=30.3366 p99=170 MENU_T+:244
ATTEMPT_3 poll17 score mean=32.9069 p99=159 MENU_T+:246
ATTEMPT_3 poll18 score mean=41.6069 p99=218 MENU_T+:249
ATTEMPT_3 NO-TITLE-IN-WINDOW (outcome: no-title)
NO-PARK (menu-like gate never fired in <=3 attempts; no menu Cross pressed)
