REF_CHECK:mean=0.0000 p99=0 max=0 npix=224000 mode=PPM
REFMENU_CHECK:mean=0.0000 p99=0 max=0 npix=1310720 mode=PPM
REFSC_CHECK:mean=0.0000 p99=0 max=0 npix=1310720 mode=PPM
REFZC_CHECK:mean=0.0000 p99=0 max=0 npix=1310720 mode=PPM
REFSP_CHECK:mean=0.0000 p99=0 max=0 npix=1310720 mode=PPM
REFSM_CHECK:mean=0.0000 p99=0 max=0 npix=1310720 mode=PPM
REFSE_CHECK:mean=0.0000 p99=0 max=0 npix=1310720 mode=PPM
REFSETAG_CHECK:mean=0.0000 p99=0 max=0 npix=10150 mode=PPM
REFMR_CHECK:mean=0.0000 p99=0 max=0 npix=1310720 mode=PPM
REFPP_CHECK:mean=0.0000 p99=0 max=0 npix=1310720 mode=PPM
SELF_TEST mean=0.0000 p99=0
SELF_WHOLE=0.0000
SELF_MENU mean=0.0000 p99=0
SELF_SC mean=0.0000 p99=0
SELF_ZC mean=0.0000 p99=0
SELF_SP mean=0.0000 p99=0
SELF_SM mean=0.0000 p99=0
SELF_SE mean=0.0000 p99=0
SELF_SETAG mean=0.0000 p99=0
SELF_MR mean=0.0000 p99=0
SELF_PP mean=0.0000 p99=0
START_SCORE mean=36.0769 p99=191 MENU_T+:97
ATTEMPT_1 BEGIN MENU_T+:97
ATTEMPT_1 now score mean=25.3156 p99=160
ATTEMPT_1 on attract (non-title) -> Cross attract-skip
A1_CROSS_KEYDOWN_WALL:1790000410.610613767 UPTIME:132 MENU_T+:98
A1_CROSS_HELD_WALL:1790000410.629412751 UPTIME:132
A1_CROSS_KEYUP_WALL:1790000411.147203024 UPTIME:132 MENU_T+:99
ATTEMPT_1 poll01 score mean=0.4337 p99=6 MENU_T+:101
ATTEMPT_1 TITLE-DETECTED at poll01
A1_START_KEYDOWN_WALL:1790000413.874573705 UPTIME:135 MENU_T+:101
A1_START_HELD_WALL:1790000413.893004343 UPTIME:135
A1_START_KEYUP_WALL:1790000414.410034170 UPTIME:135 MENU_T+:102
ATTEMPT_1 post+3 score mean=16.2542 p99=139 MENU_T+:106
ATTEMPT_1 post+8 score mean=16.2958 p99=139
ATTEMPT_1 post+15 score mean=16.2610 p99=139
ATTEMPT_1 post+25 score mean=16.2610 p99=139
ATTEMPT_1 whole815=0.0366 whole1525=0.0121
ATTEMPT_1 post25-vs-menu mean=0.2953 p99=5
ATTEMPT_1 MENU-LIKE (non-title + static) -> park for menu Cross
MENUPRE vs-menu mean=0.2871 p99=5 MENU_T+:140
MENUPRE vs-title mean=16.2610 p99=139
MENU_CROSS_KEYDOWN_WALL:1790000453.084334332 UPTIME:174 MENU_T+:141
MENU_CROSS_HELD_WALL:1790000453.102310740 UPTIME:174
MENU_CROSS_KEYUP_WALL:1790000453.619526467 UPTIME:175 MENU_T+:141
MC post+1 titleband mean=12.5510 p99=164 vs-menu mean=10.2148 p99=106 vs-sc mean=0.4862 p99=8 MENU_T+:145
MC post+3 titleband mean=12.5703 p99=164 vs-menu mean=10.2221 p99=107 vs-sc mean=0.5250 p99=8
MC post+8 titleband mean=12.5329 p99=164 vs-menu mean=10.2272 p99=105 vs-sc mean=0.5843 p99=8
MC post+15 titleband mean=12.5352 p99=164 vs-menu mean=10.2082 p99=105 vs-sc mean=0.5478 p99=8
MC hops whole: pre-post1=10.1195 p1-p3=0.1175 p3-p8=0.2221 p8-p15=0.1755
SC-LIKE (non-menu + static) -> park for Zoe Cross
SCPRE vs-sc mean=0.5311 p99=8 MENU_T+:179
SCPRE vs-menu mean=10.1400 p99=105
SCPRE vs-title mean=12.7890 p99=164
ZOE_CROSS_KEYDOWN_WALL:1790000493.360900655 UPTIME:214 MENU_T+:181
ZOE_CROSS_HELD_WALL:1790000493.379999806 UPTIME:214
ZOE_CROSS_KEYUP_WALL:1790000493.897750137 UPTIME:215 MENU_T+:181
ZC post+1 titleband mean=15.8539 p99=128 vs-sc mean=7.1978 p99=100 vs-zc mean=0.5191 p99=9 MENU_T+:185
ZC post+3 titleband mean=15.8917 p99=128 vs-sc mean=7.2734 p99=99 vs-zc mean=0.4718 p99=8
ZC post+8 titleband mean=15.8557 p99=128 vs-sc mean=7.1726 p99=100 vs-zc mean=0.4550 p99=8
ZC hops whole: pre-post1=7.1126 p1-p3=0.2863 p3-p8=0.2652
ZC-LIKE (departed + non-SC + static) -> park for Continue Cross
CCPRE vs-zc mean=0.4804 p99=9 MENU_T+:208
CCPRE vs-sc mean=7.2884 p99=100
CCPRE vs-title mean=15.9280 p99=128
CONT_CROSS_KEYDOWN_WALL:1790000522.242378741 UPTIME:243 MENU_T+:210
CONT_CROSS_HELD_WALL:1790000522.260705011 UPTIME:243
CONT_CROSS_KEYUP_WALL:1790000522.777937170 UPTIME:244 MENU_T+:210
SP post+1 titleband mean=23.1251 p99=171 vs-zc mean=9.4675 p99=154 vs-sp mean=0.3699 p99=6 MENU_T+:214
SP post+3 titleband mean=23.1294 p99=171 vs-zc mean=9.4720 p99=154 vs-sp mean=0.3735 p99=6
SP post+8 titleband mean=23.1279 p99=171 vs-zc mean=9.4543 p99=154 vs-sp mean=0.3559 p99=5
SP hops whole: pre-post1=9.3507 p1-p3=0.0364 p3-p8=0.0196
SP-LIKE (departed + non-ZC + static) -> park for Peak Cross
SPPRE vs-sp mean=0.3737 p99=6 MENU_T+:237
SPPRE vs-zc mean=9.4713 p99=154
SPPRE vs-title mean=23.1293 p99=171
PEAK_CROSS_KEYDOWN_WALL:1790000551.269622374 UPTIME:272 MENU_T+:239
PEAK_CROSS_HELD_WALL:1790000551.288059977 UPTIME:272
PEAK_CROSS_KEYUP_WALL:1790000551.805484781 UPTIME:273 MENU_T+:239
PC post+1 titleband mean=26.3170 p99=183 vs-sp mean=5.4066 p99=121 vs-sm mean=0.4467 p99=7 MENU_T+:243
PC post+3 titleband mean=26.3170 p99=183 vs-sp mean=5.3692 p99=121 vs-sm mean=0.4092 p99=6
PC post+8 titleband mean=26.3054 p99=183 vs-sp mean=5.3618 p99=121 vs-sm mean=0.4021 p99=6
PC hops whole: pre-post1=5.2357 p1-p3=0.0893 p3-p8=0.0402
SM-LIKE (departed + non-SP + static) -> park for Race Cross
SMPRE vs-sm mean=0.4079 p99=6 MENU_T+:266
SMPRE se-tag mean=14.3278 p99=89
SMPRE vs-sp mean=5.3678 p99=121
SMPRE vs-title mean=26.3170 p99=183
RACE_CROSS_KEYDOWN_WALL:1790000580.938194007 UPTIME:302 MENU_T+:268
RACE_CROSS_HELD_WALL:1790000580.957626913 UPTIME:302
RACE_CROSS_KEYUP_WALL:1790000581.476298411 UPTIME:303 MENU_T+:269
RC post+1 titleband mean=26.2104 p99=183 vs-sm mean=0.8351 p99=13 se-tag mean=2.6271 p99=11 MENU_T+:272
RC post+3 titleband mean=26.2104 p99=183 vs-sm mean=0.8096 p99=11 se-tag mean=2.6476 p99=11
RC post+8 titleband mean=26.2423 p99=183 vs-sm mean=0.8030 p99=11 se-tag mean=2.6415 p99=11 vs-sp mean=5.4769 p99=121 vs-se mean=0.4310 p99=6
RC hops whole: pre-post1=0.5032 p1-p3=0.0329 p3-p8=0.0366
SE-LIKE (static + non-SP + se-tag) -> park for SnowJam Cross
SEPRE se-tag mean=2.6271 p99=11 MENU_T+:296
SEPRE vs-se mean=0.4339 p99=6
SEPRE vs-sm mean=0.8379 p99=12
SEPRE vs-sp mean=5.4781 p99=121
SEPRE vs-title mean=26.2104 p99=183
SNOWJAM_CROSS_KEYDOWN_WALL:1790000612.361024378 UPTIME:333 MENU_T+:300
SNOWJAM_CROSS_HELD_WALL:1790000612.380126572 UPTIME:333
SNOWJAM_CROSS_KEYUP_WALL:1790000612.898482740 UPTIME:334 MENU_T+:300
SJ post+1 titleband mean=9.8539 p99=137 vs-se mean=10.6413 p99=143 vs-mr mean=0.4183 p99=7 MENU_T+:304
SJ post+3 titleband mean=9.8687 p99=136 vs-se mean=10.6853 p99=143 vs-mr mean=0.4726 p99=8
SJ post+8 titleband mean=9.8780 p99=137 vs-se mean=10.6132 p99=143 vs-mr mean=0.4126 p99=7
SJ hops whole: pre-post1=10.5764 p1-p3=0.1172 p3-p8=0.1097
MR-LIKE (departed + non-SE + static) -> park for Enter Cross
MRPRE vs-mr mean=0.4921 p99=8 MENU_T+:327
MRPRE vs-se mean=10.7110 p99=143
MRPRE vs-title mean=9.8519 p99=137
ENTER_CROSS_KEYDOWN_WALL:1790000641.125005791 UPTIME:362 MENU_T+:329
ENTER_CROSS_HELD_WALL:1790000641.144101357 UPTIME:362
ENTER_CROSS_KEYUP_WALL:1790000641.661680235 UPTIME:363 MENU_T+:329
MR post+1 titleband mean=17.6707 p99=170 vs-mr mean=12.6253 p99=150 vs-pp mean=21.0600 p99=169 MENU_T+:333
MR post+3 titleband mean=17.9793 p99=171 vs-mr mean=12.6628 p99=150 vs-pp mean=21.0947 p99=169
MR post+8 titleband mean=29.9256 p99=237 vs-mr mean=20.6575 p99=197 vs-pp mean=18.4912 p99=190
MR post+15 titleband mean=34.5039 p99=184 vs-mr mean=19.3299 p99=154 vs-pp mean=1.0209 p99=21
MR post+25 titleband mean=34.5035 p99=184 vs-mr mean=19.7117 p99=154 vs-pp mean=0.7228 p99=9
MR post+40 titleband mean=34.5037 p99=184 vs-mr mean=19.5536 p99=154 vs-pp mean=0.7446 p99=9
MR hops whole: pre-post1=12.6217 p1-p3=1.7076 p3-p8=25.3705 p8-p15=18.5578 p15-p25=0.4579 p25-p40=0.1909
MR_STAB1 titleband mean=34.5105 p99=184 vs-mr mean=19.4857 p99=154 vs-pp mean=0.8425 p99=12 MENU_T+:409
MR_STAB2 titleband mean=34.5090 p99=184 vs-mr mean=19.7056 p99=154 vs-pp mean=0.7130 p99=9 MENU_T+:422
MR panel hops whole: post41-stab1=0.1113 stab1-stab2=0.2653
PP-LIKE (departed + static x3 + non-MR) -> park for X-Continue Cross
PPPRE vs-pp mean=0.6815 p99=9 MENU_T+:433
PPPRE vs-mr mean=19.6336 p99=154
PPPRE vs-title mean=34.5003 p99=184
XCROSS_KEYDOWN_WALL:1790000747.229519588 UPTIME:468 MENU_T+:435
XCROSS_HELD_WALL:1790000747.248066293 UPTIME:468
XCROSS_KEYUP_WALL:1790000747.765840962 UPTIME:469 MENU_T+:435
X post+1 titleband mean=18.4994 p99=151 vs-pp mean=14.6034 p99=153 MENU_T+:438
X post+3 titleband mean=23.2876 p99=152 vs-pp mean=15.6592 p99=140
X post+8 titleband mean=11.6827 p99=127 vs-pp mean=22.9581 p99=172
X post+15 titleband mean=14.6112 p99=141 vs-pp mean=23.5982 p99=177
X post+25 titleband mean=11.9868 p99=112 vs-pp mean=21.2814 p99=187
X post+40 titleband mean=20.4528 p99=153 vs-pp mean=13.8331 p99=150
X hops whole: pre-post1=14.6078 p1-p3=14.3456 p3-p8=16.5736 p8-p15=7.7964 p15-p25=11.6945 p25-p40=17.8619
LIVE-LIKE (departed + non-panel + motion x2) -> blind pre-hold pair + hold + blind dense series
NPRE1_SNAPSTART_WALL:1790000814.555188342 UPTIME:536 MENU_T+:502
NPRE1_SNAPEND_WALL:1790000814.622084202 UPTIME:536 MENU_T+:502
NPRE2_SNAPSTART_WALL:1790000815.126323998 UPTIME:536 MENU_T+:503
NPRE2_SNAPEND_WALL:1790000815.190531860 UPTIME:536 MENU_T+:503
HOLD_LEFT_KEYDOWN_WALL:1790000815.194264356 UPTIME:536 MENU_T+:503
HOLD_LEFT_HELD_WALL:1790000815.213925296 UPTIME:536
HOLD_LEFT_KEYUP_WALL:1790000816.232688812 UPTIME:537 MENU_T+:504
D_POST1_SNAPSTART_WALL:1790000816.737055981 UPTIME:538 MENU_T+:504
D_POST1_SNAPEND_WALL:1790000816.807484469 UPTIME:538 MENU_T+:504
D_POST2_SNAPSTART_WALL:1790000817.311429511 UPTIME:538 MENU_T+:505
D_POST2_SNAPEND_WALL:1790000817.378403036 UPTIME:538 MENU_T+:505
D_POST3_SNAPSTART_WALL:1790000817.882132903 UPTIME:539 MENU_T+:505
D_POST3_SNAPEND_WALL:1790000817.945718266 UPTIME:539 MENU_T+:505
D_POST4_SNAPSTART_WALL:1790000818.449605521 UPTIME:539 MENU_T+:506
D_POST4_SNAPEND_WALL:1790000818.512924493 UPTIME:540 MENU_T+:506
D_POST5_SNAPSTART_WALL:1790000819.016811821 UPTIME:540 MENU_T+:507
D_POST5_SNAPEND_WALL:1790000819.085247644 UPTIME:540 MENU_T+:507
D_POST6_SNAPSTART_WALL:1790000819.589670628 UPTIME:541 MENU_T+:507
D_POST6_SNAPEND_WALL:1790000819.657566065 UPTIME:541 MENU_T+:507
D_POST7_SNAPSTART_WALL:1790000820.161397205 UPTIME:541 MENU_T+:508
D_POST7_SNAPEND_WALL:1790000820.230748315 UPTIME:541 MENU_T+:508
D_POST8_SNAPSTART_WALL:1790000820.734547867 UPTIME:542 MENU_T+:508
D_POST8_SNAPEND_WALL:1790000820.801517711 UPTIME:542 MENU_T+:508
D_POST9_SNAPSTART_WALL:1790000821.305206800 UPTIME:542 MENU_T+:509
D_POST9_SNAPEND_WALL:1790000821.377521379 UPTIME:542 MENU_T+:509
D_POST10_SNAPSTART_WALL:1790000821.881351779 UPTIME:543 MENU_T+:509
D_POST10_SNAPEND_WALL:1790000821.946618323 UPTIME:543 MENU_T+:509
DENSE-BLIND-COMPLETE (12 blind snaps; post-hoc scoring only)
