REF_CHECK:mean=0.0000 p99=0 max=0 npix=224000 mode=PPM
REFMENU_CHECK:mean=0.0000 p99=0 max=0 npix=1310720 mode=PPM
REFSC_CHECK:mean=0.0000 p99=0 max=0 npix=1310720 mode=PPM
REFZC_CHECK:mean=0.0000 p99=0 max=0 npix=1310720 mode=PPM
REFSP_CHECK:mean=0.0000 p99=0 max=0 npix=1310720 mode=PPM
REFSM_CHECK:mean=0.0000 p99=0 max=0 npix=1310720 mode=PPM
REFSE_CHECK:mean=0.0000 p99=0 max=0 npix=1310720 mode=PPM
REFSETAG_CHECK:mean=0.0000 p99=0 max=0 npix=10150 mode=PPM
REFMR_CHECK:mean=0.0000 p99=0 max=0 npix=1310720 mode=PPM
REFPP_CHECK:mean=0.0000 p99=0 max=0 npix=1310720 mode=PPM
SELF_TEST mean=0.0000 p99=0
SELF_WHOLE=0.0000
SELF_MENU mean=0.0000 p99=0
SELF_SC mean=0.0000 p99=0
SELF_ZC mean=0.0000 p99=0
SELF_SP mean=0.0000 p99=0
SELF_SM mean=0.0000 p99=0
SELF_SE mean=0.0000 p99=0
SELF_SETAG mean=0.0000 p99=0
SELF_MR mean=0.0000 p99=0
SELF_PP mean=0.0000 p99=0
START_SCORE mean=46.7531 p99=222 MENU_T+:98
ATTEMPT_1 BEGIN MENU_T+:98
ATTEMPT_1 now score mean=31.4403 p99=149
ATTEMPT_1 on attract (non-title) -> Cross attract-skip
A1_CROSS_KEYDOWN_WALL:1789999031.757186173 UPTIME:762 MENU_T+:98
A1_CROSS_HELD_WALL:1789999031.775677641 UPTIME:762
A1_CROSS_KEYUP_WALL:1789999032.292543683 UPTIME:763 MENU_T+:99
ATTEMPT_1 poll01 score mean=43.9259 p99=206 MENU_T+:102
ATTEMPT_1 poll02 score mean=32.8786 p99=183 MENU_T+:104
ATTEMPT_1 poll03 score mean=39.9861 p99=184 MENU_T+:107
ATTEMPT_1 poll04 score mean=38.3162 p99=188 MENU_T+:110
ATTEMPT_1 poll05 score mean=35.3848 p99=207 MENU_T+:112
ATTEMPT_1 poll06 score mean=26.7312 p99=177 MENU_T+:115
ATTEMPT_1 poll07 score mean=30.7777 p99=175 MENU_T+:118
ATTEMPT_1 poll08 score mean=27.2968 p99=160 MENU_T+:121
ATTEMPT_1 poll09 score mean=28.3519 p99=156 MENU_T+:123
ATTEMPT_1 poll10 score mean=42.2944 p99=220 MENU_T+:126
ATTEMPT_1 poll11 score mean=41.2738 p99=220 MENU_T+:129
ATTEMPT_1 poll12 score mean=16.7908 p99=151 MENU_T+:132
ATTEMPT_1 poll13 score mean=16.6568 p99=147 MENU_T+:134
ATTEMPT_1 poll14 score mean=16.6114 p99=147 MENU_T+:137
ATTEMPT_1 poll15 score mean=16.6012 p99=147 MENU_T+:140
ATTEMPT_1 poll16 score mean=16.6261 p99=147 MENU_T+:142
ATTEMPT_1 poll17 score mean=16.6012 p99=147 MENU_T+:145
ATTEMPT_1 poll18 score mean=26.3150 p99=179 MENU_T+:148
ATTEMPT_1 NO-TITLE-IN-WINDOW (outcome: no-title)
ATTEMPT_2 BEGIN MENU_T+:148
ATTEMPT_2 now score mean=26.0675 p99=163
ATTEMPT_2 on attract (non-title) -> Cross attract-skip
A2_CROSS_KEYDOWN_WALL:1789999082.239883942 UPTIME:813 MENU_T+:149
A2_CROSS_HELD_WALL:1789999082.258260164 UPTIME:813
A2_CROSS_KEYUP_WALL:1789999082.775633672 UPTIME:813 MENU_T+:149
ATTEMPT_2 poll01 score mean=35.2249 p99=168 MENU_T+:152
ATTEMPT_2 poll02 score mean=42.4421 p99=224 MENU_T+:155
ATTEMPT_2 poll03 score mean=31.6245 p99=173 MENU_T+:157
ATTEMPT_2 poll04 score mean=24.9178 p99=164 MENU_T+:160
ATTEMPT_2 poll05 score mean=40.6606 p99=221 MENU_T+:163
ATTEMPT_2 poll06 score mean=30.8771 p99=181 MENU_T+:166
ATTEMPT_2 poll07 score mean=42.3572 p99=189 MENU_T+:168
ATTEMPT_2 poll08 score mean=29.7369 p99=177 MENU_T+:171
ATTEMPT_2 poll09 score mean=41.0318 p99=219 MENU_T+:174
ATTEMPT_2 poll10 score mean=24.7888 p99=151 MENU_T+:177
ATTEMPT_2 poll11 score mean=25.6206 p99=202 MENU_T+:179
ATTEMPT_2 poll12 score mean=36.5955 p99=172 MENU_T+:182
ATTEMPT_2 poll13 score mean=38.7857 p99=188 MENU_T+:185
ATTEMPT_2 poll14 score mean=46.8243 p99=216 MENU_T+:188
ATTEMPT_2 poll15 score mean=32.8395 p99=163 MENU_T+:190
ATTEMPT_2 poll16 score mean=32.0830 p99=184 MENU_T+:193
ATTEMPT_2 poll17 score mean=33.7891 p99=200 MENU_T+:196
ATTEMPT_2 poll18 score mean=33.1613 p99=171 MENU_T+:199
ATTEMPT_2 NO-TITLE-IN-WINDOW (outcome: no-title)
ATTEMPT_3 BEGIN MENU_T+:199
ATTEMPT_3 now score mean=28.1293 p99=157
ATTEMPT_3 on attract (non-title) -> Cross attract-skip
A3_CROSS_KEYDOWN_WALL:1789999132.890186348 UPTIME:864 MENU_T+:199
A3_CROSS_HELD_WALL:1789999132.908173114 UPTIME:864
A3_CROSS_KEYUP_WALL:1789999133.424847267 UPTIME:864 MENU_T+:200
ATTEMPT_3 poll01 score mean=28.8368 p99=174 MENU_T+:203
ATTEMPT_3 poll02 score mean=24.9065 p99=179 MENU_T+:205
ATTEMPT_3 poll03 score mean=32.9246 p99=157 MENU_T+:208
ATTEMPT_3 poll04 score mean=41.0292 p99=204 MENU_T+:211
ATTEMPT_3 poll05 score mean=33.5335 p99=156 MENU_T+:214
ATTEMPT_3 poll06 score mean=32.1852 p99=165 MENU_T+:216
ATTEMPT_3 poll07 score mean=35.6517 p99=156 MENU_T+:219
ATTEMPT_3 poll08 score mean=30.7562 p99=161 MENU_T+:222
ATTEMPT_3 poll09 score mean=44.0391 p99=207 MENU_T+:225
ATTEMPT_3 poll10 score mean=33.3859 p99=162 MENU_T+:227
ATTEMPT_3 poll11 score mean=28.2876 p99=177 MENU_T+:230
ATTEMPT_3 poll12 score mean=30.6068 p99=157 MENU_T+:233
ATTEMPT_3 poll13 score mean=36.0281 p99=202 MENU_T+:235
ATTEMPT_3 poll14 score mean=28.1470 p99=174 MENU_T+:238
ATTEMPT_3 poll15 score mean=32.0872 p99=167 MENU_T+:241
ATTEMPT_3 poll16 score mean=28.9180 p99=170 MENU_T+:244
ATTEMPT_3 poll17 score mean=23.5960 p99=156 MENU_T+:246
ATTEMPT_3 poll18 score mean=42.4857 p99=220 MENU_T+:249
ATTEMPT_3 NO-TITLE-IN-WINDOW (outcome: no-title)
NO-PARK (menu-like gate never fired in <=3 attempts; no menu Cross pressed)
