[20:47:49] PRE lease="LEASE_FREE VK1 done" keyguard="showing=false" battery=100% ac=true pid0=none
[20:47:49] PRE device-env=a8d651a7e55f7e29f1345f28f4ea634e06ae757f535e29439ab61c930bcc0ebd mc0-test='' mc0-bad=[]
[20:47:49] APK local sha x2 3e493b44697d8e61866b43bed70d86536f57764dc7c7b812310fcf1cc5776220 3e493b44697d8e61866b43bed70d86536f57764dc7c7b812310fcf1cc5776220
[20:47:52] INSTALL Performing Streamed Install Success
[20:47:53] INSTALLED /data/app/~~JVMAflAoMok74LoYbAqUOg==/com.ps2x.runner-9XaUw-3HT-eUXCmMhxl0sg==/base.apk sha=3e493b44697d8e61866b43bed70d86536f57764dc7c7b812310fcf1cc5776220 match=True
[20:47:53] ENV b0ab737dd9b4d3e2357c8a625b8d681c7005f3967bf0af7750bf1a962f67bdc5  /storage/emulated/0/Android/data/com.ps2x.runner/files/ps2x.env
[20:47:53 t+    0.0] AM Starting: Intent { cmp=com.ps2x.runner/android.app.NativeActivity }
[20:47:59 t+    6.1] FOCUS app-foreground, no BACK ('mCurrentFocus=Window{11ab9a u0 com.ps2x.runner/android.app.NativeActivity}')
[20:48:01 t+    8.3] LAYER 'com.ps2x.runner/android.app.NativeActivity#18407' tried=['com.ps2x.runner/android.app.NativeActivity#18398', 'RequestedLayerState{ActivityRecord{6db5ee7 u0 com.ps2x.runner/android.app.NativeActivity#18398 parentId=18397}', 'com.ps2x.runner/android.app.NativeActivity#18407']
[20:49:10 t+   76.8] SCAP sc01-tick2100-t76.png tick~2115
[20:50:16 t+  142.8] SCAP sc02-tick3000-t142.png tick~3067
[20:51:20 t+  206.6] SCAP sc03-tick4000-t206.png tick~4047
[20:51:50 t+  237.6] STOP tick 4562 >= 4500
[20:51:51 t+  238.0] SCAP sc04-final-t237.png tick~4562
[20:51:52 t+  239.4] THREADS
Threads: 28 total,   1 running,  27 sleeping,   0 stopped,   0 zombie
  Mem:  7342756K total,  5096656K used,  2246100K free,      724K buffers
 Swap: 10485752K total,   788748K used,  9697004K free,  2494244K cached
800%cpu  92%user   0%nice  23%sys 677%idle   0%iow   8%irq   0%sirq   0%host
  TID USER         PR  NI VIRT  RES  SHR S[%CPU] %MEM     TIME+ THREAD          PROCESS
11126 u0_a113      10 -10  17G 756M 515M S 69.2  10.5   2:41.98 GameThread      com.ps2x.runner
11061 u0_a113      10 -10  17G 756M 515M R 15.3  10.5   0:36.51 GsWorker        com.ps2x.runner
11122 u0_a113      -3 -10  17G 756M 515M S  3.8  10.5   0:00.87 AAudio_1        com.ps2x.runner
11056 u0_a113      10 -10  17G 756M 515M S  3.8  10.5   0:12.33 Thread-3        com.ps2x.runner
11137 u0_a113      20   0  17G 756M 515M S  0.0  10.5   0:00.00 InteractionJank com.ps2x.runner
11134 u0_a113      20   0  17G 756M 515M S  0.0  10.5   0:00.15 binder:11031_3  com.ps2x.runner
11128 u0_a113      10 -10  17G 756M 515M S  0.0  10.5   0:00.23 PGS-Waiter      com.ps2x.runner
11127 u0_a113      39  19  17G 756M 515M S  0.0  10.5   0:00.00 com.ps:traceq0  com.ps2x.runner
11114 u0_a113      10 -10  17G 756M 515M S  0.0  10.5   0:00.00 com.ps2x.runner com.ps2x.runner
11096 u0_a113      20   0  17G 756M 515M S  0.0  10.5   0:00.29 binder:11031_5  com.ps2x.runner
11089 u0_a113      20   0  17G 756M 515M S  0.0  10.5   0:00.00 InsetsAnimation com.ps2x.runner
11085 u0_a113      20   0  17G 756M 515M S  0.0  10.5   0:00.00 binder:11031_4  com.ps2x.runner
11084 u0_a113      20   0  17G 756M 515M S  0.0  10.5   0:00.00 SurfaceSyncGrou com.ps2x.runner
11081 u0_a113      10 -10  17G 756M 515M S  0.0  10.5   0:00.00 VsyncReceiver   com.ps2x.runner
11057 u0_a113      10 -10  17G 756M 515M S  0.0  10.5   0:00.00 com.ps2x.runner com.ps2x.runner

[20:51:52 t+  239.4] BATTERY status: 5 level: 100
[20:51:55 t+  242.1] RESTORE a8d651a7e55f7e29f1345f28f4ea634e06ae757f535e29439ab61c930bcc0ebd match=True
[20:51:55 t+  242.2] MC0-AFTER bad=[]
[20:51:55 t+  242.3] END pid-after=none disconnects=0
