-- The C compiler identification is Clang 23.1.1
-- The CXX compiler identification is Clang 23.1.1
-- Detecting C compiler ABI info
-- Detecting C compiler ABI info - done
-- Check for working C compiler: /Applications/Xcode.app/Contents/Developer/Toolchains/XcodeDefault.xctoolchain/usr/bin/clang - skipped
-- Detecting C compile features
-- Detecting C compile features - done
-- Detecting CXX compiler ABI info
-- Detecting CXX compiler ABI info - done
-- Check for working CXX compiler: /Applications/Xcode.app/Contents/Developer/Toolchains/XcodeDefault.xctoolchain/usr/bin/clang++ - skipped
-- Detecting CXX compile features
-- Detecting CXX compile features - done
-- ARM target detected, fetching sse2neon
-- macOS ARM64 - using default compiler flags
CMake Warning (deprecated) at /Volumes/Extreme SSD/ps2x-i4/raylib-5.5/CMakeLists.txt:1 (cmake_minimum_required):
  Compatibility with CMake < 3.10 will be removed from a future version of
  CMake.

  Update the VERSION argument <min> value.  Or, use the <min>...<max> syntax
  to tell CMake that the project requires at least <min> but has been updated
  to work with policies introduced by <max> or earlier.
This warning is for project developers.  Use -Wno-author or -Wno-deprecated
to suppress it.

-- Performing Test COMPILER_HAS_THOSE_TOGGLES
-- Performing Test COMPILER_HAS_THOSE_TOGGLES - Success
-- Testing if -Werror=pointer-arith can be used -- compiles
-- Testing if -Werror=implicit-function-declaration can be used -- compiles
-- Testing if -fno-strict-aliasing can be used -- compiles
-- Using external GLFW
-- Audio Backend: miniaudio
-- Building raylib static library
-- Generated config types: Release
-- Compiling with the flags:
--   PLATFORM=PLATFORM_DESKTOP_SDL
--   GRAPHICS=GRAPHICS_API_OPENGL_ES2
CMake Warning (author) at /opt/homebrew/share/cmake/Modules/FetchContent.cmake:1968 (message):
  Calling FetchContent_Populate(imgui) is deprecated, call
  FetchContent_MakeAvailable(imgui) instead.  Policy CMP0169 can be set to
  OLD to allow FetchContent_Populate(imgui) to be called directly for now,
  but the ability to call it with declared details will be removed completely
  in a future version.
Call Stack (most recent call first):
  ps2xRuntime/CMakeLists.txt:123 (FetchContent_Populate)
This warning is for project developers.  Use -Wno-author to suppress it.

-- Populating imgui
-- Configuring done (0.6s)
-- Generating done (0.5s)
-- Build files have been written to: /Volumes/Extreme SSD/ps2x-i16/ios-runtime-device/_deps/imgui-subbuild
Command line invocation:
    /Applications/Xcode.app/Contents/Developer/usr/bin/xcodebuild -project imgui-populate.xcodeproj build -configuration Debug -parallelizeTargets -hideShellScriptEnvironment -target ALL_BUILD

ComputePackagePrebuildTargetDependencyGraph

CreateBuildRequest

SendProjectDescription

CreateBuildOperation

ComputeTargetDependencyGraph
note: Building targets in dependency order
note: Target dependency graph (3 targets)
    Target 'ALL_BUILD' in project 'imgui-populate'
        ➜ Explicit dependency on target 'imgui-populate' in project 'imgui-populate'
        ➜ Explicit dependency on target 'ZERO_CHECK' in project 'imgui-populate'
    Target 'imgui-populate' in project 'imgui-populate'
        ➜ Explicit dependency on target 'ZERO_CHECK' in project 'imgui-populate'
    Target 'ZERO_CHECK' in project 'imgui-populate' (no dependencies)

GatherProvisioningInputs

CreateBuildDescription

ExecuteExternalTool /opt/homebrew/opt/llvm/bin/clang -v -E -dM -isysroot /Applications/Xcode.app/Contents/Developer/Platforms/MacOSX.platform/Developer/SDKs/MacOSX27.0.sdk -x c -c /dev/null

Build description signature: 869e21d4ea425259ff672e7634c56a45
Build description path: /Volumes/Extreme SSD/ps2x-i16/ios-runtime-device/_deps/imgui-subbuild/build/XCBuildData/869e21d4ea425259ff672e7634c56a45.xcbuilddata
CreateBuildDirectory /Volumes/Extreme\ SSD/ps2x-i16/ios-runtime-device/_deps/imgui-subbuild/build
    cd /Volumes/Extreme\ SSD/ps2x-i16/ios-runtime-device/_deps/imgui-subbuild/imgui-populate.xcodeproj
    builtin-create-build-directory /Volumes/Extreme\ SSD/ps2x-i16/ios-runtime-device/_deps/imgui-subbuild/build

CreateBuildDirectory /var/folders/zg/v8fr50g11gg5xcmmsr57zzq00000gn/C/com.apple.DeveloperTools/27.0-27A266a/Xcode/CompilationCache.noindex
    cd /Volumes/Extreme\ SSD/ps2x-i16/ios-runtime-device/_deps/imgui-subbuild/imgui-populate.xcodeproj
    builtin-create-build-directory /var/folders/zg/v8fr50g11gg5xcmmsr57zzq00000gn/C/com.apple.DeveloperTools/27.0-27A266a/Xcode/CompilationCache.noindex

CreateBuildDirectory /Volumes/Extreme\ SSD/ps2x-i16/ios-runtime-device/_deps/imgui-subbuild/build/SwiftExplicitPrecompiledModules
    cd /Volumes/Extreme\ SSD/ps2x-i16/ios-runtime-device/_deps/imgui-subbuild/imgui-populate.xcodeproj
    builtin-create-build-directory /Volumes/Extreme\ SSD/ps2x-i16/ios-runtime-device/_deps/imgui-subbuild/build/SwiftExplicitPrecompiledModules

CreateBuildDirectory /Volumes/Extreme\ SSD/ps2x-i16/ios-runtime-device/_deps/imgui-subbuild/build/Debug
    cd /Volumes/Extreme\ SSD/ps2x-i16/ios-runtime-device/_deps/imgui-subbuild/imgui-populate.xcodeproj
    builtin-create-build-directory /Volumes/Extreme\ SSD/ps2x-i16/ios-runtime-device/_deps/imgui-subbuild/build/Debug

CreateBuildDirectory /Volumes/Extreme\ SSD/ps2x-i16/ios-runtime-device/_deps/imgui-subbuild/build/ExplicitPrecompiledModules
    cd /Volumes/Extreme\ SSD/ps2x-i16/ios-runtime-device/_deps/imgui-subbuild/imgui-populate.xcodeproj
    builtin-create-build-directory /Volumes/Extreme\ SSD/ps2x-i16/ios-runtime-device/_deps/imgui-subbuild/build/ExplicitPrecompiledModules

CreateBuildDirectory /Volumes/Extreme\ SSD/ps2x-i16/ios-runtime-device/_deps/imgui-subbuild/build/SharedPrecompiledHeaders
    cd /Volumes/Extreme\ SSD/ps2x-i16/ios-runtime-device/_deps/imgui-subbuild/imgui-populate.xcodeproj
    builtin-create-build-directory /Volumes/Extreme\ SSD/ps2x-i16/ios-runtime-device/_deps/imgui-subbuild/build/SharedPrecompiledHeaders

WriteAuxiliaryFile /Volumes/Extreme\ SSD/ps2x-i16/ios-runtime-device/_deps/imgui-subbuild/build/imgui-populate.build/Debug/imgui-populate.build/Script-F2761E69B636659E293A4CD3.sh (in target 'imgui-populate' from project 'imgui-populate')
    cd /Volumes/Extreme\ SSD/ps2x-i16/ios-runtime-device/_deps/imgui-subbuild
    write-file /Volumes/Extreme\ SSD/ps2x-i16/ios-runtime-device/_deps/imgui-subbuild/build/imgui-populate.build/Debug/imgui-populate.build/Script-F2761E69B636659E293A4CD3.sh

WriteAuxiliaryFile /Volumes/Extreme\ SSD/ps2x-i16/ios-runtime-device/_deps/imgui-subbuild/build/imgui-populate.build/Debug/imgui-populate.build/Script-D9D2276ADDBB6908774948F9.sh (in target 'imgui-populate' from project 'imgui-populate')
    cd /Volumes/Extreme\ SSD/ps2x-i16/ios-runtime-device/_deps/imgui-subbuild
    write-file /Volumes/Extreme\ SSD/ps2x-i16/ios-runtime-device/_deps/imgui-subbuild/build/imgui-populate.build/Debug/imgui-populate.build/Script-D9D2276ADDBB6908774948F9.sh

CreateBuildDirectory /Volumes/Extreme\ SSD/ps2x-i16/ios-runtime-device/_deps/imgui-subbuild/build/EagerLinkingTBDs/Debug
    cd /Volumes/Extreme\ SSD/ps2x-i16/ios-runtime-device/_deps/imgui-subbuild/imgui-populate.xcodeproj
    builtin-create-build-directory /Volumes/Extreme\ SSD/ps2x-i16/ios-runtime-device/_deps/imgui-subbuild/build/EagerLinkingTBDs/Debug

WriteAuxiliaryFile /Volumes/Extreme\ SSD/ps2x-i16/ios-runtime-device/_deps/imgui-subbuild/build/imgui-populate.build/Debug/imgui-populate.build/Script-EE7CAD96B7BD812CF5384257.sh (in target 'imgui-populate' from project 'imgui-populate')
    cd /Volumes/Extreme\ SSD/ps2x-i16/ios-runtime-device/_deps/imgui-subbuild
    write-file /Volumes/Extreme\ SSD/ps2x-i16/ios-runtime-device/_deps/imgui-subbuild/build/imgui-populate.build/Debug/imgui-populate.build/Script-EE7CAD96B7BD812CF5384257.sh

WriteAuxiliaryFile /Volumes/Extreme\ SSD/ps2x-i16/ios-runtime-device/_deps/imgui-subbuild/build/imgui-populate.build/Debug/imgui-populate.build/Script-F2FDCE5209AE69D6DC221058.sh (in target 'imgui-populate' from project 'imgui-populate')
    cd /Volumes/Extreme\ SSD/ps2x-i16/ios-runtime-device/_deps/imgui-subbuild
    write-file /Volumes/Extreme\ SSD/ps2x-i16/ios-runtime-device/_deps/imgui-subbuild/build/imgui-populate.build/Debug/imgui-populate.build/Script-F2FDCE5209AE69D6DC221058.sh

WriteAuxiliaryFile /Volumes/Extreme\ SSD/ps2x-i16/ios-runtime-device/_deps/imgui-subbuild/build/imgui-populate.build/Debug/ZERO_CHECK.build/Script-8FAC8BA4F18132433FC22DEA.sh (in target 'ZERO_CHECK' from project 'imgui-populate')
    cd /Volumes/Extreme\ SSD/ps2x-i16/ios-runtime-device/_deps/imgui-subbuild
    write-file /Volumes/Extreme\ SSD/ps2x-i16/ios-runtime-device/_deps/imgui-subbuild/build/imgui-populate.build/Debug/ZERO_CHECK.build/Script-8FAC8BA4F18132433FC22DEA.sh

WriteAuxiliaryFile /Volumes/Extreme\ SSD/ps2x-i16/ios-runtime-device/_deps/imgui-subbuild/build/imgui-populate.build/Debug/imgui-populate.build/Script-CE2EA8A026703EEA7904A939.sh (in target 'imgui-populate' from project 'imgui-populate')
    cd /Volumes/Extreme\ SSD/ps2x-i16/ios-runtime-device/_deps/imgui-subbuild
    write-file /Volumes/Extreme\ SSD/ps2x-i16/ios-runtime-device/_deps/imgui-subbuild/build/imgui-populate.build/Debug/imgui-populate.build/Script-CE2EA8A026703EEA7904A939.sh

WriteAuxiliaryFile /Volumes/Extreme\ SSD/ps2x-i16/ios-runtime-device/_deps/imgui-subbuild/build/imgui-populate.build/Debug/imgui-populate.build/Script-BF722817C2193A3AFF64D251.sh (in target 'imgui-populate' from project 'imgui-populate')
    cd /Volumes/Extreme\ SSD/ps2x-i16/ios-runtime-device/_deps/imgui-subbuild
    write-file /Volumes/Extreme\ SSD/ps2x-i16/ios-runtime-device/_deps/imgui-subbuild/build/imgui-populate.build/Debug/imgui-populate.build/Script-BF722817C2193A3AFF64D251.sh

WriteAuxiliaryFile /Volumes/Extreme\ SSD/ps2x-i16/ios-runtime-device/_deps/imgui-subbuild/build/imgui-populate.build/Debug/imgui-populate.build/Script-9E9768B0624B9D06F0AEDD57.sh (in target 'imgui-populate' from project 'imgui-populate')
    cd /Volumes/Extreme\ SSD/ps2x-i16/ios-runtime-device/_deps/imgui-subbuild
    write-file /Volumes/Extreme\ SSD/ps2x-i16/ios-runtime-device/_deps/imgui-subbuild/build/imgui-populate.build/Debug/imgui-populate.build/Script-9E9768B0624B9D06F0AEDD57.sh

WriteAuxiliaryFile /Volumes/Extreme\ SSD/ps2x-i16/ios-runtime-device/_deps/imgui-subbuild/build/imgui-populate.build/Debug/imgui-populate.build/Script-6FF8DC791EFD857EE2EAC35E.sh (in target 'imgui-populate' from project 'imgui-populate')
    cd /Volumes/Extreme\ SSD/ps2x-i16/ios-runtime-device/_deps/imgui-subbuild
    write-file /Volumes/Extreme\ SSD/ps2x-i16/ios-runtime-device/_deps/imgui-subbuild/build/imgui-populate.build/Debug/imgui-populate.build/Script-6FF8DC791EFD857EE2EAC35E.sh

WriteAuxiliaryFile /Volumes/Extreme\ SSD/ps2x-i16/ios-runtime-device/_deps/imgui-subbuild/build/imgui-populate.build/Debug/imgui-populate.build/Script-51A5A7C0762E5816C3D2A051.sh (in target 'imgui-populate' from project 'imgui-populate')
    cd /Volumes/Extreme\ SSD/ps2x-i16/ios-runtime-device/_deps/imgui-subbuild
    write-file /Volumes/Extreme\ SSD/ps2x-i16/ios-runtime-device/_deps/imgui-subbuild/build/imgui-populate.build/Debug/imgui-populate.build/Script-51A5A7C0762E5816C3D2A051.sh

WriteAuxiliaryFile /Volumes/Extreme\ SSD/ps2x-i16/ios-runtime-device/_deps/imgui-subbuild/build/imgui-populate.build/Debug/imgui-populate.build/Script-5149055603D8B1BA735057A1.sh (in target 'imgui-populate' from project 'imgui-populate')
    cd /Volumes/Extreme\ SSD/ps2x-i16/ios-runtime-device/_deps/imgui-subbuild
    write-file /Volumes/Extreme\ SSD/ps2x-i16/ios-runtime-device/_deps/imgui-subbuild/build/imgui-populate.build/Debug/imgui-populate.build/Script-5149055603D8B1BA735057A1.sh

PhaseScriptExecution Generate\ CMakeFiles/ZERO_CHECK /Volumes/Extreme\ SSD/ps2x-i16/ios-runtime-device/_deps/imgui-subbuild/build/imgui-populate.build/Debug/ZERO_CHECK.build/Script-8FAC8BA4F18132433FC22DEA.sh (in target 'ZERO_CHECK' from project 'imgui-populate')
    cd /Volumes/Extreme\ SSD/ps2x-i16/ios-runtime-device/_deps/imgui-subbuild
    /bin/sh -c /Volumes/Extreme\\\ SSD/ps2x-i16/ios-runtime-device/_deps/imgui-subbuild/build/imgui-populate.build/Debug/ZERO_CHECK.build/Script-8FAC8BA4F18132433FC22DEA.sh
make: `/Volumes/Extreme SSD/ps2x-i16/ios-runtime-device/_deps/imgui-subbuild/CMakeFiles/cmake.check_cache' is up to date.

WriteAuxiliaryFile /Volumes/Extreme\ SSD/ps2x-i16/ios-runtime-device/_deps/imgui-subbuild/build/imgui-populate.build/Debug/ALL_BUILD.build/Script-457F0AD5070EBA3671DC8788.sh (in target 'ALL_BUILD' from project 'imgui-populate')
    cd /Volumes/Extreme\ SSD/ps2x-i16/ios-runtime-device/_deps/imgui-subbuild
    write-file /Volumes/Extreme\ SSD/ps2x-i16/ios-runtime-device/_deps/imgui-subbuild/build/imgui-populate.build/Debug/ALL_BUILD.build/Script-457F0AD5070EBA3671DC8788.sh

PhaseScriptExecution Generate\ imgui-populate-prefix/src/imgui-populate-stamp/$(CONFIGURATION)$(EFFECTIVE_PLATFORM_NAME)/imgui-populate-mkdir /Volumes/Extreme\ SSD/ps2x-i16/ios-runtime-device/_deps/imgui-subbuild/build/imgui-populate.build/Debug/imgui-populate.build/Script-6FF8DC791EFD857EE2EAC35E.sh (in target 'imgui-populate' from project 'imgui-populate')
    cd /Volumes/Extreme\ SSD/ps2x-i16/ios-runtime-device/_deps/imgui-subbuild
    /bin/sh -c /Volumes/Extreme\\\ SSD/ps2x-i16/ios-runtime-device/_deps/imgui-subbuild/build/imgui-populate.build/Debug/imgui-populate.build/Script-6FF8DC791EFD857EE2EAC35E.sh

PhaseScriptExecution Generate\ imgui-populate-prefix/src/imgui-populate-stamp/$(CONFIGURATION)$(EFFECTIVE_PLATFORM_NAME)/imgui-populate-download /Volumes/Extreme\ SSD/ps2x-i16/ios-runtime-device/_deps/imgui-subbuild/build/imgui-populate.build/Debug/imgui-populate.build/Script-5149055603D8B1BA735057A1.sh (in target 'imgui-populate' from project 'imgui-populate')
    cd /Volumes/Extreme\ SSD/ps2x-i16/ios-runtime-device/_deps/imgui-subbuild
    /bin/sh -c /Volumes/Extreme\\\ SSD/ps2x-i16/ios-runtime-device/_deps/imgui-subbuild/build/imgui-populate.build/Debug/imgui-populate.build/Script-5149055603D8B1BA735057A1.sh
Cloning into 'imgui-src'...
error: non-monotonic index .git/objects/pack/._pack-0f6f5c767f438cb6b7e417f0a3c13d0bb06d6702.idx
error: non-monotonic index .git/objects/pack/._pack-0f6f5c767f438cb6b7e417f0a3c13d0bb06d6702.idx
HEAD is now at b1bcb12 Merge branch 'master' into docking
Command PhaseScriptExecution emitted errors but did not return a nonzero exit code to indicate failure

PhaseScriptExecution Generate\ imgui-populate-prefix/src/imgui-populate-stamp/$(CONFIGURATION)$(EFFECTIVE_PLATFORM_NAME)/imgui-populate-update /Volumes/Extreme\ SSD/ps2x-i16/ios-runtime-device/_deps/imgui-subbuild/build/imgui-populate.build/Debug/imgui-populate.build/Script-BF722817C2193A3AFF64D251.sh (in target 'imgui-populate' from project 'imgui-populate')
    cd /Volumes/Extreme\ SSD/ps2x-i16/ios-runtime-device/_deps/imgui-subbuild
    /bin/sh -c /Volumes/Extreme\\\ SSD/ps2x-i16/ios-runtime-device/_deps/imgui-subbuild/build/imgui-populate.build/Debug/imgui-populate.build/Script-BF722817C2193A3AFF64D251.sh
-- Already at requested tag: v1.92.7-docking

PhaseScriptExecution Generate\ imgui-populate-prefix/src/imgui-populate-stamp/$(CONFIGURATION)$(EFFECTIVE_PLATFORM_NAME)/imgui-populate-patch /Volumes/Extreme\ SSD/ps2x-i16/ios-runtime-device/_deps/imgui-subbuild/build/imgui-populate.build/Debug/imgui-populate.build/Script-F2761E69B636659E293A4CD3.sh (in target 'imgui-populate' from project 'imgui-populate')
    cd /Volumes/Extreme\ SSD/ps2x-i16/ios-runtime-device/_deps/imgui-subbuild
    /bin/sh -c /Volumes/Extreme\\\ SSD/ps2x-i16/ios-runtime-device/_deps/imgui-subbuild/build/imgui-populate.build/Debug/imgui-populate.build/Script-F2761E69B636659E293A4CD3.sh

PhaseScriptExecution Generate\ imgui-populate-prefix/src/imgui-populate-stamp/$(CONFIGURATION)$(EFFECTIVE_PLATFORM_NAME)/imgui-populate-configure /Volumes/Extreme\ SSD/ps2x-i16/ios-runtime-device/_deps/imgui-subbuild/build/imgui-populate.build/Debug/imgui-populate.build/Script-9E9768B0624B9D06F0AEDD57.sh (in target 'imgui-populate' from project 'imgui-populate')
    cd /Volumes/Extreme\ SSD/ps2x-i16/ios-runtime-device/_deps/imgui-subbuild
    /bin/sh -c /Volumes/Extreme\\\ SSD/ps2x-i16/ios-runtime-device/_deps/imgui-subbuild/build/imgui-populate.build/Debug/imgui-populate.build/Script-9E9768B0624B9D06F0AEDD57.sh

PhaseScriptExecution Generate\ imgui-populate-prefix/src/imgui-populate-stamp/$(CONFIGURATION)$(EFFECTIVE_PLATFORM_NAME)/imgui-populate-build /Volumes/Extreme\ SSD/ps2x-i16/ios-runtime-device/_deps/imgui-subbuild/build/imgui-populate.build/Debug/imgui-populate.build/Script-F2FDCE5209AE69D6DC221058.sh (in target 'imgui-populate' from project 'imgui-populate')
    cd /Volumes/Extreme\ SSD/ps2x-i16/ios-runtime-device/_deps/imgui-subbuild
    /bin/sh -c /Volumes/Extreme\\\ SSD/ps2x-i16/ios-runtime-device/_deps/imgui-subbuild/build/imgui-populate.build/Debug/imgui-populate.build/Script-F2FDCE5209AE69D6DC221058.sh

PhaseScriptExecution Generate\ imgui-populate-prefix/src/imgui-populate-stamp/$(CONFIGURATION)$(EFFECTIVE_PLATFORM_NAME)/imgui-populate-install /Volumes/Extreme\ SSD/ps2x-i16/ios-runtime-device/_deps/imgui-subbuild/build/imgui-populate.build/Debug/imgui-populate.build/Script-EE7CAD96B7BD812CF5384257.sh (in target 'imgui-populate' from project 'imgui-populate')
    cd /Volumes/Extreme\ SSD/ps2x-i16/ios-runtime-device/_deps/imgui-subbuild
    /bin/sh -c /Volumes/Extreme\\\ SSD/ps2x-i16/ios-runtime-device/_deps/imgui-subbuild/build/imgui-populate.build/Debug/imgui-populate.build/Script-EE7CAD96B7BD812CF5384257.sh

PhaseScriptExecution Generate\ imgui-populate-prefix/src/imgui-populate-stamp/$(CONFIGURATION)$(EFFECTIVE_PLATFORM_NAME)/imgui-populate-test /Volumes/Extreme\ SSD/ps2x-i16/ios-runtime-device/_deps/imgui-subbuild/build/imgui-populate.build/Debug/imgui-populate.build/Script-51A5A7C0762E5816C3D2A051.sh (in target 'imgui-populate' from project 'imgui-populate')
    cd /Volumes/Extreme\ SSD/ps2x-i16/ios-runtime-device/_deps/imgui-subbuild
    /bin/sh -c /Volumes/Extreme\\\ SSD/ps2x-i16/ios-runtime-device/_deps/imgui-subbuild/build/imgui-populate.build/Debug/imgui-populate.build/Script-51A5A7C0762E5816C3D2A051.sh

PhaseScriptExecution Generate\ CMakeFiles/$(CONFIGURATION)$(EFFECTIVE_PLATFORM_NAME)/imgui-populate-complete /Volumes/Extreme\ SSD/ps2x-i16/ios-runtime-device/_deps/imgui-subbuild/build/imgui-populate.build/Debug/imgui-populate.build/Script-CE2EA8A026703EEA7904A939.sh (in target 'imgui-populate' from project 'imgui-populate')
    cd /Volumes/Extreme\ SSD/ps2x-i16/ios-runtime-device/_deps/imgui-subbuild
    /bin/sh -c /Volumes/Extreme\\\ SSD/ps2x-i16/ios-runtime-device/_deps/imgui-subbuild/build/imgui-populate.build/Debug/imgui-populate.build/Script-CE2EA8A026703EEA7904A939.sh

PhaseScriptExecution Generate\ CMakeFiles/imgui-populate /Volumes/Extreme\ SSD/ps2x-i16/ios-runtime-device/_deps/imgui-subbuild/build/imgui-populate.build/Debug/imgui-populate.build/Script-D9D2276ADDBB6908774948F9.sh (in target 'imgui-populate' from project 'imgui-populate')
    cd /Volumes/Extreme\ SSD/ps2x-i16/ios-runtime-device/_deps/imgui-subbuild
    /bin/sh -c /Volumes/Extreme\\\ SSD/ps2x-i16/ios-runtime-device/_deps/imgui-subbuild/build/imgui-populate.build/Debug/imgui-populate.build/Script-D9D2276ADDBB6908774948F9.sh

PhaseScriptExecution Generate\ CMakeFiles/ALL_BUILD /Volumes/Extreme\ SSD/ps2x-i16/ios-runtime-device/_deps/imgui-subbuild/build/imgui-populate.build/Debug/ALL_BUILD.build/Script-457F0AD5070EBA3671DC8788.sh (in target 'ALL_BUILD' from project 'imgui-populate')
    cd /Volumes/Extreme\ SSD/ps2x-i16/ios-runtime-device/_deps/imgui-subbuild
    /bin/sh -c /Volumes/Extreme\\\ SSD/ps2x-i16/ios-runtime-device/_deps/imgui-subbuild/build/imgui-populate.build/Debug/ALL_BUILD.build/Script-457F0AD5070EBA3671DC8788.sh
Build all projects

PruneExplicitPrecompiledModules /Volumes/Extreme SSD/ps2x-i16/ios-runtime-device/_deps/imgui-subbuild/build/SwiftExplicitPrecompiledModules

PruneExplicitPrecompiledModules /Volumes/Extreme SSD/ps2x-i16/ios-runtime-device/_deps/imgui-subbuild/build/ExplicitPrecompiledModules

note: Run script build phase 'Generate CMakeFiles/imgui-populate' will be run during every build because the option to run the script phase "Based on dependency analysis" is unchecked. (in target 'imgui-populate' from project 'imgui-populate')
note: Run script build phase 'Generate imgui-populate-prefix/src/imgui-populate-stamp/$(CONFIGURATION)$(EFFECTIVE_PLATFORM_NAME)/imgui-populate-update' will be run during every build because the option to run the script phase "Based on dependency analysis" is unchecked. (in target 'imgui-populate' from project 'imgui-populate')
note: Run script build phase 'Generate CMakeFiles/$(CONFIGURATION)$(EFFECTIVE_PLATFORM_NAME)/imgui-populate-complete' will be run during every build because the option to run the script phase "Based on dependency analysis" is unchecked. (in target 'imgui-populate' from project 'imgui-populate')
note: Run script build phase 'Generate imgui-populate-prefix/src/imgui-populate-stamp/$(CONFIGURATION)$(EFFECTIVE_PLATFORM_NAME)/imgui-populate-patch' will be run during every build because the option to run the script phase "Based on dependency analysis" is unchecked. (in target 'imgui-populate' from project 'imgui-populate')
note: Run script build phase 'Generate CMakeFiles/ZERO_CHECK' will be run during every build because the option to run the script phase "Based on dependency analysis" is unchecked. (in target 'ZERO_CHECK' from project 'imgui-populate')
note: Run script build phase 'Generate CMakeFiles/ALL_BUILD' will be run during every build because the option to run the script phase "Based on dependency analysis" is unchecked. (in target 'ALL_BUILD' from project 'imgui-populate')
** BUILD SUCCEEDED **

CMake Warning (author) at /opt/homebrew/share/cmake/Modules/FetchContent.cmake:1968 (message):
  Calling FetchContent_Populate(rlImGui) is deprecated, call
  FetchContent_MakeAvailable(rlImGui) instead.  Policy CMP0169 can be set to
  OLD to allow FetchContent_Populate(rlImGui) to be called directly for now,
  but the ability to call it with declared details will be removed completely
  in a future version.
Call Stack (most recent call first):
  ps2xRuntime/CMakeLists.txt:146 (FetchContent_Populate)
This warning is for project developers.  Use -Wno-author to suppress it.

-- Populating rlimgui
-- Configuring done (0.6s)
-- Generating done (0.5s)
-- Build files have been written to: /Volumes/Extreme SSD/ps2x-i16/ios-runtime-device/_deps/rlimgui-subbuild
Command line invocation:
    /Applications/Xcode.app/Contents/Developer/usr/bin/xcodebuild -project rlimgui-populate.xcodeproj build -configuration Debug -parallelizeTargets -hideShellScriptEnvironment -target ALL_BUILD

ComputePackagePrebuildTargetDependencyGraph

CreateBuildRequest

SendProjectDescription

CreateBuildOperation

ComputeTargetDependencyGraph
note: Building targets in dependency order
note: Target dependency graph (3 targets)
    Target 'ALL_BUILD' in project 'rlimgui-populate'
        ➜ Explicit dependency on target 'ZERO_CHECK' in project 'rlimgui-populate'
        ➜ Explicit dependency on target 'rlimgui-populate' in project 'rlimgui-populate'
    Target 'rlimgui-populate' in project 'rlimgui-populate'
        ➜ Explicit dependency on target 'ZERO_CHECK' in project 'rlimgui-populate'
    Target 'ZERO_CHECK' in project 'rlimgui-populate' (no dependencies)

GatherProvisioningInputs

CreateBuildDescription

ExecuteExternalTool /opt/homebrew/opt/llvm/bin/clang -v -E -dM -isysroot /Applications/Xcode.app/Contents/Developer/Platforms/MacOSX.platform/Developer/SDKs/MacOSX27.0.sdk -x c -c /dev/null

Build description signature: c2eb6c477e6f08cbfc94de6276eea0d3
Build description path: /Volumes/Extreme SSD/ps2x-i16/ios-runtime-device/_deps/rlimgui-subbuild/build/XCBuildData/c2eb6c477e6f08cbfc94de6276eea0d3.xcbuilddata
CreateBuildDirectory /Volumes/Extreme\ SSD/ps2x-i16/ios-runtime-device/_deps/rlimgui-subbuild/build
    cd /Volumes/Extreme\ SSD/ps2x-i16/ios-runtime-device/_deps/rlimgui-subbuild/rlimgui-populate.xcodeproj
    builtin-create-build-directory /Volumes/Extreme\ SSD/ps2x-i16/ios-runtime-device/_deps/rlimgui-subbuild/build

CreateBuildDirectory /var/folders/zg/v8fr50g11gg5xcmmsr57zzq00000gn/C/com.apple.DeveloperTools/27.0-27A266a/Xcode/CompilationCache.noindex
    cd /Volumes/Extreme\ SSD/ps2x-i16/ios-runtime-device/_deps/rlimgui-subbuild/rlimgui-populate.xcodeproj
    builtin-create-build-directory /var/folders/zg/v8fr50g11gg5xcmmsr57zzq00000gn/C/com.apple.DeveloperTools/27.0-27A266a/Xcode/CompilationCache.noindex

CreateBuildDirectory /Volumes/Extreme\ SSD/ps2x-i16/ios-runtime-device/_deps/rlimgui-subbuild/build/Debug
    cd /Volumes/Extreme\ SSD/ps2x-i16/ios-runtime-device/_deps/rlimgui-subbuild/rlimgui-populate.xcodeproj
    builtin-create-build-directory /Volumes/Extreme\ SSD/ps2x-i16/ios-runtime-device/_deps/rlimgui-subbuild/build/Debug

CreateBuildDirectory /Volumes/Extreme\ SSD/ps2x-i16/ios-runtime-device/_deps/rlimgui-subbuild/build/SharedPrecompiledHeaders
    cd /Volumes/Extreme\ SSD/ps2x-i16/ios-runtime-device/_deps/rlimgui-subbuild/rlimgui-populate.xcodeproj
    builtin-create-build-directory /Volumes/Extreme\ SSD/ps2x-i16/ios-runtime-device/_deps/rlimgui-subbuild/build/SharedPrecompiledHeaders

CreateBuildDirectory /Volumes/Extreme\ SSD/ps2x-i16/ios-runtime-device/_deps/rlimgui-subbuild/build/ExplicitPrecompiledModules
    cd /Volumes/Extreme\ SSD/ps2x-i16/ios-runtime-device/_deps/rlimgui-subbuild/rlimgui-populate.xcodeproj
    builtin-create-build-directory /Volumes/Extreme\ SSD/ps2x-i16/ios-runtime-device/_deps/rlimgui-subbuild/build/ExplicitPrecompiledModules

CreateBuildDirectory /Volumes/Extreme\ SSD/ps2x-i16/ios-runtime-device/_deps/rlimgui-subbuild/build/SwiftExplicitPrecompiledModules
    cd /Volumes/Extreme\ SSD/ps2x-i16/ios-runtime-device/_deps/rlimgui-subbuild/rlimgui-populate.xcodeproj
    builtin-create-build-directory /Volumes/Extreme\ SSD/ps2x-i16/ios-runtime-device/_deps/rlimgui-subbuild/build/SwiftExplicitPrecompiledModules

WriteAuxiliaryFile /Volumes/Extreme\ SSD/ps2x-i16/ios-runtime-device/_deps/rlimgui-subbuild/build/rlimgui-populate.build/Debug/rlimgui-populate.build/Script-9AAC295F67AC8BCE80BBB97C.sh (in target 'rlimgui-populate' from project 'rlimgui-populate')
    cd /Volumes/Extreme\ SSD/ps2x-i16/ios-runtime-device/_deps/rlimgui-subbuild
    write-file /Volumes/Extreme\ SSD/ps2x-i16/ios-runtime-device/_deps/rlimgui-subbuild/build/rlimgui-populate.build/Debug/rlimgui-populate.build/Script-9AAC295F67AC8BCE80BBB97C.sh

CreateBuildDirectory /Volumes/Extreme\ SSD/ps2x-i16/ios-runtime-device/_deps/rlimgui-subbuild/build/EagerLinkingTBDs/Debug
    cd /Volumes/Extreme\ SSD/ps2x-i16/ios-runtime-device/_deps/rlimgui-subbuild/rlimgui-populate.xcodeproj
    builtin-create-build-directory /Volumes/Extreme\ SSD/ps2x-i16/ios-runtime-device/_deps/rlimgui-subbuild/build/EagerLinkingTBDs/Debug

WriteAuxiliaryFile /Volumes/Extreme\ SSD/ps2x-i16/ios-runtime-device/_deps/rlimgui-subbuild/build/rlimgui-populate.build/Debug/ZERO_CHECK.build/Script-49A13B6583087D431054DB10.sh (in target 'ZERO_CHECK' from project 'rlimgui-populate')
    cd /Volumes/Extreme\ SSD/ps2x-i16/ios-runtime-device/_deps/rlimgui-subbuild
    write-file /Volumes/Extreme\ SSD/ps2x-i16/ios-runtime-device/_deps/rlimgui-subbuild/build/rlimgui-populate.build/Debug/ZERO_CHECK.build/Script-49A13B6583087D431054DB10.sh

WriteAuxiliaryFile /Volumes/Extreme\ SSD/ps2x-i16/ios-runtime-device/_deps/rlimgui-subbuild/build/rlimgui-populate.build/Debug/rlimgui-populate.build/Script-B577C771266F544B69FBE6ED.sh (in target 'rlimgui-populate' from project 'rlimgui-populate')
    cd /Volumes/Extreme\ SSD/ps2x-i16/ios-runtime-device/_deps/rlimgui-subbuild
    write-file /Volumes/Extreme\ SSD/ps2x-i16/ios-runtime-device/_deps/rlimgui-subbuild/build/rlimgui-populate.build/Debug/rlimgui-populate.build/Script-B577C771266F544B69FBE6ED.sh

WriteAuxiliaryFile /Volumes/Extreme\ SSD/ps2x-i16/ios-runtime-device/_deps/rlimgui-subbuild/build/rlimgui-populate.build/Debug/rlimgui-populate.build/Script-B7742A802B55F48065C69C4E.sh (in target 'rlimgui-populate' from project 'rlimgui-populate')
    cd /Volumes/Extreme\ SSD/ps2x-i16/ios-runtime-device/_deps/rlimgui-subbuild
    write-file /Volumes/Extreme\ SSD/ps2x-i16/ios-runtime-device/_deps/rlimgui-subbuild/build/rlimgui-populate.build/Debug/rlimgui-populate.build/Script-B7742A802B55F48065C69C4E.sh

WriteAuxiliaryFile /Volumes/Extreme\ SSD/ps2x-i16/ios-runtime-device/_deps/rlimgui-subbuild/build/rlimgui-populate.build/Debug/ALL_BUILD.build/Script-7B38B7396EE7BF64412A0042.sh (in target 'ALL_BUILD' from project 'rlimgui-populate')
    cd /Volumes/Extreme\ SSD/ps2x-i16/ios-runtime-device/_deps/rlimgui-subbuild
    write-file /Volumes/Extreme\ SSD/ps2x-i16/ios-runtime-device/_deps/rlimgui-subbuild/build/rlimgui-populate.build/Debug/ALL_BUILD.build/Script-7B38B7396EE7BF64412A0042.sh

WriteAuxiliaryFile /Volumes/Extreme\ SSD/ps2x-i16/ios-runtime-device/_deps/rlimgui-subbuild/build/rlimgui-populate.build/Debug/rlimgui-populate.build/Script-92CC6FD4B0192F6EC76F9C6D.sh (in target 'rlimgui-populate' from project 'rlimgui-populate')
    cd /Volumes/Extreme\ SSD/ps2x-i16/ios-runtime-device/_deps/rlimgui-subbuild
    write-file /Volumes/Extreme\ SSD/ps2x-i16/ios-runtime-device/_deps/rlimgui-subbuild/build/rlimgui-populate.build/Debug/rlimgui-populate.build/Script-92CC6FD4B0192F6EC76F9C6D.sh

WriteAuxiliaryFile /Volumes/Extreme\ SSD/ps2x-i16/ios-runtime-device/_deps/rlimgui-subbuild/build/rlimgui-populate.build/Debug/rlimgui-populate.build/Script-6A1F0763F8F9ED57F9439BE1.sh (in target 'rlimgui-populate' from project 'rlimgui-populate')
    cd /Volumes/Extreme\ SSD/ps2x-i16/ios-runtime-device/_deps/rlimgui-subbuild
    write-file /Volumes/Extreme\ SSD/ps2x-i16/ios-runtime-device/_deps/rlimgui-subbuild/build/rlimgui-populate.build/Debug/rlimgui-populate.build/Script-6A1F0763F8F9ED57F9439BE1.sh

WriteAuxiliaryFile /Volumes/Extreme\ SSD/ps2x-i16/ios-runtime-device/_deps/rlimgui-subbuild/build/rlimgui-populate.build/Debug/rlimgui-populate.build/Script-6375DEC3367421CADDBBC13F.sh (in target 'rlimgui-populate' from project 'rlimgui-populate')
    cd /Volumes/Extreme\ SSD/ps2x-i16/ios-runtime-device/_deps/rlimgui-subbuild
    write-file /Volumes/Extreme\ SSD/ps2x-i16/ios-runtime-device/_deps/rlimgui-subbuild/build/rlimgui-populate.build/Debug/rlimgui-populate.build/Script-6375DEC3367421CADDBBC13F.sh

WriteAuxiliaryFile /Volumes/Extreme\ SSD/ps2x-i16/ios-runtime-device/_deps/rlimgui-subbuild/build/rlimgui-populate.build/Debug/rlimgui-populate.build/Script-5D3E88AAEB6CCBD59F01C8A3.sh (in target 'rlimgui-populate' from project 'rlimgui-populate')
    cd /Volumes/Extreme\ SSD/ps2x-i16/ios-runtime-device/_deps/rlimgui-subbuild
    write-file /Volumes/Extreme\ SSD/ps2x-i16/ios-runtime-device/_deps/rlimgui-subbuild/build/rlimgui-populate.build/Debug/rlimgui-populate.build/Script-5D3E88AAEB6CCBD59F01C8A3.sh

WriteAuxiliaryFile /Volumes/Extreme\ SSD/ps2x-i16/ios-runtime-device/_deps/rlimgui-subbuild/build/rlimgui-populate.build/Debug/rlimgui-populate.build/Script-54B0CB982D0C0BBD003A0FE3.sh (in target 'rlimgui-populate' from project 'rlimgui-populate')
    cd /Volumes/Extreme\ SSD/ps2x-i16/ios-runtime-device/_deps/rlimgui-subbuild
    write-file /Volumes/Extreme\ SSD/ps2x-i16/ios-runtime-device/_deps/rlimgui-subbuild/build/rlimgui-populate.build/Debug/rlimgui-populate.build/Script-54B0CB982D0C0BBD003A0FE3.sh

WriteAuxiliaryFile /Volumes/Extreme\ SSD/ps2x-i16/ios-runtime-device/_deps/rlimgui-subbuild/build/rlimgui-populate.build/Debug/rlimgui-populate.build/Script-2E625D7A2E33FCDE6694CA04.sh (in target 'rlimgui-populate' from project 'rlimgui-populate')
    cd /Volumes/Extreme\ SSD/ps2x-i16/ios-runtime-device/_deps/rlimgui-subbuild
    write-file /Volumes/Extreme\ SSD/ps2x-i16/ios-runtime-device/_deps/rlimgui-subbuild/build/rlimgui-populate.build/Debug/rlimgui-populate.build/Script-2E625D7A2E33FCDE6694CA04.sh

WriteAuxiliaryFile /Volumes/Extreme\ SSD/ps2x-i16/ios-runtime-device/_deps/rlimgui-subbuild/build/rlimgui-populate.build/Debug/rlimgui-populate.build/Script-05A18CB8776DB9954232C4C0.sh (in target 'rlimgui-populate' from project 'rlimgui-populate')
    cd /Volumes/Extreme\ SSD/ps2x-i16/ios-runtime-device/_deps/rlimgui-subbuild
    write-file /Volumes/Extreme\ SSD/ps2x-i16/ios-runtime-device/_deps/rlimgui-subbuild/build/rlimgui-populate.build/Debug/rlimgui-populate.build/Script-05A18CB8776DB9954232C4C0.sh

PhaseScriptExecution Generate\ CMakeFiles/ZERO_CHECK /Volumes/Extreme\ SSD/ps2x-i16/ios-runtime-device/_deps/rlimgui-subbuild/build/rlimgui-populate.build/Debug/ZERO_CHECK.build/Script-49A13B6583087D431054DB10.sh (in target 'ZERO_CHECK' from project 'rlimgui-populate')
    cd /Volumes/Extreme\ SSD/ps2x-i16/ios-runtime-device/_deps/rlimgui-subbuild
    /bin/sh -c /Volumes/Extreme\\\ SSD/ps2x-i16/ios-runtime-device/_deps/rlimgui-subbuild/build/rlimgui-populate.build/Debug/ZERO_CHECK.build/Script-49A13B6583087D431054DB10.sh
make: `/Volumes/Extreme SSD/ps2x-i16/ios-runtime-device/_deps/rlimgui-subbuild/CMakeFiles/cmake.check_cache' is up to date.

PhaseScriptExecution Generate\ rlimgui-populate-prefix/src/rlimgui-populate-stamp/$(CONFIGURATION)$(EFFECTIVE_PLATFORM_NAME)/rlimgui-populate-mkdir /Volumes/Extreme\ SSD/ps2x-i16/ios-runtime-device/_deps/rlimgui-subbuild/build/rlimgui-populate.build/Debug/rlimgui-populate.build/Script-54B0CB982D0C0BBD003A0FE3.sh (in target 'rlimgui-populate' from project 'rlimgui-populate')
    cd /Volumes/Extreme\ SSD/ps2x-i16/ios-runtime-device/_deps/rlimgui-subbuild
    /bin/sh -c /Volumes/Extreme\\\ SSD/ps2x-i16/ios-runtime-device/_deps/rlimgui-subbuild/build/rlimgui-populate.build/Debug/rlimgui-populate.build/Script-54B0CB982D0C0BBD003A0FE3.sh

PhaseScriptExecution Generate\ rlimgui-populate-prefix/src/rlimgui-populate-stamp/$(CONFIGURATION)$(EFFECTIVE_PLATFORM_NAME)/rlimgui-populate-download /Volumes/Extreme\ SSD/ps2x-i16/ios-runtime-device/_deps/rlimgui-subbuild/build/rlimgui-populate.build/Debug/rlimgui-populate.build/Script-6375DEC3367421CADDBBC13F.sh (in target 'rlimgui-populate' from project 'rlimgui-populate')
    cd /Volumes/Extreme\ SSD/ps2x-i16/ios-runtime-device/_deps/rlimgui-subbuild
    /bin/sh -c /Volumes/Extreme\\\ SSD/ps2x-i16/ios-runtime-device/_deps/rlimgui-subbuild/build/rlimgui-populate.build/Debug/rlimgui-populate.build/Script-6375DEC3367421CADDBBC13F.sh
Cloning into 'rlimgui-src'...
error: non-monotonic index .git/objects/pack/._pack-907f41e02a69b2781e20040a69ba8dece28b3913.idx
error: non-monotonic index .git/objects/pack/._pack-907f41e02a69b2781e20040a69ba8dece28b3913.idx
HEAD is now at 118221c Update headings in README.md for consistency
Command PhaseScriptExecution emitted errors but did not return a nonzero exit code to indicate failure

PhaseScriptExecution Generate\ rlimgui-populate-prefix/src/rlimgui-populate-stamp/$(CONFIGURATION)$(EFFECTIVE_PLATFORM_NAME)/rlimgui-populate-update /Volumes/Extreme\ SSD/ps2x-i16/ios-runtime-device/_deps/rlimgui-subbuild/build/rlimgui-populate.build/Debug/rlimgui-populate.build/Script-B7742A802B55F48065C69C4E.sh (in target 'rlimgui-populate' from project 'rlimgui-populate')
    cd /Volumes/Extreme\ SSD/ps2x-i16/ios-runtime-device/_deps/rlimgui-subbuild
    /bin/sh -c /Volumes/Extreme\\\ SSD/ps2x-i16/ios-runtime-device/_deps/rlimgui-subbuild/build/rlimgui-populate.build/Debug/rlimgui-populate.build/Script-B7742A802B55F48065C69C4E.sh
-- Already at requested tag: Raylib_5_5

PhaseScriptExecution Generate\ rlimgui-populate-prefix/src/rlimgui-populate-stamp/$(CONFIGURATION)$(EFFECTIVE_PLATFORM_NAME)/rlimgui-populate-patch /Volumes/Extreme\ SSD/ps2x-i16/ios-runtime-device/_deps/rlimgui-subbuild/build/rlimgui-populate.build/Debug/rlimgui-populate.build/Script-92CC6FD4B0192F6EC76F9C6D.sh (in target 'rlimgui-populate' from project 'rlimgui-populate')
    cd /Volumes/Extreme\ SSD/ps2x-i16/ios-runtime-device/_deps/rlimgui-subbuild
    /bin/sh -c /Volumes/Extreme\\\ SSD/ps2x-i16/ios-runtime-device/_deps/rlimgui-subbuild/build/rlimgui-populate.build/Debug/rlimgui-populate.build/Script-92CC6FD4B0192F6EC76F9C6D.sh

PhaseScriptExecution Generate\ rlimgui-populate-prefix/src/rlimgui-populate-stamp/$(CONFIGURATION)$(EFFECTIVE_PLATFORM_NAME)/rlimgui-populate-configure /Volumes/Extreme\ SSD/ps2x-i16/ios-runtime-device/_deps/rlimgui-subbuild/build/rlimgui-populate.build/Debug/rlimgui-populate.build/Script-2E625D7A2E33FCDE6694CA04.sh (in target 'rlimgui-populate' from project 'rlimgui-populate')
    cd /Volumes/Extreme\ SSD/ps2x-i16/ios-runtime-device/_deps/rlimgui-subbuild
    /bin/sh -c /Volumes/Extreme\\\ SSD/ps2x-i16/ios-runtime-device/_deps/rlimgui-subbuild/build/rlimgui-populate.build/Debug/rlimgui-populate.build/Script-2E625D7A2E33FCDE6694CA04.sh

PhaseScriptExecution Generate\ rlimgui-populate-prefix/src/rlimgui-populate-stamp/$(CONFIGURATION)$(EFFECTIVE_PLATFORM_NAME)/rlimgui-populate-build /Volumes/Extreme\ SSD/ps2x-i16/ios-runtime-device/_deps/rlimgui-subbuild/build/rlimgui-populate.build/Debug/rlimgui-populate.build/Script-05A18CB8776DB9954232C4C0.sh (in target 'rlimgui-populate' from project 'rlimgui-populate')
    cd /Volumes/Extreme\ SSD/ps2x-i16/ios-runtime-device/_deps/rlimgui-subbuild
    /bin/sh -c /Volumes/Extreme\\\ SSD/ps2x-i16/ios-runtime-device/_deps/rlimgui-subbuild/build/rlimgui-populate.build/Debug/rlimgui-populate.build/Script-05A18CB8776DB9954232C4C0.sh

PhaseScriptExecution Generate\ rlimgui-populate-prefix/src/rlimgui-populate-stamp/$(CONFIGURATION)$(EFFECTIVE_PLATFORM_NAME)/rlimgui-populate-install /Volumes/Extreme\ SSD/ps2x-i16/ios-runtime-device/_deps/rlimgui-subbuild/build/rlimgui-populate.build/Debug/rlimgui-populate.build/Script-6A1F0763F8F9ED57F9439BE1.sh (in target 'rlimgui-populate' from project 'rlimgui-populate')
    cd /Volumes/Extreme\ SSD/ps2x-i16/ios-runtime-device/_deps/rlimgui-subbuild
    /bin/sh -c /Volumes/Extreme\\\ SSD/ps2x-i16/ios-runtime-device/_deps/rlimgui-subbuild/build/rlimgui-populate.build/Debug/rlimgui-populate.build/Script-6A1F0763F8F9ED57F9439BE1.sh

PhaseScriptExecution Generate\ rlimgui-populate-prefix/src/rlimgui-populate-stamp/$(CONFIGURATION)$(EFFECTIVE_PLATFORM_NAME)/rlimgui-populate-test /Volumes/Extreme\ SSD/ps2x-i16/ios-runtime-device/_deps/rlimgui-subbuild/build/rlimgui-populate.build/Debug/rlimgui-populate.build/Script-9AAC295F67AC8BCE80BBB97C.sh (in target 'rlimgui-populate' from project 'rlimgui-populate')
    cd /Volumes/Extreme\ SSD/ps2x-i16/ios-runtime-device/_deps/rlimgui-subbuild
    /bin/sh -c /Volumes/Extreme\\\ SSD/ps2x-i16/ios-runtime-device/_deps/rlimgui-subbuild/build/rlimgui-populate.build/Debug/rlimgui-populate.build/Script-9AAC295F67AC8BCE80BBB97C.sh

PhaseScriptExecution Generate\ CMakeFiles/$(CONFIGURATION)$(EFFECTIVE_PLATFORM_NAME)/rlimgui-populate-complete /Volumes/Extreme\ SSD/ps2x-i16/ios-runtime-device/_deps/rlimgui-subbuild/build/rlimgui-populate.build/Debug/rlimgui-populate.build/Script-5D3E88AAEB6CCBD59F01C8A3.sh (in target 'rlimgui-populate' from project 'rlimgui-populate')
    cd /Volumes/Extreme\ SSD/ps2x-i16/ios-runtime-device/_deps/rlimgui-subbuild
    /bin/sh -c /Volumes/Extreme\\\ SSD/ps2x-i16/ios-runtime-device/_deps/rlimgui-subbuild/build/rlimgui-populate.build/Debug/rlimgui-populate.build/Script-5D3E88AAEB6CCBD59F01C8A3.sh

PhaseScriptExecution Generate\ CMakeFiles/rlimgui-populate /Volumes/Extreme\ SSD/ps2x-i16/ios-runtime-device/_deps/rlimgui-subbuild/build/rlimgui-populate.build/Debug/rlimgui-populate.build/Script-B577C771266F544B69FBE6ED.sh (in target 'rlimgui-populate' from project 'rlimgui-populate')
    cd /Volumes/Extreme\ SSD/ps2x-i16/ios-runtime-device/_deps/rlimgui-subbuild
    /bin/sh -c /Volumes/Extreme\\\ SSD/ps2x-i16/ios-runtime-device/_deps/rlimgui-subbuild/build/rlimgui-populate.build/Debug/rlimgui-populate.build/Script-B577C771266F544B69FBE6ED.sh

PhaseScriptExecution Generate\ CMakeFiles/ALL_BUILD /Volumes/Extreme\ SSD/ps2x-i16/ios-runtime-device/_deps/rlimgui-subbuild/build/rlimgui-populate.build/Debug/ALL_BUILD.build/Script-7B38B7396EE7BF64412A0042.sh (in target 'ALL_BUILD' from project 'rlimgui-populate')
    cd /Volumes/Extreme\ SSD/ps2x-i16/ios-runtime-device/_deps/rlimgui-subbuild
    /bin/sh -c /Volumes/Extreme\\\ SSD/ps2x-i16/ios-runtime-device/_deps/rlimgui-subbuild/build/rlimgui-populate.build/Debug/ALL_BUILD.build/Script-7B38B7396EE7BF64412A0042.sh
Build all projects

PruneExplicitPrecompiledModules /Volumes/Extreme SSD/ps2x-i16/ios-runtime-device/_deps/rlimgui-subbuild/build/SwiftExplicitPrecompiledModules

PruneExplicitPrecompiledModules /Volumes/Extreme SSD/ps2x-i16/ios-runtime-device/_deps/rlimgui-subbuild/build/ExplicitPrecompiledModules

note: Run script build phase 'Generate rlimgui-populate-prefix/src/rlimgui-populate-stamp/$(CONFIGURATION)$(EFFECTIVE_PLATFORM_NAME)/rlimgui-populate-update' will be run during every build because the option to run the script phase "Based on dependency analysis" is unchecked. (in target 'rlimgui-populate' from project 'rlimgui-populate')
note: Run script build phase 'Generate CMakeFiles/$(CONFIGURATION)$(EFFECTIVE_PLATFORM_NAME)/rlimgui-populate-complete' will be run during every build because the option to run the script phase "Based on dependency analysis" is unchecked. (in target 'rlimgui-populate' from project 'rlimgui-populate')
note: Run script build phase 'Generate rlimgui-populate-prefix/src/rlimgui-populate-stamp/$(CONFIGURATION)$(EFFECTIVE_PLATFORM_NAME)/rlimgui-populate-patch' will be run during every build because the option to run the script phase "Based on dependency analysis" is unchecked. (in target 'rlimgui-populate' from project 'rlimgui-populate')
note: Run script build phase 'Generate CMakeFiles/rlimgui-populate' will be run during every build because the option to run the script phase "Based on dependency analysis" is unchecked. (in target 'rlimgui-populate' from project 'rlimgui-populate')
note: Run script build phase 'Generate CMakeFiles/ZERO_CHECK' will be run during every build because the option to run the script phase "Based on dependency analysis" is unchecked. (in target 'ZERO_CHECK' from project 'rlimgui-populate')
note: Run script build phase 'Generate CMakeFiles/ALL_BUILD' will be run during every build because the option to run the script phase "Based on dependency analysis" is unchecked. (in target 'ALL_BUILD' from project 'rlimgui-populate')
** BUILD SUCCEEDED **

-- FFmpeg disabled; MPEG video decode falls back to stub frames
-- PS2X: game objects: 9454 sources from /Volumes/Extreme SSD/ps2x-i16/codegen-output
-- Configuring done (57.1s)
-- Generating done (19.5s)
-- Build files have been written to: /Volumes/Extreme SSD/ps2x-i16/ios-runtime-device
