Launched application with org.ps2x.ps2entryrunner bundle identifier.
Waiting for the application to terminate…
Using argv boot path
2026-09-21 06:00:12.199 ps2EntryRunner[4282:2567257] You need UIApplicationSupportsIndirectInputEvents in your Info.plist for mouse support
INFO: Initializing raylib 5.5
INFO: Platform backend: DESKTOP (SDL)
INFO: Supported raylib modules:
INFO:     > rcore:..... loaded (mandatory)
INFO:     > rlgl:...... loaded (mandatory)
INFO:     > rshapes:... loaded (optional)
INFO:     > rtextures:. loaded (optional)
INFO:     > rtext:..... loaded (optional)
INFO:     > rmodels:... loaded (optional)
INFO:     > raudio:.... loaded (optional)
INFO: DISPLAY: Device initialized successfully
INFO:     > Display size: 820 x 1180
INFO:     > Screen size:  640 x 448
INFO:     > Render size:  640 x 448
INFO:     > Viewport offsets: 0, 0
INFO: GLAD: OpenGL ES 2.0 loaded successfully
INFO: GL: Supported extensions count: 43
INFO: GL: OpenGL device information:
INFO:     > Vendor:   Apple Inc.
INFO:     > Renderer: Apple M2 GPU
INFO:     > Version:  OpenGL ES 2.0 Metal - 105
INFO:     > GLSL:     OpenGL ES GLSL ES 1.00
INFO: GL: VAO extension detected, VAO functions loaded successfully
WARNING: GL: NPOT textures extension not found, limited NPOT support (no-mipmaps, no-repeat)
INFO: GL: PVRT compressed textures supported
WARNING: PLATFORM: Unable to open game controller [ERROR: Couldn't find mapping for device (0)]
INFO: PLATFORM: DESKTOP (SDL): Initialized successfully
INFO: TEXTURE: [ID 1] Texture loaded successfully (1x1 | R8G8B8A8 | 1 mipmaps)
INFO: TEXTURE: [ID 1] Default texture loaded successfully
INFO: SHADER: [ID 1] Vertex shader compiled successfully
INFO: SHADER: [ID 2] Fragment shader compiled successfully
INFO: SHADER: [ID 3] Program shader loaded successfully
INFO: SHADER: [ID 3] Default shader loaded successfully
INFO: RLGL: Render batch vertex buffers loaded successfully in RAM (CPU)
INFO: RLGL: Render batch vertex buffers loaded successfully in VRAM (GPU)
INFO: RLGL: Default OpenGL state initialized successfully
INFO: TEXTURE: [ID 2] Texture loaded successfully (128x128 | GRAY_ALPHA | 1 mipmaps)
INFO: FONT: Default font loaded successfully (224 glyphs)
INFO: SYSTEM: Working Directory: /private/var/containers/Bundle/Application/736F005D-CFDA-4C6E-ADFF-FC70C512B215/ps2EntryRunner.app
INFO: AUDIO: Device initialized successfully
INFO:     > Backend:       miniaudio | Core Audio
INFO:     > Format:        32-bit IEEE Floating Point -> 32-bit IEEE Floating Point
INFO:     > Channels:      2 -> 2
INFO:     > Sample rate:   48000 -> 48000
INFO:     > Periods size:  1536
INFO: TIMER: Target time per frame: 16.667 milliseconds
[k1] armed name=ssx3-copied-payload elf=SLUS_207.72
INFO: TEXTURE: [ID 3] Texture loaded successfully (640x512 | R8G8B8A8 | 1 mipmaps)
[k1] install#1 n=0x5a handler=0x42cb78
[k1] install#2 n=0x5b handler=0x80075000
[k1] install#3 n=0x54 handler=0x42d100
[k1] lookup#1 key=0x55 value=0x80075038
[k1] install#4 n=0x55 handler=0x80075038
[k1] lookup#2 key=0x56 value=0x800750c8
[k1] install#5 n=0x56 handler=0x800750c8
[k1] lookup#3 key=0x57 value=0x80075108
[k1] install#6 n=0x57 handler=0x80075108
[k1] lookup#4 key=0x58 value=0x80075158
[k1] install#7 n=0x58 handler=0x80075158
[k1] lookup#5 key=0x59 value=0x800751a8
[k1] install#8 n=0x59 handler=0x800751a8
[k1] lookup#6 key=0x3 value=0x80075330
INFO: TEXTURE: [ID 4] Texture loaded successfully (512x128 | R8G8B8A8 | 1 mipmaps)
2026-09-21 06:00:12.387 ps2EntryRunner[4282:2567257] Unbalanced calls to begin/end appearance transitions for <SDL_uikitviewcontroller: 0x10db64000>.
2026-09-21 06:00:12.387 ps2EntryRunner[4282:2567257] Unbalanced calls to begin/end appearance transitions for <SDL_uikitviewcontroller: 0x10db64000>.
WARNING: PLATFORM: Unable to open game controller [ERROR: Couldn't find mapping for device (0)]
[IOP/RPC trace:unhandled] sid=0x80000006 rpc=0xff pc=0x42b0e8 ra=0x42b0e8 send=0x0/0 recv=0x52f080/4 sendBytes=[] loadedModules=[cdrom0:/data/modules/dev9.irx; cdrom0:/data/modules/usbkb.irx; cdrom0:/data/modules/usbd.irx; cdrom0:/data/modules/mcserv.irx; cdrom0:/data/modules/mcman.irx; cdrom0:/data/modules/snddrv.irx]
[sif-handshake] sregs[1]=1
[IOP/RPC trace:unhandled] sid=0x237 rpc=0x0 pc=0x3f6a04 ra=0x3f6a04 send=0x526080/128 recv=0x526140/128 sendBytes=[C0 61 52 20 00 00 00 00 00 00 00 00 00 00 00 00] loadedModules=[cdrom0:/data/modules/voipf.irx; cdrom0:/data/modules/lgaud.irx; cdrom0:/data/modules/drtysckf.irx; cdrom0:/data/modules/libnet.irx; cdrom0:/data/modules/msifrpc.irx; cdrom0:/data/modules/pppoe.irx]
[IOP/RPC trace:unhandled] sid=0x80000211 rpc=0x1 pc=0x40c34c ra=0x40c34c send=0x529100/16 recv=0x529140/144 sendBytes=[00 00 00 00 00 00 00 00 00 00 00 00 00 00 00 00] loadedModules=[cdrom0:/data/modules/voipf.irx; cdrom0:/data/modules/lgaud.irx; cdrom0:/data/modules/drtysckf.irx; cdrom0:/data/modules/libnet.irx; cdrom0:/data/modules/msifrpc.irx; cdrom0:/data/modules/pppoe.irx]
[IOP/RPC trace:unhandled] sid=0x534e44 rpc=0x0 pc=0x3c0bc4 ra=0x3c0bc4 send=0x50ad00/20 recv=0x0/0 sendBytes=[03 03 08 00 40 B7 50 00 00 00 00 00 A0 8C C0 5D] loadedModules=[cdrom0:/data/modules/voipf.irx; cdrom0:/data/modules/lgaud.irx; cdrom0:/data/modules/drtysckf.irx; cdrom0:/data/modules/libnet.irx; cdrom0:/data/modules/msifrpc.irx; cdrom0:/data/modules/pppoe.irx]
[guest-branch:missing-target] kind=IndirectCall op=JALR source=0x2d3828 target=0x2c5358 pc=0x2c5358 ra=0x2d3830 sp=0x1fff700 gp=0x4a30f0 a0=0xb851a0 a1=0x0 a2=0x0 a3=0xad0ca4 s0=0xb84a50 s1=0xb84800 v0=0x2c5358 v1=0x486f78 a0Readable=yes a0[0]=0x486f78 a0[4]=0x0 a0[8]=0x1c a0[c]=0x0 s0Readable=yes s0[0]=0x1d59a0 s0[4]=0x1d5d78 s0[8]=0x1d5f38 s0[c]=0x1d66b0 recordReadable=yes record[0]=0x27bdffd0 record[4]=0x8f82ef38 record[8]=0x7fb00020 record[c]=0x24050001 vtableReadable=yes vtbl[0]=0x0 vtbl[4]=0x0 vtbl[8]=0x0 vtbl[c]=0x2c3fe0 codeRegion=yes policy=1 trace=0x2c51d0 -> 0x2c51d0 -> 0x2c51d0 -> 0x23d688 -> 0x2c5140 -> 0x241ac0 -> 0x2d3978 -> 0x2c5140 -> 0x23d570 -> 0x23e268 -> 0x2c5140 -> 0x23cf38 -> 0x241fb0 -> 0x2420c8 -> 0x3e6448 -> 0x2c5300 -> 0x2c67a8 -> 0x2d3928 -> 0x2c53b0 -> 0x2c6700 -> 0x2c5338 -> 0x2c5320 -> 0x2c63f8 -> 0x2c2540 -> 0x2c26d0 -> 0x3dc450 -> 0x3dbe90 -> 0x3dbe90 -> 0x412550 -> 0x411b08 -> 0x3dc148 -> 0x412608 -> 0x411c38 -> 0x3dc038 -> 0x3dbfd8 -> 0x412500 -> 0x411c38 -> 0x411c38 -> 0x4123e8 -> 0x412500 -> 0x411c38 -> 0x411c38 -> 0x4123e8 -> 0x412500 -> 0x411c38 -> 0x411c38 -> 0x4123e8 -> 0x412500 -> 0x411c38 -> 0x411c38 -> 0x4123e8 -> 0x3dbca0 -> 0x3dbca0 -> 0x3dbe20 -> 0x3dbe40 -> 0x317670 -> 0x317618 -> 0x195eb8 -> 0x2c6de0 -> 0x2c26d0 -> 0x3dc450 -> 0x3dbe90 -> 0x3dbe90 -> 0x2d3810
ERROR: Command timeout of 90.0 seconds exceeded. Assuming command got stuck and aborting.
