INSTALL	doc/examples/avio_http_serve_files.c
INSTALL	doc/examples/avio_list_dir.c
INSTALL	doc/examples/avio_read_callback.c
INSTALL	doc/examples/decode_audio.c
INSTALL	doc/examples/decode_filter_audio.c
INSTALL	doc/examples/decode_filter_video.c
INSTALL	doc/examples/decode_video.c
INSTALL	doc/examples/demux_decode.c
INSTALL	doc/examples/encode_audio.c
INSTALL	doc/examples/encode_video.c
INSTALL	doc/examples/extract_mvs.c
INSTALL	doc/examples/filter_audio.c
INSTALL	doc/examples/hw_decode.c
INSTALL	doc/examples/mux.c
INSTALL	doc/examples/qsv_decode.c
INSTALL	doc/examples/qsv_transcode.c
INSTALL	doc/examples/remux.c
INSTALL	doc/examples/resample_audio.c
INSTALL	doc/examples/scale_video.c
INSTALL	doc/examples/show_metadata.c
INSTALL	doc/examples/transcode_aac.c
INSTALL	doc/examples/transcode.c
INSTALL	doc/examples/vaapi_encode.c
INSTALL	doc/examples/vaapi_transcode.c
INSTALL	doc/examples/README
INSTALL	doc/examples/Makefile
INSTALL	doc/examples/avio_http_serve_files.c
INSTALL	doc/examples/avio_list_dir.c
INSTALL	doc/examples/avio_read_callback.c
INSTALL	doc/examples/decode_audio.c
INSTALL	doc/examples/decode_filter_audio.c
INSTALL	doc/examples/decode_filter_video.c
INSTALL	doc/examples/decode_video.c
INSTALL	doc/examples/demux_decode.c
INSTALL	doc/examples/encode_audio.c
INSTALL	doc/examples/encode_video.c
INSTALL	doc/examples/extract_mvs.c
INSTALL	doc/examples/filter_audio.c
INSTALL	doc/examples/hw_decode.c
INSTALL	doc/examples/mux.c
INSTALL	doc/examples/qsv_decode.c
INSTALL	doc/examples/qsv_transcode.c
INSTALL	doc/examples/remux.c
INSTALL	doc/examples/resample_audio.c
INSTALL	doc/examples/scale_video.c
INSTALL	doc/examples/show_metadata.c
INSTALL	doc/examples/transcode_aac.c
INSTALL	doc/examples/transcode.c
INSTALL	doc/examples/vaapi_encode.c
INSTALL	doc/examples/vaapi_transcode.c
INSTALL	doc/examples/README
INSTALL	doc/examples/Makefile
INSTALL	libavcodec/libavcodec.a
INSTALL	libswscale/libswscale.a
INSTALL	libavutil/libavutil.a
INSTALL	libavcodec/ac3_parser.h
INSTALL	libavcodec/adts_parser.h
INSTALL	libavcodec/avcodec.h
INSTALL	libavcodec/avdct.h
INSTALL	libavcodec/avfft.h
INSTALL	libavcodec/bsf.h
INSTALL	libavcodec/codec.h
INSTALL	libavcodec/codec_desc.h
INSTALL	libavcodec/codec_id.h
INSTALL	libavcodec/codec_par.h
INSTALL	libavcodec/d3d11va.h
INSTALL	libavcodec/defs.h
INSTALL	libavcodec/dirac.h
INSTALL	libavcodec/dv_profile.h
INSTALL	libavcodec/dxva2.h
INSTALL	libavcodec/jni.h
INSTALL	libavcodec/mediacodec.h
INSTALL	libavcodec/packet.h
INSTALL	libavcodec/qsv.h
INSTALL	libavcodec/vdpau.h
INSTALL	libavcodec/version.h
INSTALL	libavcodec/version_major.h
INSTALL	libavcodec/videotoolbox.h
INSTALL	libavcodec/vorbis_parser.h
INSTALL	libavcodec/libavcodec.pc
INSTALL	libswscale/swscale.h
INSTALL	libswscale/version.h
INSTALL	libswscale/version_major.h
INSTALL	libswscale/libswscale.pc
INSTALL	libavutil/adler32.h
INSTALL	libavutil/aes.h
INSTALL	libavutil/aes_ctr.h
INSTALL	libavutil/ambient_viewing_environment.h
INSTALL	libavutil/attributes.h
INSTALL	libavutil/audio_fifo.h
INSTALL	libavutil/avassert.h
INSTALL	libavutil/avstring.h
INSTALL	libavutil/avutil.h
INSTALL	libavutil/base64.h
INSTALL	libavutil/blowfish.h
INSTALL	libavutil/bprint.h
INSTALL	libavutil/bswap.h
INSTALL	libavutil/buffer.h
INSTALL	libavutil/cast5.h
INSTALL	libavutil/camellia.h
INSTALL	libavutil/channel_layout.h
INSTALL	libavutil/common.h
INSTALL	libavutil/cpu.h
INSTALL	libavutil/crc.h
INSTALL	libavutil/csp.h
INSTALL	libavutil/des.h
INSTALL	libavutil/detection_bbox.h
INSTALL	libavutil/dict.h
INSTALL	libavutil/display.h
INSTALL	libavutil/dovi_meta.h
INSTALL	libavutil/downmix_info.h
INSTALL	libavutil/encryption_info.h
INSTALL	libavutil/error.h
INSTALL	libavutil/eval.h
INSTALL	libavutil/executor.h
INSTALL	libavutil/fifo.h
INSTALL	libavutil/file.h
INSTALL	libavutil/frame.h
INSTALL	libavutil/hash.h
INSTALL	libavutil/hdr_dynamic_metadata.h
INSTALL	libavutil/hdr_dynamic_vivid_metadata.h
INSTALL	libavutil/hmac.h
INSTALL	libavutil/hwcontext.h
INSTALL	libavutil/hwcontext_cuda.h
INSTALL	libavutil/hwcontext_d3d11va.h
INSTALL	libavutil/hwcontext_d3d12va.h
INSTALL	libavutil/hwcontext_drm.h
INSTALL	libavutil/hwcontext_dxva2.h
INSTALL	libavutil/hwcontext_qsv.h
INSTALL	libavutil/hwcontext_mediacodec.h
INSTALL	libavutil/hwcontext_opencl.h
INSTALL	libavutil/hwcontext_vaapi.h
INSTALL	libavutil/hwcontext_videotoolbox.h
INSTALL	libavutil/hwcontext_vdpau.h
INSTALL	libavutil/hwcontext_vulkan.h
INSTALL	libavutil/iamf.h
INSTALL	libavutil/imgutils.h
INSTALL	libavutil/intfloat.h
INSTALL	libavutil/intreadwrite.h
INSTALL	libavutil/lfg.h
INSTALL	libavutil/log.h
INSTALL	libavutil/lzo.h
INSTALL	libavutil/macros.h
INSTALL	libavutil/mathematics.h
INSTALL	libavutil/mastering_display_metadata.h
INSTALL	libavutil/md5.h
INSTALL	libavutil/mem.h
INSTALL	libavutil/motion_vector.h
INSTALL	libavutil/murmur3.h
INSTALL	libavutil/opt.h
INSTALL	libavutil/parseutils.h
INSTALL	libavutil/pixdesc.h
INSTALL	libavutil/pixelutils.h
INSTALL	libavutil/pixfmt.h
INSTALL	libavutil/random_seed.h
INSTALL	libavutil/rc4.h
INSTALL	libavutil/rational.h
INSTALL	libavutil/replaygain.h
INSTALL	libavutil/ripemd.h
INSTALL	libavutil/samplefmt.h
INSTALL	libavutil/sha.h
INSTALL	libavutil/sha512.h
INSTALL	libavutil/spherical.h
INSTALL	libavutil/stereo3d.h
INSTALL	libavutil/threadmessage.h
INSTALL	libavutil/time.h
INSTALL	libavutil/timecode.h
INSTALL	libavutil/timestamp.h
INSTALL	libavutil/tree.h
INSTALL	libavutil/twofish.h
INSTALL	libavutil/uuid.h
INSTALL	libavutil/version.h
INSTALL	libavutil/video_enc_params.h
INSTALL	libavutil/xtea.h
INSTALL	libavutil/tea.h
INSTALL	libavutil/tx.h
INSTALL	libavutil/film_grain_params.h
INSTALL	libavutil/video_hint.h
INSTALL	libavutil/avconfig.h
INSTALL	libavutil/ffversion.h
INSTALL	libavutil/libavutil.pc
