install prefix            /Volumes/Extreme SSD/ps2x-i23/host-7.1.1
source path               .
C compiler                clang
C library                 
ARCH                      c (generic)
big-endian                no
runtime cpu detection     yes
debug symbols             no
strip symbols             yes
optimize for size         no
optimizations             yes
static                    yes
shared                    no
postprocessing support    no
network support           no
threading support         pthreads
safe bitstream reader     yes
texi2html enabled         no
perl enabled              yes
pod2man enabled           yes
makeinfo enabled          no
makeinfo supports HTML    no
xmllint enabled           yes

External libraries:
appkit                  libxcb                  libxcb_xfixes
avfoundation            libxcb_shape            sdl2
coreimage               libxcb_shm              securetransport

External libraries providing hardware acceleration:
audiotoolbox            videotoolbox

Libraries:
avcodec                 avutil                  swscale

Programs:

Enabled decoders:
mpeg2video

Enabled encoders:

Enabled hwaccels:

Enabled parsers:
mpegvideo

Enabled demuxers:

Enabled muxers:

Enabled protocols:

Enabled filters:

Enabled bsfs:

Enabled indevs:

Enabled outdevs:

License: LGPL version 2.1 or later
