-- The C compiler identification is Clang 23.1.1
-- The CXX compiler identification is Clang 23.1.1
-- Detecting C compiler ABI info
-- Detecting C compiler ABI info - done
-- Check for working C compiler: /Applications/Xcode.app/Contents/Developer/Toolchains/XcodeDefault.xctoolchain/usr/bin/clang - skipped
-- Detecting C compile features
-- Detecting C compile features - done
-- Detecting CXX compiler ABI info
-- Detecting CXX compiler ABI info - done
-- Check for working CXX compiler: /Applications/Xcode.app/Contents/Developer/Toolchains/XcodeDefault.xctoolchain/usr/bin/clang++ - skipped
-- Detecting CXX compile features
-- Detecting CXX compile features - done
-- ARM target detected, fetching sse2neon
-- macOS ARM64 - using default compiler flags
CMake Warning (deprecated) at /Volumes/Extreme SSD/ps2x-i4/raylib-5.5/CMakeLists.txt:1 (cmake_minimum_required):
  Compatibility with CMake < 3.10 will be removed from a future version of
  CMake.

  Update the VERSION argument <min> value.  Or, use the <min>...<max> syntax
  to tell CMake that the project requires at least <min> but has been updated
  to work with policies introduced by <max> or earlier.
This warning is for project developers.  Use -Wno-author or -Wno-deprecated
to suppress it.

-- Performing Test COMPILER_HAS_THOSE_TOGGLES
-- Performing Test COMPILER_HAS_THOSE_TOGGLES - Success
-- Testing if -Werror=pointer-arith can be used -- compiles
-- Testing if -Werror=implicit-function-declaration can be used -- compiles
-- Testing if -fno-strict-aliasing can be used -- compiles
-- Using external GLFW
-- Audio Backend: miniaudio
-- Building raylib static library
-- Generated config types: Release
-- Compiling with the flags:
--   PLATFORM=PLATFORM_DESKTOP_SDL
--   GRAPHICS=GRAPHICS_API_OPENGL_ES2
CMake Warning (author) at /opt/homebrew/share/cmake/Modules/FetchContent.cmake:1968 (message):
  Calling FetchContent_Populate(imgui) is deprecated, call
  FetchContent_MakeAvailable(imgui) instead.  Policy CMP0169 can be set to
  OLD to allow FetchContent_Populate(imgui) to be called directly for now,
  but the ability to call it with declared details will be removed completely
  in a future version.
Call Stack (most recent call first):
  ps2xRuntime/CMakeLists.txt:123 (FetchContent_Populate)
This warning is for project developers.  Use -Wno-author to suppress it.

-- Populating imgui
-- Configuring done (0.6s)
-- Generating done (0.5s)
-- Build files have been written to: /Volumes/Extreme SSD/ps2x-i23/ios-neg-test/_deps/imgui-subbuild
Command line invocation:
    /Applications/Xcode.app/Contents/Developer/usr/bin/xcodebuild -project imgui-populate.xcodeproj build -configuration Debug -parallelizeTargets -hideShellScriptEnvironment -target ALL_BUILD

ComputePackagePrebuildTargetDependencyGraph

CreateBuildRequest

SendProjectDescription

CreateBuildOperation

ComputeTargetDependencyGraph
note: Building targets in dependency order
note: Target dependency graph (3 targets)
    Target 'ALL_BUILD' in project 'imgui-populate'
        ➜ Explicit dependency on target 'imgui-populate' in project 'imgui-populate'
        ➜ Explicit dependency on target 'ZERO_CHECK' in project 'imgui-populate'
    Target 'imgui-populate' in project 'imgui-populate'
        ➜ Explicit dependency on target 'ZERO_CHECK' in project 'imgui-populate'
    Target 'ZERO_CHECK' in project 'imgui-populate' (no dependencies)

GatherProvisioningInputs

CreateBuildDescription

ExecuteExternalTool /opt/homebrew/opt/llvm/bin/clang -v -E -dM -isysroot /Applications/Xcode.app/Contents/Developer/Platforms/MacOSX.platform/Developer/SDKs/MacOSX27.0.sdk -x c -c /dev/null

Build description signature: b18bdc43d4b2b2387a0e473a4e06b5fe
Build description path: /Volumes/Extreme SSD/ps2x-i23/ios-neg-test/_deps/imgui-subbuild/build/XCBuildData/b18bdc43d4b2b2387a0e473a4e06b5fe.xcbuilddata
CreateBuildDirectory /Volumes/Extreme\ SSD/ps2x-i23/ios-neg-test/_deps/imgui-subbuild/build
    cd /Volumes/Extreme\ SSD/ps2x-i23/ios-neg-test/_deps/imgui-subbuild/imgui-populate.xcodeproj
    builtin-create-build-directory /Volumes/Extreme\ SSD/ps2x-i23/ios-neg-test/_deps/imgui-subbuild/build

CreateBuildDirectory /var/folders/zg/v8fr50g11gg5xcmmsr57zzq00000gn/C/com.apple.DeveloperTools/27.0-27A266a/Xcode/CompilationCache.noindex
    cd /Volumes/Extreme\ SSD/ps2x-i23/ios-neg-test/_deps/imgui-subbuild/imgui-populate.xcodeproj
    builtin-create-build-directory /var/folders/zg/v8fr50g11gg5xcmmsr57zzq00000gn/C/com.apple.DeveloperTools/27.0-27A266a/Xcode/CompilationCache.noindex

CreateBuildDirectory /Volumes/Extreme\ SSD/ps2x-i23/ios-neg-test/_deps/imgui-subbuild/build/SwiftExplicitPrecompiledModules
    cd /Volumes/Extreme\ SSD/ps2x-i23/ios-neg-test/_deps/imgui-subbuild/imgui-populate.xcodeproj
    builtin-create-build-directory /Volumes/Extreme\ SSD/ps2x-i23/ios-neg-test/_deps/imgui-subbuild/build/SwiftExplicitPrecompiledModules

CreateBuildDirectory /Volumes/Extreme\ SSD/ps2x-i23/ios-neg-test/_deps/imgui-subbuild/build/ExplicitPrecompiledModules
    cd /Volumes/Extreme\ SSD/ps2x-i23/ios-neg-test/_deps/imgui-subbuild/imgui-populate.xcodeproj
    builtin-create-build-directory /Volumes/Extreme\ SSD/ps2x-i23/ios-neg-test/_deps/imgui-subbuild/build/ExplicitPrecompiledModules

CreateBuildDirectory /Volumes/Extreme\ SSD/ps2x-i23/ios-neg-test/_deps/imgui-subbuild/build/SharedPrecompiledHeaders
    cd /Volumes/Extreme\ SSD/ps2x-i23/ios-neg-test/_deps/imgui-subbuild/imgui-populate.xcodeproj
    builtin-create-build-directory /Volumes/Extreme\ SSD/ps2x-i23/ios-neg-test/_deps/imgui-subbuild/build/SharedPrecompiledHeaders

CreateBuildDirectory /Volumes/Extreme\ SSD/ps2x-i23/ios-neg-test/_deps/imgui-subbuild/build/Debug
    cd /Volumes/Extreme\ SSD/ps2x-i23/ios-neg-test/_deps/imgui-subbuild/imgui-populate.xcodeproj
    builtin-create-build-directory /Volumes/Extreme\ SSD/ps2x-i23/ios-neg-test/_deps/imgui-subbuild/build/Debug

WriteAuxiliaryFile /Volumes/Extreme\ SSD/ps2x-i23/ios-neg-test/_deps/imgui-subbuild/build/imgui-populate.build/Debug/imgui-populate.build/Script-99181B136920F0F4285DCA63.sh (in target 'imgui-populate' from project 'imgui-populate')
    cd /Volumes/Extreme\ SSD/ps2x-i23/ios-neg-test/_deps/imgui-subbuild
    write-file /Volumes/Extreme\ SSD/ps2x-i23/ios-neg-test/_deps/imgui-subbuild/build/imgui-populate.build/Debug/imgui-populate.build/Script-99181B136920F0F4285DCA63.sh

CreateBuildDirectory /Volumes/Extreme\ SSD/ps2x-i23/ios-neg-test/_deps/imgui-subbuild/build/EagerLinkingTBDs/Debug
    cd /Volumes/Extreme\ SSD/ps2x-i23/ios-neg-test/_deps/imgui-subbuild/imgui-populate.xcodeproj
    builtin-create-build-directory /Volumes/Extreme\ SSD/ps2x-i23/ios-neg-test/_deps/imgui-subbuild/build/EagerLinkingTBDs/Debug

WriteAuxiliaryFile /Volumes/Extreme\ SSD/ps2x-i23/ios-neg-test/_deps/imgui-subbuild/build/imgui-populate.build/Debug/imgui-populate.build/Script-625CBAF81575C7FF0026A674.sh (in target 'imgui-populate' from project 'imgui-populate')
    cd /Volumes/Extreme\ SSD/ps2x-i23/ios-neg-test/_deps/imgui-subbuild
    write-file /Volumes/Extreme\ SSD/ps2x-i23/ios-neg-test/_deps/imgui-subbuild/build/imgui-populate.build/Debug/imgui-populate.build/Script-625CBAF81575C7FF0026A674.sh

WriteAuxiliaryFile /Volumes/Extreme\ SSD/ps2x-i23/ios-neg-test/_deps/imgui-subbuild/build/imgui-populate.build/Debug/imgui-populate.build/Script-DB9505C290B14389024C4C92.sh (in target 'imgui-populate' from project 'imgui-populate')
    cd /Volumes/Extreme\ SSD/ps2x-i23/ios-neg-test/_deps/imgui-subbuild
    write-file /Volumes/Extreme\ SSD/ps2x-i23/ios-neg-test/_deps/imgui-subbuild/build/imgui-populate.build/Debug/imgui-populate.build/Script-DB9505C290B14389024C4C92.sh

WriteAuxiliaryFile /Volumes/Extreme\ SSD/ps2x-i23/ios-neg-test/_deps/imgui-subbuild/build/imgui-populate.build/Debug/imgui-populate.build/Script-CB4D2E23535F3B05C7C062DF.sh (in target 'imgui-populate' from project 'imgui-populate')
    cd /Volumes/Extreme\ SSD/ps2x-i23/ios-neg-test/_deps/imgui-subbuild
    write-file /Volumes/Extreme\ SSD/ps2x-i23/ios-neg-test/_deps/imgui-subbuild/build/imgui-populate.build/Debug/imgui-populate.build/Script-CB4D2E23535F3B05C7C062DF.sh

WriteAuxiliaryFile /Volumes/Extreme\ SSD/ps2x-i23/ios-neg-test/_deps/imgui-subbuild/build/imgui-populate.build/Debug/imgui-populate.build/Script-D618FE76A6FECD6FF7061F4D.sh (in target 'imgui-populate' from project 'imgui-populate')
    cd /Volumes/Extreme\ SSD/ps2x-i23/ios-neg-test/_deps/imgui-subbuild
    write-file /Volumes/Extreme\ SSD/ps2x-i23/ios-neg-test/_deps/imgui-subbuild/build/imgui-populate.build/Debug/imgui-populate.build/Script-D618FE76A6FECD6FF7061F4D.sh

WriteAuxiliaryFile /Volumes/Extreme\ SSD/ps2x-i23/ios-neg-test/_deps/imgui-subbuild/build/imgui-populate.build/Debug/imgui-populate.build/Script-5E8B5B03C87D344139820BB5.sh (in target 'imgui-populate' from project 'imgui-populate')
    cd /Volumes/Extreme\ SSD/ps2x-i23/ios-neg-test/_deps/imgui-subbuild
    write-file /Volumes/Extreme\ SSD/ps2x-i23/ios-neg-test/_deps/imgui-subbuild/build/imgui-populate.build/Debug/imgui-populate.build/Script-5E8B5B03C87D344139820BB5.sh

WriteAuxiliaryFile /Volumes/Extreme\ SSD/ps2x-i23/ios-neg-test/_deps/imgui-subbuild/build/imgui-populate.build/Debug/imgui-populate.build/Script-5C25A81525FB87E45075CB88.sh (in target 'imgui-populate' from project 'imgui-populate')
    cd /Volumes/Extreme\ SSD/ps2x-i23/ios-neg-test/_deps/imgui-subbuild
    write-file /Volumes/Extreme\ SSD/ps2x-i23/ios-neg-test/_deps/imgui-subbuild/build/imgui-populate.build/Debug/imgui-populate.build/Script-5C25A81525FB87E45075CB88.sh

WriteAuxiliaryFile /Volumes/Extreme\ SSD/ps2x-i23/ios-neg-test/_deps/imgui-subbuild/build/imgui-populate.build/Debug/imgui-populate.build/Script-45F6B8763533C97763FA7F3C.sh (in target 'imgui-populate' from project 'imgui-populate')
    cd /Volumes/Extreme\ SSD/ps2x-i23/ios-neg-test/_deps/imgui-subbuild
    write-file /Volumes/Extreme\ SSD/ps2x-i23/ios-neg-test/_deps/imgui-subbuild/build/imgui-populate.build/Debug/imgui-populate.build/Script-45F6B8763533C97763FA7F3C.sh

WriteAuxiliaryFile /Volumes/Extreme\ SSD/ps2x-i23/ios-neg-test/_deps/imgui-subbuild/build/imgui-populate.build/Debug/imgui-populate.build/Script-2FD67E782F403D4409971555.sh (in target 'imgui-populate' from project 'imgui-populate')
    cd /Volumes/Extreme\ SSD/ps2x-i23/ios-neg-test/_deps/imgui-subbuild
    write-file /Volumes/Extreme\ SSD/ps2x-i23/ios-neg-test/_deps/imgui-subbuild/build/imgui-populate.build/Debug/imgui-populate.build/Script-2FD67E782F403D4409971555.sh

WriteAuxiliaryFile /Volumes/Extreme\ SSD/ps2x-i23/ios-neg-test/_deps/imgui-subbuild/build/imgui-populate.build/Debug/imgui-populate.build/Script-12FBC70159E999B47725171C.sh (in target 'imgui-populate' from project 'imgui-populate')
    cd /Volumes/Extreme\ SSD/ps2x-i23/ios-neg-test/_deps/imgui-subbuild
    write-file /Volumes/Extreme\ SSD/ps2x-i23/ios-neg-test/_deps/imgui-subbuild/build/imgui-populate.build/Debug/imgui-populate.build/Script-12FBC70159E999B47725171C.sh

WriteAuxiliaryFile /Volumes/Extreme\ SSD/ps2x-i23/ios-neg-test/_deps/imgui-subbuild/build/imgui-populate.build/Debug/ZERO_CHECK.build/Script-463A50F72D89C82AC2F560F9.sh (in target 'ZERO_CHECK' from project 'imgui-populate')
    cd /Volumes/Extreme\ SSD/ps2x-i23/ios-neg-test/_deps/imgui-subbuild
    write-file /Volumes/Extreme\ SSD/ps2x-i23/ios-neg-test/_deps/imgui-subbuild/build/imgui-populate.build/Debug/ZERO_CHECK.build/Script-463A50F72D89C82AC2F560F9.sh

WriteAuxiliaryFile /Volumes/Extreme\ SSD/ps2x-i23/ios-neg-test/_deps/imgui-subbuild/build/imgui-populate.build/Debug/ALL_BUILD.build/Script-F773831D4ECE8DBC3D62659A.sh (in target 'ALL_BUILD' from project 'imgui-populate')
    cd /Volumes/Extreme\ SSD/ps2x-i23/ios-neg-test/_deps/imgui-subbuild
    write-file /Volumes/Extreme\ SSD/ps2x-i23/ios-neg-test/_deps/imgui-subbuild/build/imgui-populate.build/Debug/ALL_BUILD.build/Script-F773831D4ECE8DBC3D62659A.sh

PhaseScriptExecution Generate\ CMakeFiles/ZERO_CHECK /Volumes/Extreme\ SSD/ps2x-i23/ios-neg-test/_deps/imgui-subbuild/build/imgui-populate.build/Debug/ZERO_CHECK.build/Script-463A50F72D89C82AC2F560F9.sh (in target 'ZERO_CHECK' from project 'imgui-populate')
    cd /Volumes/Extreme\ SSD/ps2x-i23/ios-neg-test/_deps/imgui-subbuild
    /bin/sh -c /Volumes/Extreme\\\ SSD/ps2x-i23/ios-neg-test/_deps/imgui-subbuild/build/imgui-populate.build/Debug/ZERO_CHECK.build/Script-463A50F72D89C82AC2F560F9.sh
make: `/Volumes/Extreme SSD/ps2x-i23/ios-neg-test/_deps/imgui-subbuild/CMakeFiles/cmake.check_cache' is up to date.

PhaseScriptExecution Generate\ imgui-populate-prefix/src/imgui-populate-stamp/$(CONFIGURATION)$(EFFECTIVE_PLATFORM_NAME)/imgui-populate-mkdir /Volumes/Extreme\ SSD/ps2x-i23/ios-neg-test/_deps/imgui-subbuild/build/imgui-populate.build/Debug/imgui-populate.build/Script-2FD67E782F403D4409971555.sh (in target 'imgui-populate' from project 'imgui-populate')
    cd /Volumes/Extreme\ SSD/ps2x-i23/ios-neg-test/_deps/imgui-subbuild
    /bin/sh -c /Volumes/Extreme\\\ SSD/ps2x-i23/ios-neg-test/_deps/imgui-subbuild/build/imgui-populate.build/Debug/imgui-populate.build/Script-2FD67E782F403D4409971555.sh

PhaseScriptExecution Generate\ imgui-populate-prefix/src/imgui-populate-stamp/$(CONFIGURATION)$(EFFECTIVE_PLATFORM_NAME)/imgui-populate-download /Volumes/Extreme\ SSD/ps2x-i23/ios-neg-test/_deps/imgui-subbuild/build/imgui-populate.build/Debug/imgui-populate.build/Script-12FBC70159E999B47725171C.sh (in target 'imgui-populate' from project 'imgui-populate')
    cd /Volumes/Extreme\ SSD/ps2x-i23/ios-neg-test/_deps/imgui-subbuild
    /bin/sh -c /Volumes/Extreme\\\ SSD/ps2x-i23/ios-neg-test/_deps/imgui-subbuild/build/imgui-populate.build/Debug/imgui-populate.build/Script-12FBC70159E999B47725171C.sh
Cloning into 'imgui-src'...
error: non-monotonic index .git/objects/pack/._pack-1afadad3f5cee6c7baf8b3d1ef7bbb1d1872670c.idx
error: non-monotonic index .git/objects/pack/._pack-1afadad3f5cee6c7baf8b3d1ef7bbb1d1872670c.idx
HEAD is now at b1bcb12 Merge branch 'master' into docking
Command PhaseScriptExecution emitted errors but did not return a nonzero exit code to indicate failure

PhaseScriptExecution Generate\ imgui-populate-prefix/src/imgui-populate-stamp/$(CONFIGURATION)$(EFFECTIVE_PLATFORM_NAME)/imgui-populate-update /Volumes/Extreme\ SSD/ps2x-i23/ios-neg-test/_deps/imgui-subbuild/build/imgui-populate.build/Debug/imgui-populate.build/Script-625CBAF81575C7FF0026A674.sh (in target 'imgui-populate' from project 'imgui-populate')
    cd /Volumes/Extreme\ SSD/ps2x-i23/ios-neg-test/_deps/imgui-subbuild
    /bin/sh -c /Volumes/Extreme\\\ SSD/ps2x-i23/ios-neg-test/_deps/imgui-subbuild/build/imgui-populate.build/Debug/imgui-populate.build/Script-625CBAF81575C7FF0026A674.sh
-- Already at requested tag: v1.92.7-docking

PhaseScriptExecution Generate\ imgui-populate-prefix/src/imgui-populate-stamp/$(CONFIGURATION)$(EFFECTIVE_PLATFORM_NAME)/imgui-populate-patch /Volumes/Extreme\ SSD/ps2x-i23/ios-neg-test/_deps/imgui-subbuild/build/imgui-populate.build/Debug/imgui-populate.build/Script-45F6B8763533C97763FA7F3C.sh (in target 'imgui-populate' from project 'imgui-populate')
    cd /Volumes/Extreme\ SSD/ps2x-i23/ios-neg-test/_deps/imgui-subbuild
    /bin/sh -c /Volumes/Extreme\\\ SSD/ps2x-i23/ios-neg-test/_deps/imgui-subbuild/build/imgui-populate.build/Debug/imgui-populate.build/Script-45F6B8763533C97763FA7F3C.sh

PhaseScriptExecution Generate\ imgui-populate-prefix/src/imgui-populate-stamp/$(CONFIGURATION)$(EFFECTIVE_PLATFORM_NAME)/imgui-populate-configure /Volumes/Extreme\ SSD/ps2x-i23/ios-neg-test/_deps/imgui-subbuild/build/imgui-populate.build/Debug/imgui-populate.build/Script-D618FE76A6FECD6FF7061F4D.sh (in target 'imgui-populate' from project 'imgui-populate')
    cd /Volumes/Extreme\ SSD/ps2x-i23/ios-neg-test/_deps/imgui-subbuild
    /bin/sh -c /Volumes/Extreme\\\ SSD/ps2x-i23/ios-neg-test/_deps/imgui-subbuild/build/imgui-populate.build/Debug/imgui-populate.build/Script-D618FE76A6FECD6FF7061F4D.sh

PhaseScriptExecution Generate\ imgui-populate-prefix/src/imgui-populate-stamp/$(CONFIGURATION)$(EFFECTIVE_PLATFORM_NAME)/imgui-populate-build /Volumes/Extreme\ SSD/ps2x-i23/ios-neg-test/_deps/imgui-subbuild/build/imgui-populate.build/Debug/imgui-populate.build/Script-5E8B5B03C87D344139820BB5.sh (in target 'imgui-populate' from project 'imgui-populate')
    cd /Volumes/Extreme\ SSD/ps2x-i23/ios-neg-test/_deps/imgui-subbuild
    /bin/sh -c /Volumes/Extreme\\\ SSD/ps2x-i23/ios-neg-test/_deps/imgui-subbuild/build/imgui-populate.build/Debug/imgui-populate.build/Script-5E8B5B03C87D344139820BB5.sh

PhaseScriptExecution Generate\ imgui-populate-prefix/src/imgui-populate-stamp/$(CONFIGURATION)$(EFFECTIVE_PLATFORM_NAME)/imgui-populate-install /Volumes/Extreme\ SSD/ps2x-i23/ios-neg-test/_deps/imgui-subbuild/build/imgui-populate.build/Debug/imgui-populate.build/Script-DB9505C290B14389024C4C92.sh (in target 'imgui-populate' from project 'imgui-populate')
    cd /Volumes/Extreme\ SSD/ps2x-i23/ios-neg-test/_deps/imgui-subbuild
    /bin/sh -c /Volumes/Extreme\\\ SSD/ps2x-i23/ios-neg-test/_deps/imgui-subbuild/build/imgui-populate.build/Debug/imgui-populate.build/Script-DB9505C290B14389024C4C92.sh

PhaseScriptExecution Generate\ imgui-populate-prefix/src/imgui-populate-stamp/$(CONFIGURATION)$(EFFECTIVE_PLATFORM_NAME)/imgui-populate-test /Volumes/Extreme\ SSD/ps2x-i23/ios-neg-test/_deps/imgui-subbuild/build/imgui-populate.build/Debug/imgui-populate.build/Script-CB4D2E23535F3B05C7C062DF.sh (in target 'imgui-populate' from project 'imgui-populate')
    cd /Volumes/Extreme\ SSD/ps2x-i23/ios-neg-test/_deps/imgui-subbuild
    /bin/sh -c /Volumes/Extreme\\\ SSD/ps2x-i23/ios-neg-test/_deps/imgui-subbuild/build/imgui-populate.build/Debug/imgui-populate.build/Script-CB4D2E23535F3B05C7C062DF.sh

PhaseScriptExecution Generate\ CMakeFiles/$(CONFIGURATION)$(EFFECTIVE_PLATFORM_NAME)/imgui-populate-complete /Volumes/Extreme\ SSD/ps2x-i23/ios-neg-test/_deps/imgui-subbuild/build/imgui-populate.build/Debug/imgui-populate.build/Script-5C25A81525FB87E45075CB88.sh (in target 'imgui-populate' from project 'imgui-populate')
    cd /Volumes/Extreme\ SSD/ps2x-i23/ios-neg-test/_deps/imgui-subbuild
    /bin/sh -c /Volumes/Extreme\\\ SSD/ps2x-i23/ios-neg-test/_deps/imgui-subbuild/build/imgui-populate.build/Debug/imgui-populate.build/Script-5C25A81525FB87E45075CB88.sh

PhaseScriptExecution Generate\ CMakeFiles/imgui-populate /Volumes/Extreme\ SSD/ps2x-i23/ios-neg-test/_deps/imgui-subbuild/build/imgui-populate.build/Debug/imgui-populate.build/Script-99181B136920F0F4285DCA63.sh (in target 'imgui-populate' from project 'imgui-populate')
    cd /Volumes/Extreme\ SSD/ps2x-i23/ios-neg-test/_deps/imgui-subbuild
    /bin/sh -c /Volumes/Extreme\\\ SSD/ps2x-i23/ios-neg-test/_deps/imgui-subbuild/build/imgui-populate.build/Debug/imgui-populate.build/Script-99181B136920F0F4285DCA63.sh

PhaseScriptExecution Generate\ CMakeFiles/ALL_BUILD /Volumes/Extreme\ SSD/ps2x-i23/ios-neg-test/_deps/imgui-subbuild/build/imgui-populate.build/Debug/ALL_BUILD.build/Script-F773831D4ECE8DBC3D62659A.sh (in target 'ALL_BUILD' from project 'imgui-populate')
    cd /Volumes/Extreme\ SSD/ps2x-i23/ios-neg-test/_deps/imgui-subbuild
    /bin/sh -c /Volumes/Extreme\\\ SSD/ps2x-i23/ios-neg-test/_deps/imgui-subbuild/build/imgui-populate.build/Debug/ALL_BUILD.build/Script-F773831D4ECE8DBC3D62659A.sh
Build all projects

PruneExplicitPrecompiledModules /Volumes/Extreme SSD/ps2x-i23/ios-neg-test/_deps/imgui-subbuild/build/ExplicitPrecompiledModules

PruneExplicitPrecompiledModules /Volumes/Extreme SSD/ps2x-i23/ios-neg-test/_deps/imgui-subbuild/build/SwiftExplicitPrecompiledModules

note: Run script build phase 'Generate CMakeFiles/$(CONFIGURATION)$(EFFECTIVE_PLATFORM_NAME)/imgui-populate-complete' will be run during every build because the option to run the script phase "Based on dependency analysis" is unchecked. (in target 'imgui-populate' from project 'imgui-populate')
note: Run script build phase 'Generate CMakeFiles/imgui-populate' will be run during every build because the option to run the script phase "Based on dependency analysis" is unchecked. (in target 'imgui-populate' from project 'imgui-populate')
note: Run script build phase 'Generate imgui-populate-prefix/src/imgui-populate-stamp/$(CONFIGURATION)$(EFFECTIVE_PLATFORM_NAME)/imgui-populate-patch' will be run during every build because the option to run the script phase "Based on dependency analysis" is unchecked. (in target 'imgui-populate' from project 'imgui-populate')
note: Run script build phase 'Generate imgui-populate-prefix/src/imgui-populate-stamp/$(CONFIGURATION)$(EFFECTIVE_PLATFORM_NAME)/imgui-populate-update' will be run during every build because the option to run the script phase "Based on dependency analysis" is unchecked. (in target 'imgui-populate' from project 'imgui-populate')
note: Run script build phase 'Generate CMakeFiles/ZERO_CHECK' will be run during every build because the option to run the script phase "Based on dependency analysis" is unchecked. (in target 'ZERO_CHECK' from project 'imgui-populate')
note: Run script build phase 'Generate CMakeFiles/ALL_BUILD' will be run during every build because the option to run the script phase "Based on dependency analysis" is unchecked. (in target 'ALL_BUILD' from project 'imgui-populate')
** BUILD SUCCEEDED **

CMake Warning (author) at /opt/homebrew/share/cmake/Modules/FetchContent.cmake:1968 (message):
  Calling FetchContent_Populate(rlImGui) is deprecated, call
  FetchContent_MakeAvailable(rlImGui) instead.  Policy CMP0169 can be set to
  OLD to allow FetchContent_Populate(rlImGui) to be called directly for now,
  but the ability to call it with declared details will be removed completely
  in a future version.
Call Stack (most recent call first):
  ps2xRuntime/CMakeLists.txt:146 (FetchContent_Populate)
This warning is for project developers.  Use -Wno-author to suppress it.

-- Populating rlimgui
-- Configuring done (0.6s)
-- Generating done (0.5s)
-- Build files have been written to: /Volumes/Extreme SSD/ps2x-i23/ios-neg-test/_deps/rlimgui-subbuild
Command line invocation:
    /Applications/Xcode.app/Contents/Developer/usr/bin/xcodebuild -project rlimgui-populate.xcodeproj build -configuration Debug -parallelizeTargets -hideShellScriptEnvironment -target ALL_BUILD

ComputePackagePrebuildTargetDependencyGraph

CreateBuildRequest

SendProjectDescription

CreateBuildOperation

ComputeTargetDependencyGraph
note: Building targets in dependency order
note: Target dependency graph (3 targets)
    Target 'ALL_BUILD' in project 'rlimgui-populate'
        ➜ Explicit dependency on target 'rlimgui-populate' in project 'rlimgui-populate'
        ➜ Explicit dependency on target 'ZERO_CHECK' in project 'rlimgui-populate'
    Target 'rlimgui-populate' in project 'rlimgui-populate'
        ➜ Explicit dependency on target 'ZERO_CHECK' in project 'rlimgui-populate'
    Target 'ZERO_CHECK' in project 'rlimgui-populate' (no dependencies)

GatherProvisioningInputs

CreateBuildDescription

ExecuteExternalTool /opt/homebrew/opt/llvm/bin/clang -v -E -dM -isysroot /Applications/Xcode.app/Contents/Developer/Platforms/MacOSX.platform/Developer/SDKs/MacOSX27.0.sdk -x c -c /dev/null

Build description signature: c3acc1428f9eb3cb23c909410f9f93af
Build description path: /Volumes/Extreme SSD/ps2x-i23/ios-neg-test/_deps/rlimgui-subbuild/build/XCBuildData/c3acc1428f9eb3cb23c909410f9f93af.xcbuilddata
CreateBuildDirectory /Volumes/Extreme\ SSD/ps2x-i23/ios-neg-test/_deps/rlimgui-subbuild/build
    cd /Volumes/Extreme\ SSD/ps2x-i23/ios-neg-test/_deps/rlimgui-subbuild/rlimgui-populate.xcodeproj
    builtin-create-build-directory /Volumes/Extreme\ SSD/ps2x-i23/ios-neg-test/_deps/rlimgui-subbuild/build

CreateBuildDirectory /var/folders/zg/v8fr50g11gg5xcmmsr57zzq00000gn/C/com.apple.DeveloperTools/27.0-27A266a/Xcode/CompilationCache.noindex
    cd /Volumes/Extreme\ SSD/ps2x-i23/ios-neg-test/_deps/rlimgui-subbuild/rlimgui-populate.xcodeproj
    builtin-create-build-directory /var/folders/zg/v8fr50g11gg5xcmmsr57zzq00000gn/C/com.apple.DeveloperTools/27.0-27A266a/Xcode/CompilationCache.noindex

CreateBuildDirectory /Volumes/Extreme\ SSD/ps2x-i23/ios-neg-test/_deps/rlimgui-subbuild/build/ExplicitPrecompiledModules
    cd /Volumes/Extreme\ SSD/ps2x-i23/ios-neg-test/_deps/rlimgui-subbuild/rlimgui-populate.xcodeproj
    builtin-create-build-directory /Volumes/Extreme\ SSD/ps2x-i23/ios-neg-test/_deps/rlimgui-subbuild/build/ExplicitPrecompiledModules

CreateBuildDirectory /Volumes/Extreme\ SSD/ps2x-i23/ios-neg-test/_deps/rlimgui-subbuild/build/SharedPrecompiledHeaders
    cd /Volumes/Extreme\ SSD/ps2x-i23/ios-neg-test/_deps/rlimgui-subbuild/rlimgui-populate.xcodeproj
    builtin-create-build-directory /Volumes/Extreme\ SSD/ps2x-i23/ios-neg-test/_deps/rlimgui-subbuild/build/SharedPrecompiledHeaders

CreateBuildDirectory /Volumes/Extreme\ SSD/ps2x-i23/ios-neg-test/_deps/rlimgui-subbuild/build/SwiftExplicitPrecompiledModules
    cd /Volumes/Extreme\ SSD/ps2x-i23/ios-neg-test/_deps/rlimgui-subbuild/rlimgui-populate.xcodeproj
    builtin-create-build-directory /Volumes/Extreme\ SSD/ps2x-i23/ios-neg-test/_deps/rlimgui-subbuild/build/SwiftExplicitPrecompiledModules

CreateBuildDirectory /Volumes/Extreme\ SSD/ps2x-i23/ios-neg-test/_deps/rlimgui-subbuild/build/Debug
    cd /Volumes/Extreme\ SSD/ps2x-i23/ios-neg-test/_deps/rlimgui-subbuild/rlimgui-populate.xcodeproj
    builtin-create-build-directory /Volumes/Extreme\ SSD/ps2x-i23/ios-neg-test/_deps/rlimgui-subbuild/build/Debug

WriteAuxiliaryFile /Volumes/Extreme\ SSD/ps2x-i23/ios-neg-test/_deps/rlimgui-subbuild/build/rlimgui-populate.build/Debug/rlimgui-populate.build/Script-9A4F9D08DC158BA86B792F65.sh (in target 'rlimgui-populate' from project 'rlimgui-populate')
    cd /Volumes/Extreme\ SSD/ps2x-i23/ios-neg-test/_deps/rlimgui-subbuild
    write-file /Volumes/Extreme\ SSD/ps2x-i23/ios-neg-test/_deps/rlimgui-subbuild/build/rlimgui-populate.build/Debug/rlimgui-populate.build/Script-9A4F9D08DC158BA86B792F65.sh

WriteAuxiliaryFile /Volumes/Extreme\ SSD/ps2x-i23/ios-neg-test/_deps/rlimgui-subbuild/build/rlimgui-populate.build/Debug/rlimgui-populate.build/Script-9C760B43D2F8E8DE34E09E3A.sh (in target 'rlimgui-populate' from project 'rlimgui-populate')
    cd /Volumes/Extreme\ SSD/ps2x-i23/ios-neg-test/_deps/rlimgui-subbuild
    write-file /Volumes/Extreme\ SSD/ps2x-i23/ios-neg-test/_deps/rlimgui-subbuild/build/rlimgui-populate.build/Debug/rlimgui-populate.build/Script-9C760B43D2F8E8DE34E09E3A.sh

CreateBuildDirectory /Volumes/Extreme\ SSD/ps2x-i23/ios-neg-test/_deps/rlimgui-subbuild/build/EagerLinkingTBDs/Debug
    cd /Volumes/Extreme\ SSD/ps2x-i23/ios-neg-test/_deps/rlimgui-subbuild/rlimgui-populate.xcodeproj
    builtin-create-build-directory /Volumes/Extreme\ SSD/ps2x-i23/ios-neg-test/_deps/rlimgui-subbuild/build/EagerLinkingTBDs/Debug

WriteAuxiliaryFile /Volumes/Extreme\ SSD/ps2x-i23/ios-neg-test/_deps/rlimgui-subbuild/build/rlimgui-populate.build/Debug/rlimgui-populate.build/Script-CDC0D23512C4603F997184CC.sh (in target 'rlimgui-populate' from project 'rlimgui-populate')
    cd /Volumes/Extreme\ SSD/ps2x-i23/ios-neg-test/_deps/rlimgui-subbuild
    write-file /Volumes/Extreme\ SSD/ps2x-i23/ios-neg-test/_deps/rlimgui-subbuild/build/rlimgui-populate.build/Debug/rlimgui-populate.build/Script-CDC0D23512C4603F997184CC.sh

WriteAuxiliaryFile /Volumes/Extreme\ SSD/ps2x-i23/ios-neg-test/_deps/rlimgui-subbuild/build/rlimgui-populate.build/Debug/rlimgui-populate.build/Script-BB69D493517B7F6B40CBAFD6.sh (in target 'rlimgui-populate' from project 'rlimgui-populate')
    cd /Volumes/Extreme\ SSD/ps2x-i23/ios-neg-test/_deps/rlimgui-subbuild
    write-file /Volumes/Extreme\ SSD/ps2x-i23/ios-neg-test/_deps/rlimgui-subbuild/build/rlimgui-populate.build/Debug/rlimgui-populate.build/Script-BB69D493517B7F6B40CBAFD6.sh

WriteAuxiliaryFile /Volumes/Extreme\ SSD/ps2x-i23/ios-neg-test/_deps/rlimgui-subbuild/build/rlimgui-populate.build/Debug/rlimgui-populate.build/Script-E32D65BB21F47494E1A14B76.sh (in target 'rlimgui-populate' from project 'rlimgui-populate')
    cd /Volumes/Extreme\ SSD/ps2x-i23/ios-neg-test/_deps/rlimgui-subbuild
    write-file /Volumes/Extreme\ SSD/ps2x-i23/ios-neg-test/_deps/rlimgui-subbuild/build/rlimgui-populate.build/Debug/rlimgui-populate.build/Script-E32D65BB21F47494E1A14B76.sh

WriteAuxiliaryFile /Volumes/Extreme\ SSD/ps2x-i23/ios-neg-test/_deps/rlimgui-subbuild/build/rlimgui-populate.build/Debug/rlimgui-populate.build/Script-8E17185A47CF34DD3BEE62F1.sh (in target 'rlimgui-populate' from project 'rlimgui-populate')
    cd /Volumes/Extreme\ SSD/ps2x-i23/ios-neg-test/_deps/rlimgui-subbuild
    write-file /Volumes/Extreme\ SSD/ps2x-i23/ios-neg-test/_deps/rlimgui-subbuild/build/rlimgui-populate.build/Debug/rlimgui-populate.build/Script-8E17185A47CF34DD3BEE62F1.sh

WriteAuxiliaryFile /Volumes/Extreme\ SSD/ps2x-i23/ios-neg-test/_deps/rlimgui-subbuild/build/rlimgui-populate.build/Debug/rlimgui-populate.build/Script-7F374A23A1C679A1B5FDDFFC.sh (in target 'rlimgui-populate' from project 'rlimgui-populate')
    cd /Volumes/Extreme\ SSD/ps2x-i23/ios-neg-test/_deps/rlimgui-subbuild
    write-file /Volumes/Extreme\ SSD/ps2x-i23/ios-neg-test/_deps/rlimgui-subbuild/build/rlimgui-populate.build/Debug/rlimgui-populate.build/Script-7F374A23A1C679A1B5FDDFFC.sh

WriteAuxiliaryFile /Volumes/Extreme\ SSD/ps2x-i23/ios-neg-test/_deps/rlimgui-subbuild/build/rlimgui-populate.build/Debug/rlimgui-populate.build/Script-7991CF4B6CB637E00D461859.sh (in target 'rlimgui-populate' from project 'rlimgui-populate')
    cd /Volumes/Extreme\ SSD/ps2x-i23/ios-neg-test/_deps/rlimgui-subbuild
    write-file /Volumes/Extreme\ SSD/ps2x-i23/ios-neg-test/_deps/rlimgui-subbuild/build/rlimgui-populate.build/Debug/rlimgui-populate.build/Script-7991CF4B6CB637E00D461859.sh

WriteAuxiliaryFile /Volumes/Extreme\ SSD/ps2x-i23/ios-neg-test/_deps/rlimgui-subbuild/build/rlimgui-populate.build/Debug/rlimgui-populate.build/Script-480B67B3EAE21C332ED6146D.sh (in target 'rlimgui-populate' from project 'rlimgui-populate')
    cd /Volumes/Extreme\ SSD/ps2x-i23/ios-neg-test/_deps/rlimgui-subbuild
    write-file /Volumes/Extreme\ SSD/ps2x-i23/ios-neg-test/_deps/rlimgui-subbuild/build/rlimgui-populate.build/Debug/rlimgui-populate.build/Script-480B67B3EAE21C332ED6146D.sh

WriteAuxiliaryFile /Volumes/Extreme\ SSD/ps2x-i23/ios-neg-test/_deps/rlimgui-subbuild/build/rlimgui-populate.build/Debug/rlimgui-populate.build/Script-09AB0B5445D191974644451F.sh (in target 'rlimgui-populate' from project 'rlimgui-populate')
    cd /Volumes/Extreme\ SSD/ps2x-i23/ios-neg-test/_deps/rlimgui-subbuild
    write-file /Volumes/Extreme\ SSD/ps2x-i23/ios-neg-test/_deps/rlimgui-subbuild/build/rlimgui-populate.build/Debug/rlimgui-populate.build/Script-09AB0B5445D191974644451F.sh

note: Run script build phase 'Generate CMakeFiles/ZERO_CHECK' will be run during every build because the option to run the script phase "Based on dependency analysis" is unchecked. (in target 'ZERO_CHECK' from project 'rlimgui-populate')
WriteAuxiliaryFile /Volumes/Extreme\ SSD/ps2x-i23/ios-neg-test/_deps/rlimgui-subbuild/build/rlimgui-populate.build/Debug/ZERO_CHECK.build/Script-CC43164F72D9364C78AD421A.sh (in target 'ZERO_CHECK' from project 'rlimgui-populate')
    cd /Volumes/Extreme\ SSD/ps2x-i23/ios-neg-test/_deps/rlimgui-subbuild
    write-file /Volumes/Extreme\ SSD/ps2x-i23/ios-neg-test/_deps/rlimgui-subbuild/build/rlimgui-populate.build/Debug/ZERO_CHECK.build/Script-CC43164F72D9364C78AD421A.sh

WriteAuxiliaryFile /Volumes/Extreme\ SSD/ps2x-i23/ios-neg-test/_deps/rlimgui-subbuild/build/rlimgui-populate.build/Debug/ALL_BUILD.build/Script-6530F79953DFE466AA88A758.sh (in target 'ALL_BUILD' from project 'rlimgui-populate')
    cd /Volumes/Extreme\ SSD/ps2x-i23/ios-neg-test/_deps/rlimgui-subbuild
    write-file /Volumes/Extreme\ SSD/ps2x-i23/ios-neg-test/_deps/rlimgui-subbuild/build/rlimgui-populate.build/Debug/ALL_BUILD.build/Script-6530F79953DFE466AA88A758.sh

PhaseScriptExecution Generate\ CMakeFiles/ZERO_CHECK /Volumes/Extreme\ SSD/ps2x-i23/ios-neg-test/_deps/rlimgui-subbuild/build/rlimgui-populate.build/Debug/ZERO_CHECK.build/Script-CC43164F72D9364C78AD421A.sh (in target 'ZERO_CHECK' from project 'rlimgui-populate')
    cd /Volumes/Extreme\ SSD/ps2x-i23/ios-neg-test/_deps/rlimgui-subbuild
    /bin/sh -c /Volumes/Extreme\\\ SSD/ps2x-i23/ios-neg-test/_deps/rlimgui-subbuild/build/rlimgui-populate.build/Debug/ZERO_CHECK.build/Script-CC43164F72D9364C78AD421A.sh
make: `/Volumes/Extreme SSD/ps2x-i23/ios-neg-test/_deps/rlimgui-subbuild/CMakeFiles/cmake.check_cache' is up to date.

PhaseScriptExecution Generate\ rlimgui-populate-prefix/src/rlimgui-populate-stamp/$(CONFIGURATION)$(EFFECTIVE_PLATFORM_NAME)/rlimgui-populate-mkdir /Volumes/Extreme\ SSD/ps2x-i23/ios-neg-test/_deps/rlimgui-subbuild/build/rlimgui-populate.build/Debug/rlimgui-populate.build/Script-480B67B3EAE21C332ED6146D.sh (in target 'rlimgui-populate' from project 'rlimgui-populate')
    cd /Volumes/Extreme\ SSD/ps2x-i23/ios-neg-test/_deps/rlimgui-subbuild
    /bin/sh -c /Volumes/Extreme\\\ SSD/ps2x-i23/ios-neg-test/_deps/rlimgui-subbuild/build/rlimgui-populate.build/Debug/rlimgui-populate.build/Script-480B67B3EAE21C332ED6146D.sh

PhaseScriptExecution Generate\ rlimgui-populate-prefix/src/rlimgui-populate-stamp/$(CONFIGURATION)$(EFFECTIVE_PLATFORM_NAME)/rlimgui-populate-download /Volumes/Extreme\ SSD/ps2x-i23/ios-neg-test/_deps/rlimgui-subbuild/build/rlimgui-populate.build/Debug/rlimgui-populate.build/Script-09AB0B5445D191974644451F.sh (in target 'rlimgui-populate' from project 'rlimgui-populate')
    cd /Volumes/Extreme\ SSD/ps2x-i23/ios-neg-test/_deps/rlimgui-subbuild
    /bin/sh -c /Volumes/Extreme\\\ SSD/ps2x-i23/ios-neg-test/_deps/rlimgui-subbuild/build/rlimgui-populate.build/Debug/rlimgui-populate.build/Script-09AB0B5445D191974644451F.sh
Cloning into 'rlimgui-src'...
error: non-monotonic index .git/objects/pack/._pack-907f41e02a69b2781e20040a69ba8dece28b3913.idx
error: non-monotonic index .git/objects/pack/._pack-907f41e02a69b2781e20040a69ba8dece28b3913.idx
HEAD is now at 118221c Update headings in README.md for consistency
Command PhaseScriptExecution emitted errors but did not return a nonzero exit code to indicate failure

PhaseScriptExecution Generate\ rlimgui-populate-prefix/src/rlimgui-populate-stamp/$(CONFIGURATION)$(EFFECTIVE_PLATFORM_NAME)/rlimgui-populate-update /Volumes/Extreme\ SSD/ps2x-i23/ios-neg-test/_deps/rlimgui-subbuild/build/rlimgui-populate.build/Debug/rlimgui-populate.build/Script-BB69D493517B7F6B40CBAFD6.sh (in target 'rlimgui-populate' from project 'rlimgui-populate')
    cd /Volumes/Extreme\ SSD/ps2x-i23/ios-neg-test/_deps/rlimgui-subbuild
    /bin/sh -c /Volumes/Extreme\\\ SSD/ps2x-i23/ios-neg-test/_deps/rlimgui-subbuild/build/rlimgui-populate.build/Debug/rlimgui-populate.build/Script-BB69D493517B7F6B40CBAFD6.sh
-- Already at requested tag: Raylib_5_5

PhaseScriptExecution Generate\ rlimgui-populate-prefix/src/rlimgui-populate-stamp/$(CONFIGURATION)$(EFFECTIVE_PLATFORM_NAME)/rlimgui-populate-patch /Volumes/Extreme\ SSD/ps2x-i23/ios-neg-test/_deps/rlimgui-subbuild/build/rlimgui-populate.build/Debug/rlimgui-populate.build/Script-7991CF4B6CB637E00D461859.sh (in target 'rlimgui-populate' from project 'rlimgui-populate')
    cd /Volumes/Extreme\ SSD/ps2x-i23/ios-neg-test/_deps/rlimgui-subbuild
    /bin/sh -c /Volumes/Extreme\\\ SSD/ps2x-i23/ios-neg-test/_deps/rlimgui-subbuild/build/rlimgui-populate.build/Debug/rlimgui-populate.build/Script-7991CF4B6CB637E00D461859.sh

PhaseScriptExecution Generate\ rlimgui-populate-prefix/src/rlimgui-populate-stamp/$(CONFIGURATION)$(EFFECTIVE_PLATFORM_NAME)/rlimgui-populate-configure /Volumes/Extreme\ SSD/ps2x-i23/ios-neg-test/_deps/rlimgui-subbuild/build/rlimgui-populate.build/Debug/rlimgui-populate.build/Script-CDC0D23512C4603F997184CC.sh (in target 'rlimgui-populate' from project 'rlimgui-populate')
    cd /Volumes/Extreme\ SSD/ps2x-i23/ios-neg-test/_deps/rlimgui-subbuild
    /bin/sh -c /Volumes/Extreme\\\ SSD/ps2x-i23/ios-neg-test/_deps/rlimgui-subbuild/build/rlimgui-populate.build/Debug/rlimgui-populate.build/Script-CDC0D23512C4603F997184CC.sh

PhaseScriptExecution Generate\ rlimgui-populate-prefix/src/rlimgui-populate-stamp/$(CONFIGURATION)$(EFFECTIVE_PLATFORM_NAME)/rlimgui-populate-build /Volumes/Extreme\ SSD/ps2x-i23/ios-neg-test/_deps/rlimgui-subbuild/build/rlimgui-populate.build/Debug/rlimgui-populate.build/Script-9A4F9D08DC158BA86B792F65.sh (in target 'rlimgui-populate' from project 'rlimgui-populate')
    cd /Volumes/Extreme\ SSD/ps2x-i23/ios-neg-test/_deps/rlimgui-subbuild
    /bin/sh -c /Volumes/Extreme\\\ SSD/ps2x-i23/ios-neg-test/_deps/rlimgui-subbuild/build/rlimgui-populate.build/Debug/rlimgui-populate.build/Script-9A4F9D08DC158BA86B792F65.sh

PhaseScriptExecution Generate\ rlimgui-populate-prefix/src/rlimgui-populate-stamp/$(CONFIGURATION)$(EFFECTIVE_PLATFORM_NAME)/rlimgui-populate-install /Volumes/Extreme\ SSD/ps2x-i23/ios-neg-test/_deps/rlimgui-subbuild/build/rlimgui-populate.build/Debug/rlimgui-populate.build/Script-E32D65BB21F47494E1A14B76.sh (in target 'rlimgui-populate' from project 'rlimgui-populate')
    cd /Volumes/Extreme\ SSD/ps2x-i23/ios-neg-test/_deps/rlimgui-subbuild
    /bin/sh -c /Volumes/Extreme\\\ SSD/ps2x-i23/ios-neg-test/_deps/rlimgui-subbuild/build/rlimgui-populate.build/Debug/rlimgui-populate.build/Script-E32D65BB21F47494E1A14B76.sh

PhaseScriptExecution Generate\ rlimgui-populate-prefix/src/rlimgui-populate-stamp/$(CONFIGURATION)$(EFFECTIVE_PLATFORM_NAME)/rlimgui-populate-test /Volumes/Extreme\ SSD/ps2x-i23/ios-neg-test/_deps/rlimgui-subbuild/build/rlimgui-populate.build/Debug/rlimgui-populate.build/Script-9C760B43D2F8E8DE34E09E3A.sh (in target 'rlimgui-populate' from project 'rlimgui-populate')
    cd /Volumes/Extreme\ SSD/ps2x-i23/ios-neg-test/_deps/rlimgui-subbuild
    /bin/sh -c /Volumes/Extreme\\\ SSD/ps2x-i23/ios-neg-test/_deps/rlimgui-subbuild/build/rlimgui-populate.build/Debug/rlimgui-populate.build/Script-9C760B43D2F8E8DE34E09E3A.sh

PhaseScriptExecution Generate\ CMakeFiles/$(CONFIGURATION)$(EFFECTIVE_PLATFORM_NAME)/rlimgui-populate-complete /Volumes/Extreme\ SSD/ps2x-i23/ios-neg-test/_deps/rlimgui-subbuild/build/rlimgui-populate.build/Debug/rlimgui-populate.build/Script-8E17185A47CF34DD3BEE62F1.sh (in target 'rlimgui-populate' from project 'rlimgui-populate')
    cd /Volumes/Extreme\ SSD/ps2x-i23/ios-neg-test/_deps/rlimgui-subbuild
    /bin/sh -c /Volumes/Extreme\\\ SSD/ps2x-i23/ios-neg-test/_deps/rlimgui-subbuild/build/rlimgui-populate.build/Debug/rlimgui-populate.build/Script-8E17185A47CF34DD3BEE62F1.sh

PhaseScriptExecution Generate\ CMakeFiles/rlimgui-populate /Volumes/Extreme\ SSD/ps2x-i23/ios-neg-test/_deps/rlimgui-subbuild/build/rlimgui-populate.build/Debug/rlimgui-populate.build/Script-7F374A23A1C679A1B5FDDFFC.sh (in target 'rlimgui-populate' from project 'rlimgui-populate')
    cd /Volumes/Extreme\ SSD/ps2x-i23/ios-neg-test/_deps/rlimgui-subbuild
    /bin/sh -c /Volumes/Extreme\\\ SSD/ps2x-i23/ios-neg-test/_deps/rlimgui-subbuild/build/rlimgui-populate.build/Debug/rlimgui-populate.build/Script-7F374A23A1C679A1B5FDDFFC.sh

PhaseScriptExecution Generate\ CMakeFiles/ALL_BUILD /Volumes/Extreme\ SSD/ps2x-i23/ios-neg-test/_deps/rlimgui-subbuild/build/rlimgui-populate.build/Debug/ALL_BUILD.build/Script-6530F79953DFE466AA88A758.sh (in target 'ALL_BUILD' from project 'rlimgui-populate')
    cd /Volumes/Extreme\ SSD/ps2x-i23/ios-neg-test/_deps/rlimgui-subbuild
    /bin/sh -c /Volumes/Extreme\\\ SSD/ps2x-i23/ios-neg-test/_deps/rlimgui-subbuild/build/rlimgui-populate.build/Debug/ALL_BUILD.build/Script-6530F79953DFE466AA88A758.sh
Build all projects

PruneExplicitPrecompiledModules /Volumes/Extreme SSD/ps2x-i23/ios-neg-test/_deps/rlimgui-subbuild/build/SwiftExplicitPrecompiledModules

PruneExplicitPrecompiledModules /Volumes/Extreme SSD/ps2x-i23/ios-neg-test/_deps/rlimgui-subbuild/build/ExplicitPrecompiledModules

note: Run script build phase 'Generate rlimgui-populate-prefix/src/rlimgui-populate-stamp/$(CONFIGURATION)$(EFFECTIVE_PLATFORM_NAME)/rlimgui-populate-patch' will be run during every build because the option to run the script phase "Based on dependency analysis" is unchecked. (in target 'rlimgui-populate' from project 'rlimgui-populate')
note: Run script build phase 'Generate rlimgui-populate-prefix/src/rlimgui-populate-stamp/$(CONFIGURATION)$(EFFECTIVE_PLATFORM_NAME)/rlimgui-populate-update' will be run during every build because the option to run the script phase "Based on dependency analysis" is unchecked. (in target 'rlimgui-populate' from project 'rlimgui-populate')
note: Run script build phase 'Generate CMakeFiles/$(CONFIGURATION)$(EFFECTIVE_PLATFORM_NAME)/rlimgui-populate-complete' will be run during every build because the option to run the script phase "Based on dependency analysis" is unchecked. (in target 'rlimgui-populate' from project 'rlimgui-populate')
note: Run script build phase 'Generate CMakeFiles/rlimgui-populate' will be run during every build because the option to run the script phase "Based on dependency analysis" is unchecked. (in target 'rlimgui-populate' from project 'rlimgui-populate')
note: Run script build phase 'Generate CMakeFiles/ALL_BUILD' will be run during every build because the option to run the script phase "Based on dependency analysis" is unchecked. (in target 'ALL_BUILD' from project 'rlimgui-populate')
** BUILD SUCCEEDED **

CMake Error at ps2xRuntime/CMakeLists.txt:376 (message):
  PS2X_ENABLE_FFMPEG=ON for iOS requires -DPS2X_FFMPEG_IOS_ROOT=<prefix>
  pointing at a locally-built minimal FFmpeg 7.1.x (lib/libavcodec.a,
  lib/libavutil.a, lib/libswscale.a + include/).  Recipe:
  ps2xRuntime/cmake/iOS-FFmpeg-7.1.1.md


-- Configuring incomplete, errors occurred!
