REF_CHECK:mean=0.0000 p99=0 max=0 npix=224000 mode=PPM
REFMENU_CHECK:mean=0.0000 p99=0 max=0 npix=1310720 mode=PPM
REFSC_CHECK:mean=0.0000 p99=0 max=0 npix=1310720 mode=PPM
REFZC_CHECK:mean=0.0000 p99=0 max=0 npix=1310720 mode=PPM
REFSP_CHECK:mean=0.0000 p99=0 max=0 npix=1310720 mode=PPM
SELF_TEST mean=0.0000 p99=0
SELF_WHOLE=0.0000
SELF_MENU mean=0.0000 p99=0
SELF_SC mean=0.0000 p99=0
SELF_ZC mean=0.0000 p99=0
SELF_SP mean=0.0000 p99=0
START_SCORE mean=24.9664 p99=150 MENU_T+:94
ATTEMPT_1 BEGIN MENU_T+:94
ATTEMPT_1 now score mean=25.1806 p99=194
ATTEMPT_1 on attract (non-title) -> Cross attract-skip
A1_CROSS_KEYDOWN_WALL:1789963317.697213685 UPTIME:473 MENU_T+:95
A1_CROSS_HELD_WALL:1789963317.715052168 UPTIME:473
A1_CROSS_KEYUP_WALL:1789963318.232121716 UPTIME:474 MENU_T+:96
ATTEMPT_1 poll01 score mean=0.4331 p99=6 MENU_T+:98
ATTEMPT_1 TITLE-DETECTED at poll01
A1_START_KEYDOWN_WALL:1789963320.969230153 UPTIME:477 MENU_T+:98
A1_START_HELD_WALL:1789963320.989263653 UPTIME:477
A1_START_KEYUP_WALL:1789963321.506727375 UPTIME:477 MENU_T+:99
ATTEMPT_1 post+3 score mean=16.2559 p99=139 MENU_T+:103
ATTEMPT_1 post+8 score mean=16.2940 p99=139
ATTEMPT_1 post+15 score mean=16.2610 p99=139
ATTEMPT_1 post+25 score mean=16.2610 p99=139
ATTEMPT_1 whole815=0.0337 whole1525=0.0114
ATTEMPT_1 post25-vs-menu mean=0.2946 p99=5
ATTEMPT_1 MENU-LIKE (non-title + static) -> park for menu Cross
MENUPRE vs-menu mean=0.2871 p99=5 MENU_T+:137
MENUPRE vs-title mean=16.2610 p99=139
MENU_CROSS_KEYDOWN_WALL:1789963360.112043614 UPTIME:516 MENU_T+:138
MENU_CROSS_HELD_WALL:1789963360.130046594 UPTIME:516
MENU_CROSS_KEYUP_WALL:1789963360.646760984 UPTIME:516 MENU_T+:138
MC post+1 titleband mean=12.5493 p99=164 vs-menu mean=10.2176 p99=106 vs-sc mean=0.4988 p99=8 MENU_T+:142
MC post+3 titleband mean=12.5565 p99=164 vs-menu mean=10.2270 p99=107 vs-sc mean=0.5026 p99=8
MC post+8 titleband mean=12.5352 p99=164 vs-menu mean=10.2187 p99=105 vs-sc mean=0.6074 p99=9
MC post+15 titleband mean=12.5352 p99=164 vs-menu mean=10.1969 p99=105 vs-sc mean=0.3971 p99=6
MC hops whole: pre-post1=10.1223 p1-p3=0.1169 p3-p8=0.2662 p8-p15=0.2407
SC-LIKE (non-menu + static) -> park for Zoe Cross
SCPRE vs-sc mean=0.5699 p99=8 MENU_T+:176
SCPRE vs-menu mean=10.1961 p99=105
SCPRE vs-title mean=12.6596 p99=164
ZOE_CROSS_KEYDOWN_WALL:1789963400.020112496 UPTIME:556 MENU_T+:178
ZOE_CROSS_HELD_WALL:1789963400.039012882 UPTIME:556
ZOE_CROSS_KEYUP_WALL:1789963400.556266031 UPTIME:556 MENU_T+:178
ZC post+1 titleband mean=15.9324 p99=128 vs-sc mean=7.2295 p99=100 vs-zc mean=0.5292 p99=9 MENU_T+:182
ZC post+3 titleband mean=15.8351 p99=128 vs-sc mean=7.2940 p99=101 vs-zc mean=0.4712 p99=8
ZC post+8 titleband mean=15.8525 p99=128 vs-sc mean=7.1450 p99=100 vs-zc mean=0.4823 p99=8
ZC hops whole: pre-post1=7.2212 p1-p3=0.3100 p3-p8=0.2947
ZC-LIKE (departed + non-SC + static) -> park for Continue Cross
CCPRE vs-zc mean=0.4057 p99=7 MENU_T+:205
CCPRE vs-sc mean=7.2706 p99=100
CCPRE vs-title mean=15.7993 p99=128
CONT_CROSS_KEYDOWN_WALL:1789963428.680634953 UPTIME:584 MENU_T+:206
CONT_CROSS_HELD_WALL:1789963428.698953874 UPTIME:584
CONT_CROSS_KEYUP_WALL:1789963429.215815887 UPTIME:585 MENU_T+:207
SP post+1 titleband mean=23.1261 p99=171 vs-zc mean=9.4955 p99=154 vs-sp mean=0.4021 p99=6 MENU_T+:210
SP post+3 titleband mean=23.1279 p99=171 vs-zc mean=9.4649 p99=154 vs-sp mean=0.3920 p99=6
SP post+8 titleband mean=23.1257 p99=171 vs-zc mean=9.4541 p99=154 vs-sp mean=0.3566 p99=5
SP hops whole: pre-post1=9.3463 p1-p3=0.0923 p3-p8=0.0412
SP-LIKE (departed + non-ZC + static) -> park for Peak Cross
SPPRE vs-sp mean=0.4233 p99=6 MENU_T+:233
SPPRE vs-zc mean=9.5208 p99=154
SPPRE vs-title mean=23.1279 p99=171
PEAK_CROSS_KEYDOWN_WALL:1789963457.365809541 UPTIME:613 MENU_T+:235
PEAK_CROSS_HELD_WALL:1789963457.384391886 UPTIME:613
PEAK_CROSS_KEYUP_WALL:1789963457.901575138 UPTIME:614 MENU_T+:235
PC post+1 titleband mean=26.3170 p99=183 vs-sp mean=5.3746 p99=121 vs-zc mean=10.2113 p99=164 MENU_T+:239
PC post+3 titleband mean=26.3170 p99=183 vs-sp mean=5.3504 p99=121 vs-zc mean=10.1877 p99=164
PC post+8 titleband mean=26.3448 p99=183 vs-sp mean=5.3792 p99=121 vs-zc mean=10.2157 p99=164
PC post+15 titleband mean=26.3181 p99=183 vs-sp mean=5.3514 p99=121 vs-zc mean=10.1889 p99=164
PC post+25 titleband mean=26.3170 p99=183 vs-sp mean=5.3512 p99=121 vs-zc mean=10.1887 p99=164
PC post+40 titleband mean=26.3141 p99=183 vs-sp mean=5.3618 p99=121 vs-zc mean=10.1977 p99=164
PC hops whole: pre-post1=5.2452 p1-p3=0.0345 p3-p8=0.0420 p8-p15=0.0435 p15-p25=0.0111 p25-p40=0.0228
PC_STAB1 titleband mean=26.3175 p99=183 vs-sp mean=5.3471 p99=121 MENU_T+:312
PC_STAB2 titleband mean=26.3170 p99=183 vs-sp mean=5.3751 p99=121 MENU_T+:324
PC_STAB3 titleband mean=26.3522 p99=183 vs-sp mean=5.3795 p99=121 MENU_T+:336
PC_STAB4 titleband mean=26.3180 p99=183 vs-sp mean=5.3473 p99=121 MENU_T+:347
PC_STAB5 titleband mean=26.3170 p99=183 vs-sp mean=5.3762 p99=121 MENU_T+:359
PC_STAB6 titleband mean=26.3416 p99=183 vs-sp mean=5.3740 p99=121 MENU_T+:371
