[0/2 0.006] Re-checking globbed directories...
[1/345 0.877] Building CXX object ps2xRuntime/CMakeFiles/ps2_runtime.dir/src/lib/gs/gs_cpu_backend.cpp.o
In file included from /Volumes/Extreme SSD/ps2recomp-spike/PS2Recomp/ps2xRuntime/src/lib/gs/gs_cpu_backend.cpp:7:
/Volumes/Extreme SSD/ps2recomp-spike/PS2Recomp/ps2xRuntime/include/runtime/gs/ps2_gs_memory.h:67:11: warning: enumeration value 'Max' not handled in switch [-Wswitch]
   67 |                 switch (psm)
      |                         ^~~
/Volumes/Extreme SSD/ps2recomp-spike/PS2Recomp/ps2xRuntime/include/runtime/gs/ps2_gs_memory.h:91:11: warning: enumeration value 'Max' not handled in switch [-Wswitch]
   91 |                 switch (psm)
      |                         ^~~
/Volumes/Extreme SSD/ps2recomp-spike/PS2Recomp/ps2xRuntime/include/runtime/gs/ps2_gs_memory.h:168:11: warning: 9 enumeration values not handled in switch: 'C32', 'C24', 'C16'... [-Wswitch]
  168 |                 switch (psm)
      |                         ^~~
3 warnings generated.
[2/345 1.096] Building CXX object ps2xRuntime/CMakeFiles/ps2_runtime.dir/src/lib/ps2_iop_host.cpp.o
[3/345 1.123] Building CXX object ps2xRuntime/CMakeFiles/ps2_runtime.dir/src/lib/gs/gs_frontend.cpp.o
[4/345 1.182] Building CXX object ps2xRuntime/CMakeFiles/ps2_runtime.dir/src/lib/game_overrides.cpp.o
[5/345 1.620] Building CXX object ps2xRuntime/CMakeFiles/ps2_runtime.dir/src/lib/ps2_memory.cpp.o
[6/345 1.751] Building CXX object ps2xRuntime/CMakeFiles/ps2_runtime.dir/src/lib/vu/ps2_vu1_core.cpp.o
[7/345 2.369] Building CXX object ps2xRuntime/CMakeFiles/ps2_runtime.dir/src/lib/Kernel/Stubs/Audio.cpp.o
[8/345 2.420] Building CXX object ps2xRuntime/CMakeFiles/ps2_runtime.dir/src/lib/ps2_runtime.cpp.o
[9/345 3.054] Building CXX object ps2xRuntime/CMakeFiles/ps2_runtime.dir/src/lib/Kernel/Stubs/CD.cpp.o
[10/345 3.386] Building CXX object ps2xRuntime/CMakeFiles/ps2_runtime.dir/src/lib/Kernel/Stubs/Compatibility.cpp.o
[11/345 3.416] Building CXX object ps2xRuntime/CMakeFiles/ps2_runtime.dir/src/lib/Kernel/Stubs/DMA.cpp.o
[12/345 3.557] Building CXX object ps2xRuntime/CMakeFiles/ps2_runtime.dir/src/lib/Kernel/EeScheduler.cpp.o
[13/345 3.983] Building CXX object ps2xRuntime/CMakeFiles/ps2_runtime.dir/src/lib/Kernel/Stubs/Deci2.cpp.o
[14/345 4.419] Building CXX object ps2xRuntime/CMakeFiles/ps2_runtime.dir/src/lib/Kernel/Stubs/FileIO.cpp.o
[15/345 4.464] Building CXX object ps2xRuntime/CMakeFiles/ps2_runtime.dir/src/lib/Kernel/Stubs/Font.cpp.o
[16/345 4.875] Building CXX object ps2xRuntime/CMakeFiles/ps2_runtime.dir/src/lib/Kernel/Stubs/GS.cpp.o
[17/345 5.208] Building CXX object ps2xRuntime/CMakeFiles/ps2_runtime.dir/src/lib/Kernel/Stubs/IPU.cpp.o
[18/345 5.789] Building CXX object ps2xRuntime/CMakeFiles/ps2_runtime.dir/src/lib/Kernel/Stubs/LibC.cpp.o
[19/345 6.298] Building CXX object ps2xRuntime/CMakeFiles/ps2_runtime.dir/src/lib/Kernel/Stubs/MPEG.cpp.o
[20/345 6.304] Building CXX object ps2xRuntime/CMakeFiles/ps2_runtime.dir/src/lib/Kernel/Stubs/Pad.cpp.o
[21/345 6.422] Building CXX object ps2xRuntime/CMakeFiles/ps2_runtime.dir/src/lib/Kernel/Stubs/MemoryCard.cpp.o
[22/345 6.794] Building CXX object ps2xRuntime/CMakeFiles/ps2_runtime.dir/src/lib/Kernel/Stubs/RPC.cpp.o
[23/345 7.329] Building CXX object ps2xRuntime/CMakeFiles/ps2_runtime.dir/src/lib/Kernel/Stubs/Ssx3Movie.cpp.o
[24/345 7.481] Building CXX object ps2xRuntime/CMakeFiles/ps2_runtime.dir/src/lib/Kernel/Stubs/System.cpp.o
[25/345 7.492] Building CXX object ps2xRuntime/CMakeFiles/ps2_runtime.dir/src/lib/Kernel/Stubs/SIF.cpp.o
[26/345 7.940] Building CXX object ps2xRuntime/CMakeFiles/ps2_runtime.dir/src/lib/Kernel/Stubs/TTY.cpp.o
[27/345 8.423] Building CXX object ps2xRuntime/CMakeFiles/ps2_runtime.dir/src/lib/Kernel/Stubs/Unimplemented.cpp.o
[28/345 8.568] Building CXX object ps2xRuntime/CMakeFiles/ps2_runtime.dir/src/lib/Kernel/Stubs/VU.cpp.o
[29/345 8.677] Building CXX object ps2xRuntime/CMakeFiles/ps2_runtime.dir/src/lib/Kernel/Syscalls/Deci2.cpp.o
[30/345 9.307] Building CXX object ps2xRuntime/CMakeFiles/ps2_runtime.dir/src/lib/Kernel/Syscalls/Dispatcher.cpp.o
[31/345 9.819] Building CXX object ps2xRuntime/CMakeFiles/ps2_runtime.dir/src/lib/Kernel/Syscalls/Interrupt.cpp.o
[32/345 9.919] Building CXX object ps2xRuntime/CMakeFiles/ps2_runtime.dir/src/lib/Kernel/Syscalls/FileIO.cpp.o
[33/345 10.414] Building CXX object ps2xRuntime/CMakeFiles/ps2_runtime.dir/src/lib/Kernel/Syscalls/RPC.cpp.o
[34/345 10.617] Building CXX object ps2xRuntime/CMakeFiles/ps2_runtime.dir/src/lib/Kernel/Syscalls/Sync.cpp.o
[35/345 11.288] Building CXX object ps2xRuntime/CMakeFiles/ps2_runtime.dir/src/lib/Kernel/Syscalls/Thread.cpp.o
[36/345 11.419] Building CXX object ps2xRuntime/CMakeFiles/ps2_runtime.dir/src/lib/Kernel/Syscalls/System.cpp.o
[37/345 11.542] Linking CXX static library ps2xRuntime/libps2_runtime.a
[38/345 11.834] Building CXX object ps2xRuntime/CMakeFiles/ps2EntryRunner.dir/cmake_pch.hxx.pch
[39/345 12.613] Building CXX object ps2xTest/CMakeFiles/ps2_test_lib.dir/src/pad_input_tests.cpp.o
[40/345 12.639] Building CXX object ps2xAnalyzer/CMakeFiles/ps2_analyzer_lib.dir/src/elf_analyzer.cpp.o
[41/345 12.810] Linking CXX static library ps2xAnalyzer/libps2_analyzer_lib.a
[42/345 13.074] Building CXX object ps2xTest/CMakeFiles/ps2_test_lib.dir/src/ps2_runtime_io_tests.cpp.o
[43/345 14.148] Building CXX object ps2xTest/CMakeFiles/ps2_test_lib.dir/src/ps2_runtime_interrupt_tests.cpp.o
[44/345 14.610] Building CXX object ps2xTest/CMakeFiles/ps2_test_lib.dir/src/ps2_runtime_kernel_tests.cpp.o
[45/345 14.616] Building CXX object ps2xTest/CMakeFiles/ps2_test_lib.dir/src/ps2_vu_tests.cpp.o
[46/345 15.381] Building CXX object ps2xTest/CMakeFiles/ps2_test_lib.dir/src/ps2_memory_tests.cpp.o
[47/345 16.253] Building CXX object ps2xTest/CMakeFiles/ps2_test_lib.dir/src/ps2_sif_dma_tests.cpp.o
[48/345 16.461] Building CXX object ps2xTest/CMakeFiles/ps2_test_lib.dir/src/ps2_sif_rpc_tests.cpp.o
[49/345 16.851] Building CXX object ps2xRuntime/CMakeFiles/ps2EntryRunner.dir/Unity/unity_288_cxx.cxx.o
[50/345 17.086] Building CXX object ps2xTest/CMakeFiles/ps2_test_lib.dir/src/ps2_gs_tests.cpp.o
In file included from /Volumes/Extreme SSD/ps2recomp-spike/PS2Recomp/ps2xTest/src/ps2_gs_tests.cpp:8:
/Volumes/Extreme SSD/ps2recomp-spike/PS2Recomp/ps2xRuntime/include/runtime/gs/ps2_gs_memory.h:67:11: warning: enumeration value 'Max' not handled in switch [-Wswitch]
   67 |                 switch (psm)
      |                         ^~~
/Volumes/Extreme SSD/ps2recomp-spike/PS2Recomp/ps2xRuntime/include/runtime/gs/ps2_gs_memory.h:91:11: warning: enumeration value 'Max' not handled in switch [-Wswitch]
   91 |                 switch (psm)
      |                         ^~~
/Volumes/Extreme SSD/ps2recomp-spike/PS2Recomp/ps2xRuntime/include/runtime/gs/ps2_gs_memory.h:168:11: warning: 9 enumeration values not handled in switch: 'C32', 'C24', 'C16'... [-Wswitch]
  168 |                 switch (psm)
      |                         ^~~
3 warnings generated.
[51/345 17.342] Building CXX object ps2xTest/CMakeFiles/ps2_test_lib.dir/src/ps2_runtime_expansion_tests.cpp.o
[52/345 17.558] Building CXX object ps2xRuntime/CMakeFiles/ps2EntryRunner.dir/Unity/unity_286_cxx.cxx.o
[53/345 17.805] Building CXX object ps2xRuntime/CMakeFiles/ps2EntryRunner.dir/Unity/unity_284_cxx.cxx.o
[54/345 17.836] Building CXX object ps2xRuntime/CMakeFiles/ps2EntryRunner.dir/Unity/unity_285_cxx.cxx.o
[55/345 18.261] Building CXX object ps2xRuntime/CMakeFiles/ps2EntryRunner.dir/Unity/unity_287_cxx.cxx.o
[56/345 18.287] Building CXX object ps2xRuntime/CMakeFiles/ps2EntryRunner.dir/Unity/unity_289_cxx.cxx.o
[57/345 18.591] Building CXX object ps2xRuntime/CMakeFiles/ps2EntryRunner.dir/Unity/unity_283_cxx.cxx.o
[58/345 19.234] Building CXX object ps2xRuntime/CMakeFiles/ps2EntryRunner.dir/Unity/unity_282_cxx.cxx.o
[59/345 19.574] Building CXX object ps2xRuntime/CMakeFiles/ps2EntryRunner.dir/Unity/unity_279_cxx.cxx.o
[60/345 20.252] Building CXX object ps2xRuntime/CMakeFiles/ps2EntryRunner.dir/Unity/unity_278_cxx.cxx.o
[61/345 20.296] Building CXX object ps2xRuntime/CMakeFiles/ps2EntryRunner.dir/Unity/unity_280_cxx.cxx.o
[62/345 20.767] Building CXX object ps2xRuntime/CMakeFiles/ps2EntryRunner.dir/Unity/unity_277_cxx.cxx.o
[63/345 20.848] Building CXX object ps2xRuntime/CMakeFiles/ps2EntryRunner.dir/Unity/unity_281_cxx.cxx.o
[64/345 21.184] Building CXX object ps2xRuntime/CMakeFiles/ps2EntryRunner.dir/Unity/unity_273_cxx.cxx.o
[65/345 21.562] Building CXX object ps2xRuntime/CMakeFiles/ps2EntryRunner.dir/Unity/unity_276_cxx.cxx.o
[66/345 21.660] Building CXX object ps2xRuntime/CMakeFiles/ps2EntryRunner.dir/Unity/unity_275_cxx.cxx.o
[67/345 21.702] Building CXX object ps2xRuntime/CMakeFiles/ps2EntryRunner.dir/Unity/unity_274_cxx.cxx.o
[68/345 22.160] Building CXX object ps2xRuntime/CMakeFiles/ps2EntryRunner.dir/Unity/unity_270_cxx.cxx.o
[69/345 22.249] Building CXX object ps2xRuntime/CMakeFiles/ps2EntryRunner.dir/Unity/unity_269_cxx.cxx.o
[70/345 22.607] Building CXX object ps2xRuntime/CMakeFiles/ps2EntryRunner.dir/Unity/unity_272_cxx.cxx.o
[71/345 22.800] Building CXX object ps2xRuntime/CMakeFiles/ps2EntryRunner.dir/Unity/unity_268_cxx.cxx.o
In file included from /tmp/t6-link/runtime/ps2xRuntime/CMakeFiles/ps2EntryRunner.dir/Unity/unity_268_cxx.cxx:28:
/Volumes/Extreme SSD/ps2recomp-spike/PS2Recomp/ps2xRuntime/src/runner/sub_003FE818_0x3fe818.cpp:37:38: warning: array index 27 is past the end of the array (that has type 'uint16_t[16]' (aka 'unsigned short[16]')) [-Warray-bounds]
   37 |         {     uint16_t instr_index = ctx->vi[27] & 0x1FF;     uint32_t target_byte_addr = (uint32_t)instr_index << 3;     ctx->vu0_pc = target_byte_addr;     runtime->vu0StartMicroProgram(rdram, ctx, target_byte_addr); }
      |                                      ^       ~~
/Volumes/Extreme SSD/ps2recomp-spike/PS2Recomp/ps2xRuntime/include/ps2_runtime.h:72:5: note: array 'vi' declared here
   72 |     uint16_t vi[16];          // VU0 vector integer registers
      |     ^
1 warning generated.
[72/345 22.899] Building CXX object ps2xRuntime/CMakeFiles/ps2EntryRunner.dir/Unity/unity_267_cxx.cxx.o
[73/345 23.855] Building CXX object ps2xRuntime/CMakeFiles/ps2EntryRunner.dir/Unity/unity_266_cxx.cxx.o
[74/345 24.006] Building CXX object ps2xRuntime/CMakeFiles/ps2EntryRunner.dir/Unity/unity_271_cxx.cxx.o
[75/345 24.339] Building CXX object ps2xRuntime/CMakeFiles/ps2EntryRunner.dir/Unity/unity_265_cxx.cxx.o
[76/345 24.555] Building CXX object ps2xRuntime/CMakeFiles/ps2EntryRunner.dir/Unity/unity_264_cxx.cxx.o
[77/345 24.993] Building CXX object ps2xRuntime/CMakeFiles/ps2EntryRunner.dir/Unity/unity_263_cxx.cxx.o
[78/345 25.018] Building CXX object ps2xRuntime/CMakeFiles/ps2EntryRunner.dir/Unity/unity_262_cxx.cxx.o
[79/345 25.957] Building CXX object ps2xRuntime/CMakeFiles/ps2EntryRunner.dir/Unity/unity_260_cxx.cxx.o
[80/345 26.270] Building CXX object ps2xRuntime/CMakeFiles/ps2EntryRunner.dir/Unity/unity_259_cxx.cxx.o
[81/345 26.641] Building CXX object ps2xRuntime/CMakeFiles/ps2EntryRunner.dir/Unity/unity_261_cxx.cxx.o
[82/345 27.147] Building CXX object ps2xRuntime/CMakeFiles/ps2EntryRunner.dir/Unity/unity_256_cxx.cxx.o
[83/345 27.475] Building CXX object ps2xRuntime/CMakeFiles/ps2EntryRunner.dir/Unity/unity_257_cxx.cxx.o
[84/345 27.937] Building CXX object ps2xRuntime/CMakeFiles/ps2EntryRunner.dir/Unity/unity_255_cxx.cxx.o
[85/345 28.206] Building CXX object ps2xRuntime/CMakeFiles/ps2EntryRunner.dir/Unity/unity_258_cxx.cxx.o
[86/345 28.528] Building CXX object ps2xRuntime/CMakeFiles/ps2EntryRunner.dir/Unity/unity_254_cxx.cxx.o
[87/345 28.962] Building CXX object ps2xRuntime/CMakeFiles/ps2EntryRunner.dir/Unity/unity_253_cxx.cxx.o
[88/345 29.347] Building CXX object ps2xRuntime/CMakeFiles/ps2EntryRunner.dir/Unity/unity_251_cxx.cxx.o
[89/345 29.485] Building CXX object ps2xRuntime/CMakeFiles/ps2EntryRunner.dir/Unity/unity_252_cxx.cxx.o
[90/345 30.005] Building CXX object ps2xRuntime/CMakeFiles/ps2EntryRunner.dir/Unity/unity_249_cxx.cxx.o
[91/345 30.834] Building CXX object ps2xRuntime/CMakeFiles/ps2EntryRunner.dir/Unity/unity_250_cxx.cxx.o
[92/345 31.117] Building CXX object ps2xRuntime/CMakeFiles/ps2EntryRunner.dir/Unity/unity_247_cxx.cxx.o
[93/345 31.235] Building CXX object ps2xRuntime/CMakeFiles/ps2EntryRunner.dir/Unity/unity_248_cxx.cxx.o
[94/345 31.687] Building CXX object ps2xRuntime/CMakeFiles/ps2EntryRunner.dir/Unity/unity_246_cxx.cxx.o
[95/345 32.183] Building CXX object ps2xRuntime/CMakeFiles/ps2EntryRunner.dir/Unity/unity_245_cxx.cxx.o
[96/345 32.872] Building CXX object ps2xRuntime/CMakeFiles/ps2EntryRunner.dir/Unity/unity_244_cxx.cxx.o
[97/345 33.156] Building CXX object ps2xRuntime/CMakeFiles/ps2EntryRunner.dir/Unity/unity_242_cxx.cxx.o
[98/345 33.191] Building CXX object ps2xRuntime/CMakeFiles/ps2EntryRunner.dir/Unity/unity_243_cxx.cxx.o
[99/345 33.434] Building CXX object ps2xRuntime/CMakeFiles/ps2EntryRunner.dir/Unity/unity_241_cxx.cxx.o
[100/345 34.265] Building CXX object ps2xRuntime/CMakeFiles/ps2EntryRunner.dir/Unity/unity_240_cxx.cxx.o
[101/345 35.159] Building CXX object ps2xRuntime/CMakeFiles/ps2EntryRunner.dir/Unity/unity_236_cxx.cxx.o
[102/345 35.280] Building CXX object ps2xRuntime/CMakeFiles/ps2EntryRunner.dir/Unity/unity_237_cxx.cxx.o
[103/345 35.501] Building CXX object ps2xRuntime/CMakeFiles/ps2EntryRunner.dir/Unity/unity_239_cxx.cxx.o
[104/345 35.661] Building CXX object ps2xRuntime/CMakeFiles/ps2EntryRunner.dir/Unity/unity_238_cxx.cxx.o
[105/345 36.555] Building CXX object ps2xRuntime/CMakeFiles/ps2EntryRunner.dir/Unity/unity_235_cxx.cxx.o
[106/345 36.580] Building CXX object ps2xRuntime/CMakeFiles/ps2EntryRunner.dir/Unity/unity_232_cxx.cxx.o
[107/345 36.599] Building CXX object ps2xRuntime/CMakeFiles/ps2EntryRunner.dir/Unity/unity_234_cxx.cxx.o
[108/345 36.704] Building CXX object ps2xRuntime/CMakeFiles/ps2EntryRunner.dir/Unity/unity_233_cxx.cxx.o
[109/345 37.438] Building CXX object ps2xRuntime/CMakeFiles/ps2EntryRunner.dir/Unity/unity_231_cxx.cxx.o
[110/345 37.908] Building CXX object ps2xRuntime/CMakeFiles/ps2EntryRunner.dir/Unity/unity_229_cxx.cxx.o
[111/345 38.625] Building CXX object ps2xRuntime/CMakeFiles/ps2EntryRunner.dir/Unity/unity_227_cxx.cxx.o
[112/345 38.626] Building CXX object ps2xRuntime/CMakeFiles/ps2EntryRunner.dir/Unity/unity_230_cxx.cxx.o
[113/345 38.835] Building CXX object ps2xRuntime/CMakeFiles/ps2EntryRunner.dir/Unity/unity_226_cxx.cxx.o
[114/345 39.311] Building CXX object ps2xRuntime/CMakeFiles/ps2EntryRunner.dir/Unity/unity_228_cxx.cxx.o
[115/345 40.047] Building CXX object ps2xRuntime/CMakeFiles/ps2EntryRunner.dir/Unity/unity_223_cxx.cxx.o
[116/345 40.520] Building CXX object ps2xRuntime/CMakeFiles/ps2EntryRunner.dir/Unity/unity_224_cxx.cxx.o
[117/345 41.462] Building CXX object ps2xRuntime/CMakeFiles/ps2EntryRunner.dir/Unity/unity_220_cxx.cxx.o
[118/345 41.725] Building CXX object ps2xRuntime/CMakeFiles/ps2EntryRunner.dir/Unity/unity_222_cxx.cxx.o
[119/345 42.085] Building CXX object ps2xRuntime/CMakeFiles/ps2EntryRunner.dir/Unity/unity_225_cxx.cxx.o
[120/345 43.265] Building CXX object ps2xRuntime/CMakeFiles/ps2EntryRunner.dir/Unity/unity_221_cxx.cxx.o
[121/345 43.730] Building CXX object ps2xRuntime/CMakeFiles/ps2EntryRunner.dir/Unity/unity_218_cxx.cxx.o
In file included from /tmp/t6-link/runtime/ps2xRuntime/CMakeFiles/ps2EntryRunner.dir/Unity/unity_218_cxx.cxx:22:
/Volumes/Extreme SSD/ps2recomp-spike/PS2Recomp/ps2xRuntime/src/runner/sub_00391418_0x391418.cpp:91:34: warning: array index 27 is past the end of the array (that has type 'uint16_t[16]' (aka 'unsigned short[16]')) [-Warray-bounds]
   91 |     {     uint16_t instr_index = ctx->vi[27] & 0x1FF;     uint32_t target_byte_addr = (uint32_t)instr_index << 3;     ctx->vu0_pc = target_byte_addr;     runtime->vu0StartMicroProgram(rdram, ctx, target_byte_addr); }
      |                                  ^       ~~
/Volumes/Extreme SSD/ps2recomp-spike/PS2Recomp/ps2xRuntime/include/ps2_runtime.h:72:5: note: array 'vi' declared here
   72 |     uint16_t vi[16];          // VU0 vector integer registers
      |     ^
1 warning generated.
[122/345 44.140] Building CXX object ps2xRuntime/CMakeFiles/ps2EntryRunner.dir/Unity/unity_217_cxx.cxx.o
[123/345 44.596] Building CXX object ps2xRuntime/CMakeFiles/ps2EntryRunner.dir/Unity/unity_219_cxx.cxx.o
[124/345 47.136] Building CXX object ps2xRuntime/CMakeFiles/ps2EntryRunner.dir/Unity/unity_216_cxx.cxx.o
[125/345 47.281] Building CXX object ps2xRuntime/CMakeFiles/ps2EntryRunner.dir/Unity/unity_213_cxx.cxx.o
[126/345 48.444] Building CXX object ps2xRuntime/CMakeFiles/ps2EntryRunner.dir/Unity/unity_215_cxx.cxx.o
[127/345 50.033] Building CXX object ps2xRuntime/CMakeFiles/ps2EntryRunner.dir/Unity/unity_210_cxx.cxx.o
[128/345 50.127] Building CXX object ps2xRuntime/CMakeFiles/ps2EntryRunner.dir/Unity/unity_211_cxx.cxx.o
[129/345 52.833] Building CXX object ps2xRuntime/CMakeFiles/ps2EntryRunner.dir/Unity/unity_209_cxx.cxx.o
[130/345 52.937] Building CXX object ps2xRuntime/CMakeFiles/ps2EntryRunner.dir/Unity/unity_208_cxx.cxx.o
[131/345 53.383] Building CXX object ps2xRuntime/CMakeFiles/ps2EntryRunner.dir/Unity/unity_212_cxx.cxx.o
[132/345 55.179] Building CXX object ps2xRuntime/CMakeFiles/ps2EntryRunner.dir/Unity/unity_206_cxx.cxx.o
[133/345 55.383] Building CXX object ps2xRuntime/CMakeFiles/ps2EntryRunner.dir/Unity/unity_205_cxx.cxx.o
[134/345 56.169] Building CXX object ps2xRuntime/CMakeFiles/ps2EntryRunner.dir/Unity/unity_204_cxx.cxx.o
[135/345 56.625] Building CXX object ps2xRuntime/CMakeFiles/ps2EntryRunner.dir/Unity/unity_203_cxx.cxx.o
[136/345 57.242] Building CXX object ps2xRuntime/CMakeFiles/ps2EntryRunner.dir/Unity/unity_207_cxx.cxx.o
[137/345 58.034] Building CXX object ps2xRuntime/CMakeFiles/ps2EntryRunner.dir/Unity/unity_202_cxx.cxx.o
[138/345 58.989] Building CXX object ps2xRuntime/CMakeFiles/ps2EntryRunner.dir/Unity/unity_201_cxx.cxx.o
[139/345 60.934] Building CXX object ps2xRuntime/CMakeFiles/ps2EntryRunner.dir/Unity/unity_200_cxx.cxx.o
[140/345 61.792] Building CXX object ps2xRuntime/CMakeFiles/ps2EntryRunner.dir/Unity/unity_199_cxx.cxx.o
[141/345 62.709] Building CXX object ps2xRuntime/CMakeFiles/ps2EntryRunner.dir/Unity/unity_198_cxx.cxx.o
[142/345 63.269] Building CXX object ps2xRuntime/CMakeFiles/ps2EntryRunner.dir/Unity/unity_197_cxx.cxx.o
[143/345 65.522] Building CXX object ps2xRuntime/CMakeFiles/ps2EntryRunner.dir/Unity/unity_214_cxx.cxx.o
In file included from /tmp/t6-link/runtime/ps2xRuntime/CMakeFiles/ps2EntryRunner.dir/Unity/unity_214_cxx.cxx:55:
/Volumes/Extreme SSD/ps2recomp-spike/PS2Recomp/ps2xRuntime/src/runner/sub_0037DE88_0x37de88.cpp:61:34: warning: array index 27 is past the end of the array (that has type 'uint16_t[16]' (aka 'unsigned short[16]')) [-Warray-bounds]
   61 |     {     uint16_t instr_index = ctx->vi[27] & 0x1FF;     uint32_t target_byte_addr = (uint32_t)instr_index << 3;     ctx->vu0_pc = target_byte_addr;     runtime->vu0StartMicroProgram(rdram, ctx, target_byte_addr); }
      |                                  ^       ~~
/Volumes/Extreme SSD/ps2recomp-spike/PS2Recomp/ps2xRuntime/include/ps2_runtime.h:72:5: note: array 'vi' declared here
   72 |     uint16_t vi[16];          // VU0 vector integer registers
      |     ^
1 warning generated.
[144/345 65.712] Building CXX object ps2xRuntime/CMakeFiles/ps2EntryRunner.dir/Unity/unity_196_cxx.cxx.o
[145/345 67.299] Building CXX object ps2xRuntime/CMakeFiles/ps2EntryRunner.dir/Unity/unity_194_cxx.cxx.o
[146/345 67.813] Building CXX object ps2xRuntime/CMakeFiles/ps2EntryRunner.dir/Unity/unity_192_cxx.cxx.o
[147/345 69.085] Building CXX object ps2xRuntime/CMakeFiles/ps2EntryRunner.dir/Unity/unity_193_cxx.cxx.o
In file included from /tmp/t6-link/runtime/ps2xRuntime/CMakeFiles/ps2EntryRunner.dir/Unity/unity_193_cxx.cxx:52:
/Volumes/Extreme SSD/ps2recomp-spike/PS2Recomp/ps2xRuntime/src/runner/sub_0032B6A8_0x32b6a8.cpp:55:34: warning: array index 27 is past the end of the array (that has type 'uint16_t[16]' (aka 'unsigned short[16]')) [-Warray-bounds]
   55 |     {     uint16_t instr_index = ctx->vi[27] & 0x1FF;     uint32_t target_byte_addr = (uint32_t)instr_index << 3;     ctx->vu0_pc = target_byte_addr;     runtime->vu0StartMicroProgram(rdram, ctx, target_byte_addr); }
      |                                  ^       ~~
/Volumes/Extreme SSD/ps2recomp-spike/PS2Recomp/ps2xRuntime/include/ps2_runtime.h:72:5: note: array 'vi' declared here
   72 |     uint16_t vi[16];          // VU0 vector integer registers
      |     ^
1 warning generated.
[148/345 69.180] Building CXX object ps2xRuntime/CMakeFiles/ps2EntryRunner.dir/Unity/unity_191_cxx.cxx.o
[149/345 69.781] Building CXX object ps2xRuntime/CMakeFiles/ps2EntryRunner.dir/Unity/unity_190_cxx.cxx.o
[150/345 69.825] Building CXX object ps2xRuntime/CMakeFiles/ps2EntryRunner.dir/Unity/unity_189_cxx.cxx.o
[151/345 70.949] Building CXX object ps2xRuntime/CMakeFiles/ps2EntryRunner.dir/Unity/unity_186_cxx.cxx.o
[152/345 71.564] Building CXX object ps2xRuntime/CMakeFiles/ps2EntryRunner.dir/Unity/unity_187_cxx.cxx.o
[153/345 71.572] Building CXX object ps2xRuntime/CMakeFiles/ps2EntryRunner.dir/Unity/unity_188_cxx.cxx.o
[154/345 71.739] Building CXX object ps2xRuntime/CMakeFiles/ps2EntryRunner.dir/Unity/unity_185_cxx.cxx.o
[155/345 72.766] Building CXX object ps2xRuntime/CMakeFiles/ps2EntryRunner.dir/Unity/unity_183_cxx.cxx.o
[156/345 73.262] Building CXX object ps2xRuntime/CMakeFiles/ps2EntryRunner.dir/Unity/unity_184_cxx.cxx.o
[157/345 73.276] Building CXX object ps2xRuntime/CMakeFiles/ps2EntryRunner.dir/Unity/unity_182_cxx.cxx.o
[158/345 74.117] Building CXX object ps2xRuntime/CMakeFiles/ps2EntryRunner.dir/Unity/unity_195_cxx.cxx.o
[159/345 74.488] Building CXX object ps2xRuntime/CMakeFiles/ps2EntryRunner.dir/Unity/unity_179_cxx.cxx.o
[160/345 74.730] Building CXX object ps2xRuntime/CMakeFiles/ps2EntryRunner.dir/Unity/unity_181_cxx.cxx.o
[161/345 75.562] Building CXX object ps2xRuntime/CMakeFiles/ps2EntryRunner.dir/Unity/unity_178_cxx.cxx.o
[162/345 76.175] Building CXX object ps2xRuntime/CMakeFiles/ps2EntryRunner.dir/Unity/unity_177_cxx.cxx.o
[163/345 76.765] Building CXX object ps2xRuntime/CMakeFiles/ps2EntryRunner.dir/Unity/unity_180_cxx.cxx.o
[164/345 76.982] Building CXX object ps2xRuntime/CMakeFiles/ps2EntryRunner.dir/Unity/unity_175_cxx.cxx.o
[165/345 78.693] Building CXX object ps2xRuntime/CMakeFiles/ps2EntryRunner.dir/Unity/unity_172_cxx.cxx.o
[166/345 79.282] Building CXX object ps2xRuntime/CMakeFiles/ps2EntryRunner.dir/Unity/unity_174_cxx.cxx.o
[167/345 79.498] Building CXX object ps2xRuntime/CMakeFiles/ps2EntryRunner.dir/Unity/unity_171_cxx.cxx.o
[168/345 79.717] Building CXX object ps2xRuntime/CMakeFiles/ps2EntryRunner.dir/Unity/unity_173_cxx.cxx.o
[169/345 81.529] Building CXX object ps2xRuntime/CMakeFiles/ps2EntryRunner.dir/Unity/unity_170_cxx.cxx.o
[170/345 82.443] Building CXX object ps2xRuntime/CMakeFiles/ps2EntryRunner.dir/Unity/unity_168_cxx.cxx.o
[171/345 86.002] Building CXX object ps2xRuntime/CMakeFiles/ps2EntryRunner.dir/Unity/unity_166_cxx.cxx.o
[172/345 87.949] Building CXX object ps2xRuntime/CMakeFiles/ps2EntryRunner.dir/Unity/unity_169_cxx.cxx.o
[173/345 88.853] Building CXX object ps2xRuntime/CMakeFiles/ps2EntryRunner.dir/Unity/unity_164_cxx.cxx.o
In file included from /tmp/t6-link/runtime/ps2xRuntime/CMakeFiles/ps2EntryRunner.dir/Unity/unity_164_cxx.cxx:73:
/Volumes/Extreme SSD/ps2recomp-spike/PS2Recomp/ps2xRuntime/src/runner/sub_002D2058_0x2d2058.cpp:129:34: warning: array index 27 is past the end of the array (that has type 'uint16_t[16]' (aka 'unsigned short[16]')) [-Warray-bounds]
  129 |     {     uint16_t instr_index = ctx->vi[27] & 0x1FF;     uint32_t target_byte_addr = (uint32_t)instr_index << 3;     ctx->vu0_pc = target_byte_addr;     runtime->vu0StartMicroProgram(rdram, ctx, target_byte_addr); }
      |                                  ^       ~~
/Volumes/Extreme SSD/ps2recomp-spike/PS2Recomp/ps2xRuntime/include/ps2_runtime.h:72:5: note: array 'vi' declared here
   72 |     uint16_t vi[16];          // VU0 vector integer registers
      |     ^
1 warning generated.
[174/345 89.152] Building CXX object ps2xRuntime/CMakeFiles/ps2EntryRunner.dir/Unity/unity_167_cxx.cxx.o
[175/345 90.817] Building CXX object ps2xRuntime/CMakeFiles/ps2EntryRunner.dir/Unity/unity_162_cxx.cxx.o
[176/345 91.680] Building CXX object ps2xRuntime/CMakeFiles/ps2EntryRunner.dir/Unity/unity_165_cxx.cxx.o
[177/345 92.605] Building CXX object ps2xRuntime/CMakeFiles/ps2EntryRunner.dir/Unity/unity_161_cxx.cxx.o
[178/345 93.002] Building CXX object ps2xRuntime/CMakeFiles/ps2EntryRunner.dir/Unity/unity_160_cxx.cxx.o
[179/345 94.747] Building CXX object ps2xRuntime/CMakeFiles/ps2EntryRunner.dir/Unity/unity_163_cxx.cxx.o
[180/345 95.057] Building CXX object ps2xRuntime/CMakeFiles/ps2EntryRunner.dir/Unity/unity_159_cxx.cxx.o
[181/345 95.335] Building CXX object ps2xRuntime/CMakeFiles/ps2EntryRunner.dir/Unity/unity_156_cxx.cxx.o
[182/345 95.545] Building CXX object ps2xRuntime/CMakeFiles/ps2EntryRunner.dir/Unity/unity_157_cxx.cxx.o
[183/345 95.823] Building CXX object ps2xRuntime/CMakeFiles/ps2EntryRunner.dir/Unity/unity_154_cxx.cxx.o
[184/345 95.853] Building CXX object ps2xRuntime/CMakeFiles/ps2EntryRunner.dir/Unity/unity_158_cxx.cxx.o
[185/345 96.682] Building CXX object ps2xRuntime/CMakeFiles/ps2EntryRunner.dir/Unity/unity_153_cxx.cxx.o
[186/345 98.403] Building CXX object ps2xRuntime/CMakeFiles/ps2EntryRunner.dir/Unity/unity_151_cxx.cxx.o
[187/345 98.751] Building CXX object ps2xRuntime/CMakeFiles/ps2EntryRunner.dir/Unity/unity_152_cxx.cxx.o
[188/345 99.768] Building CXX object ps2xRuntime/CMakeFiles/ps2EntryRunner.dir/Unity/unity_150_cxx.cxx.o
[189/345 100.542] Building CXX object ps2xRuntime/CMakeFiles/ps2EntryRunner.dir/Unity/unity_149_cxx.cxx.o
[190/345 100.825] Building CXX object ps2xRuntime/CMakeFiles/ps2EntryRunner.dir/Unity/unity_155_cxx.cxx.o
[191/345 101.071] Building CXX object ps2xRuntime/CMakeFiles/ps2EntryRunner.dir/Unity/unity_148_cxx.cxx.o
[192/345 102.231] Building CXX object ps2xRuntime/CMakeFiles/ps2EntryRunner.dir/Unity/unity_146_cxx.cxx.o
[193/345 102.396] Building CXX object ps2xRuntime/CMakeFiles/ps2EntryRunner.dir/Unity/unity_147_cxx.cxx.o
[194/345 102.413] Building CXX object ps2xRuntime/CMakeFiles/ps2EntryRunner.dir/Unity/unity_145_cxx.cxx.o
[195/345 103.530] Building CXX object ps2xRuntime/CMakeFiles/ps2EntryRunner.dir/Unity/unity_143_cxx.cxx.o
[196/345 103.993] Building CXX object ps2xRuntime/CMakeFiles/ps2EntryRunner.dir/Unity/unity_144_cxx.cxx.o
[197/345 104.737] Building CXX object ps2xRuntime/CMakeFiles/ps2EntryRunner.dir/Unity/unity_142_cxx.cxx.o
[198/345 105.070] Building CXX object ps2xRuntime/CMakeFiles/ps2EntryRunner.dir/Unity/unity_141_cxx.cxx.o
[199/345 105.525] Building CXX object ps2xRuntime/CMakeFiles/ps2EntryRunner.dir/Unity/unity_176_cxx.cxx.o
[200/345 106.249] Building CXX object ps2xRuntime/CMakeFiles/ps2EntryRunner.dir/Unity/unity_139_cxx.cxx.o
[201/345 106.744] Building CXX object ps2xRuntime/CMakeFiles/ps2EntryRunner.dir/Unity/unity_140_cxx.cxx.o
[202/345 107.189] Building CXX object ps2xRuntime/CMakeFiles/ps2EntryRunner.dir/Unity/unity_138_cxx.cxx.o
[203/345 108.578] Building CXX object ps2xRuntime/CMakeFiles/ps2EntryRunner.dir/Unity/unity_137_cxx.cxx.o
[204/345 111.304] Building CXX object ps2xRuntime/CMakeFiles/ps2EntryRunner.dir/Unity/unity_133_cxx.cxx.o
[205/345 111.305] Building CXX object ps2xRuntime/CMakeFiles/ps2EntryRunner.dir/Unity/unity_136_cxx.cxx.o
[206/345 112.025] Building CXX object ps2xRuntime/CMakeFiles/ps2EntryRunner.dir/Unity/unity_134_cxx.cxx.o
[207/345 112.721] Building CXX object ps2xRuntime/CMakeFiles/ps2EntryRunner.dir/Unity/unity_135_cxx.cxx.o
[208/345 113.289] Building CXX object ps2xRuntime/CMakeFiles/ps2EntryRunner.dir/Unity/unity_131_cxx.cxx.o
[209/345 113.709] Building CXX object ps2xRuntime/CMakeFiles/ps2EntryRunner.dir/Unity/unity_132_cxx.cxx.o
[210/345 113.822] Building CXX object ps2xRuntime/CMakeFiles/ps2EntryRunner.dir/Unity/unity_130_cxx.cxx.o
[211/345 114.655] Building CXX object ps2xRuntime/CMakeFiles/ps2EntryRunner.dir/Unity/unity_128_cxx.cxx.o
[212/345 114.775] Building CXX object ps2xRuntime/CMakeFiles/ps2EntryRunner.dir/Unity/unity_129_cxx.cxx.o
[213/345 114.839] Building CXX object ps2xRuntime/CMakeFiles/ps2EntryRunner.dir/Unity/unity_126_cxx.cxx.o
[214/345 114.910] Building CXX object ps2xRuntime/CMakeFiles/ps2EntryRunner.dir/Unity/unity_127_cxx.cxx.o
[215/345 116.336] Building CXX object ps2xRuntime/CMakeFiles/ps2EntryRunner.dir/Unity/unity_123_cxx.cxx.o
[216/345 116.413] Building CXX object ps2xRuntime/CMakeFiles/ps2EntryRunner.dir/Unity/unity_125_cxx.cxx.o
[217/345 116.992] Building CXX object ps2xRuntime/CMakeFiles/ps2EntryRunner.dir/Unity/unity_122_cxx.cxx.o
[218/345 117.801] Building CXX object ps2xRuntime/CMakeFiles/ps2EntryRunner.dir/Unity/unity_121_cxx.cxx.o
[219/345 118.324] Building CXX object ps2xRuntime/CMakeFiles/ps2EntryRunner.dir/Unity/unity_120_cxx.cxx.o
[220/345 118.830] Building CXX object ps2xRuntime/CMakeFiles/ps2EntryRunner.dir/Unity/unity_119_cxx.cxx.o
[221/345 119.148] Building CXX object ps2xRuntime/CMakeFiles/ps2EntryRunner.dir/Unity/unity_118_cxx.cxx.o
[222/345 119.705] Building CXX object ps2xRuntime/CMakeFiles/ps2EntryRunner.dir/Unity/unity_124_cxx.cxx.o
[223/345 120.133] Building CXX object ps2xRuntime/CMakeFiles/ps2EntryRunner.dir/Unity/unity_117_cxx.cxx.o
[224/345 120.288] Building CXX object ps2xRuntime/CMakeFiles/ps2EntryRunner.dir/Unity/unity_116_cxx.cxx.o
[225/345 120.392] Building CXX object ps2xRuntime/CMakeFiles/ps2EntryRunner.dir/Unity/unity_115_cxx.cxx.o
[226/345 121.151] Building CXX object ps2xRuntime/CMakeFiles/ps2EntryRunner.dir/Unity/unity_114_cxx.cxx.o
[227/345 121.370] Building CXX object ps2xRuntime/CMakeFiles/ps2EntryRunner.dir/Unity/unity_113_cxx.cxx.o
[228/345 121.806] Building CXX object ps2xRuntime/CMakeFiles/ps2EntryRunner.dir/Unity/unity_112_cxx.cxx.o
[229/345 121.862] Building CXX object ps2xRuntime/CMakeFiles/ps2EntryRunner.dir/Unity/unity_111_cxx.cxx.o
[230/345 122.681] Building CXX object ps2xRuntime/CMakeFiles/ps2EntryRunner.dir/Unity/unity_110_cxx.cxx.o
[231/345 122.880] Building CXX object ps2xRuntime/CMakeFiles/ps2EntryRunner.dir/Unity/unity_109_cxx.cxx.o
[232/345 123.187] Building CXX object ps2xRuntime/CMakeFiles/ps2EntryRunner.dir/Unity/unity_107_cxx.cxx.o
[233/345 123.229] Building CXX object ps2xRuntime/CMakeFiles/ps2EntryRunner.dir/Unity/unity_108_cxx.cxx.o
[234/345 124.179] Building CXX object ps2xRuntime/CMakeFiles/ps2EntryRunner.dir/Unity/unity_106_cxx.cxx.o
[235/345 124.518] Building CXX object ps2xRuntime/CMakeFiles/ps2EntryRunner.dir/Unity/unity_104_cxx.cxx.o
[236/345 124.910] Building CXX object ps2xRuntime/CMakeFiles/ps2EntryRunner.dir/Unity/unity_103_cxx.cxx.o
[237/345 124.921] Building CXX object ps2xRuntime/CMakeFiles/ps2EntryRunner.dir/Unity/unity_105_cxx.cxx.o
[238/345 126.116] Building CXX object ps2xRuntime/CMakeFiles/ps2EntryRunner.dir/Unity/unity_102_cxx.cxx.o
[239/345 126.741] Building CXX object ps2xRuntime/CMakeFiles/ps2EntryRunner.dir/Unity/unity_99_cxx.cxx.o
[240/345 126.824] Building CXX object ps2xRuntime/CMakeFiles/ps2EntryRunner.dir/Unity/unity_100_cxx.cxx.o
[241/345 127.357] Building CXX object ps2xRuntime/CMakeFiles/ps2EntryRunner.dir/Unity/unity_101_cxx.cxx.o
[242/345 127.369] Building CXX object ps2xRuntime/CMakeFiles/ps2EntryRunner.dir/Unity/unity_98_cxx.cxx.o
[243/345 128.152] Building CXX object ps2xRuntime/CMakeFiles/ps2EntryRunner.dir/Unity/unity_95_cxx.cxx.o
[244/345 129.189] Building CXX object ps2xRuntime/CMakeFiles/ps2EntryRunner.dir/Unity/unity_97_cxx.cxx.o
[245/345 129.442] Building CXX object ps2xRuntime/CMakeFiles/ps2EntryRunner.dir/Unity/unity_96_cxx.cxx.o
[246/345 129.862] Building CXX object ps2xRuntime/CMakeFiles/ps2EntryRunner.dir/Unity/unity_94_cxx.cxx.o
[247/345 130.726] Building CXX object ps2xRuntime/CMakeFiles/ps2EntryRunner.dir/Unity/unity_92_cxx.cxx.o
[248/345 131.256] Building CXX object ps2xRuntime/CMakeFiles/ps2EntryRunner.dir/Unity/unity_91_cxx.cxx.o
[249/345 132.335] Building CXX object ps2xRuntime/CMakeFiles/ps2EntryRunner.dir/Unity/unity_90_cxx.cxx.o
[250/345 133.814] Building CXX object ps2xRuntime/CMakeFiles/ps2EntryRunner.dir/Unity/unity_87_cxx.cxx.o
[251/345 134.234] Building CXX object ps2xRuntime/CMakeFiles/ps2EntryRunner.dir/Unity/unity_89_cxx.cxx.o
[252/345 134.407] Building CXX object ps2xRuntime/CMakeFiles/ps2EntryRunner.dir/Unity/unity_93_cxx.cxx.o
[253/345 137.508] Building CXX object ps2xRuntime/CMakeFiles/ps2EntryRunner.dir/Unity/unity_84_cxx.cxx.o
[254/345 137.768] Building CXX object ps2xRuntime/CMakeFiles/ps2EntryRunner.dir/Unity/unity_88_cxx.cxx.o
[255/345 137.960] Building CXX object ps2xRuntime/CMakeFiles/ps2EntryRunner.dir/Unity/unity_86_cxx.cxx.o
[256/345 138.442] Building CXX object ps2xRuntime/CMakeFiles/ps2EntryRunner.dir/Unity/unity_85_cxx.cxx.o
[257/345 140.919] Building CXX object ps2xRuntime/CMakeFiles/ps2EntryRunner.dir/Unity/unity_82_cxx.cxx.o
[258/345 141.007] Building CXX object ps2xRuntime/CMakeFiles/ps2EntryRunner.dir/Unity/unity_80_cxx.cxx.o
[259/345 142.496] Building CXX object ps2xRuntime/CMakeFiles/ps2EntryRunner.dir/Unity/unity_83_cxx.cxx.o
In file included from /tmp/t6-link/runtime/ps2xRuntime/CMakeFiles/ps2EntryRunner.dir/Unity/unity_83_cxx.cxx:46:
/Volumes/Extreme SSD/ps2recomp-spike/PS2Recomp/ps2xRuntime/src/runner/sub_0022A830_0x22a830.cpp:550:34: warning: array index 27 is past the end of the array (that has type 'uint16_t[16]' (aka 'unsigned short[16]')) [-Warray-bounds]
  550 |     {     uint16_t instr_index = ctx->vi[27] & 0x1FF;     uint32_t target_byte_addr = (uint32_t)instr_index << 3;     ctx->vu0_pc = target_byte_addr;     runtime->vu0StartMicroProgram(rdram, ctx, target_byte_addr); }
      |                                  ^       ~~
/Volumes/Extreme SSD/ps2recomp-spike/PS2Recomp/ps2xRuntime/include/ps2_runtime.h:72:5: note: array 'vi' declared here
   72 |     uint16_t vi[16];          // VU0 vector integer registers
      |     ^
1 warning generated.
[260/345 145.524] Building CXX object ps2xRuntime/CMakeFiles/ps2EntryRunner.dir/Unity/unity_79_cxx.cxx.o
[261/345 145.602] Building CXX object ps2xRuntime/CMakeFiles/ps2EntryRunner.dir/Unity/unity_81_cxx.cxx.o
[262/345 147.551] Building CXX object ps2xRuntime/CMakeFiles/ps2EntryRunner.dir/Unity/unity_77_cxx.cxx.o
[263/345 153.636] Building CXX object ps2xRuntime/CMakeFiles/ps2EntryRunner.dir/Unity/unity_74_cxx.cxx.o
[264/345 157.183] Building CXX object ps2xRuntime/CMakeFiles/ps2EntryRunner.dir/Unity/unity_76_cxx.cxx.o
[265/345 158.474] Building CXX object ps2xRuntime/CMakeFiles/ps2EntryRunner.dir/Unity/unity_72_cxx.cxx.o
[266/345 158.524] Building CXX object ps2xRuntime/CMakeFiles/ps2EntryRunner.dir/Unity/unity_75_cxx.cxx.o
[267/345 158.907] Building CXX object ps2xRuntime/CMakeFiles/ps2EntryRunner.dir/Unity/unity_78_cxx.cxx.o
[268/345 159.443] Building CXX object ps2xRuntime/CMakeFiles/ps2EntryRunner.dir/Unity/unity_71_cxx.cxx.o
[269/345 160.430] Building CXX object ps2xRuntime/CMakeFiles/ps2EntryRunner.dir/Unity/unity_70_cxx.cxx.o
[270/345 161.662] Building CXX object ps2xRuntime/CMakeFiles/ps2EntryRunner.dir/Unity/unity_68_cxx.cxx.o
[271/345 163.656] Building CXX object ps2xRuntime/CMakeFiles/ps2EntryRunner.dir/Unity/unity_69_cxx.cxx.o
[272/345 165.183] Building CXX object ps2xRuntime/CMakeFiles/ps2EntryRunner.dir/Unity/unity_66_cxx.cxx.o
[273/345 168.135] Building CXX object ps2xRuntime/CMakeFiles/ps2EntryRunner.dir/Unity/unity_64_cxx.cxx.o
[274/345 168.482] Building CXX object ps2xRuntime/CMakeFiles/ps2EntryRunner.dir/Unity/unity_67_cxx.cxx.o
[275/345 169.224] Building CXX object ps2xRuntime/CMakeFiles/ps2EntryRunner.dir/Unity/unity_65_cxx.cxx.o
[276/345 172.611] Building CXX object ps2xRuntime/CMakeFiles/ps2EntryRunner.dir/Unity/unity_63_cxx.cxx.o
[277/345 172.822] Building CXX object ps2xRuntime/CMakeFiles/ps2EntryRunner.dir/Unity/unity_62_cxx.cxx.o
[278/345 174.738] Building CXX object ps2xRuntime/CMakeFiles/ps2EntryRunner.dir/Unity/unity_59_cxx.cxx.o
[279/345 175.887] Building CXX object ps2xRuntime/CMakeFiles/ps2EntryRunner.dir/Unity/unity_60_cxx.cxx.o
[280/345 176.181] Building CXX object ps2xRuntime/CMakeFiles/ps2EntryRunner.dir/Unity/unity_61_cxx.cxx.o
[281/345 177.862] Building CXX object ps2xRuntime/CMakeFiles/ps2EntryRunner.dir/Unity/unity_58_cxx.cxx.o
[282/345 179.843] Building CXX object ps2xRuntime/CMakeFiles/ps2EntryRunner.dir/Unity/unity_57_cxx.cxx.o
[283/345 181.069] Building CXX object ps2xRuntime/CMakeFiles/ps2EntryRunner.dir/Unity/unity_56_cxx.cxx.o
[284/345 184.034] Building CXX object ps2xRuntime/CMakeFiles/ps2EntryRunner.dir/Unity/unity_55_cxx.cxx.o
[285/345 184.153] Building CXX object ps2xRuntime/CMakeFiles/ps2EntryRunner.dir/Unity/unity_54_cxx.cxx.o
[286/345 184.793] Building CXX object ps2xRuntime/CMakeFiles/ps2EntryRunner.dir/Unity/unity_53_cxx.cxx.o
[287/345 188.084] Building CXX object ps2xRuntime/CMakeFiles/ps2EntryRunner.dir/Unity/unity_50_cxx.cxx.o
[288/345 189.236] Building CXX object ps2xRuntime/CMakeFiles/ps2EntryRunner.dir/Unity/unity_52_cxx.cxx.o
[289/345 189.476] Building CXX object ps2xRuntime/CMakeFiles/ps2EntryRunner.dir/Unity/unity_51_cxx.cxx.o
[290/345 190.922] Building CXX object ps2xRuntime/CMakeFiles/ps2EntryRunner.dir/Unity/unity_49_cxx.cxx.o
[291/345 194.962] Building CXX object ps2xRuntime/CMakeFiles/ps2EntryRunner.dir/Unity/unity_48_cxx.cxx.o
[292/345 196.302] Building CXX object ps2xRuntime/CMakeFiles/ps2EntryRunner.dir/Unity/unity_47_cxx.cxx.o
[293/345 197.950] Building CXX object ps2xRuntime/CMakeFiles/ps2EntryRunner.dir/Unity/unity_46_cxx.cxx.o
[294/345 202.789] Building CXX object ps2xRuntime/CMakeFiles/ps2EntryRunner.dir/Unity/unity_73_cxx.cxx.o
[295/345 204.587] Building CXX object ps2xRuntime/CMakeFiles/ps2EntryRunner.dir/Unity/unity_43_cxx.cxx.o
[296/345 205.943] Building CXX object ps2xRuntime/CMakeFiles/ps2EntryRunner.dir/Unity/unity_44_cxx.cxx.o
[297/345 207.469] Building CXX object ps2xRuntime/CMakeFiles/ps2EntryRunner.dir/Unity/unity_40_cxx.cxx.o
[298/345 213.822] Building CXX object ps2xRuntime/CMakeFiles/ps2EntryRunner.dir/Unity/unity_42_cxx.cxx.o
[299/345 214.525] Building CXX object ps2xRuntime/CMakeFiles/ps2EntryRunner.dir/Unity/unity_45_cxx.cxx.o
[300/345 214.611] Building CXX object ps2xRuntime/CMakeFiles/ps2EntryRunner.dir/Unity/unity_39_cxx.cxx.o
[301/345 216.683] Building CXX object ps2xRuntime/CMakeFiles/ps2EntryRunner.dir/Unity/unity_41_cxx.cxx.o
[302/345 217.528] Building CXX object ps2xRuntime/CMakeFiles/ps2EntryRunner.dir/Unity/unity_36_cxx.cxx.o
[303/345 218.962] Building CXX object ps2xRuntime/CMakeFiles/ps2EntryRunner.dir/Unity/unity_35_cxx.cxx.o
[304/345 219.263] Building CXX object ps2xRuntime/CMakeFiles/ps2EntryRunner.dir/Unity/unity_34_cxx.cxx.o
[305/345 219.854] Building CXX object ps2xRuntime/CMakeFiles/ps2EntryRunner.dir/Unity/unity_37_cxx.cxx.o
[306/345 220.346] Building CXX object ps2xRuntime/CMakeFiles/ps2EntryRunner.dir/Unity/unity_33_cxx.cxx.o
[307/345 220.551] Building CXX object ps2xRuntime/CMakeFiles/ps2EntryRunner.dir/Unity/unity_38_cxx.cxx.o
[308/345 221.034] Building CXX object ps2xRuntime/CMakeFiles/ps2EntryRunner.dir/Unity/unity_32_cxx.cxx.o
[309/345 221.636] Building CXX object ps2xRuntime/CMakeFiles/ps2EntryRunner.dir/Unity/unity_31_cxx.cxx.o
[310/345 221.931] Building CXX object ps2xRuntime/CMakeFiles/ps2EntryRunner.dir/Unity/unity_30_cxx.cxx.o
[311/345 222.855] Building CXX object ps2xRuntime/CMakeFiles/ps2EntryRunner.dir/Unity/unity_28_cxx.cxx.o
[312/345 222.858] Building CXX object ps2xRuntime/CMakeFiles/ps2EntryRunner.dir/Unity/unity_29_cxx.cxx.o
[313/345 224.100] Building CXX object ps2xRuntime/CMakeFiles/ps2EntryRunner.dir/Unity/unity_27_cxx.cxx.o
[314/345 224.151] Building CXX object ps2xRuntime/CMakeFiles/ps2EntryRunner.dir/Unity/unity_26_cxx.cxx.o
[315/345 225.044] Building CXX object ps2xRuntime/CMakeFiles/ps2EntryRunner.dir/Unity/unity_24_cxx.cxx.o
[316/345 225.633] Building CXX object ps2xRuntime/CMakeFiles/ps2EntryRunner.dir/Unity/unity_23_cxx.cxx.o
[317/345 226.021] Building CXX object ps2xRuntime/CMakeFiles/ps2EntryRunner.dir/Unity/unity_22_cxx.cxx.o
[318/345 226.180] Building CXX object ps2xRuntime/CMakeFiles/ps2EntryRunner.dir/Unity/unity_21_cxx.cxx.o
[319/345 226.251] Building CXX object ps2xRuntime/CMakeFiles/ps2EntryRunner.dir/Unity/unity_25_cxx.cxx.o
[320/345 228.433] Building CXX object ps2xRuntime/CMakeFiles/ps2EntryRunner.dir/Unity/unity_19_cxx.cxx.o
[321/345 231.734] Building CXX object ps2xRuntime/CMakeFiles/ps2EntryRunner.dir/Unity/unity_17_cxx.cxx.o
[322/345 232.682] Building CXX object ps2xRuntime/CMakeFiles/ps2EntryRunner.dir/Unity/unity_16_cxx.cxx.o
[323/345 233.755] Building CXX object ps2xRuntime/CMakeFiles/ps2EntryRunner.dir/Unity/unity_20_cxx.cxx.o
[324/345 234.567] Building CXX object ps2xRuntime/CMakeFiles/ps2EntryRunner.dir/Unity/unity_15_cxx.cxx.o
[325/345 236.145] Building CXX object ps2xRuntime/CMakeFiles/ps2EntryRunner.dir/Unity/unity_13_cxx.cxx.o
[326/345 236.508] Building CXX object ps2xRuntime/CMakeFiles/ps2EntryRunner.dir/Unity/unity_14_cxx.cxx.o
[327/345 236.889] Building CXX object ps2xRuntime/CMakeFiles/ps2EntryRunner.dir/Unity/unity_18_cxx.cxx.o
[328/345 240.333] Building CXX object ps2xRuntime/CMakeFiles/ps2EntryRunner.dir/Unity/unity_10_cxx.cxx.o
[329/345 241.503] Building CXX object ps2xRuntime/CMakeFiles/ps2EntryRunner.dir/Unity/unity_11_cxx.cxx.o
In file included from /tmp/t6-link/runtime/ps2xRuntime/CMakeFiles/ps2EntryRunner.dir/Unity/unity_11_cxx.cxx:10:
/Volumes/Extreme SSD/ps2recomp-spike/PS2Recomp/ps2xRuntime/src/runner/sub_00122278_0x122278.cpp:786:34: warning: array index 27 is past the end of the array (that has type 'uint16_t[16]' (aka 'unsigned short[16]')) [-Warray-bounds]
  786 |     {     uint16_t instr_index = ctx->vi[27] & 0x1FF;     uint32_t target_byte_addr = (uint32_t)instr_index << 3;     ctx->vu0_pc = target_byte_addr;     runtime->vu0StartMicroProgram(rdram, ctx, target_byte_addr); }
      |                                  ^       ~~
/Volumes/Extreme SSD/ps2recomp-spike/PS2Recomp/ps2xRuntime/include/ps2_runtime.h:72:5: note: array 'vi' declared here
   72 |     uint16_t vi[16];          // VU0 vector integer registers
      |     ^
1 warning generated.
[330/345 241.563] Building CXX object ps2xRuntime/CMakeFiles/ps2EntryRunner.dir/Unity/unity_8_cxx.cxx.o
[331/345 242.609] Building CXX object ps2xRuntime/CMakeFiles/ps2EntryRunner.dir/Unity/unity_12_cxx.cxx.o
[332/345 243.551] Building CXX object ps2xRuntime/CMakeFiles/ps2EntryRunner.dir/Unity/unity_9_cxx.cxx.o
[333/345 244.093] Building CXX object ps2xRuntime/CMakeFiles/ps2EntryRunner.dir/Unity/unity_7_cxx.cxx.o
[334/345 245.465] Building CXX object ps2xRuntime/CMakeFiles/ps2EntryRunner.dir/Unity/unity_6_cxx.cxx.o
[335/345 245.812] Building CXX object ps2xRuntime/CMakeFiles/ps2EntryRunner.dir/Unity/unity_5_cxx.cxx.o
[336/345 247.364] Building CXX object ps2xRuntime/CMakeFiles/ps2EntryRunner.dir/Unity/unity_3_cxx.cxx.o
[337/345 247.535] Building CXX object ps2xRuntime/CMakeFiles/ps2EntryRunner.dir/Unity/unity_1_cxx.cxx.o
[338/345 248.826] Building CXX object ps2xRuntime/CMakeFiles/ps2EntryRunner.dir/Unity/unity_4_cxx.cxx.o
[339/345 249.060] Linking CXX static library ps2xTest/libps2_test_lib.a
[340/345 249.383] Building CXX object ps2xTest/CMakeFiles/ps2_test_function_table.dir/src/test_function_table.cpp.o
[341/345 260.769] Building CXX object ps2xRuntime/CMakeFiles/ps2EntryRunner.dir/Unity/unity_2_cxx.cxx.o
[342/345 261.397] Linking CXX executable ps2xTest/ps2x_tests
ld: warning: ignoring duplicate libraries: 'ps2xRecomp/libps2_recomp_lib.a'
[343/345 261.590] Building CXX object ps2xRuntime/CMakeFiles/ps2EntryRunner.dir/Unity/unity_0_cxx.cxx.o
[344/345 658.274] Linking CXX executable ps2xRuntime/ps2EntryRunner
