[23:24:55] PRE lease="N11 prep S4b" keyguard="showing=false" battery=59% ac=true pid0=none
[23:24:55] PRE device-env=9fb46f8509adb1362b5ac74d35ac63a340e39228b64914848ce5ed85d6b74d13 mc0-test='' mc0-bad=[]
[23:24:55] ENV 7cb6b9b6f7c7917acc4fc21dba9f4cf51d1988446ce9569a276ae56842503bd4  /storage/emulated/0/Android/data/com.ps2x.runner/files/ps2x.env
[23:24:56 t+    0.0] AM Starting: Intent { cmp=com.ps2x.runner/android.app.NativeActivity }
[23:25:02 t+    6.2] BACK sent
[23:25:04 t+    8.2] LAYER 'com.ps2x.runner/android.app.NativeActivity#13943' tried=['com.ps2x.runner/android.app.NativeActivity#13943']
[23:27:08 t+  132.6] SCAP sc01-tick2100-t132.png tick~2112
[23:29:23 t+  267.7] SCAP sc02-tick3000-t267.png tick~3001
[23:31:58 t+  422.8] SCAP sc03-tick4000-t422.png tick~4031
[23:33:07 t+  491.1] STOP tick 4527 >= 4500
[23:33:07 t+  491.5] SCAP sc04-final-t491.png tick~4527
[23:33:08 t+  492.8] THREADS
Threads: 27 total,   1 running,  26 sleeping,   0 stopped,   0 zombie
  Mem:  7342756K total,  4491928K used,  2850828K free,      700K buffers
 Swap: 10485752K total,   934356K used,  9551396K free,  1773476K cached
800%cpu  96%user   0%nice  42%sys 654%idle   0%iow   8%irq   0%sirq   0%host
  TID USER         PR  NI VIRT  RES  SHR S[%CPU] %MEM     TIME+ THREAD          PROCESS
20406 u0_a113      10 -10  17G 636M 398M R 80.7   8.8   7:00.49 GameThread      com.ps2x.runner
20390 u0_a113      10 -10  17G 636M 398M S 30.7   8.8   2:30.64 GsWorker        com.ps2x.runner
20387 u0_a113      10 -10  17G 636M 398M S  3.8   8.8   0:26.14 com.ps2x.runner com.ps2x.runner
20416 u0_a113      20   0  17G 636M 398M S  0.0   8.8   0:00.00 InteractionJank com.ps2x.runner
20415 u0_a113      20   0  17G 636M 398M S  0.0   8.8   0:00.30 binder:20368_4  com.ps2x.runner
20409 u0_a113      10 -10  17G 636M 398M S  0.0   8.8   0:00.28 PGS-Waiter      com.ps2x.runner
20407 u0_a113      39  19  17G 636M 398M S  0.0   8.8   0:00.00 com.ps:traceq0  com.ps2x.runner
20405 u0_a113      -3 -10  17G 636M 398M S  0.0   8.8   0:01.76 AAudio_1        com.ps2x.runner
20399 u0_a113      20   0  17G 636M 398M S  0.0   8.8   0:00.75 binder:20368_4  com.ps2x.runner
20398 u0_a113      10 -10  17G 636M 398M S  0.0   8.8   0:00.00 com.ps2x.runner com.ps2x.runner
20394 u0_a113      20   0  17G 636M 398M S  0.0   8.8   0:00.00 InsetsAnimation com.ps2x.runner
20393 u0_a113      20   0  17G 636M 398M S  0.0   8.8   0:00.00 SurfaceSyncGrou com.ps2x.runner
20392 u0_a113      10 -10  17G 636M 398M S  0.0   8.8   0:00.00 VsyncReceiver   com.ps2x.runner
20388 u0_a113      10 -10  17G 636M 398M S  0.0   8.8   0:00.00 com.ps2x.runner com.ps2x.runner
20385 u0_a113      16  -4  17G 636M 398M S  0.0   8.8   0:00.00 RenderThread    com.ps2x.runner

[23:33:08 t+  492.8] BATTERY status: 3 level: 55
[23:33:11 t+  495.0] RESTORE 9fb46f8509adb1362b5ac74d35ac63a340e39228b64914848ce5ed85d6b74d13 match=True
[23:33:11 t+  495.2] MC0-AFTER bad=[]
[23:33:11 t+  495.2] END pid-after=none
