[18:43:14] PRE lease="LEASE_FREE F4 done" keyguard="showing=false" battery=100% ac=true pid0=none
[18:43:14] PRE device-env=9fb46f8509adb1362b5ac74d35ac63a340e39228b64914848ce5ed85d6b74d13 mc0-test='' mc0-bad=[]
[18:43:15] ENV 1c788cead479386a9a9b82304fe5bb8cbacfd0097a8170c635b1e2ac63523cc1  /storage/emulated/0/Android/data/com.ps2x.runner/files/ps2x.env
[18:43:15 t+    0.0] AM Starting: Intent { cmp=com.ps2x.runner/android.app.NativeActivity }
[18:43:21 t+    6.1] FOCUS app-foreground, no BACK ('mCurrentFocus=Window{2c48d35 u0 com.ps2x.runner/android.app.NativeActivity}')
[18:43:23 t+    8.3] LAYER 'com.ps2x.runner/android.app.NativeActivity#17789' tried=['com.ps2x.runner/android.app.NativeActivity#17789']
[18:44:31 t+   76.3] SCAP sc01-tick2100-t75.png tick~2132
[18:45:33 t+  138.0] SCAP sc02-tick3000-t137.png tick~3018
[18:46:36 t+  201.1] SCAP sc03-tick4000-t200.png tick~4003
[18:47:07 t+  232.3] STOP tick 4516 >= 4500
[18:47:07 t+  232.6] SCAP sc04-final-t232.png tick~4516
[18:47:09 t+  233.9] THREADS
Threads: 29 total,   0 running,  29 sleeping,   0 stopped,   0 zombie
  Mem:  7342756K total,  5081856K used,  2260900K free,      628K buffers
 Swap: 10485752K total,   699496K used,  9786256K free,  2360224K cached
800%cpu  88%user   0%nice  19%sys 681%idle   0%iow   8%irq   4%sirq   0%host
  TID USER         PR  NI VIRT  RES  SHR S[%CPU] %MEM     TIME+ THREAD          PROCESS
16454 u0_a113      10 -10  17G 706M 461M S 69.2   9.8   2:39.34 GameThread      com.ps2x.runner
16432 u0_a113      10 -10  17G 706M 461M S 19.2   9.8   0:37.75 GsWorker        com.ps2x.runner
16430 u0_a113      10 -10  17G 706M 461M S  3.8   9.8   0:13.91 com.ps2x.runner com.ps2x.runner
16466 u0_a113      10 -10  17G 706M 461M S  0.0   9.8   0:00.00 com.ps2x.runner com.ps2x.runner
16465 u0_a113      10 -10  17G 706M 461M S  0.0   9.8   0:00.00 com.ps2x.runner com.ps2x.runner
16462 u0_a113      20   0  17G 706M 461M S  0.0   9.8   0:00.00 InteractionJank com.ps2x.runner
16461 u0_a113      20   0  17G 706M 461M S  0.0   9.8   0:00.16 binder:16410_2  com.ps2x.runner
16456 u0_a113      10 -10  17G 706M 461M S  0.0   9.8   0:00.23 PGS-Waiter      com.ps2x.runner
16455 u0_a113      39  19  17G 706M 461M S  0.0   9.8   0:00.00 com.ps:traceq0  com.ps2x.runner
16452 u0_a113      -3 -10  17G 706M 461M S  0.0   9.8   0:00.82 AAudio_1        com.ps2x.runner
16445 u0_a113      10 -10  17G 706M 461M S  0.0   9.8   0:00.00 com.ps2x.runner com.ps2x.runner
16446 u0_a113      20   0  17G 706M 461M S  0.0   9.8   0:00.17 binder:16410_4  com.ps2x.runner
16437 u0_a113      20   0  17G 706M 461M S  0.0   9.8   0:00.00 InsetsAnimation com.ps2x.runner
16436 u0_a113      20   0  17G 706M 461M S  0.0   9.8   0:00.00 SurfaceSyncGrou com.ps2x.runner
16435 u0_a113      10 -10  17G 706M 461M S  0.0   9.8   0:00.00 VsyncReceiver   com.ps2x.runner

[18:47:09 t+  234.0] BATTERY status: 5 level: 100
[18:47:11 t+  236.6] RESTORE 9fb46f8509adb1362b5ac74d35ac63a340e39228b64914848ce5ed85d6b74d13 match=True
[18:47:11 t+  236.7] MC0-AFTER bad=[]
[18:47:12 t+  236.8] END pid-after=none disconnects=0
