[08:18:15] PRE lease="VR4 2026-09-26T12:15:14Z" keyguard="showing=false" battery=100% ac=true pid0=none
[08:18:15] PRE device-env=090cc981e9f97c9c6007b64e90afaba7ff0b495eae7ede6423bfca826fae29fe mc0-test='' mc0-bad=[]
[08:18:15] APK local sha x2 825b436dd2cfc9f3ee42e7ac06643623b9651df409892c6a3e25af27cc531254 825b436dd2cfc9f3ee42e7ac06643623b9651df409892c6a3e25af27cc531254
[08:18:18] INSTALL Performing Streamed Install Success
[08:18:18] INSTALLED /data/app/~~94LOtRsbJnNgzlhJDtFMHA==/com.ps2x.runner-MeDUrq5-6b9OLqayzGQRww==/base.apk sha=825b436dd2cfc9f3ee42e7ac06643623b9651df409892c6a3e25af27cc531254 match=True
[08:18:18] ENV f506c977f3b859b5355ca95f57cecd043aca37237cf3805df8caec29ee6f4a7e  /storage/emulated/0/Android/data/com.ps2x.runner/files/ps2x.env
[08:18:18 t+    0.1] AM Starting: Intent { cmp=com.ps2x.runner/android.app.NativeActivity }
[08:18:24 t+    6.1] FOCUS app-foreground, no BACK ('mCurrentFocus=Window{75aff49 u0 com.ps2x.runner/android.app.NativeActivity}')
[08:18:27 t+    8.5] LAYER 'com.ps2x.runner/android.app.NativeActivity#22996' tried=['com.ps2x.runner/android.app.NativeActivity#22996']
[08:19:06 t+   47.3] CPUWIN start tick=1984
[08:19:16 t+   57.7] SCAP sc01-tick2100-t56.png tick~2194
[08:19:31 t+   72.5] CPUWIN end tick=2560
[08:19:51 t+   92.7] SCAP sc02-tick3000-t91.png tick~3078
[08:20:33 t+  134.2] SCAP sc03-tick4000-t133.png tick~4113
[08:20:44 t+  146.0] STOP tick 4572 >= 4500
[08:20:45 t+  146.6] SCAP sc04-final-t145.png tick~4572
[08:20:46 t+  148.0] THREADS
Threads: 28 total,   1 running,  27 sleeping,   0 stopped,   0 zombie
  Mem:  7342756K total,  4950504K used,  2392252K free,      636K buffers
 Swap: 10485752K total,   742232K used,  9743520K free,  2162988K cached
800%cpu 123%user   0%nice  42%sys 627%idle   0%iow   8%irq   0%sirq   0%host
  TID USER         PR  NI VIRT  RES  SHR S[%CPU] %MEM     TIME+ THREAD          PROCESS
12224 u0_a113      10 -10  17G 754M 515M R 61.5  10.5   1:16.36 MTVU            com.ps2x.runner
12215 u0_a113      10 -10  17G 754M 515M S 30.7  10.5   0:38.43 GameThread      com.ps2x.runner
12194 u0_a113      10 -10  17G 754M 515M S 26.9  10.5   0:30.58 GsWorker        com.ps2x.runner
12223 u0_a113      20   0  17G 754M 515M S  0.0  10.5   0:00.00 InteractionJank com.ps2x.runner
12222 u0_a113      20   0  17G 754M 515M S  0.0  10.5   0:00.00 binder:12168_3  com.ps2x.runner
12217 u0_a113      10 -10  17G 754M 515M S  0.0  10.5   0:00.23 PGS-Waiter      com.ps2x.runner
12216 u0_a113      39  19  17G 754M 515M S  0.0  10.5   0:00.00 com.ps:traceq0  com.ps2x.runner
12213 u0_a113      -3 -10  17G 754M 515M S  0.0  10.5   0:00.53 AAudio_1        com.ps2x.runner
12207 u0_a113      20   0  17G 754M 515M S  0.0  10.5   0:00.00 binder:12168_4  com.ps2x.runner
12206 u0_a113      10 -10  17G 754M 515M S  0.0  10.5   0:00.00 com.ps2x.runner com.ps2x.runner
12199 u0_a113      20   0  17G 754M 515M S  0.0  10.5   0:00.00 InsetsAnimation com.ps2x.runner
12198 u0_a113      20   0  17G 754M 515M S  0.0  10.5   0:00.00 SurfaceSyncGrou com.ps2x.runner
12197 u0_a113      10 -10  17G 754M 515M S  0.0  10.5   0:00.00 VsyncReceiver   com.ps2x.runner
12193 u0_a113      10 -10  17G 754M 515M S  0.0  10.5   0:00.00 com.ps2x.runner com.ps2x.runner
12192 u0_a113      10 -10  17G 754M 515M S  0.0  10.5   0:00.31 com.ps2x.runner com.ps2x.runner

[08:20:46 t+  148.1] BATTERY status: 5 level: 100
[08:20:49 t+  150.7] RESTORE 090cc981e9f97c9c6007b64e90afaba7ff0b495eae7ede6423bfca826fae29fe match=True
[08:20:49 t+  150.9] MC0-AFTER bad=[]
[08:20:49 t+  150.9] END pid-after=none disconnects=0
