[19:55:33] PRE lease="N5 2026-09-23T23:41:57Z L1-diag" keyguard="showing=false" battery=34% status=2
[19:55:33] ENV 17712de75713a170363a56003a567e28617d4c52ec7ca173d2f8fc5b490cf4d2  /storage/emulated/0/Android/data/com.ps2x.runner/files/ps2x.env
[19:55:33 t+    0.0] AM Starting: Intent { cmp=com.ps2x.runner/android.app.NativeActivity }
[19:55:39 t+    6.1] BACK sent
[19:55:41 t+    8.2] LAYER 'com.ps2x.runner/android.app.NativeActivity#7410' tried=['com.ps2x.runner/android.app.NativeActivity#7410']
[19:56:24 t+   51.5] SCAP sc01-tick1300-t51.png tick~1320
[19:57:26 t+  113.2] SCAP sc02-periodic-t112.png tick~2622
[19:58:26 t+  173.3] SCAP sc03-periodic-t173.png tick~4035
[19:59:28 t+  234.9] SCAP sc04-periodic-t234.png tick~5031
[20:00:29 t+  296.5] SCAP sc05-periodic-t296.png tick~6099
[20:01:31 t+  358.1] SCAP sc06-periodic-t357.png tick~7083
[20:01:49 t+  376.7] SCAP sc07-tick7300-t376.png tick~7314
[20:02:51 t+  438.2] SCAP sc08-periodic-t437.png tick~8007
[20:03:53 t+  499.8] SCAP sc09-periodic-t499.png tick~8773
[20:04:09 t+  516.4] SCAP sc10-tick9000-t516.png tick~9004
[20:05:11 t+  578.1] SCAP sc11-periodic-t577.png tick~9632
[20:05:33 t+  600.6] STOP wall cap 600.0s tick=9906
[20:05:34 t+  600.8] SCAP sc12-final-t600.png tick~9906
[20:05:35 t+  602.1] THREADS
Threads: 25 total,   1 running,  24 sleeping,   0 stopped,   0 zombie
  Mem:  7342756K total,  4510684K used,  2832072K free,      776K buffers
 Swap: 10485752K total,   605504K used,  9880248K free,  1858680K cached
800%cpu 119%user   0%nice  35%sys 638%idle   0%iow   8%irq   0%sirq   0%host
  TID USER         PR  NI VIRT  RES  SHR S[%CPU] %MEM     TIME+ THREAD          PROCESS
18116 u0_a113      10 -10  16G 296M 180M R  103   4.1   9:56.87 GameThread      com.ps2x.runner
18096 u0_a113      10 -10  16G 296M 180M S  7.6   4.1   1:01.55 com.ps2x.runner com.ps2x.runner
20216 u0_a113      20   0  16G 296M 180M S  0.0   4.1   0:00.00 binder:18078_5  com.ps2x.runner
18118 u0_a113      20   0  16G 296M 180M S  0.0   4.1   0:00.00 InteractionJank com.ps2x.runner
18117 u0_a113      20   0  16G 296M 180M S  0.0   4.1   0:00.49 binder:18078_4  com.ps2x.runner
18115 u0_a113      -3 -10  16G 296M 180M S  0.0   4.1   0:01.19 AAudio_1        com.ps2x.runner
18109 u0_a113      20   0  16G 296M 180M S  0.0   4.1   0:00.69 binder:18078_4  com.ps2x.runner
18108 u0_a113      10 -10  16G 296M 180M S  0.0   4.1   0:00.00 com.ps2x.runner com.ps2x.runner
18101 u0_a113      20   0  16G 296M 180M S  0.0   4.1   0:00.00 InsetsAnimation com.ps2x.runner
18100 u0_a113      20   0  16G 296M 180M S  0.0   4.1   0:00.00 SurfaceSyncGrou com.ps2x.runner
18099 u0_a113      10 -10  16G 296M 180M S  0.0   4.1   0:00.00 VsyncReceiver   com.ps2x.runner
18097 u0_a113      10 -10  16G 296M 180M S  0.0   4.1   0:00.00 com.ps2x.runner com.ps2x.runner
18093 u0_a113      16  -4  16G 296M 180M S  0.0   4.1   0:00.00 RenderThread    com.ps2x.runner
18089 u0_a113      20   0  16G 296M 180M S  0.0   4.1   0:00.34 binder:18078_1  com.ps2x.runner
18090 u0_a113      20   0  16G 296M 180M S  0.0   4.1   0:00.64 binder:18078_2  com.ps2x.runner

[20:05:35 t+  602.1] BATTERY status: 2 level: 36
[20:05:37 t+  604.6] END pid-after=none
