[16:59:43] PRE lease="LEASE_FREE F4 done" keyguard="showing=false" battery=100% ac=true pid0=none
[16:59:43] PRE device-env=9fb46f8509adb1362b5ac74d35ac63a340e39228b64914848ce5ed85d6b74d13 mc0-test='' mc0-bad=[]
[16:59:43] ENV b7129e5f73b2fade61c70857d0ead221fe6f477d5fe6c4ca7d77fd02889ea661  /storage/emulated/0/Android/data/com.ps2x.runner/files/ps2x.env
[16:59:44 t+    0.1] AM Starting: Intent { cmp=com.ps2x.runner/android.app.NativeActivity }
[16:59:50 t+    6.2] BACK sent
[16:59:52 t+    8.3] LAYER 'com.ps2x.runner/android.app.NativeActivity#17457' tried=['com.ps2x.runner/android.app.NativeActivity#17457']
[17:01:31 t+  107.5] SCAP sc01-tick2100-t107.png tick~2131
[17:03:01 t+  197.2] SCAP sc02-tick3000-t196.png tick~3011
[17:04:41 t+  296.9] SCAP sc03-tick4000-t296.png tick~4010
[17:05:30 t+  346.3] STOP tick 4559 >= 4500
[17:05:30 t+  346.6] SCAP sc04-final-t346.png tick~4559
[17:05:32 t+  348.0] THREADS
Threads: 27 total,   2 running,  25 sleeping,   0 stopped,   0 zombie
  Mem:  7342756K total,  4097404K used,  3245352K free,      568K buffers
 Swap: 10485752K total,   732792K used,  9752960K free,  1570728K cached
800%cpu  81%user   0%nice  50%sys 662%idle   0%iow   8%irq   0%sirq   0%host
  TID USER         PR  NI VIRT  RES  SHR S[%CPU] %MEM     TIME+ THREAD          PROCESS
19919 u0_a113      10 -10  17G 661M 421M R 61.5   9.2   3:19.17 GameThread      com.ps2x.runner
19898 u0_a113      10 -10  17G 661M 421M R 42.3   9.2   2:25.51 GsWorker        com.ps2x.runner
19896 u0_a113      10 -10  17G 661M 421M S  7.6   9.2   0:19.33 com.ps2x.runner com.ps2x.runner
19927 u0_a113      20   0  17G 661M 421M S  0.0   9.2   0:00.00 InteractionJank com.ps2x.runner
19926 u0_a113      20   0  17G 661M 421M S  0.0   9.2   0:00.20 binder:19876_2  com.ps2x.runner
19921 u0_a113      10 -10  17G 661M 421M S  0.0   9.2   0:00.22 PGS-Waiter      com.ps2x.runner
19920 u0_a113      39  19  17G 661M 421M S  0.0   9.2   0:00.00 com.ps:traceq0  com.ps2x.runner
19916 u0_a113      -3 -10  17G 661M 421M S  0.0   9.2   0:01.18 AAudio_1        com.ps2x.runner
19910 u0_a113      20   0  17G 661M 421M S  0.0   9.2   0:00.38 binder:19876_4  com.ps2x.runner
19909 u0_a113      10 -10  17G 661M 421M S  0.0   9.2   0:00.00 com.ps2x.runner com.ps2x.runner
19902 u0_a113      20   0  17G 661M 421M S  0.0   9.2   0:00.00 InsetsAnimation com.ps2x.runner
19900 u0_a113      10 -10  17G 661M 421M S  0.0   9.2   0:00.00 VsyncReceiver   com.ps2x.runner
19901 u0_a113      20   0  17G 661M 421M S  0.0   9.2   0:00.00 SurfaceSyncGrou com.ps2x.runner
19897 u0_a113      10 -10  17G 661M 421M S  0.0   9.2   0:00.01 com.ps2x.runner com.ps2x.runner
19893 u0_a113      16  -4  17G 661M 421M S  0.0   9.2   0:00.00 RenderThread    com.ps2x.runner

[17:05:32 t+  348.1] BATTERY status: 5 level: 100
[17:05:34 t+  350.4] RESTORE 9fb46f8509adb1362b5ac74d35ac63a340e39228b64914848ce5ed85d6b74d13 match=True
[17:05:34 t+  350.6] MC0-AFTER bad=[]
[17:05:34 t+  350.7] END pid-after=none
