[21:52:38] PRE lease="LEASE_FREE VK1 done" keyguard="showing=false" battery=100% ac=true pid0=none
[21:52:38] PRE device-env=a8d651a7e55f7e29f1345f28f4ea634e06ae757f535e29439ab61c930bcc0ebd mc0-test='' mc0-bad=[]
[21:52:38] APK local sha x2 8c74352d41a0a8a3664eb110f53f8b155984ad38598a4a7b5a05541a54caa663 8c74352d41a0a8a3664eb110f53f8b155984ad38598a4a7b5a05541a54caa663
[21:52:41] INSTALL Performing Streamed Install Success
[21:52:42] INSTALLED /data/app/~~kNoMrJBU7GyTcEYfoF9hPg==/com.ps2x.runner-dIcs5GPQSxb68OpUcu0k1A==/base.apk sha=8c74352d41a0a8a3664eb110f53f8b155984ad38598a4a7b5a05541a54caa663 match=True
[21:52:42] ENV cad1c625cbed6f75345bb6102e0a243859af8db022839a9803dc21884728271e  /storage/emulated/0/Android/data/com.ps2x.runner/files/ps2x.env
[21:52:42 t+    0.0] AM Starting: Intent { cmp=com.ps2x.runner/android.app.NativeActivity }
[21:52:48 t+    6.1] FOCUS app-foreground, no BACK ('mCurrentFocus=Window{eeab10b u0 com.ps2x.runner/android.app.NativeActivity}')
[21:52:50 t+    8.6] LAYER 'com.ps2x.runner/android.app.NativeActivity#18709' tried=['com.ps2x.runner/android.app.NativeActivity#18700', 'RequestedLayerState{ActivityRecord{a71830f u0 com.ps2x.runner/android.app.NativeActivity#18700 parentId=18699}', 'com.ps2x.runner/android.app.NativeActivity#18709']
[21:53:05 t+   23.6] SCAP sc01-tick1100-t23.png tick~1202
[21:53:08 t+   26.0] LIFECYCLE start: HOME
[21:53:08 t+   26.0] LAYERS before ['RequestedLayerState{666206e ActivityRecordInputSink com.ps2x.runner/android.app.NativeActivity#18706 parentId=18700 z=-2147483648}', 'RequestedLayerState{ActivityRecord{a71830f u0 com.ps2x.runner/android.app.NativeActivity#18700 parentId=18699}', 'RequestedLayerState{com.ps2x.runner/android.app.NativeActivity#18709 parentId=18708}', 'RequestedLayerState{eeab10b com.ps2x.runner/android.app.NativeActivity#18708 parentId=18700}', 'RequestedLayerState{ps2x-game#18714 parentId=18709 z=1}', 'RequestedLayerState{Surface(name=eeab10b com.ps2x.runner/android.app.NativeActivity)/@0xb635000 - animation-leash of starting_reveal#18712}']
[21:53:16 t+   34.5] SCAP sc02-bg-t34.png tick~1457
[21:53:16 t+   34.6] BG focus='mCurrentFocus=Window{b98749 u0 com.android.launcher3/com.android.launcher3.uioverrides.QuickstepLauncher}' pid=7926
[21:53:17 t+   34.7] FG Starting: Intent { cmp=com.ps2x.runner/android.app.NativeActivity }
[21:53:25 t+   43.2] SCAP sc03-fg-t42.png tick~1457
[21:53:25 t+   43.3] LAYERS after-fg ['RequestedLayerState{666206e ActivityRecordInputSink com.ps2x.runner/android.app.NativeActivity#18706 parentId=18700 z=-2147483648}', 'RequestedLayerState{ActivityRecord{a71830f u0 com.ps2x.runner/android.app.NativeActivity#18700 parentId=18699}', 'RequestedLayerState{com.ps2x.runner/android.app.NativeActivity#18729 parentId=18708}', 'RequestedLayerState{eeab10b com.ps2x.runner/android.app.NativeActivity#18708 parentId=18700}', 'RequestedLayerState{ps2x-game#18714 z=1}', 'RequestedLayerState{Surface(name=eeab10b com.ps2x.runner/android.app.NativeActivity)/@0xb635000 - animation-leash of starting_reveal#18712}', 'RequestedLayerState{ps2x-game#18730 parentId=18729 z=1}'] focus='mCurrentFocus=Window{eeab10b u0 com.ps2x.runner/android.app.NativeActivity}'
[21:53:25 t+   43.3] ROTATION saved 'lock 1'
[21:53:32 t+   49.7] SCAP sc04-rot3-t49.png tick~1457
[21:53:32 t+   49.8] ROTATION lock3 display='init=1080x1920 369dpi mMinSizeOfResizeableTaskDp=220 cur=1920x1080 app=1920x1080 rng=1080x1080-1920x1920\n      mCurrentRotation=ROTATION_0'
[21:53:36 t+   54.0] ROTATION restored -> 'lock 1'
[21:53:36 t+   54.3] SCAP sc05-rot-restored-t53.png tick~1457
[21:53:39 t+   57.5] CPUWIN start tick=1858
[21:54:03 t+   81.6] SCAP sc06-tick2150-t81.png tick~2163
[21:54:08 t+   86.0] SFDUMP tick=2231 lines=30
[21:54:22 t+  100.4] SCAP sc07-tick2400-t100.png tick~2449
[21:54:32 t+  110.0] CPUWIN end tick=2599
[21:54:39 t+  117.5] STOP tick 2674 >= 2600
[21:54:40 t+  117.8] SCAP sc08-final-t117.png tick~2674
[21:54:41 t+  119.4] THREADS
Threads: 27 total,   1 running,  26 sleeping,   0 stopped,   0 zombie
  Mem:  7342756K total,  4894008K used,  2448748K free,      656K buffers
 Swap: 10485752K total,   810140K used,  9675612K free,  2303408K cached
800%cpu  81%user   0%nice  27%sys 685%idle   0%iow   8%irq   0%sirq   0%host
  TID USER         PR  NI VIRT  RES  SHR S[%CPU] %MEM     TIME+ THREAD          PROCESS
 7965 u0_a113      10 -10  17G 713M 474M R 69.2   9.9   1:19.97 GameThread      com.ps2x.runner
 7947 u0_a113      10 -10  17G 713M 474M S 15.3   9.9   0:15.94 GsWorker        com.ps2x.runner
 7976 u0_a113      20   0  17G 713M 474M S  0.0   9.9   0:00.00 InteractionJank com.ps2x.runner
 7974 u0_a113      20   0  17G 713M 474M S  0.0   9.9   0:00.00 binder:7926_1   com.ps2x.runner
 7968 u0_a113      10 -10  17G 713M 474M S  0.0   9.9   0:00.09 PGS-Waiter      com.ps2x.runner
 7967 u0_a113      39  19  17G 713M 474M S  0.0   9.9   0:00.00 com.ps:traceq0  com.ps2x.runner
 7964 u0_a113      -3 -10  17G 713M 474M S  0.0   9.9   0:00.40 AAudio_1        com.ps2x.runner
 7958 u0_a113      10 -10  17G 713M 474M S  0.0   9.9   0:00.00 com.ps2x.runner com.ps2x.runner
 7952 u0_a113      20   0  17G 713M 474M S  0.0   9.9   0:00.00 InsetsAnimation com.ps2x.runner
 7951 u0_a113      20   0  17G 713M 474M S  0.0   9.9   0:00.02 binder:7926_4   com.ps2x.runner
 7950 u0_a113      20   0  17G 713M 474M S  0.0   9.9   0:00.00 SurfaceSyncGrou com.ps2x.runner
 7949 u0_a113      10 -10  17G 713M 474M S  0.0   9.9   0:00.00 VsyncReceiver   com.ps2x.runner
 7945 u0_a113      10 -10  17G 713M 474M S  0.0   9.9   0:00.25 Thread-3        com.ps2x.runner
 7946 u0_a113      10 -10  17G 713M 474M S  0.0   9.9   0:00.00 com.ps2x.runner com.ps2x.runner
 7943 u0_a113      16  -4  17G 713M 474M S  0.0   9.9   0:00.00 RenderThread    com.ps2x.runner

[21:54:41 t+  119.4] BATTERY status: 5 level: 100
[21:54:44 t+  122.1] RESTORE a8d651a7e55f7e29f1345f28f4ea634e06ae757f535e29439ab61c930bcc0ebd match=True
[21:54:44 t+  122.3] MC0-AFTER bad=[]
[21:54:44 t+  122.3] END pid-after=none disconnects=0
