error: non-monotonic index /Volumes/Extreme SSD/ps2recomp-spike/PS2Recomp/.git/objects/pack/._pack-66cfeae386ca99bf65f2cbea68322205a1368bb8.idx
error: non-monotonic index /Volumes/Extreme SSD/ps2recomp-spike/PS2Recomp/.git/objects/pack/._pack-66cfeae386ca99bf65f2cbea68322205a1368bb8.idx
error: non-monotonic index /Volumes/Extreme SSD/ps2recomp-spike/PS2Recomp/.git/objects/pack/._pack-66cfeae386ca99bf65f2cbea68322205a1368bb8.idx
error: non-monotonic index /Volumes/Extreme SSD/ps2recomp-spike/PS2Recomp/.git/objects/pack/._pack-66cfeae386ca99bf65f2cbea68322205a1368bb8.idx
error: non-monotonic index /Volumes/Extreme SSD/ps2recomp-spike/PS2Recomp/.git/objects/pack/._pack-66cfeae386ca99bf65f2cbea68322205a1368bb8.idx
error: non-monotonic index /Volumes/Extreme SSD/ps2recomp-spike/PS2Recomp/.git/objects/pack/._pack-66cfeae386ca99bf65f2cbea68322205a1368bb8.idx
error: non-monotonic index /Volumes/Extreme SSD/ps2recomp-spike/PS2Recomp/.git/objects/pack/._pack-66cfeae386ca99bf65f2cbea68322205a1368bb8.idx
error: non-monotonic index /Volumes/Extreme SSD/ps2recomp-spike/PS2Recomp/.git/objects/pack/._pack-66cfeae386ca99bf65f2cbea68322205a1368bb8.idx
error: non-monotonic index /Volumes/Extreme SSD/ps2recomp-spike/PS2Recomp/.git/objects/pack/._pack-66cfeae386ca99bf65f2cbea68322205a1368bb8.idx
error: non-monotonic index /Volumes/Extreme SSD/ps2recomp-spike/PS2Recomp/.git/objects/pack/._pack-66cfeae386ca99bf65f2cbea68322205a1368bb8.idx
error: non-monotonic index /Volumes/Extreme SSD/ps2recomp-spike/PS2Recomp/.git/objects/pack/._pack-66cfeae386ca99bf65f2cbea68322205a1368bb8.idx
error: non-monotonic index /Volumes/Extreme SSD/ps2recomp-spike/PS2Recomp/.git/objects/pack/._pack-66cfeae386ca99bf65f2cbea68322205a1368bb8.idx
error: non-monotonic index /Volumes/Extreme SSD/ps2recomp-spike/PS2Recomp/.git/objects/pack/._pack-66cfeae386ca99bf65f2cbea68322205a1368bb8.idx
error: non-monotonic index /Volumes/Extreme SSD/ps2recomp-spike/PS2Recomp/.git/objects/pack/._pack-66cfeae386ca99bf65f2cbea68322205a1368bb8.idx
error: non-monotonic index /Volumes/Extreme SSD/ps2recomp-spike/PS2Recomp/.git/objects/pack/._pack-66cfeae386ca99bf65f2cbea68322205a1368bb8.idx
error: non-monotonic index /Volumes/Extreme SSD/ps2recomp-spike/PS2Recomp/.git/objects/pack/._pack-66cfeae386ca99bf65f2cbea68322205a1368bb8.idx
error: non-monotonic index /Volumes/Extreme SSD/ps2recomp-spike/PS2Recomp/.git/objects/pack/._pack-66cfeae386ca99bf65f2cbea68322205a1368bb8.idx
error: non-monotonic index /Volumes/Extreme SSD/ps2recomp-spike/PS2Recomp/.git/objects/pack/._pack-66cfeae386ca99bf65f2cbea68322205a1368bb8.idx
error: non-monotonic index /Volumes/Extreme SSD/ps2recomp-spike/PS2Recomp/.git/objects/pack/._pack-66cfeae386ca99bf65f2cbea68322205a1368bb8.idx
error: non-monotonic index /Volumes/Extreme SSD/ps2recomp-spike/PS2Recomp/.git/objects/pack/._pack-66cfeae386ca99bf65f2cbea68322205a1368bb8.idx
error: non-monotonic index /Volumes/Extreme SSD/ps2recomp-spike/PS2Recomp/.git/objects/pack/._pack-66cfeae386ca99bf65f2cbea68322205a1368bb8.idx
error: non-monotonic index /Volumes/Extreme SSD/ps2recomp-spike/PS2Recomp/.git/objects/pack/._pack-66cfeae386ca99bf65f2cbea68322205a1368bb8.idx
error: non-monotonic index /Volumes/Extreme SSD/ps2recomp-spike/PS2Recomp/.git/objects/pack/._pack-66cfeae386ca99bf65f2cbea68322205a1368bb8.idx
error: non-monotonic index /Volumes/Extreme SSD/ps2recomp-spike/PS2Recomp/.git/objects/pack/._pack-66cfeae386ca99bf65f2cbea68322205a1368bb8.idx
error: non-monotonic index /Volumes/Extreme SSD/ps2recomp-spike/PS2Recomp/.git/objects/pack/._pack-66cfeae386ca99bf65f2cbea68322205a1368bb8.idx
error: non-monotonic index /Volumes/Extreme SSD/ps2recomp-spike/PS2Recomp/.git/objects/pack/._pack-66cfeae386ca99bf65f2cbea68322205a1368bb8.idx
error: non-monotonic index /Volumes/Extreme SSD/ps2recomp-spike/PS2Recomp/.git/objects/pack/._pack-66cfeae386ca99bf65f2cbea68322205a1368bb8.idx
error: non-monotonic index /Volumes/Extreme SSD/ps2recomp-spike/PS2Recomp/.git/objects/pack/._pack-66cfeae386ca99bf65f2cbea68322205a1368bb8.idx
error: non-monotonic index /Volumes/Extreme SSD/ps2recomp-spike/PS2Recomp/.git/objects/pack/._pack-66cfeae386ca99bf65f2cbea68322205a1368bb8.idx
error: non-monotonic index /Volumes/Extreme SSD/ps2recomp-spike/PS2Recomp/.git/objects/pack/._pack-66cfeae386ca99bf65f2cbea68322205a1368bb8.idx
error: non-monotonic index /Volumes/Extreme SSD/ps2recomp-spike/PS2Recomp/.git/objects/pack/._pack-66cfeae386ca99bf65f2cbea68322205a1368bb8.idx
error: non-monotonic index /Volumes/Extreme SSD/ps2recomp-spike/PS2Recomp/.git/objects/pack/._pack-66cfeae386ca99bf65f2cbea68322205a1368bb8.idx
error: non-monotonic index /Volumes/Extreme SSD/ps2recomp-spike/PS2Recomp/.git/objects/pack/._pack-66cfeae386ca99bf65f2cbea68322205a1368bb8.idx
error: non-monotonic index /Volumes/Extreme SSD/ps2recomp-spike/PS2Recomp/.git/objects/pack/._pack-66cfeae386ca99bf65f2cbea68322205a1368bb8.idx
error: non-monotonic index /Volumes/Extreme SSD/ps2recomp-spike/PS2Recomp/.git/objects/pack/._pack-66cfeae386ca99bf65f2cbea68322205a1368bb8.idx
error: non-monotonic index /Volumes/Extreme SSD/ps2recomp-spike/PS2Recomp/.git/objects/pack/._pack-66cfeae386ca99bf65f2cbea68322205a1368bb8.idx
error: non-monotonic index /Volumes/Extreme SSD/ps2recomp-spike/PS2Recomp/.git/objects/pack/._pack-66cfeae386ca99bf65f2cbea68322205a1368bb8.idx
error: non-monotonic index /Volumes/Extreme SSD/ps2recomp-spike/PS2Recomp/.git/objects/pack/._pack-66cfeae386ca99bf65f2cbea68322205a1368bb8.idx
error: non-monotonic index /Volumes/Extreme SSD/ps2recomp-spike/PS2Recomp/.git/objects/pack/._pack-66cfeae386ca99bf65f2cbea68322205a1368bb8.idx
error: non-monotonic index /Volumes/Extreme SSD/ps2recomp-spike/PS2Recomp/.git/objects/pack/._pack-66cfeae386ca99bf65f2cbea68322205a1368bb8.idx
error: non-monotonic index /Volumes/Extreme SSD/ps2recomp-spike/PS2Recomp/.git/objects/pack/._pack-66cfeae386ca99bf65f2cbea68322205a1368bb8.idx
error: non-monotonic index /Volumes/Extreme SSD/ps2recomp-spike/PS2Recomp/.git/objects/pack/._pack-66cfeae386ca99bf65f2cbea68322205a1368bb8.idx
error: non-monotonic index /Volumes/Extreme SSD/ps2recomp-spike/PS2Recomp/.git/objects/pack/._pack-66cfeae386ca99bf65f2cbea68322205a1368bb8.idx
error: non-monotonic index /Volumes/Extreme SSD/ps2recomp-spike/PS2Recomp/.git/objects/pack/._pack-66cfeae386ca99bf65f2cbea68322205a1368bb8.idx
error: non-monotonic index /Volumes/Extreme SSD/ps2recomp-spike/PS2Recomp/.git/objects/pack/._pack-66cfeae386ca99bf65f2cbea68322205a1368bb8.idx
error: non-monotonic index /Volumes/Extreme SSD/ps2recomp-spike/PS2Recomp/.git/objects/pack/._pack-66cfeae386ca99bf65f2cbea68322205a1368bb8.idx
error: non-monotonic index /Volumes/Extreme SSD/ps2recomp-spike/PS2Recomp/.git/objects/pack/._pack-66cfeae386ca99bf65f2cbea68322205a1368bb8.idx
error: non-monotonic index /Volumes/Extreme SSD/ps2recomp-spike/PS2Recomp/.git/objects/pack/._pack-66cfeae386ca99bf65f2cbea68322205a1368bb8.idx
error: non-monotonic index /Volumes/Extreme SSD/ps2recomp-spike/PS2Recomp/.git/objects/pack/._pack-66cfeae386ca99bf65f2cbea68322205a1368bb8.idx
error: non-monotonic index /Volumes/Extreme SSD/ps2recomp-spike/PS2Recomp/.git/objects/pack/._pack-66cfeae386ca99bf65f2cbea68322205a1368bb8.idx
error: non-monotonic index /Volumes/Extreme SSD/ps2recomp-spike/PS2Recomp/.git/objects/pack/._pack-66cfeae386ca99bf65f2cbea68322205a1368bb8.idx
error: non-monotonic index /Volumes/Extreme SSD/ps2recomp-spike/PS2Recomp/.git/objects/pack/._pack-66cfeae386ca99bf65f2cbea68322205a1368bb8.idx
error: non-monotonic index /Volumes/Extreme SSD/ps2recomp-spike/PS2Recomp/.git/objects/pack/._pack-66cfeae386ca99bf65f2cbea68322205a1368bb8.idx
error: non-monotonic index /Volumes/Extreme SSD/ps2recomp-spike/PS2Recomp/.git/objects/pack/._pack-66cfeae386ca99bf65f2cbea68322205a1368bb8.idx
error: non-monotonic index /Volumes/Extreme SSD/ps2recomp-spike/PS2Recomp/.git/objects/pack/._pack-66cfeae386ca99bf65f2cbea68322205a1368bb8.idx
error: non-monotonic index /Volumes/Extreme SSD/ps2recomp-spike/PS2Recomp/.git/objects/pack/._pack-66cfeae386ca99bf65f2cbea68322205a1368bb8.idx
error: non-monotonic index /Volumes/Extreme SSD/ps2recomp-spike/PS2Recomp/.git/objects/pack/._pack-66cfeae386ca99bf65f2cbea68322205a1368bb8.idx
error: non-monotonic index /Volumes/Extreme SSD/ps2recomp-spike/PS2Recomp/.git/objects/pack/._pack-66cfeae386ca99bf65f2cbea68322205a1368bb8.idx
error: non-monotonic index /Volumes/Extreme SSD/ps2recomp-spike/PS2Recomp/.git/objects/pack/._pack-66cfeae386ca99bf65f2cbea68322205a1368bb8.idx
error: non-monotonic index /Volumes/Extreme SSD/ps2recomp-spike/PS2Recomp/.git/objects/pack/._pack-66cfeae386ca99bf65f2cbea68322205a1368bb8.idx
error: non-monotonic index /Volumes/Extreme SSD/ps2recomp-spike/PS2Recomp/.git/objects/pack/._pack-66cfeae386ca99bf65f2cbea68322205a1368bb8.idx
error: non-monotonic index /Volumes/Extreme SSD/ps2recomp-spike/PS2Recomp/.git/objects/pack/._pack-66cfeae386ca99bf65f2cbea68322205a1368bb8.idx
error: non-monotonic index /Volumes/Extreme SSD/ps2recomp-spike/PS2Recomp/.git/objects/pack/._pack-66cfeae386ca99bf65f2cbea68322205a1368bb8.idx
error: non-monotonic index /Volumes/Extreme SSD/ps2recomp-spike/PS2Recomp/.git/objects/pack/._pack-66cfeae386ca99bf65f2cbea68322205a1368bb8.idx
error: non-monotonic index /Volumes/Extreme SSD/ps2recomp-spike/PS2Recomp/.git/objects/pack/._pack-66cfeae386ca99bf65f2cbea68322205a1368bb8.idx
error: non-monotonic index /Volumes/Extreme SSD/ps2recomp-spike/PS2Recomp/.git/objects/pack/._pack-66cfeae386ca99bf65f2cbea68322205a1368bb8.idx
error: non-monotonic index /Volumes/Extreme SSD/ps2recomp-spike/PS2Recomp/.git/objects/pack/._pack-66cfeae386ca99bf65f2cbea68322205a1368bb8.idx
error: non-monotonic index /Volumes/Extreme SSD/ps2recomp-spike/PS2Recomp/.git/objects/pack/._pack-66cfeae386ca99bf65f2cbea68322205a1368bb8.idx
error: non-monotonic index /Volumes/Extreme SSD/ps2recomp-spike/PS2Recomp/.git/objects/pack/._pack-66cfeae386ca99bf65f2cbea68322205a1368bb8.idx
error: non-monotonic index /Volumes/Extreme SSD/ps2recomp-spike/PS2Recomp/.git/objects/pack/._pack-66cfeae386ca99bf65f2cbea68322205a1368bb8.idx
error: non-monotonic index /Volumes/Extreme SSD/ps2recomp-spike/PS2Recomp/.git/objects/pack/._pack-66cfeae386ca99bf65f2cbea68322205a1368bb8.idx
error: non-monotonic index /Volumes/Extreme SSD/ps2recomp-spike/PS2Recomp/.git/objects/pack/._pack-66cfeae386ca99bf65f2cbea68322205a1368bb8.idx
error: non-monotonic index /Volumes/Extreme SSD/ps2recomp-spike/PS2Recomp/.git/objects/pack/._pack-66cfeae386ca99bf65f2cbea68322205a1368bb8.idx
error: non-monotonic index /Volumes/Extreme SSD/ps2recomp-spike/PS2Recomp/.git/objects/pack/._pack-66cfeae386ca99bf65f2cbea68322205a1368bb8.idx
error: non-monotonic index /Volumes/Extreme SSD/ps2recomp-spike/PS2Recomp/.git/objects/pack/._pack-66cfeae386ca99bf65f2cbea68322205a1368bb8.idx
error: non-monotonic index /Volumes/Extreme SSD/ps2recomp-spike/PS2Recomp/.git/objects/pack/._pack-66cfeae386ca99bf65f2cbea68322205a1368bb8.idx
error: non-monotonic index /Volumes/Extreme SSD/ps2recomp-spike/PS2Recomp/.git/objects/pack/._pack-66cfeae386ca99bf65f2cbea68322205a1368bb8.idx
error: non-monotonic index /Volumes/Extreme SSD/ps2recomp-spike/PS2Recomp/.git/objects/pack/._pack-66cfeae386ca99bf65f2cbea68322205a1368bb8.idx
error: non-monotonic index /Volumes/Extreme SSD/ps2recomp-spike/PS2Recomp/.git/objects/pack/._pack-66cfeae386ca99bf65f2cbea68322205a1368bb8.idx
error: non-monotonic index /Volumes/Extreme SSD/ps2recomp-spike/PS2Recomp/.git/objects/pack/._pack-66cfeae386ca99bf65f2cbea68322205a1368bb8.idx
error: non-monotonic index /Volumes/Extreme SSD/ps2recomp-spike/PS2Recomp/.git/objects/pack/._pack-66cfeae386ca99bf65f2cbea68322205a1368bb8.idx
error: non-monotonic index /Volumes/Extreme SSD/ps2recomp-spike/PS2Recomp/.git/objects/pack/._pack-66cfeae386ca99bf65f2cbea68322205a1368bb8.idx
error: non-monotonic index /Volumes/Extreme SSD/ps2recomp-spike/PS2Recomp/.git/objects/pack/._pack-66cfeae386ca99bf65f2cbea68322205a1368bb8.idx
error: non-monotonic index /Volumes/Extreme SSD/ps2recomp-spike/PS2Recomp/.git/objects/pack/._pack-66cfeae386ca99bf65f2cbea68322205a1368bb8.idx
error: non-monotonic index /Volumes/Extreme SSD/ps2recomp-spike/PS2Recomp/.git/objects/pack/._pack-66cfeae386ca99bf65f2cbea68322205a1368bb8.idx
error: non-monotonic index /Volumes/Extreme SSD/ps2recomp-spike/PS2Recomp/.git/objects/pack/._pack-66cfeae386ca99bf65f2cbea68322205a1368bb8.idx
error: non-monotonic index /Volumes/Extreme SSD/ps2recomp-spike/PS2Recomp/.git/objects/pack/._pack-66cfeae386ca99bf65f2cbea68322205a1368bb8.idx
error: non-monotonic index /Volumes/Extreme SSD/ps2recomp-spike/PS2Recomp/.git/objects/pack/._pack-66cfeae386ca99bf65f2cbea68322205a1368bb8.idx
error: non-monotonic index /Volumes/Extreme SSD/ps2recomp-spike/PS2Recomp/.git/objects/pack/._pack-66cfeae386ca99bf65f2cbea68322205a1368bb8.idx
error: non-monotonic index /Volumes/Extreme SSD/ps2recomp-spike/PS2Recomp/.git/objects/pack/._pack-66cfeae386ca99bf65f2cbea68322205a1368bb8.idx
error: non-monotonic index /Volumes/Extreme SSD/ps2recomp-spike/PS2Recomp/.git/objects/pack/._pack-66cfeae386ca99bf65f2cbea68322205a1368bb8.idx
error: non-monotonic index /Volumes/Extreme SSD/ps2recomp-spike/PS2Recomp/.git/objects/pack/._pack-66cfeae386ca99bf65f2cbea68322205a1368bb8.idx
error: non-monotonic index /Volumes/Extreme SSD/ps2recomp-spike/PS2Recomp/.git/objects/pack/._pack-66cfeae386ca99bf65f2cbea68322205a1368bb8.idx
error: non-monotonic index /Volumes/Extreme SSD/ps2recomp-spike/PS2Recomp/.git/objects/pack/._pack-66cfeae386ca99bf65f2cbea68322205a1368bb8.idx
error: non-monotonic index /Volumes/Extreme SSD/ps2recomp-spike/PS2Recomp/.git/objects/pack/._pack-66cfeae386ca99bf65f2cbea68322205a1368bb8.idx
error: non-monotonic index /Volumes/Extreme SSD/ps2recomp-spike/PS2Recomp/.git/objects/pack/._pack-66cfeae386ca99bf65f2cbea68322205a1368bb8.idx
error: non-monotonic index /Volumes/Extreme SSD/ps2recomp-spike/PS2Recomp/.git/objects/pack/._pack-66cfeae386ca99bf65f2cbea68322205a1368bb8.idx
error: non-monotonic index /Volumes/Extreme SSD/ps2recomp-spike/PS2Recomp/.git/objects/pack/._pack-66cfeae386ca99bf65f2cbea68322205a1368bb8.idx
error: non-monotonic index /Volumes/Extreme SSD/ps2recomp-spike/PS2Recomp/.git/objects/pack/._pack-66cfeae386ca99bf65f2cbea68322205a1368bb8.idx
error: non-monotonic index /Volumes/Extreme SSD/ps2recomp-spike/PS2Recomp/.git/objects/pack/._pack-66cfeae386ca99bf65f2cbea68322205a1368bb8.idx
error: non-monotonic index /Volumes/Extreme SSD/ps2recomp-spike/PS2Recomp/.git/objects/pack/._pack-66cfeae386ca99bf65f2cbea68322205a1368bb8.idx
[detached HEAD 71c2690] Bundle: set CFBundleName so devicectl installs the device .app (I8)
 Author: Brad Richardson <brad-richardson@users.noreply.github.com>
 Date: Sun Sep 20 22:54:23 2026 -0400
 1 file changed, 4 insertions(+), 1 deletion(-)
error: non-monotonic index /Volumes/Extreme SSD/ps2recomp-spike/PS2Recomp/.git/objects/pack/._pack-66cfeae386ca99bf65f2cbea68322205a1368bb8.idx
error: non-monotonic index /Volumes/Extreme SSD/ps2recomp-spike/PS2Recomp/.git/objects/pack/._pack-66cfeae386ca99bf65f2cbea68322205a1368bb8.idx
error: non-monotonic index /Volumes/Extreme SSD/ps2recomp-spike/PS2Recomp/.git/objects/pack/._pack-66cfeae386ca99bf65f2cbea68322205a1368bb8.idx
error: non-monotonic index /Volumes/Extreme SSD/ps2recomp-spike/PS2Recomp/.git/objects/pack/._pack-66cfeae386ca99bf65f2cbea68322205a1368bb8.idx
error: non-monotonic index /Volumes/Extreme SSD/ps2recomp-spike/PS2Recomp/.git/objects/pack/._pack-66cfeae386ca99bf65f2cbea68322205a1368bb8.idx
error: non-monotonic index /Volumes/Extreme SSD/ps2recomp-spike/PS2Recomp/.git/objects/pack/._pack-66cfeae386ca99bf65f2cbea68322205a1368bb8.idx
error: non-monotonic index /Volumes/Extreme SSD/ps2recomp-spike/PS2Recomp/.git/objects/pack/._pack-66cfeae386ca99bf65f2cbea68322205a1368bb8.idx
error: non-monotonic index /Volumes/Extreme SSD/ps2recomp-spike/PS2Recomp/.git/objects/pack/._pack-66cfeae386ca99bf65f2cbea68322205a1368bb8.idx
error: non-monotonic index /Volumes/Extreme SSD/ps2recomp-spike/PS2Recomp/.git/objects/pack/._pack-66cfeae386ca99bf65f2cbea68322205a1368bb8.idx
error: non-monotonic index /Volumes/Extreme SSD/ps2recomp-spike/PS2Recomp/.git/objects/pack/._pack-66cfeae386ca99bf65f2cbea68322205a1368bb8.idx
error: non-monotonic index /Volumes/Extreme SSD/ps2recomp-spike/PS2Recomp/.git/objects/pack/._pack-66cfeae386ca99bf65f2cbea68322205a1368bb8.idx
error: non-monotonic index /Volumes/Extreme SSD/ps2recomp-spike/PS2Recomp/.git/objects/pack/._pack-66cfeae386ca99bf65f2cbea68322205a1368bb8.idx
error: non-monotonic index /Volumes/Extreme SSD/ps2recomp-spike/PS2Recomp/.git/objects/pack/._pack-66cfeae386ca99bf65f2cbea68322205a1368bb8.idx
error: non-monotonic index /Volumes/Extreme SSD/ps2recomp-spike/PS2Recomp/.git/objects/pack/._pack-66cfeae386ca99bf65f2cbea68322205a1368bb8.idx
error: non-monotonic index /Volumes/Extreme SSD/ps2recomp-spike/PS2Recomp/.git/objects/pack/._pack-66cfeae386ca99bf65f2cbea68322205a1368bb8.idx
error: non-monotonic index /Volumes/Extreme SSD/ps2recomp-spike/PS2Recomp/.git/objects/pack/._pack-66cfeae386ca99bf65f2cbea68322205a1368bb8.idx
error: non-monotonic index /Volumes/Extreme SSD/ps2recomp-spike/PS2Recomp/.git/objects/pack/._pack-66cfeae386ca99bf65f2cbea68322205a1368bb8.idx
error: non-monotonic index /Volumes/Extreme SSD/ps2recomp-spike/PS2Recomp/.git/objects/pack/._pack-66cfeae386ca99bf65f2cbea68322205a1368bb8.idx
error: non-monotonic index /Volumes/Extreme SSD/ps2recomp-spike/PS2Recomp/.git/objects/pack/._pack-66cfeae386ca99bf65f2cbea68322205a1368bb8.idx
error: non-monotonic index /Volumes/Extreme SSD/ps2recomp-spike/PS2Recomp/.git/objects/pack/._pack-66cfeae386ca99bf65f2cbea68322205a1368bb8.idx
error: non-monotonic index /Volumes/Extreme SSD/ps2recomp-spike/PS2Recomp/.git/objects/pack/._pack-66cfeae386ca99bf65f2cbea68322205a1368bb8.idx
error: non-monotonic index /Volumes/Extreme SSD/ps2recomp-spike/PS2Recomp/.git/objects/pack/._pack-66cfeae386ca99bf65f2cbea68322205a1368bb8.idx
error: non-monotonic index /Volumes/Extreme SSD/ps2recomp-spike/PS2Recomp/.git/objects/pack/._pack-66cfeae386ca99bf65f2cbea68322205a1368bb8.idx
error: non-monotonic index /Volumes/Extreme SSD/ps2recomp-spike/PS2Recomp/.git/objects/pack/._pack-66cfeae386ca99bf65f2cbea68322205a1368bb8.idx
error: non-monotonic index /Volumes/Extreme SSD/ps2recomp-spike/PS2Recomp/.git/objects/pack/._pack-66cfeae386ca99bf65f2cbea68322205a1368bb8.idx
error: non-monotonic index /Volumes/Extreme SSD/ps2recomp-spike/PS2Recomp/.git/objects/pack/._pack-66cfeae386ca99bf65f2cbea68322205a1368bb8.idx
error: non-monotonic index /Volumes/Extreme SSD/ps2recomp-spike/PS2Recomp/.git/objects/pack/._pack-66cfeae386ca99bf65f2cbea68322205a1368bb8.idx
error: non-monotonic index /Volumes/Extreme SSD/ps2recomp-spike/PS2Recomp/.git/objects/pack/._pack-66cfeae386ca99bf65f2cbea68322205a1368bb8.idx
error: non-monotonic index /Volumes/Extreme SSD/ps2recomp-spike/PS2Recomp/.git/objects/pack/._pack-66cfeae386ca99bf65f2cbea68322205a1368bb8.idx
error: non-monotonic index /Volumes/Extreme SSD/ps2recomp-spike/PS2Recomp/.git/objects/pack/._pack-66cfeae386ca99bf65f2cbea68322205a1368bb8.idx
error: non-monotonic index /Volumes/Extreme SSD/ps2recomp-spike/PS2Recomp/.git/objects/pack/._pack-66cfeae386ca99bf65f2cbea68322205a1368bb8.idx
error: non-monotonic index /Volumes/Extreme SSD/ps2recomp-spike/PS2Recomp/.git/objects/pack/._pack-66cfeae386ca99bf65f2cbea68322205a1368bb8.idx
error: non-monotonic index /Volumes/Extreme SSD/ps2recomp-spike/PS2Recomp/.git/objects/pack/._pack-66cfeae386ca99bf65f2cbea68322205a1368bb8.idx
error: non-monotonic index /Volumes/Extreme SSD/ps2recomp-spike/PS2Recomp/.git/objects/pack/._pack-66cfeae386ca99bf65f2cbea68322205a1368bb8.idx
error: non-monotonic index /Volumes/Extreme SSD/ps2recomp-spike/PS2Recomp/.git/objects/pack/._pack-66cfeae386ca99bf65f2cbea68322205a1368bb8.idx
error: non-monotonic index /Volumes/Extreme SSD/ps2recomp-spike/PS2Recomp/.git/objects/pack/._pack-66cfeae386ca99bf65f2cbea68322205a1368bb8.idx
error: non-monotonic index /Volumes/Extreme SSD/ps2recomp-spike/PS2Recomp/.git/objects/pack/._pack-66cfeae386ca99bf65f2cbea68322205a1368bb8.idx
error: non-monotonic index /Volumes/Extreme SSD/ps2recomp-spike/PS2Recomp/.git/objects/pack/._pack-66cfeae386ca99bf65f2cbea68322205a1368bb8.idx
error: non-monotonic index /Volumes/Extreme SSD/ps2recomp-spike/PS2Recomp/.git/objects/pack/._pack-66cfeae386ca99bf65f2cbea68322205a1368bb8.idx
error: non-monotonic index /Volumes/Extreme SSD/ps2recomp-spike/PS2Recomp/.git/objects/pack/._pack-66cfeae386ca99bf65f2cbea68322205a1368bb8.idx
error: non-monotonic index /Volumes/Extreme SSD/ps2recomp-spike/PS2Recomp/.git/objects/pack/._pack-66cfeae386ca99bf65f2cbea68322205a1368bb8.idx
error: non-monotonic index /Volumes/Extreme SSD/ps2recomp-spike/PS2Recomp/.git/objects/pack/._pack-66cfeae386ca99bf65f2cbea68322205a1368bb8.idx
error: non-monotonic index /Volumes/Extreme SSD/ps2recomp-spike/PS2Recomp/.git/objects/pack/._pack-66cfeae386ca99bf65f2cbea68322205a1368bb8.idx
error: non-monotonic index /Volumes/Extreme SSD/ps2recomp-spike/PS2Recomp/.git/objects/pack/._pack-66cfeae386ca99bf65f2cbea68322205a1368bb8.idx
error: non-monotonic index /Volumes/Extreme SSD/ps2recomp-spike/PS2Recomp/.git/objects/pack/._pack-66cfeae386ca99bf65f2cbea68322205a1368bb8.idx
error: non-monotonic index /Volumes/Extreme SSD/ps2recomp-spike/PS2Recomp/.git/objects/pack/._pack-66cfeae386ca99bf65f2cbea68322205a1368bb8.idx
error: non-monotonic index /Volumes/Extreme SSD/ps2recomp-spike/PS2Recomp/.git/objects/pack/._pack-66cfeae386ca99bf65f2cbea68322205a1368bb8.idx
error: non-monotonic index /Volumes/Extreme SSD/ps2recomp-spike/PS2Recomp/.git/objects/pack/._pack-66cfeae386ca99bf65f2cbea68322205a1368bb8.idx
[detached HEAD 258482d] Runtime: optional PS2X_GAME_CODEGEN_DIR game-objects static lib (I10)
 Author: muse-i10 <i10@local>
 Date: Mon Sep 21 00:35:59 2026 -0400
 1 file changed, 22 insertions(+)
Auto-merging games/ssx3/ssx3-functions.sweep.csv
error: non-monotonic index /Volumes/Extreme SSD/ps2recomp-spike/PS2Recomp/.git/objects/pack/._pack-66cfeae386ca99bf65f2cbea68322205a1368bb8.idx
error: non-monotonic index /Volumes/Extreme SSD/ps2recomp-spike/PS2Recomp/.git/objects/pack/._pack-66cfeae386ca99bf65f2cbea68322205a1368bb8.idx
error: non-monotonic index /Volumes/Extreme SSD/ps2recomp-spike/PS2Recomp/.git/objects/pack/._pack-66cfeae386ca99bf65f2cbea68322205a1368bb8.idx
error: non-monotonic index /Volumes/Extreme SSD/ps2recomp-spike/PS2Recomp/.git/objects/pack/._pack-66cfeae386ca99bf65f2cbea68322205a1368bb8.idx
error: non-monotonic index /Volumes/Extreme SSD/ps2recomp-spike/PS2Recomp/.git/objects/pack/._pack-66cfeae386ca99bf65f2cbea68322205a1368bb8.idx
error: non-monotonic index /Volumes/Extreme SSD/ps2recomp-spike/PS2Recomp/.git/objects/pack/._pack-66cfeae386ca99bf65f2cbea68322205a1368bb8.idx
error: non-monotonic index /Volumes/Extreme SSD/ps2recomp-spike/PS2Recomp/.git/objects/pack/._pack-66cfeae386ca99bf65f2cbea68322205a1368bb8.idx
error: non-monotonic index /Volumes/Extreme SSD/ps2recomp-spike/PS2Recomp/.git/objects/pack/._pack-66cfeae386ca99bf65f2cbea68322205a1368bb8.idx
error: non-monotonic index /Volumes/Extreme SSD/ps2recomp-spike/PS2Recomp/.git/objects/pack/._pack-66cfeae386ca99bf65f2cbea68322205a1368bb8.idx
error: non-monotonic index /Volumes/Extreme SSD/ps2recomp-spike/PS2Recomp/.git/objects/pack/._pack-66cfeae386ca99bf65f2cbea68322205a1368bb8.idx
error: non-monotonic index /Volumes/Extreme SSD/ps2recomp-spike/PS2Recomp/.git/objects/pack/._pack-66cfeae386ca99bf65f2cbea68322205a1368bb8.idx
error: non-monotonic index /Volumes/Extreme SSD/ps2recomp-spike/PS2Recomp/.git/objects/pack/._pack-66cfeae386ca99bf65f2cbea68322205a1368bb8.idx
error: non-monotonic index /Volumes/Extreme SSD/ps2recomp-spike/PS2Recomp/.git/objects/pack/._pack-66cfeae386ca99bf65f2cbea68322205a1368bb8.idx
error: non-monotonic index /Volumes/Extreme SSD/ps2recomp-spike/PS2Recomp/.git/objects/pack/._pack-66cfeae386ca99bf65f2cbea68322205a1368bb8.idx
error: non-monotonic index /Volumes/Extreme SSD/ps2recomp-spike/PS2Recomp/.git/objects/pack/._pack-66cfeae386ca99bf65f2cbea68322205a1368bb8.idx
error: non-monotonic index /Volumes/Extreme SSD/ps2recomp-spike/PS2Recomp/.git/objects/pack/._pack-66cfeae386ca99bf65f2cbea68322205a1368bb8.idx
error: non-monotonic index /Volumes/Extreme SSD/ps2recomp-spike/PS2Recomp/.git/objects/pack/._pack-66cfeae386ca99bf65f2cbea68322205a1368bb8.idx
error: non-monotonic index /Volumes/Extreme SSD/ps2recomp-spike/PS2Recomp/.git/objects/pack/._pack-66cfeae386ca99bf65f2cbea68322205a1368bb8.idx
error: non-monotonic index /Volumes/Extreme SSD/ps2recomp-spike/PS2Recomp/.git/objects/pack/._pack-66cfeae386ca99bf65f2cbea68322205a1368bb8.idx
error: non-monotonic index /Volumes/Extreme SSD/ps2recomp-spike/PS2Recomp/.git/objects/pack/._pack-66cfeae386ca99bf65f2cbea68322205a1368bb8.idx
error: non-monotonic index /Volumes/Extreme SSD/ps2recomp-spike/PS2Recomp/.git/objects/pack/._pack-66cfeae386ca99bf65f2cbea68322205a1368bb8.idx
error: non-monotonic index /Volumes/Extreme SSD/ps2recomp-spike/PS2Recomp/.git/objects/pack/._pack-66cfeae386ca99bf65f2cbea68322205a1368bb8.idx
error: non-monotonic index /Volumes/Extreme SSD/ps2recomp-spike/PS2Recomp/.git/objects/pack/._pack-66cfeae386ca99bf65f2cbea68322205a1368bb8.idx
error: non-monotonic index /Volumes/Extreme SSD/ps2recomp-spike/PS2Recomp/.git/objects/pack/._pack-66cfeae386ca99bf65f2cbea68322205a1368bb8.idx
error: non-monotonic index /Volumes/Extreme SSD/ps2recomp-spike/PS2Recomp/.git/objects/pack/._pack-66cfeae386ca99bf65f2cbea68322205a1368bb8.idx
error: non-monotonic index /Volumes/Extreme SSD/ps2recomp-spike/PS2Recomp/.git/objects/pack/._pack-66cfeae386ca99bf65f2cbea68322205a1368bb8.idx
error: non-monotonic index /Volumes/Extreme SSD/ps2recomp-spike/PS2Recomp/.git/objects/pack/._pack-66cfeae386ca99bf65f2cbea68322205a1368bb8.idx
error: non-monotonic index /Volumes/Extreme SSD/ps2recomp-spike/PS2Recomp/.git/objects/pack/._pack-66cfeae386ca99bf65f2cbea68322205a1368bb8.idx
error: non-monotonic index /Volumes/Extreme SSD/ps2recomp-spike/PS2Recomp/.git/objects/pack/._pack-66cfeae386ca99bf65f2cbea68322205a1368bb8.idx
error: non-monotonic index /Volumes/Extreme SSD/ps2recomp-spike/PS2Recomp/.git/objects/pack/._pack-66cfeae386ca99bf65f2cbea68322205a1368bb8.idx
error: non-monotonic index /Volumes/Extreme SSD/ps2recomp-spike/PS2Recomp/.git/objects/pack/._pack-66cfeae386ca99bf65f2cbea68322205a1368bb8.idx
error: non-monotonic index /Volumes/Extreme SSD/ps2recomp-spike/PS2Recomp/.git/objects/pack/._pack-66cfeae386ca99bf65f2cbea68322205a1368bb8.idx
error: non-monotonic index /Volumes/Extreme SSD/ps2recomp-spike/PS2Recomp/.git/objects/pack/._pack-66cfeae386ca99bf65f2cbea68322205a1368bb8.idx
error: non-monotonic index /Volumes/Extreme SSD/ps2recomp-spike/PS2Recomp/.git/objects/pack/._pack-66cfeae386ca99bf65f2cbea68322205a1368bb8.idx
error: non-monotonic index /Volumes/Extreme SSD/ps2recomp-spike/PS2Recomp/.git/objects/pack/._pack-66cfeae386ca99bf65f2cbea68322205a1368bb8.idx
error: non-monotonic index /Volumes/Extreme SSD/ps2recomp-spike/PS2Recomp/.git/objects/pack/._pack-66cfeae386ca99bf65f2cbea68322205a1368bb8.idx
error: non-monotonic index /Volumes/Extreme SSD/ps2recomp-spike/PS2Recomp/.git/objects/pack/._pack-66cfeae386ca99bf65f2cbea68322205a1368bb8.idx
error: non-monotonic index /Volumes/Extreme SSD/ps2recomp-spike/PS2Recomp/.git/objects/pack/._pack-66cfeae386ca99bf65f2cbea68322205a1368bb8.idx
error: non-monotonic index /Volumes/Extreme SSD/ps2recomp-spike/PS2Recomp/.git/objects/pack/._pack-66cfeae386ca99bf65f2cbea68322205a1368bb8.idx
error: non-monotonic index /Volumes/Extreme SSD/ps2recomp-spike/PS2Recomp/.git/objects/pack/._pack-66cfeae386ca99bf65f2cbea68322205a1368bb8.idx
error: Your local changes to the following files would be overwritten by merge:
	games/ssx3/ssx3-functions.sweep.csv
Please commit your changes or stash them before you merge.
Aborting
fatal: cherry-pick failed
[detached HEAD 1b80226] SSX3 map: add missing function entry 0x395730 (I11)
 Author: muse-i11 <i11@local>
 Date: Mon Sep 21 01:34:44 2026 -0400
 1 file changed, 1 insertion(+)
error: non-monotonic index /Volumes/Extreme SSD/ps2recomp-spike/PS2Recomp/.git/objects/pack/._pack-66cfeae386ca99bf65f2cbea68322205a1368bb8.idx
error: non-monotonic index /Volumes/Extreme SSD/ps2recomp-spike/PS2Recomp/.git/objects/pack/._pack-66cfeae386ca99bf65f2cbea68322205a1368bb8.idx
error: non-monotonic index /Volumes/Extreme SSD/ps2recomp-spike/PS2Recomp/.git/objects/pack/._pack-66cfeae386ca99bf65f2cbea68322205a1368bb8.idx
error: non-monotonic index /Volumes/Extreme SSD/ps2recomp-spike/PS2Recomp/.git/objects/pack/._pack-66cfeae386ca99bf65f2cbea68322205a1368bb8.idx
error: non-monotonic index /Volumes/Extreme SSD/ps2recomp-spike/PS2Recomp/.git/objects/pack/._pack-66cfeae386ca99bf65f2cbea68322205a1368bb8.idx
error: non-monotonic index /Volumes/Extreme SSD/ps2recomp-spike/PS2Recomp/.git/objects/pack/._pack-66cfeae386ca99bf65f2cbea68322205a1368bb8.idx
error: non-monotonic index /Volumes/Extreme SSD/ps2recomp-spike/PS2Recomp/.git/objects/pack/._pack-66cfeae386ca99bf65f2cbea68322205a1368bb8.idx
error: non-monotonic index /Volumes/Extreme SSD/ps2recomp-spike/PS2Recomp/.git/objects/pack/._pack-66cfeae386ca99bf65f2cbea68322205a1368bb8.idx
error: non-monotonic index /Volumes/Extreme SSD/ps2recomp-spike/PS2Recomp/.git/objects/pack/._pack-66cfeae386ca99bf65f2cbea68322205a1368bb8.idx
error: non-monotonic index /Volumes/Extreme SSD/ps2recomp-spike/PS2Recomp/.git/objects/pack/._pack-66cfeae386ca99bf65f2cbea68322205a1368bb8.idx
error: non-monotonic index /Volumes/Extreme SSD/ps2recomp-spike/PS2Recomp/.git/objects/pack/._pack-66cfeae386ca99bf65f2cbea68322205a1368bb8.idx
error: non-monotonic index /Volumes/Extreme SSD/ps2recomp-spike/PS2Recomp/.git/objects/pack/._pack-66cfeae386ca99bf65f2cbea68322205a1368bb8.idx
error: non-monotonic index /Volumes/Extreme SSD/ps2recomp-spike/PS2Recomp/.git/objects/pack/._pack-66cfeae386ca99bf65f2cbea68322205a1368bb8.idx
error: non-monotonic index /Volumes/Extreme SSD/ps2recomp-spike/PS2Recomp/.git/objects/pack/._pack-66cfeae386ca99bf65f2cbea68322205a1368bb8.idx
error: non-monotonic index /Volumes/Extreme SSD/ps2recomp-spike/PS2Recomp/.git/objects/pack/._pack-66cfeae386ca99bf65f2cbea68322205a1368bb8.idx
error: non-monotonic index /Volumes/Extreme SSD/ps2recomp-spike/PS2Recomp/.git/objects/pack/._pack-66cfeae386ca99bf65f2cbea68322205a1368bb8.idx
error: non-monotonic index /Volumes/Extreme SSD/ps2recomp-spike/PS2Recomp/.git/objects/pack/._pack-66cfeae386ca99bf65f2cbea68322205a1368bb8.idx
error: non-monotonic index /Volumes/Extreme SSD/ps2recomp-spike/PS2Recomp/.git/objects/pack/._pack-66cfeae386ca99bf65f2cbea68322205a1368bb8.idx
error: non-monotonic index /Volumes/Extreme SSD/ps2recomp-spike/PS2Recomp/.git/objects/pack/._pack-66cfeae386ca99bf65f2cbea68322205a1368bb8.idx
error: non-monotonic index /Volumes/Extreme SSD/ps2recomp-spike/PS2Recomp/.git/objects/pack/._pack-66cfeae386ca99bf65f2cbea68322205a1368bb8.idx
error: non-monotonic index /Volumes/Extreme SSD/ps2recomp-spike/PS2Recomp/.git/objects/pack/._pack-66cfeae386ca99bf65f2cbea68322205a1368bb8.idx
error: non-monotonic index /Volumes/Extreme SSD/ps2recomp-spike/PS2Recomp/.git/objects/pack/._pack-66cfeae386ca99bf65f2cbea68322205a1368bb8.idx
error: non-monotonic index /Volumes/Extreme SSD/ps2recomp-spike/PS2Recomp/.git/objects/pack/._pack-66cfeae386ca99bf65f2cbea68322205a1368bb8.idx
error: non-monotonic index /Volumes/Extreme SSD/ps2recomp-spike/PS2Recomp/.git/objects/pack/._pack-66cfeae386ca99bf65f2cbea68322205a1368bb8.idx
error: non-monotonic index /Volumes/Extreme SSD/ps2recomp-spike/PS2Recomp/.git/objects/pack/._pack-66cfeae386ca99bf65f2cbea68322205a1368bb8.idx
error: non-monotonic index /Volumes/Extreme SSD/ps2recomp-spike/PS2Recomp/.git/objects/pack/._pack-66cfeae386ca99bf65f2cbea68322205a1368bb8.idx
error: non-monotonic index /Volumes/Extreme SSD/ps2recomp-spike/PS2Recomp/.git/objects/pack/._pack-66cfeae386ca99bf65f2cbea68322205a1368bb8.idx
error: non-monotonic index /Volumes/Extreme SSD/ps2recomp-spike/PS2Recomp/.git/objects/pack/._pack-66cfeae386ca99bf65f2cbea68322205a1368bb8.idx
error: non-monotonic index /Volumes/Extreme SSD/ps2recomp-spike/PS2Recomp/.git/objects/pack/._pack-66cfeae386ca99bf65f2cbea68322205a1368bb8.idx
error: non-monotonic index /Volumes/Extreme SSD/ps2recomp-spike/PS2Recomp/.git/objects/pack/._pack-66cfeae386ca99bf65f2cbea68322205a1368bb8.idx
error: non-monotonic index /Volumes/Extreme SSD/ps2recomp-spike/PS2Recomp/.git/objects/pack/._pack-66cfeae386ca99bf65f2cbea68322205a1368bb8.idx
error: non-monotonic index /Volumes/Extreme SSD/ps2recomp-spike/PS2Recomp/.git/objects/pack/._pack-66cfeae386ca99bf65f2cbea68322205a1368bb8.idx
error: non-monotonic index /Volumes/Extreme SSD/ps2recomp-spike/PS2Recomp/.git/objects/pack/._pack-66cfeae386ca99bf65f2cbea68322205a1368bb8.idx
error: non-monotonic index /Volumes/Extreme SSD/ps2recomp-spike/PS2Recomp/.git/objects/pack/._pack-66cfeae386ca99bf65f2cbea68322205a1368bb8.idx
error: non-monotonic index /Volumes/Extreme SSD/ps2recomp-spike/PS2Recomp/.git/objects/pack/._pack-66cfeae386ca99bf65f2cbea68322205a1368bb8.idx
error: non-monotonic index /Volumes/Extreme SSD/ps2recomp-spike/PS2Recomp/.git/objects/pack/._pack-66cfeae386ca99bf65f2cbea68322205a1368bb8.idx
error: non-monotonic index /Volumes/Extreme SSD/ps2recomp-spike/PS2Recomp/.git/objects/pack/._pack-66cfeae386ca99bf65f2cbea68322205a1368bb8.idx
error: non-monotonic index /Volumes/Extreme SSD/ps2recomp-spike/PS2Recomp/.git/objects/pack/._pack-66cfeae386ca99bf65f2cbea68322205a1368bb8.idx
error: non-monotonic index /Volumes/Extreme SSD/ps2recomp-spike/PS2Recomp/.git/objects/pack/._pack-66cfeae386ca99bf65f2cbea68322205a1368bb8.idx
error: non-monotonic index /Volumes/Extreme SSD/ps2recomp-spike/PS2Recomp/.git/objects/pack/._pack-66cfeae386ca99bf65f2cbea68322205a1368bb8.idx
error: non-monotonic index /Volumes/Extreme SSD/ps2recomp-spike/PS2Recomp/.git/objects/pack/._pack-66cfeae386ca99bf65f2cbea68322205a1368bb8.idx
error: non-monotonic index /Volumes/Extreme SSD/ps2recomp-spike/PS2Recomp/.git/objects/pack/._pack-66cfeae386ca99bf65f2cbea68322205a1368bb8.idx
error: non-monotonic index /Volumes/Extreme SSD/ps2recomp-spike/PS2Recomp/.git/objects/pack/._pack-66cfeae386ca99bf65f2cbea68322205a1368bb8.idx
Auto-merging games/ssx3/ssx3-functions.sweep.csv
error: non-monotonic index /Volumes/Extreme SSD/ps2recomp-spike/PS2Recomp/.git/objects/pack/._pack-66cfeae386ca99bf65f2cbea68322205a1368bb8.idx
error: non-monotonic index /Volumes/Extreme SSD/ps2recomp-spike/PS2Recomp/.git/objects/pack/._pack-66cfeae386ca99bf65f2cbea68322205a1368bb8.idx
error: non-monotonic index /Volumes/Extreme SSD/ps2recomp-spike/PS2Recomp/.git/objects/pack/._pack-66cfeae386ca99bf65f2cbea68322205a1368bb8.idx
error: non-monotonic index /Volumes/Extreme SSD/ps2recomp-spike/PS2Recomp/.git/objects/pack/._pack-66cfeae386ca99bf65f2cbea68322205a1368bb8.idx
error: non-monotonic index /Volumes/Extreme SSD/ps2recomp-spike/PS2Recomp/.git/objects/pack/._pack-66cfeae386ca99bf65f2cbea68322205a1368bb8.idx
error: non-monotonic index /Volumes/Extreme SSD/ps2recomp-spike/PS2Recomp/.git/objects/pack/._pack-66cfeae386ca99bf65f2cbea68322205a1368bb8.idx
error: non-monotonic index /Volumes/Extreme SSD/ps2recomp-spike/PS2Recomp/.git/objects/pack/._pack-66cfeae386ca99bf65f2cbea68322205a1368bb8.idx
error: non-monotonic index /Volumes/Extreme SSD/ps2recomp-spike/PS2Recomp/.git/objects/pack/._pack-66cfeae386ca99bf65f2cbea68322205a1368bb8.idx
error: non-monotonic index /Volumes/Extreme SSD/ps2recomp-spike/PS2Recomp/.git/objects/pack/._pack-66cfeae386ca99bf65f2cbea68322205a1368bb8.idx
error: non-monotonic index /Volumes/Extreme SSD/ps2recomp-spike/PS2Recomp/.git/objects/pack/._pack-66cfeae386ca99bf65f2cbea68322205a1368bb8.idx
error: non-monotonic index /Volumes/Extreme SSD/ps2recomp-spike/PS2Recomp/.git/objects/pack/._pack-66cfeae386ca99bf65f2cbea68322205a1368bb8.idx
error: non-monotonic index /Volumes/Extreme SSD/ps2recomp-spike/PS2Recomp/.git/objects/pack/._pack-66cfeae386ca99bf65f2cbea68322205a1368bb8.idx
error: non-monotonic index /Volumes/Extreme SSD/ps2recomp-spike/PS2Recomp/.git/objects/pack/._pack-66cfeae386ca99bf65f2cbea68322205a1368bb8.idx
error: non-monotonic index /Volumes/Extreme SSD/ps2recomp-spike/PS2Recomp/.git/objects/pack/._pack-66cfeae386ca99bf65f2cbea68322205a1368bb8.idx
error: non-monotonic index /Volumes/Extreme SSD/ps2recomp-spike/PS2Recomp/.git/objects/pack/._pack-66cfeae386ca99bf65f2cbea68322205a1368bb8.idx
error: non-monotonic index /Volumes/Extreme SSD/ps2recomp-spike/PS2Recomp/.git/objects/pack/._pack-66cfeae386ca99bf65f2cbea68322205a1368bb8.idx
error: non-monotonic index /Volumes/Extreme SSD/ps2recomp-spike/PS2Recomp/.git/objects/pack/._pack-66cfeae386ca99bf65f2cbea68322205a1368bb8.idx
error: non-monotonic index /Volumes/Extreme SSD/ps2recomp-spike/PS2Recomp/.git/objects/pack/._pack-66cfeae386ca99bf65f2cbea68322205a1368bb8.idx
[detached HEAD 5ff15c4] SSX3 map: add missing function entry 0x14f2a8 (I12)
 Author: muse-i12 <i12@local>
 Date: Mon Sep 21 02:15:50 2026 -0400
 1 file changed, 1 insertion(+)
error: non-monotonic index /Volumes/Extreme SSD/ps2recomp-spike/PS2Recomp/.git/objects/pack/._pack-66cfeae386ca99bf65f2cbea68322205a1368bb8.idx
error: non-monotonic index /Volumes/Extreme SSD/ps2recomp-spike/PS2Recomp/.git/objects/pack/._pack-66cfeae386ca99bf65f2cbea68322205a1368bb8.idx
error: non-monotonic index /Volumes/Extreme SSD/ps2recomp-spike/PS2Recomp/.git/objects/pack/._pack-66cfeae386ca99bf65f2cbea68322205a1368bb8.idx
error: non-monotonic index /Volumes/Extreme SSD/ps2recomp-spike/PS2Recomp/.git/objects/pack/._pack-66cfeae386ca99bf65f2cbea68322205a1368bb8.idx
error: non-monotonic index /Volumes/Extreme SSD/ps2recomp-spike/PS2Recomp/.git/objects/pack/._pack-66cfeae386ca99bf65f2cbea68322205a1368bb8.idx
error: non-monotonic index /Volumes/Extreme SSD/ps2recomp-spike/PS2Recomp/.git/objects/pack/._pack-66cfeae386ca99bf65f2cbea68322205a1368bb8.idx
error: non-monotonic index /Volumes/Extreme SSD/ps2recomp-spike/PS2Recomp/.git/objects/pack/._pack-66cfeae386ca99bf65f2cbea68322205a1368bb8.idx
error: non-monotonic index /Volumes/Extreme SSD/ps2recomp-spike/PS2Recomp/.git/objects/pack/._pack-66cfeae386ca99bf65f2cbea68322205a1368bb8.idx
error: non-monotonic index /Volumes/Extreme SSD/ps2recomp-spike/PS2Recomp/.git/objects/pack/._pack-66cfeae386ca99bf65f2cbea68322205a1368bb8.idx
error: non-monotonic index /Volumes/Extreme SSD/ps2recomp-spike/PS2Recomp/.git/objects/pack/._pack-66cfeae386ca99bf65f2cbea68322205a1368bb8.idx
error: non-monotonic index /Volumes/Extreme SSD/ps2recomp-spike/PS2Recomp/.git/objects/pack/._pack-66cfeae386ca99bf65f2cbea68322205a1368bb8.idx
error: non-monotonic index /Volumes/Extreme SSD/ps2recomp-spike/PS2Recomp/.git/objects/pack/._pack-66cfeae386ca99bf65f2cbea68322205a1368bb8.idx
error: non-monotonic index /Volumes/Extreme SSD/ps2recomp-spike/PS2Recomp/.git/objects/pack/._pack-66cfeae386ca99bf65f2cbea68322205a1368bb8.idx
error: non-monotonic index /Volumes/Extreme SSD/ps2recomp-spike/PS2Recomp/.git/objects/pack/._pack-66cfeae386ca99bf65f2cbea68322205a1368bb8.idx
error: non-monotonic index /Volumes/Extreme SSD/ps2recomp-spike/PS2Recomp/.git/objects/pack/._pack-66cfeae386ca99bf65f2cbea68322205a1368bb8.idx
error: non-monotonic index /Volumes/Extreme SSD/ps2recomp-spike/PS2Recomp/.git/objects/pack/._pack-66cfeae386ca99bf65f2cbea68322205a1368bb8.idx
error: non-monotonic index /Volumes/Extreme SSD/ps2recomp-spike/PS2Recomp/.git/objects/pack/._pack-66cfeae386ca99bf65f2cbea68322205a1368bb8.idx
error: non-monotonic index /Volumes/Extreme SSD/ps2recomp-spike/PS2Recomp/.git/objects/pack/._pack-66cfeae386ca99bf65f2cbea68322205a1368bb8.idx
error: non-monotonic index /Volumes/Extreme SSD/ps2recomp-spike/PS2Recomp/.git/objects/pack/._pack-66cfeae386ca99bf65f2cbea68322205a1368bb8.idx
error: non-monotonic index /Volumes/Extreme SSD/ps2recomp-spike/PS2Recomp/.git/objects/pack/._pack-66cfeae386ca99bf65f2cbea68322205a1368bb8.idx
error: non-monotonic index /Volumes/Extreme SSD/ps2recomp-spike/PS2Recomp/.git/objects/pack/._pack-66cfeae386ca99bf65f2cbea68322205a1368bb8.idx
error: non-monotonic index /Volumes/Extreme SSD/ps2recomp-spike/PS2Recomp/.git/objects/pack/._pack-66cfeae386ca99bf65f2cbea68322205a1368bb8.idx
error: non-monotonic index /Volumes/Extreme SSD/ps2recomp-spike/PS2Recomp/.git/objects/pack/._pack-66cfeae386ca99bf65f2cbea68322205a1368bb8.idx
error: non-monotonic index /Volumes/Extreme SSD/ps2recomp-spike/PS2Recomp/.git/objects/pack/._pack-66cfeae386ca99bf65f2cbea68322205a1368bb8.idx
error: non-monotonic index /Volumes/Extreme SSD/ps2recomp-spike/PS2Recomp/.git/objects/pack/._pack-66cfeae386ca99bf65f2cbea68322205a1368bb8.idx
error: non-monotonic index /Volumes/Extreme SSD/ps2recomp-spike/PS2Recomp/.git/objects/pack/._pack-66cfeae386ca99bf65f2cbea68322205a1368bb8.idx
error: non-monotonic index /Volumes/Extreme SSD/ps2recomp-spike/PS2Recomp/.git/objects/pack/._pack-66cfeae386ca99bf65f2cbea68322205a1368bb8.idx
error: non-monotonic index /Volumes/Extreme SSD/ps2recomp-spike/PS2Recomp/.git/objects/pack/._pack-66cfeae386ca99bf65f2cbea68322205a1368bb8.idx
error: non-monotonic index /Volumes/Extreme SSD/ps2recomp-spike/PS2Recomp/.git/objects/pack/._pack-66cfeae386ca99bf65f2cbea68322205a1368bb8.idx
error: non-monotonic index /Volumes/Extreme SSD/ps2recomp-spike/PS2Recomp/.git/objects/pack/._pack-66cfeae386ca99bf65f2cbea68322205a1368bb8.idx
error: non-monotonic index /Volumes/Extreme SSD/ps2recomp-spike/PS2Recomp/.git/objects/pack/._pack-66cfeae386ca99bf65f2cbea68322205a1368bb8.idx
error: non-monotonic index /Volumes/Extreme SSD/ps2recomp-spike/PS2Recomp/.git/objects/pack/._pack-66cfeae386ca99bf65f2cbea68322205a1368bb8.idx
error: non-monotonic index /Volumes/Extreme SSD/ps2recomp-spike/PS2Recomp/.git/objects/pack/._pack-66cfeae386ca99bf65f2cbea68322205a1368bb8.idx
error: non-monotonic index /Volumes/Extreme SSD/ps2recomp-spike/PS2Recomp/.git/objects/pack/._pack-66cfeae386ca99bf65f2cbea68322205a1368bb8.idx
error: non-monotonic index /Volumes/Extreme SSD/ps2recomp-spike/PS2Recomp/.git/objects/pack/._pack-66cfeae386ca99bf65f2cbea68322205a1368bb8.idx
error: non-monotonic index /Volumes/Extreme SSD/ps2recomp-spike/PS2Recomp/.git/objects/pack/._pack-66cfeae386ca99bf65f2cbea68322205a1368bb8.idx
error: non-monotonic index /Volumes/Extreme SSD/ps2recomp-spike/PS2Recomp/.git/objects/pack/._pack-66cfeae386ca99bf65f2cbea68322205a1368bb8.idx
error: non-monotonic index /Volumes/Extreme SSD/ps2recomp-spike/PS2Recomp/.git/objects/pack/._pack-66cfeae386ca99bf65f2cbea68322205a1368bb8.idx
error: non-monotonic index /Volumes/Extreme SSD/ps2recomp-spike/PS2Recomp/.git/objects/pack/._pack-66cfeae386ca99bf65f2cbea68322205a1368bb8.idx
error: non-monotonic index /Volumes/Extreme SSD/ps2recomp-spike/PS2Recomp/.git/objects/pack/._pack-66cfeae386ca99bf65f2cbea68322205a1368bb8.idx
error: non-monotonic index /Volumes/Extreme SSD/ps2recomp-spike/PS2Recomp/.git/objects/pack/._pack-66cfeae386ca99bf65f2cbea68322205a1368bb8.idx
error: non-monotonic index /Volumes/Extreme SSD/ps2recomp-spike/PS2Recomp/.git/objects/pack/._pack-66cfeae386ca99bf65f2cbea68322205a1368bb8.idx
error: non-monotonic index /Volumes/Extreme SSD/ps2recomp-spike/PS2Recomp/.git/objects/pack/._pack-66cfeae386ca99bf65f2cbea68322205a1368bb8.idx
Auto-merging games/ssx3/ssx3-functions.sweep.csv
error: non-monotonic index /Volumes/Extreme SSD/ps2recomp-spike/PS2Recomp/.git/objects/pack/._pack-66cfeae386ca99bf65f2cbea68322205a1368bb8.idx
error: non-monotonic index /Volumes/Extreme SSD/ps2recomp-spike/PS2Recomp/.git/objects/pack/._pack-66cfeae386ca99bf65f2cbea68322205a1368bb8.idx
error: non-monotonic index /Volumes/Extreme SSD/ps2recomp-spike/PS2Recomp/.git/objects/pack/._pack-66cfeae386ca99bf65f2cbea68322205a1368bb8.idx
error: non-monotonic index /Volumes/Extreme SSD/ps2recomp-spike/PS2Recomp/.git/objects/pack/._pack-66cfeae386ca99bf65f2cbea68322205a1368bb8.idx
error: non-monotonic index /Volumes/Extreme SSD/ps2recomp-spike/PS2Recomp/.git/objects/pack/._pack-66cfeae386ca99bf65f2cbea68322205a1368bb8.idx
error: non-monotonic index /Volumes/Extreme SSD/ps2recomp-spike/PS2Recomp/.git/objects/pack/._pack-66cfeae386ca99bf65f2cbea68322205a1368bb8.idx
error: non-monotonic index /Volumes/Extreme SSD/ps2recomp-spike/PS2Recomp/.git/objects/pack/._pack-66cfeae386ca99bf65f2cbea68322205a1368bb8.idx
error: non-monotonic index /Volumes/Extreme SSD/ps2recomp-spike/PS2Recomp/.git/objects/pack/._pack-66cfeae386ca99bf65f2cbea68322205a1368bb8.idx
error: non-monotonic index /Volumes/Extreme SSD/ps2recomp-spike/PS2Recomp/.git/objects/pack/._pack-66cfeae386ca99bf65f2cbea68322205a1368bb8.idx
error: non-monotonic index /Volumes/Extreme SSD/ps2recomp-spike/PS2Recomp/.git/objects/pack/._pack-66cfeae386ca99bf65f2cbea68322205a1368bb8.idx
error: non-monotonic index /Volumes/Extreme SSD/ps2recomp-spike/PS2Recomp/.git/objects/pack/._pack-66cfeae386ca99bf65f2cbea68322205a1368bb8.idx
error: non-monotonic index /Volumes/Extreme SSD/ps2recomp-spike/PS2Recomp/.git/objects/pack/._pack-66cfeae386ca99bf65f2cbea68322205a1368bb8.idx
error: non-monotonic index /Volumes/Extreme SSD/ps2recomp-spike/PS2Recomp/.git/objects/pack/._pack-66cfeae386ca99bf65f2cbea68322205a1368bb8.idx
error: non-monotonic index /Volumes/Extreme SSD/ps2recomp-spike/PS2Recomp/.git/objects/pack/._pack-66cfeae386ca99bf65f2cbea68322205a1368bb8.idx
error: non-monotonic index /Volumes/Extreme SSD/ps2recomp-spike/PS2Recomp/.git/objects/pack/._pack-66cfeae386ca99bf65f2cbea68322205a1368bb8.idx
error: non-monotonic index /Volumes/Extreme SSD/ps2recomp-spike/PS2Recomp/.git/objects/pack/._pack-66cfeae386ca99bf65f2cbea68322205a1368bb8.idx
error: non-monotonic index /Volumes/Extreme SSD/ps2recomp-spike/PS2Recomp/.git/objects/pack/._pack-66cfeae386ca99bf65f2cbea68322205a1368bb8.idx
error: non-monotonic index /Volumes/Extreme SSD/ps2recomp-spike/PS2Recomp/.git/objects/pack/._pack-66cfeae386ca99bf65f2cbea68322205a1368bb8.idx
[detached HEAD 028cf63] SSX3 map: add missing function entry 0x156750 (I13)
 Author: muse-i13 <i13@local>
 Date: Mon Sep 21 02:50:27 2026 -0400
 1 file changed, 1 insertion(+)
error: non-monotonic index /Volumes/Extreme SSD/ps2recomp-spike/PS2Recomp/.git/objects/pack/._pack-66cfeae386ca99bf65f2cbea68322205a1368bb8.idx
error: non-monotonic index /Volumes/Extreme SSD/ps2recomp-spike/PS2Recomp/.git/objects/pack/._pack-66cfeae386ca99bf65f2cbea68322205a1368bb8.idx
error: non-monotonic index /Volumes/Extreme SSD/ps2recomp-spike/PS2Recomp/.git/objects/pack/._pack-66cfeae386ca99bf65f2cbea68322205a1368bb8.idx
error: non-monotonic index /Volumes/Extreme SSD/ps2recomp-spike/PS2Recomp/.git/objects/pack/._pack-66cfeae386ca99bf65f2cbea68322205a1368bb8.idx
error: non-monotonic index /Volumes/Extreme SSD/ps2recomp-spike/PS2Recomp/.git/objects/pack/._pack-66cfeae386ca99bf65f2cbea68322205a1368bb8.idx
error: non-monotonic index /Volumes/Extreme SSD/ps2recomp-spike/PS2Recomp/.git/objects/pack/._pack-66cfeae386ca99bf65f2cbea68322205a1368bb8.idx
error: non-monotonic index /Volumes/Extreme SSD/ps2recomp-spike/PS2Recomp/.git/objects/pack/._pack-66cfeae386ca99bf65f2cbea68322205a1368bb8.idx
error: non-monotonic index /Volumes/Extreme SSD/ps2recomp-spike/PS2Recomp/.git/objects/pack/._pack-66cfeae386ca99bf65f2cbea68322205a1368bb8.idx
error: non-monotonic index /Volumes/Extreme SSD/ps2recomp-spike/PS2Recomp/.git/objects/pack/._pack-66cfeae386ca99bf65f2cbea68322205a1368bb8.idx
error: non-monotonic index /Volumes/Extreme SSD/ps2recomp-spike/PS2Recomp/.git/objects/pack/._pack-66cfeae386ca99bf65f2cbea68322205a1368bb8.idx
error: non-monotonic index /Volumes/Extreme SSD/ps2recomp-spike/PS2Recomp/.git/objects/pack/._pack-66cfeae386ca99bf65f2cbea68322205a1368bb8.idx
error: non-monotonic index /Volumes/Extreme SSD/ps2recomp-spike/PS2Recomp/.git/objects/pack/._pack-66cfeae386ca99bf65f2cbea68322205a1368bb8.idx
error: non-monotonic index /Volumes/Extreme SSD/ps2recomp-spike/PS2Recomp/.git/objects/pack/._pack-66cfeae386ca99bf65f2cbea68322205a1368bb8.idx
error: non-monotonic index /Volumes/Extreme SSD/ps2recomp-spike/PS2Recomp/.git/objects/pack/._pack-66cfeae386ca99bf65f2cbea68322205a1368bb8.idx
error: non-monotonic index /Volumes/Extreme SSD/ps2recomp-spike/PS2Recomp/.git/objects/pack/._pack-66cfeae386ca99bf65f2cbea68322205a1368bb8.idx
error: non-monotonic index /Volumes/Extreme SSD/ps2recomp-spike/PS2Recomp/.git/objects/pack/._pack-66cfeae386ca99bf65f2cbea68322205a1368bb8.idx
error: non-monotonic index /Volumes/Extreme SSD/ps2recomp-spike/PS2Recomp/.git/objects/pack/._pack-66cfeae386ca99bf65f2cbea68322205a1368bb8.idx
error: non-monotonic index /Volumes/Extreme SSD/ps2recomp-spike/PS2Recomp/.git/objects/pack/._pack-66cfeae386ca99bf65f2cbea68322205a1368bb8.idx
error: non-monotonic index /Volumes/Extreme SSD/ps2recomp-spike/PS2Recomp/.git/objects/pack/._pack-66cfeae386ca99bf65f2cbea68322205a1368bb8.idx
error: non-monotonic index /Volumes/Extreme SSD/ps2recomp-spike/PS2Recomp/.git/objects/pack/._pack-66cfeae386ca99bf65f2cbea68322205a1368bb8.idx
error: non-monotonic index /Volumes/Extreme SSD/ps2recomp-spike/PS2Recomp/.git/objects/pack/._pack-66cfeae386ca99bf65f2cbea68322205a1368bb8.idx
error: non-monotonic index /Volumes/Extreme SSD/ps2recomp-spike/PS2Recomp/.git/objects/pack/._pack-66cfeae386ca99bf65f2cbea68322205a1368bb8.idx
error: non-monotonic index /Volumes/Extreme SSD/ps2recomp-spike/PS2Recomp/.git/objects/pack/._pack-66cfeae386ca99bf65f2cbea68322205a1368bb8.idx
error: non-monotonic index /Volumes/Extreme SSD/ps2recomp-spike/PS2Recomp/.git/objects/pack/._pack-66cfeae386ca99bf65f2cbea68322205a1368bb8.idx
error: non-monotonic index /Volumes/Extreme SSD/ps2recomp-spike/PS2Recomp/.git/objects/pack/._pack-66cfeae386ca99bf65f2cbea68322205a1368bb8.idx
error: non-monotonic index /Volumes/Extreme SSD/ps2recomp-spike/PS2Recomp/.git/objects/pack/._pack-66cfeae386ca99bf65f2cbea68322205a1368bb8.idx
error: non-monotonic index /Volumes/Extreme SSD/ps2recomp-spike/PS2Recomp/.git/objects/pack/._pack-66cfeae386ca99bf65f2cbea68322205a1368bb8.idx
error: non-monotonic index /Volumes/Extreme SSD/ps2recomp-spike/PS2Recomp/.git/objects/pack/._pack-66cfeae386ca99bf65f2cbea68322205a1368bb8.idx
error: non-monotonic index /Volumes/Extreme SSD/ps2recomp-spike/PS2Recomp/.git/objects/pack/._pack-66cfeae386ca99bf65f2cbea68322205a1368bb8.idx
error: non-monotonic index /Volumes/Extreme SSD/ps2recomp-spike/PS2Recomp/.git/objects/pack/._pack-66cfeae386ca99bf65f2cbea68322205a1368bb8.idx
error: non-monotonic index /Volumes/Extreme SSD/ps2recomp-spike/PS2Recomp/.git/objects/pack/._pack-66cfeae386ca99bf65f2cbea68322205a1368bb8.idx
error: non-monotonic index /Volumes/Extreme SSD/ps2recomp-spike/PS2Recomp/.git/objects/pack/._pack-66cfeae386ca99bf65f2cbea68322205a1368bb8.idx
error: non-monotonic index /Volumes/Extreme SSD/ps2recomp-spike/PS2Recomp/.git/objects/pack/._pack-66cfeae386ca99bf65f2cbea68322205a1368bb8.idx
error: non-monotonic index /Volumes/Extreme SSD/ps2recomp-spike/PS2Recomp/.git/objects/pack/._pack-66cfeae386ca99bf65f2cbea68322205a1368bb8.idx
error: non-monotonic index /Volumes/Extreme SSD/ps2recomp-spike/PS2Recomp/.git/objects/pack/._pack-66cfeae386ca99bf65f2cbea68322205a1368bb8.idx
error: non-monotonic index /Volumes/Extreme SSD/ps2recomp-spike/PS2Recomp/.git/objects/pack/._pack-66cfeae386ca99bf65f2cbea68322205a1368bb8.idx
error: non-monotonic index /Volumes/Extreme SSD/ps2recomp-spike/PS2Recomp/.git/objects/pack/._pack-66cfeae386ca99bf65f2cbea68322205a1368bb8.idx
error: non-monotonic index /Volumes/Extreme SSD/ps2recomp-spike/PS2Recomp/.git/objects/pack/._pack-66cfeae386ca99bf65f2cbea68322205a1368bb8.idx
error: non-monotonic index /Volumes/Extreme SSD/ps2recomp-spike/PS2Recomp/.git/objects/pack/._pack-66cfeae386ca99bf65f2cbea68322205a1368bb8.idx
error: non-monotonic index /Volumes/Extreme SSD/ps2recomp-spike/PS2Recomp/.git/objects/pack/._pack-66cfeae386ca99bf65f2cbea68322205a1368bb8.idx
error: non-monotonic index /Volumes/Extreme SSD/ps2recomp-spike/PS2Recomp/.git/objects/pack/._pack-66cfeae386ca99bf65f2cbea68322205a1368bb8.idx
error: non-monotonic index /Volumes/Extreme SSD/ps2recomp-spike/PS2Recomp/.git/objects/pack/._pack-66cfeae386ca99bf65f2cbea68322205a1368bb8.idx
error: non-monotonic index /Volumes/Extreme SSD/ps2recomp-spike/PS2Recomp/.git/objects/pack/._pack-66cfeae386ca99bf65f2cbea68322205a1368bb8.idx
Auto-merging games/ssx3/ssx3-functions.sweep.csv
error: non-monotonic index /Volumes/Extreme SSD/ps2recomp-spike/PS2Recomp/.git/objects/pack/._pack-66cfeae386ca99bf65f2cbea68322205a1368bb8.idx
error: non-monotonic index /Volumes/Extreme SSD/ps2recomp-spike/PS2Recomp/.git/objects/pack/._pack-66cfeae386ca99bf65f2cbea68322205a1368bb8.idx
error: non-monotonic index /Volumes/Extreme SSD/ps2recomp-spike/PS2Recomp/.git/objects/pack/._pack-66cfeae386ca99bf65f2cbea68322205a1368bb8.idx
error: non-monotonic index /Volumes/Extreme SSD/ps2recomp-spike/PS2Recomp/.git/objects/pack/._pack-66cfeae386ca99bf65f2cbea68322205a1368bb8.idx
error: non-monotonic index /Volumes/Extreme SSD/ps2recomp-spike/PS2Recomp/.git/objects/pack/._pack-66cfeae386ca99bf65f2cbea68322205a1368bb8.idx
error: non-monotonic index /Volumes/Extreme SSD/ps2recomp-spike/PS2Recomp/.git/objects/pack/._pack-66cfeae386ca99bf65f2cbea68322205a1368bb8.idx
error: non-monotonic index /Volumes/Extreme SSD/ps2recomp-spike/PS2Recomp/.git/objects/pack/._pack-66cfeae386ca99bf65f2cbea68322205a1368bb8.idx
error: non-monotonic index /Volumes/Extreme SSD/ps2recomp-spike/PS2Recomp/.git/objects/pack/._pack-66cfeae386ca99bf65f2cbea68322205a1368bb8.idx
error: non-monotonic index /Volumes/Extreme SSD/ps2recomp-spike/PS2Recomp/.git/objects/pack/._pack-66cfeae386ca99bf65f2cbea68322205a1368bb8.idx
error: non-monotonic index /Volumes/Extreme SSD/ps2recomp-spike/PS2Recomp/.git/objects/pack/._pack-66cfeae386ca99bf65f2cbea68322205a1368bb8.idx
error: non-monotonic index /Volumes/Extreme SSD/ps2recomp-spike/PS2Recomp/.git/objects/pack/._pack-66cfeae386ca99bf65f2cbea68322205a1368bb8.idx
error: non-monotonic index /Volumes/Extreme SSD/ps2recomp-spike/PS2Recomp/.git/objects/pack/._pack-66cfeae386ca99bf65f2cbea68322205a1368bb8.idx
error: non-monotonic index /Volumes/Extreme SSD/ps2recomp-spike/PS2Recomp/.git/objects/pack/._pack-66cfeae386ca99bf65f2cbea68322205a1368bb8.idx
error: non-monotonic index /Volumes/Extreme SSD/ps2recomp-spike/PS2Recomp/.git/objects/pack/._pack-66cfeae386ca99bf65f2cbea68322205a1368bb8.idx
error: non-monotonic index /Volumes/Extreme SSD/ps2recomp-spike/PS2Recomp/.git/objects/pack/._pack-66cfeae386ca99bf65f2cbea68322205a1368bb8.idx
error: non-monotonic index /Volumes/Extreme SSD/ps2recomp-spike/PS2Recomp/.git/objects/pack/._pack-66cfeae386ca99bf65f2cbea68322205a1368bb8.idx
error: non-monotonic index /Volumes/Extreme SSD/ps2recomp-spike/PS2Recomp/.git/objects/pack/._pack-66cfeae386ca99bf65f2cbea68322205a1368bb8.idx
error: non-monotonic index /Volumes/Extreme SSD/ps2recomp-spike/PS2Recomp/.git/objects/pack/._pack-66cfeae386ca99bf65f2cbea68322205a1368bb8.idx
[detached HEAD 83126a6] SSX3 map: add missing function entry 0x243a80 (I14)
 Author: muse-i14 <i14@local>
 Date: Mon Sep 21 03:41:15 2026 -0400
 1 file changed, 1 insertion(+)
error: non-monotonic index /Volumes/Extreme SSD/ps2recomp-spike/PS2Recomp/.git/objects/pack/._pack-66cfeae386ca99bf65f2cbea68322205a1368bb8.idx
error: non-monotonic index /Volumes/Extreme SSD/ps2recomp-spike/PS2Recomp/.git/objects/pack/._pack-66cfeae386ca99bf65f2cbea68322205a1368bb8.idx
error: non-monotonic index /Volumes/Extreme SSD/ps2recomp-spike/PS2Recomp/.git/objects/pack/._pack-66cfeae386ca99bf65f2cbea68322205a1368bb8.idx
error: non-monotonic index /Volumes/Extreme SSD/ps2recomp-spike/PS2Recomp/.git/objects/pack/._pack-66cfeae386ca99bf65f2cbea68322205a1368bb8.idx
error: non-monotonic index /Volumes/Extreme SSD/ps2recomp-spike/PS2Recomp/.git/objects/pack/._pack-66cfeae386ca99bf65f2cbea68322205a1368bb8.idx
error: non-monotonic index /Volumes/Extreme SSD/ps2recomp-spike/PS2Recomp/.git/objects/pack/._pack-66cfeae386ca99bf65f2cbea68322205a1368bb8.idx
error: non-monotonic index /Volumes/Extreme SSD/ps2recomp-spike/PS2Recomp/.git/objects/pack/._pack-66cfeae386ca99bf65f2cbea68322205a1368bb8.idx
error: non-monotonic index /Volumes/Extreme SSD/ps2recomp-spike/PS2Recomp/.git/objects/pack/._pack-66cfeae386ca99bf65f2cbea68322205a1368bb8.idx
error: non-monotonic index /Volumes/Extreme SSD/ps2recomp-spike/PS2Recomp/.git/objects/pack/._pack-66cfeae386ca99bf65f2cbea68322205a1368bb8.idx
error: non-monotonic index /Volumes/Extreme SSD/ps2recomp-spike/PS2Recomp/.git/objects/pack/._pack-66cfeae386ca99bf65f2cbea68322205a1368bb8.idx
error: non-monotonic index /Volumes/Extreme SSD/ps2recomp-spike/PS2Recomp/.git/objects/pack/._pack-66cfeae386ca99bf65f2cbea68322205a1368bb8.idx
error: non-monotonic index /Volumes/Extreme SSD/ps2recomp-spike/PS2Recomp/.git/objects/pack/._pack-66cfeae386ca99bf65f2cbea68322205a1368bb8.idx
error: non-monotonic index /Volumes/Extreme SSD/ps2recomp-spike/PS2Recomp/.git/objects/pack/._pack-66cfeae386ca99bf65f2cbea68322205a1368bb8.idx
error: non-monotonic index /Volumes/Extreme SSD/ps2recomp-spike/PS2Recomp/.git/objects/pack/._pack-66cfeae386ca99bf65f2cbea68322205a1368bb8.idx
error: non-monotonic index /Volumes/Extreme SSD/ps2recomp-spike/PS2Recomp/.git/objects/pack/._pack-66cfeae386ca99bf65f2cbea68322205a1368bb8.idx
error: non-monotonic index /Volumes/Extreme SSD/ps2recomp-spike/PS2Recomp/.git/objects/pack/._pack-66cfeae386ca99bf65f2cbea68322205a1368bb8.idx
error: non-monotonic index /Volumes/Extreme SSD/ps2recomp-spike/PS2Recomp/.git/objects/pack/._pack-66cfeae386ca99bf65f2cbea68322205a1368bb8.idx
error: non-monotonic index /Volumes/Extreme SSD/ps2recomp-spike/PS2Recomp/.git/objects/pack/._pack-66cfeae386ca99bf65f2cbea68322205a1368bb8.idx
error: non-monotonic index /Volumes/Extreme SSD/ps2recomp-spike/PS2Recomp/.git/objects/pack/._pack-66cfeae386ca99bf65f2cbea68322205a1368bb8.idx
error: non-monotonic index /Volumes/Extreme SSD/ps2recomp-spike/PS2Recomp/.git/objects/pack/._pack-66cfeae386ca99bf65f2cbea68322205a1368bb8.idx
error: non-monotonic index /Volumes/Extreme SSD/ps2recomp-spike/PS2Recomp/.git/objects/pack/._pack-66cfeae386ca99bf65f2cbea68322205a1368bb8.idx
error: non-monotonic index /Volumes/Extreme SSD/ps2recomp-spike/PS2Recomp/.git/objects/pack/._pack-66cfeae386ca99bf65f2cbea68322205a1368bb8.idx
error: non-monotonic index /Volumes/Extreme SSD/ps2recomp-spike/PS2Recomp/.git/objects/pack/._pack-66cfeae386ca99bf65f2cbea68322205a1368bb8.idx
error: non-monotonic index /Volumes/Extreme SSD/ps2recomp-spike/PS2Recomp/.git/objects/pack/._pack-66cfeae386ca99bf65f2cbea68322205a1368bb8.idx
error: non-monotonic index /Volumes/Extreme SSD/ps2recomp-spike/PS2Recomp/.git/objects/pack/._pack-66cfeae386ca99bf65f2cbea68322205a1368bb8.idx
error: non-monotonic index /Volumes/Extreme SSD/ps2recomp-spike/PS2Recomp/.git/objects/pack/._pack-66cfeae386ca99bf65f2cbea68322205a1368bb8.idx
error: non-monotonic index /Volumes/Extreme SSD/ps2recomp-spike/PS2Recomp/.git/objects/pack/._pack-66cfeae386ca99bf65f2cbea68322205a1368bb8.idx
error: non-monotonic index /Volumes/Extreme SSD/ps2recomp-spike/PS2Recomp/.git/objects/pack/._pack-66cfeae386ca99bf65f2cbea68322205a1368bb8.idx
error: non-monotonic index /Volumes/Extreme SSD/ps2recomp-spike/PS2Recomp/.git/objects/pack/._pack-66cfeae386ca99bf65f2cbea68322205a1368bb8.idx
error: non-monotonic index /Volumes/Extreme SSD/ps2recomp-spike/PS2Recomp/.git/objects/pack/._pack-66cfeae386ca99bf65f2cbea68322205a1368bb8.idx
error: non-monotonic index /Volumes/Extreme SSD/ps2recomp-spike/PS2Recomp/.git/objects/pack/._pack-66cfeae386ca99bf65f2cbea68322205a1368bb8.idx
error: non-monotonic index /Volumes/Extreme SSD/ps2recomp-spike/PS2Recomp/.git/objects/pack/._pack-66cfeae386ca99bf65f2cbea68322205a1368bb8.idx
error: non-monotonic index /Volumes/Extreme SSD/ps2recomp-spike/PS2Recomp/.git/objects/pack/._pack-66cfeae386ca99bf65f2cbea68322205a1368bb8.idx
error: non-monotonic index /Volumes/Extreme SSD/ps2recomp-spike/PS2Recomp/.git/objects/pack/._pack-66cfeae386ca99bf65f2cbea68322205a1368bb8.idx
error: non-monotonic index /Volumes/Extreme SSD/ps2recomp-spike/PS2Recomp/.git/objects/pack/._pack-66cfeae386ca99bf65f2cbea68322205a1368bb8.idx
error: non-monotonic index /Volumes/Extreme SSD/ps2recomp-spike/PS2Recomp/.git/objects/pack/._pack-66cfeae386ca99bf65f2cbea68322205a1368bb8.idx
error: non-monotonic index /Volumes/Extreme SSD/ps2recomp-spike/PS2Recomp/.git/objects/pack/._pack-66cfeae386ca99bf65f2cbea68322205a1368bb8.idx
error: non-monotonic index /Volumes/Extreme SSD/ps2recomp-spike/PS2Recomp/.git/objects/pack/._pack-66cfeae386ca99bf65f2cbea68322205a1368bb8.idx
error: non-monotonic index /Volumes/Extreme SSD/ps2recomp-spike/PS2Recomp/.git/objects/pack/._pack-66cfeae386ca99bf65f2cbea68322205a1368bb8.idx
error: non-monotonic index /Volumes/Extreme SSD/ps2recomp-spike/PS2Recomp/.git/objects/pack/._pack-66cfeae386ca99bf65f2cbea68322205a1368bb8.idx
error: non-monotonic index /Volumes/Extreme SSD/ps2recomp-spike/PS2Recomp/.git/objects/pack/._pack-66cfeae386ca99bf65f2cbea68322205a1368bb8.idx
error: non-monotonic index /Volumes/Extreme SSD/ps2recomp-spike/PS2Recomp/.git/objects/pack/._pack-66cfeae386ca99bf65f2cbea68322205a1368bb8.idx
error: non-monotonic index /Volumes/Extreme SSD/ps2recomp-spike/PS2Recomp/.git/objects/pack/._pack-66cfeae386ca99bf65f2cbea68322205a1368bb8.idx
Auto-merging games/ssx3/ssx3-functions.sweep.csv
error: non-monotonic index /Volumes/Extreme SSD/ps2recomp-spike/PS2Recomp/.git/objects/pack/._pack-66cfeae386ca99bf65f2cbea68322205a1368bb8.idx
error: non-monotonic index /Volumes/Extreme SSD/ps2recomp-spike/PS2Recomp/.git/objects/pack/._pack-66cfeae386ca99bf65f2cbea68322205a1368bb8.idx
error: non-monotonic index /Volumes/Extreme SSD/ps2recomp-spike/PS2Recomp/.git/objects/pack/._pack-66cfeae386ca99bf65f2cbea68322205a1368bb8.idx
error: non-monotonic index /Volumes/Extreme SSD/ps2recomp-spike/PS2Recomp/.git/objects/pack/._pack-66cfeae386ca99bf65f2cbea68322205a1368bb8.idx
error: non-monotonic index /Volumes/Extreme SSD/ps2recomp-spike/PS2Recomp/.git/objects/pack/._pack-66cfeae386ca99bf65f2cbea68322205a1368bb8.idx
error: non-monotonic index /Volumes/Extreme SSD/ps2recomp-spike/PS2Recomp/.git/objects/pack/._pack-66cfeae386ca99bf65f2cbea68322205a1368bb8.idx
error: non-monotonic index /Volumes/Extreme SSD/ps2recomp-spike/PS2Recomp/.git/objects/pack/._pack-66cfeae386ca99bf65f2cbea68322205a1368bb8.idx
error: non-monotonic index /Volumes/Extreme SSD/ps2recomp-spike/PS2Recomp/.git/objects/pack/._pack-66cfeae386ca99bf65f2cbea68322205a1368bb8.idx
error: non-monotonic index /Volumes/Extreme SSD/ps2recomp-spike/PS2Recomp/.git/objects/pack/._pack-66cfeae386ca99bf65f2cbea68322205a1368bb8.idx
error: non-monotonic index /Volumes/Extreme SSD/ps2recomp-spike/PS2Recomp/.git/objects/pack/._pack-66cfeae386ca99bf65f2cbea68322205a1368bb8.idx
error: non-monotonic index /Volumes/Extreme SSD/ps2recomp-spike/PS2Recomp/.git/objects/pack/._pack-66cfeae386ca99bf65f2cbea68322205a1368bb8.idx
error: non-monotonic index /Volumes/Extreme SSD/ps2recomp-spike/PS2Recomp/.git/objects/pack/._pack-66cfeae386ca99bf65f2cbea68322205a1368bb8.idx
error: non-monotonic index /Volumes/Extreme SSD/ps2recomp-spike/PS2Recomp/.git/objects/pack/._pack-66cfeae386ca99bf65f2cbea68322205a1368bb8.idx
error: non-monotonic index /Volumes/Extreme SSD/ps2recomp-spike/PS2Recomp/.git/objects/pack/._pack-66cfeae386ca99bf65f2cbea68322205a1368bb8.idx
error: non-monotonic index /Volumes/Extreme SSD/ps2recomp-spike/PS2Recomp/.git/objects/pack/._pack-66cfeae386ca99bf65f2cbea68322205a1368bb8.idx
error: non-monotonic index /Volumes/Extreme SSD/ps2recomp-spike/PS2Recomp/.git/objects/pack/._pack-66cfeae386ca99bf65f2cbea68322205a1368bb8.idx
error: non-monotonic index /Volumes/Extreme SSD/ps2recomp-spike/PS2Recomp/.git/objects/pack/._pack-66cfeae386ca99bf65f2cbea68322205a1368bb8.idx
error: non-monotonic index /Volumes/Extreme SSD/ps2recomp-spike/PS2Recomp/.git/objects/pack/._pack-66cfeae386ca99bf65f2cbea68322205a1368bb8.idx
[detached HEAD 7a8007a] SSX3 map: add missing function entry 0x3a0158 (I15)
 Author: muse-i15 <i15@local>
 Date: Mon Sep 21 04:40:49 2026 -0400
 1 file changed, 1 insertion(+)
