--- split-run1 ---
[swscaler @ 0x7cef45c000] No accelerated colorspace conversion found from yuv420p to rgba.
[feed] inSize=5040 parsed=5040 packets=0 newFrames=0 totalFrames=0 ok=1
frame0 512x448 fmt=0 (flush-drain)
[flush] packets=1 newFrames=1 totalFrames=1 ok=1
in=5040 parsed=5040 packets=1 frames=1 rgba=917504
exit=0
--- split-run2 ---
[swscaler @ 0x7b5945c000] No accelerated colorspace conversion found from yuv420p to rgba.
[feed] inSize=5040 parsed=5040 packets=0 newFrames=0 totalFrames=0 ok=1
frame0 512x448 fmt=0 (flush-drain)
[flush] packets=1 newFrames=1 totalFrames=1 ok=1
in=5040 parsed=5040 packets=1 frames=1 rgba=917504
exit=0
--- split-run3 ---
[swscaler @ 0x797945c000] No accelerated colorspace conversion found from yuv420p to rgba.
[feed] inSize=5040 parsed=5040 packets=0 newFrames=0 totalFrames=0 ok=1
frame0 512x448 fmt=0 (flush-drain)
[flush] packets=1 newFrames=1 totalFrames=1 ok=1
in=5040 parsed=5040 packets=1 frames=1 rgba=917504
exit=0
