--- run1 ---
[swscaler @ 0x7b1485c000] No accelerated colorspace conversion found from yuv420p to rgba.
frame0 512x448 fmt=0 (drain)
in=5040 parsed=5040 packets=1 frames=1 rgba=917504
exit=0 rgba_bytes=917504
--- run2 ---
[swscaler @ 0x79e685c000] No accelerated colorspace conversion found from yuv420p to rgba.
frame0 512x448 fmt=0 (drain)
in=5040 parsed=5040 packets=1 frames=1 rgba=917504
exit=0 rgba_bytes=917504
--- run3 ---
[swscaler @ 0x7b5c85c000] No accelerated colorspace conversion found from yuv420p to rgba.
frame0 512x448 fmt=0 (drain)
in=5040 parsed=5040 packets=1 frames=1 rgba=917504
exit=0 rgba_bytes=917504
--- run4 ---
[swscaler @ 0x789885c000] No accelerated colorspace conversion found from yuv420p to rgba.
frame0 512x448 fmt=0 (drain)
in=5040 parsed=5040 packets=1 frames=1 rgba=917504
exit=0 rgba_bytes=917504
--- run5 ---
[swscaler @ 0x798c85c000] No accelerated colorspace conversion found from yuv420p to rgba.
frame0 512x448 fmt=0 (drain)
in=5040 parsed=5040 packets=1 frames=1 rgba=917504
exit=0 rgba_bytes=917504
