[06:07:24] PRE lease="LEASE_FREE CP1-R3 done" keyguard="showing=false" battery=100% ac=true pid0=none
[06:07:24] PRE device-env=ef9f94e11ecda70afe6fdc7602fcf22c259c6748660816cf23937df54989a390 mc0-test='' mc0-bad=[]
[06:07:24] LEASE claimed via odin_lease.sh: CLAIMED
[06:07:24] APK local sha x2 825b436dd2cfc9f3ee42e7ac06643623b9651df409892c6a3e25af27cc531254 825b436dd2cfc9f3ee42e7ac06643623b9651df409892c6a3e25af27cc531254
[06:07:29] INSTALL Performing Streamed Install Success
[06:07:29] INSTALLED /data/app/~~NYpPc7pYvrNuYYCD49ZobA==/com.ps2x.runner-0kmzdaf9i9NLp_j42WwXRA==/base.apk sha=825b436dd2cfc9f3ee42e7ac06643623b9651df409892c6a3e25af27cc531254 match=True
[06:07:29] ENV 145da62b707c3fd80ebdcb42c2f4b0bf9506bafa350efb66d91a05796bc5d5d3  /storage/emulated/0/Android/data/com.ps2x.runner/files/ps2x.env
[06:07:29 t+    0.1] AM Starting: Intent { cmp=com.ps2x.runner/android.app.NativeActivity }
[06:07:35 t+    6.1] FOCUS app-foreground, no BACK ('mCurrentFocus=Window{ff190af u0 com.ps2x.runner/android.app.NativeActivity}')
[06:07:37 t+    8.2] LAYER 'com.ps2x.runner/android.app.NativeActivity#22262' tried=['com.ps2x.runner/android.app.NativeActivity#22262']
[06:08:19 t+   49.4] CPUWIN start tick=1985
[06:08:27 t+   57.5] SCAP sc01-tick2100-t56.png tick~2191
[06:08:42 t+   72.7] CPUWIN end tick=2565
[06:09:02 t+   93.0] SCAP sc02-tick3000-t92.png tick~3077
[06:09:42 t+  133.0] SCAP sc03-tick4000-t132.png tick~4109
[06:09:56 t+  146.6] STOP tick 4562 >= 4500
[06:09:56 t+  147.2] SCAP sc04-final-t146.png tick~4562
[06:09:58 t+  148.5] THREADS
Threads: 28 total,   2 running,  26 sleeping,   0 stopped,   0 zombie
  Mem:  7342756K total,  5078928K used,  2263828K free,      608K buffers
 Swap: 10485752K total,   710172K used,  9775580K free,  2299340K cached
800%cpu 115%user   0%nice  27%sys 650%idle   0%iow   8%irq   0%sirq   0%host
  TID USER         PR  NI VIRT  RES  SHR S[%CPU] %MEM     TIME+ THREAD          PROCESS
18653 u0_a113      10 -10  17G 757M 516M R 61.5  10.5   1:16.11 MTVU            com.ps2x.runner
18642 u0_a113      10 -10  17G 757M 516M S 34.6  10.5   0:38.11 GameThread      com.ps2x.runner
18623 u0_a113      10 -10  17G 757M 516M R 26.9  10.5   0:30.47 GsWorker        com.ps2x.runner
18652 u0_a113      20   0  17G 757M 516M S  0.0  10.5   0:00.00 InteractionJank com.ps2x.runner
18651 u0_a113      20   0  17G 757M 516M S  0.0  10.5   0:00.00 binder:18602_4  com.ps2x.runner
18644 u0_a113      10 -10  17G 757M 516M S  0.0  10.5   0:00.23 PGS-Waiter      com.ps2x.runner
18643 u0_a113      39  19  17G 757M 516M S  0.0  10.5   0:00.00 com.ps:traceq0  com.ps2x.runner
18641 u0_a113      -3 -10  17G 757M 516M S  0.0  10.5   0:00.52 AAudio_1        com.ps2x.runner
18635 u0_a113      20   0  17G 757M 516M S  0.0  10.5   0:00.13 binder:18602_4  com.ps2x.runner
18634 u0_a113      10 -10  17G 757M 516M S  0.0  10.5   0:00.00 com.ps2x.runner com.ps2x.runner
18627 u0_a113      20   0  17G 757M 516M S  0.0  10.5   0:00.00 InsetsAnimation com.ps2x.runner
18626 u0_a113      20   0  17G 757M 516M S  0.0  10.5   0:00.00 SurfaceSyncGrou com.ps2x.runner
18625 u0_a113      10 -10  17G 757M 516M S  0.0  10.5   0:00.00 VsyncReceiver   com.ps2x.runner
18622 u0_a113      10 -10  17G 757M 516M S  0.0  10.5   0:00.00 com.ps2x.runner com.ps2x.runner
18621 u0_a113      10 -10  17G 757M 516M S  0.0  10.5   0:00.32 com.ps2x.runner com.ps2x.runner

[06:09:58 t+  148.5] BATTERY status: 5 level: 100
[06:10:01 t+  151.3] RESTORE ef9f94e11ecda70afe6fdc7602fcf22c259c6748660816cf23937df54989a390 match=True
[06:10:01 t+  151.5] MC0-AFTER bad=[]
[06:10:01 t+  151.5] END pid-after=none disconnects=0
