[19:02:49] PRE lease="LEASE_FREE F5 done" keyguard="showing=false" battery=100% ac=true pid0=none
[19:02:49] PRE device-env=9fb46f8509adb1362b5ac74d35ac63a340e39228b64914848ce5ed85d6b74d13 mc0-test='' mc0-bad=[]
[19:02:49] ENV 6c5c4fab394927653704b44ea000162697a01346790363aac210acdd9dd1cb68  /storage/emulated/0/Android/data/com.ps2x.runner/files/ps2x.env
[19:02:49 t+    0.2] AM Starting: Intent { cmp=com.ps2x.runner/android.app.NativeActivity }
[19:02:55 t+    6.3] FOCUS app-foreground, no BACK ('mCurrentFocus=Window{b284eaf u0 com.ps2x.runner/android.app.NativeActivity}')
[19:02:58 t+    8.8] LAYER 'com.ps2x.runner/android.app.NativeActivity#17872' tried=['com.ps2x.runner/android.app.NativeActivity#17872']
[19:04:23 t+   93.8] SCAP sc01-tick2100-t93.png tick~2103
[19:05:55 t+  186.5] SCAP sc02-tick3000-t186.png tick~3039
[19:07:32 t+  283.4] SCAP sc03-tick4000-t283.png tick~4011
[19:08:17 t+  328.6] STOP tick 4504 >= 4500
[19:08:18 t+  328.9] SCAP sc04-final-t328.png tick~4504
[19:08:19 t+  330.4] THREADS
Threads: 29 total,   1 running,  28 sleeping,   0 stopped,   0 zombie
  Mem:  7342756K total,  4829440K used,  2513316K free,      512K buffers
 Swap: 10485752K total,   725472K used,  9760280K free,  2323428K cached
800%cpu  85%user   0%nice  31%sys 673%idle   0%iow   8%irq   4%sirq   0%host
  TID USER         PR  NI VIRT  RES  SHR S[%CPU] %MEM     TIME+ THREAD          PROCESS
25880 u0_a113      10 -10  17G 790M 530M R 57.6  11.0   2:53.75 GameThread      com.ps2x.runner
25860 u0_a113      10 -10  17G 790M 530M S 11.5  11.0   0:41.97 GsWorker        com.ps2x.runner
25858 u0_a113      10 -10  17G 790M 530M S  7.6  11.0   0:26.20 com.ps2x.runner com.ps2x.runner
25882 u0_a113      10 -10  17G 790M 530M S  3.8  11.0   0:00.24 PGS-Waiter      com.ps2x.runner
25851 u0_a113      20   0  17G 790M 530M S  3.8  11.0   0:00.37 binder:25838_1  com.ps2x.runner
25893 u0_a113      10 -10  17G 790M 530M S  0.0  11.0   0:00.00 com.ps2x.runner com.ps2x.runner
25894 u0_a113      10 -10  17G 790M 530M S  0.0  11.0   0:00.00 com.ps2x.runner com.ps2x.runner
25889 u0_a113      20   0  17G 790M 530M S  0.0  11.0   0:00.00 InteractionJank com.ps2x.runner
25887 u0_a113      20   0  17G 790M 530M S  0.0  11.0   0:00.21 binder:25838_4  com.ps2x.runner
25881 u0_a113      39  19  17G 790M 530M S  0.0  11.0   0:00.00 com.ps:traceq0  com.ps2x.runner
25878 u0_a113      -3 -10  17G 790M 530M S  0.0  11.0   0:01.21 AAudio_1        com.ps2x.runner
25871 u0_a113      10 -10  17G 790M 530M S  0.0  11.0   0:00.00 com.ps2x.runner com.ps2x.runner
25872 u0_a113      20   0  17G 790M 530M S  0.0  11.0   0:00.28 binder:25838_4  com.ps2x.runner
25864 u0_a113      20   0  17G 790M 530M S  0.0  11.0   0:00.00 InsetsAnimation com.ps2x.runner
25863 u0_a113      20   0  17G 790M 530M S  0.0  11.0   0:00.00 SurfaceSyncGrou com.ps2x.runner

[19:08:19 t+  330.4] BATTERY status: 5 level: 100
[19:08:22 t+  332.9] RESTORE 9fb46f8509adb1362b5ac74d35ac63a340e39228b64914848ce5ed85d6b74d13 match=True
[19:08:22 t+  333.1] MC0-AFTER bad=[]
[19:08:22 t+  333.2] END pid-after=none disconnects=0
