[04:06:42] PRE lease="LEASE_FREE F6 done" keyguard="showing=false" battery=100% ac=true pid0=none
[04:06:42] PRE device-env=a8d651a7e55f7e29f1345f28f4ea634e06ae757f535e29439ab61c930bcc0ebd mc0-test='' mc0-bad=[]
[04:06:42] LEASE claimed via odin_lease.sh: CLAIMED
[04:06:43] APK local sha x2 825b436dd2cfc9f3ee42e7ac06643623b9651df409892c6a3e25af27cc531254 825b436dd2cfc9f3ee42e7ac06643623b9651df409892c6a3e25af27cc531254
[04:06:46] INSTALL Performing Streamed Install Success
[04:06:46] INSTALLED /data/app/~~540tnKFZdEakx23BQDrLyA==/com.ps2x.runner-jIgit2NqAMAzCtmfD7qVNg==/base.apk sha=825b436dd2cfc9f3ee42e7ac06643623b9651df409892c6a3e25af27cc531254 match=True
[04:06:46] ENV 99633cb78295b28b7156d8f9175da154e084ce60e09a54d052d67fb521bdb29f  /storage/emulated/0/Android/data/com.ps2x.runner/files/ps2x.env
[04:06:46 t+    0.1] AM Starting: Intent { cmp=com.ps2x.runner/android.app.NativeActivity }
[04:06:52 t+    6.1] FOCUS app-foreground, no BACK ('mCurrentFocus=Window{15837f6 u0 com.ps2x.runner/android.app.NativeActivity}')
[04:06:54 t+    8.2] LAYER 'com.ps2x.runner/android.app.NativeActivity#21632' tried=['com.ps2x.runner/android.app.NativeActivity#21632']
[04:07:45 t+   58.6] SCAP sc01-tick2100-t57.png tick~2188
[04:08:19 t+   92.7] SCAP sc02-tick3000-t92.png tick~3079
[04:08:59 t+  132.8] SCAP sc03-tick4000-t132.png tick~4118
[04:09:14 t+  147.9] STOP tick 4585 >= 4500
[04:09:15 t+  148.6] SCAP sc04-final-t147.png tick~4585
[04:09:16 t+  150.0] THREADS
Threads: 28 total,   2 running,  26 sleeping,   0 stopped,   0 zombie
  Mem:  7342756K total,  4903068K used,  2439688K free,      584K buffers
 Swap: 10485752K total,   713068K used,  9772684K free,  2134444K cached
800%cpu 131%user   4%nice  23%sys 627%idle   0%iow  12%irq   4%sirq   0%host
  TID USER         PR  NI VIRT  RES  SHR S[%CPU] %MEM     TIME+ THREAD          PROCESS
11472 u0_a113      10 -10  17G 723M 479M R 53.8  10.0   1:17.89 MTVU            com.ps2x.runner
11463 u0_a113      10 -10  17G 723M 479M S 26.9  10.0   0:33.56 GameThread      com.ps2x.runner
11443 u0_a113      10 -10  17G 723M 479M R 23.0  10.0   0:30.83 GsWorker        com.ps2x.runner
11471 u0_a113      20   0  17G 723M 479M S  0.0  10.0   0:00.00 InteractionJank com.ps2x.runner
11470 u0_a113      20   0  17G 723M 479M S  0.0  10.0   0:00.00 binder:11420_4  com.ps2x.runner
11465 u0_a113      10 -10  17G 723M 479M S  0.0  10.0   0:00.24 PGS-Waiter      com.ps2x.runner
11464 u0_a113      39  19  17G 723M 479M S  0.0  10.0   0:00.00 com.ps:traceq0  com.ps2x.runner
11461 u0_a113      -3 -10  17G 723M 479M S  0.0  10.0   0:00.55 AAudio_1        com.ps2x.runner
11455 u0_a113      20   0  17G 723M 479M S  0.0  10.0   0:00.14 binder:11420_4  com.ps2x.runner
11454 u0_a113      10 -10  17G 723M 479M S  0.0  10.0   0:00.00 com.ps2x.runner com.ps2x.runner
11447 u0_a113      20   0  17G 723M 479M S  0.0  10.0   0:00.00 InsetsAnimation com.ps2x.runner
11446 u0_a113      20   0  17G 723M 479M S  0.0  10.0   0:00.00 SurfaceSyncGrou com.ps2x.runner
11445 u0_a113      10 -10  17G 723M 479M S  0.0  10.0   0:00.00 VsyncReceiver   com.ps2x.runner
11442 u0_a113      10 -10  17G 723M 479M S  0.0  10.0   0:00.00 com.ps2x.runner com.ps2x.runner
11441 u0_a113      10 -10  17G 723M 479M S  0.0  10.0   0:00.31 com.ps2x.runner com.ps2x.runner

[04:09:16 t+  150.0] BATTERY status: 5 level: 100
[04:09:19 t+  152.6] RESTORE a8d651a7e55f7e29f1345f28f4ea634e06ae757f535e29439ab61c930bcc0ebd match=True
[04:09:19 t+  152.8] MC0-AFTER bad=[]
[04:09:19 t+  152.8] END pid-after=none disconnects=0
