REF_CHECK:mean=0.0000 p99=0 max=0 npix=224000 mode=PPM
REFMENU_CHECK:mean=0.0000 p99=0 max=0 npix=1310720 mode=PPM
REFSC_CHECK:mean=0.0000 p99=0 max=0 npix=1310720 mode=PPM
REFZC_CHECK:mean=0.0000 p99=0 max=0 npix=1310720 mode=PPM
SELF_TEST mean=0.0000 p99=0
SELF_WHOLE=0.0000
SELF_MENU mean=0.0000 p99=0
SELF_SC mean=0.0000 p99=0
SELF_ZC mean=0.0000 p99=0
START_SCORE mean=14.7665 p99=151 MENU_T+:94
ATTEMPT_1 BEGIN MENU_T+:94
ATTEMPT_1 now score mean=10.2854 p99=113
ATTEMPT_1 on attract (non-title) -> Cross attract-skip
A1_CROSS_KEYDOWN_WALL:1789961416.011251184 UPTIME:230 MENU_T+:95
A1_CROSS_HELD_WALL:1789961416.029012018 UPTIME:230
A1_CROSS_KEYUP_WALL:1789961416.546404050 UPTIME:231 MENU_T+:95
ATTEMPT_1 poll01 score mean=0.4329 p99=6 MENU_T+:98
ATTEMPT_1 TITLE-DETECTED at poll01
A1_START_KEYDOWN_WALL:1789961419.282636885 UPTIME:234 MENU_T+:98
A1_START_HELD_WALL:1789961419.301916704 UPTIME:234
A1_START_KEYUP_WALL:1789961419.819579793 UPTIME:234 MENU_T+:98
ATTEMPT_1 post+3 score mean=16.2542 p99=139 MENU_T+:102
ATTEMPT_1 post+8 score mean=16.2958 p99=139
ATTEMPT_1 post+15 score mean=16.2610 p99=139
ATTEMPT_1 post+25 score mean=16.2610 p99=139
ATTEMPT_1 whole815=0.0366 whole1525=0.0201
ATTEMPT_1 post25-vs-menu mean=0.3033 p99=5
ATTEMPT_1 MENU-LIKE (non-title + static) -> park for menu Cross
MENUPRE vs-menu mean=0.2871 p99=5 MENU_T+:136
MENUPRE vs-title mean=16.2610 p99=139
MENU_CROSS_KEYDOWN_WALL:1789961458.476520416 UPTIME:273 MENU_T+:137
MENU_CROSS_HELD_WALL:1789961458.495404795 UPTIME:273
MENU_CROSS_KEYUP_WALL:1789961459.012955571 UPTIME:273 MENU_T+:138
MC post+1 titleband mean=12.5510 p99=164 vs-menu mean=10.2146 p99=106 vs-sc mean=0.4937 p99=8 MENU_T+:141
MC post+3 titleband mean=12.5553 p99=164 vs-menu mean=10.2263 p99=107 vs-sc mean=0.4802 p99=8
MC post+8 titleband mean=12.5378 p99=164 vs-menu mean=10.2214 p99=105 vs-sc mean=0.6106 p99=9
MC post+15 titleband mean=12.5352 p99=164 vs-menu mean=10.1987 p99=105 vs-sc mean=0.4013 p99=6
MC hops whole: pre-post1=10.1193 p1-p3=0.1397 p3-p8=0.2779 p8-p15=0.2473
SC-LIKE (non-menu + static) -> park for Zoe Cross
SCPRE vs-sc mean=0.5694 p99=8 MENU_T+:175
SCPRE vs-menu mean=10.1928 p99=105
SCPRE vs-title mean=12.6237 p99=164
ZOE_CROSS_KEYDOWN_WALL:1789961498.394295434 UPTIME:313 MENU_T+:177
ZOE_CROSS_HELD_WALL:1789961498.412165174 UPTIME:313
ZOE_CROSS_KEYUP_WALL:1789961498.929274546 UPTIME:313 MENU_T+:177
ZC post+1 titleband mean=15.9063 p99=129 vs-sc mean=7.2264 p99=100 vs-zc mean=0.5207 p99=9 MENU_T+:181
ZC post+3 titleband mean=15.8952 p99=129 vs-sc mean=7.2896 p99=101 vs-zc mean=0.4679 p99=8
ZC post+8 titleband mean=15.8525 p99=128 vs-sc mean=7.2079 p99=100 vs-zc mean=0.4127 p99=7
ZC hops whole: pre-post1=7.2200 p1-p3=0.2901 p3-p8=0.2484
ZC-LIKE (departed + non-SC + static) -> park for Continue Cross
CCPRE vs-zc mean=0.4659 p99=8 MENU_T+:204
CCPRE vs-sc mean=7.2911 p99=101
CCPRE vs-title mean=15.8550 p99=128
CONT_CROSS_KEYDOWN_WALL:1789961527.239825908 UPTIME:342 MENU_T+:206
CONT_CROSS_HELD_WALL:1789961527.258136391 UPTIME:342
CONT_CROSS_KEYUP_WALL:1789961527.775483368 UPTIME:342 MENU_T+:206
CC post+1 titleband mean=23.1274 p99=171 vs-zc mean=9.4701 p99=154 vs-menu mean=10.4928 p99=171 MENU_T+:210
CC post+3 titleband mean=23.1279 p99=171 vs-zc mean=9.4641 p99=154 vs-menu mean=10.5051 p99=171
CC post+8 titleband mean=23.1292 p99=171 vs-zc mean=9.4546 p99=154 vs-menu mean=10.4736 p99=171
CC post+15 titleband mean=23.1216 p99=171 vs-zc mean=9.4714 p99=154 vs-menu mean=10.4919 p99=171
CC post+25 titleband mean=23.1279 p99=171 vs-zc mean=9.5256 p99=154 vs-menu mean=10.5465 p99=171
CC post+40 titleband mean=23.1353 p99=171 vs-zc mean=9.4550 p99=154 vs-menu mean=10.4750 p99=171
CC hops whole: pre-post1=9.3257 p1-p3=0.0595 p3-p8=0.0391 p8-p15=0.0195 p15-p25=0.0971 p25-p40=0.0806
CC_STAB1 titleband mean=23.1279 p99=171 vs-zc mean=9.4627 p99=154 MENU_T+:283
CC_STAB2 titleband mean=23.1289 p99=171 vs-zc mean=9.4602 p99=154 MENU_T+:295
CC_STAB3 titleband mean=23.1323 p99=171 vs-zc mean=9.4548 p99=154 MENU_T+:306
CC_STAB4 titleband mean=23.1279 p99=171 vs-zc mean=9.4613 p99=154 MENU_T+:318
CC_STAB5 titleband mean=23.1293 p99=171 vs-zc mean=9.4649 p99=154 MENU_T+:330
CC_STAB6 titleband mean=23.1337 p99=171 vs-zc mean=9.4550 p99=154 MENU_T+:341
