[19:41:57] PRE lease="LEASE_FREE E45 done" keyguard="showing=false" battery=32% status=2
[19:41:57] ENV 122304483db675abf48b6fa883c554f36a5327bb9d1bbe8649466e02622f0629  /storage/emulated/0/Android/data/com.ps2x.runner/files/ps2x.env
[19:41:57 t+    0.0] AM Starting: Intent { cmp=com.ps2x.runner/android.app.NativeActivity }
[19:42:03 t+    6.1] BACK sent
[19:42:05 t+    8.2] LAYER 'RequestedLayerState{Surface(name=e495416 com.ps2x.runner/android.app.NativeActivity)/@0x5cecfee - animation-leash of starting_reveal#7376}'
[19:42:28 t+   31.0] SCAP sc01-periodic-t30.png tick~837
[19:42:49 t+   51.7] SCAP sc02-tick1300-t51.png tick~1306
[19:43:18 t+   80.6] SCAP sc03-tick1800-t80.png tick~1897
[19:43:49 t+  111.5] SCAP sc04-periodic-t111.png tick~2542
[19:43:53 t+  115.8] SCAP sc05-tick2600-t115.png tick~2655
[19:44:24 t+  146.7] SCAP sc06-periodic-t146.png tick~3290
[19:44:55 t+  177.6] SCAP sc07-periodic-t177.png tick~4009
[19:45:26 t+  208.5] SCAP sc08-periodic-t208.png tick~4478
[19:45:57 t+  239.4] SCAP sc09-periodic-t239.png tick~4933
[19:46:27 t+  270.3] SCAP sc10-periodic-t270.png tick~5387
[19:46:58 t+  301.1] SCAP sc11-periodic-t300.png tick~5916
[19:47:29 t+  332.1] SCAP sc12-periodic-t331.png tick~6369
[19:48:00 t+  363.0] SCAP sc13-periodic-t362.png tick~6822
[19:48:31 t+  394.0] SCAP sc14-periodic-t393.png tick~7213
[19:48:58 t+  420.9] SCAP sc15-tick7500-t420.png tick~7501
[19:49:29 t+  451.9] SCAP sc16-periodic-t451.png tick~7760
[19:50:00 t+  482.8] SCAP sc17-periodic-t482.png tick~8043
[19:50:31 t+  513.8] SCAP sc18-periodic-t513.png tick~8346
[19:51:02 t+  544.8] SCAP sc19-periodic-t544.png tick~8616
[19:51:33 t+  575.7] SCAP sc20-periodic-t575.png tick~8864
[19:51:49 t+  592.3] SCAP sc21-tick9000-t592.png tick~9029
[19:51:58 t+  600.5] STOP wall cap 600.0s tick=9115
[19:51:58 t+  600.8] SCAP sc22-final-t600.png tick~9115
[19:51:59 t+  602.1] THREADS
Threads: 25 total,   1 running,  24 sleeping,   0 stopped,   0 zombie
  Mem:  7342756K total,  4747804K used,  2594952K free,      772K buffers
 Swap: 10485752K total,   624076K used,  9861676K free,  2059108K cached
800%cpu 119%user   0%nice  15%sys 658%idle   0%iow   8%irq   0%sirq   0%host
  TID USER         PR  NI VIRT  RES  SHR S[%CPU] %MEM     TIME+ THREAD          PROCESS
14922 u0_a113      10 -10  16G 437M 317M R  103   6.0   9:57.25 GameThread      com.ps2x.runner
14901 u0_a113      10 -10  16G 437M 317M S  7.6   6.0   0:58.91 com.ps2x.runner com.ps2x.runner
16083 u0_a113      20   0  16G 437M 317M S  0.0   6.0   0:00.26 binder:14877_5  com.ps2x.runner
14926 u0_a113      20   0  16G 437M 317M S  0.0   6.0   0:00.32 binder:14877_4  com.ps2x.runner
14925 u0_a113      20   0  16G 437M 317M S  0.0   6.0   0:00.00 InteractionJank com.ps2x.runner
14924 u0_a113      20   0  16G 437M 317M S  0.0   6.0   0:00.46 binder:14877_2  com.ps2x.runner
14920 u0_a113      -3 -10  16G 437M 317M S  0.0   6.0   0:01.15 AAudio_1        com.ps2x.runner
14908 u0_a113      10 -10  16G 437M 317M S  0.0   6.0   0:00.00 com.ps2x.runner com.ps2x.runner
14904 u0_a113      10 -10  16G 437M 317M S  0.0   6.0   0:00.00 VsyncReceiver   com.ps2x.runner
14905 u0_a113      20   0  16G 437M 317M S  0.0   6.0   0:00.00 SurfaceSyncGrou com.ps2x.runner
14906 u0_a113      20   0  16G 437M 317M S  0.0   6.0   0:00.00 InsetsAnimation com.ps2x.runner
14907 u0_a113      20   0  16G 437M 317M S  0.0   6.0   0:00.43 binder:14877_3  com.ps2x.runner
14902 u0_a113      10 -10  16G 437M 317M S  0.0   6.0   0:00.01 com.ps2x.runner com.ps2x.runner
14893 u0_a113      16  -4  16G 437M 317M S  0.0   6.0   0:00.00 RenderThread    com.ps2x.runner
14883 u0_a113       0 -20  16G 437M 317M S  0.0   6.0   0:00.00 ADB-JDWP Connec com.ps2x.runner

[19:51:59 t+  602.1] BATTERY status: 2 level: 33
[19:52:02 t+  604.9] END pid-after=none
