[08:24:13] PRE lease="VR4 2026-09-26T12:20:57Z" keyguard="showing=false" battery=100% ac=true pid0=none
[08:24:13] PRE device-env=090cc981e9f97c9c6007b64e90afaba7ff0b495eae7ede6423bfca826fae29fe mc0-test='' mc0-bad=[]
[08:24:13] APK local sha x2 bc0f2f39c64039618df6e43ab33d0846e6e0da6a61154334be69da3bd40042d2 bc0f2f39c64039618df6e43ab33d0846e6e0da6a61154334be69da3bd40042d2
[08:24:18] INSTALL Performing Streamed Install Success
[08:24:18] INSTALLED /data/app/~~a5VeS5YHflaUauMPh6FwgA==/com.ps2x.runner-greZtHAfljND-5b2gTu-Ig==/base.apk sha=bc0f2f39c64039618df6e43ab33d0846e6e0da6a61154334be69da3bd40042d2 match=True
[08:24:18] ENV c07930a49298d30fd8126344e385fd781acae86afbdd9d601e00f37a753fffd6  /storage/emulated/0/Android/data/com.ps2x.runner/files/ps2x.env
[08:24:18 t+    0.0] AM Starting: Intent { cmp=com.ps2x.runner/android.app.NativeActivity }
[08:24:24 t+    6.1] FOCUS app-foreground, no BACK ('mCurrentFocus=Window{68efde8 u0 com.ps2x.runner/android.app.NativeActivity}')
[08:24:27 t+    8.3] LAYER 'com.ps2x.runner/android.app.NativeActivity#23036' tried=['com.ps2x.runner/android.app.NativeActivity#23026', 'RequestedLayerState{ActivityRecord{992a7ed u0 com.ps2x.runner/android.app.NativeActivity#23026 parentId=23025}', 'com.ps2x.runner/android.app.NativeActivity#23036']
[08:25:00 t+   42.0] CPUWIN start tick=1927
[08:25:10 t+   52.2] SCAP sc01-tick2100-t51.png tick~2175
[08:25:26 t+   67.7] CPUWIN end tick=2561
[08:25:45 t+   86.7] SCAP sc02-tick3000-t86.png tick~3085
[08:26:21 t+  122.6] SCAP sc03-tick4000-t121.png tick~4002
[08:26:41 t+  142.4] STOP tick 4609 >= 4500
[08:26:41 t+  143.1] SCAP sc04-final-t142.png tick~4609
[08:26:43 t+  144.5] THREADS
Threads: 28 total,   1 running,  27 sleeping,   0 stopped,   0 zombie
  Mem:  7342756K total,  4928724K used,  2414032K free,      636K buffers
 Swap: 10485752K total,   723800K used,  9761952K free,  2171420K cached
800%cpu 104%user   0%nice  23%sys 665%idle   0%iow   8%irq   0%sirq   0%host
  TID USER         PR  NI VIRT  RES  SHR S[%CPU] %MEM     TIME+ THREAD          PROCESS
16155 u0_a113      10 -10  17G 755M 514M R 46.1  10.5   0:59.96 MTVU            com.ps2x.runner
16144 u0_a113      10 -10  17G 755M 514M S 34.6  10.5   0:36.72 GameThread      com.ps2x.runner
16121 u0_a113      10 -10  17G 755M 514M S 26.9  10.5   0:31.27 GsWorker        com.ps2x.runner
16154 u0_a113      20   0  17G 755M 514M S  0.0  10.5   0:00.00 InteractionJank com.ps2x.runner
16153 u0_a113      20   0  17G 755M 514M S  0.0  10.5   0:00.00 binder:16099_4  com.ps2x.runner
16146 u0_a113      10 -10  17G 755M 514M S  0.0  10.5   0:00.23 PGS-Waiter      com.ps2x.runner
16145 u0_a113      39  19  17G 755M 514M S  0.0  10.5   0:00.00 com.ps:traceq0  com.ps2x.runner
16143 u0_a113      -3 -10  17G 755M 514M S  0.0  10.5   0:00.51 AAudio_1        com.ps2x.runner
16128 u0_a113      10 -10  17G 755M 514M S  0.0  10.5   0:00.00 com.ps2x.runner com.ps2x.runner
16124 u0_a113      20   0  17G 755M 514M S  0.0  10.5   0:00.00 SurfaceSyncGrou com.ps2x.runner
16126 u0_a113      20   0  17G 755M 514M S  0.0  10.5   0:00.00 binder:16099_4  com.ps2x.runner
16127 u0_a113      20   0  17G 755M 514M S  0.0  10.5   0:00.00 InsetsAnimation com.ps2x.runner
16123 u0_a113      10 -10  17G 755M 514M S  0.0  10.5   0:00.00 VsyncReceiver   com.ps2x.runner
16125 u0_a113      20   0  17G 755M 514M S  0.0  10.5   0:00.12 binder:16099_3  com.ps2x.runner
16118 u0_a113      10 -10  17G 755M 514M S  0.0  10.5   0:00.29 com.ps2x.runner com.ps2x.runner

[08:26:43 t+  144.5] BATTERY status: 5 level: 100
[08:26:46 t+  147.2] RESTORE 090cc981e9f97c9c6007b64e90afaba7ff0b495eae7ede6423bfca826fae29fe match=True
[08:26:46 t+  147.4] MC0-AFTER bad=[]
[08:26:46 t+  147.5] END pid-after=none disconnects=0
