[22:28:40] PRE lease="LEASE_FREE VK1 done" keyguard="showing=false" battery=100% ac=true pid0=none
[22:28:40] PRE device-env=a8d651a7e55f7e29f1345f28f4ea634e06ae757f535e29439ab61c930bcc0ebd mc0-test='' mc0-bad=[]
[22:28:41] APK local sha x2 5cd153da279fb0a61a4f68aa320253fc6f4498b9e1475b331ca4007e90c3c834 5cd153da279fb0a61a4f68aa320253fc6f4498b9e1475b331ca4007e90c3c834
[22:28:44] INSTALL Performing Streamed Install Success
[22:28:44] INSTALLED /data/app/~~cbn-kFvX40vHOTUkzwL84A==/com.ps2x.runner-_3V7UbvdRKbxZ9E24PusNw==/base.apk sha=5cd153da279fb0a61a4f68aa320253fc6f4498b9e1475b331ca4007e90c3c834 match=True
[22:28:44] ENV 26997723cd0ce8559d2f9af2c87adef20abafbfc2d9c51f802608d7e2d1852dd  /storage/emulated/0/Android/data/com.ps2x.runner/files/ps2x.env
[22:28:44 t+    0.1] AM Starting: Intent { cmp=com.ps2x.runner/android.app.NativeActivity }
[22:28:51 t+    6.4] FOCUS app-foreground, no BACK ('mCurrentFocus=Window{92a376f u0 com.ps2x.runner/android.app.NativeActivity}')
[22:28:53 t+    8.7] LAYER 'com.ps2x.runner/android.app.NativeActivity#18942' tried=['com.ps2x.runner/android.app.NativeActivity#18933', 'RequestedLayerState{ActivityRecord{1d24a4a u0 com.ps2x.runner/android.app.NativeActivity#18933 parentId=18932}', 'com.ps2x.runner/android.app.NativeActivity#18942']
[22:29:42 t+   58.1] CPUWIN start tick=1871
[22:30:01 t+   76.7] SCAP sc01-tick2100-t76.png tick~2115
[22:30:36 t+  112.2] CPUWIN end tick=2614
[22:31:07 t+  142.5] SCAP sc02-tick3000-t141.png tick~3065
[22:32:11 t+  207.1] SCAP sc03-tick4000-t206.png tick~4047
[22:32:41 t+  237.2] STOP tick 4572 >= 4500
[22:32:42 t+  237.7] SCAP sc04-final-t237.png tick~4572
[22:32:44 t+  239.3] THREADS
Threads: 27 total,   2 running,  25 sleeping,   0 stopped,   0 zombie
  Mem:  7342756K total,  5133676K used,  2209080K free,      648K buffers
 Swap: 10485752K total,   835276K used,  9650476K free,  2402460K cached
800%cpu  92%user   0%nice  23%sys 673%idle   0%iow   8%irq   4%sirq   0%host
  TID USER         PR  NI VIRT  RES  SHR S[%CPU] %MEM     TIME+ THREAD          PROCESS
28974 u0_a113      10 -10  17G 753M 515M R 73.0  10.5   2:42.50 GameThread      com.ps2x.runner
28943 u0_a113      10 -10  17G 753M 515M R 15.3  10.5   0:36.32 GsWorker        com.ps2x.runner
28971 u0_a113      -3 -10  17G 753M 515M S  3.8  10.5   0:00.84 AAudio_1        com.ps2x.runner
28999 u0_a113      20   0  17G 753M 515M S  0.0  10.5   0:00.00 InteractionJank com.ps2x.runner
28989 u0_a113      20   0  17G 753M 515M S  0.0  10.5   0:00.00 binder:28909_4  com.ps2x.runner
28980 u0_a113      10 -10  17G 753M 515M S  0.0  10.5   0:00.24 PGS-Waiter      com.ps2x.runner
28979 u0_a113      39  19  17G 753M 515M S  0.0  10.5   0:00.00 com.ps:traceq0  com.ps2x.runner
28963 u0_a113      20   0  17G 753M 515M S  0.0  10.5   0:00.06 binder:28909_4  com.ps2x.runner
28962 u0_a113      10 -10  17G 753M 515M S  0.0  10.5   0:00.00 com.ps2x.runner com.ps2x.runner
28950 u0_a113      20   0  17G 753M 515M S  0.0  10.5   0:00.00 InsetsAnimation com.ps2x.runner
28949 u0_a113      20   0  17G 753M 515M S  0.0  10.5   0:00.00 SurfaceSyncGrou com.ps2x.runner
28948 u0_a113      10 -10  17G 753M 515M S  0.0  10.5   0:00.00 VsyncReceiver   com.ps2x.runner
28939 u0_a113      10 -10  17G 753M 515M S  0.0  10.5   0:00.39 Thread-3        com.ps2x.runner
28940 u0_a113      10 -10  17G 753M 515M S  0.0  10.5   0:00.00 com.ps2x.runner com.ps2x.runner
28934 u0_a113      16  -4  17G 753M 515M S  0.0  10.5   0:00.00 RenderThread    com.ps2x.runner

[22:32:44 t+  239.4] BATTERY status: 5 level: 100
[22:32:46 t+  242.1] RESTORE a8d651a7e55f7e29f1345f28f4ea634e06ae757f535e29439ab61c930bcc0ebd match=True
[22:32:46 t+  242.3] MC0-AFTER bad=[]
[22:32:47 t+  242.3] END pid-after=none disconnects=0
