-- The C compiler identification is Clang 23.1.1
-- The CXX compiler identification is Clang 23.1.1
-- Detecting C compiler ABI info
-- Detecting C compiler ABI info - done
-- Check for working C compiler: /Applications/Xcode.app/Contents/Developer/Toolchains/XcodeDefault.xctoolchain/usr/bin/clang - skipped
-- Detecting C compile features
-- Detecting C compile features - done
-- Detecting CXX compiler ABI info
-- Detecting CXX compiler ABI info - done
-- Check for working CXX compiler: /Applications/Xcode.app/Contents/Developer/Toolchains/XcodeDefault.xctoolchain/usr/bin/clang++ - skipped
-- Detecting CXX compile features
-- Detecting CXX compile features - done
-- ARM target detected, fetching sse2neon
-- macOS ARM64 - using default compiler flags
CMake Warning (deprecated) at /Volumes/Extreme SSD/ps2x-i4/raylib-5.5/CMakeLists.txt:1 (cmake_minimum_required):
  Compatibility with CMake < 3.10 will be removed from a future version of
  CMake.

  Update the VERSION argument <min> value.  Or, use the <min>...<max> syntax
  to tell CMake that the project requires at least <min> but has been updated
  to work with policies introduced by <max> or earlier.
This warning is for project developers.  Use -Wno-author or -Wno-deprecated
to suppress it.

-- Performing Test COMPILER_HAS_THOSE_TOGGLES
-- Performing Test COMPILER_HAS_THOSE_TOGGLES - Success
-- Testing if -Werror=pointer-arith can be used -- compiles
-- Testing if -Werror=implicit-function-declaration can be used -- compiles
-- Testing if -fno-strict-aliasing can be used -- compiles
-- Using external GLFW
-- Audio Backend: miniaudio
-- Building raylib static library
-- Generated config types: Release
-- Compiling with the flags:
--   PLATFORM=PLATFORM_DESKTOP_SDL
--   GRAPHICS=GRAPHICS_API_OPENGL_ES2
CMake Warning (author) at /opt/homebrew/share/cmake/Modules/FetchContent.cmake:1968 (message):
  Calling FetchContent_Populate(imgui) is deprecated, call
  FetchContent_MakeAvailable(imgui) instead.  Policy CMP0169 can be set to
  OLD to allow FetchContent_Populate(imgui) to be called directly for now,
  but the ability to call it with declared details will be removed completely
  in a future version.
Call Stack (most recent call first):
  ps2xRuntime/CMakeLists.txt:123 (FetchContent_Populate)
This warning is for project developers.  Use -Wno-author to suppress it.

-- Populating imgui
-- Configuring done (0.7s)
-- Generating done (0.6s)
-- Build files have been written to: /Volumes/Extreme SSD/ps2x-i14/ios-runtime-device/_deps/imgui-subbuild
Command line invocation:
    /Applications/Xcode.app/Contents/Developer/usr/bin/xcodebuild -project imgui-populate.xcodeproj build -configuration Debug -parallelizeTargets -hideShellScriptEnvironment -target ALL_BUILD

ComputePackagePrebuildTargetDependencyGraph

CreateBuildRequest

SendProjectDescription

CreateBuildOperation

ComputeTargetDependencyGraph
note: Building targets in dependency order
note: Target dependency graph (3 targets)
    Target 'ALL_BUILD' in project 'imgui-populate'
        ➜ Explicit dependency on target 'imgui-populate' in project 'imgui-populate'
        ➜ Explicit dependency on target 'ZERO_CHECK' in project 'imgui-populate'
    Target 'imgui-populate' in project 'imgui-populate'
        ➜ Explicit dependency on target 'ZERO_CHECK' in project 'imgui-populate'
    Target 'ZERO_CHECK' in project 'imgui-populate' (no dependencies)

GatherProvisioningInputs

CreateBuildDescription

ExecuteExternalTool /opt/homebrew/opt/llvm/bin/clang -v -E -dM -isysroot /Applications/Xcode.app/Contents/Developer/Platforms/MacOSX.platform/Developer/SDKs/MacOSX27.0.sdk -x c -c /dev/null

Build description signature: 6380af22a3df20c796ebc064c2f175e7
Build description path: /Volumes/Extreme SSD/ps2x-i14/ios-runtime-device/_deps/imgui-subbuild/build/XCBuildData/6380af22a3df20c796ebc064c2f175e7.xcbuilddata
CreateBuildDirectory /Volumes/Extreme\ SSD/ps2x-i14/ios-runtime-device/_deps/imgui-subbuild/build
    cd /Volumes/Extreme\ SSD/ps2x-i14/ios-runtime-device/_deps/imgui-subbuild/imgui-populate.xcodeproj
    builtin-create-build-directory /Volumes/Extreme\ SSD/ps2x-i14/ios-runtime-device/_deps/imgui-subbuild/build

CreateBuildDirectory /var/folders/zg/v8fr50g11gg5xcmmsr57zzq00000gn/C/com.apple.DeveloperTools/27.0-27A266a/Xcode/CompilationCache.noindex
    cd /Volumes/Extreme\ SSD/ps2x-i14/ios-runtime-device/_deps/imgui-subbuild/imgui-populate.xcodeproj
    builtin-create-build-directory /var/folders/zg/v8fr50g11gg5xcmmsr57zzq00000gn/C/com.apple.DeveloperTools/27.0-27A266a/Xcode/CompilationCache.noindex

CreateBuildDirectory /Volumes/Extreme\ SSD/ps2x-i14/ios-runtime-device/_deps/imgui-subbuild/build/Debug
    cd /Volumes/Extreme\ SSD/ps2x-i14/ios-runtime-device/_deps/imgui-subbuild/imgui-populate.xcodeproj
    builtin-create-build-directory /Volumes/Extreme\ SSD/ps2x-i14/ios-runtime-device/_deps/imgui-subbuild/build/Debug

CreateBuildDirectory /Volumes/Extreme\ SSD/ps2x-i14/ios-runtime-device/_deps/imgui-subbuild/build/SwiftExplicitPrecompiledModules
    cd /Volumes/Extreme\ SSD/ps2x-i14/ios-runtime-device/_deps/imgui-subbuild/imgui-populate.xcodeproj
    builtin-create-build-directory /Volumes/Extreme\ SSD/ps2x-i14/ios-runtime-device/_deps/imgui-subbuild/build/SwiftExplicitPrecompiledModules

CreateBuildDirectory /Volumes/Extreme\ SSD/ps2x-i14/ios-runtime-device/_deps/imgui-subbuild/build/ExplicitPrecompiledModules
    cd /Volumes/Extreme\ SSD/ps2x-i14/ios-runtime-device/_deps/imgui-subbuild/imgui-populate.xcodeproj
    builtin-create-build-directory /Volumes/Extreme\ SSD/ps2x-i14/ios-runtime-device/_deps/imgui-subbuild/build/ExplicitPrecompiledModules

CreateBuildDirectory /Volumes/Extreme\ SSD/ps2x-i14/ios-runtime-device/_deps/imgui-subbuild/build/SharedPrecompiledHeaders
    cd /Volumes/Extreme\ SSD/ps2x-i14/ios-runtime-device/_deps/imgui-subbuild/imgui-populate.xcodeproj
    builtin-create-build-directory /Volumes/Extreme\ SSD/ps2x-i14/ios-runtime-device/_deps/imgui-subbuild/build/SharedPrecompiledHeaders

WriteAuxiliaryFile /Volumes/Extreme\ SSD/ps2x-i14/ios-runtime-device/_deps/imgui-subbuild/build/imgui-populate.build/Debug/imgui-populate.build/Script-C53582A0185AA03D3CBBC9A9.sh (in target 'imgui-populate' from project 'imgui-populate')
    cd /Volumes/Extreme\ SSD/ps2x-i14/ios-runtime-device/_deps/imgui-subbuild
    write-file /Volumes/Extreme\ SSD/ps2x-i14/ios-runtime-device/_deps/imgui-subbuild/build/imgui-populate.build/Debug/imgui-populate.build/Script-C53582A0185AA03D3CBBC9A9.sh

WriteAuxiliaryFile /Volumes/Extreme\ SSD/ps2x-i14/ios-runtime-device/_deps/imgui-subbuild/build/imgui-populate.build/Debug/imgui-populate.build/Script-BE962F3BFA85BA65205F91B2.sh (in target 'imgui-populate' from project 'imgui-populate')
    cd /Volumes/Extreme\ SSD/ps2x-i14/ios-runtime-device/_deps/imgui-subbuild
    write-file /Volumes/Extreme\ SSD/ps2x-i14/ios-runtime-device/_deps/imgui-subbuild/build/imgui-populate.build/Debug/imgui-populate.build/Script-BE962F3BFA85BA65205F91B2.sh

WriteAuxiliaryFile /Volumes/Extreme\ SSD/ps2x-i14/ios-runtime-device/_deps/imgui-subbuild/build/imgui-populate.build/Debug/imgui-populate.build/Script-ACE63AA07E858988560FEA7A.sh (in target 'imgui-populate' from project 'imgui-populate')
    cd /Volumes/Extreme\ SSD/ps2x-i14/ios-runtime-device/_deps/imgui-subbuild
    write-file /Volumes/Extreme\ SSD/ps2x-i14/ios-runtime-device/_deps/imgui-subbuild/build/imgui-populate.build/Debug/imgui-populate.build/Script-ACE63AA07E858988560FEA7A.sh

CreateBuildDirectory /Volumes/Extreme\ SSD/ps2x-i14/ios-runtime-device/_deps/imgui-subbuild/build/EagerLinkingTBDs/Debug
    cd /Volumes/Extreme\ SSD/ps2x-i14/ios-runtime-device/_deps/imgui-subbuild/imgui-populate.xcodeproj
    builtin-create-build-directory /Volumes/Extreme\ SSD/ps2x-i14/ios-runtime-device/_deps/imgui-subbuild/build/EagerLinkingTBDs/Debug

WriteAuxiliaryFile /Volumes/Extreme\ SSD/ps2x-i14/ios-runtime-device/_deps/imgui-subbuild/build/imgui-populate.build/Debug/imgui-populate.build/Script-ADB17D97D38E36E7EEC18D78.sh (in target 'imgui-populate' from project 'imgui-populate')
    cd /Volumes/Extreme\ SSD/ps2x-i14/ios-runtime-device/_deps/imgui-subbuild
    write-file /Volumes/Extreme\ SSD/ps2x-i14/ios-runtime-device/_deps/imgui-subbuild/build/imgui-populate.build/Debug/imgui-populate.build/Script-ADB17D97D38E36E7EEC18D78.sh

WriteAuxiliaryFile /Volumes/Extreme\ SSD/ps2x-i14/ios-runtime-device/_deps/imgui-subbuild/build/imgui-populate.build/Debug/imgui-populate.build/Script-F67DF8AF5E96E05A324808C4.sh (in target 'imgui-populate' from project 'imgui-populate')
    cd /Volumes/Extreme\ SSD/ps2x-i14/ios-runtime-device/_deps/imgui-subbuild
    write-file /Volumes/Extreme\ SSD/ps2x-i14/ios-runtime-device/_deps/imgui-subbuild/build/imgui-populate.build/Debug/imgui-populate.build/Script-F67DF8AF5E96E05A324808C4.sh

WriteAuxiliaryFile /Volumes/Extreme\ SSD/ps2x-i14/ios-runtime-device/_deps/imgui-subbuild/build/imgui-populate.build/Debug/imgui-populate.build/Script-9876FC07D4834AEFB2B016E9.sh (in target 'imgui-populate' from project 'imgui-populate')
    cd /Volumes/Extreme\ SSD/ps2x-i14/ios-runtime-device/_deps/imgui-subbuild
    write-file /Volumes/Extreme\ SSD/ps2x-i14/ios-runtime-device/_deps/imgui-subbuild/build/imgui-populate.build/Debug/imgui-populate.build/Script-9876FC07D4834AEFB2B016E9.sh

WriteAuxiliaryFile /Volumes/Extreme\ SSD/ps2x-i14/ios-runtime-device/_deps/imgui-subbuild/build/imgui-populate.build/Debug/imgui-populate.build/Script-8649E1E6693384459EF84E39.sh (in target 'imgui-populate' from project 'imgui-populate')
    cd /Volumes/Extreme\ SSD/ps2x-i14/ios-runtime-device/_deps/imgui-subbuild
    write-file /Volumes/Extreme\ SSD/ps2x-i14/ios-runtime-device/_deps/imgui-subbuild/build/imgui-populate.build/Debug/imgui-populate.build/Script-8649E1E6693384459EF84E39.sh

WriteAuxiliaryFile /Volumes/Extreme\ SSD/ps2x-i14/ios-runtime-device/_deps/imgui-subbuild/build/imgui-populate.build/Debug/imgui-populate.build/Script-7C812DD5551B06CAA330E267.sh (in target 'imgui-populate' from project 'imgui-populate')
    cd /Volumes/Extreme\ SSD/ps2x-i14/ios-runtime-device/_deps/imgui-subbuild
    write-file /Volumes/Extreme\ SSD/ps2x-i14/ios-runtime-device/_deps/imgui-subbuild/build/imgui-populate.build/Debug/imgui-populate.build/Script-7C812DD5551B06CAA330E267.sh

WriteAuxiliaryFile /Volumes/Extreme\ SSD/ps2x-i14/ios-runtime-device/_deps/imgui-subbuild/build/imgui-populate.build/Debug/imgui-populate.build/Script-65FBA5C7EA38F88A765D5A06.sh (in target 'imgui-populate' from project 'imgui-populate')
    cd /Volumes/Extreme\ SSD/ps2x-i14/ios-runtime-device/_deps/imgui-subbuild
    write-file /Volumes/Extreme\ SSD/ps2x-i14/ios-runtime-device/_deps/imgui-subbuild/build/imgui-populate.build/Debug/imgui-populate.build/Script-65FBA5C7EA38F88A765D5A06.sh

WriteAuxiliaryFile /Volumes/Extreme\ SSD/ps2x-i14/ios-runtime-device/_deps/imgui-subbuild/build/imgui-populate.build/Debug/imgui-populate.build/Script-473DF3028DFABEB38D911A02.sh (in target 'imgui-populate' from project 'imgui-populate')
    cd /Volumes/Extreme\ SSD/ps2x-i14/ios-runtime-device/_deps/imgui-subbuild
    write-file /Volumes/Extreme\ SSD/ps2x-i14/ios-runtime-device/_deps/imgui-subbuild/build/imgui-populate.build/Debug/imgui-populate.build/Script-473DF3028DFABEB38D911A02.sh

WriteAuxiliaryFile /Volumes/Extreme\ SSD/ps2x-i14/ios-runtime-device/_deps/imgui-subbuild/build/imgui-populate.build/Debug/ZERO_CHECK.build/Script-25FEA414A1838D4C5155C1EB.sh (in target 'ZERO_CHECK' from project 'imgui-populate')
    cd /Volumes/Extreme\ SSD/ps2x-i14/ios-runtime-device/_deps/imgui-subbuild
    write-file /Volumes/Extreme\ SSD/ps2x-i14/ios-runtime-device/_deps/imgui-subbuild/build/imgui-populate.build/Debug/ZERO_CHECK.build/Script-25FEA414A1838D4C5155C1EB.sh

WriteAuxiliaryFile /Volumes/Extreme\ SSD/ps2x-i14/ios-runtime-device/_deps/imgui-subbuild/build/imgui-populate.build/Debug/ALL_BUILD.build/Script-6A46864B302A7E20FF892BCC.sh (in target 'ALL_BUILD' from project 'imgui-populate')
    cd /Volumes/Extreme\ SSD/ps2x-i14/ios-runtime-device/_deps/imgui-subbuild
    write-file /Volumes/Extreme\ SSD/ps2x-i14/ios-runtime-device/_deps/imgui-subbuild/build/imgui-populate.build/Debug/ALL_BUILD.build/Script-6A46864B302A7E20FF892BCC.sh

PhaseScriptExecution Generate\ CMakeFiles/ZERO_CHECK /Volumes/Extreme\ SSD/ps2x-i14/ios-runtime-device/_deps/imgui-subbuild/build/imgui-populate.build/Debug/ZERO_CHECK.build/Script-25FEA414A1838D4C5155C1EB.sh (in target 'ZERO_CHECK' from project 'imgui-populate')
    cd /Volumes/Extreme\ SSD/ps2x-i14/ios-runtime-device/_deps/imgui-subbuild
    /bin/sh -c /Volumes/Extreme\\\ SSD/ps2x-i14/ios-runtime-device/_deps/imgui-subbuild/build/imgui-populate.build/Debug/ZERO_CHECK.build/Script-25FEA414A1838D4C5155C1EB.sh
make: `/Volumes/Extreme SSD/ps2x-i14/ios-runtime-device/_deps/imgui-subbuild/CMakeFiles/cmake.check_cache' is up to date.

PhaseScriptExecution Generate\ imgui-populate-prefix/src/imgui-populate-stamp/$(CONFIGURATION)$(EFFECTIVE_PLATFORM_NAME)/imgui-populate-mkdir /Volumes/Extreme\ SSD/ps2x-i14/ios-runtime-device/_deps/imgui-subbuild/build/imgui-populate.build/Debug/imgui-populate.build/Script-473DF3028DFABEB38D911A02.sh (in target 'imgui-populate' from project 'imgui-populate')
    cd /Volumes/Extreme\ SSD/ps2x-i14/ios-runtime-device/_deps/imgui-subbuild
    /bin/sh -c /Volumes/Extreme\\\ SSD/ps2x-i14/ios-runtime-device/_deps/imgui-subbuild/build/imgui-populate.build/Debug/imgui-populate.build/Script-473DF3028DFABEB38D911A02.sh

PhaseScriptExecution Generate\ imgui-populate-prefix/src/imgui-populate-stamp/$(CONFIGURATION)$(EFFECTIVE_PLATFORM_NAME)/imgui-populate-download /Volumes/Extreme\ SSD/ps2x-i14/ios-runtime-device/_deps/imgui-subbuild/build/imgui-populate.build/Debug/imgui-populate.build/Script-ACE63AA07E858988560FEA7A.sh (in target 'imgui-populate' from project 'imgui-populate')
    cd /Volumes/Extreme\ SSD/ps2x-i14/ios-runtime-device/_deps/imgui-subbuild
    /bin/sh -c /Volumes/Extreme\\\ SSD/ps2x-i14/ios-runtime-device/_deps/imgui-subbuild/build/imgui-populate.build/Debug/imgui-populate.build/Script-ACE63AA07E858988560FEA7A.sh
Cloning into 'imgui-src'...
error: non-monotonic index .git/objects/pack/._pack-39ec666c5197d4a9ff05d30eb3795900e6f41cbd.idx
error: non-monotonic index .git/objects/pack/._pack-39ec666c5197d4a9ff05d30eb3795900e6f41cbd.idx
HEAD is now at b1bcb12 Merge branch 'master' into docking
Command PhaseScriptExecution emitted errors but did not return a nonzero exit code to indicate failure

PhaseScriptExecution Generate\ imgui-populate-prefix/src/imgui-populate-stamp/$(CONFIGURATION)$(EFFECTIVE_PLATFORM_NAME)/imgui-populate-update /Volumes/Extreme\ SSD/ps2x-i14/ios-runtime-device/_deps/imgui-subbuild/build/imgui-populate.build/Debug/imgui-populate.build/Script-ADB17D97D38E36E7EEC18D78.sh (in target 'imgui-populate' from project 'imgui-populate')
    cd /Volumes/Extreme\ SSD/ps2x-i14/ios-runtime-device/_deps/imgui-subbuild
    /bin/sh -c /Volumes/Extreme\\\ SSD/ps2x-i14/ios-runtime-device/_deps/imgui-subbuild/build/imgui-populate.build/Debug/imgui-populate.build/Script-ADB17D97D38E36E7EEC18D78.sh
-- Already at requested tag: v1.92.7-docking

PhaseScriptExecution Generate\ imgui-populate-prefix/src/imgui-populate-stamp/$(CONFIGURATION)$(EFFECTIVE_PLATFORM_NAME)/imgui-populate-patch /Volumes/Extreme\ SSD/ps2x-i14/ios-runtime-device/_deps/imgui-subbuild/build/imgui-populate.build/Debug/imgui-populate.build/Script-BE962F3BFA85BA65205F91B2.sh (in target 'imgui-populate' from project 'imgui-populate')
    cd /Volumes/Extreme\ SSD/ps2x-i14/ios-runtime-device/_deps/imgui-subbuild
    /bin/sh -c /Volumes/Extreme\\\ SSD/ps2x-i14/ios-runtime-device/_deps/imgui-subbuild/build/imgui-populate.build/Debug/imgui-populate.build/Script-BE962F3BFA85BA65205F91B2.sh

PhaseScriptExecution Generate\ imgui-populate-prefix/src/imgui-populate-stamp/$(CONFIGURATION)$(EFFECTIVE_PLATFORM_NAME)/imgui-populate-configure /Volumes/Extreme\ SSD/ps2x-i14/ios-runtime-device/_deps/imgui-subbuild/build/imgui-populate.build/Debug/imgui-populate.build/Script-F67DF8AF5E96E05A324808C4.sh (in target 'imgui-populate' from project 'imgui-populate')
    cd /Volumes/Extreme\ SSD/ps2x-i14/ios-runtime-device/_deps/imgui-subbuild
    /bin/sh -c /Volumes/Extreme\\\ SSD/ps2x-i14/ios-runtime-device/_deps/imgui-subbuild/build/imgui-populate.build/Debug/imgui-populate.build/Script-F67DF8AF5E96E05A324808C4.sh

PhaseScriptExecution Generate\ imgui-populate-prefix/src/imgui-populate-stamp/$(CONFIGURATION)$(EFFECTIVE_PLATFORM_NAME)/imgui-populate-build /Volumes/Extreme\ SSD/ps2x-i14/ios-runtime-device/_deps/imgui-subbuild/build/imgui-populate.build/Debug/imgui-populate.build/Script-65FBA5C7EA38F88A765D5A06.sh (in target 'imgui-populate' from project 'imgui-populate')
    cd /Volumes/Extreme\ SSD/ps2x-i14/ios-runtime-device/_deps/imgui-subbuild
    /bin/sh -c /Volumes/Extreme\\\ SSD/ps2x-i14/ios-runtime-device/_deps/imgui-subbuild/build/imgui-populate.build/Debug/imgui-populate.build/Script-65FBA5C7EA38F88A765D5A06.sh

PhaseScriptExecution Generate\ imgui-populate-prefix/src/imgui-populate-stamp/$(CONFIGURATION)$(EFFECTIVE_PLATFORM_NAME)/imgui-populate-install /Volumes/Extreme\ SSD/ps2x-i14/ios-runtime-device/_deps/imgui-subbuild/build/imgui-populate.build/Debug/imgui-populate.build/Script-8649E1E6693384459EF84E39.sh (in target 'imgui-populate' from project 'imgui-populate')
    cd /Volumes/Extreme\ SSD/ps2x-i14/ios-runtime-device/_deps/imgui-subbuild
    /bin/sh -c /Volumes/Extreme\\\ SSD/ps2x-i14/ios-runtime-device/_deps/imgui-subbuild/build/imgui-populate.build/Debug/imgui-populate.build/Script-8649E1E6693384459EF84E39.sh

PhaseScriptExecution Generate\ imgui-populate-prefix/src/imgui-populate-stamp/$(CONFIGURATION)$(EFFECTIVE_PLATFORM_NAME)/imgui-populate-test /Volumes/Extreme\ SSD/ps2x-i14/ios-runtime-device/_deps/imgui-subbuild/build/imgui-populate.build/Debug/imgui-populate.build/Script-C53582A0185AA03D3CBBC9A9.sh (in target 'imgui-populate' from project 'imgui-populate')
    cd /Volumes/Extreme\ SSD/ps2x-i14/ios-runtime-device/_deps/imgui-subbuild
    /bin/sh -c /Volumes/Extreme\\\ SSD/ps2x-i14/ios-runtime-device/_deps/imgui-subbuild/build/imgui-populate.build/Debug/imgui-populate.build/Script-C53582A0185AA03D3CBBC9A9.sh

PhaseScriptExecution Generate\ CMakeFiles/$(CONFIGURATION)$(EFFECTIVE_PLATFORM_NAME)/imgui-populate-complete /Volumes/Extreme\ SSD/ps2x-i14/ios-runtime-device/_deps/imgui-subbuild/build/imgui-populate.build/Debug/imgui-populate.build/Script-7C812DD5551B06CAA330E267.sh (in target 'imgui-populate' from project 'imgui-populate')
    cd /Volumes/Extreme\ SSD/ps2x-i14/ios-runtime-device/_deps/imgui-subbuild
    /bin/sh -c /Volumes/Extreme\\\ SSD/ps2x-i14/ios-runtime-device/_deps/imgui-subbuild/build/imgui-populate.build/Debug/imgui-populate.build/Script-7C812DD5551B06CAA330E267.sh

PhaseScriptExecution Generate\ CMakeFiles/imgui-populate /Volumes/Extreme\ SSD/ps2x-i14/ios-runtime-device/_deps/imgui-subbuild/build/imgui-populate.build/Debug/imgui-populate.build/Script-9876FC07D4834AEFB2B016E9.sh (in target 'imgui-populate' from project 'imgui-populate')
    cd /Volumes/Extreme\ SSD/ps2x-i14/ios-runtime-device/_deps/imgui-subbuild
    /bin/sh -c /Volumes/Extreme\\\ SSD/ps2x-i14/ios-runtime-device/_deps/imgui-subbuild/build/imgui-populate.build/Debug/imgui-populate.build/Script-9876FC07D4834AEFB2B016E9.sh

PhaseScriptExecution Generate\ CMakeFiles/ALL_BUILD /Volumes/Extreme\ SSD/ps2x-i14/ios-runtime-device/_deps/imgui-subbuild/build/imgui-populate.build/Debug/ALL_BUILD.build/Script-6A46864B302A7E20FF892BCC.sh (in target 'ALL_BUILD' from project 'imgui-populate')
    cd /Volumes/Extreme\ SSD/ps2x-i14/ios-runtime-device/_deps/imgui-subbuild
    /bin/sh -c /Volumes/Extreme\\\ SSD/ps2x-i14/ios-runtime-device/_deps/imgui-subbuild/build/imgui-populate.build/Debug/ALL_BUILD.build/Script-6A46864B302A7E20FF892BCC.sh
Build all projects

PruneExplicitPrecompiledModules /Volumes/Extreme SSD/ps2x-i14/ios-runtime-device/_deps/imgui-subbuild/build/ExplicitPrecompiledModules

PruneExplicitPrecompiledModules /Volumes/Extreme SSD/ps2x-i14/ios-runtime-device/_deps/imgui-subbuild/build/SwiftExplicitPrecompiledModules

note: Run script build phase 'Generate imgui-populate-prefix/src/imgui-populate-stamp/$(CONFIGURATION)$(EFFECTIVE_PLATFORM_NAME)/imgui-populate-update' will be run during every build because the option to run the script phase "Based on dependency analysis" is unchecked. (in target 'imgui-populate' from project 'imgui-populate')
note: Run script build phase 'Generate CMakeFiles/imgui-populate' will be run during every build because the option to run the script phase "Based on dependency analysis" is unchecked. (in target 'imgui-populate' from project 'imgui-populate')
note: Run script build phase 'Generate CMakeFiles/$(CONFIGURATION)$(EFFECTIVE_PLATFORM_NAME)/imgui-populate-complete' will be run during every build because the option to run the script phase "Based on dependency analysis" is unchecked. (in target 'imgui-populate' from project 'imgui-populate')
note: Run script build phase 'Generate imgui-populate-prefix/src/imgui-populate-stamp/$(CONFIGURATION)$(EFFECTIVE_PLATFORM_NAME)/imgui-populate-patch' will be run during every build because the option to run the script phase "Based on dependency analysis" is unchecked. (in target 'imgui-populate' from project 'imgui-populate')
note: Run script build phase 'Generate CMakeFiles/ZERO_CHECK' will be run during every build because the option to run the script phase "Based on dependency analysis" is unchecked. (in target 'ZERO_CHECK' from project 'imgui-populate')
note: Run script build phase 'Generate CMakeFiles/ALL_BUILD' will be run during every build because the option to run the script phase "Based on dependency analysis" is unchecked. (in target 'ALL_BUILD' from project 'imgui-populate')
** BUILD SUCCEEDED **

CMake Warning (author) at /opt/homebrew/share/cmake/Modules/FetchContent.cmake:1968 (message):
  Calling FetchContent_Populate(rlImGui) is deprecated, call
  FetchContent_MakeAvailable(rlImGui) instead.  Policy CMP0169 can be set to
  OLD to allow FetchContent_Populate(rlImGui) to be called directly for now,
  but the ability to call it with declared details will be removed completely
  in a future version.
Call Stack (most recent call first):
  ps2xRuntime/CMakeLists.txt:146 (FetchContent_Populate)
This warning is for project developers.  Use -Wno-author to suppress it.

-- Populating rlimgui
-- Configuring done (0.6s)
-- Generating done (0.5s)
-- Build files have been written to: /Volumes/Extreme SSD/ps2x-i14/ios-runtime-device/_deps/rlimgui-subbuild
Command line invocation:
    /Applications/Xcode.app/Contents/Developer/usr/bin/xcodebuild -project rlimgui-populate.xcodeproj build -configuration Debug -parallelizeTargets -hideShellScriptEnvironment -target ALL_BUILD

ComputePackagePrebuildTargetDependencyGraph

CreateBuildRequest

SendProjectDescription

CreateBuildOperation

ComputeTargetDependencyGraph
note: Building targets in dependency order
note: Target dependency graph (3 targets)
    Target 'ALL_BUILD' in project 'rlimgui-populate'
        ➜ Explicit dependency on target 'rlimgui-populate' in project 'rlimgui-populate'
        ➜ Explicit dependency on target 'ZERO_CHECK' in project 'rlimgui-populate'
    Target 'rlimgui-populate' in project 'rlimgui-populate'
        ➜ Explicit dependency on target 'ZERO_CHECK' in project 'rlimgui-populate'
    Target 'ZERO_CHECK' in project 'rlimgui-populate' (no dependencies)

GatherProvisioningInputs

CreateBuildDescription

ExecuteExternalTool /opt/homebrew/opt/llvm/bin/clang -v -E -dM -isysroot /Applications/Xcode.app/Contents/Developer/Platforms/MacOSX.platform/Developer/SDKs/MacOSX27.0.sdk -x c -c /dev/null

Build description signature: cea106c441554f71c7b73be5cad5828d
Build description path: /Volumes/Extreme SSD/ps2x-i14/ios-runtime-device/_deps/rlimgui-subbuild/build/XCBuildData/cea106c441554f71c7b73be5cad5828d.xcbuilddata
CreateBuildDirectory /Volumes/Extreme\ SSD/ps2x-i14/ios-runtime-device/_deps/rlimgui-subbuild/build
    cd /Volumes/Extreme\ SSD/ps2x-i14/ios-runtime-device/_deps/rlimgui-subbuild/rlimgui-populate.xcodeproj
    builtin-create-build-directory /Volumes/Extreme\ SSD/ps2x-i14/ios-runtime-device/_deps/rlimgui-subbuild/build

CreateBuildDirectory /var/folders/zg/v8fr50g11gg5xcmmsr57zzq00000gn/C/com.apple.DeveloperTools/27.0-27A266a/Xcode/CompilationCache.noindex
    cd /Volumes/Extreme\ SSD/ps2x-i14/ios-runtime-device/_deps/rlimgui-subbuild/rlimgui-populate.xcodeproj
    builtin-create-build-directory /var/folders/zg/v8fr50g11gg5xcmmsr57zzq00000gn/C/com.apple.DeveloperTools/27.0-27A266a/Xcode/CompilationCache.noindex

CreateBuildDirectory /Volumes/Extreme\ SSD/ps2x-i14/ios-runtime-device/_deps/rlimgui-subbuild/build/SharedPrecompiledHeaders
    cd /Volumes/Extreme\ SSD/ps2x-i14/ios-runtime-device/_deps/rlimgui-subbuild/rlimgui-populate.xcodeproj
    builtin-create-build-directory /Volumes/Extreme\ SSD/ps2x-i14/ios-runtime-device/_deps/rlimgui-subbuild/build/SharedPrecompiledHeaders

CreateBuildDirectory /Volumes/Extreme\ SSD/ps2x-i14/ios-runtime-device/_deps/rlimgui-subbuild/build/ExplicitPrecompiledModules
    cd /Volumes/Extreme\ SSD/ps2x-i14/ios-runtime-device/_deps/rlimgui-subbuild/rlimgui-populate.xcodeproj
    builtin-create-build-directory /Volumes/Extreme\ SSD/ps2x-i14/ios-runtime-device/_deps/rlimgui-subbuild/build/ExplicitPrecompiledModules

CreateBuildDirectory /Volumes/Extreme\ SSD/ps2x-i14/ios-runtime-device/_deps/rlimgui-subbuild/build/SwiftExplicitPrecompiledModules
    cd /Volumes/Extreme\ SSD/ps2x-i14/ios-runtime-device/_deps/rlimgui-subbuild/rlimgui-populate.xcodeproj
    builtin-create-build-directory /Volumes/Extreme\ SSD/ps2x-i14/ios-runtime-device/_deps/rlimgui-subbuild/build/SwiftExplicitPrecompiledModules

CreateBuildDirectory /Volumes/Extreme\ SSD/ps2x-i14/ios-runtime-device/_deps/rlimgui-subbuild/build/Debug
    cd /Volumes/Extreme\ SSD/ps2x-i14/ios-runtime-device/_deps/rlimgui-subbuild/rlimgui-populate.xcodeproj
    builtin-create-build-directory /Volumes/Extreme\ SSD/ps2x-i14/ios-runtime-device/_deps/rlimgui-subbuild/build/Debug

WriteAuxiliaryFile /Volumes/Extreme\ SSD/ps2x-i14/ios-runtime-device/_deps/rlimgui-subbuild/build/rlimgui-populate.build/Debug/rlimgui-populate.build/Script-7A705CE4878BB4E2635E30C7.sh (in target 'rlimgui-populate' from project 'rlimgui-populate')
    cd /Volumes/Extreme\ SSD/ps2x-i14/ios-runtime-device/_deps/rlimgui-subbuild
    write-file /Volumes/Extreme\ SSD/ps2x-i14/ios-runtime-device/_deps/rlimgui-subbuild/build/rlimgui-populate.build/Debug/rlimgui-populate.build/Script-7A705CE4878BB4E2635E30C7.sh

CreateBuildDirectory /Volumes/Extreme\ SSD/ps2x-i14/ios-runtime-device/_deps/rlimgui-subbuild/build/EagerLinkingTBDs/Debug
    cd /Volumes/Extreme\ SSD/ps2x-i14/ios-runtime-device/_deps/rlimgui-subbuild/rlimgui-populate.xcodeproj
    builtin-create-build-directory /Volumes/Extreme\ SSD/ps2x-i14/ios-runtime-device/_deps/rlimgui-subbuild/build/EagerLinkingTBDs/Debug

WriteAuxiliaryFile /Volumes/Extreme\ SSD/ps2x-i14/ios-runtime-device/_deps/rlimgui-subbuild/build/rlimgui-populate.build/Debug/rlimgui-populate.build/Script-E96C6ACD40CD243EB75B2AA1.sh (in target 'rlimgui-populate' from project 'rlimgui-populate')
    cd /Volumes/Extreme\ SSD/ps2x-i14/ios-runtime-device/_deps/rlimgui-subbuild
    write-file /Volumes/Extreme\ SSD/ps2x-i14/ios-runtime-device/_deps/rlimgui-subbuild/build/rlimgui-populate.build/Debug/rlimgui-populate.build/Script-E96C6ACD40CD243EB75B2AA1.sh

WriteAuxiliaryFile /Volumes/Extreme\ SSD/ps2x-i14/ios-runtime-device/_deps/rlimgui-subbuild/build/rlimgui-populate.build/Debug/rlimgui-populate.build/Script-6327B42AF9FFD4CBA67CDB6A.sh (in target 'rlimgui-populate' from project 'rlimgui-populate')
    cd /Volumes/Extreme\ SSD/ps2x-i14/ios-runtime-device/_deps/rlimgui-subbuild
    write-file /Volumes/Extreme\ SSD/ps2x-i14/ios-runtime-device/_deps/rlimgui-subbuild/build/rlimgui-populate.build/Debug/rlimgui-populate.build/Script-6327B42AF9FFD4CBA67CDB6A.sh

WriteAuxiliaryFile /Volumes/Extreme\ SSD/ps2x-i14/ios-runtime-device/_deps/rlimgui-subbuild/build/rlimgui-populate.build/Debug/rlimgui-populate.build/Script-E73B22B9FF289EE579C06D1F.sh (in target 'rlimgui-populate' from project 'rlimgui-populate')
    cd /Volumes/Extreme\ SSD/ps2x-i14/ios-runtime-device/_deps/rlimgui-subbuild
    write-file /Volumes/Extreme\ SSD/ps2x-i14/ios-runtime-device/_deps/rlimgui-subbuild/build/rlimgui-populate.build/Debug/rlimgui-populate.build/Script-E73B22B9FF289EE579C06D1F.sh

WriteAuxiliaryFile /Volumes/Extreme\ SSD/ps2x-i14/ios-runtime-device/_deps/rlimgui-subbuild/build/rlimgui-populate.build/Debug/rlimgui-populate.build/Script-C90D2342645B23CCB9A59010.sh (in target 'rlimgui-populate' from project 'rlimgui-populate')
    cd /Volumes/Extreme\ SSD/ps2x-i14/ios-runtime-device/_deps/rlimgui-subbuild
    write-file /Volumes/Extreme\ SSD/ps2x-i14/ios-runtime-device/_deps/rlimgui-subbuild/build/rlimgui-populate.build/Debug/rlimgui-populate.build/Script-C90D2342645B23CCB9A59010.sh

WriteAuxiliaryFile /Volumes/Extreme\ SSD/ps2x-i14/ios-runtime-device/_deps/rlimgui-subbuild/build/rlimgui-populate.build/Debug/rlimgui-populate.build/Script-5540F38D9F4D71787B51D922.sh (in target 'rlimgui-populate' from project 'rlimgui-populate')
    cd /Volumes/Extreme\ SSD/ps2x-i14/ios-runtime-device/_deps/rlimgui-subbuild
    write-file /Volumes/Extreme\ SSD/ps2x-i14/ios-runtime-device/_deps/rlimgui-subbuild/build/rlimgui-populate.build/Debug/rlimgui-populate.build/Script-5540F38D9F4D71787B51D922.sh

WriteAuxiliaryFile /Volumes/Extreme\ SSD/ps2x-i14/ios-runtime-device/_deps/rlimgui-subbuild/build/rlimgui-populate.build/Debug/rlimgui-populate.build/Script-5153F8973C1EF56C8D375FE5.sh (in target 'rlimgui-populate' from project 'rlimgui-populate')
    cd /Volumes/Extreme\ SSD/ps2x-i14/ios-runtime-device/_deps/rlimgui-subbuild
    write-file /Volumes/Extreme\ SSD/ps2x-i14/ios-runtime-device/_deps/rlimgui-subbuild/build/rlimgui-populate.build/Debug/rlimgui-populate.build/Script-5153F8973C1EF56C8D375FE5.sh

WriteAuxiliaryFile /Volumes/Extreme\ SSD/ps2x-i14/ios-runtime-device/_deps/rlimgui-subbuild/build/rlimgui-populate.build/Debug/rlimgui-populate.build/Script-4F2EACD6999725F92835ECD2.sh (in target 'rlimgui-populate' from project 'rlimgui-populate')
    cd /Volumes/Extreme\ SSD/ps2x-i14/ios-runtime-device/_deps/rlimgui-subbuild
    write-file /Volumes/Extreme\ SSD/ps2x-i14/ios-runtime-device/_deps/rlimgui-subbuild/build/rlimgui-populate.build/Debug/rlimgui-populate.build/Script-4F2EACD6999725F92835ECD2.sh

WriteAuxiliaryFile /Volumes/Extreme\ SSD/ps2x-i14/ios-runtime-device/_deps/rlimgui-subbuild/build/rlimgui-populate.build/Debug/rlimgui-populate.build/Script-152158E7507B11C6ADEB1D0E.sh (in target 'rlimgui-populate' from project 'rlimgui-populate')
    cd /Volumes/Extreme\ SSD/ps2x-i14/ios-runtime-device/_deps/rlimgui-subbuild
    write-file /Volumes/Extreme\ SSD/ps2x-i14/ios-runtime-device/_deps/rlimgui-subbuild/build/rlimgui-populate.build/Debug/rlimgui-populate.build/Script-152158E7507B11C6ADEB1D0E.sh

WriteAuxiliaryFile /Volumes/Extreme\ SSD/ps2x-i14/ios-runtime-device/_deps/rlimgui-subbuild/build/rlimgui-populate.build/Debug/rlimgui-populate.build/Script-01C93D98D62B26667F892027.sh (in target 'rlimgui-populate' from project 'rlimgui-populate')
    cd /Volumes/Extreme\ SSD/ps2x-i14/ios-runtime-device/_deps/rlimgui-subbuild
    write-file /Volumes/Extreme\ SSD/ps2x-i14/ios-runtime-device/_deps/rlimgui-subbuild/build/rlimgui-populate.build/Debug/rlimgui-populate.build/Script-01C93D98D62B26667F892027.sh

WriteAuxiliaryFile /Volumes/Extreme\ SSD/ps2x-i14/ios-runtime-device/_deps/rlimgui-subbuild/build/rlimgui-populate.build/Debug/ZERO_CHECK.build/Script-154A141C73C9B6227E7382FB.sh (in target 'ZERO_CHECK' from project 'rlimgui-populate')
    cd /Volumes/Extreme\ SSD/ps2x-i14/ios-runtime-device/_deps/rlimgui-subbuild
    write-file /Volumes/Extreme\ SSD/ps2x-i14/ios-runtime-device/_deps/rlimgui-subbuild/build/rlimgui-populate.build/Debug/ZERO_CHECK.build/Script-154A141C73C9B6227E7382FB.sh

WriteAuxiliaryFile /Volumes/Extreme\ SSD/ps2x-i14/ios-runtime-device/_deps/rlimgui-subbuild/build/rlimgui-populate.build/Debug/ALL_BUILD.build/Script-4A60D735E660C0A4E5CE60FE.sh (in target 'ALL_BUILD' from project 'rlimgui-populate')
    cd /Volumes/Extreme\ SSD/ps2x-i14/ios-runtime-device/_deps/rlimgui-subbuild
    write-file /Volumes/Extreme\ SSD/ps2x-i14/ios-runtime-device/_deps/rlimgui-subbuild/build/rlimgui-populate.build/Debug/ALL_BUILD.build/Script-4A60D735E660C0A4E5CE60FE.sh

PhaseScriptExecution Generate\ CMakeFiles/ZERO_CHECK /Volumes/Extreme\ SSD/ps2x-i14/ios-runtime-device/_deps/rlimgui-subbuild/build/rlimgui-populate.build/Debug/ZERO_CHECK.build/Script-154A141C73C9B6227E7382FB.sh (in target 'ZERO_CHECK' from project 'rlimgui-populate')
    cd /Volumes/Extreme\ SSD/ps2x-i14/ios-runtime-device/_deps/rlimgui-subbuild
    /bin/sh -c /Volumes/Extreme\\\ SSD/ps2x-i14/ios-runtime-device/_deps/rlimgui-subbuild/build/rlimgui-populate.build/Debug/ZERO_CHECK.build/Script-154A141C73C9B6227E7382FB.sh
make: `/Volumes/Extreme SSD/ps2x-i14/ios-runtime-device/_deps/rlimgui-subbuild/CMakeFiles/cmake.check_cache' is up to date.

PhaseScriptExecution Generate\ rlimgui-populate-prefix/src/rlimgui-populate-stamp/$(CONFIGURATION)$(EFFECTIVE_PLATFORM_NAME)/rlimgui-populate-mkdir /Volumes/Extreme\ SSD/ps2x-i14/ios-runtime-device/_deps/rlimgui-subbuild/build/rlimgui-populate.build/Debug/rlimgui-populate.build/Script-E96C6ACD40CD243EB75B2AA1.sh (in target 'rlimgui-populate' from project 'rlimgui-populate')
    cd /Volumes/Extreme\ SSD/ps2x-i14/ios-runtime-device/_deps/rlimgui-subbuild
    /bin/sh -c /Volumes/Extreme\\\ SSD/ps2x-i14/ios-runtime-device/_deps/rlimgui-subbuild/build/rlimgui-populate.build/Debug/rlimgui-populate.build/Script-E96C6ACD40CD243EB75B2AA1.sh

PhaseScriptExecution Generate\ rlimgui-populate-prefix/src/rlimgui-populate-stamp/$(CONFIGURATION)$(EFFECTIVE_PLATFORM_NAME)/rlimgui-populate-download /Volumes/Extreme\ SSD/ps2x-i14/ios-runtime-device/_deps/rlimgui-subbuild/build/rlimgui-populate.build/Debug/rlimgui-populate.build/Script-01C93D98D62B26667F892027.sh (in target 'rlimgui-populate' from project 'rlimgui-populate')
    cd /Volumes/Extreme\ SSD/ps2x-i14/ios-runtime-device/_deps/rlimgui-subbuild
    /bin/sh -c /Volumes/Extreme\\\ SSD/ps2x-i14/ios-runtime-device/_deps/rlimgui-subbuild/build/rlimgui-populate.build/Debug/rlimgui-populate.build/Script-01C93D98D62B26667F892027.sh
Cloning into 'rlimgui-src'...
error: non-monotonic index .git/objects/pack/._pack-907f41e02a69b2781e20040a69ba8dece28b3913.idx
error: non-monotonic index .git/objects/pack/._pack-907f41e02a69b2781e20040a69ba8dece28b3913.idx
HEAD is now at 118221c Update headings in README.md for consistency
Command PhaseScriptExecution emitted errors but did not return a nonzero exit code to indicate failure

PhaseScriptExecution Generate\ rlimgui-populate-prefix/src/rlimgui-populate-stamp/$(CONFIGURATION)$(EFFECTIVE_PLATFORM_NAME)/rlimgui-populate-update /Volumes/Extreme\ SSD/ps2x-i14/ios-runtime-device/_deps/rlimgui-subbuild/build/rlimgui-populate.build/Debug/rlimgui-populate.build/Script-E73B22B9FF289EE579C06D1F.sh (in target 'rlimgui-populate' from project 'rlimgui-populate')
    cd /Volumes/Extreme\ SSD/ps2x-i14/ios-runtime-device/_deps/rlimgui-subbuild
    /bin/sh -c /Volumes/Extreme\\\ SSD/ps2x-i14/ios-runtime-device/_deps/rlimgui-subbuild/build/rlimgui-populate.build/Debug/rlimgui-populate.build/Script-E73B22B9FF289EE579C06D1F.sh
-- Already at requested tag: Raylib_5_5

PhaseScriptExecution Generate\ rlimgui-populate-prefix/src/rlimgui-populate-stamp/$(CONFIGURATION)$(EFFECTIVE_PLATFORM_NAME)/rlimgui-populate-patch /Volumes/Extreme\ SSD/ps2x-i14/ios-runtime-device/_deps/rlimgui-subbuild/build/rlimgui-populate.build/Debug/rlimgui-populate.build/Script-6327B42AF9FFD4CBA67CDB6A.sh (in target 'rlimgui-populate' from project 'rlimgui-populate')
    cd /Volumes/Extreme\ SSD/ps2x-i14/ios-runtime-device/_deps/rlimgui-subbuild
    /bin/sh -c /Volumes/Extreme\\\ SSD/ps2x-i14/ios-runtime-device/_deps/rlimgui-subbuild/build/rlimgui-populate.build/Debug/rlimgui-populate.build/Script-6327B42AF9FFD4CBA67CDB6A.sh

PhaseScriptExecution Generate\ rlimgui-populate-prefix/src/rlimgui-populate-stamp/$(CONFIGURATION)$(EFFECTIVE_PLATFORM_NAME)/rlimgui-populate-configure /Volumes/Extreme\ SSD/ps2x-i14/ios-runtime-device/_deps/rlimgui-subbuild/build/rlimgui-populate.build/Debug/rlimgui-populate.build/Script-5153F8973C1EF56C8D375FE5.sh (in target 'rlimgui-populate' from project 'rlimgui-populate')
    cd /Volumes/Extreme\ SSD/ps2x-i14/ios-runtime-device/_deps/rlimgui-subbuild
    /bin/sh -c /Volumes/Extreme\\\ SSD/ps2x-i14/ios-runtime-device/_deps/rlimgui-subbuild/build/rlimgui-populate.build/Debug/rlimgui-populate.build/Script-5153F8973C1EF56C8D375FE5.sh

PhaseScriptExecution Generate\ rlimgui-populate-prefix/src/rlimgui-populate-stamp/$(CONFIGURATION)$(EFFECTIVE_PLATFORM_NAME)/rlimgui-populate-build /Volumes/Extreme\ SSD/ps2x-i14/ios-runtime-device/_deps/rlimgui-subbuild/build/rlimgui-populate.build/Debug/rlimgui-populate.build/Script-152158E7507B11C6ADEB1D0E.sh (in target 'rlimgui-populate' from project 'rlimgui-populate')
    cd /Volumes/Extreme\ SSD/ps2x-i14/ios-runtime-device/_deps/rlimgui-subbuild
    /bin/sh -c /Volumes/Extreme\\\ SSD/ps2x-i14/ios-runtime-device/_deps/rlimgui-subbuild/build/rlimgui-populate.build/Debug/rlimgui-populate.build/Script-152158E7507B11C6ADEB1D0E.sh

PhaseScriptExecution Generate\ rlimgui-populate-prefix/src/rlimgui-populate-stamp/$(CONFIGURATION)$(EFFECTIVE_PLATFORM_NAME)/rlimgui-populate-install /Volumes/Extreme\ SSD/ps2x-i14/ios-runtime-device/_deps/rlimgui-subbuild/build/rlimgui-populate.build/Debug/rlimgui-populate.build/Script-4F2EACD6999725F92835ECD2.sh (in target 'rlimgui-populate' from project 'rlimgui-populate')
    cd /Volumes/Extreme\ SSD/ps2x-i14/ios-runtime-device/_deps/rlimgui-subbuild
    /bin/sh -c /Volumes/Extreme\\\ SSD/ps2x-i14/ios-runtime-device/_deps/rlimgui-subbuild/build/rlimgui-populate.build/Debug/rlimgui-populate.build/Script-4F2EACD6999725F92835ECD2.sh

PhaseScriptExecution Generate\ rlimgui-populate-prefix/src/rlimgui-populate-stamp/$(CONFIGURATION)$(EFFECTIVE_PLATFORM_NAME)/rlimgui-populate-test /Volumes/Extreme\ SSD/ps2x-i14/ios-runtime-device/_deps/rlimgui-subbuild/build/rlimgui-populate.build/Debug/rlimgui-populate.build/Script-C90D2342645B23CCB9A59010.sh (in target 'rlimgui-populate' from project 'rlimgui-populate')
    cd /Volumes/Extreme\ SSD/ps2x-i14/ios-runtime-device/_deps/rlimgui-subbuild
    /bin/sh -c /Volumes/Extreme\\\ SSD/ps2x-i14/ios-runtime-device/_deps/rlimgui-subbuild/build/rlimgui-populate.build/Debug/rlimgui-populate.build/Script-C90D2342645B23CCB9A59010.sh

PhaseScriptExecution Generate\ CMakeFiles/$(CONFIGURATION)$(EFFECTIVE_PLATFORM_NAME)/rlimgui-populate-complete /Volumes/Extreme\ SSD/ps2x-i14/ios-runtime-device/_deps/rlimgui-subbuild/build/rlimgui-populate.build/Debug/rlimgui-populate.build/Script-7A705CE4878BB4E2635E30C7.sh (in target 'rlimgui-populate' from project 'rlimgui-populate')
    cd /Volumes/Extreme\ SSD/ps2x-i14/ios-runtime-device/_deps/rlimgui-subbuild
    /bin/sh -c /Volumes/Extreme\\\ SSD/ps2x-i14/ios-runtime-device/_deps/rlimgui-subbuild/build/rlimgui-populate.build/Debug/rlimgui-populate.build/Script-7A705CE4878BB4E2635E30C7.sh

PhaseScriptExecution Generate\ CMakeFiles/rlimgui-populate /Volumes/Extreme\ SSD/ps2x-i14/ios-runtime-device/_deps/rlimgui-subbuild/build/rlimgui-populate.build/Debug/rlimgui-populate.build/Script-5540F38D9F4D71787B51D922.sh (in target 'rlimgui-populate' from project 'rlimgui-populate')
    cd /Volumes/Extreme\ SSD/ps2x-i14/ios-runtime-device/_deps/rlimgui-subbuild
    /bin/sh -c /Volumes/Extreme\\\ SSD/ps2x-i14/ios-runtime-device/_deps/rlimgui-subbuild/build/rlimgui-populate.build/Debug/rlimgui-populate.build/Script-5540F38D9F4D71787B51D922.sh

PhaseScriptExecution Generate\ CMakeFiles/ALL_BUILD /Volumes/Extreme\ SSD/ps2x-i14/ios-runtime-device/_deps/rlimgui-subbuild/build/rlimgui-populate.build/Debug/ALL_BUILD.build/Script-4A60D735E660C0A4E5CE60FE.sh (in target 'ALL_BUILD' from project 'rlimgui-populate')
    cd /Volumes/Extreme\ SSD/ps2x-i14/ios-runtime-device/_deps/rlimgui-subbuild
    /bin/sh -c /Volumes/Extreme\\\ SSD/ps2x-i14/ios-runtime-device/_deps/rlimgui-subbuild/build/rlimgui-populate.build/Debug/ALL_BUILD.build/Script-4A60D735E660C0A4E5CE60FE.sh
Build all projects

PruneExplicitPrecompiledModules /Volumes/Extreme SSD/ps2x-i14/ios-runtime-device/_deps/rlimgui-subbuild/build/ExplicitPrecompiledModules

PruneExplicitPrecompiledModules /Volumes/Extreme SSD/ps2x-i14/ios-runtime-device/_deps/rlimgui-subbuild/build/SwiftExplicitPrecompiledModules

note: Run script build phase 'Generate CMakeFiles/rlimgui-populate' will be run during every build because the option to run the script phase "Based on dependency analysis" is unchecked. (in target 'rlimgui-populate' from project 'rlimgui-populate')
note: Run script build phase 'Generate rlimgui-populate-prefix/src/rlimgui-populate-stamp/$(CONFIGURATION)$(EFFECTIVE_PLATFORM_NAME)/rlimgui-populate-patch' will be run during every build because the option to run the script phase "Based on dependency analysis" is unchecked. (in target 'rlimgui-populate' from project 'rlimgui-populate')
note: Run script build phase 'Generate rlimgui-populate-prefix/src/rlimgui-populate-stamp/$(CONFIGURATION)$(EFFECTIVE_PLATFORM_NAME)/rlimgui-populate-update' will be run during every build because the option to run the script phase "Based on dependency analysis" is unchecked. (in target 'rlimgui-populate' from project 'rlimgui-populate')
note: Run script build phase 'Generate CMakeFiles/$(CONFIGURATION)$(EFFECTIVE_PLATFORM_NAME)/rlimgui-populate-complete' will be run during every build because the option to run the script phase "Based on dependency analysis" is unchecked. (in target 'rlimgui-populate' from project 'rlimgui-populate')
note: Run script build phase 'Generate CMakeFiles/ZERO_CHECK' will be run during every build because the option to run the script phase "Based on dependency analysis" is unchecked. (in target 'ZERO_CHECK' from project 'rlimgui-populate')
note: Run script build phase 'Generate CMakeFiles/ALL_BUILD' will be run during every build because the option to run the script phase "Based on dependency analysis" is unchecked. (in target 'ALL_BUILD' from project 'rlimgui-populate')
** BUILD SUCCEEDED **

-- FFmpeg disabled; MPEG video decode falls back to stub frames
-- PS2X: game objects: 9451 sources from /Volumes/Extreme SSD/ps2x-i14/codegen-output
-- Configuring done (58.8s)
-- Generating done (19.4s)
-- Build files have been written to: /Volumes/Extreme SSD/ps2x-i14/ios-runtime-device
