[03:20:42] PRE lease="LEASE_FREE F6 done" keyguard="showing=false" battery=100% ac=true pid0=none
[03:20:42] PRE device-env=a8d651a7e55f7e29f1345f28f4ea634e06ae757f535e29439ab61c930bcc0ebd mc0-test='' mc0-bad=[]
[03:20:42] LEASE claimed via odin_lease.sh: CLAIMED
[03:20:42] APK local sha x2 825b436dd2cfc9f3ee42e7ac06643623b9651df409892c6a3e25af27cc531254 825b436dd2cfc9f3ee42e7ac06643623b9651df409892c6a3e25af27cc531254
[03:20:46] INSTALL Performing Streamed Install Success
[03:20:47] INSTALLED /data/app/~~kreZ2VZ9OQl9DWN71BMNNQ==/com.ps2x.runner-heStfh27mNMHraHD2R1T9g==/base.apk sha=825b436dd2cfc9f3ee42e7ac06643623b9651df409892c6a3e25af27cc531254 match=True
[03:20:47] ENV 6beb7a52233d402cb31922c5a1d0974c50fe5cb0b50ec5fbc585fb4afd369287  /storage/emulated/0/Android/data/com.ps2x.runner/files/ps2x.env
[03:20:47 t+    0.1] AM Starting: Intent { cmp=com.ps2x.runner/android.app.NativeActivity }
[03:20:53 t+    6.2] FOCUS app-foreground, no BACK ('mCurrentFocus=Window{28c306e u0 com.ps2x.runner/android.app.NativeActivity}')
[03:20:55 t+    8.3] LAYER 'com.ps2x.runner/android.app.NativeActivity#21346' tried=['com.ps2x.runner/android.app.NativeActivity#21346']
[03:21:48 t+   61.4] SCAP sc01-tick2100-t60.png tick~2103
[03:22:45 t+  118.2] SCAP sc02-tick3000-t117.png tick~3077
[03:23:33 t+  166.2] SCAP sc03-tick4000-t165.png tick~4020
[03:23:58 t+  191.6] STOP tick 4529 >= 4500
[03:23:59 t+  192.1] SCAP sc04-final-t191.png tick~4529
[03:24:00 t+  193.4] THREADS
Threads: 27 total,   1 running,  26 sleeping,   0 stopped,   0 zombie
  Mem:  7342756K total,  4980480K used,  2362276K free,      576K buffers
 Swap: 10485752K total,   691692K used,  9794060K free,  2242052K cached
800%cpu  58%user   0%nice  12%sys 723%idle   0%iow   8%irq   0%sirq   0%host
  TID USER         PR  NI VIRT  RES  SHR S[%CPU] %MEM     TIME+ THREAD          PROCESS
17286 u0_a113      10 -10  17G 755M 517M R 61.5  10.5   1:53.95 GameThread      com.ps2x.runner
17267 u0_a113      10 -10  17G 755M 517M S 19.2  10.5   0:32.83 GsWorker        com.ps2x.runner
17294 u0_a113      20   0  17G 755M 517M S  0.0  10.5   0:00.00 InteractionJank com.ps2x.runner
17293 u0_a113      20   0  17G 755M 517M S  0.0  10.5   0:00.00 binder:17226_4  com.ps2x.runner
17288 u0_a113      10 -10  17G 755M 517M S  0.0  10.5   0:00.23 PGS-Waiter      com.ps2x.runner
17287 u0_a113      39  19  17G 755M 517M S  0.0  10.5   0:00.00 com.ps:traceq0  com.ps2x.runner
17284 u0_a113      -3 -10  17G 755M 517M S  0.0  10.5   0:00.68 AAudio_1        com.ps2x.runner
17278 u0_a113      20   0  17G 755M 517M S  0.0  10.5   0:00.07 binder:17226_4  com.ps2x.runner
17277 u0_a113      10 -10  17G 755M 517M S  0.0  10.5   0:00.00 com.ps2x.runner com.ps2x.runner
17271 u0_a113      20   0  17G 755M 517M S  0.0  10.5   0:00.00 InsetsAnimation com.ps2x.runner
17270 u0_a113      20   0  17G 755M 517M S  0.0  10.5   0:00.00 SurfaceSyncGrou com.ps2x.runner
17269 u0_a113      10 -10  17G 755M 517M S  0.0  10.5   0:00.00 VsyncReceiver   com.ps2x.runner
17265 u0_a113      10 -10  17G 755M 517M S  0.0  10.5   0:00.36 com.ps2x.runner com.ps2x.runner
17266 u0_a113      10 -10  17G 755M 517M S  0.0  10.5   0:00.00 com.ps2x.runner com.ps2x.runner
17262 u0_a113      16  -4  17G 755M 517M S  0.0  10.5   0:00.00 RenderThread    com.ps2x.runner

[03:24:00 t+  193.5] BATTERY status: 5 level: 100
[03:24:03 t+  196.1] RESTORE a8d651a7e55f7e29f1345f28f4ea634e06ae757f535e29439ab61c930bcc0ebd match=True
[03:24:03 t+  196.3] MC0-AFTER bad=[]
[03:24:03 t+  196.4] END pid-after=none disconnects=0
