-- The C compiler identification is Clang 23.1.1
-- The CXX compiler identification is Clang 23.1.1
-- Detecting C compiler ABI info
-- Detecting C compiler ABI info - done
-- Check for working C compiler: /opt/homebrew/opt/llvm/bin/clang - skipped
-- Detecting C compile features
-- Detecting C compile features - done
-- Detecting CXX compiler ABI info
-- Detecting CXX compiler ABI info - done
-- Check for working CXX compiler: /opt/homebrew/opt/llvm/bin/clang++ - skipped
-- Detecting CXX compile features
-- Detecting CXX compile features - done
-- ARM target detected, fetching sse2neon
-- macOS ARM64 - using default compiler flags
-- Performing Test TOML11_COMPILER_SUPPORTS_WALL
-- Performing Test TOML11_COMPILER_SUPPORTS_WALL - Success
-- Performing Test TOML11_COMPILER_SUPPORTS_WEXTRA
-- Performing Test TOML11_COMPILER_SUPPORTS_WEXTRA - Success
-- Performing Test TOML11_COMPILER_SUPPORTS_WPEDANTIC
-- Performing Test TOML11_COMPILER_SUPPORTS_WPEDANTIC - Success
-- Performing Test TOML11_COMPILER_SUPPORTS_WERROR
-- Performing Test TOML11_COMPILER_SUPPORTS_WERROR - Success
-- Performing Test TOML11_COMPILER_SUPPORTS_WSIGN_CONVERSION
-- Performing Test TOML11_COMPILER_SUPPORTS_WSIGN_CONVERSION - Success
-- Performing Test TOML11_COMPILER_SUPPORTS_WCONVERSION
-- Performing Test TOML11_COMPILER_SUPPORTS_WCONVERSION - Success
-- Performing Test TOML11_COMPILER_SUPPORTS_WDUPLICATED_COND
-- Performing Test TOML11_COMPILER_SUPPORTS_WDUPLICATED_COND - Failed
-- Performing Test TOML11_COMPILER_SUPPORTS_WDUPLICATED_BRANCHES
-- Performing Test TOML11_COMPILER_SUPPORTS_WDUPLICATED_BRANCHES - Failed
-- Performing Test TOML11_COMPILER_SUPPORTS_WLOGICAL_OP
-- Performing Test TOML11_COMPILER_SUPPORTS_WLOGICAL_OP - Failed
-- Performing Test TOML11_COMPILER_SUPPORTS_WDOUBLE_PROMOTION
-- Performing Test TOML11_COMPILER_SUPPORTS_WDOUBLE_PROMOTION - Success
-- Performing Test TOML11_COMPILER_SUPPORTS_WRANGE_LOOP_ANALYSIS
-- Performing Test TOML11_COMPILER_SUPPORTS_WRANGE_LOOP_ANALYSIS - Success
-- Performing Test TOML11_COMPILER_SUPPORTS_WUNDEF
-- Performing Test TOML11_COMPILER_SUPPORTS_WUNDEF - Success
-- Performing Test TOML11_COMPILER_SUPPORTS_WSHADOW
-- Performing Test TOML11_COMPILER_SUPPORTS_WSHADOW - Success
-- {fmt} version: 12.1.0
-- Build type: Release
-- Performing Test HAS_NULLPTR_WARNING
-- Performing Test HAS_NULLPTR_WARNING - Success
-- Building dwarfgen    ... OFF
-- Building dwarfexample... OFF
-- Building api tests   ... 
-- Looking for unistd.h
-- Looking for unistd.h - found
-- Looking for sys/types.h
-- Looking for sys/types.h - found
-- Looking for malloc.h
-- Looking for malloc.h - not found
-- Looking for stdint.h
-- Looking for stdint.h - found
-- Looking for inttypes.h
-- Looking for inttypes.h - found
-- Looking for stddef.h
-- Looking for stddef.h - found
-- Looking for fcntl.h
-- Looking for fcntl.h - found
-- Looking for sys/stat.h
-- Looking for sys/stat.h - found
-- Looking for stdafx.h
-- Looking for stdafx.h - not found
-- Looking for sys/mman.h
-- Looking for sys/mman.h - found
-- Performing Test HAVE_UINTPTR_T
-- Performing Test HAVE_UINTPTR_T - Success
-- Performing Test HAVE_INTPTR_T
-- Performing Test HAVE_INTPTR_T - Success
-- Performing Test HAVE_FULL_MMAP
-- Performing Test HAVE_FULL_MMAP - Success
-- HAVE_UINTPTR_T 1: uintptr_t defined in stdint.h... YES
-- uintptr_t value considered NO 
-- HAVE_INTPTR_T 1: intptr_t defined in stdint.h... YES
-- intptr_t value considered NO 
-- ENABLE_DECOMPRESSION : ON
-- Found ZLIB: /Applications/Xcode.app/Contents/Developer/Platforms/MacOSX.platform/Developer/SDKs/MacOSX.sdk/usr/lib/libz.tbd (found version "1.2.12")
-- Found zstd: /opt/homebrew/lib/libzstd.dylib (found version "1.5.7")
-- Found libzstd           : TRUE
-- Found zlib              : TRUE
-- Build with zlib and zstd: TRUE
-- CMAKE_SIZEOF_VOID_P ... : 8
-- Compiler warning options... NO
-- Install prefix ... /usr/local
-- sccache not found; continuing without compiler launcher
-- Populating raylib
-- Configuring done (0.2s)
-- Generating done (0.1s)
-- Build files have been written to: /Volumes/Extreme SSD/ps2recomp-spike/e29-movie-bypass-build/_deps/raylib-subbuild
[1/9] Creating directories for 'raylib-populate'
[1/9] Performing download step (git clone) for 'raylib-populate'
[2/9] Performing update step for 'raylib-populate'
-- Already at requested tag: 5.5
[3/9] No patch step for 'raylib-populate'
[5/9] No configure step for 'raylib-populate'
[6/9] No build step for 'raylib-populate'
[7/9] No install step for 'raylib-populate'
[8/9] No test step for 'raylib-populate'
[9/9] Completed 'raylib-populate'
-- Performing Test COMPILER_HAS_THOSE_TOGGLES
-- Performing Test COMPILER_HAS_THOSE_TOGGLES - Success
-- Testing if -Werror=pointer-arith can be used -- compiles
-- Testing if -Werror=implicit-function-declaration can be used -- compiles
-- Testing if -fno-strict-aliasing can be used -- compiles
-- Using raylib's GLFW
-- Performing Test CMAKE_HAVE_LIBC_PTHREAD
-- Performing Test CMAKE_HAVE_LIBC_PTHREAD - Success
-- Found Threads: TRUE
-- Including Cocoa support
-- Audio Backend: miniaudio
-- Building raylib static library
-- Generated build type: Release
-- Compiling with the flags:
--   PLATFORM=PLATFORM_DESKTOP
--   GRAPHICS=GRAPHICS_API_OPENGL_33
-- Populating imgui
-- Configuring done (0.3s)
-- Generating done (0.1s)
-- Build files have been written to: /Volumes/Extreme SSD/ps2recomp-spike/e29-movie-bypass-build/_deps/imgui-subbuild
[1/9] Creating directories for 'imgui-populate'
[1/9] Performing download step (git clone) for 'imgui-populate'
[2/9] Performing update step for 'imgui-populate'
-- Already at requested tag: v1.92.7-docking
[3/9] No patch step for 'imgui-populate'
[5/9] No configure step for 'imgui-populate'
[6/9] No build step for 'imgui-populate'
[7/9] No install step for 'imgui-populate'
[8/9] No test step for 'imgui-populate'
[9/9] Completed 'imgui-populate'
-- Populating rlimgui
-- Configuring done (0.2s)
-- Generating done (0.1s)
-- Build files have been written to: /Volumes/Extreme SSD/ps2recomp-spike/e29-movie-bypass-build/_deps/rlimgui-subbuild
[1/9] Creating directories for 'rlimgui-populate'
[1/9] Performing download step (git clone) for 'rlimgui-populate'
[2/9] Performing update step for 'rlimgui-populate'
-- Already at requested tag: Raylib_5_5
[3/9] No patch step for 'rlimgui-populate'
[5/9] No configure step for 'rlimgui-populate'
[6/9] No build step for 'rlimgui-populate'
[7/9] No install step for 'rlimgui-populate'
[8/9] No test step for 'rlimgui-populate'
[9/9] Completed 'rlimgui-populate'
-- Found PkgConfig: /opt/homebrew/bin/pkg-config (found version "3.0.7")
-- Checking for modules 'libavcodec;libavformat;libavutil;libswresample;libswscale'
--   Found libavcodec, version 63.1.101
--   Found libavformat, version 63.1.101
--   Found libavutil, version 61.1.101
--   Found libswresample, version 7.1.101
--   Found libswscale, version 10.1.101
-- Using the multi-header code from /Volumes/Extreme SSD/ps2recomp-spike/e29-movie-bypass-build/_deps/nlohmann_json-src/include/
-- Configuring done (136.8s)
-- Generating done (6.9s)
-- Build files have been written to: /Volumes/Extreme SSD/ps2recomp-spike/e29-movie-bypass-build

--- stderr ---
CMake Warning (deprecated) at /Volumes/Extreme SSD/ps2recomp-spike/e29-movie-bypass-build/_deps/toml11-src/CMakeLists.txt:25 (cmake_policy):
  The OLD behavior for policy CMP0127 will be removed from a future version
  of CMake.

  The cmake-policies(7) manual explains that the OLD behaviors of all
  policies are deprecated and that a policy should be set to OLD only under
  specific short-term circumstances.  Projects should be ported to the NEW
  behavior and not rely on setting a policy to OLD.
This warning is for project developers.  Use -Wno-author or -Wno-deprecated
to suppress it.

> Enabling optimization for: ps2_recomp_lib
> Enabling optimization for: ps2_recomp
Cloning into 'raylib-src'...
remote: Enumerating objects: 61396, done.        
remote: Counting objects:   0% (1/23021)        
remote: Counting objects:   1% (231/23021)        
remote: Counting objects:   2% (461/23021)        
remote: Counting objects:   3% (691/23021)        
remote: Counting objects:   4% (921/23021)        
remote: Counting objects:   5% (1152/23021)        
remote: Counting objects:   6% (1382/23021)        
remote: Counting objects:   7% (1612/23021)        
remote: Counting objects:   8% (1842/23021)        
remote: Counting objects:   9% (2072/23021)        
remote: Counting objects:  10% (2303/23021)        
remote: Counting objects:  11% (2533/23021)        
remote: Counting objects:  12% (2763/23021)        
remote: Counting objects:  13% (2993/23021)        
remote: Counting objects:  14% (3223/23021)        
remote: Counting objects:  15% (3454/23021)        
remote: Counting objects:  16% (3684/23021)        
remote: Counting objects:  17% (3914/23021)        
remote: Counting objects:  18% (4144/23021)        
remote: Counting objects:  19% (4374/23021)        
remote: Counting objects:  20% (4605/23021)        
remote: Counting objects:  21% (4835/23021)        
remote: Counting objects:  22% (5065/23021)        
remote: Counting objects:  23% (5295/23021)        
remote: Counting objects:  24% (5526/23021)        
remote: Counting objects:  25% (5756/23021)        
remote: Counting objects:  26% (5986/23021)        
remote: Counting objects:  27% (6216/23021)        
remote: Counting objects:  28% (6446/23021)        
remote: Counting objects:  29% (6677/23021)        
remote: Counting objects:  30% (6907/23021)        
remote: Counting objects:  31% (7137/23021)        
remote: Counting objects:  32% (7367/23021)        
remote: Counting objects:  33% (7597/23021)        
remote: Counting objects:  34% (7828/23021)        
remote: Counting objects:  35% (8058/23021)        
remote: Counting objects:  36% (8288/23021)        
remote: Counting objects:  37% (8518/23021)        
remote: Counting objects:  38% (8748/23021)        
remote: Counting objects:  39% (8979/23021)        
remote: Counting objects:  40% (9209/23021)        
remote: Counting objects:  41% (9439/23021)        
remote: Counting objects:  42% (9669/23021)        
remote: Counting objects:  43% (9900/23021)        
remote: Counting objects:  44% (10130/23021)        
remote: Counting objects:  45% (10360/23021)        
remote: Counting objects:  46% (10590/23021)        
remote: Counting objects:  47% (10820/23021)        
remote: Counting objects:  48% (11051/23021)        
remote: Counting objects:  49% (11281/23021)        
remote: Counting objects:  50% (11511/23021)        
remote: Counting objects:  51% (11741/23021)        
remote: Counting objects:  52% (11971/23021)        
remote: Counting objects:  53% (12202/23021)        
remote: Counting objects:  54% (12432/23021)        
remote: Counting objects:  55% (12662/23021)        
remote: Counting objects:  56% (12892/23021)        
remote: Counting objects:  57% (13122/23021)        
remote: Counting objects:  58% (13353/23021)        
remote: Counting objects:  59% (13583/23021)        
remote: Counting objects:  60% (13813/23021)        
remote: Counting objects:  61% (14043/23021)        
remote: Counting objects:  62% (14274/23021)        
remote: Counting objects:  63% (14504/23021)        
remote: Counting objects:  64% (14734/23021)        
remote: Counting objects:  65% (14964/23021)        
remote: Counting objects:  66% (15194/23021)        
remote: Counting objects:  67% (15425/23021)        
remote: Counting objects:  68% (15655/23021)        
remote: Counting objects:  69% (15885/23021)        
remote: Counting objects:  70% (16115/23021)        
remote: Counting objects:  71% (16345/23021)        
remote: Counting objects:  72% (16576/23021)        
remote: Counting objects:  73% (16806/23021)        
remote: Counting objects:  74% (17036/23021)        
remote: Counting objects:  75% (17266/23021)        
remote: Counting objects:  76% (17496/23021)        
remote: Counting objects:  77% (17727/23021)        
remote: Counting objects:  78% (17957/23021)        
remote: Counting objects:  79% (18187/23021)        
remote: Counting objects:  80% (18417/23021)        
remote: Counting objects:  81% (18648/23021)        
remote: Counting objects:  82% (18878/23021)        
remote: Counting objects:  83% (19108/23021)        
remote: Counting objects:  84% (19338/23021)        
remote: Counting objects:  85% (19568/23021)        
remote: Counting objects:  86% (19799/23021)        
remote: Counting objects:  87% (20029/23021)        
remote: Counting objects:  88% (20259/23021)        
remote: Counting objects:  89% (20489/23021)        
remote: Counting objects:  90% (20719/23021)        
remote: Counting objects:  91% (20950/23021)        
remote: Counting objects:  92% (21180/23021)        
remote: Counting objects:  93% (21410/23021)        
remote: Counting objects:  94% (21640/23021)        
remote: Counting objects:  95% (21870/23021)        
remote: Counting objects:  96% (22101/23021)        
remote: Counting objects:  97% (22331/23021)        
remote: Counting objects:  98% (22561/23021)        
remote: Counting objects:  99% (22791/23021)        
remote: Counting objects: 100% (23021/23021)        
remote: Counting objects: 100% (23021/23021), done.        
remote: Compressing objects:   0% (1/1281)        
remote: Compressing objects:   1% (13/1281)        
remote: Compressing objects:   2% (26/1281)        
remote: Compressing objects:   3% (39/1281)        
remote: Compressing objects:   4% (52/1281)        
remote: Compressing objects:   5% (65/1281)        
remote: Compressing objects:   6% (77/1281)        
remote: Compressing objects:   7% (90/1281)        
remote: Compressing objects:   8% (103/1281)        
remote: Compressing objects:   9% (116/1281)        
remote: Compressing objects:  10% (129/1281)        
remote: Compressing objects:  11% (141/1281)        
remote: Compressing objects:  12% (154/1281)        
remote: Compressing objects:  13% (167/1281)        
remote: Compressing objects:  14% (180/1281)        
remote: Compressing objects:  15% (193/1281)        
remote: Compressing objects:  16% (205/1281)        
remote: Compressing objects:  17% (218/1281)        
remote: Compressing objects:  18% (231/1281)        
remote: Compressing objects:  19% (244/1281)        
remote: Compressing objects:  20% (257/1281)        
remote: Compressing objects:  21% (270/1281)        
remote: Compressing objects:  22% (282/1281)        
remote: Compressing objects:  23% (295/1281)        
remote: Compressing objects:  24% (308/1281)        
remote: Compressing objects:  25% (321/1281)        
remote: Compressing objects:  26% (334/1281)        
remote: Compressing objects:  27% (346/1281)        
remote: Compressing objects:  28% (359/1281)        
remote: Compressing objects:  29% (372/1281)        
remote: Compressing objects:  30% (385/1281)        
remote: Compressing objects:  31% (398/1281)        
remote: Compressing objects:  32% (410/1281)        
remote: Compressing objects:  33% (423/1281)        
remote: Compressing objects:  34% (436/1281)        
remote: Compressing objects:  35% (449/1281)        
remote: Compressing objects:  36% (462/1281)        
remote: Compressing objects:  37% (474/1281)        
remote: Compressing objects:  38% (487/1281)        
remote: Compressing objects:  39% (500/1281)        
remote: Compressing objects:  40% (513/1281)        
remote: Compressing objects:  41% (526/1281)        
remote: Compressing objects:  42% (539/1281)        
remote: Compressing objects:  43% (551/1281)        
remote: Compressing objects:  44% (564/1281)        
remote: Compressing objects:  45% (577/1281)        
remote: Compressing objects:  45% (589/1281)        
remote: Compressing objects:  46% (590/1281)        
remote: Compressing objects:  47% (603/1281)        
remote: Compressing objects:  48% (615/1281)        
remote: Compressing objects:  49% (628/1281)        
remote: Compressing objects:  50% (641/1281)        
remote: Compressing objects:  51% (654/1281)        
remote: Compressing objects:  52% (667/1281)        
remote: Compressing objects:  53% (679/1281)        
remote: Compressing objects:  54% (692/1281)        
remote: Compressing objects:  55% (705/1281)        
remote: Compressing objects:  56% (718/1281)        
remote: Compressing objects:  57% (731/1281)        
remote: Compressing objects:  58% (743/1281)        
remote: Compressing objects:  59% (756/1281)        
remote: Compressing objects:  60% (769/1281)        
remote: Compressing objects:  61% (782/1281)        
remote: Compressing objects:  62% (795/1281)        
remote: Compressing objects:  63% (808/1281)        
remote: Compressing objects:  64% (820/1281)        
remote: Compressing objects:  65% (833/1281)        
remote: Compressing objects:  66% (846/1281)        
remote: Compressing objects:  67% (859/1281)        
remote: Compressing objects:  68% (872/1281)        
remote: Compressing objects:  69% (884/1281)        
remote: Compressing objects:  70% (897/1281)        
remote: Compressing objects:  71% (910/1281)        
remote: Compressing objects:  72% (923/1281)        
remote: Compressing objects:  73% (936/1281)        
remote: Compressing objects:  74% (948/1281)        
remote: Compressing objects:  75% (961/1281)        
remote: Compressing objects:  76% (974/1281)        
remote: Compressing objects:  77% (987/1281)        
remote: Compressing objects:  78% (1000/1281)        
remote: Compressing objects:  79% (1012/1281)        
remote: Compressing objects:  80% (1025/1281)        
remote: Compressing objects:  81% (1038/1281)        
remote: Compressing objects:  82% (1051/1281)        
remote: Compressing objects:  83% (1064/1281)        
remote: Compressing objects:  84% (1077/1281)        
remote: Compressing objects:  85% (1089/1281)        
remote: Compressing objects:  86% (1102/1281)        
remote: Compressing objects:  87% (1115/1281)        
remote: Compressing objects:  88% (1128/1281)        
remote: Compressing objects:  89% (1141/1281)        
remote: Compressing objects:  90% (1153/1281)        
remote: Compressing objects:  91% (1166/1281)        
remote: Compressing objects:  92% (1179/1281)        
remote: Compressing objects:  93% (1192/1281)        
remote: Compressing objects:  94% (1205/1281)        
remote: Compressing objects:  95% (1217/1281)        
remote: Compressing objects:  96% (1230/1281)        
remote: Compressing objects:  97% (1243/1281)        
remote: Compressing objects:  98% (1256/1281)        
remote: Compressing objects:  99% (1269/1281)        
remote: Compressing objects: 100% (1281/1281)        
remote: Compressing objects: 100% (1281/1281), done.        
Receiving objects:   0% (1/61396)
Receiving objects:   1% (614/61396)
Receiving objects:   2% (1228/61396)
Receiving objects:   3% (1842/61396)
Receiving objects:   4% (2456/61396)
Receiving objects:   5% (3070/61396)
Receiving objects:   6% (3684/61396)
Receiving objects:   7% (4298/61396)
Receiving objects:   8% (4912/61396)
Receiving objects:   9% (5526/61396)
Receiving objects:  10% (6140/61396)
Receiving objects:  11% (6754/61396)
Receiving objects:  12% (7368/61396)
Receiving objects:  13% (7982/61396)
Receiving objects:  14% (8596/61396)
Receiving objects:  15% (9210/61396)
Receiving objects:  16% (9824/61396), 15.84 MiB | 31.66 MiB/s
Receiving objects:  16% (10010/61396), 27.56 MiB | 27.47 MiB/s
Receiving objects:  16% (10253/61396), 36.73 MiB | 24.43 MiB/s
Receiving objects:  17% (10438/61396), 45.93 MiB | 22.93 MiB/s
Receiving objects:  18% (11052/61396), 45.93 MiB | 22.93 MiB/s
Receiving objects:  19% (11666/61396), 45.93 MiB | 22.93 MiB/s
Receiving objects:  20% (12280/61396), 45.93 MiB | 22.93 MiB/s
Receiving objects:  21% (12894/61396), 45.93 MiB | 22.93 MiB/s
Receiving objects:  22% (13508/61396), 45.93 MiB | 22.93 MiB/s
Receiving objects:  23% (14122/61396), 45.93 MiB | 22.93 MiB/s
Receiving objects:  24% (14736/61396), 45.93 MiB | 22.93 MiB/s
Receiving objects:  25% (15349/61396), 45.93 MiB | 22.93 MiB/s
Receiving objects:  26% (15963/61396), 45.93 MiB | 22.93 MiB/s
Receiving objects:  27% (16577/61396), 45.93 MiB | 22.93 MiB/s
Receiving objects:  28% (17191/61396), 45.93 MiB | 22.93 MiB/s
Receiving objects:  29% (17805/61396), 55.36 MiB | 22.05 MiB/s
Receiving objects:  29% (18214/61396), 65.06 MiB | 21.56 MiB/s
Receiving objects:  30% (18419/61396), 65.06 MiB | 21.56 MiB/s
Receiving objects:  31% (19033/61396), 65.06 MiB | 21.56 MiB/s
Receiving objects:  32% (19647/61396), 65.06 MiB | 21.56 MiB/s
Receiving objects:  33% (20261/61396), 65.06 MiB | 21.56 MiB/s
Receiving objects:  34% (20875/61396), 74.98 MiB | 21.31 MiB/s
Receiving objects:  35% (21489/61396), 74.98 MiB | 21.31 MiB/s
Receiving objects:  35% (21828/61396), 84.47 MiB | 21.02 MiB/s
Receiving objects:  35% (21993/61396), 94.53 MiB | 20.91 MiB/s
Receiving objects:  36% (22103/61396), 105.33 MiB | 19.75 MiB/s
Receiving objects:  36% (22152/61396), 116.37 MiB | 19.61 MiB/s
Receiving objects:  37% (22717/61396), 140.42 MiB | 20.86 MiB/s
Receiving objects:  37% (23052/61396), 152.87 MiB | 21.56 MiB/s
Receiving objects:  37% (23070/61396), 165.52 MiB | 22.25 MiB/s
Receiving objects:  38% (23331/61396), 165.52 MiB | 22.25 MiB/s
Receiving objects:  39% (23945/61396), 165.52 MiB | 22.25 MiB/s
Receiving objects:  40% (24559/61396), 191.08 MiB | 23.60 MiB/s
Receiving objects:  41% (25173/61396), 191.08 MiB | 23.60 MiB/s
Receiving objects:  41% (25442/61396), 191.08 MiB | 23.60 MiB/s
Receiving objects:  42% (25787/61396), 204.48 MiB | 24.32 MiB/s
Receiving objects:  43% (26401/61396), 204.48 MiB | 24.32 MiB/s
Receiving objects:  44% (27015/61396), 216.90 MiB | 24.74 MiB/s
Receiving objects:  44% (27595/61396), 216.90 MiB | 24.74 MiB/s
Receiving objects:  45% (27629/61396), 238.93 MiB | 24.61 MiB/s
Receiving objects:  46% (28243/61396), 238.93 MiB | 24.61 MiB/s
Receiving objects:  47% (28857/61396), 238.93 MiB | 24.61 MiB/s
Receiving objects:  47% (29201/61396), 238.93 MiB | 24.61 MiB/s
Receiving objects:  48% (29471/61396), 251.32 MiB | 24.60 MiB/s
Receiving objects:  49% (30085/61396), 264.50 MiB | 24.75 MiB/s
Receiving objects:  50% (30698/61396), 264.50 MiB | 24.75 MiB/s
Receiving objects:  50% (30855/61396), 264.50 MiB | 24.75 MiB/s
Receiving objects:  50% (30914/61396), 297.75 MiB | 23.62 MiB/s
Receiving objects:  50% (31224/61396), 307.48 MiB | 22.79 MiB/s
Receiving objects:  51% (31312/61396), 318.23 MiB | 22.39 MiB/s
Receiving objects:  52% (31926/61396), 328.74 MiB | 22.28 MiB/s
Receiving objects:  52% (32140/61396), 339.36 MiB | 22.19 MiB/s
Receiving objects:  53% (32540/61396), 339.36 MiB | 22.19 MiB/s
Receiving objects:  54% (33154/61396), 350.02 MiB | 21.81 MiB/s
Receiving objects:  55% (33768/61396), 350.02 MiB | 21.81 MiB/s
Receiving objects:  55% (33825/61396), 350.02 MiB | 21.81 MiB/s
Receiving objects:  56% (34382/61396), 350.02 MiB | 21.81 MiB/s
Receiving objects:  57% (34996/61396), 361.73 MiB | 21.49 MiB/s
Receiving objects:  58% (35610/61396), 361.73 MiB | 21.49 MiB/s
Receiving objects:  59% (36224/61396), 361.73 MiB | 21.49 MiB/s
Receiving objects:  60% (36838/61396), 373.91 MiB | 21.29 MiB/s
Receiving objects:  61% (37452/61396), 373.91 MiB | 21.29 MiB/s
Receiving objects:  62% (38066/61396), 373.91 MiB | 21.29 MiB/s
Receiving objects:  63% (38680/61396), 373.91 MiB | 21.29 MiB/s
Receiving objects:  64% (39294/61396), 373.91 MiB | 21.29 MiB/s
Receiving objects:  65% (39908/61396), 373.91 MiB | 21.29 MiB/s
Receiving objects:  66% (40522/61396), 373.91 MiB | 21.29 MiB/s
Receiving objects:  67% (41136/61396), 373.91 MiB | 21.29 MiB/s
Receiving objects:  68% (41750/61396), 373.91 MiB | 21.29 MiB/s
Receiving objects:  69% (42364/61396), 373.91 MiB | 21.29 MiB/s
Receiving objects:  70% (42978/61396), 373.91 MiB | 21.29 MiB/s
Receiving objects:  71% (43592/61396), 373.91 MiB | 21.29 MiB/s
Receiving objects:  72% (44206/61396), 373.91 MiB | 21.29 MiB/s
Receiving objects:  73% (44820/61396), 373.91 MiB | 21.29 MiB/s
Receiving objects:  74% (45434/61396), 373.91 MiB | 21.29 MiB/s
Receiving objects:  75% (46047/61396), 373.91 MiB | 21.29 MiB/s
Receiving objects:  76% (46661/61396), 373.91 MiB | 21.29 MiB/s
Receiving objects:  77% (47275/61396), 373.91 MiB | 21.29 MiB/s
Receiving objects:  78% (47889/61396), 373.91 MiB | 21.29 MiB/s
Receiving objects:  79% (48503/61396), 373.91 MiB | 21.29 MiB/s
Receiving objects:  79% (48584/61396), 373.91 MiB | 21.29 MiB/s
Receiving objects:  80% (49117/61396), 386.07 MiB | 21.66 MiB/s
Receiving objects:  81% (49731/61396), 386.07 MiB | 21.66 MiB/s
Receiving objects:  82% (50345/61396), 386.07 MiB | 21.66 MiB/s
Receiving objects:  83% (50959/61396), 386.07 MiB | 21.66 MiB/s
Receiving objects:  84% (51573/61396), 386.07 MiB | 21.66 MiB/s
Receiving objects:  85% (52187/61396), 386.07 MiB | 21.66 MiB/s
Receiving objects:  86% (52801/61396), 386.07 MiB | 21.66 MiB/s
Receiving objects:  87% (53415/61396), 386.07 MiB | 21.66 MiB/s
Receiving objects:  88% (54029/61396), 386.07 MiB | 21.66 MiB/s
Receiving objects:  89% (54643/61396), 386.07 MiB | 21.66 MiB/s
Receiving objects:  90% (55257/61396), 386.07 MiB | 21.66 MiB/s
Receiving objects:  91% (55871/61396), 386.07 MiB | 21.66 MiB/s
Receiving objects:  92% (56485/61396), 386.07 MiB | 21.66 MiB/s
Receiving objects:  93% (57099/61396), 398.83 MiB | 22.39 MiB/s
Receiving objects:  94% (57713/61396), 398.83 MiB | 22.39 MiB/s
Receiving objects:  95% (58327/61396), 398.83 MiB | 22.39 MiB/s
Receiving objects:  96% (58941/61396), 398.83 MiB | 22.39 MiB/s
Receiving objects:  97% (59555/61396), 398.83 MiB | 22.39 MiB/s
Receiving objects:  98% (60169/61396), 398.83 MiB | 22.39 MiB/s
Receiving objects:  99% (60783/61396), 398.83 MiB | 22.39 MiB/s
remote: Total 61396 (delta 22280), reused 21743 (delta 21740), pack-reused 38375 (from 1)        
Receiving objects: 100% (61396/61396), 398.83 MiB | 22.39 MiB/s
Receiving objects: 100% (61396/61396), 408.55 MiB | 22.75 MiB/s, done.
Resolving deltas:   0% (0/45686)
Resolving deltas:   1% (457/45686)
Resolving deltas:   2% (914/45686)
Resolving deltas:   3% (1371/45686)
Resolving deltas:   4% (1828/45686)
Resolving deltas:   5% (2285/45686)
Resolving deltas:   6% (2742/45686)
Resolving deltas:   7% (3199/45686)
Resolving deltas:   8% (3655/45686)
Resolving deltas:   9% (4112/45686)
Resolving deltas:  10% (4569/45686)
Resolving deltas:  11% (5026/45686)
Resolving deltas:  12% (5483/45686)
Resolving deltas:  13% (5943/45686)
Resolving deltas:  14% (6397/45686)
Resolving deltas:  15% (6853/45686)
Resolving deltas:  16% (7310/45686)
Resolving deltas:  17% (7767/45686)
Resolving deltas:  18% (8224/45686)
Resolving deltas:  19% (8681/45686)
Resolving deltas:  20% (9140/45686)
Resolving deltas:  21% (9595/45686)
Resolving deltas:  22% (10051/45686)
Resolving deltas:  23% (10508/45686)
Resolving deltas:  24% (10965/45686)
Resolving deltas:  25% (11422/45686)
Resolving deltas:  26% (11879/45686)
Resolving deltas:  27% (12337/45686)
Resolving deltas:  28% (12793/45686)
Resolving deltas:  29% (13249/45686)
Resolving deltas:  30% (13706/45686)
Resolving deltas:  31% (14163/45686)
Resolving deltas:  32% (14620/45686)
Resolving deltas:  33% (15077/45686)
Resolving deltas:  34% (15534/45686)
Resolving deltas:  35% (15991/45686)
Resolving deltas:  36% (16447/45686)
Resolving deltas:  37% (16904/45686)
Resolving deltas:  38% (17361/45686)
Resolving deltas:  39% (17818/45686)
Resolving deltas:  40% (18275/45686)
Resolving deltas:  41% (18732/45686)
Resolving deltas:  42% (19190/45686)
Resolving deltas:  43% (19645/45686)
Resolving deltas:  44% (20102/45686)
Resolving deltas:  45% (20560/45686)
Resolving deltas:  46% (21016/45686)
Resolving deltas:  47% (21473/45686)
Resolving deltas:  48% (21930/45686)
Resolving deltas:  49% (22387/45686)
Resolving deltas:  50% (22843/45686)
Resolving deltas:  51% (23300/45686)
Resolving deltas:  52% (23757/45686)
Resolving deltas:  53% (24214/45686)
Resolving deltas:  54% (24671/45686)
Resolving deltas:  55% (25128/45686)
Resolving deltas:  56% (25585/45686)
Resolving deltas:  57% (26042/45686)
Resolving deltas:  58% (26498/45686)
Resolving deltas:  59% (26955/45686)
Resolving deltas:  60% (27412/45686)
Resolving deltas:  61% (27869/45686)
Resolving deltas:  62% (28326/45686)
Resolving deltas:  63% (28783/45686)
Resolving deltas:  64% (29240/45686)
Resolving deltas:  65% (29696/45686)
Resolving deltas:  66% (30154/45686)
Resolving deltas:  67% (30610/45686)
Resolving deltas:  68% (31067/45686)
Resolving deltas:  69% (31524/45686)
Resolving deltas:  70% (31981/45686)
Resolving deltas:  71% (32438/45686)
Resolving deltas:  72% (32894/45686)
Resolving deltas:  73% (33351/45686)
Resolving deltas:  74% (33808/45686)
Resolving deltas:  75% (34265/45686)
Resolving deltas:  76% (34725/45686)
Resolving deltas:  77% (35181/45686)
Resolving deltas:  78% (35636/45686)
Resolving deltas:  79% (36092/45686)
Resolving deltas:  80% (36549/45686)
Resolving deltas:  81% (37006/45686)
Resolving deltas:  82% (37463/45686)
Resolving deltas:  83% (37920/45686)
Resolving deltas:  84% (38377/45686)
Resolving deltas:  85% (38834/45686)
Resolving deltas:  86% (39290/45686)
Resolving deltas:  87% (39747/45686)
Resolving deltas:  88% (40204/45686)
Resolving deltas:  89% (40661/45686)
Resolving deltas:  90% (41118/45686)
Resolving deltas:  91% (41575/45686)
Resolving deltas:  92% (42032/45686)
Resolving deltas:  93% (42488/45686)
Resolving deltas:  94% (42945/45686)
Resolving deltas:  95% (43402/45686)
Resolving deltas:  96% (43859/45686)
Resolving deltas:  97% (44316/45686)
Resolving deltas:  98% (44774/45686)
Resolving deltas:  99% (45230/45686)
Resolving deltas: 100% (45686/45686)
Resolving deltas: 100% (45686/45686), done.
error: non-monotonic index .git/objects/pack/._pack-ba01b151ce1c3af8aa970e8f6321640199b49b14.idx
error: non-monotonic index .git/objects/pack/._pack-ba01b151ce1c3af8aa970e8f6321640199b49b14.idx
HEAD is now at c1ab645 Update HISTORY.md
CMake Warning (deprecated) at /Volumes/Extreme SSD/ps2recomp-spike/e29-movie-bypass-build/_deps/raylib-src/CMakeLists.txt:1 (cmake_minimum_required):
  Compatibility with CMake < 3.10 will be removed from a future version of
  CMake.

  Update the VERSION argument <min> value.  Or, use the <min>...<max> syntax
  to tell CMake that the project requires at least <min> but has been updated
  to work with policies introduced by <max> or earlier.
This warning is for project developers.  Use -Wno-author or -Wno-deprecated
to suppress it.

CMake Warning (author) at /Volumes/Extreme SSD/ps2recomp-spike/e29-movie-bypass-build/_deps/raylib-src/cmake/LibraryConfigurations.cmake:22 (MESSAGE):
  OpenGL is deprecated starting with macOS 10.14 (Mojave)!
Call Stack (most recent call first):
  /Volumes/Extreme SSD/ps2recomp-spike/e29-movie-bypass-build/_deps/raylib-src/src/CMakeLists.txt:49 (include)
This warning is for project developers.  Use -Wno-author to suppress it.

CMake Warning (author) at /opt/homebrew/share/cmake/Modules/FetchContent.cmake:1968 (message):
  Calling FetchContent_Populate(imgui) is deprecated, call
  FetchContent_MakeAvailable(imgui) instead.  Policy CMP0169 can be set to
  OLD to allow FetchContent_Populate(imgui) to be called directly for now,
  but the ability to call it with declared details will be removed completely
  in a future version.
Call Stack (most recent call first):
  ps2xRuntime/CMakeLists.txt:122 (FetchContent_Populate)
This warning is for project developers.  Use -Wno-author to suppress it.

Cloning into 'imgui-src'...
error: non-monotonic index .git/objects/pack/._pack-a9d4a49d3df1920e628c1c9e89282dcd723486c6.idx
error: non-monotonic index .git/objects/pack/._pack-a9d4a49d3df1920e628c1c9e89282dcd723486c6.idx
HEAD is now at b1bcb12 Merge branch 'master' into docking
CMake Warning (author) at /opt/homebrew/share/cmake/Modules/FetchContent.cmake:1968 (message):
  Calling FetchContent_Populate(rlImGui) is deprecated, call
  FetchContent_MakeAvailable(rlImGui) instead.  Policy CMP0169 can be set to
  OLD to allow FetchContent_Populate(rlImGui) to be called directly for now,
  but the ability to call it with declared details will be removed completely
  in a future version.
Call Stack (most recent call first):
  ps2xRuntime/CMakeLists.txt:145 (FetchContent_Populate)
This warning is for project developers.  Use -Wno-author to suppress it.

Cloning into 'rlimgui-src'...
error: non-monotonic index .git/objects/pack/._pack-907f41e02a69b2781e20040a69ba8dece28b3913.idx
error: non-monotonic index .git/objects/pack/._pack-907f41e02a69b2781e20040a69ba8dece28b3913.idx
HEAD is now at 118221c Update headings in README.md for consistency
> Enabling optimization for: ps2_runtime
> Enabling optimization for: ps2EntryRunner
> Enabling optimization for: ps2_analyzer_lib
> Enabling optimization for: ps2_analyzer
> Enabling optimization for: ps2_test_lib
> Enabling optimization for: ps2x_tests
