PREFLIGHT device=device lease='LEASE_FREE N8D1 done' keyguard=false battery=100% status=5
LEASE claimed=N8D2 one-launch
INSTALL Performing Streamed Install | Success
HASH installed_apk ece8b84ce3bce6bb85e42e21c432f6a6123ccae6e61dd91293e9da696fc63ae2 ece8b84ce3bce6bb85e42e21c432f6a6123ccae6e61dd91293e9da696fc63ae2
HASH elf 1b49d05ca2793922180851b9e1ce9ae2291d61a7863565ac4e71f12e967af7bc 1b49d05ca2793922180851b9e1ce9ae2291d61a7863565ac4e71f12e967af7bc
HASH iso 3c2f8eb182c9c6208a6e8172a41e61c98f420abe3f42c845f6829aeb9761ebf5 3c2f8eb182c9c6208a6e8172a41e61c98f420abe3f42c845f6829aeb9761ebf5
CARD mc0 entries=''
FRAME_DIR empty=/storage/emulated/0/Android/data/com.ps2x.runner/files/n8d2-frames
ENV sha=4008ff4ab5135294742a07593a52d72b7f7ef66f281208509bbac16e0049a1d7
PREFLIGHT device=device lease='N8D2 one-launch' keyguard=false battery=100% status=5
LAUNCH Starting: Intent { cmp=com.ps2x.runner/android.app.NativeActivity }
PID 23698
PROGRESS t=5.3 tick=229
BACK sent for USB dialog
PROGRESS t=10.7 tick=374
PROGRESS t=16.0 tick=528
PROGRESS t=21.2 tick=688
PROGRESS t=25.3 tick=830
PROGRESS t=30.6 tick=892
PROGRESS t=35.8 tick=979
PROGRESS t=41.1 tick=1169
PROGRESS t=45.3 tick=1375
PROGRESS t=50.6 tick=1534
PROGRESS t=55.9 tick=1614
PROGRESS t=61.1 tick=1641
PROGRESS t=65.3 tick=1674
PROGRESS t=70.6 tick=1709
PROGRESS t=75.9 tick=1747
PROGRESS t=81.1 tick=1785
PROGRESS t=85.3 tick=1824
PROGRESS t=90.6 tick=1864
PROGRESS t=95.9 tick=1904
PROGRESS t=101.1 tick=1946
PROGRESS t=105.4 tick=1987
PROGRESS t=110.6 tick=2029
TRIGGER frame-dump seq=2 host_tick=2050 latest_guest_tick=2029 t=113.8
IMAGE race.png trigger_host_tick=2050 latest_logged_guest_tick=2029 sha=d0691572782e775b951b0b36e75b48959f121c76d74a9d62fa50eb6aa0ac3e88 bytes=171358
STOP screen captured after race dump host_tick=2050
FINAL tick=2029
POSTRUN pid-after=none
FRAME_DIR names=upload-0.png,upload-0.txt,upload-1.png,upload-1.txt,upload-latest.png,upload-latest.txt
FRAME upload-0.png seq=0 tick=1840 size=512x448 displayFbp=112 sourceFbp=112 preferred=0 fallback=0 fnv1a=db892710 smode2=0x1 pmode=0xff21 sha=7b50e6481776641b409e92fea3009d58070b2fcef8dfe6f43812419c88b635c4
FRAME upload-1.png seq=1 tick=1950 size=512x448 displayFbp=112 sourceFbp=112 preferred=0 fallback=0 fnv1a=5f2667d1 smode2=0x1 pmode=0xff21 sha=a5cdea6bc83eabf831bcaa50409dbeac926960047e808c36c22365c2aa9d10ab
FRAME upload-latest.png seq=2 tick=2050 size=512x448 displayFbp=112 sourceFbp=112 preferred=0 fallback=0 fnv1a=9d485af9 smode2=0x1 pmode=0xff21 sha=06aad5b79731b6c972443d132616120ebabc595a3005ac5b102968504b78f1ba
CLEANUP pid-after=none
CLEANUP lease=LEASE_FREE N8D2 done
CLEANUP launch-to-exit=115.8s
