[10:04:23] PRE lease="FS2 2026-09-26T14:01:22Z" keyguard="showing=false" battery=100% ac=true pid0=none
[10:04:23] PRE device-env=090cc981e9f97c9c6007b64e90afaba7ff0b495eae7ede6423bfca826fae29fe mc0-test='' mc0-bad=[]
[10:04:23] APK local sha x2 202c69745ffd2d43e02d3840e7ac4184692b48b468b755c533effbf3314309d6 202c69745ffd2d43e02d3840e7ac4184692b48b468b755c533effbf3314309d6
[10:04:27] INSTALL Performing Streamed Install Success
[10:04:27] INSTALLED /data/app/~~E3CRJW1xuJ6627YaT5lxzQ==/com.ps2x.runner-C-1Y47C58fLx2aErV_2cHA==/base.apk sha=202c69745ffd2d43e02d3840e7ac4184692b48b468b755c533effbf3314309d6 match=True
[10:04:27] ENV b1ed3ed300fa1224d93755b6054f3f27434e5d1294568e02a407f1b159d99a4f  /storage/emulated/0/Android/data/com.ps2x.runner/files/ps2x.env
[10:04:28 t+    0.0] AM Starting: Intent { cmp=com.ps2x.runner/android.app.NativeActivity }
[10:04:34 t+    6.1] FOCUS app-foreground, no BACK ('mCurrentFocus=Window{3357436 u0 com.ps2x.runner/android.app.NativeActivity}')
[10:04:36 t+    8.4] LAYER 'com.ps2x.runner/android.app.NativeActivity#23401' tried=['com.ps2x.runner/android.app.NativeActivity#23392', 'RequestedLayerState{ActivityRecord{7d48c49 u0 com.ps2x.runner/android.app.NativeActivity#23392 parentId=23391}', 'com.ps2x.runner/android.app.NativeActivity#23401']
[10:05:10 t+   42.3] CPUWIN start tick=1959
[10:05:16 t+   48.2] SCAP sc01-tick2100-t47.png tick~2105
[10:05:16 t+   48.2] LIFECYCLE start: HOME
[10:05:16 t+   48.3] LAYERS before ['RequestedLayerState{edb0250 ActivityRecordInputSink com.ps2x.runner/android.app.NativeActivity#23398 parentId=23392 z=-2147483648}', 'RequestedLayerState{ActivityRecord{7d48c49 u0 com.ps2x.runner/android.app.NativeActivity#23392 parentId=23391}', 'RequestedLayerState{com.ps2x.runner/android.app.NativeActivity#23401 parentId=23400}', 'RequestedLayerState{3357436 com.ps2x.runner/android.app.NativeActivity#23400 parentId=23392}', 'RequestedLayerState{ps2x-game#23406 parentId=23401 z=1}', 'RequestedLayerState{Surface(name=3357436 com.ps2x.runner/android.app.NativeActivity)/@0x3dad40e - animation-leash of starting_reveal#23404}']
[10:05:24 t+   56.6] SCAP sc02-bg-t56.png tick~2105
[10:05:24 t+   56.6] BG focus='mCurrentFocus=Window{b98749 u0 com.android.launcher3/com.android.launcher3.uioverrides.QuickstepLauncher}' pid=18433
[10:05:24 t+   56.7] FG Starting: Intent { cmp=com.ps2x.runner/android.app.NativeActivity }
[10:05:33 t+   65.5] SCAP sc03-fg-t64.png tick~2105
[10:05:33 t+   65.6] LAYERS after-fg ['RequestedLayerState{edb0250 ActivityRecordInputSink com.ps2x.runner/android.app.NativeActivity#23398 parentId=23392 z=-2147483648}', 'RequestedLayerState{ActivityRecord{7d48c49 u0 com.ps2x.runner/android.app.NativeActivity#23392 parentId=23391}', 'RequestedLayerState{3357436 com.ps2x.runner/android.app.NativeActivity#23400 parentId=23392}', 'RequestedLayerState{Surface(name=3357436 com.ps2x.runner/android.app.NativeActivity)/@0x3dad40e - animation-leash of starting_reveal#23404}', 'RequestedLayerState{ps2x-game#23426 parentId=23421 z=1}', 'RequestedLayerState{com.ps2x.runner/android.app.NativeActivity#23421 parentId=23400}'] focus='mCurrentFocus=Window{3357436 u0 com.ps2x.runner/android.app.NativeActivity}'
[10:05:33 t+   65.6] ROTATION saved 'lock 1'
[10:05:40 t+   72.4] SCAP sc04-rot3-t71.png tick~2105
[10:05:40 t+   72.4] ROTATION lock3 display='init=1080x1920 369dpi mMinSizeOfResizeableTaskDp=220 cur=1920x1080 app=1920x1080 rng=1080x1080-1920x1920\n      mCurrentRotation=ROTATION_0'
[10:05:44 t+   76.5] ROTATION restored -> 'lock 1'
[10:05:45 t+   77.2] SCAP sc05-rot-restored-t76.png tick~2105
[10:05:49 t+   81.0] SCAP sc06-tick3000-t80.png tick~3157
[10:05:50 t+   82.0] CPUWIN end tick=3157
[10:06:06 t+   98.5] SCAP sc07-tick4000-t97.png tick~4019
[10:06:21 t+  113.1] STOP tick 4776 >= 4500
[10:06:22 t+  113.9] SCAP sc08-final-t113.png tick~4776
[10:06:23 t+  115.3] THREADS
Threads: 29 total,   2 running,  27 sleeping,   0 stopped,   0 zombie
  Mem:  7342756K total,  5262288K used,  2080468K free,      700K buffers
 Swap: 10485752K total,   745724K used,  9740028K free,  2547920K cached
800%cpu 169%user   0%nice  23%sys 600%idle   0%iow   8%irq   0%sirq   0%host
  TID USER         PR  NI VIRT  RES  SHR S[%CPU] %MEM     TIME+ THREAD          PROCESS
18492 u0_a113      10 -10  17G 758M 517M R 96.1  10.5   1:23.24 MTVU            com.ps2x.runner
18460 u0_a113      10 -10  17G 758M 517M R 57.6  10.5   0:32.84 GsWorker        com.ps2x.runner
18481 u0_a113      10 -10  17G 758M 517M S 38.4  10.5   0:40.78 GameThread      com.ps2x.runner
18491 u0_a113      20   0  17G 758M 517M S  0.0  10.5   0:00.00 InteractionJank com.ps2x.runner
18488 u0_a113      20   0  17G 758M 517M S  0.0  10.5   0:00.00 binder:18433_4  com.ps2x.runner
18483 u0_a113      10 -10  17G 758M 517M S  0.0  10.5   0:00.15 PGS-Waiter      com.ps2x.runner
18482 u0_a113      39  19  17G 758M 517M S  0.0  10.5   0:00.00 com.ps:traceq0  com.ps2x.runner
18479 u0_a113      -3 -10  17G 758M 517M S  0.0  10.5   0:00.40 AAudio_1        com.ps2x.runner
18467 u0_a113      20   0  17G 758M 517M S  0.0  10.5   0:00.03 binder:18433_5  com.ps2x.runner
18466 u0_a113      20   0  17G 758M 517M S  0.0  10.5   0:00.06 binder:18433_4  com.ps2x.runner
18465 u0_a113      10 -10  17G 758M 517M S  0.0  10.5   0:00.00 com.ps2x.runner com.ps2x.runner
18464 u0_a113      20   0  17G 758M 517M S  0.0  10.5   0:00.00 InsetsAnimation com.ps2x.runner
18463 u0_a113      20   0  17G 758M 517M S  0.0  10.5   0:00.00 SurfaceSyncGrou com.ps2x.runner
18462 u0_a113      10 -10  17G 758M 517M S  0.0  10.5   0:00.00 VsyncReceiver   com.ps2x.runner
18459 u0_a113      10 -10  17G 758M 517M S  0.0  10.5   0:00.00 com.ps2x.runner com.ps2x.runner

[10:06:23 t+  115.3] BATTERY status: 5 level: 100
[10:06:26 t+  118.3] RESTORE 090cc981e9f97c9c6007b64e90afaba7ff0b495eae7ede6423bfca826fae29fe match=True
[10:06:26 t+  118.5] MC0-AFTER bad=[]
[10:06:26 t+  118.5] END pid-after=none disconnects=0
