In file included from /Volumes/Extreme SSD/ps2x-ios-spike-attempt1/_deps/raylib-src/src/raudio.c:180:
In file included from /Volumes/Extreme SSD/ps2x-ios-spike-attempt1/_deps/raylib-src/src/external/miniaudio.h:31811:
In file included from /Applications/Xcode.app/Contents/Developer/Platforms/iPhoneSimulator.platform/Developer/SDKs/iPhoneSimulator27.0.sdk/System/Library/Frameworks/AVFoundation.framework/Headers/AVFoundation.h:13:
In file included from /Applications/Xcode.app/Contents/Developer/Platforms/iPhoneSimulator.platform/Developer/SDKs/iPhoneSimulator27.0.sdk/System/Library/Frameworks/AVFoundation.framework/Headers/AVFCore.h:13:
In file included from /Applications/Xcode.app/Contents/Developer/Platforms/iPhoneSimulator.platform/Developer/SDKs/iPhoneSimulator27.0.sdk/System/Library/Frameworks/AVFoundation.framework/Headers/AVBase.h:13:
/Applications/Xcode.app/Contents/Developer/Platforms/iPhoneSimulator.platform/Developer/SDKs/iPhoneSimulator27.0.sdk/System/Library/Frameworks/Foundation.framework/Headers/NSObjCRuntime.h:650:1: error: expected identifier or '('
  650 | @class NSString, Protocol;
      | ^
/Applications/Xcode.app/Contents/Developer/Platforms/iPhoneSimulator.platform/Developer/SDKs/iPhoneSimulator27.0.sdk/System/Library/Frameworks/Foundation.framework/Headers/NSObjCRuntime.h:652:9: error: unknown type name 'NSString'
  652 | typedef NSString * NSExceptionName NS_TYPED_EXTENSIBLE_ENUM;
      |         ^
/Applications/Xcode.app/Contents/Developer/Platforms/iPhoneSimulator.platform/Developer/SDKs/iPhoneSimulator27.0.sdk/System/Library/Frameworks/Foundation.framework/Headers/NSObjCRuntime.h:654:9: error: unknown type name 'NSString'
  654 | typedef NSString * NSRunLoopMode NS_TYPED_EXTENSIBLE_ENUM;
      |         ^
/Applications/Xcode.app/Contents/Developer/Platforms/iPhoneSimulator.platform/Developer/SDKs/iPhoneSimulator27.0.sdk/System/Library/Frameworks/Foundation.framework/Headers/NSObjCRuntime.h:660:19: error: unknown type name 'NSString'
  660 | FOUNDATION_EXPORT NSString *NSStringFromSelector(SEL aSelector);
      |                   ^
/Applications/Xcode.app/Contents/Developer/Platforms/iPhoneSimulator.platform/Developer/SDKs/iPhoneSimulator27.0.sdk/System/Library/Frameworks/Foundation.framework/Headers/NSObjCRuntime.h:665:44: error: unknown type name 'NSString'
  665 | FOUNDATION_EXPORT SEL NSSelectorFromString(NSString *aSelectorName);
      |                                            ^
/Applications/Xcode.app/Contents/Developer/Platforms/iPhoneSimulator.platform/Developer/SDKs/iPhoneSimulator27.0.sdk/System/Library/Frameworks/Foundation.framework/Headers/NSObjCRuntime.h:671:19: error: unknown type name 'NSString'
  671 | FOUNDATION_EXPORT NSString *NSStringFromClass(Class aClass);
      |                   ^
/Applications/Xcode.app/Contents/Developer/Platforms/iPhoneSimulator.platform/Developer/SDKs/iPhoneSimulator27.0.sdk/System/Library/Frameworks/Foundation.framework/Headers/NSObjCRuntime.h:676:53: error: unknown type name 'NSString'
  676 | FOUNDATION_EXPORT Class _Nullable NSClassFromString(NSString *aClassName);
      |                                                     ^
/Applications/Xcode.app/Contents/Developer/Platforms/iPhoneSimulator.platform/Developer/SDKs/iPhoneSimulator27.0.sdk/System/Library/Frameworks/Foundation.framework/Headers/NSObjCRuntime.h:682:19: error: unknown type name 'NSString'
  682 | FOUNDATION_EXPORT NSString *NSStringFromProtocol(Protocol *proto) API_AVAILABLE(macos(10.5), ios(2.0), watchos(2.0), tvos(9.0));
      |                   ^
/Applications/Xcode.app/Contents/Developer/Platforms/iPhoneSimulator.platform/Developer/SDKs/iPhoneSimulator27.0.sdk/System/Library/Frameworks/Foundation.framework/Headers/NSObjCRuntime.h:687:61: error: unknown type name 'NSString'
  687 | FOUNDATION_EXPORT Protocol * _Nullable NSProtocolFromString(NSString *namestr) API_AVAILABLE(macos(10.5), ios(2.0), watchos(2.0), tvos(9.0));
      |                                                             ^
/Applications/Xcode.app/Contents/Developer/Platforms/iPhoneSimulator.platform/Developer/SDKs/iPhoneSimulator27.0.sdk/System/Library/Frameworks/Foundation.framework/Headers/NSObjCRuntime.h:701:30: error: unknown type name 'NSString'
  701 | FOUNDATION_EXPORT void NSLog(NSString *format, ...) NS_FORMAT_FUNCTION(1,2) NS_NO_TAIL_CALL;
      |                              ^
/Applications/Xcode.app/Contents/Developer/Platforms/iPhoneSimulator.platform/Developer/SDKs/iPhoneSimulator27.0.sdk/System/Library/Frameworks/Foundation.framework/Headers/NSObjCRuntime.h:701:53: error: format argument not a string type
  701 | FOUNDATION_EXPORT void NSLog(NSString *format, ...) NS_FORMAT_FUNCTION(1,2) NS_NO_TAIL_CALL;
      |                              ~~~~~~~~~~~~~~~~       ^                  ~
/Applications/Xcode.app/Contents/Developer/Platforms/iPhoneSimulator.platform/Developer/SDKs/iPhoneSimulator27.0.sdk/System/Library/Frameworks/Foundation.framework/Headers/NSObjCRuntime.h:94:49: note: expanded from macro 'NS_FORMAT_FUNCTION'
   94 |         #define NS_FORMAT_FUNCTION(F,A) __attribute__((format(__NSString__, F, A)))
      |                                                        ^                    ~
/Applications/Xcode.app/Contents/Developer/Platforms/iPhoneSimulator.platform/Developer/SDKs/iPhoneSimulator27.0.sdk/System/Library/Frameworks/Foundation.framework/Headers/NSObjCRuntime.h:707:31: error: unknown type name 'NSString'
  707 | FOUNDATION_EXPORT void NSLogv(NSString *format, va_list args) NS_FORMAT_FUNCTION(1,0) NS_NO_TAIL_CALL;
      |                               ^
/Applications/Xcode.app/Contents/Developer/Platforms/iPhoneSimulator.platform/Developer/SDKs/iPhoneSimulator27.0.sdk/System/Library/Frameworks/Foundation.framework/Headers/NSObjCRuntime.h:707:63: error: format argument not a string type
  707 | FOUNDATION_EXPORT void NSLogv(NSString *format, va_list args) NS_FORMAT_FUNCTION(1,0) NS_NO_TAIL_CALL;
      |                               ~~~~~~~~~~~~~~~~                ^                  ~
/Applications/Xcode.app/Contents/Developer/Platforms/iPhoneSimulator.platform/Developer/SDKs/iPhoneSimulator27.0.sdk/System/Library/Frameworks/Foundation.framework/Headers/NSObjCRuntime.h:94:49: note: expanded from macro 'NS_FORMAT_FUNCTION'
   94 |         #define NS_FORMAT_FUNCTION(F,A) __attribute__((format(__NSString__, F, A)))
      |                                                        ^                    ~
In file included from /Volumes/Extreme SSD/ps2x-ios-spike-attempt1/_deps/raylib-src/src/raudio.c:180:
In file included from /Volumes/Extreme SSD/ps2x-ios-spike-attempt1/_deps/raylib-src/src/external/miniaudio.h:31811:
In file included from /Applications/Xcode.app/Contents/Developer/Platforms/iPhoneSimulator.platform/Developer/SDKs/iPhoneSimulator27.0.sdk/System/Library/Frameworks/AVFoundation.framework/Headers/AVFoundation.h:13:
In file included from /Applications/Xcode.app/Contents/Developer/Platforms/iPhoneSimulator.platform/Developer/SDKs/iPhoneSimulator27.0.sdk/System/Library/Frameworks/AVFoundation.framework/Headers/AVFCore.h:14:
In file included from /Applications/Xcode.app/Contents/Developer/Platforms/iPhoneSimulator.platform/Developer/SDKs/iPhoneSimulator27.0.sdk/System/Library/Frameworks/AVFoundation.framework/Headers/AVAnimation.h:12:
In file included from /Applications/Xcode.app/Contents/Developer/Platforms/iPhoneSimulator.platform/Developer/SDKs/iPhoneSimulator27.0.sdk/System/Library/Frameworks/Foundation.framework/Headers/Foundation.h:11:
In file included from /Applications/Xcode.app/Contents/Developer/Platforms/iPhoneSimulator.platform/Developer/SDKs/iPhoneSimulator27.0.sdk/System/Library/Frameworks/Foundation.framework/Headers/NSArray.h:5:
In file included from /Applications/Xcode.app/Contents/Developer/Platforms/iPhoneSimulator.platform/Developer/SDKs/iPhoneSimulator27.0.sdk/System/Library/Frameworks/Foundation.framework/Headers/NSObject.h:7:
/Applications/Xcode.app/Contents/Developer/Platforms/iPhoneSimulator.platform/Developer/SDKs/iPhoneSimulator27.0.sdk/System/Library/Frameworks/Foundation.framework/Headers/NSZone.h:9:1: error: expected identifier or '('
    9 | @class NSString;
      | ^
/Applications/Xcode.app/Contents/Developer/Platforms/iPhoneSimulator.platform/Developer/SDKs/iPhoneSimulator27.0.sdk/System/Library/Frameworks/Foundation.framework/Headers/NSZone.h:24:63: error: unknown type name 'NSString'
   24 | FOUNDATION_EXPORT void NSSetZoneName(NSZone * _Nullable zone, NSString *name)NS_SWIFT_UNAVAILABLE("Zone-based memory management is unavailable");
      |                                                               ^
/Applications/Xcode.app/Contents/Developer/Platforms/iPhoneSimulator.platform/Developer/SDKs/iPhoneSimulator27.0.sdk/System/Library/Frameworks/Foundation.framework/Headers/NSZone.h:26:19: error: unknown type name 'NSString'
   26 | FOUNDATION_EXPORT NSString *NSZoneName(NSZone * _Nullable zone) NS_SWIFT_UNAVAILABLE("Zone-based memory management is unavailable");
      |                   ^
In file included from /Volumes/Extreme SSD/ps2x-ios-spike-attempt1/_deps/raylib-src/src/raudio.c:180:
In file included from /Volumes/Extreme SSD/ps2x-ios-spike-attempt1/_deps/raylib-src/src/external/miniaudio.h:31811:
In file included from /Applications/Xcode.app/Contents/Developer/Platforms/iPhoneSimulator.platform/Developer/SDKs/iPhoneSimulator27.0.sdk/System/Library/Frameworks/AVFoundation.framework/Headers/AVFoundation.h:13:
In file included from /Applications/Xcode.app/Contents/Developer/Platforms/iPhoneSimulator.platform/Developer/SDKs/iPhoneSimulator27.0.sdk/System/Library/Frameworks/AVFoundation.framework/Headers/AVFCore.h:14:
In file included from /Applications/Xcode.app/Contents/Developer/Platforms/iPhoneSimulator.platform/Developer/SDKs/iPhoneSimulator27.0.sdk/System/Library/Frameworks/AVFoundation.framework/Headers/AVAnimation.h:12:
In file included from /Applications/Xcode.app/Contents/Developer/Platforms/iPhoneSimulator.platform/Developer/SDKs/iPhoneSimulator27.0.sdk/System/Library/Frameworks/Foundation.framework/Headers/Foundation.h:11:
In file included from /Applications/Xcode.app/Contents/Developer/Platforms/iPhoneSimulator.platform/Developer/SDKs/iPhoneSimulator27.0.sdk/System/Library/Frameworks/Foundation.framework/Headers/NSArray.h:5:
/Applications/Xcode.app/Contents/Developer/Platforms/iPhoneSimulator.platform/Developer/SDKs/iPhoneSimulator27.0.sdk/System/Library/Frameworks/Foundation.framework/Headers/NSObject.h:9:1: error: expected identifier or '('
    9 | @class NSInvocation, NSMethodSignature, NSCoder, NSString, NSEnumerator;
      | ^
/Applications/Xcode.app/Contents/Developer/Platforms/iPhoneSimulator.platform/Developer/SDKs/iPhoneSimulator27.0.sdk/System/Library/Frameworks/Foundation.framework/Headers/NSObject.h:10:1: error: expected identifier or '('
   10 | @class Protocol;
      | ^
/Applications/Xcode.app/Contents/Developer/Platforms/iPhoneSimulator.platform/Developer/SDKs/iPhoneSimulator27.0.sdk/System/Library/Frameworks/Foundation.framework/Headers/NSObject.h:29:1: error: expected identifier or '('
   29 | @protocol NSCopying
      | ^
fatal error: too many errors emitted, stopping now [-ferror-limit=]
20 errors generated.
