[04:00:28] PRE lease="LEASE_FREE F6 done" keyguard="showing=false" battery=100% ac=true pid0=none
[04:00:28] PRE device-env=a8d651a7e55f7e29f1345f28f4ea634e06ae757f535e29439ab61c930bcc0ebd mc0-test='' mc0-bad=[]
[04:00:28] LEASE claimed via odin_lease.sh: CLAIMED
[04:00:28] APK local sha x2 825b436dd2cfc9f3ee42e7ac06643623b9651df409892c6a3e25af27cc531254 825b436dd2cfc9f3ee42e7ac06643623b9651df409892c6a3e25af27cc531254
[04:00:31] INSTALL Performing Streamed Install Success
[04:00:31] INSTALLED /data/app/~~iNlPmhU2_nnW_g_ecVBJng==/com.ps2x.runner-NGJywWUvnOmlELhxaZK4bw==/base.apk sha=825b436dd2cfc9f3ee42e7ac06643623b9651df409892c6a3e25af27cc531254 match=True
[04:00:31] ENV edf687a09cad6d687f42b7dd16bc6d9c170787198ff081554581c3b1ef7e1393  /storage/emulated/0/Android/data/com.ps2x.runner/files/ps2x.env
[04:00:32 t+    0.1] AM Starting: Intent { cmp=com.ps2x.runner/android.app.NativeActivity }
[04:00:38 t+    6.1] FOCUS app-foreground, no BACK ('mCurrentFocus=Window{4d3dc6b u0 com.ps2x.runner/android.app.NativeActivity}')
[04:00:40 t+    8.3] LAYER 'com.ps2x.runner/android.app.NativeActivity#21592' tried=['com.ps2x.runner/android.app.NativeActivity#21592']
[04:01:29 t+   57.8] SCAP sc01-tick2100-t57.png tick~2144
[04:02:08 t+   96.6] SCAP sc02-tick3000-t96.png tick~3046
[04:02:49 t+  136.9] SCAP sc03-tick4000-t136.png tick~4013
[04:03:10 t+  158.8] STOP tick 4569 >= 4500
[04:03:11 t+  159.3] SCAP sc04-final-t158.png tick~4569
[04:03:12 t+  160.7] THREADS
Threads: 29 total,   0 running,  29 sleeping,   0 stopped,   0 zombie
  Mem:  7342756K total,  5006896K used,  2335860K free,      584K buffers
 Swap: 10485752K total,   736728K used,  9749024K free,  2196712K cached
800%cpu 115%user   0%nice  42%sys 635%idle   0%iow   8%irq   0%sirq   0%host
  TID USER         PR  NI VIRT  RES  SHR S[%CPU] %MEM     TIME+ THREAD          PROCESS
 8106 u0_a113      10 -10  17G 758M 516M S 57.6  10.5   1:19.97 MTVU            com.ps2x.runner
 8096 u0_a113      10 -10  17G 758M 516M S 34.6  10.5   0:38.82 GameThread      com.ps2x.runner
 8071 u0_a113      10 -10  17G 758M 516M S 26.9  10.5   0:32.18 GsWorker        com.ps2x.runner
 8105 u0_a113      20   0  17G 758M 516M S  0.0  10.5   0:00.00 InteractionJank com.ps2x.runner
 8104 u0_a113      20   0  17G 758M 516M S  0.0  10.5   0:00.00 binder:8012_5   com.ps2x.runner
 8098 u0_a113      10 -10  17G 758M 516M S  0.0  10.5   0:00.21 PGS-Waiter      com.ps2x.runner
 8097 u0_a113      39  19  17G 758M 516M S  0.0  10.5   0:00.00 com.ps:traceq0  com.ps2x.runner
 8094 u0_a113      -3 -10  17G 758M 516M S  0.0  10.5   0:00.56 AAudio_1        com.ps2x.runner
 8088 u0_a113      20   0  17G 758M 516M S  0.0  10.5   0:00.09 binder:8012_5   com.ps2x.runner
 8082 u0_a113      10 -10  17G 758M 516M S  0.0  10.5   0:00.00 com.ps2x.runner com.ps2x.runner
 8080 u0_a113      20   0  17G 758M 516M S  0.0  10.5   0:00.11 binder:8012_4   com.ps2x.runner
 8079 u0_a113      20   0  17G 758M 516M S  0.0  10.5   0:00.00 InsetsAnimation com.ps2x.runner
 8078 u0_a113      20   0  17G 758M 516M S  0.0  10.5   0:00.00 SurfaceSyncGrou com.ps2x.runner
 8077 u0_a113      10 -10  17G 758M 516M S  0.0  10.5   0:00.00 VsyncReceiver   com.ps2x.runner
 8066 u0_a113      10 -10  17G 758M 516M S  0.0  10.5   0:00.01 com.ps2x.runner com.ps2x.runner

[04:03:13 t+  160.9] BATTERY status: 5 level: 100
[04:03:15 t+  163.7] RESTORE a8d651a7e55f7e29f1345f28f4ea634e06ae757f535e29439ab61c930bcc0ebd match=True
[04:03:15 t+  163.9] MC0-AFTER bad=[]
[04:03:16 t+  163.9] END pid-after=none disconnects=0
