pieces 344
none markers=0 ok=False GB4_REPLAY tick=674 vram=cc69ac5e priv=78b26248 present=61dae858
all markers=344 ok=True GB4_REPLAY tick=674 vram=4e882d1d priv=78b26248 present=8ac54f21
pre172 markers=172 ok=False GB4_REPLAY tick=674 vram=99c92edd priv=78b26248 present=8ac54f21
pre258 markers=258 ok=True GB4_REPLAY tick=674 vram=4e882d1d priv=78b26248 present=8ac54f21
pre215 markers=215 ok=False GB4_REPLAY tick=674 vram=4fdb47ba priv=78b26248 present=8ac54f21
pre237 markers=237 ok=False GB4_REPLAY tick=674 vram=4583d115 priv=78b26248 present=8ac54f21
pre248 markers=248 ok=False GB4_REPLAY tick=674 vram=d779d7b6 priv=78b26248 present=8ac54f21
pre253 markers=253 ok=False GB4_REPLAY tick=674 vram=b7b4b713 priv=78b26248 present=8ac54f21
pre256 markers=256 ok=False GB4_REPLAY tick=674 vram=97b2ff11 priv=78b26248 present=8ac54f21
pre257 markers=257 ok=False GB4_REPLAY tick=674 vram=b953d493 priv=78b26248 present=8ac54f21
suf172 markers=172 ok=False GB4_REPLAY tick=674 vram=8f23c128 priv=78b26248 present=a5dc3239
suf86 markers=258 ok=False GB4_REPLAY tick=674 vram=b5018073 priv=78b26248 present=4303b865
suf43 markers=301 ok=True GB4_REPLAY tick=674 vram=4e882d1d priv=78b26248 present=8ac54f21
suf64 markers=280 ok=True GB4_REPLAY tick=674 vram=4e882d1d priv=78b26248 present=8ac54f21
suf75 markers=269 ok=False GB4_REPLAY tick=674 vram=b5018073 priv=78b26248 present=4303b865
suf69 markers=275 ok=False GB4_REPLAY tick=674 vram=928595b6 priv=78b26248 present=f983fce1
suf66 markers=278 ok=True GB4_REPLAY tick=674 vram=4e882d1d priv=78b26248 present=8ac54f21
suf67 markers=277 ok=False GB4_REPLAY tick=674 vram=928595b6 priv=78b26248 present=f983fce1
RESULT writer piece w=257 reader piece r=67 (marker in [w, r) fixes)
single257 markers=1 ok=False GB4_REPLAY tick=674 vram=8f23c128 priv=78b26248 present=de3fbc90
