REF_CHECK:mean=0.0000 p99=0 max=0 npix=224000 mode=PPM
SELF_TEST mean=0.0000 p99=0
SELF_WHOLE=0.0000
START_SCORE mean=20.9962 p99=130 MENU_T+:91
ATTEMPT_1 BEGIN MENU_T+:91
ATTEMPT_1 now score mean=17.6449 p99=150
ATTEMPT_1 on attract (non-title) -> Cross attract-skip
A1_CROSS_KEYDOWN_WALL:1789944506.343550700 UPTIME:202 MENU_T+:92
A1_CROSS_HELD_WALL:1789944506.362629425 UPTIME:202
A1_CROSS_KEYUP_WALL:1789944506.880014823 UPTIME:203 MENU_T+:92
ATTEMPT_1 pollt27-a1-poll01 score mean= p99= MENU_T+:95
ATTEMPT_1 pollt27-a1-poll02 score mean= p99= MENU_T+:97
ATTEMPT_1 pollt27-a1-poll03 score mean= p99= MENU_T+:99
ATTEMPT_1 pollt27-a1-poll04 score mean= p99= MENU_T+:101
ATTEMPT_1 pollt27-a1-poll05 score mean= p99= MENU_T+:103
ATTEMPT_1 pollt27-a1-poll06 score mean= p99= MENU_T+:105
ATTEMPT_1 pollt27-a1-poll07 score mean= p99= MENU_T+:107
ATTEMPT_1 pollt27-a1-poll08 score mean= p99= MENU_T+:109
ATTEMPT_1 pollt27-a1-poll09 score mean= p99= MENU_T+:112
ATTEMPT_1 pollt27-a1-poll10 score mean= p99= MENU_T+:114
ATTEMPT_1 pollt27-a1-poll11 score mean= p99= MENU_T+:116
ATTEMPT_1 pollt27-a1-poll12 score mean= p99= MENU_T+:118
ATTEMPT_1 pollt27-a1-poll13 score mean= p99= MENU_T+:120
ATTEMPT_1 pollt27-a1-poll14 score mean= p99= MENU_T+:122
ATTEMPT_1 pollt27-a1-poll15 score mean= p99= MENU_T+:124
ATTEMPT_1 pollt27-a1-poll16 score mean= p99= MENU_T+:126
ATTEMPT_1 pollt27-a1-poll17 score mean= p99= MENU_T+:129
ATTEMPT_1 pollt27-a1-poll18 score mean= p99= MENU_T+:131
ATTEMPT_1 NO-TITLE-IN-WINDOW (outcome: no-title)
ATTEMPT_2 BEGIN MENU_T+:131
ATTEMPT_2 now score mean=38.1344 p99=181
ATTEMPT_2 on attract (non-title) -> Cross attract-skip
A2_CROSS_KEYDOWN_WALL:1789944545.908237365 UPTIME:242 MENU_T+:131
A2_CROSS_HELD_WALL:1789944545.927336817 UPTIME:242
A2_CROSS_KEYUP_WALL:1789944546.444274066 UPTIME:242 MENU_T+:132
ATTEMPT_2 pollt27-a2-poll01 score mean= p99= MENU_T+:134
ATTEMPT_2 pollt27-a2-poll02 score mean= p99= MENU_T+:136
ATTEMPT_2 pollt27-a2-poll03 score mean= p99= MENU_T+:138
ATTEMPT_2 pollt27-a2-poll04 score mean= p99= MENU_T+:140
ATTEMPT_2 pollt27-a2-poll05 score mean= p99= MENU_T+:143
ATTEMPT_2 pollt27-a2-poll06 score mean= p99= MENU_T+:145
ATTEMPT_2 pollt27-a2-poll07 score mean= p99= MENU_T+:147
ATTEMPT_2 pollt27-a2-poll08 score mean= p99= MENU_T+:149
ATTEMPT_2 pollt27-a2-poll09 score mean= p99= MENU_T+:151
ATTEMPT_2 pollt27-a2-poll10 score mean= p99= MENU_T+:153
ATTEMPT_2 pollt27-a2-poll11 score mean= p99= MENU_T+:155
ATTEMPT_2 pollt27-a2-poll12 score mean= p99= MENU_T+:157
ATTEMPT_2 pollt27-a2-poll13 score mean= p99= MENU_T+:160
ATTEMPT_2 pollt27-a2-poll14 score mean= p99= MENU_T+:162
ATTEMPT_2 pollt27-a2-poll15 score mean= p99= MENU_T+:164
ATTEMPT_2 pollt27-a2-poll16 score mean= p99= MENU_T+:166
ATTEMPT_2 pollt27-a2-poll17 score mean= p99= MENU_T+:168
ATTEMPT_2 pollt27-a2-poll18 score mean= p99= MENU_T+:170
ATTEMPT_2 NO-TITLE-IN-WINDOW (outcome: no-title)
ATTEMPT_3 BEGIN MENU_T+:170
ATTEMPT_3 now score mean=12.7617 p99=107
ATTEMPT_3 on attract (non-title) -> Cross attract-skip
A3_CROSS_KEYDOWN_WALL:1789944585.488993818 UPTIME:281 MENU_T+:171
A3_CROSS_HELD_WALL:1789944585.507281281 UPTIME:281
A3_CROSS_KEYUP_WALL:1789944586.024769164 UPTIME:282 MENU_T+:172
ATTEMPT_3 pollt27-a3-poll01 score mean= p99= MENU_T+:174
ATTEMPT_3 pollt27-a3-poll02 score mean= p99= MENU_T+:176
ATTEMPT_3 pollt27-a3-poll03 score mean= p99= MENU_T+:178
ATTEMPT_3 pollt27-a3-poll04 score mean= p99= MENU_T+:180
ATTEMPT_3 pollt27-a3-poll05 score mean= p99= MENU_T+:182
ATTEMPT_3 pollt27-a3-poll06 score mean= p99= MENU_T+:184
ATTEMPT_3 pollt27-a3-poll07 score mean= p99= MENU_T+:186
ATTEMPT_3 pollt27-a3-poll08 score mean= p99= MENU_T+:189
ATTEMPT_3 pollt27-a3-poll09 score mean= p99= MENU_T+:191
ATTEMPT_3 pollt27-a3-poll10 score mean= p99= MENU_T+:193
ATTEMPT_3 pollt27-a3-poll11 score mean= p99= MENU_T+:195
ATTEMPT_3 pollt27-a3-poll12 score mean= p99= MENU_T+:197
ATTEMPT_3 pollt27-a3-poll13 score mean= p99= MENU_T+:199
ATTEMPT_3 pollt27-a3-poll14 score mean= p99= MENU_T+:201
ATTEMPT_3 pollt27-a3-poll15 score mean= p99= MENU_T+:203
ATTEMPT_3 pollt27-a3-poll16 score mean= p99= MENU_T+:206
ATTEMPT_3 pollt27-a3-poll17 score mean= p99= MENU_T+:208
ATTEMPT_3 pollt27-a3-poll18 score mean= p99= MENU_T+:210
ATTEMPT_3 NO-TITLE-IN-WINDOW (outcome: no-title)
