REF_CHECK:mean=0.0000 p99=0 max=0 npix=224000 mode=PPM
START_SCORE mean= p99= MENU_T+:91
ATTEMPT_1 BEGIN MENU_T+:91
ATTEMPT_1 now score mean= p99=
ATTEMPT_1 TITLE-ALREADY-DETECTED (no Cross needed)
A1_START_KEYDOWN_WALL:1789943995.325085882 UPTIME:137 MENU_T+:91
A1_START_HELD_WALL:1789943995.343099528 UPTIME:137
A1_START_KEYUP_WALL:1789943995.859861971 UPTIME:138 MENU_T+:91
ATTEMPT_1 post+3 score mean= p99= MENU_T+:94
ATTEMPT_1 post+8 score mean= p99=
ATTEMPT_1 post+15 score mean= p99=
ATTEMPT_1 post+25 score mean= p99=
ATTEMPT_1 whole815= whole1525=
ATTEMPT_1 outcome: no-menu (title/attract cycling continues)
ATTEMPT_2 BEGIN MENU_T+:117
ATTEMPT_2 now score mean= p99=
ATTEMPT_2 TITLE-ALREADY-DETECTED (no Cross needed)
A2_START_KEYDOWN_WALL:1789944021.623751052 UPTIME:163 MENU_T+:117
A2_START_HELD_WALL:1789944021.641922738 UPTIME:163
A2_START_KEYUP_WALL:1789944022.159281160 UPTIME:164 MENU_T+:118
ATTEMPT_2 post+3 score mean= p99= MENU_T+:121
ATTEMPT_2 post+8 score mean= p99=
ATTEMPT_2 post+15 score mean= p99=
ATTEMPT_2 post+25 score mean= p99=
ATTEMPT_2 whole815= whole1525=
ATTEMPT_2 outcome: no-menu (title/attract cycling continues)
ATTEMPT_3 BEGIN MENU_T+:143
ATTEMPT_3 now score mean= p99=
ATTEMPT_3 TITLE-ALREADY-DETECTED (no Cross needed)
A3_START_KEYDOWN_WALL:1789944047.917873168 UPTIME:190 MENU_T+:143
A3_START_HELD_WALL:1789944047.936563503 UPTIME:190
A3_START_KEYUP_WALL:1789944048.453751462 UPTIME:190 MENU_T+:144
ATTEMPT_3 post+3 score mean= p99= MENU_T+:147
ATTEMPT_3 post+8 score mean= p99=
ATTEMPT_3 post+15 score mean= p99=
ATTEMPT_3 post+25 score mean= p99=
ATTEMPT_3 whole815= whole1525=
ATTEMPT_3 outcome: no-menu (title/attract cycling continues)
