REF_CHECK:mean=0.0000 p99=0 max=0 npix=224000 mode=PPM
SELF_TEST mean=0.0000 p99=0
SELF_WHOLE=0.0000
START_SCORE mean=22.9911 p99=121 MENU_T+:92
ATTEMPT_1 BEGIN MENU_T+:92
ATTEMPT_1 now score mean=16.5923 p99=148
ATTEMPT_1 on attract (non-title) -> Cross attract-skip
A1_CROSS_KEYDOWN_WALL:1789944924.826128297 UPTIME:621 MENU_T+:92
A1_CROSS_HELD_WALL:1789944924.844097370 UPTIME:621
A1_CROSS_KEYUP_WALL:1789944925.361110082 UPTIME:621 MENU_T+:93
ATTEMPT_1 poll01 score mean=0.4331 p99=6 MENU_T+:96
ATTEMPT_1 TITLE-DETECTED at poll01
A1_START_KEYDOWN_WALL:1789944928.086754775 UPTIME:624 MENU_T+:96
A1_START_HELD_WALL:1789944928.105903598 UPTIME:624
A1_START_KEYUP_WALL:1789944928.622885819 UPTIME:625 MENU_T+:96
ATTEMPT_1 post+3 score mean=16.2540 p99=139 MENU_T+:100
ATTEMPT_1 post+8 score mean=16.2867 p99=139
ATTEMPT_1 post+15 score mean=16.2610 p99=139
ATTEMPT_1 post+25 score mean=16.2610 p99=139
ATTEMPT_1 whole815=0.0403 whole1525=0.0245
ATTEMPT_1 MENU-LIKE (non-title + static) -> stability series
STAB1 score mean=16.3829 p99=141 MENU_T+:138
STAB2 score mean=16.2610 p99=139 MENU_T+:149
STAB3 score mean=16.2610 p99=139 MENU_T+:159
STAB4 score mean=16.2561 p99=139 MENU_T+:170
STAB5 score mean=16.2991 p99=139 MENU_T+:181
STAB6 score mean=16.2993 p99=139 MENU_T+:191
