[22:13:21] PRE lease="LEASE_FREE VK1 done" keyguard="showing=false" battery=100% ac=true pid0=none
[22:13:21] PRE device-env=a8d651a7e55f7e29f1345f28f4ea634e06ae757f535e29439ab61c930bcc0ebd mc0-test='' mc0-bad=[]
[22:13:22] APK local sha x2 4ff81032a175689be276819381f5ff52710e37101f99289d76b25a5c95609753 4ff81032a175689be276819381f5ff52710e37101f99289d76b25a5c95609753
[22:13:26] INSTALL Performing Streamed Install Success
[22:13:26] INSTALLED /data/app/~~rRpamQMsU2wJZJG2ZfJRyw==/com.ps2x.runner-P3o_vN9Ek-5OdR2iMFYjDg==/base.apk sha=4ff81032a175689be276819381f5ff52710e37101f99289d76b25a5c95609753 match=True
[22:13:26] ENV 0fd9418135d3c56e6af20f22d92134106532088179c645675b8125e247dbd549  /storage/emulated/0/Android/data/com.ps2x.runner/files/ps2x.env
[22:13:26 t+    0.1] AM Starting: Intent { cmp=com.ps2x.runner/android.app.NativeActivity }
[22:13:32 t+    6.2] FOCUS app-foreground, no BACK ('mCurrentFocus=Window{85bb341 u0 com.ps2x.runner/android.app.NativeActivity}')
[22:13:35 t+    8.4] LAYER 'com.ps2x.runner/android.app.NativeActivity#18868' tried=['com.ps2x.runner/android.app.NativeActivity#18868']
[22:14:22 t+   55.8] CPUWIN start tick=1868
[22:14:43 t+   77.1] SCAP sc01-tick2100-t76.png tick~2122
[22:15:15 t+  108.4] CPUWIN end tick=2553
[22:15:43 t+  137.3] SCAP sc02-tick3000-t136.png tick~3010
[22:16:49 t+  202.9] SCAP sc03-tick4000-t202.png tick~4001
[22:17:18 t+  231.7] STOP tick 4516 >= 4500
[22:17:18 t+  232.0] SCAP sc04-final-t231.png tick~4516
[22:17:20 t+  233.6] THREADS
Threads: 29 total,   2 running,  27 sleeping,   0 stopped,   0 zombie
  Mem:  7342756K total,  5064828K used,  2277928K free,      656K buffers
 Swap: 10485752K total,   819164K used,  9666588K free,  2362208K cached
800%cpu  88%user   0%nice  27%sys 677%idle   0%iow   8%irq   0%sirq   0%host
  TID USER         PR  NI VIRT  RES  SHR S[%CPU] %MEM     TIME+ THREAD          PROCESS
20671 u0_a113      10 -10  17G 730M 486M R 76.9  10.1   2:39.91 GameThread      com.ps2x.runner
20650 u0_a113      10 -10  17G 730M 486M S 15.3  10.1   0:37.39 GsWorker        com.ps2x.runner
20648 u0_a113      10 -10  17G 730M 486M R  7.6  10.1   0:13.89 com.ps2x.runner com.ps2x.runner
20683 u0_a113      10 -10  17G 730M 486M S  0.0  10.1   0:00.00 com.ps2x.runner com.ps2x.runner
20682 u0_a113      10 -10  17G 730M 486M S  0.0  10.1   0:00.00 com.ps2x.runner com.ps2x.runner
20679 u0_a113      20   0  17G 730M 486M S  0.0  10.1   0:00.00 InteractionJank com.ps2x.runner
20678 u0_a113      20   0  17G 730M 486M S  0.0  10.1   0:00.15 binder:20630_4  com.ps2x.runner
20673 u0_a113      10 -10  17G 730M 486M S  0.0  10.1   0:00.22 PGS-Waiter      com.ps2x.runner
20672 u0_a113      39  19  17G 730M 486M S  0.0  10.1   0:00.00 com.ps:traceq0  com.ps2x.runner
20669 u0_a113      -3 -10  17G 730M 486M S  0.0  10.1   0:00.83 AAudio_1        com.ps2x.runner
20662 u0_a113      10 -10  17G 730M 486M S  0.0  10.1   0:00.00 com.ps2x.runner com.ps2x.runner
20663 u0_a113      20   0  17G 730M 486M S  0.0  10.1   0:00.23 binder:20630_4  com.ps2x.runner
20654 u0_a113      20   0  17G 730M 486M S  0.0  10.1   0:00.00 InsetsAnimation com.ps2x.runner
20653 u0_a113      20   0  17G 730M 486M S  0.0  10.1   0:00.00 SurfaceSyncGrou com.ps2x.runner
20652 u0_a113      10 -10  17G 730M 486M S  0.0  10.1   0:00.00 VsyncReceiver   com.ps2x.runner

[22:17:20 t+  233.6] BATTERY status: 5 level: 100
[22:17:22 t+  236.1] RESTORE a8d651a7e55f7e29f1345f28f4ea634e06ae757f535e29439ab61c930bcc0ebd match=True
[22:17:23 t+  236.3] MC0-AFTER bad=[]
[22:17:23 t+  236.3] END pid-after=none disconnects=0
