[02:18:36] PRE lease="BA1 2026-09-26T06:15:32Z" keyguard="showing=false" battery=100% ac=true pid0=none
[02:18:36] PRE device-env=a8d651a7e55f7e29f1345f28f4ea634e06ae757f535e29439ab61c930bcc0ebd mc0-test='' mc0-bad=[]
[02:18:36] CLAIM CLAIMED
[02:18:36] ENV 5f11666a7e37385ade059eda1fd3a053c291f90633350d89121b744cb798ad18  /storage/emulated/0/Android/data/com.ps2x.runner/files/ps2x.env
[02:18:37 t+    0.1] AM Starting: Intent { cmp=com.ps2x.runner/android.app.NativeActivity }
[02:18:43 t+    6.1] FOCUS app-foreground, no BACK ('mCurrentFocus=Window{c8f492c u0 com.ps2x.runner/android.app.NativeActivity}')
[02:18:45 t+    8.3] LAYER 'com.ps2x.runner/android.app.NativeActivity#21016' tried=['com.ps2x.runner/android.app.NativeActivity#21015', 'RequestedLayerState{c8f492c com.ps2x.runner/android.app.NativeActivity#21015 parentId=21006}', 'com.ps2x.runner/android.app.NativeActivity#21016']
[02:19:49 t+   72.2] SCAP sc01-tick2100-t71.png tick~2141
[02:20:45 t+  128.4] SCAP sc02-tick3000-t128.png tick~3038
[02:21:44 t+  187.3] SCAP sc03-tick4000-t186.png tick~4057
[02:22:08 t+  211.2] STOP tick 4531 >= 4500
[02:22:08 t+  211.5] SCAP sc04-final-t211.png tick~4531
[02:22:09 t+  212.9] THREADS
Threads: 29 total,   1 running,  28 sleeping,   0 stopped,   0 zombie
  Mem:  7342756K total,  4961460K used,  2381296K free,      560K buffers
 Swap: 10485752K total,   681756K used,  9803996K free,  2252660K cached
800%cpu  88%user   0%nice  27%sys 673%idle   0%iow  12%irq   0%sirq   0%host
  TID USER         PR  NI VIRT  RES  SHR S[%CPU] %MEM     TIME+ THREAD          PROCESS
18564 u0_a113      10 -10  17G 729M 483M S 73.0  10.1   2:17.37 GameThread      com.ps2x.runner
18545 u0_a113      10 -10  17G 729M 483M S 15.3  10.1   0:34.45 GsWorker        com.ps2x.runner
18543 u0_a113      10 -10  17G 729M 483M R  7.6  10.1   0:12.61 com.ps2x.runner com.ps2x.runner
18576 u0_a113      10 -10  17G 729M 483M S  0.0  10.1   0:00.00 com.ps2x.runner com.ps2x.runner
18575 u0_a113      10 -10  17G 729M 483M S  0.0  10.1   0:00.00 com.ps2x.runner com.ps2x.runner
18572 u0_a113      20   0  17G 729M 483M S  0.0  10.1   0:00.00 InteractionJank com.ps2x.runner
18571 u0_a113      20   0  17G 729M 483M S  0.0  10.1   0:00.15 binder:18522_1  com.ps2x.runner
18566 u0_a113      10 -10  17G 729M 483M S  0.0  10.1   0:00.24 PGS-Waiter      com.ps2x.runner
18565 u0_a113      39  19  17G 729M 483M S  0.0  10.1   0:00.00 com.ps:traceq0  com.ps2x.runner
18562 u0_a113      -3 -10  17G 729M 483M S  0.0  10.1   0:00.74 AAudio_1        com.ps2x.runner
18556 u0_a113      10 -10  17G 729M 483M S  0.0  10.1   0:00.00 com.ps2x.runner com.ps2x.runner
18547 u0_a113      10 -10  17G 729M 483M S  0.0  10.1   0:00.00 VsyncReceiver   com.ps2x.runner
18548 u0_a113      20   0  17G 729M 483M S  0.0  10.1   0:00.00 SurfaceSyncGrou com.ps2x.runner
18549 u0_a113      20   0  17G 729M 483M S  0.0  10.1   0:00.00 InsetsAnimation com.ps2x.runner
18544 u0_a113      10 -10  17G 729M 483M S  0.0  10.1   0:00.00 com.ps2x.runner com.ps2x.runner

[02:22:10 t+  213.1] BATTERY status: 5 level: 100
[02:22:12 t+  215.5] RESTORE a8d651a7e55f7e29f1345f28f4ea634e06ae757f535e29439ab61c930bcc0ebd match=True
[02:22:12 t+  215.8] MC0-AFTER bad=[]
[02:22:12 t+  215.8] END pid-after=none disconnects=0
[02:22:12 t+  215.9] RELEASE ok=True RELEASED
