[04:43:27] PRE lease="LEASE_FREE F7P3 done" keyguard="showing=false" battery=100% ac=true pid0=none
[04:43:27] PRE device-env=ef9f94e11ecda70afe6fdc7602fcf22c259c6748660816cf23937df54989a390 mc0-test='' mc0-bad=[]
[04:43:27] LEASE claimed via odin_lease.sh: CLAIMED
[04:43:28] APK local sha x2 825b436dd2cfc9f3ee42e7ac06643623b9651df409892c6a3e25af27cc531254 825b436dd2cfc9f3ee42e7ac06643623b9651df409892c6a3e25af27cc531254
[04:43:34] INSTALL Performing Streamed Install Success
[04:43:34] INSTALLED /data/app/~~sBcC-6JdhbYP8m9SSeQR3Q==/com.ps2x.runner-rNtk-clvdpFRkWFtZHqWXw==/base.apk sha=825b436dd2cfc9f3ee42e7ac06643623b9651df409892c6a3e25af27cc531254 match=True
[04:43:34] ENV 76ba7d542dc049e797ee5bcc5900a79fbec8f4dd7cffaa0c7fe76325470d17e5  /storage/emulated/0/Android/data/com.ps2x.runner/files/ps2x.env
[04:43:34 t+    0.0] AM Starting: Intent { cmp=com.ps2x.runner/android.app.NativeActivity }
[04:43:40 t+    6.3] FOCUS app-foreground, no BACK ('mCurrentFocus=Window{fea45d1 u0 com.ps2x.runner/android.app.NativeActivity}')
[04:43:43 t+    8.5] LAYER 'com.ps2x.runner/android.app.NativeActivity#21823' tried=['com.ps2x.runner/android.app.NativeActivity#21823']
[04:44:22 t+   47.6] CPUWIN start tick=1936
[04:44:32 t+   57.6] SCAP sc01-tick2100-t56.png tick~2126
[04:44:51 t+   76.8] CPUWIN end tick=2545
[04:45:11 t+   97.0] SCAP sc02-tick3000-t96.png tick~3020
[04:45:57 t+  142.4] SCAP sc03-tick4000-t141.png tick~4101
[04:46:11 t+  157.2] STOP tick 4519 >= 4500
[04:46:12 t+  157.6] SCAP sc04-final-t157.png tick~4519
[04:46:13 t+  159.0] THREADS
Threads: 28 total,   2 running,  26 sleeping,   0 stopped,   0 zombie
  Mem:  7342756K total,  4927116K used,  2415640K free,      680K buffers
 Swap: 10485752K total,   676744K used,  9809008K free,  2139540K cached
800%cpu  96%user   0%nice  31%sys 662%idle   0%iow   8%irq   4%sirq   0%host
  TID USER         PR  NI VIRT  RES  SHR S[%CPU] %MEM     TIME+ THREAD          PROCESS
23368 u0_a113      10 -10  17G 753M 514M R 57.6  10.5   1:18.34 MTVU            com.ps2x.runner
23346 u0_a113      10 -10  17G 753M 514M S 30.7  10.5   0:38.29 GameThread      com.ps2x.runner
23280 u0_a113      10 -10  17G 753M 514M R 26.9  10.5   0:31.60 GsWorker        com.ps2x.runner
23359 u0_a113      20   0  17G 753M 514M S  0.0  10.5   0:00.00 InteractionJank com.ps2x.runner
23358 u0_a113      20   0  17G 753M 514M S  0.0  10.5   0:00.00 binder:23219_2  com.ps2x.runner
23352 u0_a113      10 -10  17G 753M 514M S  0.0  10.5   0:00.21 PGS-Waiter      com.ps2x.runner
23351 u0_a113      39  19  17G 753M 514M S  0.0  10.5   0:00.00 com.ps:traceq0  com.ps2x.runner
23328 u0_a113      -3 -10  17G 753M 514M S  0.0  10.5   0:00.56 AAudio_1        com.ps2x.runner
23297 u0_a113      20   0  17G 753M 514M S  0.0  10.5   0:00.12 binder:23219_4  com.ps2x.runner
23295 u0_a113      10 -10  17G 753M 514M S  0.0  10.5   0:00.00 com.ps2x.runner com.ps2x.runner
23287 u0_a113      20   0  17G 753M 514M S  0.0  10.5   0:00.00 InsetsAnimation com.ps2x.runner
23285 u0_a113      20   0  17G 753M 514M S  0.0  10.5   0:00.00 SurfaceSyncGrou com.ps2x.runner
23284 u0_a113      10 -10  17G 753M 514M S  0.0  10.5   0:00.00 VsyncReceiver   com.ps2x.runner
23279 u0_a113      10 -10  17G 753M 514M S  0.0  10.5   0:00.00 com.ps2x.runner com.ps2x.runner
23278 u0_a113      10 -10  17G 753M 514M S  0.0  10.5   0:00.32 com.ps2x.runner com.ps2x.runner

[04:46:13 t+  159.1] BATTERY status: 5 level: 100
[04:46:16 t+  161.6] RESTORE ef9f94e11ecda70afe6fdc7602fcf22c259c6748660816cf23937df54989a390 match=True
[04:46:16 t+  161.9] MC0-AFTER bad=[]
[04:46:16 t+  162.0] END pid-after=none disconnects=0
