[02:32:32] PRE lease="BA1 2026-09-26T06:29:26Z" keyguard="showing=false" battery=100% ac=true pid0=none
[02:32:32] PRE device-env=a8d651a7e55f7e29f1345f28f4ea634e06ae757f535e29439ab61c930bcc0ebd mc0-test='' mc0-bad=[]
[02:32:32] CLAIM CLAIMED
[02:32:32] ENV 0657c74a63d728d24fcee8a0a744a27f776633675fa95092d4c498228e63e6c3  /storage/emulated/0/Android/data/com.ps2x.runner/files/ps2x.env
[02:32:32 t+    0.1] AM Starting: Intent { cmp=com.ps2x.runner/android.app.NativeActivity }
[02:32:38 t+    6.2] FOCUS app-foreground, no BACK ('mCurrentFocus=Window{396afc8 u0 com.ps2x.runner/android.app.NativeActivity}')
[02:32:41 t+    8.6] LAYER 'com.ps2x.runner/android.app.NativeActivity#21094' tried=['com.ps2x.runner/android.app.NativeActivity#21093', 'RequestedLayerState{396afc8 com.ps2x.runner/android.app.NativeActivity#21093 parentId=21084}', 'com.ps2x.runner/android.app.NativeActivity#21084', 'RequestedLayerState{ActivityRecord{988846f u0 com.ps2x.runner/android.app.NativeActivity#21084 parentId=21083}', 'com.ps2x.runner/android.app.NativeActivity#21094']
[02:33:50 t+   77.7] SCAP sc01-tick2100-t77.png tick~2176
[02:34:43 t+  131.0] SCAP sc02-tick3000-t130.png tick~3040
[02:35:43 t+  191.1] SCAP sc03-tick4000-t190.png tick~4025
[02:36:15 t+  222.7] STOP tick 4572 >= 4500
[02:36:15 t+  223.0] SCAP sc04-final-t222.png tick~4572
[02:36:17 t+  224.6] THREADS
Threads: 29 total,   0 running,  29 sleeping,   0 stopped,   0 zombie
  Mem:  7342756K total,  5002312K used,  2340444K free,      568K buffers
 Swap: 10485752K total,   682116K used,  9803636K free,  2250876K cached
800%cpu  96%user   4%nice  15%sys 677%idle   0%iow   8%irq   0%sirq   0%host
  TID USER         PR  NI VIRT  RES  SHR S[%CPU] %MEM     TIME+ THREAD          PROCESS
26072 u0_a113      10 -10  17G 764M 518M S 69.2  10.6   2:28.71 GameThread      com.ps2x.runner
26045 u0_a113      10 -10  17G 764M 518M S 19.2  10.6   0:36.61 GsWorker        com.ps2x.runner
26042 u0_a113      10 -10  17G 764M 518M S  7.6  10.6   0:13.28 com.ps2x.runner com.ps2x.runner
26086 u0_a113      10 -10  17G 764M 518M S  0.0  10.6   0:00.00 com.ps2x.runner com.ps2x.runner
26085 u0_a113      10 -10  17G 764M 518M S  0.0  10.6   0:00.00 com.ps2x.runner com.ps2x.runner
26080 u0_a113      20   0  17G 764M 518M S  0.0  10.6   0:00.00 InteractionJank com.ps2x.runner
26079 u0_a113      20   0  17G 764M 518M S  0.0  10.6   0:00.15 binder:26024_4  com.ps2x.runner
26074 u0_a113      10 -10  17G 764M 518M S  0.0  10.6   0:00.24 PGS-Waiter      com.ps2x.runner
26073 u0_a113      39  19  17G 764M 518M S  0.0  10.6   0:00.00 com.ps:traceq0  com.ps2x.runner
26069 u0_a113      -3 -10  17G 764M 518M S  0.0  10.6   0:00.78 AAudio_1        com.ps2x.runner
26059 u0_a113      20   0  17G 764M 518M S  0.0  10.6   0:00.23 binder:26024_4  com.ps2x.runner
26058 u0_a113      10 -10  17G 764M 518M S  0.0  10.6   0:00.00 com.ps2x.runner com.ps2x.runner
26049 u0_a113      20   0  17G 764M 518M S  0.0  10.6   0:00.30 binder:26024_3  com.ps2x.runner
26048 u0_a113      20   0  17G 764M 518M S  0.0  10.6   0:00.00 SurfaceSyncGrou com.ps2x.runner
26050 u0_a113      20   0  17G 764M 518M S  0.0  10.6   0:00.00 InsetsAnimation com.ps2x.runner

[02:36:17 t+  224.6] BATTERY status: 5 level: 100
[02:36:19 t+  227.1] RESTORE a8d651a7e55f7e29f1345f28f4ea634e06ae757f535e29439ab61c930bcc0ebd match=True
[02:36:19 t+  227.3] MC0-AFTER bad=[]
[02:36:19 t+  227.3] END pid-after=none disconnects=0
[02:36:19 t+  227.4] RELEASE ok=True RELEASED
