REF_CHECK:mean=0.0000 p99=0 max=0 npix=224000 mode=PPM
REFMENU_CHECK:mean=0.0000 p99=0 max=0 npix=1310720 mode=PPM
REFSC_CHECK:mean=0.0000 p99=0 max=0 npix=1310720 mode=PPM
SELF_TEST mean=0.0000 p99=0
SELF_WHOLE=0.0000
SELF_MENU mean=0.0000 p99=0
SELF_SC mean=0.0000 p99=0
START_SCORE mean=11.1785 p99=109 MENU_T+:93
ATTEMPT_1 BEGIN MENU_T+:93
ATTEMPT_1 now score mean=14.7665 p99=151
ATTEMPT_1 on attract (non-title) -> Cross attract-skip
A1_CROSS_KEYDOWN_WALL:1789959247.793506836 UPTIME:303 MENU_T+:93
A1_CROSS_HELD_WALL:1789959247.812368184 UPTIME:303
A1_CROSS_KEYUP_WALL:1789959248.329351573 UPTIME:304 MENU_T+:94
ATTEMPT_1 poll01 score mean=0.4337 p99=6 MENU_T+:97
ATTEMPT_1 TITLE-DETECTED at poll01
A1_START_KEYDOWN_WALL:1789959251.058242674 UPTIME:306 MENU_T+:97
A1_START_HELD_WALL:1789959251.076384750 UPTIME:307
A1_START_KEYUP_WALL:1789959251.593248567 UPTIME:307 MENU_T+:97
ATTEMPT_1 post+3 score mean=16.2542 p99=139 MENU_T+:101
ATTEMPT_1 post+8 score mean=16.2955 p99=139
ATTEMPT_1 post+15 score mean=16.2610 p99=139
ATTEMPT_1 post+25 score mean=16.2610 p99=139
ATTEMPT_1 whole815=0.0389 whole1525=0.0168
ATTEMPT_1 post25-vs-menu mean=0.3002 p99=5
ATTEMPT_1 MENU-LIKE (non-title + static) -> park for menu Cross
MENUPRE vs-menu mean=0.2871 p99=5 MENU_T+:135
MENUPRE vs-title mean=16.2610 p99=139
MENU_CROSS_KEYDOWN_WALL:1789959290.190552791 UPTIME:346 MENU_T+:136
MENU_CROSS_HELD_WALL:1789959290.208982027 UPTIME:346
MENU_CROSS_KEYUP_WALL:1789959290.726736791 UPTIME:346 MENU_T+:136
MC post+1 titleband mean=12.5548 p99=164 vs-menu mean=10.2109 p99=106 vs-sc mean=0.4251 p99=7 MENU_T+:140
MC post+3 titleband mean=12.5594 p99=164 vs-menu mean=10.2301 p99=107 vs-sc mean=0.4567 p99=7
MC post+8 titleband mean=12.5352 p99=164 vs-menu mean=10.2066 p99=105 vs-sc mean=0.5912 p99=8
MC post+15 titleband mean=12.5352 p99=164 vs-menu mean=10.2201 p99=105 vs-sc mean=0.4697 p99=7
MC hops whole: pre-post1=10.1155 p1-p3=0.1042 p3-p8=0.2853 p8-p15=0.2197
SC-LIKE (non-menu + static) -> park for Zoe Cross
SCPRE vs-sc mean=0.5146 p99=8 MENU_T+:174
SCPRE vs-menu mean=10.1701 p99=105
SCPRE vs-title mean=12.6647 p99=164
ZOE_CROSS_KEYDOWN_WALL:1789959330.257827924 UPTIME:386 MENU_T+:176
ZOE_CROSS_HELD_WALL:1789959330.278082244 UPTIME:386
ZOE_CROSS_KEYUP_WALL:1789959330.795688070 UPTIME:386 MENU_T+:176
ZC post+1 titleband mean=15.8430 p99=128 vs-sc mean=7.2007 p99=98 vs-menu mean=6.9641 p99=92 MENU_T+:180
ZC post+3 titleband mean=15.8545 p99=128 vs-sc mean=7.2895 p99=101 vs-menu mean=6.9571 p99=93
ZC post+8 titleband mean=15.8525 p99=128 vs-sc mean=7.1411 p99=100 vs-menu mean=6.9785 p99=93
ZC post+15 titleband mean=15.8525 p99=128 vs-sc mean=7.2886 p99=100 vs-menu mean=6.9432 p99=92
ZC post+25 titleband mean=15.8404 p99=128 vs-sc mean=7.2950 p99=101 vs-menu mean=6.9568 p99=93
ZC post+40 titleband mean=15.8525 p99=128 vs-sc mean=7.1544 p99=100 vs-menu mean=6.9800 p99=93
ZC hops whole: pre-post1=7.1365 p1-p3=0.2734 p3-p8=0.2827 p8-p15=0.2574 p15-p25=0.0560 p25-p40=0.2961
ZC_STAB1 titleband mean=15.8896 p99=129 vs-sc mean=7.2642 p99=100 MENU_T+:253
ZC_STAB2 titleband mean=15.8043 p99=128 vs-sc mean=7.1471 p99=100 MENU_T+:265
ZC_STAB3 titleband mean=15.8525 p99=128 vs-sc mean=7.2923 p99=101 MENU_T+:276
ZC_STAB4 titleband mean=15.9050 p99=129 vs-sc mean=7.1871 p99=100 MENU_T+:288
ZC_STAB5 titleband mean=15.7701 p99=128 vs-sc mean=7.2179 p99=99 MENU_T+:300
ZC_STAB6 titleband mean=15.8525 p99=128 vs-sc mean=7.2577 p99=100 MENU_T+:312
