[19:43:59] PRE lease="LEASE_FREE N12 done" keyguard="showing=false" battery=100% ac=true pid0=none
[19:43:59] PRE device-env=a8d651a7e55f7e29f1345f28f4ea634e06ae757f535e29439ab61c930bcc0ebd mc0-test='' mc0-bad=[]
[19:43:59] ENV 1ac10f4c1aa69be7ac1186c7b94f95c16d689f06eef5affda2ae52c75343f5ce  /storage/emulated/0/Android/data/com.ps2x.runner/files/ps2x.env
[19:43:59 t+    0.0] AM Starting: Intent { cmp=com.ps2x.runner/android.app.NativeActivity }
[19:44:06 t+    6.5] FOCUS app-foreground, no BACK ('mCurrentFocus=Window{afd05f2 u0 com.ps2x.runner/android.app.NativeActivity}')
[19:44:08 t+    8.7] LAYER 'com.ps2x.runner/android.app.NativeActivity#18047' tried=['com.ps2x.runner/android.app.NativeActivity#18047']
[19:44:16 t+   16.8] SCAP sc01-tick700-t16.png tick~867
[19:44:16 t+   16.8] PROFILE start tick=867
[19:44:51 t+   51.7] PROFILE end rc-logged tick~867
[19:44:52 t+   52.2] SCAP sc02-postprofile-t51.png tick~867
[19:44:52 t+   52.7] SCAP sc03-final-t52.png tick~867
[19:44:54 t+   54.1] THREADS
Threads: 32 total,   4 running,  28 sleeping,   0 stopped,   0 zombie
  Mem:  7342756K total,  5060332K used,  2282424K free,      644K buffers
 Swap: 10485752K total,   777872K used,  9707880K free,  2448628K cached
800%cpu 396%user   0%nice  42%sys 354%idle   0%iow   8%irq   0%sirq   0%host
  TID USER         PR  NI VIRT  RES  SHR S[%CPU] %MEM     TIME+ THREAD          PROCESS
13345 u0_a113      10 -10  17G 649M 392M R  100   9.0   0:52.54 GsWorker        com.ps2x.runner
13343 u0_a113      10 -10  17G 649M 392M R  100   9.0   0:52.12 GsWorker        com.ps2x.runner
13344 u0_a113      10 -10  17G 649M 392M R  100   9.0   0:52.13 GsWorker        com.ps2x.runner
13340 u0_a113      10 -10  17G 649M 392M R 84.6   9.0   0:33.16 GameThread      com.ps2x.runner
13321 u0_a113      10 -10  17G 649M 392M S  7.6   9.0   0:04.85 GsWorker        com.ps2x.runner
13319 u0_a113      10 -10  17G 649M 392M S  3.8   9.0   0:03.48 com.ps2x.runner com.ps2x.runner
13392 u0_a113      20   0  17G 649M 392M S  0.0   9.0   0:00.05 binder:13299_4  com.ps2x.runner
13355 u0_a113      10 -10  17G 649M 392M S  0.0   9.0   0:00.00 com.ps2x.runner com.ps2x.runner
13354 u0_a113      10 -10  17G 649M 392M S  0.0   9.0   0:00.00 com.ps2x.runner com.ps2x.runner
13348 u0_a113      20   0  17G 649M 392M S  0.0   9.0   0:00.00 InteractionJank com.ps2x.runner
13347 u0_a113      20   0  17G 649M 392M S  0.0   9.0   0:00.02 binder:13299_2  com.ps2x.runner
13342 u0_a113      10 -10  17G 649M 392M S  0.0   9.0   0:00.03 PGS-Waiter      com.ps2x.runner
13341 u0_a113      39  19  17G 649M 392M S  0.0   9.0   0:00.00 com.ps:traceq0  com.ps2x.runner
13339 u0_a113      -3 -10  17G 649M 392M S  0.0   9.0   0:00.17 AAudio_1        com.ps2x.runner
13332 u0_a113      10 -10  17G 649M 392M S  0.0   9.0   0:00.00 com.ps2x.runner com.ps2x.runner

[19:44:54 t+   54.1] BATTERY status: 5 level: 100
[19:44:57 t+   57.7] RESTORE a8d651a7e55f7e29f1345f28f4ea634e06ae757f535e29439ab61c930bcc0ebd match=True
[19:44:57 t+   57.8] MC0-AFTER bad=[]
[19:44:57 t+   58.0] END pid-after=none disconnects=0
