[12:31:42] PRE lease="LEASE_FREE NP1 done" keyguard="showing=false" battery=68% ac=true pid0=none
[12:31:42] PRE device-env=9fb46f8509adb1362b5ac74d35ac63a340e39228b64914848ce5ed85d6b74d13 mc0-test='' mc0-bad=[]
[12:31:42] ENV d140c230dcf0d2e0f615d2dce2f56de08e2322d97f80f1230231dcb6f337753c  /storage/emulated/0/Android/data/com.ps2x.runner/files/ps2x.env
[12:31:42 t+    0.1] AM Starting: Intent { cmp=com.ps2x.runner/android.app.NativeActivity }
[12:31:48 t+    6.2] BACK sent
[12:31:51 t+    8.3] LAYER 'com.ps2x.runner/android.app.NativeActivity#16625' tried=['com.ps2x.runner/android.app.NativeActivity#16625']
[12:33:50 t+  128.0] SCAP sc01-tick2100-t127.png tick~2127
[12:35:38 t+  236.2] SCAP sc02-tick3000-t235.png tick~3033
[12:37:35 t+  352.9] SCAP sc03-tick4000-t352.png tick~4007
[12:38:29 t+  406.4] STOP tick 4511 >= 4500
[12:38:29 t+  406.9] SCAP sc04-final-t406.png tick~4511
[12:38:31 t+  408.4] THREADS
Threads: 27 total,   2 running,  25 sleeping,   0 stopped,   0 zombie
  Mem:  7342756K total,  4420692K used,  2922064K free,      612K buffers
 Swap: 10485752K total,   670120K used,  9815632K free,  1802900K cached
800%cpu 100%user   0%nice  58%sys 638%idle   0%iow   4%irq   0%sirq   0%host
  TID USER         PR  NI VIRT  RES  SHR S[%CPU] %MEM     TIME+ THREAD          PROCESS
11763 u0_a113      10 -10  17G 662M 421M R 76.9   9.2   4:36.67 GameThread      com.ps2x.runner
11744 u0_a113      10 -10  17G 662M 421M R 42.3   9.2   2:29.48 GsWorker        com.ps2x.runner
11742 u0_a113      10 -10  17G 662M 421M S  3.8   9.2   0:22.52 com.ps2x.runner com.ps2x.runner
11735 u0_a113      20   0  17G 662M 421M S  3.8   9.2   0:00.36 binder:11720_2  com.ps2x.runner
11799 u0_a113      20   0  17G 662M 421M S  0.0   9.2   0:00.59 binder:11720_4  com.ps2x.runner
11772 u0_a113      20   0  17G 662M 421M S  0.0   9.2   0:00.00 InteractionJank com.ps2x.runner
11771 u0_a113      20   0  17G 662M 421M S  0.0   9.2   0:00.24 binder:11720_3  com.ps2x.runner
11765 u0_a113      10 -10  17G 662M 421M S  0.0   9.2   0:00.23 PGS-Waiter      com.ps2x.runner
11764 u0_a113      39  19  17G 662M 421M S  0.0   9.2   0:00.00 com.ps:traceq0  com.ps2x.runner
11761 u0_a113      -3 -10  17G 662M 421M S  0.0   9.2   0:01.45 AAudio_1        com.ps2x.runner
11749 u0_a113      20   0  17G 662M 421M S  0.0   9.2   0:00.26 binder:11720_3  com.ps2x.runner
11750 u0_a113      10 -10  17G 662M 421M S  0.0   9.2   0:00.00 com.ps2x.runner com.ps2x.runner
11748 u0_a113      20   0  17G 662M 421M S  0.0   9.2   0:00.00 InsetsAnimation com.ps2x.runner
11747 u0_a113      20   0  17G 662M 421M S  0.0   9.2   0:00.00 SurfaceSyncGrou com.ps2x.runner
11746 u0_a113      10 -10  17G 662M 421M S  0.0   9.2   0:00.00 VsyncReceiver   com.ps2x.runner

[12:38:31 t+  408.4] BATTERY status: 2 level: 72
[12:38:33 t+  411.2] RESTORE 9fb46f8509adb1362b5ac74d35ac63a340e39228b64914848ce5ed85d6b74d13 match=True
[12:38:34 t+  411.4] MC0-AFTER bad=[]
[12:38:34 t+  411.5] END pid-after=none
