PREFLIGHT device=device lease='LEASE_FREE N8X1 explore done' keyguard=false battery=90% status=3 ac=true
LEASE claimed=N9 one-launch
INSTALL Performing Streamed Install | Success
HASH installed_apk 25711bfe1fedec6c4f60cf554b6401df1ca523bc06a82a5c736b2c9cebc08152 25711bfe1fedec6c4f60cf554b6401df1ca523bc06a82a5c736b2c9cebc08152
HASH elf 1b49d05ca2793922180851b9e1ce9ae2291d61a7863565ac4e71f12e967af7bc 1b49d05ca2793922180851b9e1ce9ae2291d61a7863565ac4e71f12e967af7bc
HASH iso 3c2f8eb182c9c6208a6e8172a41e61c98f420abe3f42c845f6829aeb9761ebf5 3c2f8eb182c9c6208a6e8172a41e61c98f420abe3f42c845f6829aeb9761ebf5
CARD mc0 entries=''
FRAME_DIR empty=/storage/emulated/0/Android/data/com.ps2x.runner/files/n9-frames
ENV_ORIG sha=176eff84eaf8e4f55800362f4827744b5f777ca0e3cbd623d271d4cd97cef32d
ENV sha=34cea8c52976a13e3d7196573fefb641e3f4d9797d5c632ca732bb16e7b94c83
PREFLIGHT device=device lease='N9 one-launch' keyguard=false battery=90% status=3 ac=true
LAUNCH Starting: Intent { cmp=com.ps2x.runner/android.app.NativeActivity }
PID 16273
PROGRESS t=5.3 tick=204
BACK sent for USB dialog
PROGRESS t=10.7 tick=356
PROGRESS t=16.0 tick=526
PROGRESS t=21.2 tick=706
PROGRESS t=25.4 tick=833
PROGRESS t=30.7 tick=909
PROGRESS t=35.9 tick=985
PROGRESS t=41.2 tick=1170
TRIGGER menu at guest_tick=1170 t=41.2
IMAGE menu.png trigger_host_tick=1170 latest_logged_guest_tick=1170 sha=09071b723a7343a9498967c095e5f681a67ce6553fd2c9d542ab2bfa6de96435 bytes=590967
PROGRESS t=45.9 tick=1362
PROGRESS t=51.1 tick=1529
PROGRESS t=55.3 tick=1614
PROGRESS t=60.6 tick=1638
PROGRESS t=65.9 tick=1669
PROGRESS t=71.1 tick=1701
PROGRESS t=75.3 tick=1735
PROGRESS t=80.6 tick=1772
PROGRESS t=85.8 tick=1809
PROGRESS t=91.1 tick=1845
PROGRESS t=96.4 tick=1883
PROGRESS t=100.6 tick=1921
PROGRESS t=105.9 tick=1959
PROGRESS t=111.1 tick=1998
PROGRESS t=116.4 tick=2035
TRIGGER frame-dump seq=2 host_tick=2050 latest_guest_tick=2035 t=117.5
IMAGE race.png trigger_host_tick=2050 latest_logged_guest_tick=2035 sha=74669f82ae339a157429fd94a895cf5401222adde9711f688e547064d71f4771 bytes=540516
STOP both screens captured after race dump host_tick=2050
FINAL tick=2035
POSTRUN pid-after=none
FRAME_DIR names=upload-0.txt,upload-1.txt,upload-latest.txt
FRAME_MISSING_PNG upload-0.png
FRAME_MISSING_PNG upload-1.png
FRAME_MISSING_PNG upload-latest.png
RESTORE ps2x.env want=176eff84eaf8e4f55800362f4827744b5f777ca0e3cbd623d271d4cd97cef32d got=176eff84eaf8e4f55800362f4827744b5f777ca0e3cbd623d271d4cd97cef32d 176eff84eaf8e4f55800362f4827744b5f777ca0e3cbd623d271d4cd97cef32d
CLEANUP pid-after=none
CLEANUP lease=LEASE_FREE N9 done
CLEANUP launch-to-exit=119.2s
