[03:34:58] PRE lease="LEASE_FREE F6 done" keyguard="showing=false" battery=100% ac=true pid0=none
[03:34:58] PRE device-env=a8d651a7e55f7e29f1345f28f4ea634e06ae757f535e29439ab61c930bcc0ebd mc0-test='' mc0-bad=[]
[03:34:58] LEASE claimed via odin_lease.sh: CLAIMED
[03:34:58] APK local sha x2 825b436dd2cfc9f3ee42e7ac06643623b9651df409892c6a3e25af27cc531254 825b436dd2cfc9f3ee42e7ac06643623b9651df409892c6a3e25af27cc531254
[03:35:02] INSTALL Performing Streamed Install Success
[03:35:02] INSTALLED /data/app/~~xbLPg94d5q4YdLzwioVDLg==/com.ps2x.runner-2oPKDB2o8BGObSaL1fNuvg==/base.apk sha=825b436dd2cfc9f3ee42e7ac06643623b9651df409892c6a3e25af27cc531254 match=True
[03:35:02] ENV 4788f4d6e06b20e5b5392c992755ca69ae392e121b11e782ac38a09ece917c8c  /storage/emulated/0/Android/data/com.ps2x.runner/files/ps2x.env
[03:35:02 t+    0.1] AM Starting: Intent { cmp=com.ps2x.runner/android.app.NativeActivity }
[03:35:09 t+    6.2] FOCUS app-foreground, no BACK ('mCurrentFocus=Window{e2bbf37 u0 com.ps2x.runner/android.app.NativeActivity}')
[03:35:11 t+    8.6] LAYER 'com.ps2x.runner/android.app.NativeActivity#21432' tried=['com.ps2x.runner/android.app.NativeActivity#21432']
[03:36:01 t+   58.8] SCAP sc01-tick2100-t58.png tick~2146
[03:36:39 t+   96.8] SCAP sc02-tick3000-t96.png tick~3047
[03:37:20 t+  137.8] SCAP sc03-tick4000-t137.png tick~4015
[03:37:39 t+  156.6] STOP tick 4574 >= 4500
[03:37:39 t+  157.1] SCAP sc04-final-t156.png tick~4574
[03:37:41 t+  158.6] THREADS
Threads: 28 total,   0 running,  28 sleeping,   0 stopped,   0 zombie
  Mem:  7342756K total,  4883060K used,  2459696K free,      576K buffers
 Swap: 10485752K total,   710068K used,  9775684K free,  2215876K cached
800%cpu 112%user   0%nice  27%sys 654%idle   0%iow   8%irq   0%sirq   0%host
  TID USER         PR  NI VIRT  RES  SHR S[%CPU] %MEM     TIME+ THREAD          PROCESS
24782 u0_a113      10 -10  17G 756M 517M S 53.8  10.5   1:18.80 MTVU            com.ps2x.runner
24772 u0_a113      10 -10  17G 756M 517M S 26.9  10.5   0:38.66 GameThread      com.ps2x.runner
24752 u0_a113      10 -10  17G 756M 517M S 26.9  10.5   0:31.68 GsWorker        com.ps2x.runner
24780 u0_a113      20   0  17G 756M 517M S  0.0  10.5   0:00.00 InteractionJank com.ps2x.runner
24779 u0_a113      20   0  17G 756M 517M S  0.0  10.5   0:00.00 binder:24729_1  com.ps2x.runner
24774 u0_a113      10 -10  17G 756M 517M S  0.0  10.5   0:00.21 PGS-Waiter      com.ps2x.runner
24773 u0_a113      39  19  17G 756M 517M S  0.0  10.5   0:00.00 com.ps:traceq0  com.ps2x.runner
24770 u0_a113      -3 -10  17G 756M 517M S  0.0  10.5   0:00.56 AAudio_1        com.ps2x.runner
24763 u0_a113      10 -10  17G 756M 517M S  0.0  10.5   0:00.00 com.ps2x.runner com.ps2x.runner
24757 u0_a113      20   0  17G 756M 517M S  0.0  10.5   0:00.00 InsetsAnimation com.ps2x.runner
24756 u0_a113      20   0  17G 756M 517M S  0.0  10.5   0:00.00 binder:24729_4  com.ps2x.runner
24755 u0_a113      20   0  17G 756M 517M S  0.0  10.5   0:00.00 SurfaceSyncGrou com.ps2x.runner
24754 u0_a113      10 -10  17G 756M 517M S  0.0  10.5   0:00.00 VsyncReceiver   com.ps2x.runner
24751 u0_a113      10 -10  17G 756M 517M S  0.0  10.5   0:00.00 com.ps2x.runner com.ps2x.runner
24750 u0_a113      10 -10  17G 756M 517M S  0.0  10.5   0:00.32 com.ps2x.runner com.ps2x.runner

[03:37:41 t+  158.7] BATTERY status: 5 level: 100
[03:37:44 t+  161.3] RESTORE a8d651a7e55f7e29f1345f28f4ea634e06ae757f535e29439ab61c930bcc0ebd match=True
[03:37:44 t+  161.6] MC0-AFTER bad=[]
[03:37:44 t+  161.7] END pid-after=none disconnects=0
