[21:15:32] PRE lease="LEASE_FREE VK1 done" keyguard="showing=false" battery=100% ac=true pid0=none
[21:15:32] PRE device-env=a8d651a7e55f7e29f1345f28f4ea634e06ae757f535e29439ab61c930bcc0ebd mc0-test='' mc0-bad=[]
[21:15:32] APK local sha x2 b2fc7f6551fca23aada3c5d8ce723df39961da3a6c5d8d6f7b6f529151182eb2 b2fc7f6551fca23aada3c5d8ce723df39961da3a6c5d8d6f7b6f529151182eb2
[21:15:34] INSTALL Performing Streamed Install Success
[21:15:35] INSTALLED /data/app/~~S8ej7no-HE1T3Y5F9GqEnw==/com.ps2x.runner-UptRoqLhbY4z2FfZX0yoDQ==/base.apk sha=b2fc7f6551fca23aada3c5d8ce723df39961da3a6c5d8d6f7b6f529151182eb2 match=True
[21:15:35] ENV e415ec9b73da8f161fa1d7cb6717ddcca610027b21eb53f5b3ba7b40c8ffb234  /storage/emulated/0/Android/data/com.ps2x.runner/files/ps2x.env
[21:15:35 t+    0.1] AM Starting: Intent { cmp=com.ps2x.runner/android.app.NativeActivity }
[21:15:41 t+    6.2] FOCUS app-foreground, no BACK ('mCurrentFocus=Window{2453277 u0 com.ps2x.runner/android.app.NativeActivity}')
[21:15:43 t+    8.4] LAYER 'com.ps2x.runner/android.app.NativeActivity#18505' tried=['com.ps2x.runner/android.app.NativeActivity#18505']
[21:16:33 t+   58.5] CPUWIN start tick=1804
[21:17:06 t+   91.3] SCAP sc01-tick2100-t90.png tick~2120
[21:17:33 t+  117.7] CPUWIN end tick=2358
[21:20:59 t+  323.7] STOP tick 4529 >= 4500
[21:20:59 t+  324.0] SCAP sc02-final-t323.png tick~4529
[21:21:00 t+  325.4] THREADS
Threads: 29 total,   1 running,  28 sleeping,   0 stopped,   0 zombie
  Mem:  7342756K total,  5627820K used,  1714936K free,      656K buffers
 Swap: 10485752K total,   756692K used,  9729060K free,  3021068K cached
800%cpu  69%user   0%nice  31%sys 692%idle   0%iow   8%irq   0%sirq   0%host
  TID USER         PR  NI VIRT  RES  SHR S[%CPU] %MEM     TIME+ THREAD          PROCESS
19685 u0_a113      10 -10  17G 833M 567M R 65.3  11.6   2:54.42 GameThread      com.ps2x.runner
19646 u0_a113      10 -10  17G 833M 567M S  7.6  11.6   0:43.30 GsWorker        com.ps2x.runner
19643 u0_a113      10 -10  17G 833M 567M S  7.6  11.6   0:26.00 com.ps2x.runner com.ps2x.runner
19702 u0_a113      20   0  17G 833M 567M S  0.0  11.6   0:00.38 binder:19614_4  com.ps2x.runner
19698 u0_a113      10 -10  17G 833M 567M S  0.0  11.6   0:00.00 com.ps2x.runner com.ps2x.runner
19699 u0_a113      10 -10  17G 833M 567M S  0.0  11.6   0:00.00 com.ps2x.runner com.ps2x.runner
19697 u0_a113      20   0  17G 833M 567M S  0.0  11.6   0:00.00 InteractionJank com.ps2x.runner
19696 u0_a113      20   0  17G 833M 567M S  0.0  11.6   0:00.22 binder:19614_3  com.ps2x.runner
19687 u0_a113      10 -10  17G 833M 567M S  0.0  11.6   0:00.25 PGS-Waiter      com.ps2x.runner
19686 u0_a113      39  19  17G 833M 567M S  0.0  11.6   0:00.00 com.ps:traceq0  com.ps2x.runner
19683 u0_a113      -3 -10  17G 833M 567M S  0.0  11.6   0:01.17 AAudio_1        com.ps2x.runner
19677 u0_a113      10 -10  17G 833M 567M S  0.0  11.6   0:00.00 com.ps2x.runner com.ps2x.runner
19662 u0_a113      20   0  17G 833M 567M S  0.0  11.6   0:00.00 InsetsAnimation com.ps2x.runner
19660 u0_a113      20   0  17G 833M 567M S  0.0  11.6   0:00.00 SurfaceSyncGrou com.ps2x.runner
19648 u0_a113      10 -10  17G 833M 567M S  0.0  11.6   0:00.00 VsyncReceiver   com.ps2x.runner

[21:21:00 t+  325.5] BATTERY status: 5 level: 100
[21:21:03 t+  328.3] RESTORE a8d651a7e55f7e29f1345f28f4ea634e06ae757f535e29439ab61c930bcc0ebd match=True
[21:21:03 t+  328.5] MC0-AFTER bad=[]
[21:21:04 t+  328.5] END pid-after=none disconnects=0
