[23:22:16] PRE lease="N11 prep S3" keyguard="showing=false" battery=60% ac=true pid0=none
[23:22:16] PRE device-env=9fb46f8509adb1362b5ac74d35ac63a340e39228b64914848ce5ed85d6b74d13 mc0-test='' mc0-bad=[]
[23:22:17] ENV adbe230217e442aa3b1fb61c36f18d1f2abb4ea2de75fe48445a73abaf92a533  /storage/emulated/0/Android/data/com.ps2x.runner/files/ps2x.env
[23:22:17 t+    0.0] AM Starting: Intent { cmp=com.ps2x.runner/android.app.NativeActivity }
[23:22:23 t+    6.1] BACK sent
[23:22:25 t+    8.2] LAYER 'com.ps2x.runner/android.app.NativeActivity#13912' tried=['com.ps2x.runner/android.app.NativeActivity#13912']
[23:22:39 t+   22.0] PROFILE start tick=676
[23:23:14 t+   57.6] PROFILE end rc-logged tick~676
[23:23:15 t+   58.0] SCAP sc01-postprofile-t57.png tick~676
[23:23:15 t+   58.3] SCAP sc02-final-t58.png tick~676
[23:23:16 t+   59.6] THREADS
Threads: 30 total,   4 running,  26 sleeping,   0 stopped,   0 zombie
  Mem:  7342756K total,  4708784K used,  2633972K free,      824K buffers
 Swap: 10485752K total,   801084K used,  9684668K free,  1938952K cached
800%cpu 415%user   4%nice  35%sys 338%idle   0%iow   8%irq   0%sirq   0%host
  TID USER         PR  NI VIRT  RES  SHR S[%CPU] %MEM     TIME+ THREAD          PROCESS
19461 u0_a113      10 -10  17G 612M 355M R  103   8.5   0:58.00 GsWorker        com.ps2x.runner
19460 u0_a113      10 -10  17G 612M 355M R  100   8.5   0:57.89 GsWorker        com.ps2x.runner
19459 u0_a113      10 -10  17G 612M 355M R  100   8.5   0:57.95 GsWorker        com.ps2x.runner
19456 u0_a113      10 -10  17G 612M 355M R 88.4   8.5   0:24.08 GameThread      com.ps2x.runner
19441 u0_a113      10 -10  17G 612M 355M S 30.7   8.5   0:32.14 GsWorker        com.ps2x.runner
19438 u0_a113      10 -10  17G 612M 355M S  7.6   8.5   0:03.33 com.ps2x.runner com.ps2x.runner
19467 u0_a113      20   0  17G 612M 355M S  0.0   8.5   0:00.00 InteractionJank com.ps2x.runner
19463 u0_a113      20   0  17G 612M 355M S  0.0   8.5   0:00.02 binder:19419_3  com.ps2x.runner
19458 u0_a113      10 -10  17G 612M 355M S  0.0   8.5   0:00.03 PGS-Waiter      com.ps2x.runner
19457 u0_a113      39  19  17G 612M 355M S  0.0   8.5   0:00.00 com.ps:traceq0  com.ps2x.runner
19454 u0_a113      -3 -10  17G 612M 355M S  0.0   8.5   0:00.21 AAudio_1        com.ps2x.runner
19447 u0_a113      10 -10  17G 612M 355M S  0.0   8.5   0:00.00 com.ps2x.runner com.ps2x.runner
19448 u0_a113      20   0  17G 612M 355M S  0.0   8.5   0:00.04 binder:19419_4  com.ps2x.runner
19443 u0_a113      10 -10  17G 612M 355M S  0.0   8.5   0:00.00 VsyncReceiver   com.ps2x.runner
19444 u0_a113      20   0  17G 612M 355M S  0.0   8.5   0:00.00 SurfaceSyncGrou com.ps2x.runner

[23:23:16 t+   59.6] BATTERY status: 3 level: 60
[23:23:21 t+   63.9] RESTORE 9fb46f8509adb1362b5ac74d35ac63a340e39228b64914848ce5ed85d6b74d13 match=True
[23:23:21 t+   64.0] MC0-AFTER bad=[]
[23:23:21 t+   64.1] END pid-after=none
