LIVE_DESCRIPTOR [   13.4228] AU4_DESC desc=0050c800 src=00512b80 size=8f0 dst=00061cf4
VIDEO_START_KEYDOWN_WALL:1790220709.754041987 UPTIME:220 MENU_T+:70
VIDEO_START_KEYUP_WALL:1790220710.287825246 UPTIME:221 MENU_T+:71
A1_CROSS_KEYDOWN_WALL:1790220710.292556561 UPTIME:221 MENU_T+:71
A1_CROSS_KEYUP_WALL:1790220710.826418784 UPTIME:221 MENU_T+:71
A1 poll1 score mean=0.4329 p99=6 MENU_T+:74
A1 TITLE-DETECTED at poll1
TITLE_t1_KEYDOWN_WALL:1790220713.588425127 UPTIME:224 MENU_T+:74
TITLE_t1_KEYUP_WALL:1790220715.622674041 UPTIME:226 MENU_T+:76
TITLE try1 ident mean=0.3513 p99=6
MENU_t1_KEYDOWN_WALL:1790220728.670772259 UPTIME:239 MENU_T+:89
MENU_t1_KEYUP_WALL:1790220730.704384404 UPTIME:241 MENU_T+:91
MENU try1 ident mean=0.5003 p99=8
SC_SETTLED ident mean=0.5835 p99=9
SC_RECORDS=17167
AU6_RECORDS=17167 SC_RECORDS=17167 wall=120
AU6_RECORDS=17365 SC_RECORDS=17167 wall=122
AU6_RECORDS=17563 SC_RECORDS=17167 wall=124
AU6_RECORDS=17763 SC_RECORDS=17167 wall=126
AU6_RECORDS=17963 SC_RECORDS=17167 wall=128
AU6_RECORDS=18164 SC_RECORDS=17167 wall=131
AU6_RECORDS=18367 SC_RECORDS=17167 wall=133
AU6_RECORDS=18569 SC_RECORDS=17167 wall=135
AU6_RECORDS=18772 SC_RECORDS=17167 wall=137
AU6_RECORDS=18974 SC_RECORDS=17167 wall=139
AU6_RECORDS=19177 SC_RECORDS=17167 wall=141
AU6_RECORDS=19380 SC_RECORDS=17167 wall=143
AU6_RECORDS=19585 SC_RECORDS=17167 wall=145
AU6_RECORDS=19787 SC_RECORDS=17167 wall=147
AU6_RECORDS=19990 SC_RECORDS=17167 wall=149
AU6_RECORDS=20195 SC_RECORDS=17167 wall=151
AU6_CAPTURE_DONE records=20195 status=1160000 snap=33554432
