[07:18:50] PRE lease="LEASE_FREE N11 done" keyguard="showing=false" battery=24% ac=true pid0=none
[07:18:50] PRE device-env=9fb46f8509adb1362b5ac74d35ac63a340e39228b64914848ce5ed85d6b74d13 mc0-test='' mc0-bad=[]
[07:18:50] ENV e334c93ff339c4591e67da7ee57e1bb4ededa960c8eff025ebd0db278be09462  /storage/emulated/0/Android/data/com.ps2x.runner/files/ps2x.env
[07:18:50 t+    0.0] AM Starting: Intent { cmp=com.ps2x.runner/android.app.NativeActivity }
[07:18:56 t+    6.1] BACK sent
[07:18:58 t+    8.2] LAYER 'com.ps2x.runner/android.app.NativeActivity#15366' tried=['com.ps2x.runner/android.app.NativeActivity#15366']
[07:20:52 t+  122.2] SCAP sc01-tick2100-t121.png tick~2111
[07:22:42 t+  231.8] SCAP sc02-tick3000-t231.png tick~3025
[07:24:38 t+  347.7] SCAP sc03-tick4000-t347.png tick~4008
[07:25:33 t+  403.6] STOP tick 4524 >= 4500
[07:25:34 t+  403.9] SCAP sc04-final-t403.png tick~4524
[07:25:35 t+  405.2] THREADS
Threads: 27 total,   1 running,  26 sleeping,   0 stopped,   0 zombie
  Mem:  7342756K total,  4425208K used,  2917548K free,      656K buffers
 Swap: 10485752K total,   644168K used,  9841584K free,  1428108K cached
800%cpu  88%user   0%nice  50%sys 650%idle   0%iow   8%irq   4%sirq   0%host
  TID USER         PR  NI VIRT  RES  SHR S[%CPU] %MEM     TIME+ THREAD          PROCESS
 3096 u0_a113      10 -10  17G 648M 407M R 80.7   9.0   4:36.48 GameThread      com.ps2x.runner
 3068 u0_a113      10 -10  17G 648M 407M S 42.3   9.0   2:30.80 GsWorker        com.ps2x.runner
 3066 u0_a113      10 -10  17G 648M 407M S  7.6   9.0   0:22.38 com.ps2x.runner com.ps2x.runner
 3055 u0_a113      20   0  17G 648M 407M S  3.8   9.0   0:00.45 binder:3031_1   com.ps2x.runner
 3110 u0_a113      20   0  17G 648M 407M S  0.0   9.0   0:00.00 InteractionJank com.ps2x.runner
 3109 u0_a113      20   0  17G 648M 407M S  0.0   9.0   0:00.26 binder:3031_4   com.ps2x.runner
 3100 u0_a113      10 -10  17G 648M 407M S  0.0   9.0   0:00.24 PGS-Waiter      com.ps2x.runner
 3097 u0_a113      39  19  17G 648M 407M S  0.0   9.0   0:00.00 com.ps:traceq0  com.ps2x.runner
 3095 u0_a113      -3 -10  17G 648M 407M S  0.0   9.0   0:01.38 AAudio_1        com.ps2x.runner
 3086 u0_a113      20   0  17G 648M 407M S  0.0   9.0   0:00.40 binder:3031_4   com.ps2x.runner
 3084 u0_a113      10 -10  17G 648M 407M S  0.0   9.0   0:00.00 com.ps2x.runner com.ps2x.runner
 3071 u0_a113      10 -10  17G 648M 407M S  0.0   9.0   0:00.00 VsyncReceiver   com.ps2x.runner
 3072 u0_a113      20   0  17G 648M 407M S  0.0   9.0   0:00.00 SurfaceSyncGrou com.ps2x.runner
 3073 u0_a113      20   0  17G 648M 407M S  0.0   9.0   0:00.00 InsetsAnimation com.ps2x.runner
 3067 u0_a113      10 -10  17G 648M 407M S  0.0   9.0   0:00.01 com.ps2x.runner com.ps2x.runner

[07:25:35 t+  405.3] BATTERY status: 3 level: 20
[07:25:37 t+  407.6] RESTORE 9fb46f8509adb1362b5ac74d35ac63a340e39228b64914848ce5ed85d6b74d13 match=True
[07:25:38 t+  407.9] MC0-AFTER bad=[]
[07:25:38 t+  407.9] END pid-after=none
