[19:15:41] PRE lease="LEASE_FREE F5 done" keyguard="showing=false" battery=100% ac=true pid0=none
[19:15:41] PRE device-env=9fb46f8509adb1362b5ac74d35ac63a340e39228b64914848ce5ed85d6b74d13 mc0-test='' mc0-bad=[]
[19:15:42] ENV c3466765817bf0bca80532eed2cdfd5f536d2c125265b42f6a7bab257838a572  /storage/emulated/0/Android/data/com.ps2x.runner/files/ps2x.env
[19:15:42 t+    0.0] AM Starting: Intent { cmp=com.ps2x.runner/android.app.NativeActivity }
[19:15:48 t+    6.3] FOCUS app-foreground, no BACK ('mCurrentFocus=Window{8297f34 u0 com.ps2x.runner/android.app.NativeActivity}')
[19:15:50 t+    8.6] LAYER 'com.ps2x.runner/android.app.NativeActivity#17921' tried=['com.ps2x.runner/android.app.NativeActivity#17920', 'RequestedLayerState{8297f34 com.ps2x.runner/android.app.NativeActivity#17920 parentId=17912}', 'com.ps2x.runner/android.app.NativeActivity#17912', 'RequestedLayerState{ActivityRecord{356e37c u0 com.ps2x.runner/android.app.NativeActivity#17912 parentId=17911}', 'com.ps2x.runner/android.app.NativeActivity#17921']
[19:16:58 t+   76.7] SCAP sc01-tick2100-t76.png tick~2123
[19:17:57 t+  135.8] SCAP sc02-tick3000-t135.png tick~3003
[19:19:09 t+  207.4] SCAP sc03-tick4000-t207.png tick~4055
[19:19:37 t+  235.8] STOP tick 4573 >= 4500
[19:19:38 t+  236.2] SCAP sc04-final-t235.png tick~4573
[19:19:39 t+  237.6] THREADS
Threads: 30 total,   0 running,  30 sleeping,   0 stopped,   0 zombie
  Mem:  7342756K total,  4794556K used,  2548200K free,      512K buffers
 Swap: 10485752K total,   689864K used,  9795888K free,  2132308K cached
800%cpu 100%user   0%nice  19%sys 673%idle   0%iow   8%irq   0%sirq   0%host
  TID USER         PR  NI VIRT  RES  SHR S[%CPU] %MEM     TIME+ THREAD          PROCESS
31766 u0_a113      10 -10  17G 686M 444M S 73.0   9.5   2:40.71 GameThread      com.ps2x.runner
31744 u0_a113      10 -10  17G 686M 444M S 19.2   9.5   0:38.05 GsWorker        com.ps2x.runner
31742 u0_a113      10 -10  17G 686M 444M S  7.6   9.5   0:14.09 com.ps2x.runner com.ps2x.runner
31787 u0_a113      20   0  17G 686M 444M S  0.0   9.5   0:00.13 binder:31716_5  com.ps2x.runner
31779 u0_a113      10 -10  17G 686M 444M S  0.0   9.5   0:00.00 com.ps2x.runner com.ps2x.runner
31778 u0_a113      10 -10  17G 686M 444M S  0.0   9.5   0:00.00 com.ps2x.runner com.ps2x.runner
31776 u0_a113      20   0  17G 686M 444M S  0.0   9.5   0:00.00 InteractionJank com.ps2x.runner
31773 u0_a113      20   0  17G 686M 444M S  0.0   9.5   0:00.15 binder:31716_3  com.ps2x.runner
31768 u0_a113      10 -10  17G 686M 444M S  0.0   9.5   0:00.22 PGS-Waiter      com.ps2x.runner
31767 u0_a113      39  19  17G 686M 444M S  0.0   9.5   0:00.00 com.ps:traceq0  com.ps2x.runner
31763 u0_a113      -3 -10  17G 686M 444M S  0.0   9.5   0:00.85 AAudio_1        com.ps2x.runner
31756 u0_a113      10 -10  17G 686M 444M S  0.0   9.5   0:00.00 com.ps2x.runner com.ps2x.runner
31757 u0_a113      20   0  17G 686M 444M S  0.0   9.5   0:00.10 binder:31716_4  com.ps2x.runner
31747 u0_a113      10 -10  17G 686M 444M S  0.0   9.5   0:00.00 VsyncReceiver   com.ps2x.runner
31748 u0_a113      20   0  17G 686M 444M S  0.0   9.5   0:00.00 SurfaceSyncGrou com.ps2x.runner

[19:19:39 t+  237.6] BATTERY status: 5 level: 100
[19:19:42 t+  240.2] RESTORE 9fb46f8509adb1362b5ac74d35ac63a340e39228b64914848ce5ed85d6b74d13 match=True
[19:19:42 t+  240.4] MC0-AFTER bad=[]
[19:19:42 t+  240.4] END pid-after=none disconnects=0
