REF_CHECK:mean=0.0000 p99=0 max=0 npix=224000 mode=PPM
REFMENU_CHECK:mean=0.0000 p99=0 max=0 npix=1310720 mode=PPM
REFSC_CHECK:mean=0.0000 p99=0 max=0 npix=1310720 mode=PPM
REFZC_CHECK:mean=0.0000 p99=0 max=0 npix=1310720 mode=PPM
REFSP_CHECK:mean=0.0000 p99=0 max=0 npix=1310720 mode=PPM
REFSM_CHECK:mean=0.0000 p99=0 max=0 npix=1310720 mode=PPM
REFSE_CHECK:mean=0.0000 p99=0 max=0 npix=1310720 mode=PPM
REFSETAG_CHECK:mean=0.0000 p99=0 max=0 npix=10150 mode=PPM
REFMR_CHECK:mean=0.0000 p99=0 max=0 npix=1310720 mode=PPM
REFPP_CHECK:mean=0.0000 p99=0 max=0 npix=1310720 mode=PPM
SELF_TEST mean=0.0000 p99=0
SELF_WHOLE=0.0000
SELF_MENU mean=0.0000 p99=0
SELF_SC mean=0.0000 p99=0
SELF_ZC mean=0.0000 p99=0
SELF_SP mean=0.0000 p99=0
SELF_SM mean=0.0000 p99=0
SELF_SE mean=0.0000 p99=0
SELF_SETAG mean=0.0000 p99=0
SELF_MR mean=0.0000 p99=0
SELF_PP mean=0.0000 p99=0
START_SCORE mean=24.6472 p99=172 MENU_T+:97
ATTEMPT_1 BEGIN MENU_T+:97
ATTEMPT_1 now score mean=16.6484 p99=167
ATTEMPT_1 on attract (non-title) -> Cross attract-skip
A1_CROSS_KEYDOWN_WALL:1789994056.682203890 UPTIME:173 MENU_T+:98
A1_CROSS_HELD_WALL:1789994056.700648570 UPTIME:173
A1_CROSS_KEYUP_WALL:1789994057.218267139 UPTIME:173 MENU_T+:99
ATTEMPT_1 poll01 score mean=0.4331 p99=6 MENU_T+:101
ATTEMPT_1 TITLE-DETECTED at poll01
A1_START_KEYDOWN_WALL:1789994059.962111498 UPTIME:176 MENU_T+:101
A1_START_HELD_WALL:1789994059.982359637 UPTIME:176
A1_START_KEYUP_WALL:1789994060.500106318 UPTIME:177 MENU_T+:102
ATTEMPT_1 post+3 score mean=16.2581 p99=139 MENU_T+:106
ATTEMPT_1 post+8 score mean=16.2886 p99=139
ATTEMPT_1 post+15 score mean=16.2610 p99=139
ATTEMPT_1 post+25 score mean=16.2610 p99=139
ATTEMPT_1 whole815=0.0312 whole1525=0.0131
ATTEMPT_1 post25-vs-menu mean=0.2964 p99=5
ATTEMPT_1 MENU-LIKE (non-title + static) -> park for menu Cross
MENUPRE vs-menu mean=0.2873 p99=5 MENU_T+:140
MENUPRE vs-title mean=16.2610 p99=139
MENU_CROSS_KEYDOWN_WALL:1789994099.255698733 UPTIME:216 MENU_T+:141
MENU_CROSS_HELD_WALL:1789994099.274036636 UPTIME:216
MENU_CROSS_KEYUP_WALL:1789994099.791281079 UPTIME:216 MENU_T+:141
MC post+1 titleband mean=12.5576 p99=164 vs-menu mean=10.2436 p99=106 vs-sc mean=0.4542 p99=7 MENU_T+:145
MC post+3 titleband mean=12.5711 p99=164 vs-menu mean=10.2230 p99=106 vs-sc mean=0.4390 p99=7
MC post+8 titleband mean=12.5465 p99=164 vs-menu mean=10.2206 p99=105 vs-sc mean=0.6209 p99=9
MC post+15 titleband mean=12.5352 p99=164 vs-menu mean=10.2130 p99=105 vs-sc mean=0.4250 p99=7
MC hops whole: pre-post1=10.1472 p1-p3=0.1164 p3-p8=0.2982 p8-p15=0.2687
SC-LIKE (non-menu + static) -> park for Zoe Cross
SCPRE vs-sc mean=0.4794 p99=7 MENU_T+:179
SCPRE vs-menu mean=10.1443 p99=105
SCPRE vs-title mean=12.7765 p99=164
ZOE_CROSS_KEYDOWN_WALL:1789994139.433995286 UPTIME:256 MENU_T+:181
ZOE_CROSS_HELD_WALL:1789994139.452963960 UPTIME:256
ZOE_CROSS_KEYUP_WALL:1789994139.970563886 UPTIME:256 MENU_T+:181
ZC post+1 titleband mean=15.8476 p99=128 vs-sc mean=7.1968 p99=100 vs-zc mean=0.5205 p99=9 MENU_T+:185
ZC post+3 titleband mean=15.8917 p99=128 vs-sc mean=7.2804 p99=99 vs-zc mean=0.4754 p99=9
ZC post+8 titleband mean=15.8546 p99=128 vs-sc mean=7.1719 p99=100 vs-zc mean=0.4549 p99=8
ZC hops whole: pre-post1=7.0742 p1-p3=0.2941 p3-p8=0.2713
ZC-LIKE (departed + non-SC + static) -> park for Continue Cross
CCPRE vs-zc mean=0.4818 p99=9 MENU_T+:208
CCPRE vs-sc mean=7.2924 p99=100
CCPRE vs-title mean=15.9280 p99=128
CONT_CROSS_KEYDOWN_WALL:1789994168.279712424 UPTIME:285 MENU_T+:210
CONT_CROSS_HELD_WALL:1789994168.302474645 UPTIME:285
CONT_CROSS_KEYUP_WALL:1789994168.819720512 UPTIME:285 MENU_T+:210
SP post+1 titleband mean=23.1245 p99=171 vs-zc mean=9.4666 p99=154 vs-sp mean=0.3695 p99=6 MENU_T+:214
SP post+3 titleband mean=23.1294 p99=171 vs-zc mean=9.4730 p99=154 vs-sp mean=0.3749 p99=6
SP post+8 titleband mean=23.1279 p99=171 vs-zc mean=9.4545 p99=154 vs-sp mean=0.3562 p99=5
SP hops whole: pre-post1=9.3511 p1-p3=0.0372 p3-p8=0.0212
SP-LIKE (departed + non-ZC + static) -> park for Peak Cross
SPPRE vs-sp mean=0.3750 p99=6 MENU_T+:237
SPPRE vs-zc mean=9.4729 p99=154
SPPRE vs-title mean=23.1294 p99=171
PEAK_CROSS_KEYDOWN_WALL:1789994197.274038527 UPTIME:314 MENU_T+:239
PEAK_CROSS_HELD_WALL:1789994197.292260868 UPTIME:314
PEAK_CROSS_KEYUP_WALL:1789994197.810100909 UPTIME:314 MENU_T+:239
PC post+1 titleband mean=26.3170 p99=183 vs-sp mean=5.4209 p99=121 vs-sm mean=0.4610 p99=7 MENU_T+:243
PC post+3 titleband mean=26.3170 p99=183 vs-sp mean=5.3751 p99=121 vs-sm mean=0.4150 p99=6
PC post+8 titleband mean=26.3151 p99=183 vs-sp mean=5.3647 p99=121 vs-sm mean=0.4050 p99=6
PC hops whole: pre-post1=5.2516 p1-p3=0.1095 p3-p8=0.0495
SM-LIKE (departed + non-SP + static) -> park for Race Cross
SMPRE vs-sm mean=0.4151 p99=6 MENU_T+:266
SMPRE se-tag mean=14.3278 p99=89
SMPRE vs-sp mean=5.3751 p99=121
SMPRE vs-title mean=26.3170 p99=183
RACE_CROSS_KEYDOWN_WALL:1789994226.826176060 UPTIME:343 MENU_T+:268
RACE_CROSS_HELD_WALL:1789994226.850256923 UPTIME:343
RACE_CROSS_KEYUP_WALL:1789994227.367710775 UPTIME:344 MENU_T+:269
RC post+1 titleband mean=26.2104 p99=183 vs-sm mean=0.8409 p99=13 se-tag mean=2.6271 p99=11 MENU_T+:272
RC post+3 titleband mean=26.2104 p99=183 vs-sm mean=0.8115 p99=11 se-tag mean=2.6289 p99=11
RC post+8 titleband mean=26.2076 p99=183 vs-sm mean=0.8107 p99=11 se-tag mean=2.6284 p99=11 vs-sp mean=5.4631 p99=121 vs-se mean=0.4189 p99=6
RC hops whole: pre-post1=0.5162 p1-p3=0.0407 p3-p8=0.0239
SE-LIKE (static + non-SP + se-tag) -> park for SnowJam Cross
SEPRE se-tag mean=2.6271 p99=11 MENU_T+:296
SEPRE vs-se mean=0.4258 p99=6
SEPRE vs-sm mean=0.8581 p99=14
SEPRE vs-sp mean=5.4986 p99=121
SEPRE vs-title mean=26.2104 p99=183
SNOWJAM_CROSS_KEYDOWN_WALL:1789994258.277563366 UPTIME:375 MENU_T+:300
SNOWJAM_CROSS_HELD_WALL:1789994258.297175469 UPTIME:375
SNOWJAM_CROSS_KEYUP_WALL:1789994258.815666656 UPTIME:375 MENU_T+:300
SJ post+1 titleband mean=9.8968 p99=137 vs-se mean=10.6617 p99=143 vs-mr mean=0.4407 p99=8 MENU_T+:304
SJ post+3 titleband mean=9.8528 p99=137 vs-se mean=10.7059 p99=143 vs-mr mean=0.4944 p99=8
SJ post+8 titleband mean=9.9864 p99=137 vs-se mean=10.6200 p99=143 vs-mr mean=0.4378 p99=7
SJ hops whole: pre-post1=10.6221 p1-p3=0.1692 p3-p8=0.1639
MR-LIKE (departed + non-SE + static) -> park for Enter Cross
MRPRE vs-mr mean=0.4842 p99=8 MENU_T+:327
MRPRE vs-se mean=10.7145 p99=143
MRPRE vs-title mean=9.8533 p99=137
ENTER_CROSS_KEYDOWN_WALL:1789994287.154181123 UPTIME:403 MENU_T+:329
ENTER_CROSS_HELD_WALL:1789994287.173281881 UPTIME:403
ENTER_CROSS_KEYUP_WALL:1789994287.690320214 UPTIME:404 MENU_T+:329
MR post+1 titleband mean=17.6707 p99=170 vs-mr mean=12.6253 p99=150 vs-pp mean=21.0600 p99=169 MENU_T+:333
MR post+3 titleband mean=17.8884 p99=172 vs-mr mean=12.6115 p99=150 vs-pp mean=21.0901 p99=169
MR post+8 titleband mean=27.7333 p99=237 vs-mr mean=20.4478 p99=198 vs-pp mean=19.2934 p99=190
MR post+15 titleband mean=34.5255 p99=184 vs-mr mean=19.3671 p99=153 vs-pp mean=0.9340 p99=16
MR post+25 titleband mean=34.5302 p99=184 vs-mr mean=19.4381 p99=153 vs-pp mean=0.8391 p99=12
MR post+40 titleband mean=34.5266 p99=184 vs-mr mean=19.5605 p99=153 vs-pp mean=0.7129 p99=10
MR hops whole: pre-post1=12.6283 p1-p3=1.4725 p3-p8=25.5342 p8-p15=19.1778 p15-p25=0.1127 p25-p40=0.1542
MR_STAB1 titleband mean=34.5292 p99=184 vs-mr mean=19.4108 p99=153 vs-pp mean=0.8795 p99=14 MENU_T+:409
MR_STAB2 titleband mean=34.5268 p99=184 vs-mr mean=19.3864 p99=153 vs-pp mean=0.8930 p99=15 MENU_T+:422
MR panel hops whole: post40-stab1=0.1897 stab1-stab2=0.0395
PP-LIKE (departed + static x3 + non-MR) -> park for X-Continue Cross
PPPRE vs-pp mean=0.8996 p99=15 MENU_T+:433
PPPRE vs-mr mean=19.3979 p99=153
PPPRE vs-title mean=34.5292 p99=184
XCROSS_KEYDOWN_WALL:1789994392.980048833 UPTIME:509 MENU_T+:434
XCROSS_HELD_WALL:1789994392.998993567 UPTIME:509
XCROSS_KEYUP_WALL:1789994393.517746742 UPTIME:510 MENU_T+:435
X post+1 titleband mean=18.6775 p99=149 vs-pp mean=14.5795 p99=153 MENU_T+:438
X post+3 titleband mean=23.8913 p99=139 vs-pp mean=16.0133 p99=146
X post+8 titleband mean=13.6563 p99=127 vs-pp mean=20.8692 p99=165
X post+15 titleband mean=13.1016 p99=134 vs-pp mean=22.6144 p99=170
X post+25 titleband mean=17.7989 p99=137 vs-pp mean=18.7552 p99=162
X post+40 titleband mean=20.0612 p99=144 vs-pp mean=16.3076 p99=147
X hops whole: pre-post1=14.4162 p1-p3=13.3389 p3-p8=13.4669 p8-p15=8.6251 p15-p25=13.1516 p25-p40=11.1224
LIVE-LIKE (departed + non-panel + motion x2) -> blind pre-hold pair + hold + blind dense series
NPRE1_SNAPSTART_WALL:1789994459.955521194 UPTIME:576 MENU_T+:501
NPRE1_SNAPEND_WALL:1789994460.025401568 UPTIME:576 MENU_T+:502
NPRE2_SNAPSTART_WALL:1789994461.029529021 UPTIME:577 MENU_T+:503
NPRE2_SNAPEND_WALL:1789994461.094956903 UPTIME:577 MENU_T+:503
HOLD_LEFT_KEYDOWN_WALL:1789994461.098337663 UPTIME:577 MENU_T+:503
HOLD_LEFT_HELD_WALL:1789994461.117742709 UPTIME:577
HOLD_LEFT_KEYUP_WALL:1789994462.136290270 UPTIME:578 MENU_T+:504
D_POST1_SNAPSTART_WALL:1789994463.140929646 UPTIME:579 MENU_T+:505
D_POST1_SNAPEND_WALL:1789994463.210036502 UPTIME:579 MENU_T+:505
D_POST2_SNAPSTART_WALL:1789994464.214767525 UPTIME:580 MENU_T+:506
D_POST2_SNAPEND_WALL:1789994464.282393807 UPTIME:581 MENU_T+:506
D_POST3_SNAPSTART_WALL:1789994465.286602030 UPTIME:582 MENU_T+:507
D_POST3_SNAPEND_WALL:1789994465.353927262 UPTIME:582 MENU_T+:507
D_POST4_SNAPSTART_WALL:1789994466.359175643 UPTIME:583 MENU_T+:508
D_POST4_SNAPEND_WALL:1789994466.427218685 UPTIME:583 MENU_T+:508
D_POST5_SNAPSTART_WALL:1789994467.431206940 UPTIME:584 MENU_T+:509
D_POST5_SNAPEND_WALL:1789994467.498092465 UPTIME:584 MENU_T+:509
D_POST6_SNAPSTART_WALL:1789994468.502599006 UPTIME:585 MENU_T+:510
D_POST6_SNAPEND_WALL:1789994468.569830437 UPTIME:585 MENU_T+:510
D_POST7_SNAPSTART_WALL:1789994469.574111798 UPTIME:586 MENU_T+:511
D_POST7_SNAPEND_WALL:1789994469.641108627 UPTIME:586 MENU_T+:511
D_POST8_SNAPSTART_WALL:1789994470.645489323 UPTIME:587 MENU_T+:512
D_POST8_SNAPEND_WALL:1789994470.714572782 UPTIME:587 MENU_T+:512
D_POST9_SNAPSTART_WALL:1789994471.718468748 UPTIME:588 MENU_T+:513
D_POST9_SNAPEND_WALL:1789994471.785549131 UPTIME:588 MENU_T+:513
D_POST10_SNAPSTART_WALL:1789994472.789984436 UPTIME:589 MENU_T+:514
D_POST10_SNAPEND_WALL:1789994472.857141041 UPTIME:589 MENU_T+:514
DENSE-BLIND-COMPLETE (12 blind snaps; post-hoc scoring only)
