[19:38:21] PRE lease="LEASE_FREE N12 done" keyguard="showing=false" battery=100% ac=true pid0=none
[19:38:21] PRE device-env=a8d651a7e55f7e29f1345f28f4ea634e06ae757f535e29439ab61c930bcc0ebd mc0-test='' mc0-bad=[]
[19:38:21] ENV 8fefb12c84df5fccb798b7f9f87f87382765fa895c6ad5a5be3efafe5ca885a8  /storage/emulated/0/Android/data/com.ps2x.runner/files/ps2x.env
[19:38:21 t+    0.0] AM Starting: Intent { cmp=com.ps2x.runner/android.app.NativeActivity }
[19:38:27 t+    6.3] FOCUS app-foreground, no BACK ('mCurrentFocus=Window{a8bf50a u0 com.ps2x.runner/android.app.NativeActivity}')
[19:38:30 t+    8.7] LAYER 'com.ps2x.runner/android.app.NativeActivity#18013' tried=['com.ps2x.runner/android.app.NativeActivity#18013']
[19:39:37 t+   75.9] SCAP sc01-tick2100-t75.png tick~2118
[19:40:03 t+  101.9] PROFILE start tick=2468
[19:40:34 t+  132.8] PROFILE end rc-logged tick~2468
[19:40:34 t+  133.2] SCAP sc02-postprofile-t132.png tick~2468
[19:40:34 t+  133.6] SCAP sc03-final-t133.png tick~2468
[19:40:36 t+  135.0] THREADS
Threads: 29 total,   1 running,  28 sleeping,   0 stopped,   0 zombie
  Mem:  7342756K total,  4787400K used,  2555356K free,      640K buffers
 Swap: 10485752K total,   741672K used,  9744080K free,  2247260K cached
800%cpu 108%user   0%nice  19%sys 665%idle   0%iow   8%irq   0%sirq   0%host
  TID USER         PR  NI VIRT  RES  SHR S[%CPU] %MEM     TIME+ THREAD          PROCESS
10955 u0_a113      10 -10  17G 685M 439M R 69.2   9.5   1:30.07 GameThread      com.ps2x.runner
10934 u0_a113      10 -10  17G 685M 439M S 19.2   9.5   0:19.86 GsWorker        com.ps2x.runner
10932 u0_a113      10 -10  17G 685M 439M S  7.6   9.5   0:08.16 com.ps2x.runner com.ps2x.runner
10969 u0_a113      10 -10  17G 685M 439M S  0.0   9.5   0:00.00 com.ps2x.runner com.ps2x.runner
10968 u0_a113      10 -10  17G 685M 439M S  0.0   9.5   0:00.00 com.ps2x.runner com.ps2x.runner
10965 u0_a113      20   0  17G 685M 439M S  0.0   9.5   0:00.00 InteractionJank com.ps2x.runner
10963 u0_a113      20   0  17G 685M 439M S  0.0   9.5   0:00.08 binder:10911_4  com.ps2x.runner
10957 u0_a113      10 -10  17G 685M 439M S  0.0   9.5   0:00.11 PGS-Waiter      com.ps2x.runner
10956 u0_a113      39  19  17G 685M 439M S  0.0   9.5   0:00.00 com.ps:traceq0  com.ps2x.runner
10952 u0_a113      -3 -10  17G 685M 439M S  0.0   9.5   0:00.47 AAudio_1        com.ps2x.runner
10945 u0_a113      10 -10  17G 685M 439M S  0.0   9.5   0:00.00 com.ps2x.runner com.ps2x.runner
10946 u0_a113      20   0  17G 685M 439M S  0.0   9.5   0:00.11 binder:10911_4  com.ps2x.runner
10938 u0_a113      20   0  17G 685M 439M S  0.0   9.5   0:00.00 InsetsAnimation com.ps2x.runner
10937 u0_a113      20   0  17G 685M 439M S  0.0   9.5   0:00.00 SurfaceSyncGrou com.ps2x.runner
10936 u0_a113      10 -10  17G 685M 439M S  0.0   9.5   0:00.00 VsyncReceiver   com.ps2x.runner

[19:40:36 t+  135.1] BATTERY status: 5 level: 100
[19:40:39 t+  137.9] RESTORE a8d651a7e55f7e29f1345f28f4ea634e06ae757f535e29439ab61c930bcc0ebd match=True
[19:40:39 t+  138.2] MC0-AFTER bad=[]
[19:40:39 t+  138.2] END pid-after=none disconnects=0
