[07:09:59] PRE lease="LEASE_FREE CP1-R4 done" keyguard="showing=false" battery=100% ac=true pid0=none
[07:09:59] PRE device-env=ef9f94e11ecda70afe6fdc7602fcf22c259c6748660816cf23937df54989a390 mc0-test='' mc0-bad=[]
[07:09:59] LEASE claimed via odin_lease.sh: CLAIMED
[07:10:00] APK local sha x2 d5f83cefa4bfd6ab17591ee0f27694b0307002ba8ca2bebe940434eff5659ece d5f83cefa4bfd6ab17591ee0f27694b0307002ba8ca2bebe940434eff5659ece
[07:10:04] INSTALL Performing Streamed Install Success
[07:10:04] INSTALLED /data/app/~~3oUDPBnrpptEqmpyduLV0g==/com.ps2x.runner-DRUODbJA_GI8HEKHf4VbTA==/base.apk sha=d5f83cefa4bfd6ab17591ee0f27694b0307002ba8ca2bebe940434eff5659ece match=True
[07:10:04] ENV 63a9f1cee64666a1208aa97f5aa8e311135d3cc140223fbdc89fa5223fef3bfd  /storage/emulated/0/Android/data/com.ps2x.runner/files/ps2x.env
[07:10:04 t+    0.0] AM Starting: Intent { cmp=com.ps2x.runner/android.app.NativeActivity }
[07:10:10 t+    6.2] FOCUS app-foreground, no BACK ('mCurrentFocus=Window{1234938 u0 com.ps2x.runner/android.app.NativeActivity}')
[07:10:12 t+    8.3] LAYER 'com.ps2x.runner/android.app.NativeActivity#22554' tried=['com.ps2x.runner/android.app.NativeActivity#22544', 'RequestedLayerState{ActivityRecord{17b3098 u0 com.ps2x.runner/android.app.NativeActivity#22544 parentId=22543}', 'com.ps2x.runner/android.app.NativeActivity#22554']
[07:10:53 t+   48.6] CPUWIN start tick=1948
[07:11:03 t+   58.7] SCAP sc01-tick2100-t58.png tick~2147
[07:11:23 t+   78.9] CPUWIN end tick=2574
[07:11:42 t+   97.7] SCAP sc02-tick3000-t97.png tick~3051
[07:12:23 t+  138.9] SCAP sc03-tick4000-t138.png tick~4015
[07:12:41 t+  157.1] STOP tick 4574 >= 4500
[07:12:42 t+  157.6] SCAP sc04-final-t157.png tick~4574
[07:12:43 t+  159.0] THREADS
Threads: 28 total,   2 running,  26 sleeping,   0 stopped,   0 zombie
  Mem:  7342756K total,  5075604K used,  2267152K free,      696K buffers
 Swap: 10485752K total,   719244K used,  9766508K free,  2277164K cached
800%cpu 123%user   0%nice  27%sys 638%idle   0%iow  12%irq   0%sirq   0%host
  TID USER         PR  NI VIRT  RES  SHR S[%CPU] %MEM     TIME+ THREAD          PROCESS
 2841 u0_a113      10 -10  17G 759M 519M R 53.8  10.5   1:18.85 MTVU            com.ps2x.runner
 2800 u0_a113      10 -10  17G 759M 519M S 26.9  10.5   0:38.48 GameThread      com.ps2x.runner
 2712 u0_a113      10 -10  17G 759M 519M R 26.9  10.5   0:31.98 GsWorker        com.ps2x.runner
 2819 u0_a113      10 -10  17G 759M 519M S  3.8  10.5   0:00.21 PGS-Waiter      com.ps2x.runner
 2839 u0_a113      20   0  17G 759M 519M S  0.0  10.5   0:00.00 InteractionJank com.ps2x.runner
 2838 u0_a113      20   0  17G 759M 519M S  0.0  10.5   0:00.00 binder:2640_4   com.ps2x.runner
 2805 u0_a113      39  19  17G 759M 519M S  0.0  10.5   0:00.00 com.ps:traceq0  com.ps2x.runner
 2795 u0_a113      -3 -10  17G 759M 519M S  0.0  10.5   0:00.55 AAudio_1        com.ps2x.runner
 2769 u0_a113      20   0  17G 759M 519M S  0.0  10.5   0:00.10 binder:2640_4   com.ps2x.runner
 2756 u0_a113      10 -10  17G 759M 519M S  0.0  10.5   0:00.00 com.ps2x.runner com.ps2x.runner
 2716 u0_a113      20   0  17G 759M 519M S  0.0  10.5   0:00.00 InsetsAnimation com.ps2x.runner
 2715 u0_a113      20   0  17G 759M 519M S  0.0  10.5   0:00.00 SurfaceSyncGrou com.ps2x.runner
 2714 u0_a113      10 -10  17G 759M 519M S  0.0  10.5   0:00.00 VsyncReceiver   com.ps2x.runner
 2711 u0_a113      10 -10  17G 759M 519M S  0.0  10.5   0:00.01 com.ps2x.runner com.ps2x.runner
 2709 u0_a113      10 -10  17G 759M 519M S  0.0  10.5   0:00.31 com.ps2x.runner com.ps2x.runner

[07:12:43 t+  159.1] BATTERY status: 5 level: 100
[07:12:46 t+  161.9] RESTORE ef9f94e11ecda70afe6fdc7602fcf22c259c6748660816cf23937df54989a390 match=True
[07:12:46 t+  162.3] MC0-AFTER bad=[]
[07:12:46 t+  162.4] END pid-after=none disconnects=0
