[18:50:47] PRE lease="LEASE_FREE F5 done" keyguard="showing=false" battery=100% ac=true pid0=none
[18:50:47] PRE device-env=9fb46f8509adb1362b5ac74d35ac63a340e39228b64914848ce5ed85d6b74d13 mc0-test='' mc0-bad=[]
[18:50:47] ENV 444c00bf93787f18d4e052d064a6625fcd32edd703921b5e9035f63c9e220f35  /storage/emulated/0/Android/data/com.ps2x.runner/files/ps2x.env
[18:50:47 t+    0.0] AM Starting: Intent { cmp=com.ps2x.runner/android.app.NativeActivity }
[18:50:53 t+    6.3] FOCUS app-foreground, no BACK ('mCurrentFocus=Window{946e1ca u0 com.ps2x.runner/android.app.NativeActivity}')
[18:50:56 t+    8.3] LAYER 'com.ps2x.runner/android.app.NativeActivity#17826' tried=['com.ps2x.runner/android.app.NativeActivity#17826']
[18:52:21 t+   94.3] SCAP sc01-tick2100-t93.png tick~2126
[18:53:48 t+  181.1] SCAP sc02-tick3000-t180.png tick~3035
[18:55:25 t+  277.8] SCAP sc03-tick4000-t277.png tick~4033
[18:56:10 t+  323.2] STOP tick 4546 >= 4500
[18:56:11 t+  323.5] SCAP sc04-final-t323.png tick~4546
[18:56:12 t+  325.1] THREADS
Threads: 29 total,   0 running,  29 sleeping,   0 stopped,   0 zombie
  Mem:  7342756K total,  4836456K used,  2506300K free,      628K buffers
 Swap: 10485752K total,   718672K used,  9767080K free,  2280156K cached
800%cpu  81%user   0%nice  15%sys 696%idle   0%iow   8%irq   0%sirq   0%host
  TID USER         PR  NI VIRT  RES  SHR S[%CPU] %MEM     TIME+ THREAD          PROCESS
20328 u0_a113      10 -10  17G 808M 552M S 53.8  11.2   2:54.77 GameThread      com.ps2x.runner
20308 u0_a113      10 -10  17G 808M 552M S 15.3  11.2   0:41.83 GsWorker        com.ps2x.runner
20306 u0_a113      10 -10  17G 808M 552M S  7.6  11.2   0:25.92 com.ps2x.runner com.ps2x.runner
20326 u0_a113      -3 -10  17G 808M 552M S  3.8  11.2   0:01.15 AAudio_1        com.ps2x.runner
20342 u0_a113      10 -10  17G 808M 552M S  0.0  11.2   0:00.00 com.ps2x.runner com.ps2x.runner
20343 u0_a113      10 -10  17G 808M 552M S  0.0  11.2   0:00.00 com.ps2x.runner com.ps2x.runner
20337 u0_a113      20   0  17G 808M 552M S  0.0  11.2   0:00.00 InteractionJank com.ps2x.runner
20336 u0_a113      20   0  17G 808M 552M S  0.0  11.2   0:00.22 binder:20287_3  com.ps2x.runner
20330 u0_a113      10 -10  17G 808M 552M S  0.0  11.2   0:00.24 PGS-Waiter      com.ps2x.runner
20329 u0_a113      39  19  17G 808M 552M S  0.0  11.2   0:00.00 com.ps:traceq0  com.ps2x.runner
20320 u0_a113      10 -10  17G 808M 552M S  0.0  11.2   0:00.00 com.ps2x.runner com.ps2x.runner
20313 u0_a113      20   0  17G 808M 552M S  0.0  11.2   0:00.00 InsetsAnimation com.ps2x.runner
20312 u0_a113      20   0  17G 808M 552M S  0.0  11.2   0:00.41 binder:20287_4  com.ps2x.runner
20311 u0_a113      20   0  17G 808M 552M S  0.0  11.2   0:00.00 SurfaceSyncGrou com.ps2x.runner
20310 u0_a113      10 -10  17G 808M 552M S  0.0  11.2   0:00.00 VsyncReceiver   com.ps2x.runner

[18:56:12 t+  325.2] BATTERY status: 5 level: 100
[18:56:15 t+  327.7] RESTORE 9fb46f8509adb1362b5ac74d35ac63a340e39228b64914848ce5ed85d6b74d13 match=True
[18:56:15 t+  327.9] MC0-AFTER bad=[]
[18:56:15 t+  328.0] END pid-after=none disconnects=0
