[ios-env] read /Users/brad/Library/Developer/CoreSimulator/Devices/7662ACD6-6294-4676-B426-26A3F8C7B258/data/Containers/Bundle/Application/875F84C7-9800-429F-9444-D0A26AF31796/ps2EntryRunner.app/ps2x.env
[ios-env] no /Users/brad/Library/Developer/CoreSimulator/Devices/7662ACD6-6294-4676-B426-26A3F8C7B258/data/Containers/Data/Application/E577548F-DF81-4ABE-A621-5CD9EDBE4A2A/Documents/ps2x.env
[ios-env] set PS2X_BOOT_ELF=/Users/brad/Library/Developer/CoreSimulator/Devices/7662ACD6-6294-4676-B426-26A3F8C7B258/data/Containers/Bundle/Application/875F84C7-9800-429F-9444-D0A26AF31796/ps2EntryRunner.app/SLUS_207.72
[ios-env] set PS2X_CD_IMAGE=/Users/brad/Library/Developer/CoreSimulator/Devices/7662ACD6-6294-4676-B426-26A3F8C7B258/data/Containers/Bundle/Application/875F84C7-9800-429F-9444-D0A26AF31796/ps2EntryRunner.app/SSX3.iso
[ios-env] set PS2X_DEINTERLACE=weave
[ios-env] set PS2X_MC_ROOT=/Users/brad/Library/Developer/CoreSimulator/Devices/7662ACD6-6294-4676-B426-26A3F8C7B258/data/Containers/Data/Application/E577548F-DF81-4ABE-A621-5CD9EDBE4A2A/Documents/mc0
[ios-env] set PS2X_PAD_SCRIPT=10350:start:2500,20650:cross:2000,23200:cross:400,24000:cross:400,30890:cross:1700,39560:cross:1750,47240:down:4200,55450:cross:1800,64920:cross:2000,113340:cross:800,118270:cross:700,122510:cross:700,113340:down:20000
[ios-env] set PS2X_PAD_SCRIPT_CLOCK=vsync
[ios-env] set PS2X_SKIP_MOVIE=1
[ios-env] launcher kept PS2X_VSYNC_RATE_LOG
Using PS2X_BOOT_ELF boot path
INFO: Initializing raylib 5.5
INFO: Platform backend: DESKTOP (SDL)
INFO: Supported raylib modules:
INFO:     > rcore:..... loaded (mandatory)
INFO:     > rlgl:...... loaded (mandatory)
INFO:     > rshapes:... loaded (optional)
INFO:     > rtextures:. loaded (optional)
INFO:     > rtext:..... loaded (optional)
INFO:     > rmodels:... loaded (optional)
INFO:     > raudio:.... loaded (optional)
2026-09-23 18:01:56.409 ps2EntryRunner[93916:3059676] You need UIApplicationSupportsIndirectInputEvents in your Info.plist for mouse support
INFO: DISPLAY: Device initialized successfully
INFO:     > Display size: 402 x 874
INFO:     > Screen size:  640 x 448
INFO:     > Render size:  640 x 448
INFO:     > Viewport offsets: 0, 0
INFO: GLAD: OpenGL ES 2.0 loaded successfully
INFO: GL: Supported extensions count: 43
INFO: GL: OpenGL device information:
INFO:     > Vendor:   Apple Inc.
INFO:     > Renderer: Apple Software Renderer
INFO:     > Version:  OpenGL ES 2.0 APPLE-24.0.2
INFO:     > GLSL:     OpenGL ES GLSL ES 1.00
INFO: GL: VAO extension detected, VAO functions loaded successfully
WARNING: GL: NPOT textures extension not found, limited NPOT support (no-mipmaps, no-repeat)
INFO: GL: PVRT compressed textures supported
INFO: PLATFORM: DESKTOP (SDL): Initialized successfully
INFO: TEXTURE: [ID 1] Texture loaded successfully (1x1 | R8G8B8A8 | 1 mipmaps)
INFO: TEXTURE: [ID 1] Default texture loaded successfully
INFO: SHADER: [ID 1] Vertex shader compiled successfully
INFO: SHADER: [ID 2] Fragment shader compiled successfully
INFO: SHADER: [ID 3] Program shader loaded successfully
INFO: SHADER: [ID 3] Default shader loaded successfully
INFO: RLGL: Render batch vertex buffers loaded successfully in RAM (CPU)
INFO: RLGL: Render batch vertex buffers loaded successfully in VRAM (GPU)
INFO: RLGL: Default OpenGL state initialized successfully
WARNING: GetWindowScaleDPI() not implemented on target platform
INFO: TEXTURE: [ID 2] Texture loaded successfully (128x128 | GRAY_ALPHA | 1 mipmaps)
INFO: FONT: Default font loaded successfully (224 glyphs)
INFO: SYSTEM: Working Directory: /Users/brad/Library/Developer/CoreSimulator/Devices/7662ACD6-6294-4676-B426-26A3F8C7B258/data/Containers/Bundle/Application/875F84C7-9800-429F-9444-D0A26AF31796/ps2EntryRunner.app
[ios-window] attached to window scene
[ios-window] window=874x402 drawable=874x402
[k1] armed name=ssx3-copied-payload elf=SLUS_207.72
[k1] install#1 n=0x5a handler=0x42cb78
[k1] install#2 n=0x5b handler=0x80075000
[k1] install#3 n=0x54 handler=0x42d100
[k1] lookup#1 key=0x55 value=0x80075038
[k1] install#4 n=0x55 handler=0x80075038
[k1] lookup#2 key=0x56 value=0x800750c8
[k1] install#5 n=0x56 handler=0x800750c8
[k1] lookup#3 key=0x57 value=0x80075108
[k1] install#6 n=0x57 handler=0x80075108
[k1] lookup#4 key=0x58 value=0x80075158
[k1] install#7 n=0x58 handler=0x80075158
[k1] lookup#5 key=0x59 value=0x800751a8
[k1] install#8 n=0x59 handler=0x800751a8
[k1] lookup#6 key=0x3 value=0x80075330
2026-09-23 18:01:56.552 ps2EntryRunner[93916:3059676] Unbalanced calls to begin/end appearance transitions for <SDL_uikitviewcontroller: 0x117dd0000>.
2026-09-23 18:01:56.552 ps2EntryRunner[93916:3059676] Unbalanced calls to begin/end appearance transitions for <SDL_uikitviewcontroller: 0x117dd0000>.
[IOP/RPC trace:unhandled] sid=0x80000006 rpc=0xff pc=0x42b0e8 ra=0x42b0e8 send=0x0/0 recv=0x52f080/4 sendBytes=[] loadedModules=[cdrom0:/data/modules/dev9.irx; cdrom0:/data/modules/usbkb.irx; cdrom0:/data/modules/usbd.irx; cdrom0:/data/modules/mcserv.irx; cdrom0:/data/modules/mcman.irx; cdrom0:/data/modules/snddrv.irx]
[sif-handshake] sregs[1]=1
[IOP/RPC trace:unhandled] sid=0x237 rpc=0x0 pc=0x3f6a04 ra=0x3f6a04 send=0x526080/128 recv=0x526140/128 sendBytes=[C0 61 52 20 00 00 00 00 00 00 00 00 00 00 00 00] loadedModules=[cdrom0:/data/modules/voipf.irx; cdrom0:/data/modules/lgaud.irx; cdrom0:/data/modules/drtysckf.irx; cdrom0:/data/modules/libnet.irx; cdrom0:/data/modules/msifrpc.irx; cdrom0:/data/modules/pppoe.irx]
[IOP/RPC trace:unhandled] sid=0x80000211 rpc=0x1 pc=0x40c34c ra=0x40c34c send=0x529100/16 recv=0x529140/144 sendBytes=[00 00 00 00 00 00 00 00 00 00 00 00 00 00 00 00] loadedModules=[cdrom0:/data/modules/voipf.irx; cdrom0:/data/modules/lgaud.irx; cdrom0:/data/modules/drtysckf.irx; cdrom0:/data/modules/libnet.irx; cdrom0:/data/modules/msifrpc.irx; cdrom0:/data/modules/pppoe.irx]
[padscript] armed n=13 source=env clock=vsync
[IOP/RPC trace:unhandled] sid=0x534e44 rpc=0x0 pc=0x3c0bc4 ra=0x3c0bc4 send=0x50ad00/20 recv=0x0/0 sendBytes=[03 03 08 00 40 B7 50 00 00 00 00 00 A0 8C C0 5D] loadedModules=[cdrom0:/data/modules/voipf.irx; cdrom0:/data/modules/lgaud.irx; cdrom0:/data/modules/drtysckf.irx; cdrom0:/data/modules/libnet.irx; cdrom0:/data/modules/msifrpc.irx; cdrom0:/data/modules/pppoe.irx]
[vsync-rate] tick=267 rate=53.29/s (0.889x of 59.94)
[vsync-rate] tick=406 rate=27.74/s (0.463x of 59.94)
[vsync-rate] tick=551 rate=28.90/s (0.482x of 59.94)
[padscript] press i=0 now=10360ms at=10350ms hold=2500ms buttons=0x0008
[vsync-rate] tick=701 rate=29.93/s (0.499x of 59.94)
[padscript] release i=0 now=12862ms
[vsync-rate] tick=884 rate=36.55/s (0.610x of 59.94)
[vsync-rate] tick=1046 rate=32.33/s (0.539x of 59.94)
[vsync-rate] tick=1218 rate=34.39/s (0.574x of 59.94)
[padscript] press i=1 now=20653ms at=20650ms hold=2000ms buttons=0x4000
[vsync-rate] tick=1330 rate=22.34/s (0.373x of 59.94)
[padscript] release i=1 now=22655ms
[padscript] press i=2 now=23206ms at=23200ms hold=400ms buttons=0x4000
[padscript] release i=2 now=23606ms
[vsync-rate] tick=1435 rate=20.96/s (0.350x of 59.94)
[padscript] press i=3 now=24007ms at=24000ms hold=400ms buttons=0x4000
[padscript] release i=3 now=24407ms
[vsync-rate] tick=1580 rate=28.97/s (0.483x of 59.94)
[vsync-rate] tick=1724 rate=28.76/s (0.480x of 59.94)
[padscript] press i=4 now=30897ms at=30890ms hold=1700ms buttons=0x4000
[vsync-rate] tick=1878 rate=30.77/s (0.513x of 59.94)
[padscript] release i=4 now=32599ms
[vsync-rate] tick=2033 rate=30.96/s (0.517x of 59.94)
[vsync-rate] tick=2175 rate=28.35/s (0.473x of 59.94)
[vsync-rate] tick=2317 rate=28.34/s (0.473x of 59.94)
[padscript] press i=5 now=39572ms at=39560ms hold=1750ms buttons=0x4000
[vsync-rate] tick=2466 rate=29.71/s (0.496x of 59.94)
[padscript] release i=5 now=41324ms
[vsync-rate] tick=2621 rate=30.89/s (0.515x of 59.94)
[vsync-rate] tick=2763 rate=28.39/s (0.474x of 59.94)
[padscript] press i=6 now=47247ms at=47240ms hold=4200ms buttons=0x0040
[vsync-rate] tick=2905 rate=28.38/s (0.473x of 59.94)
[vsync-rate] tick=3053 rate=29.51/s (0.492x of 59.94)
[padscript] release i=6 now=51451ms
[vsync-rate] tick=3209 rate=31.09/s (0.519x of 59.94)
[padscript] press i=7 now=55455ms at=55450ms hold=1800ms buttons=0x4000
[vsync-rate] tick=3356 rate=29.30/s (0.489x of 59.94)
[padscript] release i=7 now=57257ms
[vsync-rate] tick=3529 rate=34.48/s (0.575x of 59.94)
[vsync-rate] tick=3715 rate=37.07/s (0.618x of 59.94)
[padscript] press i=8 now=64931ms at=64920ms hold=2000ms buttons=0x4000
[vsync-rate] tick=3901 rate=37.10/s (0.619x of 59.94)
[padscript] release i=8 now=66933ms
[vsync-rate] tick=4026 rate=24.92/s (0.416x of 59.94)
[vsync-rate] tick=4191 rate=32.95/s (0.550x of 59.94)
[vsync-rate] tick=4344 rate=30.60/s (0.510x of 59.94)
[vsync-rate] tick=4499 rate=30.93/s (0.516x of 59.94)
[vsync-rate] tick=4654 rate=30.92/s (0.516x of 59.94)
[vsync-rate] tick=4808 rate=30.71/s (0.512x of 59.94)
[vsync-rate] tick=4963 rate=30.89/s (0.515x of 59.94)
[vsync-rate] tick=5116 rate=30.53/s (0.509x of 59.94)
[vsync-rate] tick=5270 rate=30.78/s (0.513x of 59.94)
[vsync-rate] tick=5424 rate=30.70/s (0.512x of 59.94)
[vsync-rate] tick=5579 rate=30.89/s (0.515x of 59.94)
[vsync-rate] tick=5732 rate=30.60/s (0.510x of 59.94)
[vsync-rate] tick=5886 rate=30.70/s (0.512x of 59.94)
[vsync-rate] tick=6040 rate=30.77/s (0.513x of 59.94)
[vsync-rate] tick=6194 rate=30.78/s (0.514x of 59.94)
[vsync-rate] tick=6348 rate=30.72/s (0.513x of 59.94)
[vsync-rate] tick=6501 rate=30.53/s (0.509x of 59.94)
[vsync-rate] tick=6656 rate=30.92/s (0.516x of 59.94)
[padscript] press i=9 now=113346ms at=113340ms hold=800ms buttons=0x4000
[padscript] press i=12 now=113346ms at=113340ms hold=20000ms buttons=0x0040
[vsync-rate] tick=6809 rate=30.54/s (0.510x of 59.94)
[padscript] release i=9 now=114147ms
[vsync-rate] tick=6963 rate=30.76/s (0.513x of 59.94)
[padscript] press i=10 now=118284ms at=118270ms hold=700ms buttons=0x4000
[vsync-rate] tick=7110 rate=29.38/s (0.490x of 59.94)
[padscript] release i=10 now=118985ms
[vsync-rate] tick=7157 rate=9.38/s (0.156x of 59.94)
[vsync-rate] tick=7212 rate=10.98/s (0.183x of 59.94)
[vsync-rate] tick=7265 rate=10.57/s (0.176x of 59.94)
[vsync-rate] tick=7322 rate=11.38/s (0.190x of 59.94)
[padscript] press i=11 now=122522ms at=122510ms hold=700ms buttons=0x4000
[vsync-rate] tick=7378 rate=11.17/s (0.186x of 59.94)
[padscript] release i=11 now=123223ms
[vsync-rate] tick=7433 rate=10.97/s (0.183x of 59.94)
[vsync-rate] tick=7492 rate=11.79/s (0.197x of 59.94)
[vsync-rate] tick=7548 rate=11.19/s (0.187x of 59.94)
[vsync-rate] tick=7606 rate=11.58/s (0.193x of 59.94)
[vsync-rate] tick=7665 rate=11.80/s (0.197x of 59.94)
[vsync-rate] tick=7730 rate=12.96/s (0.216x of 59.94)
[vsync-rate] tick=7799 rate=13.76/s (0.230x of 59.94)
[vsync-rate] tick=7857 rate=11.57/s (0.193x of 59.94)
[vsync-rate] tick=7912 rate=10.99/s (0.183x of 59.94)
[vsync-rate] tick=7972 rate=11.98/s (0.200x of 59.94)
[padscript] release i=12 now=133350ms
[vsync-rate] tick=8029 rate=11.39/s (0.190x of 59.94)
[vsync-rate] tick=8086 rate=11.38/s (0.190x of 59.94)
[vsync-rate] tick=8144 rate=11.59/s (0.193x of 59.94)
[vsync-rate] tick=8200 rate=11.18/s (0.186x of 59.94)
org.ps2x.ps2entryrunner: 93916
