[ios-env] read /Users/brad/Library/Developer/CoreSimulator/Devices/7662ACD6-6294-4676-B426-26A3F8C7B258/data/Containers/Bundle/Application/C4877278-EE08-44E4-96E3-3EB9990F4815/ps2EntryRunner.app/ps2x.env
[ios-env] no /Users/brad/Library/Developer/CoreSimulator/Devices/7662ACD6-6294-4676-B426-26A3F8C7B258/data/Containers/Data/Application/16CC1FF3-3A67-4803-B8B0-6040437E2959/Documents/ps2x.env
[ios-env] set PS2X_BOOT_ELF=/Users/brad/Library/Developer/CoreSimulator/Devices/7662ACD6-6294-4676-B426-26A3F8C7B258/data/Containers/Bundle/Application/C4877278-EE08-44E4-96E3-3EB9990F4815/ps2EntryRunner.app/SLUS_207.72
[ios-env] set PS2X_CD_IMAGE=/Users/brad/Library/Developer/CoreSimulator/Devices/7662ACD6-6294-4676-B426-26A3F8C7B258/data/Containers/Bundle/Application/C4877278-EE08-44E4-96E3-3EB9990F4815/ps2EntryRunner.app/SSX3.iso
[ios-env] set PS2X_DEINTERLACE=weave
[ios-env] set PS2X_MC_ROOT=/Users/brad/Library/Developer/CoreSimulator/Devices/7662ACD6-6294-4676-B426-26A3F8C7B258/data/Containers/Data/Application/16CC1FF3-3A67-4803-B8B0-6040437E2959/Documents/mc0
[ios-env] set PS2X_PAD_SCRIPT=10350:start:2500,20650:cross:2000,23200:cross:400,24000:cross:400,30890:cross:1700,39560:cross:1750,47240:down:4200,55450:cross:1800,64920:cross:2000,113340:cross:800,118270:cross:700,122510:cross:700,113340:down:20000
[ios-env] set PS2X_PAD_SCRIPT_CLOCK=vsync
[ios-env] set PS2X_SKIP_MOVIE=1
[ios-env] launcher kept PS2X_VSYNC_RATE_LOG
Using PS2X_BOOT_ELF boot path
INFO: Initializing raylib 5.5
INFO: Platform backend: DESKTOP (SDL)
INFO: Supported raylib modules:
INFO:     > rcore:..... loaded (mandatory)
INFO:     > rlgl:...... loaded (mandatory)
INFO:     > rshapes:... loaded (optional)
INFO:     > rtextures:. loaded (optional)
INFO:     > rtext:..... loaded (optional)
INFO:     > rmodels:... loaded (optional)
INFO:     > raudio:.... loaded (optional)
2026-09-23 17:42:13.360 ps2EntryRunner[83308:3008356] You need UIApplicationSupportsIndirectInputEvents in your Info.plist for mouse support
INFO: DISPLAY: Device initialized successfully
INFO:     > Display size: 402 x 874
INFO:     > Screen size:  640 x 448
INFO:     > Render size:  640 x 448
INFO:     > Viewport offsets: 0, 0
INFO: GLAD: OpenGL ES 2.0 loaded successfully
INFO: GL: Supported extensions count: 43
INFO: GL: OpenGL device information:
INFO:     > Vendor:   Apple Inc.
INFO:     > Renderer: Apple Software Renderer
INFO:     > Version:  OpenGL ES 2.0 APPLE-24.0.2
INFO:     > GLSL:     OpenGL ES GLSL ES 1.00
INFO: GL: VAO extension detected, VAO functions loaded successfully
WARNING: GL: NPOT textures extension not found, limited NPOT support (no-mipmaps, no-repeat)
INFO: GL: PVRT compressed textures supported
INFO: PLATFORM: DESKTOP (SDL): Initialized successfully
INFO: TEXTURE: [ID 1] Texture loaded successfully (1x1 | R8G8B8A8 | 1 mipmaps)
INFO: TEXTURE: [ID 1] Default texture loaded successfully
INFO: SHADER: [ID 1] Vertex shader compiled successfully
INFO: SHADER: [ID 2] Fragment shader compiled successfully
INFO: SHADER: [ID 3] Program shader loaded successfully
INFO: SHADER: [ID 3] Default shader loaded successfully
INFO: RLGL: Render batch vertex buffers loaded successfully in RAM (CPU)
INFO: RLGL: Render batch vertex buffers loaded successfully in VRAM (GPU)
INFO: RLGL: Default OpenGL state initialized successfully
WARNING: GetWindowScaleDPI() not implemented on target platform
INFO: TEXTURE: [ID 2] Texture loaded successfully (128x128 | GRAY_ALPHA | 1 mipmaps)
INFO: FONT: Default font loaded successfully (224 glyphs)
INFO: SYSTEM: Working Directory: /Users/brad/Library/Developer/CoreSimulator/Devices/7662ACD6-6294-4676-B426-26A3F8C7B258/data/Containers/Bundle/Application/C4877278-EE08-44E4-96E3-3EB9990F4815/ps2EntryRunner.app
[ios-window] window=402x874 drawable=402x874
INFO: AUDIO: Device initialized successfully
INFO:     > Backend:       miniaudio | Core Audio
INFO:     > Format:        32-bit IEEE Floating Point -> 32-bit IEEE Floating Point
INFO:     > Channels:      2 -> 2
INFO:     > Sample rate:   8000 -> 8000
INFO:     > Periods size:  192
INFO: TIMER: Target time per frame: 16.667 milliseconds
[k1] armed name=ssx3-copied-payload elf=SLUS_207.72
INFO: TEXTURE: [ID 3] Texture loaded successfully (640x512 | R8G8B8A8 | 1 mipmaps)
WARNING: GetWindowScaleDPI() not implemented on target platform
INFO: TEXTURE: [ID 4] Texture loaded successfully (512x128 | R8G8B8A8 | 1 mipmaps)
[k1] install#1 n=0x5a handler=0x42cb78
[k1] install#2 n=0x5b handler=0x80075000
[k1] install#3 n=0x54 handler=0x42d100
[k1] lookup#1 key=0x55 value=0x80075038
[k1] install#4 n=0x55 handler=0x80075038
[k1] lookup#2 key=0x56 value=0x800750c8
[k1] install#5 n=0x56 handler=0x800750c8
[k1] lookup#3 key=0x57 value=0x80075108
[k1] install#6 n=0x57 handler=0x80075108
[k1] lookup#4 key=0x58 value=0x80075158
[k1] install#7 n=0x58 handler=0x80075158
[k1] lookup#5 key=0x59 value=0x800751a8
[k1] install#8 n=0x59 handler=0x800751a8
[k1] lookup#6 key=0x3 value=0x80075330
2026-09-23 17:42:13.751 ps2EntryRunner[83308:3008356] Unbalanced calls to begin/end appearance transitions for <SDL_uikitviewcontroller: 0x1195dc000>.
2026-09-23 17:42:13.751 ps2EntryRunner[83308:3008356] Unbalanced calls to begin/end appearance transitions for <SDL_uikitviewcontroller: 0x1195dc000>.
WARNING: GetWindowScaleDPI() not implemented on target platform
WARNING: GetWindowScaleDPI() not implemented on target platform
WARNING: GetWindowScaleDPI() not implemented on target platform
WARNING: GetWindowScaleDPI() not implemented on target platform
WARNING: GetWindowScaleDPI() not implemented on target platform
WARNING: GetWindowScaleDPI() not implemented on target platform
WARNING: GetWindowScaleDPI() not implemented on target platform
WARNING: GetWindowScaleDPI() not implemented on target platform
WARNING: GetWindowScaleDPI() not implemented on target platform
WARNING: GetWindowScaleDPI() not implemented on target platform
WARNING: GetWindowScaleDPI() not implemented on target platform
WARNING: GetWindowScaleDPI() not implemented on target platform
WARNING: GetWindowScaleDPI() not implemented on target platform
WARNING: GetWindowScaleDPI() not implemented on target platform
WARNING: GetWindowScaleDPI() not implemented on target platform
WARNING: GetWindowScaleDPI() not implemented on target platform
WARNING: GetWindowScaleDPI() not implemented on target platform
WARNING: GetWindowScaleDPI() not implemented on target platform
WARNING: GetWindowScaleDPI() not implemented on target platform
WARNING: GetWindowScaleDPI() not implemented on target platform
WARNING: GetWindowScaleDPI() not implemented on target platform
WARNING: GetWindowScaleDPI() not implemented on target platform
WARNING: GetWindowScaleDPI() not implemented on target platform
WARNING: GetWindowScaleDPI() not implemented on target platform
WARNING: GetWindowScaleDPI() not implemented on target platform
WARNING: GetWindowScaleDPI() not implemented on target platform
WARNING: GetWindowScaleDPI() not implemented on target platform
WARNING: GetWindowScaleDPI() not implemented on target platform
WARNING: GetWindowScaleDPI() not implemented on target platform
WARNING: GetWindowScaleDPI() not implemented on target platform
WARNING: GetWindowScaleDPI() not implemented on target platform
WARNING: GetWindowScaleDPI() not implemented on target platform
WARNING: GetWindowScaleDPI() not implemented on target platform
WARNING: GetWindowScaleDPI() not implemented on target platform
WARNING: GetWindowScaleDPI() not implemented on target platform
WARNING: GetWindowScaleDPI() not implemented on target platform
WARNING: GetWindowScaleDPI() not implemented on target platform
WARNING: GetWindowScaleDPI() not implemented on target platform
WARNING: GetWindowScaleDPI() not implemented on target platform
WARNING: GetWindowScaleDPI() not implemented on target platform
WARNING: GetWindowScaleDPI() not implemented on target platform
WARNING: GetWindowScaleDPI() not implemented on target platform
WARNING: GetWindowScaleDPI() not implemented on target platform
WARNING: GetWindowScaleDPI() not implemented on target platform
WARNING: GetWindowScaleDPI() not implemented on target platform
WARNING: GetWindowScaleDPI() not implemented on target platform
[IOP/RPC trace:unhandled] sid=0x80000006 rpc=0xff pc=0x42b0e8 ra=0x42b0e8 send=0x0/0 recv=0x52f080/4 sendBytes=[] loadedModules=[cdrom0:/data/modules/dev9.irx; cdrom0:/data/modules/usbkb.irx; cdrom0:/data/modules/usbd.irx; cdrom0:/data/modules/mcserv.irx; cdrom0:/data/modules/mcman.irx; cdrom0:/data/modules/snddrv.irx]
WARNING: GetWindowScaleDPI() not implemented on target platform
WARNING: GetWindowScaleDPI() not implemented on target platform
WARNING: GetWindowScaleDPI() not implemented on target platform
WARNING: GetWindowScaleDPI() not implemented on target platform
WARNING: GetWindowScaleDPI() not implemented on target platform
WARNING: GetWindowScaleDPI() not implemented on target platform
WARNING: GetWindowScaleDPI() not implemented on target platform
WARNING: GetWindowScaleDPI() not implemented on target platform
WARNING: GetWindowScaleDPI() not implemented on target platform
WARNING: GetWindowScaleDPI() not implemented on target platform
[sif-handshake] sregs[1]=1
[IOP/RPC trace:unhandled] sid=0x237 rpc=0x0 pc=0x3f6a04 ra=0x3f6a04 send=0x526080/128 recv=0x526140/128 sendBytes=[C0 61 52 20 00 00 00 00 00 00 00 00 00 00 00 00] loadedModules=[cdrom0:/data/modules/voipf.irx; cdrom0:/data/modules/lgaud.irx; cdrom0:/data/modules/drtysckf.irx; cdrom0:/data/modules/libnet.irx; cdrom0:/data/modules/msifrpc.irx; cdrom0:/data/modules/pppoe.irx]
[IOP/RPC trace:unhandled] sid=0x80000211 rpc=0x1 pc=0x40c34c ra=0x40c34c send=0x529100/16 recv=0x529140/144 sendBytes=[00 00 00 00 00 00 00 00 00 00 00 00 00 00 00 00] loadedModules=[cdrom0:/data/modules/voipf.irx; cdrom0:/data/modules/lgaud.irx; cdrom0:/data/modules/drtysckf.irx; cdrom0:/data/modules/libnet.irx; cdrom0:/data/modules/msifrpc.irx; cdrom0:/data/modules/pppoe.irx]
WARNING: GetWindowScaleDPI() not implemented on target platform
WARNING: GetWindowScaleDPI() not implemented on target platform
WARNING: GetWindowScaleDPI() not implemented on target platform
WARNING: GetWindowScaleDPI() not implemented on target platform
WARNING: GetWindowScaleDPI() not implemented on target platform
WARNING: GetWindowScaleDPI() not implemented on target platform
WARNING: GetWindowScaleDPI() not implemented on target platform
WARNING: GetWindowScaleDPI() not implemented on target platform
WARNING: GetWindowScaleDPI() not implemented on target platform
WARNING: GetWindowScaleDPI() not implemented on target platform
WARNING: GetWindowScaleDPI() not implemented on target platform
WARNING: GetWindowScaleDPI() not implemented on target platform
WARNING: GetWindowScaleDPI() not implemented on target platform
WARNING: GetWindowScaleDPI() not implemented on target platform
[padscript] armed n=13 source=env clock=vsync
WARNING: GetWindowScaleDPI() not implemented on target platform
WARNING: GetWindowScaleDPI() not implemented on target platform
WARNING: GetWindowScaleDPI() not implemented on target platform
WARNING: GetWindowScaleDPI() not implemented on target platform
WARNING: GetWindowScaleDPI() not implemented on target platform
WARNING: GetWindowScaleDPI() not implemented on target platform
[IOP/RPC trace:unhandled] sid=0x534e44 rpc=0x0 pc=0x3c0bc4 ra=0x3c0bc4 send=0x50ad00/20 recv=0x0/0 sendBytes=[03 03 08 00 40 B7 50 00 00 00 00 00 A0 8C C0 5D] loadedModules=[cdrom0:/data/modules/voipf.irx; cdrom0:/data/modules/lgaud.irx; cdrom0:/data/modules/drtysckf.irx; cdrom0:/data/modules/libnet.irx; cdrom0:/data/modules/msifrpc.irx; cdrom0:/data/modules/pppoe.irx]
WARNING: GetWindowScaleDPI() not implemented on target platform
WARNING: GetWindowScaleDPI() not implemented on target platform
WARNING: GetWindowScaleDPI() not implemented on target platform
WARNING: GetWindowScaleDPI() not implemented on target platform
WARNING: GetWindowScaleDPI() not implemented on target platform
WARNING: GetWindowScaleDPI() not implemented on target platform
WARNING: GetWindowScaleDPI() not implemented on target platform
WARNING: GetWindowScaleDPI() not implemented on target platform
WARNING: GetWindowScaleDPI() not implemented on target platform
WARNING: GetWindowScaleDPI() not implemented on target platform
WARNING: GetWindowScaleDPI() not implemented on target platform
WARNING: GetWindowScaleDPI() not implemented on target platform
WARNING: GetWindowScaleDPI() not implemented on target platform
WARNING: GetWindowScaleDPI() not implemented on target platform
WARNING: GetWindowScaleDPI() not implemented on target platform
WARNING: GetWindowScaleDPI() not implemented on target platform
WARNING: GetWindowScaleDPI() not implemented on target platform
WARNING: GetWindowScaleDPI() not implemented on target platform
WARNING: GetWindowScaleDPI() not implemented on target platform
WARNING: GetWindowScaleDPI() not implemented on target platform
WARNING: GetWindowScaleDPI() not implemented on target platform
WARNING: GetWindowScaleDPI() not implemented on target platform
WARNING: GetWindowScaleDPI() not implemented on target platform
WARNING: GetWindowScaleDPI() not implemented on target platform
WARNING: GetWindowScaleDPI() not implemented on target platform
WARNING: GetWindowScaleDPI() not implemented on target platform
WARNING: GetWindowScaleDPI() not implemented on target platform
WARNING: GetWindowScaleDPI() not implemented on target platform
WARNING: GetWindowScaleDPI() not implemented on target platform
WARNING: GetWindowScaleDPI() not implemented on target platform
WARNING: GetWindowScaleDPI() not implemented on target platform
WARNING: GetWindowScaleDPI() not implemented on target platform
WARNING: GetWindowScaleDPI() not implemented on target platform
WARNING: GetWindowScaleDPI() not implemented on target platform
WARNING: GetWindowScaleDPI() not implemented on target platform
WARNING: GetWindowScaleDPI() not implemented on target platform
WARNING: GetWindowScaleDPI() not implemented on target platform
WARNING: GetWindowScaleDPI() not implemented on target platform
WARNING: GetWindowScaleDPI() not implemented on target platform
WARNING: GetWindowScaleDPI() not implemented on target platform
WARNING: GetWindowScaleDPI() not implemented on target platform
WARNING: GetWindowScaleDPI() not implemented on target platform
WARNING: GetWindowScaleDPI() not implemented on target platform
WARNING: GetWindowScaleDPI() not implemented on target platform
WARNING: GetWindowScaleDPI() not implemented on target platform
WARNING: GetWindowScaleDPI() not implemented on target platform
WARNING: GetWindowScaleDPI() not implemented on target platform
WARNING: GetWindowScaleDPI() not implemented on target platform
WARNING: GetWindowScaleDPI() not implemented on target platform
WARNING: GetWindowScaleDPI() not implemented on target platform
WARNING: GetWindowScaleDPI() not implemented on target platform
WARNING: GetWindowScaleDPI() not implemented on target platform
WARNING: GetWindowScaleDPI() not implemented on target platform
WARNING: GetWindowScaleDPI() not implemented on target platform
WARNING: GetWindowScaleDPI() not implemented on target platform
WARNING: GetWindowScaleDPI() not implemented on target platform
WARNING: GetWindowScaleDPI() not implemented on target platform
WARNING: GetWindowScaleDPI() not implemented on target platform
WARNING: GetWindowScaleDPI() not implemented on target platform
WARNING: GetWindowScaleDPI() not implemented on target platform
WARNING: GetWindowScaleDPI() not implemented on target platform
WARNING: GetWindowScaleDPI() not implemented on target platform
WARNING: GetWindowScaleDPI() not implemented on target platform
WARNING: GetWindowScaleDPI() not implemented on target platform
WARNING: GetWindowScaleDPI() not implemented on target platform
WARNING: GetWindowScaleDPI() not implemented on target platform
WARNING: GetWindowScaleDPI() not implemented on target platform
WARNING: GetWindowScaleDPI() not implemented on target platform
WARNING: GetWindowScaleDPI() not implemented on target platform
WARNING: GetWindowScaleDPI() not implemented on target platform
WARNING: GetWindowScaleDPI() not implemented on target platform
WARNING: GetWindowScaleDPI() not implemented on target platform
WARNING: GetWindowScaleDPI() not implemented on target platform
WARNING: GetWindowScaleDPI() not implemented on target platform
WARNING: GetWindowScaleDPI() not implemented on target platform
WARNING: GetWindowScaleDPI() not implemented on target platform
WARNING: GetWindowScaleDPI() not implemented on target platform
WARNING: GetWindowScaleDPI() not implemented on target platform
WARNING: GetWindowScaleDPI() not implemented on target platform
WARNING: GetWindowScaleDPI() not implemented on target platform
WARNING: GetWindowScaleDPI() not implemented on target platform
WARNING: GetWindowScaleDPI() not implemented on target platform
WARNING: GetWindowScaleDPI() not implemented on target platform
WARNING: GetWindowScaleDPI() not implemented on target platform
WARNING: GetWindowScaleDPI() not implemented on target platform
WARNING: GetWindowScaleDPI() not implemented on target platform
WARNING: GetWindowScaleDPI() not implemented on target platform
WARNING: GetWindowScaleDPI() not implemented on target platform
WARNING: GetWindowScaleDPI() not implemented on target platform
WARNING: GetWindowScaleDPI() not implemented on target platform
WARNING: GetWindowScaleDPI() not implemented on target platform
WARNING: GetWindowScaleDPI() not implemented on target platform
WARNING: GetWindowScaleDPI() not implemented on target platform
WARNING: GetWindowScaleDPI() not implemented on target platform
WARNING: GetWindowScaleDPI() not implemented on target platform
WARNING: GetWindowScaleDPI() not implemented on target platform
WARNING: GetWindowScaleDPI() not implemented on target platform
WARNING: GetWindowScaleDPI() not implemented on target platform
WARNING: GetWindowScaleDPI() not implemented on target platform
WARNING: GetWindowScaleDPI() not implemented on target platform
WARNING: GetWindowScaleDPI() not implemented on target platform
WARNING: GetWindowScaleDPI() not implemented on target platform
WARNING: GetWindowScaleDPI() not implemented on target platform
WARNING: GetWindowScaleDPI() not implemented on target platform
WARNING: GetWindowScaleDPI() not implemented on target platform
WARNING: GetWindowScaleDPI() not implemented on target platform
WARNING: GetWindowScaleDPI() not implemented on target platform
WARNING: GetWindowScaleDPI() not implemented on target platform
WARNING: GetWindowScaleDPI() not implemented on target platform
WARNING: GetWindowScaleDPI() not implemented on target platform
WARNING: GetWindowScaleDPI() not implemented on target platform
WARNING: GetWindowScaleDPI() not implemented on target platform
WARNING: GetWindowScaleDPI() not implemented on target platform
WARNING: GetWindowScaleDPI() not implemented on target platform
WARNING: GetWindowScaleDPI() not implemented on target platform
WARNING: GetWindowScaleDPI() not implemented on target platform
WARNING: GetWindowScaleDPI() not implemented on target platform
WARNING: GetWindowScaleDPI() not implemented on target platform
WARNING: GetWindowScaleDPI() not implemented on target platform
WARNING: GetWindowScaleDPI() not implemented on target platform
WARNING: GetWindowScaleDPI() not implemented on target platform
WARNING: GetWindowScaleDPI() not implemented on target platform
WARNING: GetWindowScaleDPI() not implemented on target platform
WARNING: GetWindowScaleDPI() not implemented on target platform
WARNING: GetWindowScaleDPI() not implemented on target platform
WARNING: GetWindowScaleDPI() not implemented on targ