[ios-env] read /Users/brad/Library/Developer/CoreSimulator/Devices/7662ACD6-6294-4676-B426-26A3F8C7B258/data/Containers/Bundle/Application/14328C35-ED0F-4FA1-8872-A69D041A20E0/ps2EntryRunner.app/ps2x.env
[ios-env] no /Users/brad/Library/Developer/CoreSimulator/Devices/7662ACD6-6294-4676-B426-26A3F8C7B258/data/Containers/Data/Application/299C9F51-5246-4F34-A5F2-FCDFC011EF5B/Documents/ps2x.env
[ios-env] set PS2X_BOOT_ELF=/Users/brad/Library/Developer/CoreSimulator/Devices/7662ACD6-6294-4676-B426-26A3F8C7B258/data/Containers/Bundle/Application/14328C35-ED0F-4FA1-8872-A69D041A20E0/ps2EntryRunner.app/SLUS_207.72
[ios-env] set PS2X_CD_IMAGE=/Users/brad/Library/Developer/CoreSimulator/Devices/7662ACD6-6294-4676-B426-26A3F8C7B258/data/Containers/Bundle/Application/14328C35-ED0F-4FA1-8872-A69D041A20E0/ps2EntryRunner.app/SSX3.iso
[ios-env] set PS2X_DEINTERLACE=weave
[ios-env] set PS2X_MC_ROOT=/Users/brad/Library/Developer/CoreSimulator/Devices/7662ACD6-6294-4676-B426-26A3F8C7B258/data/Containers/Data/Application/299C9F51-5246-4F34-A5F2-FCDFC011EF5B/Documents/mc0
[ios-env] set PS2X_PAD_SCRIPT=10350:start:2500,20650:cross:2000,23200:cross:400,24000:cross:400,30890:cross:1700,39560:cross:1750,47240:down:4200,55450:cross:1800,64920:cross:2000,113340:cross:800,118270:cross:700,122510:cross:700,113340:down:20000
[ios-env] set PS2X_PAD_SCRIPT_CLOCK=vsync
[ios-env] set PS2X_SKIP_MOVIE=1
[ios-env] launcher kept PS2X_VSYNC_RATE_LOG
Using PS2X_BOOT_ELF boot path
INFO: Initializing raylib 5.5
INFO: Platform backend: DESKTOP (SDL)
INFO: Supported raylib modules:
INFO:     > rcore:..... loaded (mandatory)
INFO:     > rlgl:...... loaded (mandatory)
INFO:     > rshapes:... loaded (optional)
INFO:     > rtextures:. loaded (optional)
INFO:     > rtext:..... loaded (optional)
INFO:     > rmodels:... loaded (optional)
INFO:     > raudio:.... loaded (optional)
2026-09-23 18:34:26.599 ps2EntryRunner[13700:3147440] You need UIApplicationSupportsIndirectInputEvents in your Info.plist for mouse support
INFO: DISPLAY: Device initialized successfully
INFO:     > Display size: 402 x 874
INFO:     > Screen size:  640 x 448
INFO:     > Render size:  640 x 448
INFO:     > Viewport offsets: 0, 0
INFO: GLAD: OpenGL ES 2.0 loaded successfully
INFO: GL: Supported extensions count: 43
INFO: GL: OpenGL device information:
INFO:     > Vendor:   Apple Inc.
INFO:     > Renderer: Apple Software Renderer
INFO:     > Version:  OpenGL ES 2.0 APPLE-24.0.2
INFO:     > GLSL:     OpenGL ES GLSL ES 1.00
INFO: GL: VAO extension detected, VAO functions loaded successfully
WARNING: GL: NPOT textures extension not found, limited NPOT support (no-mipmaps, no-repeat)
INFO: GL: PVRT compressed textures supported
INFO: PLATFORM: DESKTOP (SDL): Initialized successfully
INFO: TEXTURE: [ID 1] Texture loaded successfully (1x1 | R8G8B8A8 | 1 mipmaps)
INFO: TEXTURE: [ID 1] Default texture loaded successfully
INFO: SHADER: [ID 1] Vertex shader compiled successfully
INFO: SHADER: [ID 2] Fragment shader compiled successfully
INFO: SHADER: [ID 3] Program shader loaded successfully
INFO: SHADER: [ID 3] Default shader loaded successfully
INFO: RLGL: Render batch vertex buffers loaded successfully in RAM (CPU)
INFO: RLGL: Render batch vertex buffers loaded successfully in VRAM (GPU)
INFO: RLGL: Default OpenGL state initialized successfully
WARNING: GetWindowScaleDPI() not implemented on target platform
INFO: TEXTURE: [ID 2] Texture loaded successfully (128x128 | GRAY_ALPHA | 1 mipmaps)
INFO: FONT: Default font loaded successfully (224 glyphs)
INFO: SYSTEM: Working Directory: /Users/brad/Library/Developer/CoreSimulator/Devices/7662ACD6-6294-4676-B426-26A3F8C7B258/data/Containers/Bundle/Application/14328C35-ED0F-4FA1-8872-A69D041A20E0/ps2EntryRunner.app
[ios-window] attached to window scene
[ios-window] window=874x402 drawable=874x402
[k1] armed name=ssx3-copied-payload elf=SLUS_207.72
[k1] install#1 n=0x5a handler=0x42cb78
[k1] install#2 n=0x5b handler=0x80075000
[k1] install#3 n=0x54 handler=0x42d100
[k1] lookup#1 key=0x55 value=0x80075038
[k1] install#4 n=0x55 handler=0x80075038
[k1] lookup#2 key=0x56 value=0x800750c8
[k1] install#5 n=0x56 handler=0x800750c8
[k1] lookup#3 key=0x57 value=0x80075108
[k1] install#6 n=0x57 handler=0x80075108
[k1] lookup#4 key=0x58 value=0x80075158
[k1] install#7 n=0x58 handler=0x80075158
[k1] lookup#5 key=0x59 value=0x800751a8
[k1] install#8 n=0x59 handler=0x800751a8
[k1] lookup#6 key=0x3 value=0x80075330
2026-09-23 18:34:26.869 ps2EntryRunner[13700:3147440] Unbalanced calls to begin/end appearance transitions for <SDL_uikitviewcontroller: 0x1181dc000>.
2026-09-23 18:34:26.869 ps2EntryRunner[13700:3147440] Unbalanced calls to begin/end appearance transitions for <SDL_uikitviewcontroller: 0x1181dc000>.
[IOP/RPC trace:unhandled] sid=0x80000006 rpc=0xff pc=0x42b0e8 ra=0x42b0e8 send=0x0/0 recv=0x52f080/4 sendBytes=[] loadedModules=[cdrom0:/data/modules/dev9.irx; cdrom0:/data/modules/usbkb.irx; cdrom0:/data/modules/usbd.irx; cdrom0:/data/modules/mcserv.irx; cdrom0:/data/modules/mcman.irx; cdrom0:/data/modules/snddrv.irx]
[sif-handshake] sregs[1]=1
[IOP/RPC trace:unhandled] sid=0x237 rpc=0x0 pc=0x3f6a04 ra=0x3f6a04 send=0x526080/128 recv=0x526140/128 sendBytes=[C0 61 52 20 00 00 00 00 00 00 00 00 00 00 00 00] loadedModules=[cdrom0:/data/modules/voipf.irx; cdrom0:/data/modules/lgaud.irx; cdrom0:/data/modules/drtysckf.irx; cdrom0:/data/modules/libnet.irx; cdrom0:/data/modules/msifrpc.irx; cdrom0:/data/modules/pppoe.irx]
[IOP/RPC trace:unhandled] sid=0x80000211 rpc=0x1 pc=0x40c34c ra=0x40c34c send=0x529100/16 recv=0x529140/144 sendBytes=[00 00 00 00 00 00 00 00 00 00 00 00 00 00 00 00] loadedModules=[cdrom0:/data/modules/voipf.irx; cdrom0:/data/modules/lgaud.irx; cdrom0:/data/modules/drtysckf.irx; cdrom0:/data/modules/libnet.irx; cdrom0:/data/modules/msifrpc.irx; cdrom0:/data/modules/pppoe.irx]
[padscript] armed n=13 source=env clock=vsync
[IOP/RPC trace:unhandled] sid=0x534e44 rpc=0x0 pc=0x3c0bc4 ra=0x3c0bc4 send=0x50ad00/20 recv=0x0/0 sendBytes=[03 03 08 00 40 B7 50 00 00 00 00 00 A0 8C C0 5D] loadedModules=[cdrom0:/data/modules/voipf.irx; cdrom0:/data/modules/lgaud.irx; cdrom0:/data/modules/drtysckf.irx; cdrom0:/data/modules/libnet.irx; cdrom0:/data/modules/msifrpc.irx; cdrom0:/data/modules/pppoe.irx]
[vsync-rate] tick=260 rate=51.85/s (0.865x of 59.94)
[vsync-rate] tick=373 rate=22.54/s (0.376x of 59.94)
[vsync-rate] tick=490 rate=23.38/s (0.390x of 59.94)
[padscript] press i=0 now=10360ms at=10350ms hold=2500ms buttons=0x0008
[vsync-rate] tick=634 rate=28.73/s (0.479x of 59.94)
[padscript] release i=0 now=12862ms
[vsync-rate] tick=824 rate=37.95/s (0.633x of 59.94)
[vsync-rate] tick=1007 rate=36.58/s (0.610x of 59.94)
[vsync-rate] tick=1195 rate=37.57/s (0.627x of 59.94)
[padscript] press i=1 now=20653ms at=20650ms hold=2000ms buttons=0x4000
[vsync-rate] tick=1327 rate=26.31/s (0.439x of 59.94)
[padscript] release i=1 now=22655ms
[padscript] press i=2 now=23206ms at=23200ms hold=400ms buttons=0x4000
[padscript] release i=2 now=23606ms
[padscript] press i=3 now=24007ms at=24000ms hold=400ms buttons=0x4000
[vsync-rate] tick=1445 rate=23.57/s (0.393x of 59.94)
[padscript] release i=3 now=24407ms
[vsync-rate] tick=1604 rate=31.79/s (0.530x of 59.94)
[vsync-rate] tick=1764 rate=31.99/s (0.534x of 59.94)
[padscript] press i=4 now=30897ms at=30890ms hold=1700ms buttons=0x4000
[vsync-rate] tick=1935 rate=34.15/s (0.570x of 59.94)
[padscript] release i=4 now=32599ms
[vsync-rate] tick=2101 rate=33.14/s (0.553x of 59.94)
[vsync-rate] tick=2255 rate=30.78/s (0.514x of 59.94)
[padscript] press i=5 now=39572ms at=39560ms hold=1750ms buttons=0x4000
[vsync-rate] tick=2416 rate=32.20/s (0.537x of 59.94)
[padscript] release i=5 now=41324ms
[vsync-rate] tick=2583 rate=33.39/s (0.557x of 59.94)
[vsync-rate] tick=2742 rate=31.78/s (0.530x of 59.94)
[padscript] press i=6 now=47247ms at=47240ms hold=4200ms buttons=0x0040
[vsync-rate] tick=2897 rate=30.91/s (0.516x of 59.94)
[vsync-rate] tick=3061 rate=32.70/s (0.546x of 59.94)
[padscript] release i=6 now=51451ms
[vsync-rate] tick=3229 rate=33.59/s (0.560x of 59.94)
[padscript] press i=7 now=55455ms at=55450ms hold=1800ms buttons=0x4000
[vsync-rate] tick=3395 rate=33.10/s (0.552x of 59.94)
[padscript] release i=7 now=57257ms
[vsync-rate] tick=3589 rate=38.69/s (0.645x of 59.94)
[vsync-rate] tick=3799 rate=41.88/s (0.699x of 59.94)
[padscript] press i=8 now=64931ms at=64920ms hold=2000ms buttons=0x4000
[vsync-rate] tick=3967 rate=33.50/s (0.559x of 59.94)
[padscript] release i=8 now=66933ms
[vsync-rate] tick=4165 rate=39.47/s (0.658x of 59.94)
[vsync-rate] tick=4438 rate=54.47/s (0.909x of 59.94)
[vsync-rate] tick=4711 rate=54.55/s (0.910x of 59.94)
[vsync-rate] tick=4982 rate=54.10/s (0.903x of 59.94)
[vsync-rate] tick=5256 rate=54.69/s (0.912x of 59.94)
[vsync-rate] tick=5532 rate=55.09/s (0.919x of 59.94)
[vsync-rate] tick=5806 rate=54.78/s (0.914x of 59.94)
[vsync-rate] tick=6080 rate=54.75/s (0.913x of 59.94)
[vsync-rate] tick=6355 rate=54.97/s (0.917x of 59.94)
[vsync-rate] tick=6627 rate=54.37/s (0.907x of 59.94)
[padscript] press i=9 now=113346ms at=113340ms hold=800ms buttons=0x4000
[padscript] press i=12 now=113346ms at=113340ms hold=20000ms buttons=0x0040
[padscript] release i=9 now=114147ms
[vsync-rate] tick=6905 rate=55.40/s (0.924x of 59.94)
[padscript] press i=10 now=118284ms at=118270ms hold=700ms buttons=0x4000
[vsync-rate] tick=7116 rate=42.16/s (0.703x of 59.94)
[padscript] release i=10 now=118985ms
[vsync-rate] tick=7173 rate=11.36/s (0.190x of 59.94)
[vsync-rate] tick=7232 rate=11.76/s (0.196x of 59.94)
[vsync-rate] tick=7292 rate=11.97/s (0.200x of 59.94)
[padscript] press i=11 now=122522ms at=122510ms hold=700ms buttons=0x4000
[vsync-rate] tick=7349 rate=11.36/s (0.190x of 59.94)
[padscript] release i=11 now=123223ms
[vsync-rate] tick=7410 rate=12.17/s (0.203x of 59.94)
[vsync-rate] tick=7466 rate=11.20/s (0.187x of 59.94)
[vsync-rate] tick=7520 rate=10.77/s (0.180x of 59.94)
[vsync-rate] tick=7573 rate=10.59/s (0.177x of 59.94)
[vsync-rate] tick=7630 rate=11.38/s (0.190x of 59.94)
[vsync-rate] tick=7688 rate=11.57/s (0.193x of 59.94)
[vsync-rate] tick=7744 rate=11.18/s (0.187x of 59.94)
[vsync-rate] tick=7805 rate=12.20/s (0.203x of 59.94)
[vsync-rate] tick=7863 rate=11.60/s (0.194x of 59.94)
[vsync-rate] tick=7921 rate=11.59/s (0.193x of 59.94)
[vsync-rate] tick=7982 rate=12.17/s (0.203x of 59.94)
[padscript] release i=12 now=133350ms
[vsync-rate] tick=8042 rate=11.99/s (0.200x of 59.94)
[vsync-rate] tick=8104 rate=12.40/s (0.207x of 59.94)
[vsync-rate] tick=8165 rate=12.17/s (0.203x of 59.94)
[vsync-rate] tick=8229 rate=12.79/s (0.213x of 59.94)
[vsync-rate] tick=8288 rate=11.79/s (0.197x of 59.94)
[vsync-rate] tick=8351 rate=12.58/s (0.210x of 59.94)
[vsync-rate] tick=8414 rate=12.57/s (0.210x of 59.94)
[vsync-rate] tick=8479 rate=12.97/s (0.216x of 59.94)
[vsync-rate] tick=8542 rate=12.57/s (0.210x of 59.94)
[vsync-rate] tick=8607 rate=12.96/s (0.216x of 59.94)
[vsync-rate] tick=8661 rate=10.76/s (0.180x of 59.94)
[vsync-rate] tick=8711 rate=9.98/s (0.167x of 59.94)
[vsync-rate] tick=8764 rate=10.58/s (0.176x of 59.94)
[vsync-rate] tick=8818 rate=10.76/s (0.180x of 59.94)
org.ps2x.ps2entryrunner: 13700
