[02:25:34] PRE lease="BA1 2026-09-26T06:22:28Z" keyguard="showing=false" battery=100% ac=true pid0=none
[02:25:34] PRE device-env=a8d651a7e55f7e29f1345f28f4ea634e06ae757f535e29439ab61c930bcc0ebd mc0-test='' mc0-bad=[]
[02:25:34] CLAIM CLAIMED
[02:25:34] ENV 0fd05cadbc84f69b304c3e974c16b87c067dc07a768969be25ef435d2c4c6fe6  /storage/emulated/0/Android/data/com.ps2x.runner/files/ps2x.env
[02:25:34 t+    0.1] AM Starting: Intent { cmp=com.ps2x.runner/android.app.NativeActivity }
[02:25:40 t+    6.1] FOCUS app-foreground, no BACK ('mCurrentFocus=Window{f0607a4 u0 com.ps2x.runner/android.app.NativeActivity}')
[02:25:42 t+    8.3] LAYER 'com.ps2x.runner/android.app.NativeActivity#21055' tried=['com.ps2x.runner/android.app.NativeActivity#21055']
[02:26:47 t+   72.4] SCAP sc01-tick2100-t72.png tick~2138
[02:27:42 t+  127.9] SCAP sc02-tick3000-t127.png tick~3038
[02:28:42 t+  187.8] SCAP sc03-tick4000-t187.png tick~4061
[02:29:05 t+  211.2] STOP tick 4534 >= 4500
[02:29:06 t+  211.5] SCAP sc04-final-t211.png tick~4534
[02:29:07 t+  212.8] THREADS
Threads: 29 total,   1 running,  28 sleeping,   0 stopped,   0 zombie
  Mem:  7342756K total,  4984052K used,  2358704K free,      568K buffers
 Swap: 10485752K total,   686192K used,  9799560K free,  2250280K cached
800%cpu  85%user   0%nice  31%sys 681%idle   0%iow   4%irq   0%sirq   0%host
  TID USER         PR  NI VIRT  RES  SHR S[%CPU] %MEM     TIME+ THREAD          PROCESS
22354 u0_a113      10 -10  17G 703M 455M R 69.2   9.7   2:17.69 GameThread      com.ps2x.runner
22334 u0_a113      10 -10  17G 703M 455M S 19.2   9.7   0:34.26 GsWorker        com.ps2x.runner
22332 u0_a113      10 -10  17G 703M 455M S  3.8   9.7   0:12.62 com.ps2x.runner com.ps2x.runner
22366 u0_a113      10 -10  17G 703M 455M S  0.0   9.7   0:00.00 com.ps2x.runner com.ps2x.runner
22365 u0_a113      10 -10  17G 703M 455M S  0.0   9.7   0:00.00 com.ps2x.runner com.ps2x.runner
22363 u0_a113      20   0  17G 703M 455M S  0.0   9.7   0:00.00 InteractionJank com.ps2x.runner
22362 u0_a113      20   0  17G 703M 455M S  0.0   9.7   0:00.15 binder:22313_4  com.ps2x.runner
22356 u0_a113      10 -10  17G 703M 455M S  0.0   9.7   0:00.24 PGS-Waiter      com.ps2x.runner
22355 u0_a113      39  19  17G 703M 455M S  0.0   9.7   0:00.00 com.ps:traceq0  com.ps2x.runner
22352 u0_a113      -3 -10  17G 703M 455M S  0.0   9.7   0:00.74 AAudio_1        com.ps2x.runner
22346 u0_a113      20   0  17G 703M 455M S  0.0   9.7   0:00.31 binder:22313_4  com.ps2x.runner
22345 u0_a113      10 -10  17G 703M 455M S  0.0   9.7   0:00.00 com.ps2x.runner com.ps2x.runner
22338 u0_a113      20   0  17G 703M 455M S  0.0   9.7   0:00.00 InsetsAnimation com.ps2x.runner
22337 u0_a113      20   0  17G 703M 455M S  0.0   9.7   0:00.00 SurfaceSyncGrou com.ps2x.runner
22336 u0_a113      10 -10  17G 703M 455M S  0.0   9.7   0:00.00 VsyncReceiver   com.ps2x.runner

[02:29:07 t+  212.9] BATTERY status: 5 level: 100
[02:29:09 t+  215.3] RESTORE a8d651a7e55f7e29f1345f28f4ea634e06ae757f535e29439ab61c930bcc0ebd match=True
[02:29:10 t+  215.5] MC0-AFTER bad=[]
[02:29:10 t+  215.6] END pid-after=none disconnects=0
[02:29:10 t+  215.6] RELEASE ok=True RELEASED
