[00:45:29] PRE lease="F6 2026-09-26T04:45:20Z" keyguard="showing=false" battery=100% ac=true pid0=none
[00:45:29] PRE device-env=a8d651a7e55f7e29f1345f28f4ea634e06ae757f535e29439ab61c930bcc0ebd mc0-test='' mc0-bad=[]
[00:45:29] APK local sha x2 f39905dbf13431cd184b2dccf4f5baef66d46c62857d9beba76aa4fb5655740a f39905dbf13431cd184b2dccf4f5baef66d46c62857d9beba76aa4fb5655740a
[00:45:33] INSTALL Performing Streamed Install Success
[00:45:33] INSTALLED /data/app/~~Kf8HbaF6U_5Ag0jLo-wAKA==/com.ps2x.runner-tKDjixAIlxPmF4zt22mU2w==/base.apk sha=f39905dbf13431cd184b2dccf4f5baef66d46c62857d9beba76aa4fb5655740a match=True
[00:45:33] ENV c2fbed450787144e69ca4115cbe23f98a248dac05a880be8dfa6a1bb4fcd2beb  /storage/emulated/0/Android/data/com.ps2x.runner/files/ps2x.env
[00:45:34 t+    0.1] AM Starting: Intent { cmp=com.ps2x.runner/android.app.NativeActivity }
[00:45:40 t+    6.2] FOCUS app-foreground, no BACK ('mCurrentFocus=Window{94c0de6 u0 com.ps2x.runner/android.app.NativeActivity}')
[00:45:42 t+    8.4] LAYER 'com.ps2x.runner/android.app.NativeActivity#20014' tried=['com.ps2x.runner/android.app.NativeActivity#20014']
[00:47:00 t+   86.0] SCAP sc01-tick2100-t85.png tick~2108
[00:48:27 t+  173.9] SCAP sc02-tick3000-t173.png tick~3007
[00:50:02 t+  268.9] SCAP sc03-tick4000-t268.png tick~4047
[00:50:39 t+  305.9] STOP tick 4524 >= 4500
[00:50:40 t+  306.2] SCAP sc04-final-t305.png tick~4524
[00:50:41 t+  307.6] THREADS
Threads: 28 total,   1 running,  27 sleeping,   0 stopped,   0 zombie
  Mem:  7342756K total,  5213944K used,  2128812K free,      540K buffers
 Swap: 10485752K total,   699732K used,  9786020K free,  2441156K cached
800%cpu  68%user   0%nice  28%sys 696%idle   0%iow   4%irq   4%sirq   0%host
  TID USER         PR  NI VIRT  RES  SHR S[%CPU] %MEM     TIME+ THREAD          PROCESS
23009 u0_a113      10 -10  17G 785M 539M R 48.0  10.9   2:34.79 GameThread      com.ps2x.runner
22991 u0_a113      10 -10  17G 785M 539M S  8.0  10.9   0:35.30 GsWorker        com.ps2x.runner
23011 u0_a113      10 -10  17G 785M 539M S  4.0  10.9   0:00.24 PGS-Waiter      com.ps2x.runner
23019 u0_a113      20   0  17G 785M 539M S  0.0  10.9   0:00.00 InteractionJank com.ps2x.runner
23016 u0_a113      20   0  17G 785M 539M S  0.0  10.9   0:00.00 binder:22970_4  com.ps2x.runner
23010 u0_a113      39  19  17G 785M 539M S  0.0  10.9   0:00.00 com.ps:traceq0  com.ps2x.runner
23008 u0_a113      -3 -10  17G 785M 539M S  0.0  10.9   0:01.07 AAudio_1        com.ps2x.runner
23002 u0_a113      20   0  17G 785M 539M S  0.0  10.9   0:00.01 binder:22970_4  com.ps2x.runner
23001 u0_a113      10 -10  17G 785M 539M S  0.0  10.9   0:00.00 com.ps2x.runner com.ps2x.runner
22995 u0_a113      20   0  17G 785M 539M S  0.0  10.9   0:00.00 InsetsAnimation com.ps2x.runner
22994 u0_a113      20   0  17G 785M 539M S  0.0  10.9   0:00.00 SurfaceSyncGrou com.ps2x.runner
22993 u0_a113      10 -10  17G 785M 539M S  0.0  10.9   0:00.00 VsyncReceiver   com.ps2x.runner
22989 u0_a113      10 -10  17G 785M 539M S  0.0  10.9   0:00.46 com.ps2x.runner com.ps2x.runner
22990 u0_a113      10 -10  17G 785M 539M S  0.0  10.9   0:00.01 com.ps2x.runner com.ps2x.runner
22986 u0_a113      16  -4  17G 785M 539M S  0.0  10.9   0:00.00 RenderThread    com.ps2x.runner

[00:50:41 t+  307.6] BATTERY status: 5 level: 100
[00:50:44 t+  310.2] RESTORE a8d651a7e55f7e29f1345f28f4ea634e06ae757f535e29439ab61c930bcc0ebd match=True
[00:50:44 t+  310.4] MC0-AFTER bad=[]
[00:50:44 t+  310.4] END pid-after=none disconnects=0
