REF_CHECK:mean=0.0000 p99=0 max=0 npix=224000 mode=PPM
REFMENU_CHECK:mean=0.0000 p99=0 max=0 npix=1310720 mode=PPM
REFSC_CHECK:mean=0.0000 p99=0 max=0 npix=1310720 mode=PPM
REFZC_CHECK:mean=0.0000 p99=0 max=0 npix=1310720 mode=PPM
REFSP_CHECK:mean=0.0000 p99=0 max=0 npix=1310720 mode=PPM
REFSM_CHECK:mean=0.0000 p99=0 max=0 npix=1310720 mode=PPM
REFSE_CHECK:mean=0.0000 p99=0 max=0 npix=1310720 mode=PPM
REFSETAG_CHECK:mean=0.0000 p99=0 max=0 npix=10150 mode=PPM
REFMR_CHECK:mean=0.0000 p99=0 max=0 npix=1310720 mode=PPM
REFPP_CHECK:mean=0.0000 p99=0 max=0 npix=1310720 mode=PPM
SELF_TEST mean=0.0000 p99=0
SELF_WHOLE=0.0000
SELF_MENU mean=0.0000 p99=0
SELF_SC mean=0.0000 p99=0
SELF_ZC mean=0.0000 p99=0
SELF_SP mean=0.0000 p99=0
SELF_SM mean=0.0000 p99=0
SELF_SE mean=0.0000 p99=0
SELF_SETAG mean=0.0000 p99=0
SELF_MR mean=0.0000 p99=0
SELF_PP mean=0.0000 p99=0
START_SCORE mean=24.4685 p99=171 MENU_T+:97
ATTEMPT_1 BEGIN MENU_T+:97
ATTEMPT_1 now score mean=34.9738 p99=190
ATTEMPT_1 on attract (non-title) -> Cross attract-skip
A1_CROSS_KEYDOWN_WALL:1790090561.717676775 UPTIME:352 MENU_T+:98
A1_CROSS_HELD_WALL:1790090561.734755267 UPTIME:352
A1_CROSS_KEYUP_WALL:1790090562.251004089 UPTIME:353 MENU_T+:99
ATTEMPT_1 poll01 score mean=0.4379 p99=5 MENU_T+:101
ATTEMPT_1 TITLE-DETECTED at poll01
A1_START_KEYDOWN_WALL:1790090565.006749088 UPTIME:356 MENU_T+:102
A1_START_HELD_WALL:1790090565.025001111 UPTIME:356
A1_START_KEYUP_WALL:1790090565.542366972 UPTIME:356 MENU_T+:102
ATTEMPT_1 post+3 score mean=16.3274 p99=139 MENU_T+:106
ATTEMPT_1 post+8 score mean=16.2633 p99=139
ATTEMPT_1 post+15 score mean=16.2558 p99=139
ATTEMPT_1 post+25 score mean=16.2404 p99=139
ATTEMPT_1 whole815=0.0172 whole1525=0.0393
ATTEMPT_1 post25-vs-menu mean=0.3068 p99=5
ATTEMPT_1 MENU-LIKE (non-title + static) -> park for menu Cross
MENUPRE vs-menu mean=0.3104 p99=5 MENU_T+:140
MENUPRE vs-title mean=16.2772 p99=139
MENU_CROSS_KEYDOWN_WALL:1790090604.223858404 UPTIME:395 MENU_T+:141
MENU_CROSS_HELD_WALL:1790090604.241657699 UPTIME:395
MENU_CROSS_KEYUP_WALL:1790090604.758247163 UPTIME:395 MENU_T+:141
MC post+1 titleband mean=12.5366 p99=164 vs-menu mean=10.2156 p99=105 vs-sc mean=0.5597 p99=8 MENU_T+:145
MC post+3 titleband mean=12.5352 p99=164 vs-menu mean=10.2103 p99=105 vs-sc mean=0.5401 p99=8
MC post+8 titleband mean=12.5751 p99=164 vs-menu mean=10.2184 p99=106 vs-sc mean=0.5364 p99=8
MC post+15 titleband mean=12.5586 p99=164 vs-menu mean=10.2172 p99=106 vs-sc mean=0.5863 p99=9
MC hops whole: pre-post1=10.1292 p1-p3=0.0829 p3-p8=0.1701 p8-p15=0.2116
SC-LIKE (non-menu + static) -> park for Zoe Cross
SCPRE vs-sc mean=0.6809 p99=11 MENU_T+:179
SCPRE vs-menu mean=10.2738 p99=108
SCPRE vs-title mean=12.5409 p99=164
ZOE_CROSS_KEYDOWN_WALL:1790090644.257007439 UPTIME:435 MENU_T+:181
ZOE_CROSS_HELD_WALL:1790090644.274585692 UPTIME:435
ZOE_CROSS_KEYUP_WALL:1790090644.790875565 UPTIME:435 MENU_T+:181
ZC post+1 titleband mean=15.8562 p99=128 vs-sc mean=7.2542 p99=100 vs-zc mean=0.5109 p99=8 MENU_T+:185
ZC post+3 titleband mean=15.8525 p99=128 vs-sc mean=7.3110 p99=101 vs-zc mean=0.3979 p99=6
ZC post+8 titleband mean=15.8906 p99=129 vs-sc mean=7.1153 p99=100 vs-zc mean=0.4787 p99=9
ZC hops whole: pre-post1=7.3375 p1-p3=0.2759 p3-p8=0.2811
ZC-LIKE (departed + non-SC + static) -> park for Continue Cross
CCPRE vs-zc mean=0.4117 p99=7 MENU_T+:208
CCPRE vs-sc mean=7.2840 p99=100
CCPRE vs-title mean=15.8525 p99=128
CONT_CROSS_KEYDOWN_WALL:1790090672.981010107 UPTIME:463 MENU_T+:209
CONT_CROSS_HELD_WALL:1790090672.999427992 UPTIME:464
CONT_CROSS_KEYUP_WALL:1790090673.516608498 UPTIME:464 MENU_T+:210
SP post+1 titleband mean=23.1290 p99=171 vs-zc mean=9.4583 p99=154 vs-sp mean=0.3592 p99=5 MENU_T+:214
SP post+3 titleband mean=23.1290 p99=171 vs-zc mean=9.4545 p99=154 vs-sp mean=0.3563 p99=5
SP post+8 titleband mean=23.1259 p99=171 vs-zc mean=9.5001 p99=154 vs-sp mean=0.4058 p99=6
SP hops whole: pre-post1=9.3062 p1-p3=0.0047 p3-p8=0.0569
SP-LIKE (departed + non-ZC + static) -> park for Peak Cross
SPPRE vs-sp mean=0.3563 p99=5 MENU_T+:237
SPPRE vs-zc mean=9.4546 p99=154
SPPRE vs-title mean=23.1293 p99=171
PEAK_CROSS_KEYDOWN_WALL:1790090701.745452517 UPTIME:492 MENU_T+:238
PEAK_CROSS_HELD_WALL:1790090701.763831280 UPTIME:492
PEAK_CROSS_KEYUP_WALL:1790090702.280774779 UPTIME:493 MENU_T+:239
PC post+1 titleband mean=26.3163 p99=183 vs-sp mean=5.3690 p99=121 vs-sm mean=0.4078 p99=6 MENU_T+:242
PC post+3 titleband mean=26.3066 p99=183 vs-sp mean=5.3650 p99=121 vs-sm mean=0.4054 p99=6
PC post+8 titleband mean=26.3170 p99=183 vs-sp mean=5.3734 p99=121 vs-sm mean=0.4124 p99=6
PC hops whole: pre-post1=5.1755 p1-p3=0.0449 p3-p8=0.0507
SM-LIKE (departed + non-SP + static) -> park for Race Cross
SMPRE vs-sm mean=0.4082 p99=6 MENU_T+:265
SMPRE se-tag mean=14.3487 p99=89
SMPRE vs-sp mean=5.3750 p99=121
SMPRE vs-title mean=26.3413 p99=183
RACE_CROSS_KEYDOWN_WALL:1790090731.050244804 UPTIME:522 MENU_T+:268
RACE_CROSS_HELD_WALL:1790090731.068482106 UPTIME:522
RACE_CROSS_KEYUP_WALL:1790090731.585038975 UPTIME:522 MENU_T+:268
RC post+1 titleband mean=26.2057 p99=183 vs-sm mean=0.8152 p99=12 se-tag mean=2.6277 p99=11 MENU_T+:271
RC post+3 titleband mean=26.2089 p99=183 vs-sm mean=0.8384 p99=13 se-tag mean=2.6271 p99=11
RC post+8 titleband mean=26.2109 p99=183 vs-sm mean=0.8076 p99=11 se-tag mean=2.6271 p99=11 vs-sp mean=5.4477 p99=121 vs-se mean=0.4037 p99=6
RC hops whole: pre-post1=0.5015 p1-p3=0.0443 p3-p8=0.0462
SE-LIKE (static + non-SP + se-tag) -> park for SnowJam Cross
SEPRE se-tag mean=2.6456 p99=11 MENU_T+:295
SEPRE vs-se mean=0.4261 p99=6
SEPRE vs-sm mean=0.8297 p99=12
SEPRE vs-sp mean=5.4695 p99=121
SEPRE vs-title mean=26.2096 p99=183
SNOWJAM_CROSS_KEYDOWN_WALL:1790090762.176799450 UPTIME:553 MENU_T+:299
SNOWJAM_CROSS_HELD_WALL:1790090762.194330508 UPTIME:553
SNOWJAM_CROSS_KEYUP_WALL:1790090762.710661436 UPTIME:553 MENU_T+:299
SJ post+1 titleband mean=9.8455 p99=136 vs-se mean=10.7197 p99=144 vs-mr mean=0.4796 p99=8 MENU_T+:303
SJ post+3 titleband mean=9.8551 p99=137 vs-se mean=10.6813 p99=143 vs-mr mean=0.4589 p99=8
SJ post+8 titleband mean=9.8453 p99=137 vs-se mean=10.6449 p99=143 vs-mr mean=0.4215 p99=7
SJ hops whole: pre-post1=10.6140 p1-p3=0.1625 p3-p8=0.1031
MR-LIKE (departed + non-SE + static) -> park for Enter Cross
MRPRE vs-mr mean=0.4524 p99=8 MENU_T+:326
MRPRE vs-se mean=10.6846 p99=143
MRPRE vs-title mean=9.8973 p99=138
ENTER_CROSS_KEYDOWN_WALL:1790090790.806031617 UPTIME:581 MENU_T+:327
ENTER_CROSS_HELD_WALL:1790090790.824100806 UPTIME:581
ENTER_CROSS_KEYUP_WALL:1790090791.340748039 UPTIME:582 MENU_T+:328
MR post+1 titleband mean=17.7328 p99=171 vs-mr mean=12.6397 p99=150 vs-pp mean=21.0603 p99=168 MENU_T+:332
MR post+3 titleband mean=17.8909 p99=171 vs-mr mean=12.6262 p99=150 vs-pp mean=21.0934 p99=169
MR post+8 titleband mean=28.9547 p99=237 vs-mr mean=20.4027 p99=198 vs-pp mean=18.9354 p99=190
MR post+15 titleband mean=34.5004 p99=184 vs-mr mean=19.6511 p99=153 vs-pp mean=0.6486 p99=9
MR post+25 titleband mean=34.4972 p99=184 vs-mr mean=19.6082 p99=153 vs-pp mean=0.6107 p99=9
MR post+40 titleband mean=34.4978 p99=184 vs-mr mean=19.3167 p99=153 vs-pp mean=0.8979 p99=18
MR hops whole: pre-post1=12.6484 p1-p3=1.4612 p3-p8=25.1395 p8-p15=18.9532 p15-p25=0.0867 p25-p40=0.3464
MR_STAB1 titleband mean=34.5002 p99=184 vs-mr mean=19.5540 p99=153 vs-pp mean=0.6418 p99=9 MENU_T+:407
MR_STAB2 titleband mean=34.5043 p99=184 vs-mr mean=19.2976 p99=153 vs-pp mean=0.9268 p99=19 MENU_T+:420
MR panel hops whole: post44-stab1=0.2876 stab1-stab2=0.3145
PP-LIKE (departed + static x3 + non-MR) -> park for X-Continue Cross
PPPRE vs-pp mean=0.8070 p99=13 MENU_T+:431
PPPRE vs-mr mean=19.3952 p99=153
PPPRE vs-title mean=34.4995 p99=184
XCROSS_KEYDOWN_WALL:1790090895.748339089 UPTIME:686 MENU_T+:432
XCROSS_HELD_WALL:1790090895.766138558 UPTIME:686
XCROSS_KEYUP_WALL:1790090896.284436750 UPTIME:687 MENU_T+:433
X post+1 titleband mean=19.4675 p99=174 vs-pp mean=14.4738 p99=153 MENU_T+:436
X post+3 titleband mean=21.6042 p99=146 vs-pp mean=15.8412 p99=141
X post+8 titleband mean=12.5629 p99=120 vs-pp mean=21.2236 p99=165
X post+15 titleband mean=16.5853 p99=145 vs-pp mean=24.0307 p99=179
X post+25 titleband mean=11.5711 p99=124 vs-pp mean=23.6536 p99=174
X post+40 titleband mean=10.7386 p99=112 vs-pp mean=21.2592 p99=167
X hops whole: pre-post1=14.2939 p1-p3=13.8783 p3-p8=14.0613 p8-p15=9.4590 p15-p25=7.8662 p25-p40=9.1091
LIVE-LIKE (departed + non-panel + motion x2) -> blind pre-hold pair + hold + blind dense series
NPRE1_SNAPSTART_WALL:1790090962.046589752 UPTIME:753 MENU_T+:499
NPRE1_SNAPEND_WALL:1790090962.117842926 UPTIME:753 MENU_T+:499
NPRE2_SNAPSTART_WALL:1790090962.621365191 UPTIME:753 MENU_T+:499
NPRE2_SNAPEND_WALL:1790090962.690718332 UPTIME:753 MENU_T+:499
HOLD_LEFT_KEYDOWN_WALL:1790090962.693815471 UPTIME:753 MENU_T+:499
HOLD_LEFT_HELD_WALL:1790090962.712589831 UPTIME:753
HOLD_LEFT_KEYUP_WALL:1790090963.729881794 UPTIME:754 MENU_T+:500
D_POST1_SNAPSTART_WALL:1790090964.233726735 UPTIME:755 MENU_T+:501
D_POST1_SNAPEND_WALL:1790090964.303839855 UPTIME:755 MENU_T+:501
D_POST2_SNAPSTART_WALL:1790090964.807382735 UPTIME:755 MENU_T+:501
D_POST2_SNAPEND_WALL:1790090964.880666059 UPTIME:755 MENU_T+:501
D_POST3_SNAPSTART_WALL:1790090965.384314104 UPTIME:756 MENU_T+:502
D_POST3_SNAPEND_WALL:1790090965.455485694 UPTIME:756 MENU_T+:502
D_POST4_SNAPSTART_WALL:1790090965.959880605 UPTIME:756 MENU_T+:502
D_POST4_SNAPEND_WALL:1790090966.035725921 UPTIME:757 MENU_T+:503
D_POST5_SNAPSTART_WALL:1790090966.539152055 UPTIME:757 MENU_T+:503
D_POST5_SNAPEND_WALL:1790090966.613537950 UPTIME:757 MENU_T+:503
D_POST6_SNAPSTART_WALL:1790090967.117321051 UPTIME:758 MENU_T+:504
D_POST6_SNAPEND_WALL:1790090967.189280679 UPTIME:758 MENU_T+:504
D_POST7_SNAPSTART_WALL:1790090967.692946109 UPTIME:758 MENU_T+:504
D_POST7_SNAPEND_WALL:1790090967.765793395 UPTIME:758 MENU_T+:504
D_POST8_SNAPSTART_WALL:1790090968.269254229 UPTIME:759 MENU_T+:505
D_POST8_SNAPEND_WALL:1790090968.340782699 UPTIME:759 MENU_T+:505
D_POST9_SNAPSTART_WALL:1790090968.845164952 UPTIME:759 MENU_T+:505
D_POST9_SNAPEND_WALL:1790090968.914161996 UPTIME:759 MENU_T+:505
D_POST10_SNAPSTART_WALL:1790090969.418518884 UPTIME:760 MENU_T+:506
D_POST10_SNAPEND_WALL:1790090969.491964945 UPTIME:760 MENU_T+:506
DENSE-BLIND-COMPLETE (12 blind snaps; post-hoc scoring only)
