[    0.0325] Program Path: /home/brad/pcsx2-t4/pcsx2/build/bin/pcsx2-qt
[    0.0325] AppRoot Directory: /home/brad/pcsx2-t4/pcsx2/build/bin
[    0.0325] Resources Directory: /home/brad/pcsx2-t4/pcsx2/build/bin/resources
[    0.0325] DataRoot Directory: /home/brad/pcsx2-t4/dat/PCSX2
[    0.0325] Loading config from /home/brad/pcsx2-t4/dat/PCSX2/inis/PCSX2.ini.
[    0.0327] Loading secrets from /home/brad/pcsx2-t4/dat/PCSX2/inis/secrets.ini.
[    0.0330] BIOS Directory: /home/brad/pcsx2-t4/dat/PCSX2/bios
[    0.0330] Snapshots Directory: /home/brad/pcsx2-t4/dat/PCSX2/snaps
[    0.0330] Savestates Directory: /home/brad/pcsx2-t4/dat/PCSX2/sstates
[    0.0330] MemoryCards Directory: /home/brad/pcsx2-t4/dat/PCSX2/memcards
[    0.0330] Logs Directory: /home/brad/pcsx2-t4/dat/PCSX2/logs
[    0.0330] Cheats Directory: /home/brad/pcsx2-t4/dat/PCSX2/cheats
[    0.0330] Patches Directory: /home/brad/pcsx2-t4/dat/PCSX2/patches
[    0.0330] Covers Directory: /home/brad/pcsx2-t4/dat/PCSX2/covers
[    0.0330] Game Settings Directory: /home/brad/pcsx2-t4/dat/PCSX2/gamesettings
[    0.0330] Resources Directory: /home/brad/pcsx2-t4/pcsx2/build/bin/resources
[    0.0330] User Resources Directory: /home/brad/pcsx2-t4/dat/PCSX2/resources
[    0.0330] Cache Directory: /home/brad/pcsx2-t4/dat/PCSX2/cache
[    0.0330] Textures Directory: /home/brad/pcsx2-t4/dat/PCSX2/textures
[    0.0330] Input Profile Directory: /home/brad/pcsx2-t4/dat/PCSX2/inputprofiles
[    0.0330] Video Dumping Directory: /home/brad/pcsx2-t4/dat/PCSX2/videos
[    0.0330] Debugger Layouts Directory: /home/brad/pcsx2-t4/dat/PCSX2/inis/debuggerlayouts
[    0.0330] Debugger Settings Directory: /home/brad/pcsx2-t4/dat/PCSX2/inis/debuggersettings
[    0.0331] Couldn't find translation for system language C, using en instead
[    0.0337] Loaded translation file for language en-US
[    0.0586] PCSX2 v2.9.75
[    0.0586] Savestate version: 0x9a590000
[    0.0586] 
[    0.0586] 
[    0.0586] Host Machine Init:
[    0.0586]   Operating System = Ubuntu 24.04
[    0.0586]   Available RAM    = 9231 MB (9.02 GB)
[    0.0586]   Physical RAM     = 9946 MB (9.71 GB)
[    0.0586] 
[    0.0586]   Processor        = Intel 13th Gen Core i5-13600K
[    0.0586]   Core Count       = 10 cores
[    0.0586]   Thread Count     = 20 threads
[    0.0586]   Cluster Count    = 1 clusters
[    0.0586] CPU Extensions Detected:
[    0.0586]   AVX AVX2
[    0.0586] 
[    0.0586] Allocating host memory for virtual systems...
[    0.0591]   EE Main Memory                   @ 0x00007F1DCF200000 -> 0x00007F1DD8100000 [143mb]
[    0.0591]   IOP Main Memory                  @ 0x00007F1DD8100000 -> 0x00007F1DE0200000 [129mb]
[    0.0591]   VU0/1 On-Chip Memory             @ 0x00007F1DE0200000 -> 0x00007F1DE0300000 [1mb]
[    0.0591]   VTLB Virtual Map                 @ 0x00007F1DE0300000 -> 0x00007F1DE0B00000 [8mb]
[    0.0591]   VTLB Address Map                 @ 0x00007F1DE0B00000 -> 0x00007F1DE0F00000 [4mb]
[    0.0591]   R5900 Recompiler Cache           @ 0x00007F1DE0F00000 -> 0x00007F1DE4F00000 [64mb]
[    0.0591]   R3000A Recompiler Cache          @ 0x00007F1DE4F00000 -> 0x00007F1DE6F00000 [32mb]
[    0.0591]   Micro VU0 Recompiler Cache       @ 0x00007F1DE7F00000 -> 0x00007F1DEBF00000 [64mb]
[    0.0591]   Micro VU1 Recompiler Cache       @ 0x00007F1DEBF00000 -> 0x00007F1DEFF00000 [64mb]
[    0.0591]   VIF0 Unpack Recompiler Cache     @ 0x00007F1DE6F00000 -> 0x00007F1DE7700000 [8mb]
[    0.0591]   VIF1 Unpack Recompiler Cache     @ 0x00007F1DE7700000 -> 0x00007F1DE7F00000 [8mb]
[    0.0591]   VIF Unpack Recompiler Cache      @ 0x00007F1DEFF00000 -> 0x00007F1DF0000000 [1mb]
[    0.0591]   GS Software Renderer             @ 0x00007F1DF0000000 -> 0x00007F1DF4000000 [64mb]
[    0.0602] Fastmem area: 0x7f1ccf200000 - 0x7f1dcf1fffff
[    0.0604] Generating SSE-optimized unpacking functions for VIF interpreters...
[    0.0609] Unpack function generation complete.  Generated function statistics:
[    0.0609]   Reserved buffer    : 1048576 bytes @ 0x00007F1DEFF00000
[    0.0609]   x86 code generated : 7422 bytes
[    0.0609] 
[    0.0611] SDLInputSource: Using Controller DB from resources.
[    0.0717] SDLInputSource: 765 gamepad mappings are loaded.
