[02:55:16] PRE lease="LEASE_FREE BA1 done" keyguard="showing=false" battery=100% ac=true pid0=none
[02:55:16] PRE device-env=a8d651a7e55f7e29f1345f28f4ea634e06ae757f535e29439ab61c930bcc0ebd mc0-test='' mc0-bad=[]
[02:55:16] LEASE claimed via odin_lease.sh: CLAIMED
[02:55:16] APK local sha x2 b91f827f30e89d3bdd28662c82b934d9e5e51430a55c518673240b5f4badaf42 b91f827f30e89d3bdd28662c82b934d9e5e51430a55c518673240b5f4badaf42
[02:55:19] INSTALL Performing Streamed Install Success
[02:55:19] INSTALLED /data/app/~~hiu3RYuWcHEuY6q13_eBLA==/com.ps2x.runner-CvYWIBEJgnsFUOuO3RAhtg==/base.apk sha=b91f827f30e89d3bdd28662c82b934d9e5e51430a55c518673240b5f4badaf42 match=True
[02:55:19] ENV 6d140a040c8714cdcfa46d351eceda0341f0662d361d16049f0894b29f3e043b  /storage/emulated/0/Android/data/com.ps2x.runner/files/ps2x.env
[02:55:19 t+    0.0] AM Starting: Intent { cmp=com.ps2x.runner/android.app.NativeActivity }
[02:55:25 t+    6.1] FOCUS app-foreground, no BACK ('mCurrentFocus=Window{e4dea8e u0 com.ps2x.runner/android.app.NativeActivity}')
[02:55:28 t+    8.7] LAYER 'com.ps2x.runner/android.app.NativeActivity#21202' tried=['com.ps2x.runner/android.app.NativeActivity#21192', 'RequestedLayerState{ActivityRecord{6a176c4 u0 com.ps2x.runner/android.app.NativeActivity#21192 parentId=21191}', 'com.ps2x.runner/android.app.NativeActivity#21202']
[02:56:27 t+   67.3] SCAP sc01-tick2100-t66.png tick~2103
[02:57:27 t+  127.3] SCAP sc02-tick3000-t126.png tick~3068
[02:58:26 t+  186.7] SCAP sc03-tick4000-t186.png tick~4079
[02:58:53 t+  213.4] STOP tick 4549 >= 4500
[02:58:53 t+  213.9] SCAP sc04-final-t213.png tick~4549
[02:58:55 t+  215.2] THREADS
Threads: 27 total,   1 running,  26 sleeping,   0 stopped,   0 zombie
  Mem:  7342756K total,  5174256K used,  2168500K free,      576K buffers
 Swap: 10485752K total,   639068K used,  9846684K free,  2293504K cached
800%cpu  96%user   0%nice  19%sys 677%idle   0%iow   8%irq   0%sirq   0%host
  TID USER         PR  NI VIRT  RES  SHR S[%CPU] %MEM     TIME+ THREAD          PROCESS
 1467 u0_a113      10 -10  17G 757M 516M R 69.2  10.5   2:15.15 GameThread      com.ps2x.runner
 1446 u0_a113      10 -10  17G 757M 516M S 15.3  10.5   0:34.65 GsWorker        com.ps2x.runner
 1521 u0_a113      20   0  17G 757M 516M S  0.0  10.5   0:00.00 InteractionJank com.ps2x.runner
 1520 u0_a113      20   0  17G 757M 516M S  0.0  10.5   0:00.00 binder:1403_1   com.ps2x.runner
 1469 u0_a113      10 -10  17G 757M 516M S  0.0  10.5   0:00.23 PGS-Waiter      com.ps2x.runner
 1468 u0_a113      39  19  17G 757M 516M S  0.0  10.5   0:00.00 com.ps:traceq0  com.ps2x.runner
 1465 u0_a113      -3 -10  17G 757M 516M S  0.0  10.5   0:00.78 AAudio_1        com.ps2x.runner
 1452 u0_a113      10 -10  17G 757M 516M S  0.0  10.5   0:00.00 com.ps2x.runner com.ps2x.runner
 1451 u0_a113      20   0  17G 757M 516M S  0.0  10.5   0:00.00 InsetsAnimation com.ps2x.runner
 1450 u0_a113      20   0  17G 757M 516M S  0.0  10.5   0:00.10 binder:1403_4   com.ps2x.runner
 1449 u0_a113      20   0  17G 757M 516M S  0.0  10.5   0:00.00 SurfaceSyncGrou com.ps2x.runner
 1448 u0_a113      10 -10  17G 757M 516M S  0.0  10.5   0:00.00 VsyncReceiver   com.ps2x.runner
 1444 u0_a113      10 -10  17G 757M 516M S  0.0  10.5   0:00.38 com.ps2x.runner com.ps2x.runner
 1445 u0_a113      10 -10  17G 757M 516M S  0.0  10.5   0:00.00 com.ps2x.runner com.ps2x.runner
 1442 u0_a113      16  -4  17G 757M 516M S  0.0  10.5   0:00.00 RenderThread    com.ps2x.runner

[02:58:55 t+  215.3] BATTERY status: 5 level: 100
[02:58:57 t+  217.9] RESTORE a8d651a7e55f7e29f1345f28f4ea634e06ae757f535e29439ab61c930bcc0ebd match=True
[02:58:57 t+  218.1] MC0-AFTER bad=[]
[02:58:57 t+  218.1] END pid-after=none disconnects=0
