[04:15:48] PRE lease="LEASE_FREE F6 done" keyguard="showing=false" battery=100% ac=true pid0=none
[04:15:48] PRE device-env=a8d651a7e55f7e29f1345f28f4ea634e06ae757f535e29439ab61c930bcc0ebd mc0-test='' mc0-bad=[]
[04:15:48] LEASE claimed via odin_lease.sh: CLAIMED
[04:15:48] APK local sha x2 825b436dd2cfc9f3ee42e7ac06643623b9651df409892c6a3e25af27cc531254 825b436dd2cfc9f3ee42e7ac06643623b9651df409892c6a3e25af27cc531254
[04:15:52] INSTALL Performing Streamed Install Success
[04:15:52] INSTALLED /data/app/~~LQmhMjSiKkMeHxwZI3qOgw==/com.ps2x.runner-NOULhONJOhY1Wgzbf8stYQ==/base.apk sha=825b436dd2cfc9f3ee42e7ac06643623b9651df409892c6a3e25af27cc531254 match=True
[04:15:53] ENV 24c5d22acc49a88985d5951e15da18dfd534256824a1f88bc9a8ea307b9ac537  /storage/emulated/0/Android/data/com.ps2x.runner/files/ps2x.env
[04:15:53 t+    0.1] AM Starting: Intent { cmp=com.ps2x.runner/android.app.NativeActivity }
[04:15:59 t+    6.4] FOCUS app-foreground, no BACK ('mCurrentFocus=Window{4bd380b u0 com.ps2x.runner/android.app.NativeActivity}')
[04:16:01 t+    8.6] LAYER 'com.ps2x.runner/android.app.NativeActivity#21687' tried=['com.ps2x.runner/android.app.NativeActivity#21687']
[04:16:51 t+   58.5] SCAP sc01-tick2100-t57.png tick~2201
[04:17:25 t+   92.2] SCAP sc02-tick3000-t91.png tick~3101
[04:18:01 t+  127.8] SCAP sc03-tick4000-t127.png tick~4004
[04:18:20 t+  146.9] STOP tick 4604 >= 4500
[04:18:20 t+  147.5] SCAP sc04-final-t146.png tick~4604
[04:18:22 t+  149.0] THREADS
Threads: 29 total,   1 running,  28 sleeping,   0 stopped,   0 zombie
  Mem:  7342756K total,  4813372K used,  2529384K free,      584K buffers
 Swap: 10485752K total,   706084K used,  9779668K free,  2153452K cached
800%cpu 127%user   0%nice  35%sys 627%idle   0%iow   8%irq   4%sirq   0%host
  TID USER         PR  NI VIRT  RES  SHR S[%CPU] %MEM     TIME+ THREAD          PROCESS
15456 u0_a113      10 -10  17G 756M 515M R 57.6  10.5   1:17.45 MTVU            com.ps2x.runner
15446 u0_a113      10 -10  17G 756M 515M S 30.7  10.5   0:32.68 GameThread      com.ps2x.runner
15425 u0_a113      10 -10  17G 756M 515M S 23.0  10.5   0:30.55 GsWorker        com.ps2x.runner
15443 u0_a113      -3 -10  17G 756M 515M S  3.8  10.5   0:00.52 AAudio_1        com.ps2x.runner
15454 u0_a113      20   0  17G 756M 515M S  0.0  10.5   0:00.00 InteractionJank com.ps2x.runner
15453 u0_a113      20   0  17G 756M 515M S  0.0  10.5   0:00.00 binder:15404_4  com.ps2x.runner
15448 u0_a113      10 -10  17G 756M 515M S  0.0  10.5   0:00.24 PGS-Waiter      com.ps2x.runner
15447 u0_a113      39  19  17G 756M 515M S  0.0  10.5   0:00.00 com.ps:traceq0  com.ps2x.runner
15432 u0_a113      20   0  17G 756M 515M S  0.0  10.5   0:00.00 binder:15404_5  com.ps2x.runner
15431 u0_a113      20   0  17G 756M 515M S  0.0  10.5   0:00.10 binder:15404_4  com.ps2x.runner
15430 u0_a113      10 -10  17G 756M 515M S  0.0  10.5   0:00.00 com.ps2x.runner com.ps2x.runner
15429 u0_a113      20   0  17G 756M 515M S  0.0  10.5   0:00.00 InsetsAnimation com.ps2x.runner
15428 u0_a113      20   0  17G 756M 515M S  0.0  10.5   0:00.00 SurfaceSyncGrou com.ps2x.runner
15427 u0_a113      10 -10  17G 756M 515M S  0.0  10.5   0:00.00 VsyncReceiver   com.ps2x.runner
15424 u0_a113      10 -10  17G 756M 515M S  0.0  10.5   0:00.01 com.ps2x.runner com.ps2x.runner

[04:18:22 t+  149.0] BATTERY status: 5 level: 100
[04:18:25 t+  151.8] RESTORE a8d651a7e55f7e29f1345f28f4ea634e06ae757f535e29439ab61c930bcc0ebd match=True
[04:18:25 t+  152.0] MC0-AFTER bad=[]
[04:18:25 t+  152.1] END pid-after=none disconnects=0
