REF_CHECK:mean=0.0000 p99=0 max=0 npix=224000 mode=PPM
REFMENU_CHECK:mean=0.0000 p99=0 max=0 npix=1310720 mode=PPM
REFSC_CHECK:mean=0.0000 p99=0 max=0 npix=1310720 mode=PPM
REFZC_CHECK:mean=0.0000 p99=0 max=0 npix=1310720 mode=PPM
REFSP_CHECK:mean=0.0000 p99=0 max=0 npix=1310720 mode=PPM
REFSM_CHECK:mean=0.0000 p99=0 max=0 npix=1310720 mode=PPM
REFSE_CHECK:mean=0.0000 p99=0 max=0 npix=1310720 mode=PPM
REFSETAG_CHECK:mean=0.0000 p99=0 max=0 npix=10150 mode=PPM
REFMR_CHECK:mean=0.0000 p99=0 max=0 npix=1310720 mode=PPM
REFPP_CHECK:mean=0.0000 p99=0 max=0 npix=1310720 mode=PPM
SELF_TEST mean=0.0000 p99=0
SELF_WHOLE=0.0000
SELF_MENU mean=0.0000 p99=0
SELF_SC mean=0.0000 p99=0
SELF_ZC mean=0.0000 p99=0
SELF_SP mean=0.0000 p99=0
SELF_SM mean=0.0000 p99=0
SELF_SE mean=0.0000 p99=0
SELF_SETAG mean=0.0000 p99=0
SELF_MR mean=0.0000 p99=0
SELF_PP mean=0.0000 p99=0
START_SCORE mean=35.2358 p99=192 MENU_T+:98
ATTEMPT_1 BEGIN MENU_T+:98
ATTEMPT_1 now score mean=23.4864 p99=155
ATTEMPT_1 on attract (non-title) -> Cross attract-skip
A1_CROSS_KEYDOWN_WALL:1789976720.974724495 UPTIME:155 MENU_T+:98
A1_CROSS_HELD_WALL:1789976720.992519353 UPTIME:155
A1_CROSS_KEYUP_WALL:1789976721.509851600 UPTIME:155 MENU_T+:99
ATTEMPT_1 poll01 score mean=0.4311 p99=5 MENU_T+:102
ATTEMPT_1 TITLE-DETECTED at poll01
A1_START_KEYDOWN_WALL:1789976724.253722635 UPTIME:158 MENU_T+:102
A1_START_HELD_WALL:1789976724.272064745 UPTIME:158
A1_START_KEYUP_WALL:1789976724.788709973 UPTIME:159 MENU_T+:102
ATTEMPT_1 post+3 score mean=16.2542 p99=139 MENU_T+:106
ATTEMPT_1 post+8 score mean=16.2955 p99=139
ATTEMPT_1 post+15 score mean=16.2610 p99=139
ATTEMPT_1 post+25 score mean=16.2610 p99=139
ATTEMPT_1 whole815=0.0389 whole1525=0.0201
ATTEMPT_1 post25-vs-menu mean=0.3033 p99=5
ATTEMPT_1 MENU-LIKE (non-title + static) -> park for menu Cross
MENUPRE vs-menu mean=0.2872 p99=5 MENU_T+:140
MENUPRE vs-title mean=16.2610 p99=139
MENU_CROSS_KEYDOWN_WALL:1789976763.421843552 UPTIME:197 MENU_T+:141
MENU_CROSS_HELD_WALL:1789976763.441068157 UPTIME:197
MENU_CROSS_KEYUP_WALL:1789976763.958099155 UPTIME:198 MENU_T+:141
MC post+1 titleband mean=12.5486 p99=164 vs-menu mean=10.2190 p99=106 vs-sc mean=0.4998 p99=8 MENU_T+:145
MC post+3 titleband mean=12.5556 p99=164 vs-menu mean=10.2271 p99=107 vs-sc mean=0.5024 p99=8
MC post+8 titleband mean=12.5344 p99=164 vs-menu mean=10.2238 p99=105 vs-sc mean=0.5859 p99=8
MC post+15 titleband mean=12.5352 p99=164 vs-menu mean=10.2010 p99=105 vs-sc mean=0.4421 p99=7
MC hops whole: pre-post1=10.1236 p1-p3=0.1186 p3-p8=0.2455 p8-p15=0.2005
SC-LIKE (non-menu + static) -> park for Zoe Cross
SCPRE vs-sc mean=0.5093 p99=8 MENU_T+:179
SCPRE vs-menu mean=10.1810 p99=105
SCPRE vs-title mean=12.6287 p99=164
ZOE_CROSS_KEYDOWN_WALL:1789976803.403294421 UPTIME:237 MENU_T+:181
ZOE_CROSS_HELD_WALL:1789976803.422817287 UPTIME:237
ZOE_CROSS_KEYUP_WALL:1789976803.939980065 UPTIME:238 MENU_T+:181
ZC post+1 titleband mean=15.8868 p99=128 vs-sc mean=7.2195 p99=99 vs-zc mean=0.5174 p99=9 MENU_T+:185
ZC post+3 titleband mean=15.9274 p99=130 vs-sc mean=7.2935 p99=101 vs-zc mean=0.4702 p99=8
ZC post+8 titleband mean=15.8525 p99=128 vs-sc mean=7.1379 p99=100 vs-zc mean=0.4437 p99=7
ZC hops whole: pre-post1=7.1633 p1-p3=0.2883 p3-p8=0.2898
ZC-LIKE (departed + non-SC + static) -> park for Continue Cross
CCPRE vs-zc mean=0.4496 p99=8 MENU_T+:208
CCPRE vs-sc mean=7.2853 p99=100
CCPRE vs-title mean=15.8330 p99=128
CONT_CROSS_KEYDOWN_WALL:1789976832.102290398 UPTIME:266 MENU_T+:210
CONT_CROSS_HELD_WALL:1789976832.120472622 UPTIME:266
CONT_CROSS_KEYUP_WALL:1789976832.637256494 UPTIME:266 MENU_T+:210
SP post+1 titleband mean=23.1281 p99=171 vs-zc mean=9.4676 p99=154 vs-sp mean=0.3717 p99=6 MENU_T+:214
SP post+3 titleband mean=23.1279 p99=171 vs-zc mean=9.4718 p99=154 vs-sp mean=0.3838 p99=6
SP post+8 titleband mean=23.1290 p99=171 vs-zc mean=9.4545 p99=154 vs-sp mean=0.3563 p99=5
SP hops whole: pre-post1=9.3183 p1-p3=0.0516 p3-p8=0.0329
SP-LIKE (departed + non-ZC + static) -> park for Peak Cross
SPPRE vs-sp mean=0.4120 p99=6 MENU_T+:237
SPPRE vs-zc mean=9.5048 p99=154
SPPRE vs-title mean=23.1279 p99=171
PEAK_CROSS_KEYDOWN_WALL:1789976860.767208494 UPTIME:295 MENU_T+:238
PEAK_CROSS_HELD_WALL:1789976860.786042632 UPTIME:295
PEAK_CROSS_KEYUP_WALL:1789976861.303800536 UPTIME:295 MENU_T+:239
PC post+1 titleband mean=26.3170 p99=183 vs-sp mean=5.3616 p99=121 vs-sm mean=0.4022 p99=6 MENU_T+:242
PC post+3 titleband mean=26.3170 p99=183 vs-sp mean=5.3515 p99=121 vs-sm mean=0.3918 p99=6
PC post+8 titleband mean=26.3287 p99=183 vs-sp mean=5.3709 p99=121 vs-sm mean=0.4096 p99=6
PC hops whole: pre-post1=5.2217 p1-p3=0.0218 p3-p8=0.0343
SM-LIKE (departed + non-SP + static) -> park for Race Cross
SMPRE vs-sm mean=0.3921 p99=6 MENU_T+:265
SMPRE se-tag mean=14.3278 p99=89
SMPRE vs-sp mean=5.3518 p99=121
SMPRE vs-title mean=26.3170 p99=183
RACE_CROSS_KEYDOWN_WALL:1789976890.021028968 UPTIME:324 MENU_T+:268
RACE_CROSS_HELD_WALL:1789976890.040070796 UPTIME:324
RACE_CROSS_KEYUP_WALL:1789976890.558085611 UPTIME:324 MENU_T+:268
RC post+1 titleband mean=26.2104 p99=183 vs-sm mean=0.8074 p99=11 se-tag mean=2.6271 p99=11 MENU_T+:271
RC post+3 titleband mean=26.2141 p99=183 vs-sm mean=0.8084 p99=11 se-tag mean=2.6271 p99=11
RC post+8 titleband mean=26.2104 p99=183 vs-sm mean=0.8604 p99=14 se-tag mean=2.6271 p99=11 vs-sp mean=5.5009 p99=121 vs-se mean=0.4567 p99=6
RC hops whole: pre-post1=0.4564 p1-p3=0.0014 p3-p8=0.0593
SE-LIKE (static + non-SP + se-tag) -> park for SnowJam Cross
SEPRE se-tag mean=2.6271 p99=11 MENU_T+:295
SEPRE vs-se mean=0.4072 p99=6
SEPRE vs-sm mean=0.8115 p99=11
SEPRE vs-sp mean=5.4513 p99=121
SEPRE vs-title mean=26.2104 p99=183
SNOWJAM_CROSS_KEYDOWN_WALL:1789976921.112000671 UPTIME:355 MENU_T+:299
SNOWJAM_CROSS_HELD_WALL:1789976921.130575271 UPTIME:355
SNOWJAM_CROSS_KEYUP_WALL:1789976921.647926444 UPTIME:355 MENU_T+:299
SJ post+1 titleband mean=9.8531 p99=137 vs-se mean=10.6374 p99=143 vs-mr mean=0.4159 p99=7 MENU_T+:303
SJ post+3 titleband mean=9.8393 p99=137 vs-se mean=10.6373 p99=143 vs-mr mean=0.4033 p99=7
SJ post+8 titleband mean=9.8809 p99=137 vs-se mean=10.6810 p99=143 vs-mr mean=0.4521 p99=8
SJ hops whole: pre-post1=10.5517 p1-p3=0.0365 p3-p8=0.0763
MR-LIKE (departed + non-SE + static) -> park for Enter Cross
MRPRE vs-mr mean=0.3999 p99=7 MENU_T+:326
MRPRE vs-se mean=10.6337 p99=143
MRPRE vs-title mean=9.8393 p99=137
ENTER_CROSS_KEYDOWN_WALL:1789976949.772425688 UPTIME:384 MENU_T+:327
ENTER_CROSS_HELD_WALL:1789976949.790633495 UPTIME:384
ENTER_CROSS_KEYUP_WALL:1789976950.308404486 UPTIME:384 MENU_T+:328
MR post+1 titleband mean=17.2808 p99=168 vs-mr mean=12.4898 p99=148 vs-pp mean=21.0617 p99=169 MENU_T+:331
MR post+3 titleband mean=17.6442 p99=171 vs-mr mean=12.4784 p99=149 vs-pp mean=21.0314 p99=169
MR post+8 titleband mean=32.2813 p99=237 vs-mr mean=20.8568 p99=198 vs-pp mean=17.9343 p99=190
MR post+15 titleband mean=34.5012 p99=184 vs-mr mean=19.3489 p99=153 vs-pp mean=0.9275 p99=17
MR post+25 titleband mean=34.5062 p99=184 vs-mr mean=19.6765 p99=153 vs-pp mean=0.7009 p99=9
MR post+40 titleband mean=34.5009 p99=184 vs-mr mean=19.5191 p99=153 vs-pp mean=0.7357 p99=10
MR hops whole: pre-post1=12.4583 p1-p3=1.6340 p3-p8=25.4709 p8-p15=17.9800 p15-p25=0.3872 p25-p40=0.1901
MR_STAB1 titleband mean=34.4953 p99=184 vs-mr mean=19.6634 p99=153 vs-pp mean=0.6929 p99=9 MENU_T+:407
MR_STAB2 titleband mean=34.5063 p99=184 vs-mr mean=19.6210 p99=153 vs-pp mean=0.6658 p99=9 MENU_T+:420
MR panel hops whole: post40-stab1=0.1808 stab1-stab2=0.0765
PP-LIKE (departed + static x3 + non-MR) -> park for X-Continue Cross
PPPRE vs-pp mean=0.7376 p99=10 MENU_T+:431
PPPRE vs-mr mean=19.5233 p99=153
PPPRE vs-title mean=34.5011 p99=184
XCROSS_KEYDOWN_WALL:1789977054.847237421 UPTIME:489 MENU_T+:432
XCROSS_HELD_WALL:1789977054.867050738 UPTIME:489
XCROSS_KEYUP_WALL:1789977055.385333673 UPTIME:489 MENU_T+:433
X post+1 titleband mean=18.7168 p99=151 vs-pp mean=14.5648 p99=153 MENU_T+:436
X post+3 titleband mean=21.6147 p99=145 vs-pp mean=15.6642 p99=139
X post+8 titleband mean=12.0156 p99=121 vs-pp mean=21.3282 p99=166
X post+15 titleband mean=16.1966 p99=144 vs-pp mean=24.6185 p99=182
X post+25 titleband mean=11.8442 p99=127 vs-pp mean=22.9716 p99=173
X post+40 titleband mean=11.4132 p99=115 vs-pp mean=16.3774 p99=145
X hops whole: pre-post1=14.4414 p1-p3=14.0666 p3-p8=14.1580 p8-p15=9.6527 p15-p25=8.2685 p25-p40=12.2252
LIVE-LIKE (departed + non-panel + motion x2) -> pre-nudge snap + ONE steering nudge
NPRE vs-pp mean=17.3794 p99=134 MENU_T+:500
NPRE vs-title mean=19.0180 p99=111
NUDGE_LEFT_KEYDOWN_WALL:1789977122.820885527 UPTIME:557 MENU_T+:500
NUDGE_LEFT_HELD_WALL:1789977122.841175719 UPTIME:557
NUDGE_LEFT_KEYUP_WALL:1789977123.159512139 UPTIME:557 MENU_T+:501
N post+1 titleband mean=34.4177 p99=167 vs-pp mean=15.2364 p99=154 MENU_T+:503
N post+3 titleband mean=21.1286 p99=126 vs-pp mean=16.0644 p99=173
N post+8 titleband mean=29.6838 p99=136 vs-pp mean=12.7184 p99=124
N post+15 titleband mean=19.4451 p99=135 vs-pp mean=15.6330 p99=140
N post+25 titleband mean=13.7361 p99=98 vs-pp mean=21.6042 p99=187
N post+40 titleband mean=16.1298 p99=136 vs-pp mean=16.4537 p99=156
N hops whole: pre-post1=14.2111 p1-p3=13.3862 p3-p8=11.0586 p8-p15=9.7593 p15-p25=12.4359 p25-p40=13.2286
