PREFLIGHT device=device lease='LEASE_FREE N8C1 done' keyguard=false battery=100% status=5
LEASE claimed=N8C2 one-launch
INSTALL Performing Streamed Install | Success
HASH installed_apk 86ee7b723979c6727f03aaeaa031e9bd6dd3481a640af3b1eb06fd41e6fc7640 86ee7b723979c6727f03aaeaa031e9bd6dd3481a640af3b1eb06fd41e6fc7640
HASH elf 1b49d05ca2793922180851b9e1ce9ae2291d61a7863565ac4e71f12e967af7bc 1b49d05ca2793922180851b9e1ce9ae2291d61a7863565ac4e71f12e967af7bc
HASH iso 3c2f8eb182c9c6208a6e8172a41e61c98f420abe3f42c845f6829aeb9761ebf5 3c2f8eb182c9c6208a6e8172a41e61c98f420abe3f42c845f6829aeb9761ebf5
CARD mc0 entries=''
ENV sha=d2ab46b4c725b2a7ecca2c50ac26b9184d0b10f8d4d62629afde6a9c038404a5
PREFLIGHT device=device lease='N8C2 one-launch' keyguard=false battery=100% status=5
LAUNCH Starting: Intent { cmp=com.ps2x.runner/android.app.NativeActivity }
PID 13597
PROGRESS t=6.2 tick=181
BACK sent for USB dialog
PROGRESS t=10.4 tick=322
LAYER com.ps2x.runner/android.app.NativeActivity#8912
PROGRESS t=16.6 tick=474
PROGRESS t=20.8 tick=631
PROGRESS t=27.0 tick=809
IMAGE menu-tick809.png 213336f44f7acf95a4ebe7fc864dce4671881a63eb45a73caedb2479c6b13f7a bytes=123425
PROGRESS t=31.4 tick=863
PROGRESS t=35.5 tick=950
PROGRESS t=41.7 tick=1063
PROGRESS t=45.8 tick=1261
PROGRESS t=52.0 tick=1463
PROGRESS t=56.1 tick=1586
PROGRESS t=62.3 tick=1628
PROGRESS t=66.5 tick=1661
PROGRESS t=70.6 tick=1693
PROGRESS t=76.8 tick=1729
PROGRESS t=80.9 tick=1767
PROGRESS t=87.1 tick=1805
PROGRESS t=91.2 tick=1844
IMAGE race1-tick1844.png cad5e4b9da31f5a54669b919c200049ff185da4f0f8671fa85718fe03bf8fd35 bytes=89160
PROGRESS t=95.6 tick=1884
PROGRESS t=101.8 tick=1924
PROGRESS t=105.9 tick=1965
PROGRESS t=112.1 tick=2006
PROGRESS t=116.2 tick=2047
PROGRESS t=122.4 tick=2087
IMAGE race2-tick2087.png 953b40a0f22ba1a906e4bbbbb14865e62182b0f5fa88d8635145335dfe8aa356 bytes=55328
STOP race target tick>=2050
FINAL tick=2087
CLEANUP pid-after=none
CLEANUP lease=LEASE_FREE N8C2 done
