[20:22:56] PRE lease="N10 2026-09-25T03:25Z L2-prep" keyguard="showing=false" battery=84% status=3 ac=true mc0=''
[20:22:56] ENV 13989f057caaf828ed938003e5ccfee75f4b510b0d552efaeb568ea1ef6d3c70  /storage/emulated/0/Android/data/com.ps2x.runner/files/ps2x.env
[20:22:57 t+    0.0] AM Starting: Intent { cmp=com.ps2x.runner/android.app.NativeActivity }
[20:23:03 t+    6.2] BACK sent
[20:23:05 t+    8.3] LAYER 'com.ps2x.runner/android.app.NativeActivity#13287' tried=['com.ps2x.runner/android.app.NativeActivity#13287']
[20:25:12 t+  135.8] SCAP sc01-tick2100-t135.png tick~2105
[20:27:40 t+  283.4] SCAP sc02-tick3000-t283.png tick~3028
[20:30:09 t+  433.0] SCAP sc03-tick4000-t432.png tick~4007
[20:31:25 t+  508.5] STOP tick 4528 >= 4500
[20:31:25 t+  508.8] SCAP sc04-final-t508.png tick~4528
[20:31:27 t+  510.1] THREADS
Threads: 26 total,   1 running,  25 sleeping,   0 stopped,   0 zombie
  Mem:  7342756K total,  3911952K used,  3430804K free,      668K buffers
 Swap: 10485752K total,   747260K used,  9738492K free,  1286724K cached
800%cpu 100%user   0%nice  31%sys 665%idle   0%iow   4%irq   0%sirq   0%host
  TID USER         PR  NI VIRT  RES  SHR S[%CPU] %MEM     TIME+ THREAD          PROCESS
26765 u0_a113      10 -10  17G 604M 364M R 84.6   8.4   7:16.11 GameThread      com.ps2x.runner
26752 u0_a113      10 -10  17G 604M 364M S 26.9   8.4   2:34.46 GsWorker        com.ps2x.runner
26750 u0_a113      10 -10  17G 604M 364M S  3.8   8.4   0:27.15 com.ps2x.runner com.ps2x.runner
26777 u0_a113      20   0  17G 604M 364M S  0.0   8.4   0:00.00 binder:26732_4  com.ps2x.runner
26774 u0_a113      20   0  17G 604M 364M S  0.0   8.4   0:00.00 InteractionJank com.ps2x.runner
26773 u0_a113      20   0  17G 604M 364M S  0.0   8.4   0:00.31 binder:26732_1  com.ps2x.runner
26767 u0_a113      10 -10  17G 604M 364M S  0.0   8.4   0:00.29 PGS-Waiter      com.ps2x.runner
26766 u0_a113      39  19  17G 604M 364M S  0.0   8.4   0:00.00 com.ps:traceq0  com.ps2x.runner
26764 u0_a113      -3 -10  17G 604M 364M S  0.0   8.4   0:00.95 AAudio_1        com.ps2x.runner
26758 u0_a113      10 -10  17G 604M 364M S  0.0   8.4   0:00.00 com.ps2x.runner com.ps2x.runner
26756 u0_a113      20   0  17G 604M 364M S  0.0   8.4   0:00.00 InsetsAnimation com.ps2x.runner
26755 u0_a113      20   0  17G 604M 364M S  0.0   8.4   0:00.00 SurfaceSyncGrou com.ps2x.runner
26754 u0_a113      10 -10  17G 604M 364M S  0.0   8.4   0:00.00 VsyncReceiver   com.ps2x.runner
26751 u0_a113      10 -10  17G 604M 364M S  0.0   8.4   0:00.00 com.ps2x.runner com.ps2x.runner
26747 u0_a113      16  -4  17G 604M 364M S  0.0   8.4   0:00.00 RenderThread    com.ps2x.runner

[20:31:27 t+  510.2] BATTERY status: 3 level: 81
[20:31:29 t+  512.5] RESTORE 176eff84eaf8e4f55800362f4827744b5f777ca0e3cbd623d271d4cd97cef32d  /storage/emulated/0/Android/data/com.ps2x.runner/files/ps2x.env
[20:31:29 t+  512.5] END pid-after=none
