start Tue Sep 22 21:16:54 EDT 2026 free=27Gi
deleted: ps2x-p8
deleted: q2-recomp-scan
deleted: tmp-evacuated-0918
deleted: ps2x-i2-desktop
deleted: q3-siblings
deleted: fork-survey
deleted: pcsx2-ref
deleted: m16
deleted: ps2x-ios-spike-attempt1
deleted: parallel-gs-g27-hwasan-build
deleted: parallel-gs-g15-hwasan-build
deleted: parallel-gs-g16-asan-build
deleted: parallel-gs-g41-android-build
deleted: parallel-gs-g40-android-build
deleted: parallel-gs-g37-android-build
deleted: parallel-gs-g36-android-build
deleted: parallel-gs-g35-android-build
deleted: parallel-gs-g34-android-build
deleted: parallel-gs-g33-android-build
deleted: parallel-gs-g32-android-build
deleted: parallel-gs-g31-android-build
deleted: parallel-gs-g30-android-build
deleted: parallel-gs-g29-android-build
deleted: parallel-gs-g28-android-build
deleted: parallel-gs-g26-android-build
deleted: parallel-gs-g24-android-build
deleted: parallel-gs-g22-android-build
deleted: parallel-gs-g20-android-build
deleted: parallel-gs-g18-android-build
deleted: parallel-gs-g14-android-build
deleted: parallel-gs-g40-mac-build
deleted: parallel-gs-g38-mac-build
deleted: parallel-gs-g7-build
deleted: parallel-gs-g41-mac-build
deleted: ps2x-ios-spike-attempt3
deleted: ps2x-i2-ios-b
deleted: ssxdecomp-ssx3
deleted: dobiestation-q4
deleted: ps2x-i2-ios-a
deleted: m11
deleted: m5
deleted: m10
deleted: m7
deleted: m6
deleted: m9
deleted: m14
deleted: m8
deleted: m13
deleted: m12
deleted: ps2x-p1y
deleted: android-spike/core-build
deleted: android-spike/core-egl-build
deleted: android-spike/core-egl-d5-build
deleted: android-spike/core-egl-d8-build
deleted: android-spike/core-egl-lse-build
deleted: android-spike/core-egl-plain
deleted: android-spike/core-vk-build
deleted: android-spike/core-vk-build.log
deleted: android-spike/module-build
deleted (share size match 528683584): ps2x-t4/emulog-boot3.txt
deleted (share size match 125924723): ps2x-t4/emulog-pre-t17-20260920T151753Z.txt
deleted (share size match 117669919): ps2x-t4/emulog-pre-t17auto-20260920T152548Z.txt
deleted (share size match 535682684): ps2x-t4/emulog-pre-t17b-20260920T153248Z.txt
deleted (share size match 223035641): ps2x-t4/emulog-pre-t17c-20260920T153703Z.txt
deleted (share size match 2482598052): ps2x-t4/emulog-pre-t27-20260920T223824Z.txt
deleted (share size match 1706068225): ps2x-t4/emulog-pre-t33-20260921T054304Z.txt
deleted (share size match 1103446016): ps2x-t4/emulog-pre-t40-20260921T123238Z.txt
deleted (share size match 1914391860): ps2x-t4/emulog-pre-t41-20260921T135533Z.txt
deleted (share size match 1913796712): ps2x-t4/emulog-pre-t41-20260921T140920Z.txt
deleted (share size match 1435642909): ps2x-t4/emulog-pre-t41-20260921T141832Z.txt
deleted (share size match 51452686): ps2x-t4/emulog-pre-t42-20260921T180807Z.txt
deleted (share size match 1914581176): ps2x-t4/emulog-pre-t42-20260921T181729Z.txt
deleted (share size match 1903602192): ps2x-t4/emulog-pre-t42-20260921T182901Z.txt
deleted (share size match 991575587): ps2x-t4/emulog-r1a.txt
deleted (share size match 528190303): ps2x-t4/emulog-r1b.txt
deleted (share size match 540313630): ps2x-t4/emulog-t17c.txt
deleted (share size match 555405357): ps2x-t4/emulog-t19.txt
deleted (share size match 567984708): ps2x-t4/emulog-t21.txt
deleted (share size match 589666091): ps2x-t4/emulog-t23.txt
deleted (share size match 949510490): ps2x-t4/emulog-t25nvm.txt
deleted (share size match 1194941663): ps2x-t4/emulog-t27r1.txt
deleted (share size match 1516867318): ps2x-t4/emulog-t27r2.txt
deleted (share size match 1213776079): ps2x-t4/emulog-t27r3.txt
deleted (share size match 1585843957): ps2x-t4/emulog-t28r1.txt
deleted (share size match 1819248014): ps2x-t4/emulog-t29r1.txt
deleted (share size match 1966668019): ps2x-t4/emulog-t30r1.txt
deleted (share size match 2112217704): ps2x-t4/emulog-t31r1.txt
deleted (share size match 2259205200): ps2x-t4/emulog-t32r1.txt
deleted (share size match 2403143826): ps2x-t4/emulog-t33r2.txt
deleted (share size match 2526769871): ps2x-t4/emulog-t34r1.txt
deleted (share size match 2919779317): ps2x-t4/emulog-t35r1.txt
deleted (share size match 2885188969): ps2x-t4/emulog-t36r1.txt
deleted (share size match 2907114770): ps2x-t4/emulog-t37r1.txt
deleted (share size match 2903385415): ps2x-t4/emulog-t38r1.txt
deleted (share size match 2898445035): ps2x-t4/emulog-t39r1.txt
deleted (share size match 2782052936): ps2x-t4/emulog-t40r2.txt
deleted (share size match 2745300674): ps2x-t4/emulog-t41r4.txt
deleted (share size match 2751948037): ps2x-t4/emulog-t42r3.txt
deleted (share size match 2789610604): ps2x-t4/emulog-t43r1.txt
end Tue Sep 22 21:18:46 EDT 2026 free=369Gi
