start Tue Sep 22 21:30:49 EDT 2026 free=369Gi
deleted: ps2x-i10
deleted: ps2x-i11
deleted: ps2x-i12
deleted: ps2x-i13
deleted: ps2x-i14
deleted: ps2x-i15
deleted: ps2x-i16
deleted: ps2x-i17
deleted: ps2x-i18
deleted: ps2x-i19
deleted: ps2x-i20
deleted: ps2x-i21
deleted: ps2x-i22
deleted: ps2x-i23
deleted: ps2x-i24
deleted: ps2x-i3
deleted: ps2x-i4
deleted: ps2x-i5
deleted: ps2x-i6
deleted: ps2x-i7
deleted: ps2x-i8
deleted: ps2x-i9
Removing worktrees/fork-wt: gitdir file points to non-existent location
Removing worktrees/fork-wt1: gitdir file points to non-existent location
Removing worktrees/fork-wt2: gitdir file points to non-existent location
Removing worktrees/fork-wt3: gitdir file points to non-existent location
Removing worktrees/fork-wt4: gitdir file points to non-existent location
Removing worktrees/fork-wt5: gitdir file points to non-existent location
Removing worktrees/fork-wt6: gitdir file points to non-existent location
Removing worktrees/fork-wt7: gitdir file points to non-existent location
Removing worktrees/fork-wt8: gitdir file points to non-existent location
Removing worktrees/fork-wt9: gitdir file points to non-existent location
Removing worktrees/fork-wt10: gitdir file points to non-existent location
Removing worktrees/fork-wt11: gitdir file points to non-existent location
Removing worktrees/fork-wt12: gitdir file points to non-existent location
Removing worktrees/fork-wt13: gitdir file points to non-existent location
Removing worktrees/fork-wt14: gitdir file points to non-existent location
end Tue Sep 22 21:32:36 EDT 2026 free=610Gi
