REF_CHECK:mean=0.0000 p99=0 max=0 npix=224000 mode=PPM
REFMENU_CHECK:mean=0.0000 p99=0 max=0 npix=1310720 mode=PPM
REFSC_CHECK:mean=0.0000 p99=0 max=0 npix=1310720 mode=PPM
REFZC_CHECK:mean=0.0000 p99=0 max=0 npix=1310720 mode=PPM
REFSP_CHECK:mean=0.0000 p99=0 max=0 npix=1310720 mode=PPM
REFSM_CHECK:mean=0.0000 p99=0 max=0 npix=1310720 mode=PPM
REFSE_CHECK:mean=0.0000 p99=0 max=0 npix=1310720 mode=PPM
REFSETAG_CHECK:mean=0.0000 p99=0 max=0 npix=10150 mode=PPM
REFMR_CHECK:mean=0.0000 p99=0 max=0 npix=1310720 mode=PPM
REFPP_CHECK:mean=0.0000 p99=0 max=0 npix=1310720 mode=PPM
SELF_TEST mean=0.0000 p99=0
SELF_WHOLE=0.0000
SELF_MENU mean=0.0000 p99=0
SELF_SC mean=0.0000 p99=0
SELF_ZC mean=0.0000 p99=0
SELF_SP mean=0.0000 p99=0
SELF_SM mean=0.0000 p99=0
SELF_SE mean=0.0000 p99=0
SELF_SETAG mean=0.0000 p99=0
SELF_MR mean=0.0000 p99=0
SELF_PP mean=0.0000 p99=0
START_SCORE mean=27.8169 p99=159 MENU_T+:97
ATTEMPT_1 BEGIN MENU_T+:97
ATTEMPT_1 now score mean=16.9877 p99=134
ATTEMPT_1 on attract (non-title) -> Cross attract-skip
A1_CROSS_KEYDOWN_WALL:1789980291.442200124 UPTIME:137 MENU_T+:98
A1_CROSS_HELD_WALL:1789980291.460407504 UPTIME:137
A1_CROSS_KEYUP_WALL:1789980291.977272086 UPTIME:137 MENU_T+:98
ATTEMPT_1 poll01 score mean=0.4337 p99=6 MENU_T+:101
ATTEMPT_1 TITLE-DETECTED at poll01
A1_START_KEYDOWN_WALL:1789980294.710950358 UPTIME:140 MENU_T+:101
A1_START_HELD_WALL:1789980294.730335338 UPTIME:140
A1_START_KEYUP_WALL:1789980295.247620729 UPTIME:140 MENU_T+:102
ATTEMPT_1 post+3 score mean=16.2553 p99=139 MENU_T+:105
ATTEMPT_1 post+8 score mean=16.2955 p99=139
ATTEMPT_1 post+15 score mean=16.2610 p99=139
ATTEMPT_1 post+25 score mean=16.2610 p99=139
ATTEMPT_1 whole815=0.0389 whole1525=0.0268
ATTEMPT_1 post25-vs-menu mean=0.3103 p99=5
ATTEMPT_1 MENU-LIKE (non-title + static) -> park for menu Cross
MENUPRE vs-menu mean=0.2873 p99=5 MENU_T+:140
MENUPRE vs-title mean=16.2610 p99=139
MENU_CROSS_KEYDOWN_WALL:1789980333.815940822 UPTIME:179 MENU_T+:140
MENU_CROSS_HELD_WALL:1789980333.834558690 UPTIME:179
MENU_CROSS_KEYUP_WALL:1789980334.352563817 UPTIME:180 MENU_T+:141
MC post+1 titleband mean=12.5585 p99=164 vs-menu mean=10.2108 p99=105 vs-sc mean=0.4285 p99=7 MENU_T+:145
MC post+3 titleband mean=12.5627 p99=164 vs-menu mean=10.2309 p99=107 vs-sc mean=0.4539 p99=7
MC post+8 titleband mean=12.5352 p99=164 vs-menu mean=10.2092 p99=105 vs-sc mean=0.6007 p99=9
MC post+15 titleband mean=12.5352 p99=164 vs-menu mean=10.1961 p99=105 vs-sc mean=0.4249 p99=7
MC hops whole: pre-post1=10.1156 p1-p3=0.1046 p3-p8=0.2955 p8-p15=0.2223
SC-LIKE (non-menu + static) -> park for Zoe Cross
SCPRE vs-sc mean=0.5899 p99=9 MENU_T+:179
SCPRE vs-menu mean=10.1941 p99=105
SCPRE vs-title mean=12.6596 p99=164
ZOE_CROSS_KEYDOWN_WALL:1789980373.783078383 UPTIME:219 MENU_T+:180
ZOE_CROSS_HELD_WALL:1789980373.801290716 UPTIME:219
ZOE_CROSS_KEYUP_WALL:1789980374.318551797 UPTIME:219 MENU_T+:181
ZC post+1 titleband mean=15.9314 p99=128 vs-sc mean=7.2280 p99=100 vs-zc mean=0.5225 p99=9 MENU_T+:184
ZC post+3 titleband mean=15.8447 p99=128 vs-sc mean=7.2915 p99=100 vs-zc mean=0.4682 p99=8
ZC post+8 titleband mean=15.8525 p99=128 vs-sc mean=7.1515 p99=100 vs-zc mean=0.4708 p99=8
ZC hops whole: pre-post1=7.2323 p1-p3=0.2966 p3-p8=0.2862
ZC-LIKE (departed + non-SC + static) -> park for Continue Cross
CCPRE vs-zc mean=0.4437 p99=8 MENU_T+:207
CCPRE vs-sc mean=7.2795 p99=100
CCPRE vs-title mean=15.8017 p99=128
CONT_CROSS_KEYDOWN_WALL:1789980402.491855004 UPTIME:248 MENU_T+:209
CONT_CROSS_HELD_WALL:1789980402.510275196 UPTIME:248
CONT_CROSS_KEYUP_WALL:1789980403.027879882 UPTIME:248 MENU_T+:210
SP post+1 titleband mean=23.1278 p99=171 vs-zc mean=9.4704 p99=154 vs-sp mean=0.3744 p99=6 MENU_T+:213
SP post+3 titleband mean=23.1275 p99=171 vs-zc mean=9.4677 p99=154 vs-sp mean=0.3733 p99=6
SP post+8 titleband mean=23.1291 p99=171 vs-zc mean=9.4545 p99=154 vs-sp mean=0.3563 p99=5
SP hops whole: pre-post1=9.3215 p1-p3=0.0425 p3-p8=0.0208
SP-LIKE (departed + non-ZC + static) -> park for Peak Cross
SPPRE vs-sp mean=0.3932 p99=6 MENU_T+:236
SPPRE vs-zc mean=9.4617 p99=154
SPPRE vs-title mean=23.1279 p99=171
PEAK_CROSS_KEYDOWN_WALL:1789980431.338465153 UPTIME:276 MENU_T+:238
PEAK_CROSS_HELD_WALL:1789980431.357564679 UPTIME:277
PEAK_CROSS_KEYUP_WALL:1789980431.874901842 UPTIME:277 MENU_T+:238
PC post+1 titleband mean=26.3170 p99=183 vs-sp mean=5.3577 p99=121 vs-sm mean=0.3938 p99=6 MENU_T+:242
PC post+3 titleband mean=26.3170 p99=183 vs-sp mean=5.3490 p99=121 vs-sm mean=0.3894 p99=6
PC post+8 titleband mean=26.3066 p99=183 vs-sp mean=5.3650 p99=121 vs-sm mean=0.4054 p99=6
PC hops whole: pre-post1=5.2035 p1-p3=0.0153 p3-p8=0.0239
SM-LIKE (departed + non-SP + static) -> park for Race Cross
SMPRE vs-sm mean=0.3909 p99=6 MENU_T+:265
SMPRE se-tag mean=14.3325 p99=89
SMPRE vs-sp mean=5.3505 p99=121
SMPRE vs-title mean=26.3170 p99=183
RACE_CROSS_KEYDOWN_WALL:1789980460.606356541 UPTIME:306 MENU_T+:267
RACE_CROSS_HELD_WALL:1789980460.624421749 UPTIME:306
RACE_CROSS_KEYUP_WALL:1789980461.141332159 UPTIME:306 MENU_T+:268
RC post+1 titleband mean=26.2104 p99=183 vs-sm mean=0.8083 p99=11 se-tag mean=2.6271 p99=11 MENU_T+:271
RC post+3 titleband mean=26.2118 p99=183 vs-sm mean=0.8071 p99=11 se-tag mean=2.6271 p99=11
RC post+8 titleband mean=26.2104 p99=183 vs-sm mean=0.8750 p99=15 se-tag mean=2.6271 p99=11 vs-sp mean=5.5156 p99=121 vs-se mean=0.4425 p99=6
RC hops whole: pre-post1=0.4563 p1-p3=0.0017 p3-p8=0.0747
SE-LIKE (static + non-SP + se-tag) -> park for SnowJam Cross
SEPRE se-tag mean=2.6292 p99=11 MENU_T+:295
SEPRE vs-se mean=0.4075 p99=6
SEPRE vs-sm mean=0.8117 p99=11
SEPRE vs-sp mean=5.4515 p99=121
SEPRE vs-title mean=26.2104 p99=183
SNOWJAM_CROSS_KEYDOWN_WALL:1789980491.714472842 UPTIME:337 MENU_T+:298
SNOWJAM_CROSS_HELD_WALL:1789980491.733418001 UPTIME:337
SNOWJAM_CROSS_KEYUP_WALL:1789980492.250957965 UPTIME:337 MENU_T+:299
SJ post+1 titleband mean=9.8445 p99=136 vs-se mean=10.6666 p99=143 vs-mr mean=0.4365 p99=7 MENU_T+:302
SJ post+3 titleband mean=9.8393 p99=137 vs-se mean=10.6346 p99=143 vs-mr mean=0.4088 p99=7
SJ post+8 titleband mean=9.8197 p99=137 vs-se mean=10.6936 p99=143 vs-mr mean=0.4591 p99=8
SJ hops whole: pre-post1=10.5814 p1-p3=0.0639 p3-p8=0.0881
MR-LIKE (departed + non-SE + static) -> park for Enter Cross
MRPRE vs-mr mean=0.3989 p99=7 MENU_T+:325
MRPRE vs-se mean=10.6324 p99=143
MRPRE vs-title mean=9.8393 p99=137
ENTER_CROSS_KEYDOWN_WALL:1789980520.361588719 UPTIME:366 MENU_T+:327
ENTER_CROSS_HELD_WALL:1789980520.380553619 UPTIME:366
ENTER_CROSS_KEYUP_WALL:1789980520.897422476 UPTIME:366 MENU_T+:327
MR post+1 titleband mean=17.6707 p99=170 vs-mr mean=12.6253 p99=150 vs-pp mean=21.0600 p99=169 MENU_T+:331
MR post+3 titleband mean=18.2402 p99=170 vs-mr mean=12.8081 p99=151 vs-pp mean=21.0725 p99=169
MR post+8 titleband mean=27.9076 p99=237 vs-mr mean=20.1910 p99=199 vs-pp mean=19.3532 p99=190
MR post+15 titleband mean=34.5302 p99=184 vs-mr mean=19.5072 p99=153 vs-pp mean=0.7962 p99=10
MR post+25 titleband mean=34.5355 p99=184 vs-mr mean=19.6907 p99=153 vs-pp mean=0.7227 p99=10
MR post+40 titleband mean=34.5354 p99=184 vs-mr mean=19.5774 p99=153 vs-pp mean=0.7169 p99=10
MR hops whole: pre-post1=12.5920 p1-p3=1.8823 p3-p8=25.3491 p8-p15=19.2207 p15-p25=0.2196 p25-p40=0.1368
MR_STAB1 titleband mean=34.5356 p99=184 vs-mr mean=19.4672 p99=153 vs-pp mean=0.8390 p99=12 MENU_T+:407
MR_STAB2 titleband mean=34.5270 p99=184 vs-mr mean=19.4327 p99=153 vs-pp mean=0.8680 p99=13 MENU_T+:420
MR panel hops whole: post40-stab1=0.1459 stab1-stab2=0.0500
PP-LIKE (departed + static x3 + non-MR) -> park for X-Continue Cross
PPPRE vs-pp mean=1.0008 p99=19 MENU_T+:430
PPPRE vs-mr mean=19.3302 p99=153
PPPRE vs-title mean=34.5353 p99=184
XCROSS_KEYDOWN_WALL:1789980625.532114424 UPTIME:471 MENU_T+:432
XCROSS_HELD_WALL:1789980625.551201900 UPTIME:471
XCROSS_KEYUP_WALL:1789980626.070765935 UPTIME:471 MENU_T+:433
X post+1 titleband mean=18.7400 p99=149 vs-pp mean=14.6168 p99=153 MENU_T+:435
X post+3 titleband mean=21.5831 p99=139 vs-pp mean=16.4284 p99=147
X post+8 titleband mean=13.1707 p99=122 vs-pp mean=21.0905 p99=165
X post+15 titleband mean=15.1601 p99=136 vs-pp mean=25.6502 p99=185
X post+25 titleband mean=17.4452 p99=137 vs-pp mean=15.9814 p99=147
X post+40 titleband mean=27.1376 p99=132 vs-pp mean=15.5820 p99=149
X hops whole: pre-post1=14.4946 p1-p3=13.8760 p3-p8=13.7395 p8-p15=9.9123 p15-p25=20.2312 p25-p40=12.3656
LIVE-LIKE (departed + non-panel + motion x2) -> pre-nudge snap + ONE steering nudge
NPRE1 vs-pp mean=12.3757 p99=129 MENU_T+:500
NPRE1 vs-title mean=23.4132 p99=197
NPRE2 vs-pp mean=16.4212 p99=129 MENU_T+:504
NPRE2 vs-title mean=14.6070 p99=100
NUDGE_LEFT_KEYDOWN_WALL:1789980698.085148914 UPTIME:543 MENU_T+:505
NUDGE_LEFT_HELD_WALL:1789980698.104715366 UPTIME:543
NUDGE_LEFT_KEYUP_WALL:1789980698.423350756 UPTIME:544 MENU_T+:505
D post+1 titleband mean=18.9655 p99=115 vs-pp mean=15.2608 p99=141 MENU_T+:508
D post+2 titleband mean=10.5287 p99=110 vs-pp mean=21.3322 p99=162
D post+3 titleband mean=26.2996 p99=155 vs-pp mean=16.1010 p99=159
D post+4 titleband mean=17.8326 p99=153 vs-pp mean=19.8616 p99=159
D post+5 titleband mean=14.4953 p99=99 vs-pp mean=20.9976 p99=182
D post+6 titleband mean=26.5287 p99=182 vs-pp mean=13.8965 p99=150
D post+7 titleband mean=17.0654 p99=136 vs-pp mean=19.5375 p99=162
D post+8 titleband mean=11.5547 p99=144 vs-pp mean=25.4978 p99=171
D post+9 titleband mean=12.4325 p99=146 vs-pp mean=24.2043 p99=182
D post+10 titleband mean=13.6091 p99=129 vs-pp mean=18.3834 p99=146
D hops whole: pre1-pre2=13.9553 pre2-d1=8.4573 d1-d2=13.3523 d2-d3=17.8713 d3-d4=10.8001 d4-d5=10.1075 d5-d6=14.6603 d6-d7=16.1339 d7-d8=10.8549 d8-d9=8.5254 d9-d10=9.7863
