PREFLIGHT device=device lease='LEASE_FREE N8D2 done' keyguard=false battery=100% status=5
LEASE claimed=N8D3 one-launch
INSTALL Performing Streamed Install | Success
HASH installed_apk 3970011d360b86a3f93f170df11e5964e2b467f01e7351c2cd1610b615b885be 3970011d360b86a3f93f170df11e5964e2b467f01e7351c2cd1610b615b885be
HASH elf 1b49d05ca2793922180851b9e1ce9ae2291d61a7863565ac4e71f12e967af7bc 1b49d05ca2793922180851b9e1ce9ae2291d61a7863565ac4e71f12e967af7bc
HASH iso 3c2f8eb182c9c6208a6e8172a41e61c98f420abe3f42c845f6829aeb9761ebf5 3c2f8eb182c9c6208a6e8172a41e61c98f420abe3f42c845f6829aeb9761ebf5
CARD mc0 entries=''
FRAME_DIR empty=/storage/emulated/0/Android/data/com.ps2x.runner/files/n8d3-frames
ENV sha=9a0fcdfe74dc693f55dd92a2570b26271bb7781761ce42ef1bd62efe650f20f5
PREFLIGHT device=device lease='N8D3 one-launch' keyguard=false battery=100% status=5
LAUNCH Starting: Intent { cmp=com.ps2x.runner/android.app.NativeActivity }
PID 28744
PROGRESS t=5.3 tick=189
BACK sent for USB dialog
PROGRESS t=10.7 tick=349
PROGRESS t=16.0 tick=501
PROGRESS t=21.3 tick=657
PROGRESS t=25.4 tick=817
PROGRESS t=30.7 tick=872
PROGRESS t=36.0 tick=960
PROGRESS t=41.2 tick=1096
PROGRESS t=45.4 tick=1297
PROGRESS t=50.7 tick=1484
PROGRESS t=56.0 tick=1606
PROGRESS t=61.2 tick=1632
PROGRESS t=65.4 tick=1664
PROGRESS t=70.7 tick=1698
PROGRESS t=76.0 tick=1734
PROGRESS t=81.3 tick=1772
PROGRESS t=85.5 tick=1810
PROGRESS t=90.8 tick=1849
PROGRESS t=96.0 tick=1889
PROGRESS t=101.3 tick=1929
PROGRESS t=105.5 tick=1970
PROGRESS t=110.8 tick=2011
PROGRESS t=116.1 tick=2052
TRIGGER frame-dump seq=0 host_tick=2050 latest_guest_tick=2052 t=116.1
STOP frontend dump at host_tick=2050
FINAL tick=2052
POSTRUN pid-after=none
FRAME_DIR names=n8d3-packed.bin,n8d3-raw.bin,n8d3-stage.txt,upload-0.png,upload-0.txt,upload-latest.png,upload-latest.txt
FRAME upload-0.png seq=0 tick=2050 size=512x448 displayFbp=112 sourceFbp=112 preferred=0 fallback=0 fnv1a=592292a6 smode2=0x1 pmode=0xff21 sha=98ac0986cb6dd1307fea5ea1e88c04e38b4f5499ea8637bfade78911851dc0cb
FRAME upload-latest.png seq=0 tick=2050 size=512x448 displayFbp=112 sourceFbp=112 preferred=0 fallback=0 fnv1a=592292a6 smode2=0x1 pmode=0xff21 sha=98ac0986cb6dd1307fea5ea1e88c04e38b4f5499ea8637bfade78911851dc0cb
STAGE n8d3-raw.bin sha=a7646a1b7a44f7085c42f2d813730fc24d87799bc64a742608b9f03962a1ad9c bytes=917504
STAGE n8d3-packed.bin sha=a7646a1b7a44f7085c42f2d813730fc24d87799bc64a742608b9f03962a1ad9c bytes=917504
STAGE n8d3-stage.txt sha=d1eeb019a55c1d78439e80aa0225213b40b058fe696967bcd7928b9e45d6bb3c bytes=167
CLEANUP pid-after=none
CLEANUP lease=LEASE_FREE N8D3 done
CLEANUP launch-to-exit=117.9s
