[10:50:07] PRE lease="LEASE_FREE AP1 done" keyguard="showing=false" battery=100% ac=true pid0=none
[10:50:07] PRE device-env=090cc981e9f97c9c6007b64e90afaba7ff0b495eae7ede6423bfca826fae29fe mc0-test='' mc0-bad=[]
[10:50:07] LEASE claimed via odin_lease.sh: CLAIMED
[10:50:07] APK local sha x2 52f9d2b6424c84f86a3b8458517ebf92e74818a5196174363d22d0796b855846 52f9d2b6424c84f86a3b8458517ebf92e74818a5196174363d22d0796b855846
[10:50:10] INSTALL Performing Streamed Install Success
[10:50:10] INSTALLED /data/app/~~nc8-NAIex7mQX7kssLRbjw==/com.ps2x.runner-dWtmGGl3JPW2PulYM93PyQ==/base.apk sha=52f9d2b6424c84f86a3b8458517ebf92e74818a5196174363d22d0796b855846 match=True
[10:50:10] ENV 38e8277500df6d077077778e174a942285846e353812e675cf885dedde01ebf5  /storage/emulated/0/Android/data/com.ps2x.runner/files/ps2x.env
[10:50:10 t+    0.0] AM Starting: Intent { cmp=com.ps2x.runner/android.app.NativeActivity }
[10:50:16 t+    6.1] FOCUS app-foreground, no BACK ('mCurrentFocus=Window{1b051cd u0 com.ps2x.runner/android.app.NativeActivity}')
[10:50:19 t+    8.6] LAYER 'com.ps2x.runner/android.app.NativeActivity#23792' tried=['com.ps2x.runner/android.app.NativeActivity#23792']
[10:50:34 t+   23.4] SCAP sc01-tick1100-t22.png tick~1200
[10:51:09 t+   58.2] SCAP sc02-tick2100-t57.png tick~2210
[10:51:17 t+   67.0] STOP tick 2461 >= 2400
[10:51:18 t+   67.3] SCAP sc03-final-t67.png tick~2461
[10:51:19 t+   68.8] THREADS
Threads: 30 total,   1 running,  29 sleeping,   0 stopped,   0 zombie
  Mem:  7342756K total,  4985160K used,  2357596K free,      656K buffers
 Swap: 10485752K total,   758320K used,  9727432K free,  2315780K cached
800%cpu 104%user   0%nice  19%sys 669%idle   0%iow   8%irq   0%sirq   0%host
  TID USER         PR  NI VIRT  RES  SHR S[%CPU] %MEM     TIME+ THREAD          PROCESS
18991 u0_a113      10 -10  17G 721M 470M S 57.6  10.0   0:31.09 MTVU            com.ps2x.runner
18980 u0_a113      10 -10  17G 721M 470M R 26.9  10.0   0:17.61 GameThread      com.ps2x.runner
18962 u0_a113      10 -10  17G 721M 470M S 26.9  10.0   0:10.81 GsWorker        com.ps2x.runner
18960 u0_a113      10 -10  17G 721M 470M S  3.8  10.0   0:03.93 com.ps2x.runner com.ps2x.runner
18957 u0_a113      20   0  17G 721M 470M S  3.8  10.0   0:00.03 binder:18935_3  com.ps2x.runner
18995 u0_a113      10 -10  17G 721M 470M S  0.0  10.0   0:00.00 com.ps2x.runner com.ps2x.runner
18994 u0_a113      10 -10  17G 721M 470M S  0.0  10.0   0:00.00 com.ps2x.runner com.ps2x.runner
18990 u0_a113      20   0  17G 721M 470M S  0.0  10.0   0:00.00 InteractionJank com.ps2x.runner
18989 u0_a113      20   0  17G 721M 470M S  0.0  10.0   0:00.03 binder:18935_4  com.ps2x.runner
18984 u0_a113      10 -10  17G 721M 470M S  0.0  10.0   0:00.08 PGS-Waiter      com.ps2x.runner
18983 u0_a113      39  19  17G 721M 470M S  0.0  10.0   0:00.00 com.ps:traceq0  com.ps2x.runner
18979 u0_a113      -3 -10  17G 721M 470M S  0.0  10.0   0:00.21 AAudio_1        com.ps2x.runner
18973 u0_a113      20   0  17G 721M 470M S  0.0  10.0   0:00.10 binder:18935_4  com.ps2x.runner
18972 u0_a113      10 -10  17G 721M 470M S  0.0  10.0   0:00.00 com.ps2x.runner com.ps2x.runner
18966 u0_a113      20   0  17G 721M 470M S  0.0  10.0   0:00.00 InsetsAnimation com.ps2x.runner

[10:51:19 t+   68.9] BATTERY status: 5 level: 100
[10:51:22 t+   71.2] RESTORE 090cc981e9f97c9c6007b64e90afaba7ff0b495eae7ede6423bfca826fae29fe match=True
[10:51:22 t+   71.4] MC0-AFTER bad=[]
[10:51:22 t+   71.5] END pid-after=none disconnects=0
