/tmp/p1-link/runtime/ps2xRuntime/CMakeFiles/ps2EntryRunner.dir/cmake_pch.hxx.pch:1:1: error: unknown type name 'CPCH'
    1 | CPCH<U+0001><U+0008><U+0000><U+0000><A7><U+000B><U+0000><U+0000><U+0007><C1><B3>Ќ<C2>+<B8><U+0002>-<C8><C2>+<B0><C2>/<88><U+0002>+<BC><C2>(<AC><C2>C<U+0012><B4>B)<D0>B(<90>B(<D0>B(<0F+<BC><U+0002>)<D4><U+0002>+<94><C2>/<B8>B(<B4>B)<DH+<BC><U+0002>)<D4><U+0002>+<94><C2>/<90>B*<C8>B)<8C><U+0002>-<BC><82>,<E4><C2><U+0003>t<B4><C2>+<90>B-<B0>B)<FC>B+<84><U+0002>,<FC><82>)<A4><U+0002>+<94><C2><C3>!<A4>B+<C0><C2>+<C8><U+0002>-<8<C3>+<C8>B*<9C>B*<B8>B(<B0><C2>/<98>B*<B0>B)<D<C4>+<C8>B*<9C>B*<B8>B(<B0><C2>/<98>B*<B0>B)<FC>B*<90><C2><C3>T<A4><82>+<C0>B-<D0><C2>/<98>B*<B0>B)<FC><C2>+<98><82>)<CC>B)<D0><C2>,<U+001C><U+0004><D1>B<F3>
      | ^
/tmp/p1-link/runtime/ps2xRuntime/CMakeFiles/ps2EntryRunner.dir/cmake_pch.hxx.pch:1:5: error: expected unqualified-id
    1 | CPCH<U+0001><U+0008><U+0000><U+0000><A7><U+000B><U+0000><U+0000><U+0007><C1><B3>Ќ<C2>+<B8><U+0002>-<C8><C2>+<B0><C2>/<88><U+0002>+<BC><C2>(<AC><C2>C<U+0012><B4>B)<D0>B(<90>B(<D0>B(<0F+<BC><U+0002>)<D4><U+0002>+<94><C2>/<B8>B(<B4>B)<DH+<BC><U+0002>)<D4><U+0002>+<94><C2>/<90>B*<C8>B)<8C><U+0002>-<BC><82>,<E4><C2><U+0003>t<B4><C2>+<90>B-<B0>B)<FC>B+<84><U+0002>,<FC><82>)<A4><U+0002>+<94><C2><C3>!<A4>B+<C0><C2>+<C8><U+0002>-<8<C3>+<C8>B*<9C>B*<B8>B(<B0><C2>/<98>B*<B0>B)<D<C4>+<C8>B*<9C>B*<B8>B(<B0><C2>/<98>B*<B0>B)<FC>B*<90><C2><C3>T<A4><82>+<C0>B-<D0><C2>/<98>B*<B0>B)<FC><C2>+<98><82>)<CC>B)<D0><C2>,<U+001C><U+0004><D1>B<F3>
      |     ^
/tmp/p1-link/runtime/ps2xRuntime/CMakeFiles/ps2EntryRunner.dir/cmake_pch.hxx.pch:1:7: warning: null character ignored [-Wnull-character]
    1 | CPCH<U+0001><U+0008><U+0000><U+0000><A7><U+000B><U+0000><U+0000><U+0007><C1><B3>Ќ<C2>+<B8><U+0002>-<C8><C2>+<B0><C2>/<88><U+0002>+<BC><C2>(<AC><C2>C<U+0012><B4>B)<D0>B(<90>B(<D0>B(<0F+<BC><U+0002>)<D4><U+0002>+<94><C2>/<B8>B(<B4>B)<DH+<BC><U+0002>)<D4><U+0002>+<94><C2>/<90>B*<C8>B)<8C><U+0002>-<BC><82>,<E4><C2><U+0003>t<B4><C2>+<90>B-<B0>B)<FC>B+<84><U+0002>,<FC><82>)<A4><U+0002>+<94><C2><C3>!<A4>B+<C0><C2>+<C8><U+0002>-<8<C3>+<C8>B*<9C>B*<B8>B(<B0><C2>/<98>B*<B0>B)<D<C4>+<C8>B*<9C>B*<B8>B(<B0><C2>/<98>B*<B0>B)<FC>B*<90><C2><C3>T<A4><82>+<C0>B-<D0><C2>/<98>B*<B0>B)<FC><C2>+<98><82>)<CC>B)<D0><C2>,<U+001C><U+0004><D1>B<F3>
      |                     ^
/tmp/p1-link/runtime/ps2xRuntime/CMakeFiles/ps2EntryRunner.dir/cmake_pch.hxx.pch:1:8: warning: null character ignored [-Wnull-character]
    1 | CPCH<U+0001><U+0008><U+0000><U+0000><A7><U+000B><U+0000><U+0000><U+0007><C1><B3>Ќ<C2>+<B8><U+0002>-<C8><C2>+<B0><C2>/<88><U+0002>+<BC><C2>(<AC><C2>C<U+0012><B4>B)<D0>B(<90>B(<D0>B(<0F+<BC><U+0002>)<D4><U+0002>+<94><C2>/<B8>B(<B4>B)<DH+<BC><U+0002>)<D4><U+0002>+<94><C2>/<90>B*<C8>B)<8C><U+0002>-<BC><82>,<E4><C2><U+0003>t<B4><C2>+<90>B-<B0>B)<FC>B+<84><U+0002>,<FC><82>)<A4><U+0002>+<94><C2><C3>!<A4>B+<C0><C2>+<C8><U+0002>-<8<C3>+<C8>B*<9C>B*<B8>B(<B0><C2>/<98>B*<B0>B)<D<C4>+<C8>B*<9C>B*<B8>B(<B0><C2>/<98>B*<B0>B)<FC>B*<90><C2><C3>T<A4><82>+<C0>B-<D0><C2>/<98>B*<B0>B)<FC><C2>+<98><82>)<CC>B)<D0><C2>,<U+001C><U+0004><D1>B<F3>
      |                             ^
/tmp/p1-link/runtime/ps2xRuntime/CMakeFiles/ps2EntryRunner.dir/cmake_pch.hxx.pch:1:9: error: source file is not valid UTF-8
    1 | CPCH<U+0001><U+0008><U+0000><U+0000><A7><U+000B><U+0000><U+0000><U+0007><C1><B3>Ќ<C2>+<B8><U+0002>-<C8><C2>+<B0><C2>/<88><U+0002>+<BC><C2>(<AC><C2>C<U+0012><B4>B)<D0>B(<90>B(<D0>B(<0F+<BC><U+0002>)<D4><U+0002>+<94><C2>/<B8>B(<B4>B)<DH+<BC><U+0002>)<D4><U+0002>+<94><C2>/<90>B*<C8>B)<8C><U+0002>-<BC><82>,<E4><C2><U+0003>t<B4><C2>+<90>B-<B0>B)<FC>B+<84><U+0002>,<FC><82>)<A4><U+0002>+<94><C2><C3>!<A4>B+<C0><C2>+<C8><U+0002>-<8<C3>+<C8>B*<9C>B*<B8>B(<B0><C2>/<98>B*<B0>B)<D<C4>+<C8>B*<9C>B*<B8>B(<B0><C2>/<98>B*<B0>B)<FC>B*<90><C2><C3>T<A4><82>+<C0>B-<D0><C2>/<98>B*<B0>B)<FC><C2>+<98><82>)<CC>B)<D0><C2>,<U+001C><U+0004><D1>B<F3>
      |                                     ^
/tmp/p1-link/runtime/ps2xRuntime/CMakeFiles/ps2EntryRunner.dir/cmake_pch.hxx.pch:1:11: warning: null character ignored [-Wnull-character]
    1 | CPCH<U+0001><U+0008><U+0000><U+0000><A7><U+000B><U+0000><U+0000><U+0007><C1><B3>Ќ<C2>+<B8><U+0002>-<C8><C2>+<B0><C2>/<88><U+0002>+<BC><C2>(<AC><C2>C<U+0012><B4>B)<D0>B(<90>B(<D0>B(<0F+<BC><U+0002>)<D4><U+0002>+<94><C2>/<B8>B(<B4>B)<DH+<BC><U+0002>)<D4><U+0002>+<94><C2>/<90>B*<C8>B)<8C><U+0002>-<BC><82>,<E4><C2><U+0003>t<B4><C2>+<90>B-<B0>B)<FC>B+<84><U+0002>,<FC><82>)<A4><U+0002>+<94><C2><C3>!<A4>B+<C0><C2>+<C8><U+0002>-<8<C3>+<C8>B*<9C>B*<B8>B(<B0><C2>/<98>B*<B0>B)<D<C4>+<C8>B*<9C>B*<B8>B(<B0><C2>/<98>B*<B0>B)<FC>B*<90><C2><C3>T<A4><82>+<C0>B-<D0><C2>/<98>B*<B0>B)<FC><C2>+<98><82>)<CC>B)<D0><C2>,<U+001C><U+0004><D1>B<F3>
      |                                                 ^
/tmp/p1-link/runtime/ps2xRuntime/CMakeFiles/ps2EntryRunner.dir/cmake_pch.hxx.pch:1:12: warning: null character ignored [-Wnull-character]
    1 | CPCH<U+0001><U+0008><U+0000><U+0000><A7><U+000B><U+0000><U+0000><U+0007><C1><B3>Ќ<C2>+<B8><U+0002>-<C8><C2>+<B0><C2>/<88><U+0002>+<BC><C2>(<AC><C2>C<U+0012><B4>B)<D0>B(<90>B(<D0>B(<0F+<BC><U+0002>)<D4><U+0002>+<94><C2>/<B8>B(<B4>B)<DH+<BC><U+0002>)<D4><U+0002>+<94><C2>/<90>B*<C8>B)<8C><U+0002>-<BC><82>,<E4><C2><U+0003>t<B4><C2>+<90>B-<B0>B)<FC>B+<84><U+0002>,<FC><82>)<A4><U+0002>+<94><C2><C3>!<A4>B+<C0><C2>+<C8><U+0002>-<8<C3>+<C8>B*<9C>B*<B8>B(<B0><C2>/<98>B*<B0>B)<D<C4>+<C8>B*<9C>B*<B8>B(<B0><C2>/<98>B*<B0>B)<FC>B*<90><C2><C3>T<A4><82>+<C0>B-<D0><C2>/<98>B*<B0>B)<FC><C2>+<98><82>)<CC>B)<D0><C2>,<U+001C><U+0004><D1>B<F3>
      |                                                         ^
/tmp/p1-link/runtime/ps2xRuntime/CMakeFiles/ps2EntryRunner.dir/cmake_pch.hxx.pch:1:14: error: source file is not valid UTF-8
    1 | CPCH<U+0001><U+0008><U+0000><U+0000><A7><U+000B><U+0000><U+0000><U+0007><C1><B3>Ќ<C2>+<B8><U+0002>-<C8><C2>+<B0><C2>/<88><U+0002>+<BC><C2>(<AC><C2>C<U+0012><B4>B)<D0>B(<90>B(<D0>B(<0F+<BC><U+0002>)<D4><U+0002>+<94><C2>/<B8>B(<B4>B)<DH+<BC><U+0002>)<D4><U+0002>+<94><C2>/<90>B*<C8>B)<8C><U+0002>-<BC><82>,<E4><C2><U+0003>t<B4><C2>+<90>B-<B0>B)<FC>B+<84><U+0002>,<FC><82>)<A4><U+0002>+<94><C2><C3>!<A4>B+<C0><C2>+<C8><U+0002>-<8<C3>+<C8>B*<9C>B*<B8>B(<B0><C2>/<98>B*<B0>B)<D<C4>+<C8>B*<9C>B*<B8>B(<B0><C2>/<98>B*<B0>B)<FC>B*<90><C2><C3>T<A4><82>+<C0>B-<D0><C2>/<98>B*<B0>B)<FC><C2>+<98><82>)<CC>B)<D0><C2>,<U+001C><U+0004><D1>B<F3>
      |                                                                         ^
/tmp/p1-link/runtime/ps2xRuntime/CMakeFiles/ps2EntryRunner.dir/cmake_pch.hxx.pch:1:15: error: source file is not valid UTF-8
    1 | CPCH<U+0001><U+0008><U+0000><U+0000><A7><U+000B><U+0000><U+0000><U+0007><C1><B3>Ќ<C2>+<B8><U+0002>-<C8><C2>+<B0><C2>/<88><U+0002>+<BC><C2>(<AC><C2>C<U+0012><B4>B)<D0>B(<90>B(<D0>B(<0F+<BC><U+0002>)<D4><U+0002>+<94><C2>/<B8>B(<B4>B)<DH+<BC><U+0002>)<D4><U+0002>+<94><C2>/<90>B*<C8>B)<8C><U+0002>-<BC><82>,<E4><C2><U+0003>t<B4><C2>+<90>B-<B0>B)<FC>B+<84><U+0002>,<FC><82>)<A4><U+0002>+<94><C2><C3>!<A4>B+<C0><C2>+<C8><U+0002>-<8<C3>+<C8>B*<9C>B*<B8>B(<B0><C2>/<98>B*<B0>B)<D<C4>+<C8>B*<9C>B*<B8>B(<B0><C2>/<98>B*<B0>B)<FC>B*<90><C2><C3>T<A4><82>+<C0>B-<D0><C2>/<98>B*<B0>B)<FC><C2>+<98><82>)<CC>B)<D0><C2>,<U+001C><U+0004><D1>B<F3>
      |                                                                             ^
/tmp/p1-link/runtime/ps2xRuntime/CMakeFiles/ps2EntryRunner.dir/cmake_pch.hxx.pch:1:18: error: source file is not valid UTF-8
    1 | CPCH<U+0001><U+0008><U+0000><U+0000><A7><U+000B><U+0000><U+0000><U+0007><C1><B3>Ќ<C2>+<B8><U+0002>-<C8><C2>+<B0><C2>/<88><U+0002>+<BC><C2>(<AC><C2>C<U+0012><B4>B)<D0>B(<90>B(<D0>B(<0F+<BC><U+0002>)<D4><U+0002>+<94><C2>/<B8>B(<B4>B)<DH+<BC><U+0002>)<D4><U+0002>+<94><C2>/<90>B*<C8>B)<8C><U+0002>-<BC><82>,<E4><C2><U+0003>t<B4><C2>+<90>B-<B0>B)<FC>B+<84><U+0002>,<FC><82>)<A4><U+0002>+<94><C2><C3>!<A4>B+<C0><C2>+<C8><U+0002>-<8<C3>+<C8>B*<9C>B*<B8>B(<B0><C2>/<98>B*<B0>B)<D<C4>+<C8>B*<9C>B*<B8>B(<B0><C2>/<98>B*<B0>B)<FC>B*<90><C2><C3>T<A4><82>+<C0>B-<D0><C2>/<98>B*<B0>B)<FC><C2>+<98><82>)<CC>B)<D0><C2>,<U+001C><U+0004><D1>B<F3>
      |                                                                                  ^
/tmp/p1-link/runtime/ps2xRuntime/CMakeFiles/ps2EntryRunner.dir/cmake_pch.hxx.pch:1:20: error: source file is not valid UTF-8
    1 | CPCH<U+0001><U+0008><U+0000><U+0000><A7><U+000B><U+0000><U+0000><U+0007><C1><B3>Ќ<C2>+<B8><U+0002>-<C8><C2>+<B0><C2>/<88><U+0002>+<BC><C2>(<AC><C2>C<U+0012><B4>B)<D0>B(<90>B(<D0>B(<0F+<BC><U+0002>)<D4><U+0002>+<94><C2>/<B8>B(<B4>B)<DH+<BC><U+0002>)<D4><U+0002>+<94><C2>/<90>B*<C8>B)<8C><U+0002>-<BC><82>,<E4><C2><U+0003>t<B4><C2>+<90>B-<B0>B)<FC>B+<84><U+0002>,<FC><82>)<A4><U+0002>+<94><C2><C3>!<A4>B+<C0><C2>+<C8><U+0002>-<8<C3>+<C8>B*<9C>B*<B8>B(<B0><C2>/<98>B*<B0>B)<D<C4>+<C8>B*<9C>B*<B8>B(<B0><C2>/<98>B*<B0>B)<FC>B*<90><C2><C3>T<A4><82>+<C0>B-<D0><C2>/<98>B*<B0>B)<FC><C2>+<98><82>)<CC>B)<D0><C2>,<U+001C><U+0004><D1>B<F3>
      |                                                                                       ^
/tmp/p1-link/runtime/ps2xRuntime/CMakeFiles/ps2EntryRunner.dir/cmake_pch.hxx.pch:1:23: error: source file is not valid UTF-8
    1 | CPCH<U+0001><U+0008><U+0000><U+0000><A7><U+000B><U+0000><U+0000><U+0007><C1><B3>Ќ<C2>+<B8><U+0002>-<C8><C2>+<B0><C2>/<88><U+0002>+<BC><C2>(<AC><C2>C<U+0012><B4>B)<D0>B(<90>B(<D0>B(<0F+<BC><U+0002>)<D4><U+0002>+<94><C2>/<B8>B(<B4>B)<DH+<BC><U+0002>)<D4><U+0002>+<94><C2>/<90>B*<C8>B)<8C><U+0002>-<BC><82>,<E4><C2><U+0003>t<B4><C2>+<90>B-<B0>B)<FC>B+<84><U+0002>,<FC><82>)<A4><U+0002>+<94><C2><C3>!<A4>B+<C0><C2>+<C8><U+0002>-<8<C3>+<C8>B*<9C>B*<B8>B(<B0><C2>/<98>B*<B0>B)<D<C4>+<C8>B*<9C>B*<B8>B(<B0><C2>/<98>B*<B0>B)<FC>B*<90><C2><C3>T<A4><82>+<C0>B-<D0><C2>/<98>B*<B0>B)<FC><C2>+<98><82>)<CC>B)<D0><C2>,<U+001C><U+0004><D1>B<F3>
      |                                                                                                    ^
/tmp/p1-link/runtime/ps2xRuntime/CMakeFiles/ps2EntryRunner.dir/cmake_pch.hxx.pch:1:24: error: source file is not valid UTF-8
    1 | CPCH<U+0001><U+0008><U+0000><U+0000><A7><U+000B><U+0000><U+0000><U+0007><C1><B3>Ќ<C2>+<B8><U+0002>-<C8><C2>+<B0><C2>/<88><U+0002>+<BC><C2>(<AC><C2>C<U+0012><B4>B)<D0>B(<90>B(<D0>B(<0F+<BC><U+0002>)<D4><U+0002>+<94><C2>/<B8>B(<B4>B)<DH+<BC><U+0002>)<D4><U+0002>+<94><C2>/<90>B*<C8>B)<8C><U+0002>-<BC><82>,<E4><C2><U+0003>t<B4><C2>+<90>B-<B0>B)<FC>B+<84><U+0002>,<FC><82>)<A4><U+0002>+<94><C2><C3>!<A4>B+<C0><C2>+<C8><U+0002>-<8<C3>+<C8>B*<9C>B*<B8>B(<B0><C2>/<98>B*<B0>B)<D<C4>+<C8>B*<9C>B*<B8>B(<B0><C2>/<98>B*<B0>B)<FC>B*<90><C2><C3>T<A4><82>+<C0>B-<D0><C2>/<98>B*<B0>B)<FC><C2>+<98><82>)<CC>B)<D0><C2>,<U+001C><U+0004><D1>B<F3>
      |                                                                                                        ^
/tmp/p1-link/runtime/ps2xRuntime/CMakeFiles/ps2EntryRunner.dir/cmake_pch.hxx.pch:1:26: error: source file is not valid UTF-8
    1 | CPCH<U+0001><U+0008><U+0000><U+0000><A7><U+000B><U+0000><U+0000><U+0007><C1><B3>Ќ<C2>+<B8><U+0002>-<C8><C2>+<B0><C2>/<88><U+0002>+<BC><C2>(<AC><C2>C<U+0012><B4>B)<D0>B(<90>B(<D0>B(<0F+<BC><U+0002>)<D4><U+0002>+<94><C2>/<B8>B(<B4>B)<DH+<BC><U+0002>)<D4><U+0002>+<94><C2>/<90>B*<C8>B)<8C><U+0002>-<BC><82>,<E4><C2><U+0003>t<B4><C2>+<90>B-<B0>B)<FC>B+<84><U+0002>,<FC><82>)<A4><U+0002>+<94><C2><C3>!<A4>B+<C0><C2>+<C8><U+0002>-<8<C3>+<C8>B*<9C>B*<B8>B(<B0><C2>/<98>B*<B0>B)<D<C4>+<C8>B*<9C>B*<B8>B(<B0><C2>/<98>B*<B0>B)<FC>B*<90><C2><C3>T<A4><82>+<C0>B-<D0><C2>/<98>B*<B0>B)<FC><C2>+<98><82>)<CC>B)<D0><C2>,<U+001C><U+0004><D1>B<F3>
      |                                                                                                             ^
/tmp/p1-link/runtime/ps2xRuntime/CMakeFiles/ps2EntryRunner.dir/cmake_pch.hxx.pch:1:27: error: source file is not valid UTF-8
    1 | CPCH<U+0001><U+0008><U+0000><U+0000><A7><U+000B><U+0000><U+0000><U+0007><C1><B3>Ќ<C2>+<B8><U+0002>-<C8><C2>+<B0><C2>/<88><U+0002>+<BC><C2>(<AC><C2>C<U+0012><B4>B)<D0>B(<90>B(<D0>B(<0F+<BC><U+0002>)<D4><U+0002>+<94><C2>/<B8>B(<B4>B)<DH+<BC><U+0002>)<D4><U+0002>+<94><C2>/<90>B*<C8>B)<8C><U+0002>-<BC><82>,<E4><C2><U+0003>t<B4><C2>+<90>B-<B0>B)<FC>B+<84><U+0002>,<FC><82>)<A4><U+0002>+<94><C2><C3>!<A4>B+<C0><C2>+<C8><U+0002>-<8<C3>+<C8>B*<9C>B*<B8>B(<B0><C2>/<98>B*<B0>B)<D<C4>+<C8>B*<9C>B*<B8>B(<B0><C2>/<98>B*<B0>B)<FC>B*<90><C2><C3>T<A4><82>+<C0>B-<D0><C2>/<98>B*<B0>B)<FC><C2>+<98><82>)<CC>B)<D0><C2>,<U+001C><U+0004><D1>B<F3>
      |                                                                                                                 ^
/tmp/p1-link/runtime/ps2xRuntime/CMakeFiles/ps2EntryRunner.dir/cmake_pch.hxx.pch:1:29: error: source file is not valid UTF-8
    1 | CPCH<U+0001><U+0008><U+0000><U+0000><A7><U+000B><U+0000><U+0000><U+0007><C1><B3>Ќ<C2>+<B8><U+0002>-<C8><C2>+<B0><C2>/<88><U+0002>+<BC><C2>(<AC><C2>C<U+0012><B4>B)<D0>B(<90>B(<D0>B(<0F+<BC><U+0002>)<D4><U+0002>+<94><C2>/<B8>B(<B4>B)<DH+<BC><U+0002>)<D4><U+0002>+<94><C2>/<90>B*<C8>B)<8C><U+0002>-<BC><82>,<E4><C2><U+0003>t<B4><C2>+<90>B-<B0>B)<FC>B+<84><U+0002>,<FC><82>)<A4><U+0002>+<94><C2><C3>!<A4>B+<C0><C2>+<C8><U+0002>-<8<C3>+<C8>B*<9C>B*<B8>B(<B0><C2>/<98>B*<B0>B)<D<C4>+<C8>B*<9C>B*<B8>B(<B0><C2>/<98>B*<B0>B)<FC>B*<90><C2><C3>T<A4><82>+<C0>B-<D0><C2>/<98>B*<B0>B)<FC><C2>+<98><82>)<CC>B)<D0><C2>,<U+001C><U+0004><D1>B<F3>
      |                                                                                                                      ^
/tmp/p1-link/runtime/ps2xRuntime/CMakeFiles/ps2EntryRunner.dir/cmake_pch.hxx.pch:1:32: error: source file is not valid UTF-8
    1 | CPCH<U+0001><U+0008><U+0000><U+0000><A7><U+000B><U+0000><U+0000><U+0007><C1><B3>Ќ<C2>+<B8><U+0002>-<C8><C2>+<B0><C2>/<88><U+0002>+<BC><C2>(<AC><C2>C<U+0012><B4>B)<D0>B(<90>B(<D0>B(<0F+<BC><U+0002>)<D4><U+0002>+<94><C2>/<B8>B(<B4>B)<DH+<BC><U+0002>)<D4><U+0002>+<94><C2>/<90>B*<C8>B)<8C><U+0002>-<BC><82>,<E4><C2><U+0003>t<B4><C2>+<90>B-<B0>B)<FC>B+<84><U+0002>,<FC><82>)<A4><U+0002>+<94><C2><C3>!<A4>B+<C0><C2>+<C8><U+0002>-<8<C3>+<C8>B*<9C>B*<B8>B(<B0><C2>/<98>B*<B0>B)<D<C4>+<C8>B*<9C>B*<B8>B(<B0><C2>/<98>B*<B0>B)<FC>B*<90><C2><C3>T<A4><82>+<C0>B-<D0><C2>/<98>B*<B0>B)<FC><C2>+<98><82>)<CC>B)<D0><C2>,<U+001C><U+0004><D1>B<F3>
      |                                                                                                                                   ^
/tmp/p1-link/runtime/ps2xRuntime/CMakeFiles/ps2EntryRunner.dir/cmake_pch.hxx.pch:1:33: error: source file is not valid UTF-8
    1 | CPCH<U+0001><U+0008><U+0000><U+0000><A7><U+000B><U+0000><U+0000><U+0007><C1><B3>Ќ<C2>+<B8><U+0002>-<C8><C2>+<B0><C2>/<88><U+0002>+<BC><C2>(<AC><C2>C<U+0012><B4>B)<D0>B(<90>B(<D0>B(<0F+<BC><U+0002>)<D4><U+0002>+<94><C2>/<B8>B(<B4>B)<DH+<BC><U+0002>)<D4><U+0002>+<94><C2>/<90>B*<C8>B)<8C><U+0002>-<BC><82>,<E4><C2><U+0003>t<B4><C2>+<90>B-<B0>B)<FC>B+<84><U+0002>,<FC><82>)<A4><U+0002>+<94><C2><C3>!<A4>B+<C0><C2>+<C8><U+0002>-<8<C3>+<C8>B*<9C>B*<B8>B(<B0><C2>/<98>B*<B0>B)<D<C4>+<C8>B*<9C>B*<B8>B(<B0><C2>/<98>B*<B0>B)<FC>B*<90><C2><C3>T<A4><82>+<C0>B-<D0><C2>/<98>B*<B0>B)<FC><C2>+<98><82>)<CC>B)<D0><C2>,<U+001C><U+0004><D1>B<F3>
      |                                                                                                                                       ^
/tmp/p1-link/runtime/ps2xRuntime/CMakeFiles/ps2EntryRunner.dir/cmake_pch.hxx.pch:1:35: error: source file is not valid UTF-8
    1 | CPCH<U+0001><U+0008><U+0000><U+0000><A7><U+000B><U+0000><U+0000><U+0007><C1><B3>Ќ<C2>+<B8><U+0002>-<C8><C2>+<B0><C2>/<88><U+0002>+<BC><C2>(<AC><C2>C<U+0012><B4>B)<D0>B(<90>B(<D0>B(<0F+<BC><U+0002>)<D4><U+0002>+<94><C2>/<B8>B(<B4>B)<DH+<BC><U+0002>)<D4><U+0002>+<94><C2>/<90>B*<C8>B)<8C><U+0002>-<BC><82>,<E4><C2><U+0003>t<B4><C2>+<90>B-<B0>B)<FC>B+<84><U+0002>,<FC><82>)<A4><U+0002>+<94><C2><C3>!<A4>B+<C0><C2>+<C8><U+0002>-<8<C3>+<C8>B*<9C>B*<B8>B(<B0><C2>/<98>B*<B0>B)<D<C4>+<C8>B*<9C>B*<B8>B(<B0><C2>/<98>B*<B0>B)<FC>B*<90><C2><C3>T<A4><82>+<C0>B-<D0><C2>/<98>B*<B0>B)<FC><C2>+<98><82>)<CC>B)<D0><C2>,<U+001C><U+0004><D1>B<F3>
      |                                                                                                                                            ^
/tmp/p1-link/runtime/ps2xRuntime/CMakeFiles/ps2EntryRunner.dir/cmake_pch.hxx.pch:1:36: error: source file is not valid UTF-8
    1 | CPCH<U+0001><U+0008><U+0000><U+0000><A7><U+000B><U+0000><U+0000><U+0007><C1><B3>Ќ<C2>+<B8><U+0002>-<C8><C2>+<B0><C2>/<88><U+0002>+<BC><C2>(<AC><C2>C<U+0012><B4>B)<D0>B(<90>B(<D0>B(<0F+<BC><U+0002>)<D4><U+0002>+<94><C2>/<B8>B(<B4>B)<DH+<BC><U+0002>)<D4><U+0002>+<94><C2>/<90>B*<C8>B)<8C><U+0002>-<BC><82>,<E4><C2><U+0003>t<B4><C2>+<90>B-<B0>B)<FC>B+<84><U+0002>,<FC><82>)<A4><U+0002>+<94><C2><C3>!<A4>B+<C0><C2>+<C8><U+0002>-<8<C3>+<C8>B*<9C>B*<B8>B(<B0><C2>/<98>B*<B0>B)<D<C4>+<C8>B*<9C>B*<B8>B(<B0><C2>/<98>B*<B0>B)<FC>B*<90><C2><C3>T<A4><82>+<C0>B-<D0><C2>/<98>B*<B0>B)<FC><C2>+<98><82>)<CC>B)<D0><C2>,<U+001C><U+0004><D1>B<F3>
      |                                                                                                                                                ^
/tmp/p1-link/runtime/ps2xRuntime/CMakeFiles/ps2EntryRunner.dir/cmake_pch.hxx.pch:1:39: error: source file is not valid UTF-8
    1 | CPCH<U+0001><U+0008><U+0000><U+0000><A7><U+000B><U+0000><U+0000><U+0007><C1><B3>Ќ<C2>+<B8><U+0002>-<C8><C2>+<B0><C2>/<88><U+0002>+<BC><C2>(<AC><C2>C<U+0012><B4>B)<D0>B(<90>B(<D0>B(<0F+<BC><U+0002>)<D4><U+0002>+<94><C2>/<B8>B(<B4>B)<DH+<BC><U+0002>)<D4><U+0002>+<94><C2>/<90>B*<C8>B)<8C><U+0002>-<BC><82>,<E4><C2><U+0003>t<B4><C2>+<90>B-<B0>B)<FC>B+<84><U+0002>,<FC><82>)<A4><U+0002>+<94><C2><C3>!<A4>B+<C0><C2>+<C8><U+0002>-<8<C3>+<C8>B*<9C>B*<B8>B(<B0><C2>/<98>B*<B0>B)<D<C4>+<C8>B*<9C>B*<B8>B(<B0><C2>/<98>B*<B0>B)<FC>B*<90><C2><C3>T<A4><82>+<C0>B-<D0><C2>/<98>B*<B0>B)<FC><C2>+<98><82>)<CC>B)<D0><C2>,<U+001C><U+0004><D1>B<F3>
      |                                                                                                                                                             ^
/tmp/p1-link/runtime/ps2xRuntime/CMakeFiles/ps2EntryRunner.dir/cmake_pch.hxx.pch:1:42: error: source file is not valid UTF-8
    1 | CPCH<U+0001><U+0008><U+0000><U+0000><A7><U+000B><U+0000><U+0000><U+0007><C1><B3>Ќ<C2>+<B8><U+0002>-<C8><C2>+<B0><C2>/<88><U+0002>+<BC><C2>(<AC><C2>C<U+0012><B4>B)<D0>B(<90>B(<D0>B(<0F+<BC><U+0002>)<D4><U+0002>+<94><C2>/<B8>B(<B4>B)<DH+<BC><U+0002>)<D4><U+0002>+<94><C2>/<90>B*<C8>B)<8C><U+0002>-<BC><82>,<E4><C2><U+0003>t<B4><C2>+<90>B-<B0>B)<FC>B+<84><U+0002>,<FC><82>)<A4><U+0002>+<94><C2><C3>!<A4>B+<C0><C2>+<C8><U+0002>-<8<C3>+<C8>B*<9C>B*<B8>B(<B0><C2>/<98>B*<B0>B)<D<C4>+<C8>B*<9C>B*<B8>B(<B0><C2>/<98>B*<B0>B)<FC>B*<90><C2><C3>T<A4><82>+<C0>B-<D0><C2>/<98>B*<B0>B)<FC><C2>+<98><82>)<CC>B)<D0><C2>,<U+001C><U+0004><D1>B<F3>
      |                                                                                                                                                                   ^
/tmp/p1-link/runtime/ps2xRuntime/CMakeFiles/ps2EntryRunner.dir/cmake_pch.hxx.pch:1:45: error: source file is not valid UTF-8
    1 | CPCH<U+0001><U+0008><U+0000><U+0000><A7><U+000B><U+0000><U+0000><U+0007><C1><B3>Ќ<C2>+<B8><U+0002>-<C8><C2>+<B0><C2>/<88><U+0002>+<BC><C2>(<AC><C2>C<U+0012><B4>B)<D0>B(<90>B(<D0>B(<0F+<BC><U+0002>)<D4><U+0002>+<94><C2>/<B8>B(<B4>B)<DH+<BC><U+0002>)<D4><U+0002>+<94><C2>/<90>B*<C8>B)<8C><U+0002>-<BC><82>,<E4><C2><U+0003>t<B4><C2>+<90>B-<B0>B)<FC>B+<84><U+0002>,<FC><82>)<A4><U+0002>+<94><C2><C3>!<A4>B+<C0><C2>+<C8><U+0002>-<8<C3>+<C8>B*<9C>B*<B8>B(<B0><C2>/<98>B*<B0>B)<D<C4>+<C8>B*<9C>B*<B8>B(<B0><C2>/<98>B*<B0>B)<FC>B*<90><C2><C3>T<A4><82>+<C0>B-<D0><C2>/<98>B*<B0>B)<FC><C2>+<98><82>)<CC>B)<D0><C2>,<U+001C><U+0004><D1>B<F3>
      |                                                                                                                                                                         ^
fatal error: too many errors emitted, stopping now [-ferror-limit=]
4 warnings and 20 errors generated.
Traceback (most recent call last):
  File "/Users/bradrichardson/dev/ssx3/local/research/E9/e9_link_test.py", line 28, in <module>
    if __name__=='__main__':main()
                            ~~~~^^
  File "/Users/bradrichardson/dev/ssx3/local/research/E9/e9_link_test.py", line 26, in main
    for cmd in [out,link]: subprocess.run(cmd,cwd=B,check=True)
                           ~~~~~~~~~~~~~~^^^^^^^^^^^^^^^^^^^^^^
  File "/opt/homebrew/Cellar/python@3.14/3.14.7/Frameworks/Python.framework/Versions/3.14/lib/python3.14/subprocess.py", line 578, in run
    raise CalledProcessError(retcode, process.args,
                             output=stdout, stderr=stderr)
subprocess.CalledProcessError: Command '['/opt/homebrew/opt/llvm/bin/clang++', '-DAGRESSIVE_LOGS=1', '-DGRAPHICS_API_OPENGL_33', '-DPLATFORM_DESKTOP', '-DPS2X_ENABLE_DEBUG_UI=1', '-DPS2X_ENABLE_IOP_RPC_TRACE=1', '-DPS2X_IOP_ENABLE_PLUGINS=0', '-DPS2_FUNCTION_LOG_TRACKER=1', '-DPS2_RUNTIME_LOGS=1', '-DUSE_SSE2NEON', '-I/tmp/p1-link/runtime/_deps/sse2neon-src', '-I/Volumes/Extreme SSD/ps2recomp-spike/PS2Recomp/ps2xRuntime/include', '-I/Volumes/Extreme SSD/ps2recomp-spike/PS2Recomp/ps2xRuntime/src/lib/Kernel', '-I/tmp/p1-link/runtime/_deps/raylib-src/src', '-I/tmp/p1-link/runtime/_deps/raylib-src/src/external/glfw/include', '-I/Volumes/Extreme SSD/ps2recomp-spike/PS2Recomp/ps2xIOP/include', '-I/tmp/p1-link/runtime/_deps/rlimgui-src', '-I/tmp/p1-link/runtime/_deps/imgui-src', '-isystem', '/opt/homebrew/Cellar/ffmpeg/9.0.1_1/include', '-O3', '-DNDEBUG', '-std=gnu++20', '-flto=thin', '-arch', 'arm64', '-Winvalid-pch', '-Xclang', '/tmp/p1-link/runtime/ps2xRuntime/CMakeFiles/ps2EntryRunner.dir/cmake_pch.hxx.pch', '-Xclang', '/tmp/p1-link/runtime/ps2xRuntime/CMakeFiles/ps2EntryRunner.dir/cmake_pch.hxx', '-c', '/Users/bradrichardson/dev/ssx3/local/research/E9/e9_binding_test.cpp', '-o', '/tmp/e9-binding-before/test.o']' returned non-zero exit status 1.
