[00:56:33] PRE lease="VK2 2026-09-26T04:53:32Z" keyguard="showing=false" battery=100% ac=true pid0=none
[00:56:33] PRE device-env=a8d651a7e55f7e29f1345f28f4ea634e06ae757f535e29439ab61c930bcc0ebd mc0-test='' mc0-bad=[]
[00:56:33] APK local sha x2 29d3ca066de3b8dfe74c511dbf87e99168ba13acbf4262396c4006228e914469 29d3ca066de3b8dfe74c511dbf87e99168ba13acbf4262396c4006228e914469
[00:56:37] INSTALL Performing Streamed Install Success
[00:56:37] INSTALLED /data/app/~~fHCgd6ZxMnAJ8IfqGS3bOg==/com.ps2x.runner-6dw-8P17gR5i8I0Dq2Ssnw==/base.apk sha=29d3ca066de3b8dfe74c511dbf87e99168ba13acbf4262396c4006228e914469 match=True
[00:56:37] ENV 3df1501d1f21556dff47944e6594e86d96478399a9ba6ed506c7c4e32c74019f  /storage/emulated/0/Android/data/com.ps2x.runner/files/ps2x.env
[00:56:38 t+    0.1] AM Starting: Intent { cmp=com.ps2x.runner/android.app.NativeActivity }
[00:56:44 t+    6.2] FOCUS app-foreground, no BACK ('mCurrentFocus=Window{1f6b606 u0 com.ps2x.runner/android.app.NativeActivity}')
[00:56:46 t+    8.4] LAYER 'com.ps2x.runner/android.app.NativeActivity#20081' tried=['com.ps2x.runner/android.app.NativeActivity#20081']
[00:57:29 t+   51.5] SCAP sc01-tick1800-t50.png tick~1846
[00:57:34 t+   56.6] STRESS start tick=1903
[00:57:34 t+   56.8] STRESS t=56.8 tick=1903 start pid=1041 fds=run-as: sf_ps2x_game=1 sf_pkg_layers=5 focus='indow{1f6b606 u0 com.ps2x.runner/android.app.NativeActivity}' last_window_change: vk_queued=0 vk_dropped=0 vk_skipped=
[00:57:36 t+   59.0] STRESS t=59.0 tick=1903 bg1 pid=1041 fds=run-as: sf_ps2x_game=0 sf_pkg_layers=4 focus='uncher3/com.android.launcher3.uioverrides.QuickstepLauncher}' last_window_change: vk_queued=0 vk_dropped=0 vk_skipped=0 
[00:57:41 t+   63.3] STRESS t=63.3 tick=1957 fg1 pid=1041 fds=run-as: sf_ps2x_game=1 sf_pkg_layers=5 focus='indow{1f6b606 u0 com.ps2x.runner/android.app.NativeActivity}' last_window_change: vk_queued=1628 vk_dropped=0 vk_skipped
[00:57:46 t+   68.6] STRESS t=68.6 tick=1957 bg2 pid=1041 fds=run-as: sf_ps2x_game=0 sf_pkg_layers=4 focus='uncher3/com.android.launcher3.uioverrides.QuickstepLauncher}' last_window_change: vk_queued=1628 vk_dropped=0 vk_skipped
[00:57:50 t+   72.9] STRESS t=72.9 tick=2058 fg2 pid=1041 fds=run-as: sf_ps2x_game=1 sf_pkg_layers=5 focus='indow{1f6b606 u0 com.ps2x.runner/android.app.NativeActivity}' last_window_change: vk_queued=1685 vk_dropped=0 vk_skipped
[00:57:52 t+   74.3] STRESS t=74.3 tick=2058 bg3 pid=1041 fds=run-as: sf_ps2x_game=0 sf_pkg_layers=4 focus='uncher3/com.android.launcher3.uioverrides.QuickstepLauncher}' last_window_change: vk_queued=1685 vk_dropped=0 vk_skipped
[00:57:56 t+   78.7] STRESS t=78.7 tick=2136 fg3 pid=1041 fds=run-as: sf_ps2x_game=1 sf_pkg_layers=5 focus='indow{1f6b606 u0 com.ps2x.runner/android.app.NativeActivity}' last_window_change: vk_queued=1748 vk_dropped=0 vk_skipped
[00:57:57 t+   79.5] STRESS t=79.5 tick=2136 bg4 pid=1041 fds=run-as: sf_ps2x_game=0 sf_pkg_layers=4 focus='uncher3/com.android.launcher3.uioverrides.QuickstepLauncher}' last_window_change: vk_queued=1748 vk_dropped=0 vk_skipped
[00:58:01 t+   83.9] STRESS t=83.9 tick=2206 fg4 pid=1041 fds=run-as: sf_ps2x_game=1 sf_pkg_layers=5 focus='indow{1f6b606 u0 com.ps2x.runner/android.app.NativeActivity}' last_window_change: vk_queued=1809 vk_dropped=0 vk_skipped
[00:58:04 t+   86.3] STRESS t=86.3 tick=2206 bg5 pid=1041 fds=run-as: sf_ps2x_game=0 sf_pkg_layers=4 focus='uncher3/com.android.launcher3.uioverrides.QuickstepLauncher}' last_window_change: vk_queued=1809 vk_dropped=0 vk_skipped
[00:58:08 t+   90.8] STRESS t=90.8 tick=2292 fg5 pid=1041 fds=run-as: sf_ps2x_game=1 sf_pkg_layers=5 focus='indow{1f6b606 u0 com.ps2x.runner/android.app.NativeActivity}' last_window_change: vk_queued=1869 vk_dropped=0 vk_skipped
[00:58:09 t+   91.3] SCAP sc02-stress-cycle5-t90.png tick~2292
[00:58:14 t+   96.8] STRESS t=96.8 tick=2367 bg6 pid=1041 fds=run-as: sf_ps2x_game=0 sf_pkg_layers=4 focus='uncher3/com.android.launcher3.uioverrides.QuickstepLauncher}' last_window_change: vk_queued=1869 vk_dropped=0 vk_skipped
[00:58:18 t+  101.0] STRESS t=101.0 tick=2435 fg6 pid=1041 fds=run-as: sf_ps2x_game=1 sf_pkg_layers=5 focus='indow{1f6b606 u0 com.ps2x.runner/android.app.NativeActivity}' last_window_change: vk_queued=1944 vk_dropped=0 vk_skippe
[00:58:20 t+  102.4] STRESS t=102.4 tick=2435 bg7 pid=1041 fds=run-as: sf_ps2x_game=0 sf_pkg_layers=4 focus='uncher3/com.android.launcher3.uioverrides.QuickstepLauncher}' last_window_change: vk_queued=1944 vk_dropped=0 vk_skippe
[00:58:24 t+  106.9] STRESS t=106.9 tick=2515 fg7 pid=1041 fds=run-as: sf_ps2x_game=1 sf_pkg_layers=5 focus='indow{1f6b606 u0 com.ps2x.runner/android.app.NativeActivity}' last_window_change: vk_queued=2008 vk_dropped=0 vk_skippe
[00:58:25 t+  107.9] STRESS t=107.9 tick=2515 bg8 pid=1041 fds=run-as: sf_ps2x_game=0 sf_pkg_layers=4 focus='uncher3/com.android.launcher3.uioverrides.QuickstepLauncher}' last_window_change: vk_queued=2008 vk_dropped=0 vk_skippe
[00:58:30 t+  112.4] STRESS t=112.4 tick=2598 fg8 pid=1041 fds=run-as: sf_ps2x_game=1 sf_pkg_layers=5 focus='indow{1f6b606 u0 com.ps2x.runner/android.app.NativeActivity}' last_window_change: vk_queued=2079 vk_dropped=0 vk_skippe
[00:58:32 t+  114.9] STRESS t=114.9 tick=2598 bg9 pid=1041 fds=run-as: sf_ps2x_game=0 sf_pkg_layers=4 focus='uncher3/com.android.launcher3.uioverrides.QuickstepLauncher}' last_window_change: vk_queued=2079 vk_dropped=0 vk_skippe
[00:58:37 t+  119.3] STRESS t=119.3 tick=2699 fg9 pid=1041 fds=run-as: sf_ps2x_game=1 sf_pkg_layers=5 focus='indow{1f6b606 u0 com.ps2x.runner/android.app.NativeActivity}' last_window_change: vk_queued=2149 vk_dropped=0 vk_skippe
[00:58:42 t+  124.5] STRESS t=124.5 tick=2699 bg10 pid=1041 fds=run-as: sf_ps2x_game=0 sf_pkg_layers=4 focus='uncher3/com.android.launcher3.uioverrides.QuickstepLauncher}' last_window_change: vk_queued=2149 vk_dropped=0 vk_skipp
[00:58:46 t+  128.8] STRESS t=128.8 tick=2833 fg10 pid=1041 fds=run-as: sf_ps2x_game=1 sf_pkg_layers=5 focus='indow{1f6b606 u0 com.ps2x.runner/android.app.NativeActivity}' last_window_change: vk_queued=2219 vk_dropped=0 vk_skipp
[00:58:47 t+  129.3] SCAP sc03-stress-cycle10-t128.png tick~2833
[00:58:48 t+  130.7] STRESS t=130.7 tick=2833 bg11 pid=1041 fds=run-as: sf_ps2x_game=0 sf_pkg_layers=4 focus='uncher3/com.android.launcher3.uioverrides.QuickstepLauncher}' last_window_change: vk_queued=2219 vk_dropped=0 vk_skipp
[00:58:52 t+  135.0] STRESS t=135.0 tick=2923 fg11 pid=1041 fds=run-as: sf_ps2x_game=1 sf_pkg_layers=5 focus='indow{1f6b606 u0 com.ps2x.runner/android.app.NativeActivity}' last_window_change: vk_queued=2292 vk_dropped=0 vk_skipp
[00:58:53 t+  135.7] STRESS t=135.7 tick=2923 bg12 pid=1041 fds=run-as: sf_ps2x_game=0 sf_pkg_layers=4 focus='uncher3/com.android.launcher3.uioverrides.QuickstepLauncher}' last_window_change: vk_queued=2292 vk_dropped=0 vk_skipp
[00:58:57 t+  140.0] STRESS t=140.0 tick=2998 fg12 pid=1041 fds=run-as: sf_ps2x_game=1 sf_pkg_layers=5 focus='indow{1f6b606 u0 com.ps2x.runner/android.app.NativeActivity}' last_window_change: vk_queued=2357 vk_dropped=0 vk_skipp
[00:59:00 t+  142.2] STRESS t=142.2 tick=2998 bg13 pid=1041 fds=run-as: sf_ps2x_game=0 sf_pkg_layers=3 focus='uncher3/com.android.launcher3.uioverrides.QuickstepLauncher}' last_window_change: vk_queued=2357 vk_dropped=0 vk_skipp
[00:59:04 t+  146.5] STRESS t=146.5 tick=3092 fg13 pid=1041 fds=run-as: sf_ps2x_game=1 sf_pkg_layers=4 focus='indow{1f6b606 u0 com.ps2x.runner/android.app.NativeActivity}' last_window_change: vk_queued=2425 vk_dropped=0 vk_skipp
[00:59:09 t+  151.8] STRESS t=151.8 tick=3092 bg14 pid=1041 fds=run-as: sf_ps2x_game=0 sf_pkg_layers=3 focus='uncher3/com.android.launcher3.uioverrides.QuickstepLauncher}' last_window_change: vk_queued=2425 vk_dropped=0 vk_skipp
[00:59:13 t+  156.0] STRESS t=156.0 tick=3224 fg14 pid=1041 fds=run-as: sf_ps2x_game=1 sf_pkg_layers=4 focus='indow{1f6b606 u0 com.ps2x.runner/android.app.NativeActivity}' last_window_change: vk_queued=2492 vk_dropped=0 vk_skipp
[00:59:15 t+  157.7] STRESS t=157.7 tick=3224 bg15 pid=1041 fds=run-as: sf_ps2x_game=0 sf_pkg_layers=3 focus='uncher3/com.android.launcher3.uioverrides.QuickstepLauncher}' last_window_change: vk_queued=2492 vk_dropped=0 vk_skipp
[00:59:19 t+  162.0] STRESS t=162.0 tick=3306 fg15 pid=1041 fds=run-as: sf_ps2x_game=1 sf_pkg_layers=4 focus='indow{1f6b606 u0 com.ps2x.runner/android.app.NativeActivity}' last_window_change: vk_queued=2555 vk_dropped=0 vk_skipp
[00:59:20 t+  162.5] SCAP sc04-stress-cycle15-t161.png tick~3306
[00:59:21 t+  163.3] STRESS t=163.3 tick=3306 bg16 pid=1041 fds=run-as: sf_ps2x_game=0 sf_pkg_layers=3 focus='uncher3/com.android.launcher3.uioverrides.QuickstepLauncher}' last_window_change: vk_queued=2555 vk_dropped=0 vk_skipp
[00:59:25 t+  167.5] STRESS t=167.5 tick=3390 fg16 pid=1041 fds=run-as: sf_ps2x_game=1 sf_pkg_layers=4 focus='indow{1f6b606 u0 com.ps2x.runner/android.app.NativeActivity}' last_window_change: vk_queued=2630 vk_dropped=0 vk_skipp
[00:59:27 t+  169.9] STRESS t=169.9 tick=3390 bg17 pid=1041 fds=run-as: sf_ps2x_game=0 sf_pkg_layers=3 focus='uncher3/com.android.launcher3.uioverrides.QuickstepLauncher}' last_window_change: vk_queued=2630 vk_dropped=0 vk_skipp
[00:59:32 t+  174.3] STRESS t=174.3 tick=3484 fg17 pid=1041 fds=run-as: sf_ps2x_game=1 sf_pkg_layers=4 focus='indow{1f6b606 u0 com.ps2x.runner/android.app.NativeActivity}' last_window_change: vk_queued=2695 vk_dropped=0 vk_skipp
[00:59:37 t+  179.6] STRESS t=179.6 tick=3484 bg18 pid=1041 fds=run-as: sf_ps2x_game=0 sf_pkg_layers=3 focus='uncher3/com.android.launcher3.uioverrides.QuickstepLauncher}' last_window_change: vk_queued=2695 vk_dropped=0 vk_skipp
[00:59:41 t+  184.0] STRESS t=184.0 tick=3615 fg18 pid=1041 fds=run-as: sf_ps2x_game=1 sf_pkg_layers=4 focus='indow{1f6b606 u0 com.ps2x.runner/android.app.NativeActivity}' last_window_change: vk_queued=2762 vk_dropped=0 vk_skipp
[00:59:43 t+  185.3] STRESS t=185.3 tick=3615 bg19 pid=1041 fds=run-as: sf_ps2x_game=0 sf_pkg_layers=3 focus='uncher3/com.android.launcher3.uioverrides.QuickstepLauncher}' last_window_change: vk_queued=2762 vk_dropped=0 vk_skipp
[00:59:47 t+  190.0] STRESS t=190.0 tick=3700 fg19 pid=1041 fds=run-as: sf_ps2x_game=1 sf_pkg_layers=4 focus='indow{1f6b606 u0 com.ps2x.runner/android.app.NativeActivity}' last_window_change: vk_queued=2832 vk_dropped=0 vk_skipp
[00:59:48 t+  190.7] STRESS t=190.7 tick=3700 bg20 pid=1041 fds=run-as: sf_ps2x_game=0 sf_pkg_layers=3 focus='uncher3/com.android.launcher3.uioverrides.QuickstepLauncher}' last_window_change: vk_queued=2832 vk_dropped=0 vk_skipp
[00:59:52 t+  195.0] STRESS t=195.0 tick=3781 fg20 pid=1041 fds=run-as: sf_ps2x_game=1 sf_pkg_layers=4 focus='indow{1f6b606 u0 com.ps2x.runner/android.app.NativeActivity}' last_window_change: vk_queued=2904 vk_dropped=0 vk_skipp
[00:59:53 t+  195.5] SCAP sc05-stress-cycle20-t194.png tick~3781
[00:59:56 t+  198.3] STRESS t=198.3 tick=3781 switch1-away pid=1041 fds=run-as: sf_ps2x_game=0 sf_pkg_layers=3 focus='dc u0 com.android.settings/com.android.settings.SubSettings}' last_window_change: vk_queued=2904 vk_dropped=0 
[01:00:00 t+  202.9] STRESS t=202.9 tick=3892 switch1-back pid=1041 fds=run-as: sf_ps2x_game=1 sf_pkg_layers=4 focus='indow{1f6b606 u0 com.ps2x.runner/android.app.NativeActivity}' last_window_change: vk_queued=2980 vk_dropped=0 
[01:00:03 t+  205.9] STRESS t=205.9 tick=3892 switch2-away pid=1041 fds=run-as: sf_ps2x_game=0 sf_pkg_layers=3 focus='dc u0 com.android.settings/com.android.settings.SubSettings}' last_window_change: vk_queued=2980 vk_dropped=0 
[01:00:08 t+  210.4] STRESS t=210.4 tick=4002 switch2-back pid=1041 fds=run-as: sf_ps2x_game=1 sf_pkg_layers=4 focus='indow{1f6b606 u0 com.ps2x.runner/android.app.NativeActivity}' last_window_change: vk_queued=3053 vk_dropped=0 
[01:00:11 t+  213.4] STRESS t=213.4 tick=4002 switch3-away pid=1041 fds=run-as: sf_ps2x_game=0 sf_pkg_layers=3 focus='dc u0 com.android.settings/com.android.settings.SubSettings}' last_window_change: vk_queued=3053 vk_dropped=0 
[01:00:15 t+  217.9] STRESS t=217.9 tick=4108 switch3-back pid=1041 fds=run-as: sf_ps2x_game=1 sf_pkg_layers=4 focus='indow{1f6b606 u0 com.ps2x.runner/android.app.NativeActivity}' last_window_change: vk_queued=3124 vk_dropped=0 
[01:00:18 t+  220.7] STRESS t=220.7 tick=4108 switch4-away pid=1041 fds=run-as: sf_ps2x_game=0 sf_pkg_layers=3 focus='dc u0 com.android.settings/com.android.settings.SubSettings}' last_window_change: vk_queued=3124 vk_dropped=0 
[01:00:23 t+  225.2] STRESS t=225.2 tick=4214 switch4-back pid=1041 fds=run-as: sf_ps2x_game=1 sf_pkg_layers=4 focus='indow{1f6b606 u0 com.ps2x.runner/android.app.NativeActivity}' last_window_change: vk_queued=3192 vk_dropped=0 
[01:00:25 t+  227.9] STRESS t=227.9 tick=4214 switch5-away pid=1041 fds=run-as: sf_ps2x_game=0 sf_pkg_layers=3 focus='dc u0 com.android.settings/com.android.settings.SubSettings}' last_window_change: vk_queued=3192 vk_dropped=0 
[01:00:30 t+  232.5] STRESS t=232.5 tick=4330 switch5-back pid=1041 fds=run-as: sf_ps2x_game=1 sf_pkg_layers=4 focus='indow{1f6b606 u0 com.ps2x.runner/android.app.NativeActivity}' last_window_change: vk_queued=3270 vk_dropped=0 
[01:00:30 t+  233.0] SCAP sc06-stress-end-t232.png tick~4330
[01:00:30 t+  233.0] STRESS end tick=4330; stopping by t+293
[01:01:33 t+  295.4] STOP wall cap 293.0073699951172s tick=5440
[01:01:33 t+  296.0] SCAP sc07-final-t295.png tick~5440
[01:01:35 t+  297.4] THREADS
Threads: 28 total,   1 running,  27 sleeping,   0 stopped,   0 zombie
  Mem:  7342756K total,  5128788K used,  2213968K free,      556K buffers
 Swap: 10485752K total,   734132K used,  9751620K free,  2255064K cached
800%cpu  84%user   0%nice  32%sys 676%idle   0%iow   8%irq   0%sirq   0%host
  TID USER         PR  NI VIRT  RES  SHR S[%CPU] %MEM     TIME+ THREAD          PROCESS
 1270 u0_a113      10 -10  17G 723M 479M R 72.0  10.0   3:12.48 GameThread      com.ps2x.runner
 1251 u0_a113      10 -10  17G 723M 479M S 28.0  10.0   0:44.94 GsWorker        com.ps2x.runner
 1268 u0_a113      -3 -10  17G 723M 479M S  4.0  10.0   0:01.00 AAudio_1        com.ps2x.runner
 5217 u0_a113      20   0  17G 723M 479M S  0.0  10.0   0:00.00 binder:1041_5   com.ps2x.runner
 1338 u0_a113      20   0  17G 723M 479M S  0.0  10.0   0:00.00 InteractionJank com.ps2x.runner
 1337 u0_a113      20   0  17G 723M 479M S  0.0  10.0   0:00.00 binder:1041_2   com.ps2x.runner
 1272 u0_a113      10 -10  17G 723M 479M S  0.0  10.0   0:00.30 PGS-Waiter      com.ps2x.runner
 1271 u0_a113      39  19  17G 723M 479M S  0.0  10.0   0:00.00 com.ps:traceq0  com.ps2x.runner
 1262 u0_a113      20   0  17G 723M 479M S  0.0  10.0   0:00.12 binder:1041_4   com.ps2x.runner
 1261 u0_a113      10 -10  17G 723M 479M S  0.0  10.0   0:00.00 com.ps2x.runner com.ps2x.runner
 1255 u0_a113      20   0  17G 723M 479M S  0.0  10.0   0:00.10 InsetsAnimation com.ps2x.runner
 1254 u0_a113      20   0  17G 723M 479M S  0.0  10.0   0:00.00 SurfaceSyncGrou com.ps2x.runner
 1253 u0_a113      10 -10  17G 723M 479M S  0.0  10.0   0:00.00 VsyncReceiver   com.ps2x.runner
 1244 u0_a113      10 -10  17G 723M 479M S  0.0  10.0   0:00.01 com.ps2x.runner com.ps2x.runner
 1243 u0_a113      10 -10  17G 723M 479M S  0.0  10.0   0:00.49 com.ps2x.runner com.ps2x.runner

[01:01:35 t+  297.5] BATTERY status: 5 level: 100
[01:01:38 t+  300.3] RESTORE a8d651a7e55f7e29f1345f28f4ea634e06ae757f535e29439ab61c930bcc0ebd match=True
[01:01:38 t+  300.5] MC0-AFTER bad=[]
[01:01:38 t+  300.5] END pid-after=none disconnects=0
