REF_CHECK:mean=0.0000 p99=0 max=0 npix=224000 mode=PPM
REFMENU_CHECK:mean=0.0000 p99=0 max=0 npix=1310720 mode=PPM
REFSC_CHECK:mean=0.0000 p99=0 max=0 npix=1310720 mode=PPM
REFZC_CHECK:mean=0.0000 p99=0 max=0 npix=1310720 mode=PPM
REFSP_CHECK:mean=0.0000 p99=0 max=0 npix=1310720 mode=PPM
REFSM_CHECK:mean=0.0000 p99=0 max=0 npix=1310720 mode=PPM
REFSE_CHECK:mean=0.0000 p99=0 max=0 npix=1310720 mode=PPM
REFSETAG_CHECK:mean=0.0000 p99=0 max=0 npix=10150 mode=PPM
REFMR_CHECK:mean=0.0000 p99=0 max=0 npix=1310720 mode=PPM
REFPP_CHECK:mean=0.0000 p99=0 max=0 npix=1310720 mode=PPM
SELF_TEST mean=0.0000 p99=0
SELF_WHOLE=0.0000
SELF_MENU mean=0.0000 p99=0
SELF_SC mean=0.0000 p99=0
SELF_ZC mean=0.0000 p99=0
SELF_SP mean=0.0000 p99=0
SELF_SM mean=0.0000 p99=0
SELF_SE mean=0.0000 p99=0
SELF_SETAG mean=0.0000 p99=0
SELF_MR mean=0.0000 p99=0
SELF_PP mean=0.0000 p99=0
START_SCORE mean=13.0500 p99=143 MENU_T+:97
ATTEMPT_1 BEGIN MENU_T+:97
ATTEMPT_1 now score mean=19.1141 p99=124
ATTEMPT_1 on attract (non-title) -> Cross attract-skip
A1_CROSS_KEYDOWN_WALL:1789974017.031690969 UPTIME:163 MENU_T+:98
A1_CROSS_HELD_WALL:1789974017.050194612 UPTIME:163
A1_CROSS_KEYUP_WALL:1789974017.566959155 UPTIME:163 MENU_T+:98
ATTEMPT_1 poll01 score mean=0.4331 p99=6 MENU_T+:101
ATTEMPT_1 TITLE-DETECTED at poll01
A1_START_KEYDOWN_WALL:1789974020.298845121 UPTIME:166 MENU_T+:101
A1_START_HELD_WALL:1789974020.316804219 UPTIME:166
A1_START_KEYUP_WALL:1789974020.834301077 UPTIME:167 MENU_T+:101
ATTEMPT_1 post+3 score mean=16.2559 p99=139 MENU_T+:105
ATTEMPT_1 post+8 score mean=16.2945 p99=139
ATTEMPT_1 post+15 score mean=16.2610 p99=139
ATTEMPT_1 post+25 score mean=16.2610 p99=139
ATTEMPT_1 whole815=0.0356 whole1525=0.0168
ATTEMPT_1 post25-vs-menu mean=0.3002 p99=5
ATTEMPT_1 MENU-LIKE (non-title + static) -> park for menu Cross
MENUPRE vs-menu mean=0.2872 p99=5 MENU_T+:139
MENUPRE vs-title mean=16.2610 p99=139
MENU_CROSS_KEYDOWN_WALL:1789974059.424231336 UPTIME:205 MENU_T+:140
MENU_CROSS_HELD_WALL:1789974059.442925166 UPTIME:205
MENU_CROSS_KEYUP_WALL:1789974059.961015459 UPTIME:206 MENU_T+:140
MC post+1 titleband mean=12.5521 p99=164 vs-menu mean=10.2132 p99=106 vs-sc mean=0.4306 p99=7 MENU_T+:144
MC post+3 titleband mean=12.5596 p99=164 vs-menu mean=10.2289 p99=107 vs-sc mean=0.4533 p99=7
MC post+8 titleband mean=12.5352 p99=164 vs-menu mean=10.2141 p99=105 vs-sc mean=0.6053 p99=9
MC post+15 titleband mean=12.5352 p99=164 vs-menu mean=10.1954 p99=105 vs-sc mean=0.4303 p99=7
MC hops whole: pre-post1=10.1179 p1-p3=0.1074 p3-p8=0.2996 p8-p15=0.2232
SC-LIKE (non-menu + static) -> park for Zoe Cross
SCPRE vs-sc mean=0.5975 p99=9 MENU_T+:178
SCPRE vs-menu mean=10.1939 p99=105
SCPRE vs-title mean=12.6457 p99=164
ZOE_CROSS_KEYDOWN_WALL:1789974099.376434220 UPTIME:245 MENU_T+:180
ZOE_CROSS_HELD_WALL:1789974099.394914529 UPTIME:245
ZOE_CROSS_KEYUP_WALL:1789974099.911591092 UPTIME:246 MENU_T+:180
ZC post+1 titleband mean=15.9280 p99=128 vs-sc mean=7.2305 p99=100 vs-zc mean=0.5301 p99=9 MENU_T+:184
ZC post+3 titleband mean=15.8550 p99=128 vs-sc mean=7.2942 p99=101 vs-zc mean=0.4674 p99=8
ZC post+8 titleband mean=15.8525 p99=128 vs-sc mean=7.1421 p99=100 vs-zc mean=0.4782 p99=8
ZC hops whole: pre-post1=7.2495 p1-p3=0.3043 p3-p8=0.2904
ZC-LIKE (departed + non-SC + static) -> park for Continue Cross
CCPRE vs-zc mean=0.4463 p99=8 MENU_T+:207
CCPRE vs-sc mean=7.2801 p99=100
CCPRE vs-title mean=15.8238 p99=128
CONT_CROSS_KEYDOWN_WALL:1789974128.088976856 UPTIME:274 MENU_T+:209
CONT_CROSS_HELD_WALL:1789974128.106682129 UPTIME:274
CONT_CROSS_KEYUP_WALL:1789974128.623613535 UPTIME:274 MENU_T+:209
SP post+1 titleband mean=23.1274 p99=171 vs-zc mean=9.4701 p99=154 vs-sp mean=0.3731 p99=6 MENU_T+:213
SP post+3 titleband mean=23.1279 p99=171 vs-zc mean=9.4641 p99=154 vs-sp mean=0.3907 p99=6
SP post+8 titleband mean=23.1292 p99=171 vs-zc mean=9.4546 p99=154 vs-sp mean=0.3563 p99=5
SP hops whole: pre-post1=9.3228 p1-p3=0.0595 p3-p8=0.0391
SP-LIKE (departed + non-ZC + static) -> park for Peak Cross
SPPRE vs-sp mean=0.4237 p99=6 MENU_T+:236
SPPRE vs-zc mean=9.5199 p99=154
SPPRE vs-title mean=23.1279 p99=171
PEAK_CROSS_KEYDOWN_WALL:1789974156.768758446 UPTIME:303 MENU_T+:237
PEAK_CROSS_HELD_WALL:1789974156.787563344 UPTIME:303
PEAK_CROSS_KEYUP_WALL:1789974157.305379969 UPTIME:303 MENU_T+:238
PC post+1 titleband mean=26.3170 p99=183 vs-sp mean=5.3724 p99=121 vs-sm mean=0.4115 p99=6 MENU_T+:241
PC post+3 titleband mean=26.3170 p99=183 vs-sp mean=5.3509 p99=121 vs-sm mean=0.3912 p99=6
PC post+8 titleband mean=26.3306 p99=183 vs-sp mean=5.3727 p99=121 vs-sm mean=0.4108 p99=6
PC hops whole: pre-post1=5.2290 p1-p3=0.0334 p3-p8=0.0358
SM-LIKE (departed + non-SP + static) -> park for Race Cross
SMPRE vs-sm mean=0.3918 p99=6 MENU_T+:264
SMPRE se-tag mean=14.3278 p99=89
SMPRE vs-sp mean=5.3515 p99=121
SMPRE vs-title mean=26.3170 p99=183
RACE_CROSS_KEYDOWN_WALL:1789974186.068395563 UPTIME:332 MENU_T+:267
RACE_CROSS_HELD_WALL:1789974186.087024360 UPTIME:332
RACE_CROSS_KEYUP_WALL:1789974186.604134353 UPTIME:332 MENU_T+:267
RC post+1 titleband mean=26.2104 p99=183 vs-sm mean=0.8074 p99=11 se-tag mean=2.6271 p99=11 MENU_T+:270
RC post+3 titleband mean=26.2141 p99=183 vs-sm mean=0.8084 p99=11 se-tag mean=2.6271 p99=11
RC post+8 titleband mean=26.2104 p99=183 vs-sm mean=0.8650 p99=14 se-tag mean=2.6271 p99=11 vs-sp mean=5.5054 p99=121 vs-se mean=0.4611 p99=7
RC hops whole: pre-post1=0.4560 p1-p3=0.0014 p3-p8=0.0641
SE-LIKE (static + non-SP + se-tag) -> park for SnowJam Cross
SEPRE se-tag mean=2.6271 p99=11 MENU_T+:294
SEPRE vs-se mean=0.4068 p99=6
SEPRE vs-sm mean=0.8111 p99=11
SEPRE vs-sp mean=5.4509 p99=121
SEPRE vs-title mean=26.2104 p99=183
SNOWJAM_CROSS_KEYDOWN_WALL:1789974217.133909115 UPTIME:363 MENU_T+:298
SNOWJAM_CROSS_HELD_WALL:1789974217.152455580 UPTIME:363
SNOWJAM_CROSS_KEYUP_WALL:1789974217.669705031 UPTIME:364 MENU_T+:298
SJ post+1 titleband mean=9.8525 p99=137 vs-se mean=10.6339 p99=143 vs-mr mean=0.4106 p99=7 MENU_T+:302
SJ post+3 titleband mean=9.8393 p99=137 vs-se mean=10.6368 p99=143 vs-mr mean=0.4028 p99=7
SJ post+8 titleband mean=9.8973 p99=138 vs-se mean=10.6846 p99=143 vs-mr mean=0.4524 p99=8
SJ hops whole: pre-post1=10.5472 p1-p3=0.0308 p3-p8=0.0760
MR-LIKE (departed + non-SE + static) -> park for Enter Cross
MRPRE vs-mr mean=0.3998 p99=7 MENU_T+:325
MRPRE vs-se mean=10.6338 p99=143
MRPRE vs-title mean=9.8393 p99=137
ENTER_CROSS_KEYDOWN_WALL:1789974245.780096931 UPTIME:392 MENU_T+:326
ENTER_CROSS_HELD_WALL:1789974245.797850847 UPTIME:392
ENTER_CROSS_KEYUP_WALL:1789974246.314562548 UPTIME:392 MENU_T+:327
MR post+1 titleband mean=17.2808 p99=168 vs-mr mean=12.4898 p99=148 vs-pp mean=21.0617 p99=169 MENU_T+:330
MR post+3 titleband mean=17.4235 p99=171 vs-mr mean=12.4043 p99=147 vs-pp mean=21.0415 p99=168
MR post+8 titleband mean=29.4084 p99=237 vs-mr mean=20.3473 p99=197 vs-pp mean=19.2176 p99=190
MR post+15 titleband mean=34.5180 p99=184 vs-mr mean=19.2971 p99=153 vs-pp mean=0.9968 p99=19
MR post+25 titleband mean=34.5175 p99=184 vs-mr mean=19.6624 p99=153 vs-pp mean=0.7198 p99=9
MR post+40 titleband mean=34.5211 p99=184 vs-mr mean=19.3475 p99=153 vs-pp mean=0.9281 p99=16
MR hops whole: pre-post1=12.4577 p1-p3=1.4407 p3-p8=25.2533 p8-p15=19.2427 p15-p25=0.4364 p25-p40=0.3690
MR_STAB1 titleband mean=34.5193 p99=184 vs-mr mean=19.5721 p99=153 vs-pp mean=0.6902 p99=9 MENU_T+:406
MR_STAB2 titleband mean=34.5181 p99=184 vs-mr mean=19.5477 p99=153 vs-pp mean=0.7066 p99=9 MENU_T+:419
MR panel hops whole: post40-stab1=0.2715 stab1-stab2=0.0435
PP-LIKE (departed + static x3 + non-MR) -> park for X-Continue Cross
PPPRE vs-pp mean=0.9929 p99=19 MENU_T+:430
PPPRE vs-mr mean=19.2959 p99=153
PPPRE vs-title mean=34.5233 p99=184
XCROSS_KEYDOWN_WALL:1789974351.046628533 UPTIME:497 MENU_T+:432
XCROSS_HELD_WALL:1789974351.066856400 UPTIME:497
XCROSS_KEYUP_WALL:1789974351.584564722 UPTIME:497 MENU_T+:432
X post+1 titleband mean=19.5704 p99=169 vs-pp mean=14.4887 p99=153 MENU_T+:435
X post+3 titleband mean=24.7356 p99=158 vs-pp mean=15.2475 p99=139
X post+8 titleband mean=12.2966 p99=123 vs-pp mean=21.1616 p99=165
X post+15 titleband mean=16.3951 p99=165 vs-pp mean=21.2795 p99=169
X post+25 titleband mean=21.4566 p99=124 vs-pp mean=17.2940 p99=150
X post+40 titleband mean=21.7846 p99=161 vs-pp mean=18.7817 p99=166
X hops whole: pre-post1=14.1920 p1-p3=14.0000 p3-p8=14.9899 p8-p15=7.9162 p15-p25=11.4682 p25-p40=9.4272
X_STAB1 titleband mean=22.5014 p99=121 vs-pp mean=17.3497 p99=161 MENU_T+:505
X_STAB2 titleband mean=19.3422 p99=107 vs-pp mean=13.7692 p99=117 MENU_T+:517
X_STAB3 titleband mean=26.3955 p99=139 vs-pp mean=13.0061 p99=129 MENU_T+:529
X_STAB4 titleband mean=12.1798 p99=105 vs-pp mean=17.8958 p99=136 MENU_T+:541
X_STAB5 titleband mean=12.4746 p99=126 vs-pp mean=18.1289 p99=151 MENU_T+:553
X_STAB6 titleband mean=14.6642 p99=136 vs-pp mean=20.3232 p99=185 MENU_T+:564
