[09:08:03] PRE lease="LEASE_FREE F1 done" keyguard="showing=false" battery=58% ac=true pid0=none
[09:08:03] PRE device-env=9fb46f8509adb1362b5ac74d35ac63a340e39228b64914848ce5ed85d6b74d13 mc0-test='' mc0-bad=[]
[09:08:03] ENV 907da66907c2af73b25062b75b670ddb7e4199992aed11db7b14b4724a52c4c6  /storage/emulated/0/Android/data/com.ps2x.runner/files/ps2x.env
[09:08:03 t+    0.0] AM Starting: Intent { cmp=com.ps2x.runner/android.app.NativeActivity }
[09:08:09 t+    6.1] BACK sent
[09:08:11 t+    8.2] LAYER 'com.ps2x.runner/android.app.NativeActivity#15721' tried=['com.ps2x.runner/android.app.NativeActivity#15721']
[09:10:07 t+  123.8] SCAP sc01-tick2100-t123.png tick~2136
[09:11:50 t+  227.4] SCAP sc02-tick3000-t227.png tick~3006
[09:13:52 t+  349.5] SCAP sc03-tick4000-t349.png tick~4024
[09:14:46 t+  402.8] STOP tick 4532 >= 4500
[09:14:46 t+  403.1] SCAP sc04-final-t402.png tick~4532
[09:14:47 t+  404.5] THREADS
Threads: 27 total,   2 running,  25 sleeping,   0 stopped,   0 zombie
  Mem:  7342756K total,  4502784K used,  2839972K free,      732K buffers
 Swap: 10485752K total,   689676K used,  9796076K free,  1945236K cached
800%cpu  96%user   0%nice  42%sys 654%idle   0%iow   8%irq   0%sirq   0%host
  TID USER         PR  NI VIRT  RES  SHR S[%CPU] %MEM     TIME+ THREAD          PROCESS
 3938 u0_a113      10 -10  17G 709M 469M R 76.9   9.8   4:39.90 GameThread      com.ps2x.runner
 3922 u0_a113      10 -10  17G 709M 469M R 34.6   9.8   2:22.37 GsWorker        com.ps2x.runner
 3920 u0_a113      10 -10  17G 709M 469M S  3.8   9.8   0:22.00 com.ps2x.runner com.ps2x.runner
 4030 u0_a113      20   0  17G 709M 469M S  0.0   9.8   0:00.24 binder:3888_4   com.ps2x.runner
 3966 u0_a113      20   0  17G 709M 469M S  0.0   9.8   0:00.00 InteractionJank com.ps2x.runner
 3960 u0_a113      20   0  17G 709M 469M S  0.0   9.8   0:00.00 InsetsAnimation com.ps2x.runner
 3955 u0_a113      10 -10  17G 709M 469M S  0.0   9.8   0:00.22 PGS-Waiter      com.ps2x.runner
 3939 u0_a113      39  19  17G 709M 469M S  0.0   9.8   0:00.00 com.ps:traceq0  com.ps2x.runner
 3937 u0_a113      -3 -10  17G 709M 469M S  0.0   9.8   0:01.39 AAudio_1        com.ps2x.runner
 3927 u0_a113      10 -10  17G 709M 469M S  0.0   9.8   0:00.00 com.ps2x.runner com.ps2x.runner
 3931 u0_a113      20   0  17G 709M 469M S  0.0   9.8   0:00.41 binder:3888_4   com.ps2x.runner
 3926 u0_a113      20   0  17G 709M 469M S  0.0   9.8   0:00.55 binder:3888_3   com.ps2x.runner
 3925 u0_a113      20   0  17G 709M 469M S  0.0   9.8   0:00.00 SurfaceSyncGrou com.ps2x.runner
 3924 u0_a113      10 -10  17G 709M 469M S  0.0   9.8   0:00.00 VsyncReceiver   com.ps2x.runner
 3921 u0_a113      10 -10  17G 709M 469M S  0.0   9.8   0:00.01 com.ps2x.runner com.ps2x.runner

[09:14:47 t+  404.5] BATTERY status: 3 level: 57
[09:14:50 t+  406.8] RESTORE 9fb46f8509adb1362b5ac74d35ac63a340e39228b64914848ce5ed85d6b74d13 match=True
[09:14:50 t+  407.0] MC0-AFTER bad=[]
[09:14:50 t+  407.0] END pid-after=none
