[20:39:10] PRE lease="LEASE_FREE VK1 done" keyguard="showing=false" battery=100% ac=true pid0=none
[20:39:10] PRE device-env=a8d651a7e55f7e29f1345f28f4ea634e06ae757f535e29439ab61c930bcc0ebd mc0-test='' mc0-bad=[]
[20:39:10] APK local sha x2 3e493b44697d8e61866b43bed70d86536f57764dc7c7b812310fcf1cc5776220 3e493b44697d8e61866b43bed70d86536f57764dc7c7b812310fcf1cc5776220
[20:39:13] INSTALL Performing Streamed Install Success
[20:39:14] INSTALLED /data/app/~~nuefzYAJs8kIEZSNJSHMKQ==/com.ps2x.runner-FYyj7zlZdJfA2-jnlqZzjA==/base.apk sha=3e493b44697d8e61866b43bed70d86536f57764dc7c7b812310fcf1cc5776220 match=True
[20:39:14] ENV a50f2a01cce7162075e2a66dc4990b9255c0d6508d4934c0c2b48435f9bec215  /storage/emulated/0/Android/data/com.ps2x.runner/files/ps2x.env
[20:39:14 t+    0.0] AM Starting: Intent { cmp=com.ps2x.runner/android.app.NativeActivity }
[20:39:20 t+    6.2] FOCUS app-foreground, no BACK ('mCurrentFocus=Window{6cd8d3c u0 com.ps2x.runner/android.app.NativeActivity}')
[20:39:23 t+    8.6] LAYER 'com.ps2x.runner/android.app.NativeActivity#18372' tried=['com.ps2x.runner/android.app.NativeActivity#18363', 'RequestedLayerState{ActivityRecord{5162afe u0 com.ps2x.runner/android.app.NativeActivity#18363 parentId=18362}', 'com.ps2x.runner/android.app.NativeActivity#18372']
[20:40:50 t+   96.4] SCAP sc01-tick2100-t96.png tick~2147
[20:42:22 t+  188.0] SCAP sc02-tick3000-t187.png tick~3045
[20:43:57 t+  283.3] SCAP sc03-tick4000-t282.png tick~4035
[20:44:43 t+  328.6] STOP tick 4539 >= 4500
[20:44:43 t+  328.9] SCAP sc04-final-t328.png tick~4539
[20:44:44 t+  330.4] THREADS
Threads: 27 total,   0 running,  27 sleeping,   0 stopped,   0 zombie
  Mem:  7342756K total,  5370112K used,  1972644K free,      724K buffers
 Swap: 10485752K total,   744576K used,  9741176K free,  2689224K cached
800%cpu  62%user   0%nice  19%sys 708%idle   0%iow   8%irq   4%sirq   0%host
  TID USER         PR  NI VIRT  RES  SHR S[%CPU] %MEM     TIME+ THREAD          PROCESS
 6197 u0_a113      10 -10  17G 790M 541M S 61.5  11.0   2:55.43 GameThread      com.ps2x.runner
 6175 u0_a113      10 -10  17G 790M 541M S  7.6  11.0   0:14.55 Thread-3        com.ps2x.runner
 6177 u0_a113      10 -10  17G 790M 541M S  7.6  11.0   0:38.22 GsWorker        com.ps2x.runner
 6207 u0_a113      20   0  17G 790M 541M S  0.0  11.0   0:00.00 InteractionJank com.ps2x.runner
 6205 u0_a113      20   0  17G 790M 541M S  0.0  11.0   0:00.21 binder:6135_3   com.ps2x.runner
 6199 u0_a113      10 -10  17G 790M 541M S  0.0  11.0   0:00.24 PGS-Waiter      com.ps2x.runner
 6198 u0_a113      39  19  17G 790M 541M S  0.0  11.0   0:00.00 com.ps:traceq0  com.ps2x.runner
 6196 u0_a113      -3 -10  17G 790M 541M S  0.0  11.0   0:01.19 AAudio_1        com.ps2x.runner
 6189 u0_a113      10 -10  17G 790M 541M S  0.0  11.0   0:00.00 com.ps2x.runner com.ps2x.runner
 6182 u0_a113      20   0  17G 790M 541M S  0.0  11.0   0:00.00 InsetsAnimation com.ps2x.runner
 6179 u0_a113      10 -10  17G 790M 541M S  0.0  11.0   0:00.00 VsyncReceiver   com.ps2x.runner
 6181 u0_a113      20   0  17G 790M 541M S  0.0  11.0   0:00.38 binder:6135_4   com.ps2x.runner
 6180 u0_a113      20   0  17G 790M 541M S  0.0  11.0   0:00.00 SurfaceSyncGrou com.ps2x.runner
 6176 u0_a113      10 -10  17G 790M 541M S  0.0  11.0   0:00.00 com.ps2x.runner com.ps2x.runner
 6164 u0_a113      20   0  17G 790M 541M S  0.0  11.0   0:00.00 binder:6135_2   com.ps2x.runner

[20:44:44 t+  330.4] BATTERY status: 5 level: 100
[20:44:47 t+  332.9] RESTORE a8d651a7e55f7e29f1345f28f4ea634e06ae757f535e29439ab61c930bcc0ebd match=True
[20:44:47 t+  333.0] MC0-AFTER bad=[]
[20:44:47 t+  333.1] END pid-after=none disconnects=0
