VIDEO_START_KEYDOWN_WALL:1790210114.648351894 UPTIME:401 MENU_T+:70
VIDEO_START_KEYUP_WALL:1790210115.182702316 UPTIME:401 MENU_T+:71
A1_CROSS_KEYDOWN_WALL:1790210115.187763722 UPTIME:401 MENU_T+:71
A1_CROSS_KEYUP_WALL:1790210115.721873189 UPTIME:402 MENU_T+:71
A1 poll1 score mean=0.4329 p99=6 MENU_T+:74
A1 TITLE-DETECTED at poll1
TITLE_t1_KEYDOWN_WALL:1790210118.473057540 UPTIME:404 MENU_T+:74
TITLE_t1_KEYUP_WALL:1790210120.506691080 UPTIME:406 MENU_T+:76
TITLE try1 ident mean=0.3516 p99=6
MENU_t1_KEYDOWN_WALL:1790210133.549758800 UPTIME:420 MENU_T+:89
MENU_t1_KEYUP_WALL:1790210135.582858127 UPTIME:422 MENU_T+:91
MENU try1 ident mean=0.6025 p99=9
SC_SETTLED ident mean=0.5620 p99=8
GSHOT_au4a-sc_KEYDOWN_WALL:1790210164.791477064 UPTIME:451 MENU_T+:120
GSHOT_au4a-sc_KEYUP_WALL:1790210165.325977389 UPTIME:451 MENU_T+:121
GSHOT_au4a-sc newest=SSX 3_SLUS-20772_20260923203605.png
SC_t1_KEYDOWN_WALL:1790210167.338781569 UPTIME:453 MENU_T+:123
SC_t1_KEYUP_WALL:1790210169.371905431 UPTIME:455 MENU_T+:125
SC try1 ident mean=0.3681 p99=6
ZC_t1_KEYDOWN_WALL:1790210182.428513068 UPTIME:468 MENU_T+:138
ZC_t1_KEYUP_WALL:1790210184.462094723 UPTIME:470 MENU_T+:140
ZC try1 ident mean=0.3805 p99=5
SP_t1_KEYDOWN_WALL:1790210197.499755365 UPTIME:483 MENU_T+:153
SP_t1_KEYUP_WALL:1790210199.533336150 UPTIME:485 MENU_T+:155
