[    0.0012] Looping dump playback 1 times.
[    0.0012] Disabling shader cache
[    0.0012] Running surfaceless
[    0.0014] Saving dumps as /home/brad/au4/replayframes/SSX 3_SLUS-20772_20260921005452_frameN.png
[    0.0015] PCSX2 v2.9.75
[    0.0015] Savestate version: 0x9a590000
[    0.0015] 
[    0.0015] 
[    0.0015] Host Machine Init:
[    0.0015]   Operating System = Ubuntu 24.04
[    0.0015]   Available RAM    = 9250 MB (9.03 GB)
[    0.0016]   Physical RAM     = 9946 MB (9.71 GB)
[    0.0016] 
[    0.0016]   Processor        = Intel 13th Gen Core i5-13600K
[    0.0016]   Core Count       = 10 cores
[    0.0016]   Thread Count     = 20 threads
[    0.0016]   Cluster Count    = 1 clusters
[    0.0016] CPU Extensions Detected:
[    0.0016]   AVX AVX2
[    0.0016] 
[    0.0016] Allocating host memory for virtual systems...
[    0.0021]   EE Main Memory                   @ 0x00007FBDE3200000 -> 0x00007FBDEC100000 [143mb]
[    0.0021]   IOP Main Memory                  @ 0x00007FBDEC100000 -> 0x00007FBDF4200000 [129mb]
[    0.0021]   VU0/1 On-Chip Memory             @ 0x00007FBDF4200000 -> 0x00007FBDF4300000 [1mb]
[    0.0021]   VTLB Virtual Map                 @ 0x00007FBDF4300000 -> 0x00007FBDF4B00000 [8mb]
[    0.0021]   VTLB Address Map                 @ 0x00007FBDF4B00000 -> 0x00007FBDF4F00000 [4mb]
[    0.0021]   R5900 Recompiler Cache           @ 0x00007FBDF4F00000 -> 0x00007FBDF8F00000 [64mb]
[    0.0021]   R3000A Recompiler Cache          @ 0x00007FBDF8F00000 -> 0x00007FBDFAF00000 [32mb]
[    0.0021]   Micro VU0 Recompiler Cache       @ 0x00007FBDFBF00000 -> 0x00007FBDFFF00000 [64mb]
[    0.0021]   Micro VU1 Recompiler Cache       @ 0x00007FBDFFF00000 -> 0x00007FBE03F00000 [64mb]
[    0.0021]   VIF0 Unpack Recompiler Cache     @ 0x00007FBDFAF00000 -> 0x00007FBDFB700000 [8mb]
[    0.0021]   VIF1 Unpack Recompiler Cache     @ 0x00007FBDFB700000 -> 0x00007FBDFBF00000 [8mb]
[    0.0021]   VIF Unpack Recompiler Cache      @ 0x00007FBE03F00000 -> 0x00007FBE04000000 [1mb]
[    0.0021]   GS Software Renderer             @ 0x00007FBE04000000 -> 0x00007FBE08000000 [64mb]
[    0.0030] Fastmem area: 0x7fbce3200000 - 0x7fbde31fffff
[    0.0031] Generating SSE-optimized unpacking functions for VIF interpreters...
[    0.0036] Unpack function generation complete.  Generated function statistics:
[    0.0036]   Reserved buffer    : 1048576 bytes @ 0x00007FBE03F00000
[    0.0036]   x86 code generated : 7422 bytes
[    0.0036] 
[    0.0039] SDLInputSource: Using Controller DB from resources.
[    0.0129] SDLInputSource: 765 gamepad mappings are loaded.
[    0.0130] Applying settings...
[    0.0138] (GSDumpReplayer) Reading file '/home/brad/pcsx2-g7/dat-g13/PCSX2/snaps/SSX 3_SLUS-20772_20260921005452.gs'...
[    0.0253] (GSDumpReplayer) Read file in 11.51 ms.
[    0.0253] Opening CDVD...
[    0.0253] GameDB: Has not been initialized yet, initializing...
[    0.0498] GameDB: 12841 games on record (loaded in 24.44ms)
[    0.0498] Disc changed to .
[    0.0498]   Name: SSX 3
[    0.0498]   Serial: SLUS-20772
[    0.0498]   Version: 
[    0.0498]   CRC: 08FFF00D
[    0.0502] No game settings found (tried '/home/brad/.config/PCSX2/gamesettings/08FFF00D.ini')
[    0.0502] Applying settings...
[    0.0509] [Unsafe Settings] Graphics API is not set to Automatic. This may cause performance problems and graphical issues.
[    0.0509] OSD [unsafe_settings_warning]:  Graphics API is not set to Automatic. This may cause performance problems and graphical issues.
[    0.0509] OSD [HWBlendingWarning]:  Current Blending Accuracy is Basic.
[    0.0509] Recommended Blending Accuracy for this game is Full.
[    0.0509] You can adjust the blending level in Game Properties to improve
[    0.0509] graphical quality, but this will increase system requirements.
[    0.0509] GameDB: Enabled GS Hardware Fix: recommendedBlendingLevel to [mode=4]
[    0.0509] GameDB: Enabled GS Hardware Fix: textureInsideRT to [mode=1]
[    0.0509] GameDB: Enabled GS Hardware Fix: halfPixelOffset to [mode=2]
[    0.0509] GameDB: Enabled GS Hardware Fix: nativeScaling to [mode=1]
[    0.0512] OSD [PatchesZipOpenWarning]: Failed to open patches.zip. Built-in game patches are not available.
[    0.0512] Failed to open /home/brad/pcsx2-g7/pcsx2/build/bin/resources/patches.zip: No such file
[    0.0515] VU0 Int Reset
[    0.0515] VU1 Int Reset
[    0.0544] Resetting host memory for virtual systems...
[    0.1937] Time Zone Offset: GMT+00:00
[    0.1937] Time Zone Location: Afghanistan
[    0.1937] DST: Winter Time
[    0.1937] Time Format: 24-Hour
[    0.1937] Date Format: YYYY/MM/DD
[    0.1937] System Time Basis: Operating System Time
[    0.1938] Resulting System Time: 2026-09-24 00:31:45
[    0.1938] Close virtual disk tray
[    0.1938] Detecting media
[    0.1938] Opening GS...
[    0.3597] VK: Enabling extension: VK_KHR_get_surface_capabilities2
[    0.3859] No GPU requested, using first (llvmpipe (LLVM 20.1.2, 256 bits))
[    0.3859] 1 vulkan queue families
[    0.3859] VK: Enabling extension: VK_KHR_push_descriptor
[    0.3859] VK: Enabling extension: VK_EXT_provoking_vertex
[    0.3859] VK: Enabling extension: VK_EXT_memory_budget
[    0.3859] VK: Enabling extension: VK_EXT_calibrated_timestamps
[    0.3859] VK: Enabling extension: VK_EXT_rasterization_order_attachment_access
[    0.3860] VK: Enabling extension: VK_EXT_attachment_feedback_loop_layout
[    0.3860] VK: Enabling extension: VK_EXT_line_rasterization
[    0.3860] VK: Enabling extension: VK_KHR_driver_properties
[    0.3860] VK: Enabling extension: VK_EXT_fragment_shader_interlock
[    0.4213] GPU timing is supported (TS=1 TS valid bits=64, TS period=1.000000)
[    0.4213] GPU pipeline statistics is supported
[    0.4213] VK_EXT_provoking_vertex is supported
[    0.4213] VK_EXT_memory_budget is supported
[    0.4213] VK_EXT_calibrated_timestamps is supported
[    0.4213] VK_EXT_rasterization_order_attachment_access is supported
[    0.4213] VK_EXT_swapchain_maintenance1 is NOT supported
[    0.4213] VK_EXT_full_screen_exclusive is NOT supported
[    0.4213] VK_KHR_driver_properties is supported
[    0.4213] VK_EXT_attachment_feedback_loop_layout is supported
[    0.4213] VK_EXT_fragment_shader_interlock is supported
[    0.4214] Optional features: primitive_id texture_barrier framebuffer_fetch provoking_vertex_last vs_expand
[    0.4214] Using hardware for point expansion and hardware for line expansion.
[    0.9251] Vulkan Graphics Driver Info:
[    0.9251] Driver 25.2.8
[    0.9251] Vulkan 1.4.318
[    0.9251] Conformance Version 1.3.1.1
[    0.9251] Mesa 25.2.8-0ubuntu0.24.04.2 (LLVM 20.1.2)
[    0.9251] llvmpipe
[    0.9251] llvmpipe (LLVM 20.1.2, 256 bits)
[    0.9271] Opening SPU2...
[    0.9272] Creating Cubeb audio stream, sample rate = 48000, expansion = Disabled, buffer = 50, latency = 20, stretching enabled, driver = , device = 
[    0.9295] Minimum latency: 25 ms (1200 audio frames)
[    0.9296] Minimum latency is above requested latency: 1200 vs 960, adjusting to compensate.
[    0.9297] Allocated buffer of 38400 frames for buffer of 50 ms [expansion Disabled (block size 2048), stretch enabled, target size 2432].
[    0.9297] cubeb_pulse.c:924:Requested buffer attributes maxlength 4294967295, tlength 9600, prebuf 4294967295, minreq 2400, fragsize 2400
[    0.9321] cubeb_pulse.c:1035:Output buffer attributes maxlength 4194304, tlength 7200, prebuf 4808, minreq 2400, fragsize 2400
[    0.9321] cubeb_pulse.c:1049:Cubeb stream (0x7fbe0904a860) init successful.
[    0.9323] cubeb_pulse.c:1115:Cubeb stream (0x7fbe0904a860) started successfully.
[    0.9323] Initializing Pad...
[    0.9323] OSD [ControllerNotConfigured]: Controller 1 has no input bindings configured.
[    0.9323] Initializing SIO2...
[    0.9323] Initializing SIO0...
[    0.9323] Opening DEV9...
[    0.9323] DEV9: DEV9init
[    0.9328] DEV9: DEV9init2
[    0.9328] DEV9: DEV9init3
[    0.9346] DEV9: DEV9init ok
[    0.9346] DEV9: DEV9open
[    0.9346] Opening USB...
[    0.9346] Opening FW...
[    0.9348] Frame rate: 59.94, target speed: 1, target frame rate: 59.94, ticks per frame: 16683350
[    0.9374] VM subsystems initialized in 924.31 ms
[    0.9377] Failed to inhibit screen saver.
[    0.9378] Failed to inhibit screen saver.
[    0.9384] G12_DUMP_VSYNC dump_frame=1
[    0.9390] G12_DUMP_VSYNC dump_frame=2
[    0.9607] G12_VSYNC field=1 idle=0 n=98 DISPFB0_FBP=112
[    0.9632] MultiPause time: 261ns
[    0.9633] G12_DUMP_VSYNC dump_frame=3
[    0.9712] G12_DUMP_VSYNC dump_frame=4
[    1.0153] G12_VSYNC field=0 idle=0 n=198 DISPFB0_FBP=112
[    1.0291] G12_DUMP_VSYNC dump_frame=5
[    1.0291] G12_VSYNC field=1 idle=0 n=297 DISPFB0_FBP=112
[    1.0389] G12_DUMP_VSYNC dump_frame=6
[    1.0396] G12_VSYNC field=0 idle=0 n=396 DISPFB0_FBP=112
[    1.0479] G12_DUMP_VSYNC dump_frame=7
[    1.0483] G12_VSYNC field=1 idle=0 n=495 DISPFB0_FBP=112
[    1.0575] G12_DUMP_VSYNC dump_frame=8
[    1.0577] G12_VSYNC field=0 idle=0 n=594 DISPFB0_FBP=112
[    1.0715] G12_VSYNC field=1 idle=0 n=693 DISPFB0_FBP=112
[    1.0856] G12_VSYNC field=0 idle=0 n=792 DISPFB0_FBP=112
[    1.1077] cubeb_pulse.c:1131:Cubeb stream (0x7fbe0904a860) stopped successfully.
[    1.1079] cubeb_pulse.c:1082:Cubeb stream (0x7fbe0904a860) destroyed successfully.
[    1.1083] DEV9: DEV9close
[    1.1145] DEV9: DEV9shutdown
[    1.1145] (GSDumpReplayer) Shutting down.
[    1.1145] ======= HW STATISTICS FOR 8 (8) FRAMES ========
[    1.1145] @HWSTAT@ Draw Calls: 791 (avg 99)
[    1.1145] @HWSTAT@ Render Passes: 37 (avg 5)
[    1.1145] @HWSTAT@ Barriers: 0 (avg 0)
[    1.1145] @HWSTAT@ Copies: 14 (avg 2)
[    1.1145] @HWSTAT@ Uploads: 320 (avg 40)
[    1.1145] @HWSTAT@ Readbacks: 6 (avg 1)
[    1.1145] @HWSTAT@ Copies (ROV): 0 (avg 0)
[    1.1145] @HWSTAT@ Draws Calls (ROV): 0 (avg 0)
[    1.1145] @HWSTAT@ Barriers (ROV): 0 (avg 0)
[    1.1145] ============================================
[    1.1158] Releasing host memory for virtual systems...
