[00:30:00] PRE lease="F6 2026-09-26T04:29:51Z" keyguard="showing=false" battery=100% ac=true pid0=none
[00:30:00] PRE device-env=a8d651a7e55f7e29f1345f28f4ea634e06ae757f535e29439ab61c930bcc0ebd mc0-test='' mc0-bad=[]
[00:30:00] APK local sha x2 4ff81032a175689be276819381f5ff52710e37101f99289d76b25a5c95609753 4ff81032a175689be276819381f5ff52710e37101f99289d76b25a5c95609753
[00:30:03] INSTALL Performing Streamed Install Success
[00:30:03] INSTALLED /data/app/~~2T0DwUjKmC1LAuN6S58FQA==/com.ps2x.runner-LE3PZK2xafixjzAnTSN--g==/base.apk sha=4ff81032a175689be276819381f5ff52710e37101f99289d76b25a5c95609753 match=True
[00:30:03] ENV 80670ab5f626af9f5b13893e7243269472810df50fe26a4cefdfb79f4cc5f27d  /storage/emulated/0/Android/data/com.ps2x.runner/files/ps2x.env
[00:30:04 t+    0.1] AM Starting: Intent { cmp=com.ps2x.runner/android.app.NativeActivity }
[00:30:10 t+    6.2] FOCUS app-foreground, no BACK ('mCurrentFocus=Window{2ce92ca u0 com.ps2x.runner/android.app.NativeActivity}')
[00:30:12 t+    8.5] LAYER 'com.ps2x.runner/android.app.NativeActivity#19929' tried=['com.ps2x.runner/android.app.NativeActivity#19928', 'RequestedLayerState{2ce92ca com.ps2x.runner/android.app.NativeActivity#19928 parentId=19919}', 'com.ps2x.runner/android.app.NativeActivity#19929']
[00:31:19 t+   75.9] SCAP sc01-tick2100-t75.png tick~2115
[00:32:21 t+  137.4] SCAP sc02-tick3000-t137.png tick~3002
[00:33:31 t+  207.8] SCAP sc03-tick4000-t207.png tick~4068
[00:33:55 t+  231.2] STOP tick 4506 >= 4500
[00:33:55 t+  231.6] SCAP sc04-final-t231.png tick~4506
[00:33:57 t+  233.0] THREADS
Threads: 29 total,   2 running,  27 sleeping,   0 stopped,   0 zombie
  Mem:  7342756K total,  5140452K used,  2202304K free,      544K buffers
 Swap: 10485752K total,   693208K used,  9792544K free,  2284948K cached
800%cpu 100%user   0%nice  19%sys 673%idle   0%iow   8%irq   0%sirq   0%host
  TID USER         PR  NI VIRT  RES  SHR S[%CPU] %MEM     TIME+ THREAD          PROCESS
13894 u0_a113      10 -10  17G 723M 477M R 76.9  10.0   2:39.70 GameThread      com.ps2x.runner
13875 u0_a113      10 -10  17G 723M 477M R 19.2  10.0   0:37.27 GsWorker        com.ps2x.runner
13873 u0_a113      10 -10  17G 723M 477M S  7.6  10.0   0:13.86 com.ps2x.runner com.ps2x.runner
13891 u0_a113      -3 -10  17G 723M 477M S  3.8  10.0   0:00.82 AAudio_1        com.ps2x.runner
13919 u0_a113      20   0  17G 723M 477M S  0.0  10.0   0:00.15 binder:13853_4  com.ps2x.runner
13904 u0_a113      10 -10  17G 723M 477M S  0.0  10.0   0:00.00 com.ps2x.runner com.ps2x.runner
13918 u0_a113      10 -10  17G 723M 477M S  0.0  10.0   0:00.00 com.ps2x.runner com.ps2x.runner
13902 u0_a113      20   0  17G 723M 477M S  0.0  10.0   0:00.00 InteractionJank com.ps2x.runner
13901 u0_a113      20   0  17G 723M 477M S  0.0  10.0   0:00.16 binder:13853_3  com.ps2x.runner
13896 u0_a113      10 -10  17G 723M 477M S  0.0  10.0   0:00.22 PGS-Waiter      com.ps2x.runner
13895 u0_a113      39  19  17G 723M 477M S  0.0  10.0   0:00.00 com.ps:traceq0  com.ps2x.runner
13885 u0_a113      10 -10  17G 723M 477M S  0.0  10.0   0:00.00 com.ps2x.runner com.ps2x.runner
13879 u0_a113      20   0  17G 723M 477M S  0.0  10.0   0:00.00 InsetsAnimation com.ps2x.runner
13878 u0_a113      20   0  17G 723M 477M S  0.0  10.0   0:00.00 SurfaceSyncGrou com.ps2x.runner
13877 u0_a113      10 -10  17G 723M 477M S  0.0  10.0   0:00.00 VsyncReceiver   com.ps2x.runner

[00:33:57 t+  233.0] BATTERY status: 5 level: 100
[00:33:59 t+  235.7] RESTORE a8d651a7e55f7e29f1345f28f4ea634e06ae757f535e29439ab61c930bcc0ebd match=True
[00:33:59 t+  235.9] MC0-AFTER bad=[]
[00:34:00 t+  235.9] END pid-after=none disconnects=0
