[10:15:34] PRE lease="FS2 2026-09-26T14:12:33Z" keyguard="showing=false" battery=100% ac=true pid0=none
[10:15:34] PRE device-env=090cc981e9f97c9c6007b64e90afaba7ff0b495eae7ede6423bfca826fae29fe mc0-test='' mc0-bad=[]
[10:15:34] APK local sha x2 825b436dd2cfc9f3ee42e7ac06643623b9651df409892c6a3e25af27cc531254 825b436dd2cfc9f3ee42e7ac06643623b9651df409892c6a3e25af27cc531254
[10:15:37] INSTALL Performing Streamed Install Success
[10:15:37] INSTALLED /data/app/~~VGVfK8QtYERmDpWX174pIQ==/com.ps2x.runner-FQVZ-Zg0ltOuo-rIPffGcw==/base.apk sha=825b436dd2cfc9f3ee42e7ac06643623b9651df409892c6a3e25af27cc531254 match=True
[10:15:37] ENV 8bea1eebcd400c64564a3fe17b083a3f8e7ecdfa049130c1caa4e6bd77c58934  /storage/emulated/0/Android/data/com.ps2x.runner/files/ps2x.env
[10:15:37 t+    0.1] AM Starting: Intent { cmp=com.ps2x.runner/android.app.NativeActivity }
[10:15:44 t+    6.2] FOCUS app-foreground, no BACK ('mCurrentFocus=Window{d274f42 u0 com.ps2x.runner/android.app.NativeActivity}')
[10:15:46 t+    8.3] LAYER 'com.ps2x.runner/android.app.NativeActivity#23498' tried=['com.ps2x.runner/android.app.NativeActivity#23498']
[10:16:25 t+   47.5] CPUWIN start tick=1983
[10:16:35 t+   57.8] SCAP sc01-tick2100-t56.png tick~2193
[10:16:50 t+   72.4] CPUWIN end tick=2564
[10:17:10 t+   92.9] SCAP sc02-tick3000-t92.png tick~3079
[10:17:49 t+  131.7] SCAP sc03-tick4000-t131.png tick~4122
[10:18:06 t+  148.5] STOP tick 4588 >= 4500
[10:18:07 t+  149.3] SCAP sc04-final-t148.png tick~4588
[10:18:08 t+  150.6] THREADS
Threads: 28 total,   2 running,  26 sleeping,   0 stopped,   0 zombie
  Mem:  7342756K total,  5199956K used,  2142800K free,      640K buffers
 Swap: 10485752K total,   778764K used,  9706988K free,  2500116K cached
800%cpu 119%user   0%nice  31%sys 642%idle   0%iow   8%irq   0%sirq   0%host
  TID USER         PR  NI VIRT  RES  SHR S[%CPU] %MEM     TIME+ THREAD          PROCESS
24766 u0_a113      10 -10  17G 715M 477M R 61.5   9.9   1:17.70 MTVU            com.ps2x.runner
24757 u0_a113      10 -10  17G 715M 477M S 30.7   9.9   0:38.83 GameThread      com.ps2x.runner
24738 u0_a113      10 -10  17G 715M 477M R 23.0   9.9   0:31.18 GsWorker        com.ps2x.runner
25188 u0_a113      20   0  17G 715M 477M S  0.0   9.9   0:00.06 binder:24719_4  com.ps2x.runner
24765 u0_a113      20   0  17G 715M 477M S  0.0   9.9   0:00.00 InteractionJank com.ps2x.runner
24764 u0_a113      20   0  17G 715M 477M S  0.0   9.9   0:00.00 binder:24719_2  com.ps2x.runner
24759 u0_a113      10 -10  17G 715M 477M S  0.0   9.9   0:00.24 PGS-Waiter      com.ps2x.runner
24758 u0_a113      39  19  17G 715M 477M S  0.0   9.9   0:00.00 com.ps:traceq0  com.ps2x.runner
24756 u0_a113      -3 -10  17G 715M 477M S  0.0   9.9   0:00.55 AAudio_1        com.ps2x.runner
24750 u0_a113      10 -10  17G 715M 477M S  0.0   9.9   0:00.00 com.ps2x.runner com.ps2x.runner
24743 u0_a113      20   0  17G 715M 477M S  0.0   9.9   0:00.00 InsetsAnimation com.ps2x.runner
24741 u0_a113      20   0  17G 715M 477M S  0.0   9.9   0:00.00 SurfaceSyncGrou com.ps2x.runner
24740 u0_a113      10 -10  17G 715M 477M S  0.0   9.9   0:00.00 VsyncReceiver   com.ps2x.runner
24742 u0_a113      20   0  17G 715M 477M S  0.0   9.9   0:00.00 binder:24719_3  com.ps2x.runner
24736 u0_a113      10 -10  17G 715M 477M S  0.0   9.9   0:00.32 com.ps2x.runner com.ps2x.runner

[10:18:08 t+  150.7] BATTERY status: 5 level: 100
[10:18:11 t+  153.4] RESTORE 090cc981e9f97c9c6007b64e90afaba7ff0b495eae7ede6423bfca826fae29fe match=True
[10:18:11 t+  153.6] MC0-AFTER bad=[]
[10:18:11 t+  153.7] END pid-after=none disconnects=0
