[20:22:56] PRE lease="LEASE_FREE VK1 done" keyguard="showing=false" battery=100% ac=true pid0=none
[20:22:56] PRE device-env=a8d651a7e55f7e29f1345f28f4ea634e06ae757f535e29439ab61c930bcc0ebd mc0-test='' mc0-bad=[]
[20:22:57] APK local sha x2 3e493b44697d8e61866b43bed70d86536f57764dc7c7b812310fcf1cc5776220 3e493b44697d8e61866b43bed70d86536f57764dc7c7b812310fcf1cc5776220
[20:22:59] INSTALL Performing Streamed Install Success
[20:22:59] INSTALLED /data/app/~~HEkGhkkR8M22y_sDHdtUWw==/com.ps2x.runner-QF4iKXDx05Q7qY7Rqk_gTQ==/base.apk sha=3e493b44697d8e61866b43bed70d86536f57764dc7c7b812310fcf1cc5776220 match=True
[20:23:00] ENV b307d99e8d5b80397dc1e30716d3a29a81fafcd7b3a75030b35d0db16a665038  /storage/emulated/0/Android/data/com.ps2x.runner/files/ps2x.env
[20:23:00 t+    0.1] AM Starting: Intent { cmp=com.ps2x.runner/android.app.NativeActivity }
[20:23:06 t+    6.2] FOCUS app-foreground, no BACK ('mCurrentFocus=Window{f11c439 u0 com.ps2x.runner/android.app.NativeActivity}')
[20:23:08 t+    8.4] LAYER 'com.ps2x.runner/android.app.NativeActivity#18302' tried=['com.ps2x.runner/android.app.NativeActivity#18293', 'RequestedLayerState{ActivityRecord{baea52b u0 com.ps2x.runner/android.app.NativeActivity#18293 parentId=18292}', 'com.ps2x.runner/android.app.NativeActivity#18302']
[20:24:18 t+   77.9] SCAP sc01-tick2100-t77.png tick~2115
[20:25:23 t+  142.9] SCAP sc02-tick3000-t142.png tick~3060
[20:26:27 t+  206.8] SCAP sc03-tick4000-t206.png tick~4039
[20:26:56 t+  236.3] STOP tick 4554 >= 4500
[20:26:56 t+  236.7] SCAP sc04-final-t236.png tick~4554
[20:26:58 t+  238.1] THREADS
Threads: 28 total,   1 running,  27 sleeping,   0 stopped,   0 zombie
  Mem:  7342756K total,  5129452K used,  2213304K free,      724K buffers
 Swap: 10485752K total,   784636K used,  9701116K free,  2508164K cached
800%cpu  85%user   0%nice  23%sys 681%idle   0%iow   8%irq   4%sirq   0%host
  TID USER         PR  NI VIRT  RES  SHR S[%CPU] %MEM     TIME+ THREAD          PROCESS
27769 u0_a113      10 -10  17G 751M 510M R 69.2  10.4   2:40.73 GameThread      com.ps2x.runner
27751 u0_a113      10 -10  17G 751M 510M S 15.3  10.4   0:36.50 GsWorker        com.ps2x.runner
27749 u0_a113      10 -10  17G 751M 510M S  3.8  10.4   0:12.21 Thread-3        com.ps2x.runner
30041 u0_a113      20   0  17G 751M 510M S  0.0  10.4   0:00.08 binder:27730_5  com.ps2x.runner
27778 u0_a113      20   0  17G 751M 510M S  0.0  10.4   0:00.00 InteractionJank com.ps2x.runner
27777 u0_a113      20   0  17G 751M 510M S  0.0  10.4   0:00.16 binder:27730_3  com.ps2x.runner
27771 u0_a113      10 -10  17G 751M 510M S  0.0  10.4   0:00.22 PGS-Waiter      com.ps2x.runner
27770 u0_a113      39  19  17G 751M 510M S  0.0  10.4   0:00.00 com.ps:traceq0  com.ps2x.runner
27767 u0_a113      -3 -10  17G 751M 510M S  0.0  10.4   0:00.86 AAudio_1        com.ps2x.runner
27760 u0_a113      20   0  17G 751M 510M S  0.0  10.4   0:00.06 binder:27730_4  com.ps2x.runner
27759 u0_a113      10 -10  17G 751M 510M S  0.0  10.4   0:00.00 com.ps2x.runner com.ps2x.runner
27756 u0_a113      20   0  17G 751M 510M S  0.0  10.4   0:00.00 InsetsAnimation com.ps2x.runner
27755 u0_a113      20   0  17G 751M 510M S  0.0  10.4   0:00.00 SurfaceSyncGrou com.ps2x.runner
27754 u0_a113      10 -10  17G 751M 510M S  0.0  10.4   0:00.00 VsyncReceiver   com.ps2x.runner
27750 u0_a113      10 -10  17G 751M 510M S  0.0  10.4   0:00.01 com.ps2x.runner com.ps2x.runner

[20:26:58 t+  238.1] BATTERY status: 5 level: 100
[20:27:00 t+  240.6] RESTORE a8d651a7e55f7e29f1345f28f4ea634e06ae757f535e29439ab61c930bcc0ebd match=True
[20:27:01 t+  240.8] MC0-AFTER bad=[]
[20:27:01 t+  240.8] END pid-after=none disconnects=0
