[07:48:35] PRE lease="FS2 2026-09-26T11:45:18Z" keyguard="showing=false" battery=100% ac=true pid0=none
[07:48:35] PRE device-env=090cc981e9f97c9c6007b64e90afaba7ff0b495eae7ede6423bfca826fae29fe mc0-test='' mc0-bad=[]
[07:48:35] APK local sha x2 d5f83cefa4bfd6ab17591ee0f27694b0307002ba8ca2bebe940434eff5659ece d5f83cefa4bfd6ab17591ee0f27694b0307002ba8ca2bebe940434eff5659ece
[07:48:38] INSTALL Performing Streamed Install Success
[07:48:38] INSTALLED /data/app/~~amMhwH_MRSzo6Kr7X2bM9w==/com.ps2x.runner-mJalTKuLMWh93Lp1Mib6og==/base.apk sha=d5f83cefa4bfd6ab17591ee0f27694b0307002ba8ca2bebe940434eff5659ece match=True
[07:48:38] ENV c53b214758ac2059c8e175f15aa8d27232d7d541a6faa5886a8028acebb6389d  /storage/emulated/0/Android/data/com.ps2x.runner/files/ps2x.env
[07:48:38 t+    0.1] AM Starting: Intent { cmp=com.ps2x.runner/android.app.NativeActivity }
[07:48:44 t+    6.2] FOCUS app-foreground, no BACK ('mCurrentFocus=Window{bf2bd26 u0 com.ps2x.runner/android.app.NativeActivity}')
[07:48:47 t+    8.3] LAYER 'com.ps2x.runner/android.app.NativeActivity#22796' tried=['com.ps2x.runner/android.app.NativeActivity#22796']
[07:49:26 t+   48.0] CPUWIN start tick=1980
[07:49:37 t+   58.3] SCAP sc01-tick2100-t57.png tick~2186
[07:49:51 t+   73.1] CPUWIN end tick=2553
[07:50:11 t+   92.8] SCAP sc02-tick3000-t92.png tick~3075
[07:50:51 t+  132.8] SCAP sc03-tick4000-t132.png tick~4102
[07:51:06 t+  147.8] STOP tick 4553 >= 4500
[07:51:07 t+  148.5] SCAP sc04-final-t147.png tick~4553
[07:51:08 t+  149.9] THREADS
Threads: 28 total,   1 running,  27 sleeping,   0 stopped,   0 zombie
  Mem:  7342756K total,  4976312K used,  2366444K free,      660K buffers
 Swap: 10485752K total,   736656K used,  9749096K free,  2191088K cached
800%cpu 108%user   0%nice  38%sys 646%idle   0%iow   8%irq   0%sirq   0%host
  TID USER         PR  NI VIRT  RES  SHR S[%CPU] %MEM     TIME+ THREAD          PROCESS
24606 u0_a113      10 -10  17G 758M 516M S 50.0  10.5   1:16.97 MTVU            com.ps2x.runner
24597 u0_a113      10 -10  17G 758M 516M S 23.0  10.5   0:38.83 GameThread      com.ps2x.runner
24578 u0_a113      10 -10  17G 758M 516M S 23.0  10.5   0:30.56 GsWorker        com.ps2x.runner
24605 u0_a113      20   0  17G 758M 516M S  0.0  10.5   0:00.00 InteractionJank com.ps2x.runner
24604 u0_a113      20   0  17G 758M 516M S  0.0  10.5   0:00.00 binder:24556_3  com.ps2x.runner
24599 u0_a113      10 -10  17G 758M 516M R  0.0  10.5   0:00.20 PGS-Waiter      com.ps2x.runner
24598 u0_a113      39  19  17G 758M 516M S  0.0  10.5   0:00.00 com.ps:traceq0  com.ps2x.runner
24595 u0_a113      -3 -10  17G 758M 516M S  0.0  10.5   0:00.53 AAudio_1        com.ps2x.runner
24589 u0_a113      20   0  17G 758M 516M S  0.0  10.5   0:00.00 binder:24556_4  com.ps2x.runner
24588 u0_a113      10 -10  17G 758M 516M S  0.0  10.5   0:00.00 com.ps2x.runner com.ps2x.runner
24582 u0_a113      20   0  17G 758M 516M S  0.0  10.5   0:00.00 InsetsAnimation com.ps2x.runner
24581 u0_a113      20   0  17G 758M 516M S  0.0  10.5   0:00.00 SurfaceSyncGrou com.ps2x.runner
24580 u0_a113      10 -10  17G 758M 516M S  0.0  10.5   0:00.00 VsyncReceiver   com.ps2x.runner
24577 u0_a113      10 -10  17G 758M 516M S  0.0  10.5   0:00.00 com.ps2x.runner com.ps2x.runner
24576 u0_a113      10 -10  17G 758M 516M S  0.0  10.5   0:00.30 com.ps2x.runner com.ps2x.runner

[07:51:08 t+  149.9] BATTERY status: 5 level: 100
[07:51:11 t+  152.5] RESTORE 090cc981e9f97c9c6007b64e90afaba7ff0b495eae7ede6423bfca826fae29fe match=True
[07:51:11 t+  152.7] MC0-AFTER bad=[]
[07:51:11 t+  152.8] END pid-after=none disconnects=0
