[07:32:31] PRE lease="LEASE_FREE F1 done" keyguard="showing=false" battery=20% ac=true pid0=none
[07:32:31] PRE device-env=9fb46f8509adb1362b5ac74d35ac63a340e39228b64914848ce5ed85d6b74d13 mc0-test='' mc0-bad=[]
[07:32:32] ENV b67cd9b6571b0dc8962a518f22fad37a78b53f8eb7d9dd1c98852c92655c0f9b  /storage/emulated/0/Android/data/com.ps2x.runner/files/ps2x.env
[07:32:32 t+    0.0] AM Starting: Intent { cmp=com.ps2x.runner/android.app.NativeActivity }
[07:32:38 t+    6.2] BACK sent
[07:32:40 t+    8.3] LAYER 'com.ps2x.runner/android.app.NativeActivity#15412' tried=['com.ps2x.runner/android.app.NativeActivity#15412']
[07:34:38 t+  126.8] SCAP sc01-tick2100-t126.png tick~2136
[07:36:26 t+  233.8] SCAP sc02-tick3000-t233.png tick~3003
[07:38:23 t+  351.6] SCAP sc03-tick4000-t351.png tick~4023
[07:39:18 t+  406.2] STOP tick 4540 >= 4500
[07:39:18 t+  406.5] SCAP sc04-final-t406.png tick~4540
[07:39:20 t+  407.8] THREADS
Threads: 27 total,   3 running,  24 sleeping,   0 stopped,   0 zombie
  Mem:  7342756K total,  4266660K used,  3076096K free,      692K buffers
 Swap: 10485752K total,   806464K used,  9679288K free,  1595024K cached
800%cpu  81%user   0%nice  58%sys 658%idle   0%iow   4%irq   0%sirq   0%host
  TID USER         PR  NI VIRT  RES  SHR S[%CPU] %MEM     TIME+ THREAD          PROCESS
10242 u0_a113      10 -10  17G 634M 392M R 73.0   8.8   4:40.98 GameThread      com.ps2x.runner
10216 u0_a113      10 -10  17G 634M 392M R 38.4   8.8   2:29.84 GsWorker        com.ps2x.runner
10214 u0_a113      10 -10  17G 634M 392M R  3.8   8.8   0:22.35 com.ps2x.runner com.ps2x.runner
10251 u0_a113      20   0  17G 634M 392M S  0.0   8.8   0:00.00 InteractionJank com.ps2x.runner
10250 u0_a113      20   0  17G 634M 392M S  0.0   8.8   0:00.25 binder:10186_4  com.ps2x.runner
10244 u0_a113      10 -10  17G 634M 392M S  0.0   8.8   0:00.23 PGS-Waiter      com.ps2x.runner
10243 u0_a113      39  19  17G 634M 392M S  0.0   8.8   0:00.00 com.ps:traceq0  com.ps2x.runner
10241 u0_a113      -3 -10  17G 634M 392M S  0.0   8.8   0:01.39 AAudio_1        com.ps2x.runner
10228 u0_a113      20   0  17G 634M 392M S  0.0   8.8   0:00.44 binder:10186_4  com.ps2x.runner
10227 u0_a113      10 -10  17G 634M 392M S  0.0   8.8   0:00.00 com.ps2x.runner com.ps2x.runner
10218 u0_a113      10 -10  17G 634M 392M S  0.0   8.8   0:00.00 VsyncReceiver   com.ps2x.runner
10220 u0_a113      20   0  17G 634M 392M S  0.0   8.8   0:00.00 InsetsAnimation com.ps2x.runner
10219 u0_a113      20   0  17G 634M 392M S  0.0   8.8   0:00.00 SurfaceSyncGrou com.ps2x.runner
10215 u0_a113      10 -10  17G 634M 392M S  0.0   8.8   0:00.00 com.ps2x.runner com.ps2x.runner
10204 u0_a113      16  -4  17G 634M 392M S  0.0   8.8   0:00.00 RenderThread    com.ps2x.runner

[07:39:20 t+  407.9] BATTERY status: 3 level: 17
[07:39:22 t+  410.3] RESTORE 9fb46f8509adb1362b5ac74d35ac63a340e39228b64914848ce5ed85d6b74d13 match=True
[07:39:22 t+  410.5] MC0-AFTER bad=[]
[07:39:22 t+  410.6] END pid-after=none
