2026-09-19T15:24:57Z host lease M10 claimed for m10-det baseline run
2026-09-19T15:28:59Z host lease M10 released after m10-det baseline run (rc=0)
2026-09-19T15:37:31Z host lease M10 claimed for m10-det2 order run
2026-09-19T15:41:35Z host lease M10 released after m10-det2 order run (rc=0)
2026-09-19T15:44:57Z host lease M10 claimed for m10-det3 target run
2026-09-19T15:49:01Z host lease M10 released after m10-det3 target run (rc=0)
2026-09-19T15:50:20Z m10-det3 first run discarded: drain-copy clear-bit rule fixed per BPStructs copy-then-clear; player rebuilt, det3 re-run follows
2026-09-19T15:50:24Z host lease M10 claimed for m10-det3 target re-run
2026-09-19T15:50:24Z host lease M10 released after m10-det3 target re-run (rc=0)
2026-09-19T15:50:38Z correction: prior waits.log rc=0 for the failed m10-det3 re-run attempt was the echo exit, harness rc was 2 (stale profile dir); stale profile removed, re-running
2026-09-19T15:50:43Z host lease M10 claimed for m10-det3 target re-run
2026-09-19T15:54:46Z host lease M10 released after m10-det3 target re-run (rc=0)
2026-09-19T15:55:03Z host lease M10 claimed for m10-det4 nop run
2026-09-19T15:59:06Z host lease M10 released after m10-det4 nop run (rc=0)
2026-09-19T16:00:39Z host lease M10 claimed for m10-det5 nopall control run
2026-09-19T16:04:42Z host lease M10 released after m10-det5 nopall control run (rc=0)
2026-09-19T16:10:57Z host lease M10 claimed for m10-det6 ramcopy-nopall run
2026-09-19T16:15:01Z host lease M10 released after m10-det6 ramcopy-nopall run (rc=0)
2026-09-19T16:16:44Z host lease M10 claimed for m10-det7 ramref true-delta run
2026-09-19T16:20:47Z host lease M10 released after m10-det7 ramref true-delta run (rc=0)
