install prefix            /Volumes/Extreme SSD/ps2x-i22/spike/install
source path               .
C compiler                xcrun -sdk iphoneos clang
C library                 
host C compiler           gcc
host C library            
ARCH                      c (generic)
big-endian                no
runtime cpu detection     yes
debug symbols             no
strip symbols             yes
optimize for size         no
optimizations             yes
static                    yes
shared                    no
postprocessing support    no
network support           no
threading support         pthreads
safe bitstream reader     yes
texi2html enabled         no
perl enabled              yes
pod2man enabled           yes
makeinfo enabled          no
makeinfo supports HTML    no
xmllint enabled           yes

External libraries:
avfoundation            coreimage               securetransport

External libraries providing hardware acceleration:
audiotoolbox            videotoolbox

Libraries:
avcodec                 avutil                  swscale

Programs:

Enabled decoders:
mpeg2video

Enabled encoders:

Enabled hwaccels:

Enabled parsers:
mpegvideo

Enabled demuxers:

Enabled muxers:

Enabled protocols:

Enabled filters:

Enabled bsfs:

Enabled indevs:

Enabled outdevs:

License: LGPL version 2.1 or later
config.h is unchanged
libavutil/avconfig.h is unchanged
libavfilter/filter_list.c is unchanged
libavcodec/codec_list.c is unchanged
libavcodec/parser_list.c is unchanged
libavcodec/bsf_list.c is unchanged
libavformat/demuxer_list.c is unchanged
libavformat/muxer_list.c is unchanged
libavdevice/indev_list.c is unchanged
libavdevice/outdev_list.c is unchanged
libavformat/protocol_list.c is unchanged
ffbuild/config.sh is unchanged
