A1_CROSS_KEYDOWN_WALL:1790221335.584431484 UPTIME:293 MENU_T+:70
A1_CROSS_KEYUP_WALL:1790221336.118208125 UPTIME:294 MENU_T+:71
A1 poll1 score mean=0.4311 p99=5 MENU_T+:73
A1 TITLE-DETECTED at poll1
TITLE_t1_KEYDOWN_WALL:1790221338.876894832 UPTIME:296 MENU_T+:73
TITLE_t1_KEYUP_WALL:1790221340.909079384 UPTIME:298 MENU_T+:75
TITLE try1 ident mean=0.3270 p99=6
MENU_t1_KEYDOWN_WALL:1790221353.953526749 UPTIME:311 MENU_T+:88
MENU_t1_KEYUP_WALL:1790221355.987345375 UPTIME:314 MENU_T+:90
MENU try1 ident mean=0.5692 p99=8
SC_SETTLED ident mean=0.4610 p99=7
GSHOT_e60b-sc_KEYDOWN_WALL:1790221385.114527787 UPTIME:343 MENU_T+:120
GSHOT_e60b-sc_KEYUP_WALL:1790221385.648779833 UPTIME:343 MENU_T+:120
GSHOT_e60b-sc newest=SSX 3_SLUS-20772_20260923234305.png
SC_t1_KEYDOWN_WALL:1790221387.662310330 UPTIME:345 MENU_T+:122
SC_t1_KEYUP_WALL:1790221389.695863060 UPTIME:347 MENU_T+:124
SC try1 ident mean=0.3593 p99=6
ZC_t1_KEYDOWN_WALL:1790221402.752338536 UPTIME:360 MENU_T+:137
ZC_t1_KEYUP_WALL:1790221404.785326625 UPTIME:362 MENU_T+:139
ZC try1 ident mean=0.3563 p99=5
SP_t1_KEYDOWN_WALL:1790221417.825176980 UPTIME:375 MENU_T+:152
SP_t1_KEYUP_WALL:1790221419.861989600 UPTIME:377 MENU_T+:154
SP try1 ident mean=0.3870 p99=6
SM_t1_KEYDOWN_WALL:1790221432.899667333 UPTIME:390 MENU_T+:167
SM_t1_KEYUP_WALL:1790221434.934621749 UPTIME:392 MENU_T+:169
SM try1 ident mean=0.4034 p99=6
SE_DOWN1_KEYDOWN_WALL:1790221447.977494453 UPTIME:405 MENU_T+:182
SE_DOWN1_KEYUP_WALL:1790221450.010609616 UPTIME:408 MENU_T+:185
SE_DOWN2_KEYDOWN_WALL:1790221453.076331923 UPTIME:411 MENU_T+:188
SE_DOWN2_KEYUP_WALL:1790221455.110189872 UPTIME:413 MENU_T+:190
SE_DOWN3_KEYDOWN_WALL:1790221458.176281067 UPTIME:416 MENU_T+:193
SE_DOWN3_KEYUP_WALL:1790221460.210607502 UPTIME:418 MENU_T+:195
SE_DOWN4_KEYDOWN_WALL:1790221463.277496986 UPTIME:421 MENU_T+:198
SE_DOWN4_KEYUP_WALL:1790221465.310808004 UPTIME:423 MENU_T+:200
SE-WALKED vs-T47walked(Happiness) mean=0.0187 p99=0 (want IDENT <4)
EVENT_CROSS_KEYDOWN_WALL:1790221469.994534183 UPTIME:428 MENU_T+:204
EVENT_CROSS_KEYUP_WALL:1790221472.029294662 UPTIME:430 MENU_T+:207
EVENT hop=0.0536 hly=487.3 hln=8022
RULES_CROSS_R1_KEYDOWN_WALL:1790221494.791095550 UPTIME:452 MENU_T+:229
RULES_CROSS_R1_KEYUP_WALL:1790221496.824334176 UPTIME:454 MENU_T+:231
RULES R1 depart=17.6719
RULES R1 anim=0.2420
RULESUP2_1_KEYDOWN_WALL:1790221520.037346206 UPTIME:478 MENU_T+:255
RULESUP2_1_KEYUP_WALL:1790221520.570857299 UPTIME:478 MENU_T+:255
RULESUP2_2_KEYDOWN_WALL:1790221521.576909819 UPTIME:479 MENU_T+:256
RULESUP2_2_KEYUP_WALL:1790221522.109877094 UPTIME:480 MENU_T+:257
RULESUP2_3_KEYDOWN_WALL:1790221523.115486957 UPTIME:481 MENU_T+:258
RULESUP2_3_KEYUP_WALL:1790221523.650094439 UPTIME:481 MENU_T+:258
RULESUP2_4_KEYDOWN_WALL:1790221524.656798660 UPTIME:482 MENU_T+:259
RULESUP2_4_KEYUP_WALL:1790221525.189130628 UPTIME:483 MENU_T+:260
RULESUP2_5_KEYDOWN_WALL:1790221526.195689956 UPTIME:484 MENU_T+:261
RULESUP2_5_KEYUP_WALL:1790221526.729900682 UPTIME:484 MENU_T+:261
RULESUP2_6_KEYDOWN_WALL:1790221527.736224883 UPTIME:485 MENU_T+:262
RULESUP2_6_KEYUP_WALL:1790221528.269342436 UPTIME:486 MENU_T+:263
RULESUP2_7_KEYDOWN_WALL:1790221529.275088068 UPTIME:487 MENU_T+:264
RULESUP2_7_KEYUP_WALL:1790221529.809421868 UPTIME:487 MENU_T+:264
RULESUP2_8_KEYDOWN_WALL:1790221530.814593744 UPTIME:488 MENU_T+:265
RULESUP2_8_KEYUP_WALL:1790221531.347399065 UPTIME:489 MENU_T+:266
RULESUP2_9_KEYDOWN_WALL:1790221532.353435487 UPTIME:490 MENU_T+:267
RULESUP2_9_KEYUP_WALL:1790221532.886216435 UPTIME:490 MENU_T+:267
RULESUP2_10_KEYDOWN_WALL:1790221533.891382085 UPTIME:491 MENU_T+:268
RULESUP2_10_KEYUP_WALL:1790221534.424247772 UPTIME:492 MENU_T+:269
RULESUP2_11_KEYDOWN_WALL:1790221535.429834962 UPTIME:493 MENU_T+:270
RULESUP2_11_KEYUP_WALL:1790221535.962458108 UPTIME:493 MENU_T+:270
RULES_CROSS_R2_KEYDOWN_WALL:1790221536.968910213 UPTIME:494 MENU_T+:271
RULES_CROSS_R2_KEYUP_WALL:1790221539.002185420 UPTIME:497 MENU_T+:274
RULES R2 depart=10.9116
RULES R2 anim=8.7586
RACE LAUNCHED (rules exit goes straight to racing)
GSHOT_e60b-rules_KEYDOWN_WALL:1790221562.299494643 UPTIME:520 MENU_T+:297
GSHOT_e60b-rules_KEYUP_WALL:1790221562.832485694 UPTIME:520 MENU_T+:297
GSHOT_e60b-rules newest=SSX 3_SLUS-20772_20260923234602.png
RACE_ENTRY try1 depart=11.6030
GSHOT_e60b-race_KEYDOWN_WALL:1790221581.470611669 UPTIME:539 MENU_T+:316
GSHOT_e60b-race_KEYUP_WALL:1790221582.003702923 UPTIME:540 MENU_T+:317
GSHOT_e60b-race newest=SSX 3_SLUS-20772_20260923234622.png
E60_BYTES=0 wall=319
E60_BYTES=0 wall=321
E60_BYTES=0 wall=323
E60_BYTES=0 wall=325
E60_BYTES=0 wall=327
E60_BYTES=0 wall=329
E60_BYTES=0 wall=331
E60_BYTES=0 wall=333
E60_BYTES=0 wall=335
E60_BYTES=0 wall=337
E60_BYTES=0 wall=339
E60_BYTES=0 wall=341
E60_BYTES=0 wall=343
E60_BYTES=0 wall=345
E60_BYTES=0 wall=347
E60_BYTES=0 wall=349
E60_BYTES=0 wall=351
E60_BYTES=0 wall=353
E60_BYTES=0 wall=355
E60_BYTES=0 wall=357
E60_BYTES=0 wall=359
E60_BYTES=0 wall=361
E60_BYTES=0 wall=363
E60_BYTES=0 wall=365
E60_BYTES=0 wall=367
E60_BYTES=0 wall=369
E60_BYTES=0 wall=371
E60_BYTES=0 wall=373
E60_BYTES=0 wall=375
E60_BYTES=0 wall=377
E60_NO_RACE_CALLS
CAPTURE_DONE bytes=0
