A1_CROSS_KEYDOWN_WALL:1790221774.246559601 UPTIME:732 MENU_T+:70
A1_CROSS_KEYUP_WALL:1790221774.780818657 UPTIME:732 MENU_T+:70
A1 poll1 score mean=0.4337 p99=6 MENU_T+:73
A1 TITLE-DETECTED at poll1
TITLE_t1_KEYDOWN_WALL:1790221777.532168871 UPTIME:735 MENU_T+:73
TITLE_t1_KEYUP_WALL:1790221779.565724398 UPTIME:737 MENU_T+:75
TITLE try1 ident mean=0.3270 p99=6
MENU_t1_KEYDOWN_WALL:1790221792.605647544 UPTIME:750 MENU_T+:88
MENU_t1_KEYUP_WALL:1790221794.639105548 UPTIME:752 MENU_T+:90
MENU try1 ident mean=0.5848 p99=9
SC_SETTLED ident mean=0.4829 p99=7
GSHOT_e60c-sc_KEYDOWN_WALL:1790221823.700734832 UPTIME:781 MENU_T+:119
GSHOT_e60c-sc_KEYUP_WALL:1790221824.235211498 UPTIME:782 MENU_T+:120
GSHOT_e60c-sc newest=SSX 3_SLUS-20772_20260923235024.png
SC_t1_KEYDOWN_WALL:1790221826.248078060 UPTIME:784 MENU_T+:122
SC_t1_KEYUP_WALL:1790221828.281885753 UPTIME:786 MENU_T+:124
SC try1 ident mean=0.3475 p99=6
ZC_t1_KEYDOWN_WALL:1790221841.327403173 UPTIME:799 MENU_T+:137
ZC_t1_KEYUP_WALL:1790221843.360606182 UPTIME:801 MENU_T+:139
ZC try1 ident mean=0.3566 p99=5
SP_t1_KEYDOWN_WALL:1790221856.386893365 UPTIME:814 MENU_T+:152
SP_t1_KEYUP_WALL:1790221858.421150887 UPTIME:816 MENU_T+:154
SP try1 ident mean=0.3877 p99=6
SM_t1_KEYDOWN_WALL:1790221871.451769493 UPTIME:829 MENU_T+:167
SM_t1_KEYUP_WALL:1790221873.485766864 UPTIME:831 MENU_T+:169
SM try1 ident mean=0.4034 p99=6
SE_DOWN1_KEYDOWN_WALL:1790221886.515293891 UPTIME:844 MENU_T+:182
SE_DOWN1_KEYUP_WALL:1790221888.549071588 UPTIME:846 MENU_T+:184
SE_DOWN2_KEYDOWN_WALL:1790221891.614376015 UPTIME:849 MENU_T+:187
SE_DOWN2_KEYUP_WALL:1790221893.647696939 UPTIME:851 MENU_T+:189
SE_DOWN3_KEYDOWN_WALL:1790221896.714852725 UPTIME:854 MENU_T+:192
SE_DOWN3_KEYUP_WALL:1790221898.748096313 UPTIME:856 MENU_T+:194
SE_DOWN4_KEYDOWN_WALL:1790221901.813485730 UPTIME:859 MENU_T+:197
SE_DOWN4_KEYUP_WALL:1790221903.847842930 UPTIME:861 MENU_T+:199
SE-WALKED vs-T47walked(Happiness) mean=0.0349 p99=0 (want IDENT <4)
EVENT_CROSS_KEYDOWN_WALL:1790221908.517550369 UPTIME:866 MENU_T+:204
EVENT_CROSS_KEYUP_WALL:1790221910.550339459 UPTIME:868 MENU_T+:206
EVENT hop=0.0555 hly=487.3 hln=8022
RULES_CROSS_R1_KEYDOWN_WALL:1790221933.324778565 UPTIME:891 MENU_T+:229
RULES_CROSS_R1_KEYUP_WALL:1790221935.357526630 UPTIME:893 MENU_T+:231
RULES R1 depart=17.6399
RULES R1 anim=0.2164
RULESUP2_1_KEYDOWN_WALL:1790221958.600393654 UPTIME:916 MENU_T+:254
RULESUP2_1_KEYUP_WALL:1790221959.132797161 UPTIME:917 MENU_T+:255
RULESUP2_2_KEYDOWN_WALL:1790221960.139286068 UPTIME:918 MENU_T+:256
RULESUP2_2_KEYUP_WALL:1790221960.673341546 UPTIME:918 MENU_T+:256
RULESUP2_3_KEYDOWN_WALL:1790221961.679062946 UPTIME:919 MENU_T+:257
RULESUP2_3_KEYUP_WALL:1790221962.211300318 UPTIME:920 MENU_T+:258
RULESUP2_4_KEYDOWN_WALL:1790221963.217391636 UPTIME:921 MENU_T+:259
RULESUP2_4_KEYUP_WALL:1790221963.750223873 UPTIME:921 MENU_T+:259
RULESUP2_5_KEYDOWN_WALL:1790221964.755784717 UPTIME:922 MENU_T+:260
RULESUP2_5_KEYUP_WALL:1790221965.288290950 UPTIME:923 MENU_T+:261
RULESUP2_6_KEYDOWN_WALL:1790221966.294950101 UPTIME:924 MENU_T+:262
RULESUP2_6_KEYUP_WALL:1790221966.829956063 UPTIME:924 MENU_T+:262
RULESUP2_7_KEYDOWN_WALL:1790221967.835224456 UPTIME:925 MENU_T+:263
RULESUP2_7_KEYUP_WALL:1790221968.368242591 UPTIME:926 MENU_T+:264
RULESUP2_8_KEYDOWN_WALL:1790221969.376007211 UPTIME:927 MENU_T+:265
RULESUP2_8_KEYUP_WALL:1790221969.908643685 UPTIME:927 MENU_T+:265
RULESUP2_9_KEYDOWN_WALL:1790221970.914071401 UPTIME:928 MENU_T+:266
RULESUP2_9_KEYUP_WALL:1790221971.446530302 UPTIME:929 MENU_T+:267
RULESUP2_10_KEYDOWN_WALL:1790221972.453016956 UPTIME:930 MENU_T+:268
RULESUP2_10_KEYUP_WALL:1790221972.987128628 UPTIME:931 MENU_T+:268
RULESUP2_11_KEYDOWN_WALL:1790221973.992133676 UPTIME:932 MENU_T+:269
RULESUP2_11_KEYUP_WALL:1790221974.526048383 UPTIME:932 MENU_T+:270
RULES_CROSS_R2_KEYDOWN_WALL:1790221975.531845330 UPTIME:933 MENU_T+:271
RULES_CROSS_R2_KEYUP_WALL:1790221977.565588291 UPTIME:935 MENU_T+:273
RULES R2 depart=11.0176
RULES R2 anim=9.1627
RACE LAUNCHED (rules exit goes straight to racing)
GSHOT_e60c-rules_KEYDOWN_WALL:1790222000.886737115 UPTIME:958 MENU_T+:296
GSHOT_e60c-rules_KEYUP_WALL:1790222001.420460645 UPTIME:959 MENU_T+:297
GSHOT_e60c-rules newest=SSX 3_SLUS-20772_20260923235321.png
RACE_ENTRY try1 depart=11.5821
GSHOT_e60c-race_KEYDOWN_WALL:1790222020.089715759 UPTIME:978 MENU_T+:316
GSHOT_e60c-race_KEYUP_WALL:1790222020.622170044 UPTIME:978 MENU_T+:316
GSHOT_e60c-race newest=SSX 3_SLUS-20772_20260923235340.png
E60_BYTES=0 wall=318
E60_BYTES=0 wall=320
E60_BYTES=0 wall=322
E60_BYTES=0 wall=324
E60_BYTES=0 wall=326
E60_BYTES=0 wall=328
E60_BYTES=0 wall=330
E60_BYTES=0 wall=332
E60_BYTES=0 wall=334
E60_BYTES=0 wall=336
E60_BYTES=0 wall=338
E60_BYTES=0 wall=340
E60_BYTES=0 wall=342
E60_BYTES=0 wall=344
E60_BYTES=0 wall=346
E60_BYTES=0 wall=348
E60_BYTES=0 wall=350
E60_BYTES=0 wall=352
E60_BYTES=0 wall=354
E60_BYTES=0 wall=356
E60_BYTES=0 wall=358
E60_BYTES=0 wall=360
E60_BYTES=0 wall=362
E60_BYTES=0 wall=364
E60_BYTES=0 wall=366
E60_BYTES=0 wall=368
E60_BYTES=0 wall=370
E60_BYTES=0 wall=372
E60_BYTES=0 wall=374
E60_BYTES=0 wall=376
E60_NO_RACE_CALLS
CAPTURE_DONE bytes=0
