[22:36:24] PRE lease="LEASE_FREE VK1 done" keyguard="showing=false" battery=100% ac=true pid0=none
[22:36:24] PRE device-env=a8d651a7e55f7e29f1345f28f4ea634e06ae757f535e29439ab61c930bcc0ebd mc0-test='' mc0-bad=[]
[22:36:24] APK local sha x2 203ba47d3192224b79854a12fcc1efcd5dba56e18c81e5bc25b9771384e759ac 203ba47d3192224b79854a12fcc1efcd5dba56e18c81e5bc25b9771384e759ac
[22:36:42] INSTALL Performing Streamed Install Success
[22:36:42] INSTALLED /data/app/~~Fftsju3SiAYLPKIHFh1qKg==/com.ps2x.runner-tWMFLAUH0N-yiDUxgsKreA==/base.apk sha=203ba47d3192224b79854a12fcc1efcd5dba56e18c81e5bc25b9771384e759ac match=True
[22:36:42] ENV 1642a595c5b1306796afcd72eebef5d5650bb9b09aa612890349d60e0e2a52db  /storage/emulated/0/Android/data/com.ps2x.runner/files/ps2x.env
[22:36:42 t+    0.1] AM Starting: Intent { cmp=com.ps2x.runner/android.app.NativeActivity }
[22:36:48 t+    6.2] FOCUS app-foreground, no BACK ('mCurrentFocus=Window{1618e4a u0 com.ps2x.runner/android.app.NativeActivity}')
[22:36:51 t+    8.4] LAYER 'com.ps2x.runner/android.app.NativeActivity#18983' tried=['com.ps2x.runner/android.app.NativeActivity#18974', 'RequestedLayerState{ActivityRecord{37aa6de u0 com.ps2x.runner/android.app.NativeActivity#18974 parentId=18973}', 'com.ps2x.runner/android.app.NativeActivity#18983']
[22:37:38 t+   55.5] CPUWIN start tick=1865
[22:37:43 t+   60.9] SFDUMP tick=1919 lines=29
[22:38:00 t+   77.7] SCAP sc01-tick2100-t77.png tick~2107
[22:38:05 t+   83.1] SFDUMP tick=2176 lines=29
[22:38:25 t+  102.9] SFDUMP tick=2455 lines=26
[22:38:34 t+  111.6] CPUWIN end tick=2605
[22:38:39 t+  117.2] SFDUMP tick=2681 lines=29
[22:38:53 t+  131.3] SFDUMP tick=2906 lines=26
[22:39:15 t+  152.7] SFDUMP tick=3209 lines=29
[22:39:24 t+  162.2] STOP tick 3359 >= 3300
[22:39:25 t+  162.7] SCAP sc02-final-t162.png tick~3359
[22:39:27 t+  164.4] THREADS
Threads: 27 total,   1 running,  26 sleeping,   0 stopped,   0 zombie
  Mem:  7342756K total,  5051572K used,  2291184K free,      648K buffers
 Swap: 10485752K total,   812876K used,  9672876K free,  2419576K cached
800%cpu  96%user   4%nice  35%sys 658%idle   0%iow   8%irq   0%sirq   0%host
  TID USER         PR  NI VIRT  RES  SHR S[%CPU] %MEM     TIME+ THREAD          PROCESS
 2950 u0_a113      10 -10  17G 728M 490M R 69.2  10.1   1:49.80 GameThread      com.ps2x.runner
 2876 u0_a113      10 -10  17G 728M 490M S 19.2  10.1   0:23.83 GsWorker        com.ps2x.runner
 2996 u0_a113      20   0  17G 728M 490M S  0.0  10.1   0:00.00 InteractionJank com.ps2x.runner
 2995 u0_a113      20   0  17G 728M 490M S  0.0  10.1   0:00.00 binder:2819_2   com.ps2x.runner
 2988 u0_a113      10 -10  17G 728M 490M S  0.0  10.1   0:00.14 PGS-Waiter      com.ps2x.runner
 2978 u0_a113      39  19  17G 728M 490M S  0.0  10.1   0:00.00 com.ps:traceq0  com.ps2x.runner
 2938 u0_a113      -3 -10  17G 728M 490M S  0.0  10.1   0:00.56 AAudio_1        com.ps2x.runner
 2893 u0_a113      20   0  17G 728M 490M S  0.0  10.1   0:00.00 binder:2819_4   com.ps2x.runner
 2892 u0_a113      10 -10  17G 728M 490M S  0.0  10.1   0:00.00 com.ps2x.runner com.ps2x.runner
 2883 u0_a113      20   0  17G 728M 490M S  0.0  10.1   0:00.00 InsetsAnimation com.ps2x.runner
 2881 u0_a113      20   0  17G 728M 490M S  0.0  10.1   0:00.00 SurfaceSyncGrou com.ps2x.runner
 2878 u0_a113      10 -10  17G 728M 490M S  0.0  10.1   0:00.00 VsyncReceiver   com.ps2x.runner
 2874 u0_a113      10 -10  17G 728M 490M S  0.0  10.1   0:00.30 com.ps2x.runner com.ps2x.runner
 2875 u0_a113      10 -10  17G 728M 490M S  0.0  10.1   0:00.00 com.ps2x.runner com.ps2x.runner
 2859 u0_a113      20   0  17G 728M 490M S  0.0  10.1   0:00.00 binder:2819_3   com.ps2x.runner

[22:39:27 t+  164.5] BATTERY status: 5 level: 100
[22:39:29 t+  167.0] RESTORE a8d651a7e55f7e29f1345f28f4ea634e06ae757f535e29439ab61c930bcc0ebd match=True
[22:39:29 t+  167.1] MC0-AFTER bad=[]
[22:39:29 t+  167.2] END pid-after=none disconnects=0
