[00:05:03] PRE lease="LEASE_FREE VK1 done" keyguard="showing=false" battery=100% ac=true pid0=none
[00:05:03] PRE device-env=a8d651a7e55f7e29f1345f28f4ea634e06ae757f535e29439ab61c930bcc0ebd mc0-test='' mc0-bad=[]
[00:05:04] APK local sha x2 f39905dbf13431cd184b2dccf4f5baef66d46c62857d9beba76aa4fb5655740a f39905dbf13431cd184b2dccf4f5baef66d46c62857d9beba76aa4fb5655740a
[00:05:06] INSTALL Performing Streamed Install Success
[00:05:07] INSTALLED /data/app/~~VcJcUI-KNVXAO0GVAmkx-Q==/com.ps2x.runner-0AKm2EY65B9vfvEoYjYeEg==/base.apk sha=f39905dbf13431cd184b2dccf4f5baef66d46c62857d9beba76aa4fb5655740a match=True
[00:05:07] ENV e43affa0b0256a4c82906283d3aaf2c1b8fa97fabbef9e54e80c5a7a4f14762f  /storage/emulated/0/Android/data/com.ps2x.runner/files/ps2x.env
[00:05:07 t+    0.0] AM Starting: Intent { cmp=com.ps2x.runner/android.app.NativeActivity }
[00:05:13 t+    6.1] FOCUS app-foreground, no BACK ('mCurrentFocus=Window{f72f8c5 u0 com.ps2x.runner/android.app.NativeActivity}')
[00:05:15 t+    8.2] LAYER 'com.ps2x.runner/android.app.NativeActivity#19313' tried=['com.ps2x.runner/android.app.NativeActivity#19304', 'RequestedLayerState{ActivityRecord{30721ea u0 com.ps2x.runner/android.app.NativeActivity#19304 parentId=19303}', 'com.ps2x.runner/android.app.NativeActivity#19312', 'RequestedLayerState{f72f8c5 com.ps2x.runner/android.app.NativeActivity#19312 parentId=19304}', 'com.ps2x.runner/android.app.NativeActivity#19313']
[00:06:23 t+   76.3] SCAP sc01-tick2100-t75.png tick~2171
[00:07:20 t+  133.1] SCAP sc02-tick3000-t132.png tick~3044
[00:08:19 t+  192.6] SCAP sc03-tick4000-t192.png tick~4032
[00:08:48 t+  221.7] STOP tick 4587 >= 4500
[00:08:49 t+  222.1] SCAP sc04-final-t221.png tick~4587
[00:08:50 t+  223.5] THREADS
Threads: 27 total,   1 running,  26 sleeping,   0 stopped,   0 zombie
  Mem:  7342756K total,  5188092K used,  2154664K free,      616K buffers
 Swap: 10485752K total,   694292K used,  9791460K free,  2455460K cached
800%cpu  85%user   0%nice  38%sys 669%idle   0%iow   8%irq   0%sirq   0%host
  TID USER         PR  NI VIRT  RES  SHR S[%CPU] %MEM     TIME+ THREAD          PROCESS
29636 u0_a113      10 -10  17G 751M 513M R 69.2  10.4   2:25.59 GameThread      com.ps2x.runner
29615 u0_a113      10 -10  17G 751M 513M S 19.2  10.4   0:34.04 GsWorker        com.ps2x.runner
29644 u0_a113      20   0  17G 751M 513M S  0.0  10.4   0:00.00 InteractionJank com.ps2x.runner
29643 u0_a113      20   0  17G 751M 513M S  0.0  10.4   0:00.00 binder:29573_3  com.ps2x.runner
29638 u0_a113      10 -10  17G 751M 513M S  0.0  10.4   0:00.23 PGS-Waiter      com.ps2x.runner
29637 u0_a113      39  19  17G 751M 513M S  0.0  10.4   0:00.00 com.ps:traceq0  com.ps2x.runner
29635 u0_a113      -3 -10  17G 751M 513M S  0.0  10.4   0:00.80 AAudio_1        com.ps2x.runner
29628 u0_a113      20   0  17G 751M 513M S  0.0  10.4   0:00.10 binder:29573_4  com.ps2x.runner
29627 u0_a113      10 -10  17G 751M 513M S  0.0  10.4   0:00.00 com.ps2x.runner com.ps2x.runner
29620 u0_a113      20   0  17G 751M 513M S  0.0  10.4   0:00.00 InsetsAnimation com.ps2x.runner
29619 u0_a113      20   0  17G 751M 513M S  0.0  10.4   0:00.00 binder:29573_3  com.ps2x.runner
29618 u0_a113      20   0  17G 751M 513M S  0.0  10.4   0:00.00 SurfaceSyncGrou com.ps2x.runner
29617 u0_a113      10 -10  17G 751M 513M S  0.0  10.4   0:00.00 VsyncReceiver   com.ps2x.runner
29614 u0_a113      10 -10  17G 751M 513M S  0.0  10.4   0:00.00 com.ps2x.runner com.ps2x.runner
29613 u0_a113      10 -10  17G 751M 513M S  0.0  10.4   0:00.39 com.ps2x.runner com.ps2x.runner

[00:08:50 t+  223.5] BATTERY status: 5 level: 100
[00:08:53 t+  226.2] RESTORE a8d651a7e55f7e29f1345f28f4ea634e06ae757f535e29439ab61c930bcc0ebd match=True
[00:08:53 t+  226.6] MC0-AFTER bad=[]
[00:08:53 t+  226.7] END pid-after=none disconnects=0
