[0/2] Re-checking globbed directories...
[1/576] Building C object ps2xRecomp/CMakeFiles/rabbitizer.dir/Users/brad/dev/ssx3-work/E50/build/_deps/rabbitizer-src/src/common/RabbitizerVersion.c.o
[2/576] Building C object ps2xRecomp/CMakeFiles/rabbitizer.dir/Users/brad/dev/ssx3-work/E50/build/_deps/rabbitizer-src/src/analysis/RabbitizerJrRegData.c.o
[3/576] Building C object ps2xRecomp/CMakeFiles/rabbitizer.dir/Users/brad/dev/ssx3-work/E50/build/_deps/rabbitizer-src/src/analysis/RabbitizerLoPairingInfo.c.o
[4/576] Building C object ps2xRecomp/CMakeFiles/rabbitizer.dir/Users/brad/dev/ssx3-work/E50/build/_deps/rabbitizer-src/src/instructions/RabbitizerInstrCategory.c.o
[5/576] Building C object ps2xRecomp/CMakeFiles/rabbitizer.dir/Users/brad/dev/ssx3-work/E50/build/_deps/rabbitizer-src/src/common/RabbitizerConfig.c.o
[6/576] Building C object ps2xRecomp/CMakeFiles/rabbitizer.dir/Users/brad/dev/ssx3-work/E50/build/_deps/rabbitizer-src/src/common/Utils.c.o
[7/576] Building C object ps2xRecomp/CMakeFiles/rabbitizer.dir/Users/brad/dev/ssx3-work/E50/build/_deps/rabbitizer-src/src/analysis/RabbitizerTrackedRegisterState.c.o
[8/576] Building C object ps2xRecomp/CMakeFiles/rabbitizer.dir/Users/brad/dev/ssx3-work/E50/build/_deps/rabbitizer-src/src/analysis/RabbitizerRegistersTracker.c.o
[9/576] Building C object ps2xRecomp/CMakeFiles/rabbitizer.dir/Users/brad/dev/ssx3-work/E50/build/_deps/rabbitizer-src/src/instructions/RabbitizerInstrIdType.c.o
[10/576] Building C object ps2xRecomp/CMakeFiles/rabbitizer.dir/Users/brad/dev/ssx3-work/E50/build/_deps/rabbitizer-src/src/instructions/RabbitizerInstrId.c.o
[11/576] Building C object ps2xRecomp/CMakeFiles/rabbitizer.dir/Users/brad/dev/ssx3-work/E50/build/_deps/rabbitizer-src/src/instructions/RabbitizerInstrSuffix.c.o
[12/576] Building C object ps2xRecomp/CMakeFiles/rabbitizer.dir/Users/brad/dev/ssx3-work/E50/build/_deps/rabbitizer-src/src/instructions/RabbitizerInstruction/RabbitizerInstruction.c.o
[13/576] Building C object ps2xRecomp/CMakeFiles/rabbitizer.dir/Users/brad/dev/ssx3-work/E50/build/_deps/rabbitizer-src/src/instructions/RabbitizerInstruction/RabbitizerInstruction_Disassemble.c.o
[14/576] Building C object ps2xRecomp/CMakeFiles/rabbitizer.dir/Users/brad/dev/ssx3-work/E50/build/_deps/rabbitizer-src/src/instructions/RabbitizerInstrDescriptor.c.o
[15/576] Building C object ps2xRecomp/CMakeFiles/rabbitizer.dir/Users/brad/dev/ssx3-work/E50/build/_deps/rabbitizer-src/src/instructions/RabbitizerInstruction/RabbitizerInstruction_Examination.c.o
[16/576] Building C object ps2xRecomp/CMakeFiles/rabbitizer.dir/Users/brad/dev/ssx3-work/E50/build/_deps/rabbitizer-src/src/instructions/RabbitizerInstruction/RabbitizerInstruction_Operand.c.o
[17/576] Building C object ps2xRecomp/CMakeFiles/rabbitizer.dir/Users/brad/dev/ssx3-work/E50/build/_deps/rabbitizer-src/src/instructions/RabbitizerInstructionR3000GTE/RabbitizerInstructionR3000GTE.c.o
[18/576] Building C object ps2xRecomp/CMakeFiles/rabbitizer.dir/Users/brad/dev/ssx3-work/E50/build/_deps/rabbitizer-src/src/instructions/RabbitizerInstructionR4000Allegrex/RabbitizerInstructionR4000Allegrex.c.o
[19/576] Building C object ps2xRecomp/CMakeFiles/rabbitizer.dir/Users/brad/dev/ssx3-work/E50/build/_deps/rabbitizer-src/src/instructions/RabbitizerInstructionCpu/RabbitizerInstructionCpu_OperandType.c.o
[20/576] Building C object ps2xRecomp/CMakeFiles/rabbitizer.dir/Users/brad/dev/ssx3-work/E50/build/_deps/rabbitizer-src/src/instructions/RabbitizerInstructionR3000GTE/RabbitizerInstructionR3000GTE_OperandType.c.o
[21/576] Building C object ps2xRecomp/CMakeFiles/rabbitizer.dir/Users/brad/dev/ssx3-work/E50/build/_deps/rabbitizer-src/src/instructions/RabbitizerInstructionR3000GTE/RabbitizerInstructionR3000GTE_ProcessUniqueId.c.o
[22/576] Building C object ps2xRecomp/CMakeFiles/rabbitizer.dir/Users/brad/dev/ssx3-work/E50/build/_deps/rabbitizer-src/src/instructions/RabbitizerInstruction/RabbitizerInstruction_ProcessUniqueId.c.o
[23/576] Building C object ps2xRecomp/CMakeFiles/rabbitizer.dir/Users/brad/dev/ssx3-work/E50/build/_deps/rabbitizer-src/src/instructions/RabbitizerInstructionR4000Allegrex/RabbitizerInstructionR4000Allegrex_OperandType.c.o
[24/576] Building C object ps2xRecomp/CMakeFiles/rabbitizer.dir/Users/brad/dev/ssx3-work/E50/build/_deps/rabbitizer-src/src/instructions/RabbitizerInstructionR5900/RabbitizerInstructionR5900.c.o
[25/576] Building C object ps2xRecomp/CMakeFiles/rabbitizer.dir/Users/brad/dev/ssx3-work/E50/build/_deps/rabbitizer-src/src/instructions/RabbitizerInstructionRsp/RabbitizerInstructionRsp.c.o
[26/576] Building C object ps2xRecomp/CMakeFiles/rabbitizer.dir/Users/brad/dev/ssx3-work/E50/build/_deps/rabbitizer-src/src/instructions/RabbitizerInstructionRsp/RabbitizerInstructionRsp_ProcessUniqueId.c.o
[27/576] Building C object ps2xRecomp/CMakeFiles/rabbitizer.dir/Users/brad/dev/ssx3-work/E50/build/_deps/rabbitizer-src/src/instructions/RabbitizerInstructionR4000Allegrex/RabbitizerInstructionR4000Allegrex_ProcessUniqueId.c.o
[28/576] Building C object ps2xRecomp/CMakeFiles/rabbitizer.dir/Users/brad/dev/ssx3-work/E50/build/_deps/rabbitizer-src/src/instructions/RabbitizerInstructionRsp/RabbitizerInstructionRsp_OperandType.c.o
[29/576] Building C object ps2xRecomp/CMakeFiles/rabbitizer.dir/Users/brad/dev/ssx3-work/E50/build/_deps/rabbitizer-src/src/instructions/RabbitizerInstructionR5900/RabbitizerInstructionR5900_OperandType.c.o
[30/576] Building C object ps2xRecomp/CMakeFiles/rabbitizer.dir/Users/brad/dev/ssx3-work/E50/build/_deps/rabbitizer-src/src/instructions/RabbitizerInstructionR5900/RabbitizerInstructionR5900_ProcessUniqueId.c.o
[31/576] Building C object ps2xRecomp/CMakeFiles/rabbitizer.dir/Users/brad/dev/ssx3-work/E50/build/_deps/rabbitizer-src/src/instructions/RabbitizerRegisterDescriptor.c.o
[32/576] Building C object ps2xRecomp/CMakeFiles/rabbitizer.dir/Users/brad/dev/ssx3-work/E50/build/_deps/rabbitizer-src/src/instructions/RabbitizerRegister.c.o
[33/576] Building C object _deps/libdwarf-build/src/lib/libdwarf/CMakeFiles/dwarf.dir/dwarf_crc.c.o
[34/576] Building C object _deps/libdwarf-build/src/lib/libdwarf/CMakeFiles/dwarf.dir/dwarf_crc32.c.o
[35/576] Building C object _deps/libdwarf-build/src/lib/libdwarf/CMakeFiles/dwarf.dir/dwarf_debug_sup.c.o
[36/576] Building C object _deps/libdwarf-build/src/lib/libdwarf/CMakeFiles/dwarf.dir/dwarf_abbrev.c.o
[37/576] Building C object _deps/libdwarf-build/src/lib/libdwarf/CMakeFiles/dwarf.dir/dwarf_arange.c.o
[38/576] Building C object _deps/libdwarf-build/src/lib/libdwarf/CMakeFiles/dwarf.dir/dwarf_alloc.c.o
[39/576] Building C object _deps/libdwarf-build/src/lib/libdwarf/CMakeFiles/dwarf.dir/dwarf_debugaddr.c.o
[40/576] Building C object _deps/libdwarf-build/src/lib/libdwarf/CMakeFiles/dwarf.dir/dwarf_dsc.c.o
[41/576] Building C object _deps/libdwarf-build/src/lib/libdwarf/CMakeFiles/dwarf.dir/dwarf_debuglink.c.o
[42/576] Building C object _deps/libdwarf-build/src/lib/libdwarf/CMakeFiles/dwarf.dir/dwarf_debugnames.c.o
[43/576] Building C object _deps/libdwarf-build/src/lib/libdwarf/CMakeFiles/dwarf.dir/dwarf_elfread.c.o
[44/576] Building C object _deps/libdwarf-build/src/lib/libdwarf/CMakeFiles/dwarf.dir/dwarf_elf_rel_detector.c.o
[45/576] Building C object _deps/libdwarf-build/src/lib/libdwarf/CMakeFiles/dwarf.dir/dwarf_error.c.o
[46/576] Building C object _deps/libdwarf-build/src/lib/libdwarf/CMakeFiles/dwarf.dir/dwarf_die_deliv.c.o
[47/576] Building C object _deps/libdwarf-build/src/lib/libdwarf/CMakeFiles/dwarf.dir/dwarf_elf_load_headers.c.o
[48/576] Building C object _deps/libdwarf-build/src/lib/libdwarf/CMakeFiles/dwarf.dir/dwarf_fill_in_attr_form.c.o
[49/576] Building C object _deps/libdwarf-build/src/lib/libdwarf/CMakeFiles/dwarf.dir/dwarf_find_sigref.c.o
[50/576] Building C object _deps/libdwarf-build/src/lib/libdwarf/CMakeFiles/dwarf.dir/dwarf_fission_to_cu.c.o
[51/576] Building C object _deps/libdwarf-build/src/lib/libdwarf/CMakeFiles/dwarf.dir/dwarf_form_class_names.c.o
[52/576] Building CXX object _deps/fmt-build/CMakeFiles/fmt.dir/src/os.cc.o
[53/576] Building C object _deps/libdwarf-build/src/lib/libdwarf/CMakeFiles/dwarf.dir/dwarf_gdbindex.c.o
[54/576] Building C object _deps/libdwarf-build/src/lib/libdwarf/CMakeFiles/dwarf.dir/dwarf_form.c.o
[55/576] Building C object _deps/libdwarf-build/src/lib/libdwarf/CMakeFiles/dwarf.dir/dwarf_groups.c.o
[56/576] Building C object _deps/libdwarf-build/src/lib/libdwarf/CMakeFiles/dwarf.dir/dwarf_frame2.c.o
[57/576] Building C object _deps/libdwarf-build/src/lib/libdwarf/CMakeFiles/dwarf.dir/dwarf_global.c.o
[58/576] Building C object _deps/libdwarf-build/src/lib/libdwarf/CMakeFiles/dwarf.dir/dwarf_gnu_index.c.o
[59/576] Building C object _deps/libdwarf-build/src/lib/libdwarf/CMakeFiles/dwarf.dir/dwarf_harmless.c.o
[60/576] Building C object _deps/libdwarf-build/src/lib/libdwarf/CMakeFiles/dwarf.dir/dwarf_generic_init.c.o
[61/576] Building C object _deps/libdwarf-build/src/lib/libdwarf/CMakeFiles/dwarf.dir/dwarf_frame.c.o
[62/576] Building C object _deps/libdwarf-build/src/lib/libdwarf/CMakeFiles/dwarf.dir/dwarf_leb.c.o
[63/576] Building C object _deps/libdwarf-build/src/lib/libdwarf/CMakeFiles/dwarf.dir/dwarf_local_malloc.c.o
[64/576] Building C object _deps/libdwarf-build/src/lib/libdwarf/CMakeFiles/dwarf.dir/dwarf_locationop_read.c.o
[65/576] Building C object _deps/libdwarf-build/src/lib/libdwarf/CMakeFiles/dwarf.dir/dwarf_init_finish.c.o
[66/576] Building C object _deps/libdwarf-build/src/lib/libdwarf/CMakeFiles/dwarf.dir/dwarf_loc.c.o
[67/576] Building C object _deps/libdwarf-build/src/lib/libdwarf/CMakeFiles/dwarf.dir/dwarf_lvn_name.c.o
[68/576] Building C object _deps/libdwarf-build/src/lib/libdwarf/CMakeFiles/dwarf.dir/dwarf_loclists.c.o
[69/576] Building C object _deps/libdwarf-build/src/lib/libdwarf/CMakeFiles/dwarf.dir/dwarf_64machoread.c.o
[70/576] Building C object _deps/libdwarf-build/src/lib/libdwarf/CMakeFiles/dwarf.dir/dwarf_macro.c.o
[71/576] Building C object _deps/libdwarf-build/src/lib/libdwarf/CMakeFiles/dwarf.dir/dwarf_memcpy_swap.c.o
[72/576] Building C object _deps/libdwarf-build/src/lib/libdwarf/CMakeFiles/dwarf.dir/dwarf_line.c.o
[73/576] Building C object _deps/libdwarf-build/src/lib/libdwarf/CMakeFiles/dwarf.dir/dwarf_machoread.c.o
[74/576] Building C object _deps/libdwarf-build/src/lib/libdwarf/CMakeFiles/dwarf.dir/dwarf_names.c.o
[75/576] Building C object _deps/libdwarf-build/src/lib/libdwarf/CMakeFiles/dwarf.dir/dwarf_macro5.c.o
[76/576] Building C object _deps/libdwarf-build/src/lib/libdwarf/CMakeFiles/dwarf.dir/dwarf_object_read_common.c.o
[77/576] Building C object _deps/libdwarf-build/src/lib/libdwarf/CMakeFiles/dwarf.dir/dwarf_object_detector.c.o
[78/576] Building C object _deps/libdwarf-build/src/lib/libdwarf/CMakeFiles/dwarf.dir/dwarf_peread.c.o
[79/576] Building C object _deps/libdwarf-build/src/lib/libdwarf/CMakeFiles/dwarf.dir/dwarf_safe_arithmetic.c.o
[80/576] Building C object _deps/libdwarf-build/src/lib/libdwarf/CMakeFiles/dwarf.dir/dwarf_ranges.c.o
[81/576] Building C object _deps/libdwarf-build/src/lib/libdwarf/CMakeFiles/dwarf.dir/dwarf_safe_strcpy.c.o
[82/576] Building C object _deps/libdwarf-build/src/lib/libdwarf/CMakeFiles/dwarf.dir/dwarf_query.c.o
[83/576] Building C object _deps/libdwarf-build/src/lib/libdwarf/CMakeFiles/dwarf.dir/dwarf_secname_ck.c.o
[84/576] Building C object _deps/libdwarf-build/src/lib/libdwarf/CMakeFiles/dwarf.dir/dwarf_rnglists.c.o
[85/576] Building C object _deps/libdwarf-build/src/lib/libdwarf/CMakeFiles/dwarf.dir/dwarf_seekr.c.o
[86/576] Building C object _deps/libdwarf-build/src/lib/libdwarf/CMakeFiles/dwarf.dir/dwarf_stringsection.c.o
[87/576] Building C object _deps/libdwarf-build/src/lib/libdwarf/CMakeFiles/dwarf.dir/dwarf_setup_sections.c.o
[88/576] Building C object _deps/libdwarf-build/src/lib/libdwarf/CMakeFiles/dwarf.dir/dwarf_string.c.o
[89/576] Building C object _deps/libdwarf-build/src/lib/libdwarf/CMakeFiles/dwarf.dir/dwarf_tied.c.o
[90/576] Building C object _deps/libdwarf-build/src/lib/libdwarf/CMakeFiles/dwarf.dir/dwarf_str_offsets.c.o
[91/576] Building C object _deps/libdwarf-build/src/lib/libdwarf/CMakeFiles/dwarf.dir/dwarf_tsearchhash.c.o
[92/576] Building C object _deps/libdwarf-build/src/lib/libdwarf/CMakeFiles/dwarf.dir/dwarf_util.c.o
[93/576] Building C object _deps/libdwarf-build/src/lib/libdwarf/CMakeFiles/dwarf.dir/dwarf_xu_index.c.o
[94/576] Linking C static library ps2xRecomp/librabbitizer.a
[95/576] Building C object _deps/libdwarf-build/src/lib/libdwarf/CMakeFiles/dwarf.dir/dwarf_print_lines.c.o
[96/576] Building CXX object ps2xRecomp/CMakeFiles/ps2_recomp_lib.dir/src/lib/cop0_translator.cpp.o
[97/576] Building CXX object ps2xRecomp/CMakeFiles/ps2_recomp_lib.dir/src/lib/control_flow_analyzer.cpp.o
[98/576] Building CXX object _deps/fmt-build/CMakeFiles/fmt.dir/src/format.cc.o
In file included from /Users/brad/dev/ssx3-work/E50/build/_deps/fmt-src/src/format.cc:8:
In file included from /Users/brad/dev/ssx3-work/E50/build/_deps/fmt-src/include/fmt/format-inl.h:23:
In file included from /Users/brad/dev/ssx3-work/E50/build/_deps/fmt-src/include/fmt/format.h:41:
/Users/brad/dev/ssx3-work/E50/build/_deps/fmt-src/include/fmt/base.h:930:5: warning: ignoring return value of function declared with 'nodiscard' attribute [-Wunused-result]
  930 |     isalpha('x', loc);
      |     ^~~~~~~~~~~~~~~~~
/Users/brad/dev/ssx3-work/E50/build/_deps/fmt-src/src/format.cc:13:30: note: in instantiation of function template specialization 'fmt::locale_ref::locale_ref<std::locale, 0>' requested here
   13 | template FMT_API locale_ref::locale_ref(const std::locale& loc);  // DEPRECATED!
      |                              ^
1 warning generated.
[99/576] Building CXX object ps2xRecomp/CMakeFiles/ps2_recomp_lib.dir/src/lib/fpu_translator.cpp.o
[100/576] Building CXX object ps2xRecomp/CMakeFiles/ps2_recomp_lib.dir/src/lib/control_flow_emitter.cpp.o
[101/576] Building CXX object ps2xRecomp/CMakeFiles/ps2_recomp_lib.dir/src/lib/code_generator.cpp.o
[102/576] Building CXX object ps2xRecomp/CMakeFiles/ps2_recomp_lib.dir/src/lib/function_emitter.cpp.o
[103/576] Building CXX object ps2xRecomp/CMakeFiles/ps2_recomp_lib.dir/src/lib/gif_dma_kick_analyzer.cpp.o
[104/576] Building CXX object ps2xRecomp/CMakeFiles/ps2_recomp_lib.dir/src/lib/function_table_emitter.cpp.o
[105/576] Building CXX object ps2xRecomp/CMakeFiles/ps2_recomp_lib.dir/src/lib/jump_table_switch_emitter.cpp.o
[106/576] Building CXX object ps2xRecomp/CMakeFiles/ps2_recomp_lib.dir/src/lib/instruction_translator.cpp.o
[107/576] Building CXX object ps2xRecomp/CMakeFiles/ps2_recomp_lib.dir/src/lib/mmi_translation_helpers.cpp.o
[108/576] Building CXX object ps2xRecomp/CMakeFiles/ps2_recomp_lib.dir/src/lib/mmi_translator.cpp.o
[109/576] Building CXX object ps2xRecomp/CMakeFiles/ps2_recomp_lib.dir/src/lib/r5900_decoder.cpp.o
[110/576] Building CXX object ps2xRecomp/CMakeFiles/ps2_recomp_lib.dir/src/lib/recompiler_reporter.cpp.o
[111/576] Building CXX object ps2xRecomp/CMakeFiles/ps2_recomp_lib.dir/src/lib/regimm_translator.cpp.o
[112/576] Linking CXX static library _deps/fmt-build/libfmt.a
[113/576] Linking C static library _deps/libdwarf-build/src/lib/libdwarf/libdwarf.a
[114/576] Building CXX object ps2xRecomp/CMakeFiles/ps2_recomp_lib.dir/src/lib/special_translator.cpp.o
[115/576] Building CXX object ps2xRecomp/CMakeFiles/ps2_recomp_lib.dir/src/lib/elf_parser.cpp.o
[116/576] Building CXX object ps2xRecomp/CMakeFiles/ps2_recomp_lib.dir/src/lib/vu_translator.cpp.o
[117/576] Building C object _deps/raylib-build/raylib/CMakeFiles/raylib.dir/rshapes.c.o
[118/576] Building CXX object ps2xRecomp/CMakeFiles/ps2_recomp_lib.dir/src/lib/vu_translation_helpers.cpp.o
[119/576] Building C object _deps/raylib-build/raylib/CMakeFiles/raylib.dir/utils.c.o
[120/576] Building C object _deps/raylib-build/raylib/external/glfw/src/CMakeFiles/glfw.dir/context.c.o
[121/576] Building C object _deps/raylib-build/raylib/CMakeFiles/raylib.dir/rtext.c.o
[122/576] Building C object _deps/raylib-build/raylib/external/glfw/src/CMakeFiles/glfw.dir/init.c.o
[123/576] Building C object _deps/raylib-build/raylib/external/glfw/src/CMakeFiles/glfw.dir/input.c.o
[124/576] Building C object _deps/raylib-build/raylib/CMakeFiles/raylib.dir/rcore.c.o
[125/576] Building CXX object ps2xRecomp/CMakeFiles/ps2_recomp_lib.dir/src/lib/config_manager.cpp.o
In file included from /Users/brad/dev/ssx3-work/E55D14P1/PS2Recomp/ps2xRecomp/src/lib/config_manager.cpp:3:
In file included from /Users/brad/dev/ssx3-work/E50/build/_deps/toml11-src/include/toml.hpp:40:
In file included from /Users/brad/dev/ssx3-work/E50/build/_deps/toml11-src/include/toml11/literal.hpp:4:
/Users/brad/dev/ssx3-work/E50/build/_deps/toml11-src/include/toml11/fwd/literal_fwd.hpp:22:26: warning: identifier '_toml' preceded by whitespace in a literal operator declaration is deprecated [-Wdeprecated-literal-operator]
   22 | ::toml::value operator"" _toml(const char* str, std::size_t len);
      |               ~~~~~~~~~~~^~~~~
      |               operator""_toml
/Users/brad/dev/ssx3-work/E50/build/_deps/toml11-src/include/toml11/fwd/literal_fwd.hpp:27:26: warning: identifier '_toml' preceded by whitespace in a literal operator declaration is deprecated [-Wdeprecated-literal-operator]
   27 | ::toml::value operator"" _toml(const char8_t* str, std::size_t len);
      |               ~~~~~~~~~~~^~~~~
      |               operator""_toml
In file included from /Users/brad/dev/ssx3-work/E55D14P1/PS2Recomp/ps2xRecomp/src/lib/config_manager.cpp:3:
In file included from /Users/brad/dev/ssx3-work/E50/build/_deps/toml11-src/include/toml.hpp:40:
In file included from /Users/brad/dev/ssx3-work/E50/build/_deps/toml11-src/include/toml11/literal.hpp:7:
/Users/brad/dev/ssx3-work/E50/build/_deps/toml11-src/include/toml11/impl/literal_impl.hpp:118:12: warning: identifier '_toml' preceded by whitespace in a literal operator declaration is deprecated [-Wdeprecated-literal-operator]
  118 | operator"" _toml(const char* str, std::size_t len)
      | ~~~~~~~~~~~^~~~~
      | operator""_toml
/Users/brad/dev/ssx3-work/E50/build/_deps/toml11-src/include/toml11/impl/literal_impl.hpp:149:12: warning: identifier '_toml' preceded by whitespace in a literal operator declaration is deprecated [-Wdeprecated-literal-operator]
  149 | operator"" _toml(const char8_t* str, std::size_t len)
      | ~~~~~~~~~~~^~~~~
      | operator""_toml
4 warnings generated.
[126/576] Building C object _deps/raylib-build/raylib/external/glfw/src/CMakeFiles/glfw.dir/monitor.c.o
[127/576] Building CXX object ps2xRecomp/CMakeFiles/ps2_recomp_lib.dir/src/lib/ps2_recompiler.cpp.o
[128/576] Building C object _deps/raylib-build/raylib/external/glfw/src/CMakeFiles/glfw.dir/platform.c.o
[129/576] Linking CXX static library ps2xRecomp/libps2_recomp_lib.a
[130/576] Building C object _deps/raylib-build/raylib/external/glfw/src/CMakeFiles/glfw.dir/vulkan.c.o
[131/576] Building C object _deps/raylib-build/raylib/external/glfw/src/CMakeFiles/glfw.dir/egl_context.c.o
[132/576] Building C object _deps/raylib-build/raylib/external/glfw/src/CMakeFiles/glfw.dir/window.c.o
[133/576] Building C object _deps/raylib-build/raylib/external/glfw/src/CMakeFiles/glfw.dir/osmesa_context.c.o
[134/576] Building C object _deps/raylib-build/raylib/external/glfw/src/CMakeFiles/glfw.dir/null_init.c.o
[135/576] Building C object _deps/raylib-build/raylib/external/glfw/src/CMakeFiles/glfw.dir/null_monitor.c.o
[136/576] Building C object _deps/raylib-build/raylib/external/glfw/src/CMakeFiles/glfw.dir/null_window.c.o
[137/576] Building C object _deps/raylib-build/raylib/external/glfw/src/CMakeFiles/glfw.dir/null_joystick.c.o
[138/576] Building C object _deps/raylib-build/raylib/external/glfw/src/CMakeFiles/glfw.dir/cocoa_time.c.o
[139/576] Building C object _deps/raylib-build/raylib/external/glfw/src/CMakeFiles/glfw.dir/posix_module.c.o
[140/576] Building C object _deps/raylib-build/raylib/external/glfw/src/CMakeFiles/glfw.dir/posix_thread.c.o
[141/576] Building C object _deps/raylib-build/raylib/external/glfw/src/CMakeFiles/glfw.dir/cocoa_init.m.o
[142/576] Building C object _deps/raylib-build/raylib/external/glfw/src/CMakeFiles/glfw.dir/cocoa_joystick.m.o
[143/576] Building C object _deps/raylib-build/raylib/external/glfw/src/CMakeFiles/glfw.dir/cocoa_monitor.m.o
[144/576] Building C object _deps/raylib-build/raylib/external/glfw/src/CMakeFiles/glfw.dir/nsgl_context.m.o
[145/576] Building C object _deps/raylib-build/raylib/external/glfw/src/CMakeFiles/glfw.dir/cocoa_window.m.o
[146/576] Building C object _deps/raylib-build/raylib/CMakeFiles/raylib.dir/rtextures.c.o
[147/576] Building CXX object ps2xTest/CMakeFiles/e52_snippet_gen.dir/tools/e52_snippet_gen.cpp.o
[148/576] Building CXX object ps2xTest/CMakeFiles/e54d_lwu_snippet_gen.dir/tools/e54d_lwu_snippet_gen.cpp.o
[149/576] Building C object _deps/raylib-build/raylib/CMakeFiles/raylib.dir/rmodels.c.o
[150/576] Building CXX object ps2xIOP/CMakeFiles/ps2_iop.dir/src/builtin_profiles.cpp.o
[151/576] Building CXX object ps2xIOP/CMakeFiles/ps2_iop.dir/src/modules/libsd.cpp.o
[152/576] Building CXX object ps2xIOP/CMakeFiles/ps2_iop.dir/src/plugin_loader.cpp.o
[153/576] Building CXX object ps2xIOP/CMakeFiles/ps2_iop.dir/src/modules/dbcman.cpp.o
[154/576] Building CXX object ps2xIOP/CMakeFiles/ps2_iop.dir/src/iop_subsystem.cpp.o
[155/576] Building CXX object ps2xIOP/CMakeFiles/ps2_iop.dir/src/modules/mcserv.cpp.o
[156/576] Building CXX object ps2xIOP/CMakeFiles/ps2_iop.dir/src/modules/tsnddrv.cpp.o
[157/576] Building CXX object ps2xIOP/CMakeFiles/ps2_iop.dir/src/modules/sound_update_stub.cpp.o
[158/576] Building CXX object ps2xIOP/CMakeFiles/ps2_iop.dir/src/modules/clfile.cpp.o
[159/576] Building CXX object ps2xRuntime/CMakeFiles/ps2_gs_shadow.dir/src/lib/gs/ps2_gs_parallel_backend.cpp.o
[160/576] Building CXX object ps2xIOP/CMakeFiles/ps2_iop.dir/src/modules/cri_dtx.cpp.o
[161/576] Building CXX object ps2xIOP/CMakeFiles/ps2_iop.dir/src/modules/sdrdrv.cpp.o
[162/576] Building CXX object ps2xRuntime/CMakeFiles/ps2_gs_shadow.dir/src/lib/gs/ps2_gs_shadow.cpp.o
[163/576] Linking CXX static library ps2xIOP/libps2_iop.a
[164/576] Building C object _deps/raylib-build/raylib/CMakeFiles/raylib.dir/raudio.c.o
In file included from /Users/brad/dev/ssx3-work/E50/build/_deps/raylib-src/src/raudio.c:180:
In file included from /Users/brad/dev/ssx3-work/E50/build/_deps/raylib-src/src/external/miniaudio.h:31814:
In file included from /Applications/Xcode.app/Contents/Developer/Platforms/MacOSX.platform/Developer/SDKs/MacOSX.sdk/System/Library/Frameworks/AudioToolbox.framework/Headers/AudioToolbox.h:43:
In file included from /Applications/Xcode.app/Contents/Developer/Platforms/MacOSX.platform/Developer/SDKs/MacOSX.sdk/System/Library/Frameworks/AudioToolbox.framework/Headers/MusicPlayer.h:44:
/Applications/Xcode.app/Contents/Developer/Platforms/MacOSX.platform/Developer/SDKs/MacOSX.sdk/System/Library/Frameworks/CoreMIDI.framework/Headers/MIDIServices.h:311:32: warning: redefinition of typedef 'MIDIEventList' is a C11 feature [-Wtypedef-redefinition]
  311 | typedef struct MIDIEventList                    MIDIEventList;                  // Universal MIDI Packet
      |                                                 ^
/Applications/Xcode.app/Contents/Developer/Platforms/MacOSX.platform/Developer/SDKs/MacOSX.sdk/System/Library/Frameworks/AudioToolbox.framework/Headers/MusicDevice.h:178:30: note: previous definition is here
  178 | typedef struct MIDIEventList MIDIEventList;
      |                              ^
In file included from /Users/brad/dev/ssx3-work/E50/build/_deps/raylib-src/src/raudio.c:180:
In file included from /Users/brad/dev/ssx3-work/E50/build/_deps/raylib-src/src/external/miniaudio.h:31814:
In file included from /Applications/Xcode.app/Contents/Developer/Platforms/MacOSX.platform/Developer/SDKs/MacOSX.sdk/System/Library/Frameworks/AudioToolbox.framework/Headers/AudioToolbox.h:43:
In file included from /Applications/Xcode.app/Contents/Developer/Platforms/MacOSX.platform/Developer/SDKs/MacOSX.sdk/System/Library/Frameworks/AudioToolbox.framework/Headers/MusicPlayer.h:44:
/Applications/Xcode.app/Contents/Developer/Platforms/MacOSX.platform/Developer/SDKs/MacOSX.sdk/System/Library/Frameworks/CoreMIDI.framework/Headers/MIDIServices.h:528:30: warning: redefinition of typedef 'MIDIEventList' is a C11 feature [-Wtypedef-redefinition]
  528 | typedef struct MIDIEventList MIDIEventList;
      |                              ^
/Applications/Xcode.app/Contents/Developer/Platforms/MacOSX.platform/Developer/SDKs/MacOSX.sdk/System/Library/Frameworks/CoreMIDI.framework/Headers/MIDIServices.h:311:32: note: previous definition is here
  311 | typedef struct MIDIEventList                    MIDIEventList;                  // Universal MIDI Packet
      |                                                 ^
/Applications/Xcode.app/Contents/Developer/Platforms/MacOSX.platform/Developer/SDKs/MacOSX.sdk/System/Library/Frameworks/CoreMIDI.framework/Headers/MIDIServices.h:1034:146: warning: unknown platform 'bridgeos' in availability macro [-Wavailability]
 1034 | extern const CFStringRef        kMIDIPropertyFactoryPatchNameFile               API_DEPRECATED_WITH_REPLACEMENT("kMIDIPropertyNameConfiguration", macos(10.1, 10.2)) MIDI_API_UNAVAILABLE_NON_MACOS;
      |                                                                                                                                                                      ^
/Applications/Xcode.app/Contents/Developer/Platforms/MacOSX.platform/Developer/SDKs/MacOSX.sdk/System/Library/Frameworks/CoreMIDI.framework/Headers/MIDIServices.h:79:20: note: expanded from macro 'MIDI_API_UNAVAILABLE_NON_MACOS'
   79 |         __OS_AVAILABILITY(bridgeos, unavailable) \
      |                           ^
/Applications/Xcode.app/Contents/Developer/Platforms/MacOSX.platform/Developer/SDKs/MacOSX.sdk/System/Library/Frameworks/CoreMIDI.framework/Headers/MIDIServices.h:1047:144: warning: unknown platform 'bridgeos' in availability macro [-Wavailability]
 1047 | extern const CFStringRef        kMIDIPropertyUserPatchNameFile                  API_DEPRECATED_WITH_REPLACEMENT("kMIDIPropertyNameConfiguration", macos(10.1, 10.2)) MIDI_API_UNAVAILABLE_NON_MACOS;
      |                                                                                                                                                                      ^
/Applications/Xcode.app/Contents/Developer/Platforms/MacOSX.platform/Developer/SDKs/MacOSX.sdk/System/Library/Frameworks/CoreMIDI.framework/Headers/MIDIServices.h:79:20: note: expanded from macro 'MIDI_API_UNAVAILABLE_NON_MACOS'
   79 |         __OS_AVAILABILITY(bridgeos, unavailable) \
      |                           ^
In file included from /Users/brad/dev/ssx3-work/E50/build/_deps/raylib-src/src/raudio.c:218:
/Users/brad/dev/ssx3-work/E50/build/_deps/raylib-src/src/external/stb_vorbis.c:1404:75: warning: pointer comparison always evaluates to false [-Wtautological-compare]
 1404 |       if (f->stream_start + loc >= f->stream_end || f->stream_start + loc < f->stream_start) {
      |                                                                           ^
5 warnings generated.
[165/576] Linking C static library _deps/raylib-build/raylib/libraylib.a
[166/576] Building CXX object ps2xRuntime/CMakeFiles/imgui.dir/Users/brad/dev/ssx3-work/E50/build/_deps/imgui-src/imgui_tables.cpp.o
[167/576] Building CXX object ps2xRuntime/CMakeFiles/imgui.dir/Users/brad/dev/ssx3-work/E50/build/_deps/imgui-src/imgui_demo.cpp.o
[168/576] Building CXX object ps2xRuntime/CMakeFiles/ps2_runtime.dir/src/lib/gs/ps2_gif_arbiter.cpp.o
[169/576] Building CXX object ps2xRuntime/CMakeFiles/ps2_runtime.dir/src/lib/gs/gs_stream_capture.cpp.o
[170/576] Building CXX object ps2xRuntime/CMakeFiles/imgui.dir/Users/brad/dev/ssx3-work/E50/build/_deps/imgui-src/imgui_widgets.cpp.o
[171/576] Building CXX object ps2xRuntime/CMakeFiles/ps2_runtime.dir/src/lib/gs/gs_worker.cpp.o
[172/576] Building CXX object ps2xRuntime/CMakeFiles/ps2_runtime.dir/src/lib/game_overrides.cpp.o
[173/576] Building CXX object ps2xRuntime/CMakeFiles/ps2_runtime.dir/src/lib/gs/ps2_gs_memory.cpp.o
In file included from /Users/brad/dev/ssx3-work/E55D14P1/PS2Recomp/ps2xRuntime/src/lib/gs/ps2_gs_memory.cpp:3:
/Users/brad/dev/ssx3-work/E55D14P1/PS2Recomp/ps2xRuntime/include/runtime/gs/ps2_gs_memory.h:67:11: warning: enumeration value 'Max' not handled in switch [-Wswitch]
   67 |                 switch (psm)
      |                         ^~~
/Users/brad/dev/ssx3-work/E55D14P1/PS2Recomp/ps2xRuntime/include/runtime/gs/ps2_gs_memory.h:91:11: warning: enumeration value 'Max' not handled in switch [-Wswitch]
   91 |                 switch (psm)
      |                         ^~~
/Users/brad/dev/ssx3-work/E55D14P1/PS2Recomp/ps2xRuntime/include/runtime/gs/ps2_gs_memory.h:168:11: warning: 9 enumeration values not handled in switch: 'C32', 'C24', 'C16'... [-Wswitch]
  168 |                 switch (psm)
      |                         ^~~
/Users/brad/dev/ssx3-work/E55D14P1/PS2Recomp/ps2xRuntime/include/runtime/gs/ps2_gs_memory.h:325:11: warning: no case matching constant switch condition '49'
  325 |                 switch (psm)
      |                         ^~~
/Users/brad/dev/ssx3-work/E55D14P1/PS2Recomp/ps2xRuntime/include/runtime/gs/ps2_gs_memory.h:236:47: note: in instantiation of member function 'GSMem::PixelStorageTraits<GSMem::PixelStorageMode::Z24>::ColumnExtent' requested here
  236 |                 using ColumnLookupTableT = LookupTable<u16, ColumnExtent().x, ColumnExtent().y>;
      |                                                             ^
/Users/brad/dev/ssx3-work/E55D14P1/PS2Recomp/ps2xRuntime/src/lib/gs/ps2_gs_memory.cpp:240:9: note: in instantiation of template class 'GSMem::PixelStorageTraits<GSMem::PixelStorageMode::Z24>' requested here
  240 |         PixelStorageTraits<Z24>::Write(PageTableZ32, data, bp, bw, x, y, value);
      |         ^
4 warnings generated.
[174/576] Building CXX object ps2xRuntime/CMakeFiles/imgui.dir/Users/brad/dev/ssx3-work/E50/build/_deps/imgui-src/imgui_draw.cpp.o
[175/576] Building CXX object ps2xRuntime/CMakeFiles/ps2_runtime.dir/src/lib/ps2_audio_vag.cpp.o
[176/576] Building CXX object ps2xRuntime/CMakeFiles/ps2_runtime.dir/src/lib/ps2_audio.cpp.o
[177/576] Building CXX object ps2xRuntime/CMakeFiles/ps2_runtime.dir/src/lib/ps2_pad.cpp.o
[178/576] Building CXX object ps2xRuntime/CMakeFiles/ps2_runtime.dir/src/lib/gs/gs_cpu_backend.cpp.o
In file included from /Users/brad/dev/ssx3-work/E55D14P1/PS2Recomp/ps2xRuntime/src/lib/gs/gs_cpu_backend.cpp:7:
/Users/brad/dev/ssx3-work/E55D14P1/PS2Recomp/ps2xRuntime/include/runtime/gs/ps2_gs_memory.h:67:11: warning: enumeration value 'Max' not handled in switch [-Wswitch]
   67 |                 switch (psm)
      |                         ^~~
/Users/brad/dev/ssx3-work/E55D14P1/PS2Recomp/ps2xRuntime/include/runtime/gs/ps2_gs_memory.h:91:11: warning: enumeration value 'Max' not handled in switch [-Wswitch]
   91 |                 switch (psm)
      |                         ^~~
/Users/brad/dev/ssx3-work/E55D14P1/PS2Recomp/ps2xRuntime/include/runtime/gs/ps2_gs_memory.h:168:11: warning: 9 enumeration values not handled in switch: 'C32', 'C24', 'C16'... [-Wswitch]
  168 |                 switch (psm)
      |                         ^~~
3 warnings generated.
[179/576] Linking CXX executable ps2xTest/e52_snippet_gen
[180/576] Linking CXX executable ps2xTest/e54d_lwu_snippet_gen
[181/576] Building CXX object ps2xRuntime/CMakeFiles/ps2_runtime.dir/src/lib/gs/gs_frontend.cpp.o
[182/576] Building CXX object ps2xRuntime/CMakeFiles/ps2_runtime.dir/src/lib/ps2_iop_host.cpp.o
[183/576] Building CXX object ps2xRuntime/CMakeFiles/imgui.dir/Users/brad/dev/ssx3-work/E50/build/_deps/imgui-src/imgui.cpp.o
[184/576] Building CXX object ps2xRuntime/CMakeFiles/ps2_runtime.dir/src/lib/vu/ps2_vu1_upper.cpp.o
[185/576] Building CXX object ps2xRuntime/CMakeFiles/ps2_runtime.dir/src/lib/ps2_memory.cpp.o
[186/576] Building CXX object ps2xRuntime/CMakeFiles/ps2_runtime.dir/src/lib/ps2_vif1_interpreter.cpp.o
[187/576] Building CXX object ps2xRuntime/CMakeFiles/ps2_runtime.dir/src/lib/games_database.cpp.o
[188/576] Building CXX object ps2xRuntime/CMakeFiles/ps2_runtime.dir/src/lib/vu/ps2_vu1_lower.cpp.o
[189/576] Building CXX object ps2xRuntime/CMakeFiles/ps2_runtime.dir/src/lib/vu/ps2_vu1_core.cpp.o
/Users/brad/dev/ssx3-work/E55D14P1/PS2Recomp/ps2xRuntime/src/lib/vu/ps2_vu1_core.cpp:2466:5: warning: 'snprintf' will always be truncated; specified size is 32, but format string expands to at least 44 [-Wformat-truncation]
 2466 |     std::snprintf(num, sizeof(num), " mac=%08x status=%08x clip=%08x",
      |     ^
1 warning generated.
[190/576] Building CXX object ps2xRuntime/CMakeFiles/ps2_runtime.dir/src/lib/Kernel/Stubs/Audio.cpp.o
[191/576] Building CXX object ps2xRuntime/CMakeFiles/ps2_runtime.dir/src/lib/ps2_runtime.cpp.o
[192/576] Building CXX object ps2xRuntime/CMakeFiles/ps2_runtime.dir/src/lib/Kernel/Stubs/Compatibility.cpp.o
[193/576] Building CXX object ps2xRuntime/CMakeFiles/ps2_runtime.dir/src/lib/Kernel/Stubs/Deci2.cpp.o
[194/576] Building CXX object ps2xRuntime/CMakeFiles/ps2_runtime.dir/src/lib/Kernel/Stubs/DMA.cpp.o
[195/576] Building CXX object ps2xRuntime/CMakeFiles/ps2_runtime.dir/src/lib/Kernel/Stubs/CD.cpp.o
[196/576] Building CXX object ps2xRuntime/CMakeFiles/ps2_runtime.dir/src/lib/Kernel/Stubs/FileIO.cpp.o
[197/576] Building CXX object ps2xRuntime/CMakeFiles/ps2_runtime.dir/src/lib/Kernel/Stubs/Font.cpp.o
[198/576] Building CXX object ps2xRuntime/CMakeFiles/ps2_runtime.dir/src/lib/Kernel/Stubs/IPU.cpp.o
[199/576] Building CXX object ps2xRuntime/CMakeFiles/ps2_runtime.dir/src/lib/Kernel/Stubs/GS.cpp.o
[200/576] Building CXX object ps2xRuntime/CMakeFiles/ps2_runtime.dir/src/lib/Kernel/Stubs/LibC.cpp.o
[201/576] Building CXX object ps2xRuntime/CMakeFiles/ps2_runtime.dir/src/lib/Kernel/Stubs/RPC.cpp.o
[202/576] Building CXX object ps2xRuntime/CMakeFiles/ps2_runtime.dir/src/lib/Kernel/Stubs/Pad.cpp.o
[203/576] Building CXX object ps2xRuntime/CMakeFiles/ps2_runtime.dir/src/lib/Kernel/Stubs/MPEG.cpp.o
[204/576] Building CXX object ps2xRuntime/CMakeFiles/ps2_runtime.dir/src/lib/Kernel/Stubs/MemoryCard.cpp.o
[205/576] Building CXX object ps2xRuntime/CMakeFiles/ps2_runtime.dir/src/lib/Kernel/EeScheduler.cpp.o
[206/576] Building CXX object ps2xRuntime/CMakeFiles/ps2_runtime.dir/src/lib/Kernel/Stubs/Ssx3Movie.cpp.o
[207/576] Building CXX object ps2xRuntime/CMakeFiles/ps2_runtime.dir/src/lib/Kernel/Stubs/System.cpp.o
[208/576] Building CXX object ps2xRuntime/CMakeFiles/ps2_runtime.dir/src/lib/Kernel/Stubs/SIF.cpp.o
[209/576] Building CXX object ps2xRuntime/CMakeFiles/ps2_runtime.dir/src/lib/Kernel/Stubs/TTY.cpp.o
[210/576] Building CXX object ps2xRuntime/CMakeFiles/ps2_runtime.dir/src/lib/Kernel/Stubs/Unimplemented.cpp.o
[211/576] Building CXX object ps2xRuntime/CMakeFiles/ps2_runtime.dir/src/lib/Kernel/Stubs/VU.cpp.o
[212/576] Building CXX object ps2xRuntime/CMakeFiles/ps2_runtime.dir/src/lib/Kernel/Syscalls/Deci2.cpp.o
[213/576] Building CXX object ps2xRuntime/CMakeFiles/ps2_runtime.dir/src/lib/Kernel/Syscalls/Dispatcher.cpp.o
[214/576] Building CXX object ps2xRuntime/CMakeFiles/ps2_runtime.dir/src/lib/Kernel/Syscalls/Interrupt.cpp.o
[215/576] Linking CXX static library ps2xRuntime/libps2_gs_shadow.a
[216/576] Building CXX object ps2xRuntime/CMakeFiles/ps2_runtime.dir/src/lib/Kernel/Syscalls/FileIO.cpp.o
[217/576] Building CXX object ps2xRuntime/CMakeFiles/ps2_runtime.dir/src/lib/Kernel/Syscalls/TraceChannel.cpp.o
[218/576] Building CXX object ps2xRuntime/CMakeFiles/ps2_runtime.dir/src/lib/Kernel/Syscalls/Ssx3CopiedPayload.cpp.o
[219/576] Building CXX object ps2xRuntime/CMakeFiles/ps2_runtime.dir/src/lib/Kernel/Syscalls/RPC.cpp.o
[220/576] Building CXX object ps2xRuntime/CMakeFiles/ps2_runtime.dir/src/lib/Kernel/Syscalls/Sync.cpp.o
[221/576] Building CXX object ps2xAnalyzer/CMakeFiles/ps2_analyzer_lib.dir/src/elf_analysis_context.cpp.o
[222/576] Building CXX object ps2xAnalyzer/CMakeFiles/ps2_analyzer_lib.dir/src/analysis_passes.cpp.o
[223/576] Generating e52_generated/e52_snippets.h
[224/576] Generating e54d_generated/e54d_lwu_snippets.h
[225/576] Linking CXX static library ps2xRuntime/libimgui.a
[226/576] Building CXX object ps2xRuntime/CMakeFiles/ps2_runtime.dir/src/lib/Kernel/Syscalls/Thread.cpp.o
[227/576] Building CXX object ps2xRuntime/CMakeFiles/ps2_runtime.dir/src/lib/Kernel/Syscalls/System.cpp.o
/Users/brad/dev/ssx3-work/E55D14P1/PS2Recomp/ps2xRuntime/src/lib/Kernel/Syscalls/System.cpp:1099:65: warning: format specifies type 'unsigned int' but the argument has type 'char *' [-Wformat]
 1099 |                     std::snprintf(src, sizeof(src), "src=0x%x", src);
      |                                                            ~~   ^~~
      |                                                            %s
1 warning generated.
[228/576] Building CXX object ps2xRuntime/CMakeFiles/rlImGui.dir/Users/brad/dev/ssx3-work/E50/build/_deps/rlimgui-src/rlImGui.cpp.o
[229/576] Linking CXX static library ps2xRuntime/libps2_runtime.a
[230/576] Building CXX object ps2xAnalyzer/CMakeFiles/ps2_analyzer_lib.dir/src/toml_generator.cpp.o
[231/576] Building CXX object ps2xAnalyzer/CMakeFiles/ps2_analyzer_lib.dir/src/function_classifier.cpp.o
[232/576] Building CXX object ps2xRuntime/CMakeFiles/ps2EntryRunner.dir/cmake_pch.hxx.pch
[233/576] Building CXX object ps2xAnalyzer/CMakeFiles/ps2_analyzer_lib.dir/src/elf_analyzer.cpp.o
[234/576] Building CXX object ps2xAnalyzer/CMakeFiles/ps2_analyzer_lib.dir/src/sce_symbol_scanner.cpp.o
[235/576] Building CXX object ps2xRuntime/CMakeFiles/ps2_game_objects.dir/Unity/unity_294_cxx.cxx.o
[236/576] Building CXX object ps2xRuntime/CMakeFiles/ps2_game_objects.dir/Unity/unity_289_cxx.cxx.o
[237/576] Building CXX object ps2xRuntime/CMakeFiles/ps2_game_objects.dir/Unity/unity_291_cxx.cxx.o
[238/576] Building CXX object ps2xRuntime/CMakeFiles/ps2_game_objects.dir/Unity/unity_290_cxx.cxx.o
[239/576] Building CXX object ps2xRuntime/CMakeFiles/ps2_game_objects.dir/Unity/unity_295_cxx.cxx.o
[240/576] Building CXX object ps2xRuntime/CMakeFiles/ps2_game_objects.dir/Unity/unity_292_cxx.cxx.o
[241/576] Building CXX object ps2xRuntime/CMakeFiles/ps2_game_objects.dir/Unity/unity_284_cxx.cxx.o
[242/576] Building CXX object ps2xRuntime/CMakeFiles/ps2_game_objects.dir/Unity/unity_287_cxx.cxx.o
[243/576] Building CXX object ps2xRuntime/CMakeFiles/ps2_game_objects.dir/Unity/unity_293_cxx.cxx.o
[244/576] Building CXX object ps2xRuntime/CMakeFiles/ps2_game_objects.dir/Unity/unity_288_cxx.cxx.o
[245/576] Building CXX object ps2xRuntime/CMakeFiles/ps2_game_objects.dir/Unity/unity_283_cxx.cxx.o
[246/576] Building CXX object ps2xRuntime/CMakeFiles/ps2_game_objects.dir/Unity/unity_282_cxx.cxx.o
[247/576] Building CXX object ps2xRuntime/CMakeFiles/ps2_game_objects.dir/Unity/unity_278_cxx.cxx.o
[248/576] Building CXX object ps2xRuntime/CMakeFiles/ps2_game_objects.dir/Unity/unity_285_cxx.cxx.o
[249/576] Building CXX object ps2xRuntime/CMakeFiles/ps2_game_objects.dir/Unity/unity_275_cxx.cxx.o
[250/576] Building CXX object ps2xRuntime/CMakeFiles/ps2_game_objects.dir/Unity/unity_279_cxx.cxx.o
[251/576] Building CXX object ps2xRuntime/CMakeFiles/ps2_game_objects.dir/Unity/unity_280_cxx.cxx.o
[252/576] Building CXX object ps2xRuntime/CMakeFiles/ps2_game_objects.dir/Unity/unity_281_cxx.cxx.o
[253/576] Building CXX object ps2xRuntime/CMakeFiles/ps2_game_objects.dir/Unity/unity_274_cxx.cxx.o
[254/576] Building CXX object ps2xRuntime/CMakeFiles/ps2_game_objects.dir/Unity/unity_272_cxx.cxx.o
[255/576] Building CXX object ps2xRuntime/CMakeFiles/ps2_game_objects.dir/Unity/unity_273_cxx.cxx.o
[256/576] Building CXX object ps2xRuntime/CMakeFiles/ps2_game_objects.dir/Unity/unity_277_cxx.cxx.o
[257/576] Building CXX object ps2xRuntime/CMakeFiles/ps2_game_objects.dir/Unity/unity_271_cxx.cxx.o
[258/576] Building CXX object ps2xRuntime/CMakeFiles/ps2_game_objects.dir/Unity/unity_267_cxx.cxx.o
[259/576] Building CXX object ps2xRuntime/CMakeFiles/ps2_game_objects.dir/Unity/unity_286_cxx.cxx.o
[260/576] Building CXX object ps2xRuntime/CMakeFiles/ps2_game_objects.dir/Unity/unity_270_cxx.cxx.o
[261/576] Building CXX object ps2xRuntime/CMakeFiles/ps2_game_objects.dir/Unity/unity_276_cxx.cxx.o
[262/576] Building CXX object ps2xRuntime/CMakeFiles/ps2_game_objects.dir/Unity/unity_266_cxx.cxx.o
[263/576] Building CXX object ps2xRuntime/CMakeFiles/ps2_game_objects.dir/Unity/unity_268_cxx.cxx.o
[264/576] Building CXX object ps2xRuntime/CMakeFiles/ps2_game_objects.dir/Unity/unity_269_cxx.cxx.o
[265/576] Building CXX object ps2xRuntime/CMakeFiles/ps2_game_objects.dir/Unity/unity_264_cxx.cxx.o
[266/576] Building CXX object ps2xRuntime/CMakeFiles/ps2_game_objects.dir/Unity/unity_263_cxx.cxx.o
[267/576] Building CXX object ps2xRuntime/CMakeFiles/ps2_game_objects.dir/Unity/unity_261_cxx.cxx.o
[268/576] Building CXX object ps2xRuntime/CMakeFiles/ps2_game_objects.dir/Unity/unity_260_cxx.cxx.o
[269/576] Building CXX object ps2xRuntime/CMakeFiles/ps2_game_objects.dir/Unity/unity_265_cxx.cxx.o
[270/576] Building CXX object ps2xRuntime/CMakeFiles/ps2_game_objects.dir/Unity/unity_259_cxx.cxx.o
[271/576] Building CXX object ps2xRuntime/CMakeFiles/ps2_game_objects.dir/Unity/unity_258_cxx.cxx.o
[272/576] Building CXX object ps2xRuntime/CMakeFiles/ps2_game_objects.dir/Unity/unity_256_cxx.cxx.o
[273/576] Building CXX object ps2xRuntime/CMakeFiles/ps2_game_objects.dir/Unity/unity_257_cxx.cxx.o
[274/576] Building CXX object ps2xRuntime/CMakeFiles/ps2_game_objects.dir/Unity/unity_253_cxx.cxx.o
[275/576] Building CXX object ps2xRuntime/CMakeFiles/ps2_game_objects.dir/Unity/unity_255_cxx.cxx.o
[276/576] Building CXX object ps2xRuntime/CMakeFiles/ps2_game_objects.dir/Unity/unity_262_cxx.cxx.o
[277/576] Building CXX object ps2xRuntime/CMakeFiles/ps2_game_objects.dir/Unity/unity_252_cxx.cxx.o
[278/576] Building CXX object ps2xRuntime/CMakeFiles/ps2_game_objects.dir/Unity/unity_254_cxx.cxx.o
[279/576] Building CXX object ps2xRuntime/CMakeFiles/ps2_game_objects.dir/Unity/unity_251_cxx.cxx.o
[280/576] Building CXX object ps2xRuntime/CMakeFiles/ps2_game_objects.dir/Unity/unity_249_cxx.cxx.o
[281/576] Building CXX object ps2xRuntime/CMakeFiles/ps2_game_objects.dir/Unity/unity_248_cxx.cxx.o
[282/576] Building CXX object ps2xRuntime/CMakeFiles/ps2_game_objects.dir/Unity/unity_250_cxx.cxx.o
[283/576] Building CXX object ps2xRuntime/CMakeFiles/ps2_game_objects.dir/Unity/unity_244_cxx.cxx.o
[284/576] Building CXX object ps2xRuntime/CMakeFiles/ps2_game_objects.dir/Unity/unity_243_cxx.cxx.o
[285/576] Building CXX object ps2xRuntime/CMakeFiles/ps2_game_objects.dir/Unity/unity_245_cxx.cxx.o
[286/576] Building CXX object ps2xRuntime/CMakeFiles/ps2_game_objects.dir/Unity/unity_247_cxx.cxx.o
[287/576] Building CXX object ps2xRuntime/CMakeFiles/ps2_game_objects.dir/Unity/unity_246_cxx.cxx.o
[288/576] Building CXX object ps2xRuntime/CMakeFiles/ps2_game_objects.dir/Unity/unity_238_cxx.cxx.o
[289/576] Building CXX object ps2xRuntime/CMakeFiles/ps2_game_objects.dir/Unity/unity_239_cxx.cxx.o
[290/576] Building CXX object ps2xRuntime/CMakeFiles/ps2_game_objects.dir/Unity/unity_237_cxx.cxx.o
[291/576] Building CXX object ps2xRuntime/CMakeFiles/ps2_game_objects.dir/Unity/unity_242_cxx.cxx.o
[292/576] Building CXX object ps2xRuntime/CMakeFiles/ps2_game_objects.dir/Unity/unity_236_cxx.cxx.o
[293/576] Building CXX object ps2xRuntime/CMakeFiles/ps2_game_objects.dir/Unity/unity_240_cxx.cxx.o
[294/576] Building CXX object ps2xRuntime/CMakeFiles/ps2_game_objects.dir/Unity/unity_241_cxx.cxx.o
[295/576] Building CXX object ps2xRuntime/CMakeFiles/ps2_game_objects.dir/Unity/unity_235_cxx.cxx.o
[296/576] Building CXX object ps2xRuntime/CMakeFiles/ps2_game_objects.dir/Unity/unity_234_cxx.cxx.o
[297/576] Building CXX object ps2xRuntime/CMakeFiles/ps2_game_objects.dir/Unity/unity_230_cxx.cxx.o
[298/576] Building CXX object ps2xRuntime/CMakeFiles/ps2_game_objects.dir/Unity/unity_229_cxx.cxx.o
[299/576] Building CXX object ps2xRuntime/CMakeFiles/ps2_game_objects.dir/Unity/unity_232_cxx.cxx.o
[300/576] Building CXX object ps2xRuntime/CMakeFiles/ps2_game_objects.dir/Unity/unity_226_cxx.cxx.o
[301/576] Building CXX object ps2xRuntime/CMakeFiles/ps2_game_objects.dir/Unity/unity_228_cxx.cxx.o
[302/576] Building CXX object ps2xRuntime/CMakeFiles/ps2_game_objects.dir/Unity/unity_233_cxx.cxx.o
[303/576] Building CXX object ps2xRuntime/CMakeFiles/ps2_game_objects.dir/Unity/unity_231_cxx.cxx.o
[304/576] Building CXX object ps2xRuntime/CMakeFiles/ps2_game_objects.dir/Unity/unity_222_cxx.cxx.o
[305/576] Building CXX object ps2xRuntime/CMakeFiles/ps2_game_objects.dir/Unity/unity_225_cxx.cxx.o
[306/576] Building CXX object ps2xRuntime/CMakeFiles/ps2_game_objects.dir/Unity/unity_224_cxx.cxx.o
[307/576] Building CXX object ps2xRuntime/CMakeFiles/ps2_game_objects.dir/Unity/unity_220_cxx.cxx.o
[308/576] Building CXX object ps2xRuntime/CMakeFiles/ps2_game_objects.dir/Unity/unity_223_cxx.cxx.o
[309/576] Building CXX object ps2xRuntime/CMakeFiles/ps2_game_objects.dir/Unity/unity_227_cxx.cxx.o
[310/576] Building CXX object ps2xRuntime/CMakeFiles/ps2_game_objects.dir/Unity/unity_215_cxx.cxx.o
[311/576] Building CXX object ps2xRuntime/CMakeFiles/ps2_game_objects.dir/Unity/unity_213_cxx.cxx.o
[312/576] Building CXX object ps2xRuntime/CMakeFiles/ps2_game_objects.dir/Unity/unity_219_cxx.cxx.o
[313/576] Building CXX object ps2xRuntime/CMakeFiles/ps2_game_objects.dir/Unity/unity_212_cxx.cxx.o
[314/576] Building CXX object ps2xRuntime/CMakeFiles/ps2_game_objects.dir/Unity/unity_221_cxx.cxx.o
[315/576] Building CXX object ps2xRuntime/CMakeFiles/ps2_game_objects.dir/Unity/unity_218_cxx.cxx.o
[316/576] Building CXX object ps2xRuntime/CMakeFiles/ps2_game_objects.dir/Unity/unity_208_cxx.cxx.o
[317/576] Building CXX object ps2xRuntime/CMakeFiles/ps2_game_objects.dir/Unity/unity_207_cxx.cxx.o
[318/576] Building CXX object ps2xRuntime/CMakeFiles/ps2_game_objects.dir/Unity/unity_206_cxx.cxx.o
[319/576] Building CXX object ps2xRuntime/CMakeFiles/ps2_game_objects.dir/Unity/unity_210_cxx.cxx.o
[320/576] Building CXX object ps2xRuntime/CMakeFiles/ps2_game_objects.dir/Unity/unity_205_cxx.cxx.o
[321/576] Building CXX object ps2xRuntime/CMakeFiles/ps2_game_objects.dir/Unity/unity_211_cxx.cxx.o
[322/576] Building CXX object ps2xRuntime/CMakeFiles/ps2_game_objects.dir/Unity/unity_209_cxx.cxx.o
[323/576] Building CXX object ps2xRuntime/CMakeFiles/ps2_game_objects.dir/Unity/unity_204_cxx.cxx.o
[324/576] Building CXX object ps2xRuntime/CMakeFiles/ps2_game_objects.dir/Unity/unity_200_cxx.cxx.o
[325/576] Building CXX object ps2xRuntime/CMakeFiles/ps2_game_objects.dir/Unity/unity_199_cxx.cxx.o
[326/576] Building CXX object ps2xRuntime/CMakeFiles/ps2_game_objects.dir/Unity/unity_203_cxx.cxx.o
[327/576] Building CXX object ps2xRuntime/CMakeFiles/ps2_game_objects.dir/Unity/unity_202_cxx.cxx.o
[328/576] Building CXX object ps2xRuntime/CMakeFiles/ps2_game_objects.dir/Unity/unity_201_cxx.cxx.o
[329/576] Building CXX object ps2xRuntime/CMakeFiles/ps2_game_objects.dir/Unity/unity_195_cxx.cxx.o
[330/576] Building CXX object ps2xRuntime/CMakeFiles/ps2_game_objects.dir/Unity/unity_197_cxx.cxx.o
[331/576] Building CXX object ps2xRuntime/CMakeFiles/ps2_game_objects.dir/Unity/unity_194_cxx.cxx.o
[332/576] Building CXX object ps2xRuntime/CMakeFiles/ps2_game_objects.dir/Unity/unity_192_cxx.cxx.o
[333/576] Building CXX object ps2xRuntime/CMakeFiles/ps2_game_objects.dir/Unity/unity_193_cxx.cxx.o
[334/576] Building CXX object ps2xRuntime/CMakeFiles/ps2_game_objects.dir/Unity/unity_196_cxx.cxx.o
[335/576] Building CXX object ps2xRuntime/CMakeFiles/ps2_game_objects.dir/Unity/unity_191_cxx.cxx.o
[336/576] Building CXX object ps2xRuntime/CMakeFiles/ps2_game_objects.dir/Unity/unity_187_cxx.cxx.o
[337/576] Building CXX object ps2xRuntime/CMakeFiles/ps2_game_objects.dir/Unity/unity_188_cxx.cxx.o
[338/576] Building CXX object ps2xRuntime/CMakeFiles/ps2_game_objects.dir/Unity/unity_189_cxx.cxx.o
[339/576] Building CXX object ps2xRuntime/CMakeFiles/ps2_game_objects.dir/Unity/unity_216_cxx.cxx.o
[340/576] Building CXX object ps2xRuntime/CMakeFiles/ps2_game_objects.dir/Unity/unity_190_cxx.cxx.o
[341/576] Building CXX object ps2xRuntime/CMakeFiles/ps2_game_objects.dir/Unity/unity_198_cxx.cxx.o
[342/576] Building CXX object ps2xRuntime/CMakeFiles/ps2_game_objects.dir/Unity/unity_185_cxx.cxx.o
[343/576] Building CXX object ps2xRuntime/CMakeFiles/ps2_game_objects.dir/Unity/unity_186_cxx.cxx.o
[344/576] Building CXX object ps2xRuntime/CMakeFiles/ps2_game_objects.dir/Unity/unity_184_cxx.cxx.o
[345/576] Building CXX object ps2xRuntime/CMakeFiles/ps2_game_objects.dir/Unity/unity_182_cxx.cxx.o
[346/576] Building CXX object ps2xRuntime/CMakeFiles/ps2_game_objects.dir/Unity/unity_181_cxx.cxx.o
[347/576] Building CXX object ps2xRuntime/CMakeFiles/ps2_game_objects.dir/Unity/unity_180_cxx.cxx.o
[348/576] Building CXX object ps2xRuntime/CMakeFiles/ps2_game_objects.dir/Unity/unity_179_cxx.cxx.o
[349/576] Building CXX object ps2xRuntime/CMakeFiles/ps2_game_objects.dir/Unity/unity_177_cxx.cxx.o
[350/576] Building CXX object ps2xRuntime/CMakeFiles/ps2_game_objects.dir/Unity/unity_174_cxx.cxx.o
[351/576] Building CXX object ps2xRuntime/CMakeFiles/ps2_game_objects.dir/Unity/unity_183_cxx.cxx.o
[352/576] Building CXX object ps2xRuntime/CMakeFiles/ps2_game_objects.dir/Unity/unity_173_cxx.cxx.o
[353/576] Building CXX object ps2xRuntime/CMakeFiles/ps2_game_objects.dir/Unity/unity_217_cxx.cxx.o
[354/576] Building CXX object ps2xRuntime/CMakeFiles/ps2_game_objects.dir/Unity/unity_175_cxx.cxx.o
[355/576] Building CXX object ps2xRuntime/CMakeFiles/ps2_game_objects.dir/Unity/unity_176_cxx.cxx.o
[356/576] Building CXX object ps2xRuntime/CMakeFiles/ps2_game_objects.dir/Unity/unity_214_cxx.cxx.o
[357/576] Building CXX object ps2xRuntime/CMakeFiles/ps2_game_objects.dir/Unity/unity_170_cxx.cxx.o
[358/576] Building CXX object ps2xRuntime/CMakeFiles/ps2_game_objects.dir/Unity/unity_172_cxx.cxx.o
[359/576] Building CXX object ps2xRuntime/CMakeFiles/ps2_game_objects.dir/Unity/unity_168_cxx.cxx.o
[360/576] Building CXX object ps2xRuntime/CMakeFiles/ps2_game_objects.dir/Unity/unity_164_cxx.cxx.o
[361/576] Building CXX object ps2xRuntime/CMakeFiles/ps2_game_objects.dir/Unity/unity_166_cxx.cxx.o
[362/576] Building CXX object ps2xRuntime/CMakeFiles/ps2_game_objects.dir/Unity/unity_165_cxx.cxx.o
[363/576] Building CXX object ps2xRuntime/CMakeFiles/ps2_game_objects.dir/Unity/unity_163_cxx.cxx.o
[364/576] Building CXX object ps2xRuntime/CMakeFiles/ps2_game_objects.dir/Unity/unity_161_cxx.cxx.o
[365/576] Building CXX object ps2xRuntime/CMakeFiles/ps2_game_objects.dir/Unity/unity_162_cxx.cxx.o
[366/576] Building CXX object ps2xRuntime/CMakeFiles/ps2_game_objects.dir/Unity/unity_159_cxx.cxx.o
[367/576] Building CXX object ps2xRuntime/CMakeFiles/ps2_game_objects.dir/Unity/unity_158_cxx.cxx.o
[368/576] Building CXX object ps2xRuntime/CMakeFiles/ps2_game_objects.dir/Unity/unity_156_cxx.cxx.o
[369/576] Building CXX object ps2xRuntime/CMakeFiles/ps2_game_objects.dir/Unity/unity_155_cxx.cxx.o
[370/576] Building CXX object ps2xRuntime/CMakeFiles/ps2_game_objects.dir/Unity/unity_153_cxx.cxx.o
[371/576] Building CXX object ps2xRuntime/CMakeFiles/ps2_game_objects.dir/Unity/unity_171_cxx.cxx.o
[372/576] Building CXX object ps2xRuntime/CMakeFiles/ps2_game_objects.dir/Unity/unity_167_cxx.cxx.o
[373/576] Building CXX object ps2xRuntime/CMakeFiles/ps2_game_objects.dir/Unity/unity_152_cxx.cxx.o
[374/576] Building CXX object ps2xRuntime/CMakeFiles/ps2_game_objects.dir/Unity/unity_151_cxx.cxx.o
[375/576] Building CXX object ps2xRuntime/CMakeFiles/ps2_game_objects.dir/Unity/unity_150_cxx.cxx.o
[376/576] Building CXX object ps2xRuntime/CMakeFiles/ps2_game_objects.dir/Unity/unity_149_cxx.cxx.o
[377/576] Building CXX object ps2xRuntime/CMakeFiles/ps2_game_objects.dir/Unity/unity_154_cxx.cxx.o
[378/576] Building CXX object ps2xRuntime/CMakeFiles/ps2_game_objects.dir/Unity/unity_157_cxx.cxx.o
[379/576] Building CXX object ps2xRuntime/CMakeFiles/ps2_game_objects.dir/Unity/unity_148_cxx.cxx.o
[380/576] Building CXX object ps2xRuntime/CMakeFiles/ps2_game_objects.dir/Unity/unity_147_cxx.cxx.o
[381/576] Building CXX object ps2xRuntime/CMakeFiles/ps2_game_objects.dir/Unity/unity_145_cxx.cxx.o
[382/576] Building CXX object ps2xRuntime/CMakeFiles/ps2_game_objects.dir/Unity/unity_146_cxx.cxx.o
[383/576] Building CXX object ps2xRuntime/CMakeFiles/ps2_game_objects.dir/Unity/unity_143_cxx.cxx.o
[384/576] Building CXX object ps2xRuntime/CMakeFiles/ps2_game_objects.dir/Unity/unity_141_cxx.cxx.o
[385/576] Building CXX object ps2xRuntime/CMakeFiles/ps2_game_objects.dir/Unity/unity_144_cxx.cxx.o
[386/576] Building CXX object ps2xRuntime/CMakeFiles/ps2_game_objects.dir/Unity/unity_140_cxx.cxx.o
[387/576] Building CXX object ps2xRuntime/CMakeFiles/ps2_game_objects.dir/Unity/unity_142_cxx.cxx.o
[388/576] Building CXX object ps2xRuntime/CMakeFiles/ps2_game_objects.dir/Unity/unity_139_cxx.cxx.o
[389/576] Building CXX object ps2xRuntime/CMakeFiles/ps2_game_objects.dir/Unity/unity_169_cxx.cxx.o
[390/576] Building CXX object ps2xRuntime/CMakeFiles/ps2_game_objects.dir/Unity/unity_135_cxx.cxx.o
[391/576] Building CXX object ps2xRuntime/CMakeFiles/ps2_game_objects.dir/Unity/unity_160_cxx.cxx.o
[392/576] Building CXX object ps2xRuntime/CMakeFiles/ps2_game_objects.dir/Unity/unity_134_cxx.cxx.o
[393/576] Building CXX object ps2xRuntime/CMakeFiles/ps2_game_objects.dir/Unity/unity_133_cxx.cxx.o
[394/576] Building CXX object ps2xRuntime/CMakeFiles/ps2_game_objects.dir/Unity/unity_138_cxx.cxx.o
[395/576] Building CXX object ps2xRuntime/CMakeFiles/ps2_game_objects.dir/Unity/unity_132_cxx.cxx.o
[396/576] Building CXX object ps2xRuntime/CMakeFiles/ps2_game_objects.dir/Unity/unity_137_cxx.cxx.o
[397/576] Building CXX object ps2xRuntime/CMakeFiles/ps2_game_objects.dir/Unity/unity_131_cxx.cxx.o
[398/576] Building CXX object ps2xRuntime/CMakeFiles/ps2_game_objects.dir/Unity/unity_136_cxx.cxx.o
[399/576] Building CXX object ps2xRuntime/CMakeFiles/ps2_game_objects.dir/Unity/unity_129_cxx.cxx.o
[400/576] Building CXX object ps2xRuntime/CMakeFiles/ps2_game_objects.dir/Unity/unity_128_cxx.cxx.o
[401/576] Building CXX object ps2xRuntime/CMakeFiles/ps2_game_objects.dir/Unity/unity_130_cxx.cxx.o
[402/576] Building CXX object ps2xRuntime/CMakeFiles/ps2_game_objects.dir/Unity/unity_127_cxx.cxx.o
[403/576] Building CXX object ps2xRuntime/CMakeFiles/ps2_game_objects.dir/Unity/unity_123_cxx.cxx.o
[404/576] Building CXX object ps2xRuntime/CMakeFiles/ps2_game_objects.dir/Unity/unity_125_cxx.cxx.o
[405/576] Building CXX object ps2xRuntime/CMakeFiles/ps2_game_objects.dir/Unity/unity_122_cxx.cxx.o
[406/576] Building CXX object ps2xRuntime/CMakeFiles/ps2_game_objects.dir/Unity/unity_121_cxx.cxx.o
[407/576] Building CXX object ps2xRuntime/CMakeFiles/ps2_game_objects.dir/Unity/unity_120_cxx.cxx.o
[408/576] Building CXX object ps2xRuntime/CMakeFiles/ps2_game_objects.dir/Unity/unity_124_cxx.cxx.o
[409/576] Building CXX object ps2xRuntime/CMakeFiles/ps2_game_objects.dir/Unity/unity_118_cxx.cxx.o
[410/576] Building CXX object ps2xRuntime/CMakeFiles/ps2_game_objects.dir/Unity/unity_117_cxx.cxx.o
[411/576] Building CXX object ps2xRuntime/CMakeFiles/ps2_game_objects.dir/Unity/unity_119_cxx.cxx.o
[412/576] Building CXX object ps2xRuntime/CMakeFiles/ps2_game_objects.dir/Unity/unity_115_cxx.cxx.o
[413/576] Building CXX object ps2xRuntime/CMakeFiles/ps2_game_objects.dir/Unity/unity_116_cxx.cxx.o
[414/576] Building CXX object ps2xRuntime/CMakeFiles/ps2_game_objects.dir/Unity/unity_114_cxx.cxx.o
[415/576] Building CXX object ps2xRuntime/CMakeFiles/ps2_game_objects.dir/Unity/unity_110_cxx.cxx.o
[416/576] Building CXX object ps2xRuntime/CMakeFiles/ps2_game_objects.dir/Unity/unity_113_cxx.cxx.o
[417/576] Building CXX object ps2xRuntime/CMakeFiles/ps2_game_objects.dir/Unity/unity_112_cxx.cxx.o
[418/576] Building CXX object ps2xRuntime/CMakeFiles/ps2_game_objects.dir/Unity/unity_111_cxx.cxx.o
[419/576] Building CXX object ps2xRuntime/CMakeFiles/ps2_game_objects.dir/Unity/unity_108_cxx.cxx.o
[420/576] Building CXX object ps2xRuntime/CMakeFiles/ps2_game_objects.dir/Unity/unity_109_cxx.cxx.o
[421/576] Building CXX object ps2xRuntime/CMakeFiles/ps2_game_objects.dir/Unity/unity_107_cxx.cxx.o
[422/576] Building CXX object ps2xRuntime/CMakeFiles/ps2_game_objects.dir/Unity/unity_105_cxx.cxx.o
[423/576] Building CXX object ps2xRuntime/CMakeFiles/ps2_game_objects.dir/Unity/unity_106_cxx.cxx.o
[424/576] Building CXX object ps2xRuntime/CMakeFiles/ps2_game_objects.dir/Unity/unity_104_cxx.cxx.o
[425/576] Building CXX object ps2xRuntime/CMakeFiles/ps2_game_objects.dir/Unity/unity_103_cxx.cxx.o
[426/576] Building CXX object ps2xRuntime/CMakeFiles/ps2_game_objects.dir/Unity/unity_101_cxx.cxx.o
[427/576] Building CXX object ps2xRuntime/CMakeFiles/ps2_game_objects.dir/Unity/unity_99_cxx.cxx.o
[428/576] Building CXX object ps2xRuntime/CMakeFiles/ps2_game_objects.dir/Unity/unity_100_cxx.cxx.o
[429/576] Building CXX object ps2xRuntime/CMakeFiles/ps2_game_objects.dir/Unity/unity_126_cxx.cxx.o
[430/576] Building CXX object ps2xRuntime/CMakeFiles/ps2_game_objects.dir/Unity/unity_96_cxx.cxx.o
[431/576] Building CXX object ps2xRuntime/CMakeFiles/ps2_game_objects.dir/Unity/unity_102_cxx.cxx.o
[432/576] Building CXX object ps2xRuntime/CMakeFiles/ps2_game_objects.dir/Unity/unity_93_cxx.cxx.o
[433/576] Building CXX object ps2xRuntime/CMakeFiles/ps2_game_objects.dir/Unity/unity_95_cxx.cxx.o
[434/576] Building CXX object ps2xRuntime/CMakeFiles/ps2_game_objects.dir/Unity/unity_91_cxx.cxx.o
[435/576] Building CXX object ps2xRuntime/CMakeFiles/ps2_game_objects.dir/Unity/unity_97_cxx.cxx.o
[436/576] Building CXX object ps2xRuntime/CMakeFiles/ps2_game_objects.dir/Unity/unity_98_cxx.cxx.o
[437/576] Building CXX object ps2xRuntime/CMakeFiles/ps2_game_objects.dir/Unity/unity_90_cxx.cxx.o
[438/576] Building CXX object ps2xRuntime/CMakeFiles/ps2_game_objects.dir/Unity/unity_92_cxx.cxx.o
[439/576] Building CXX object ps2xRuntime/CMakeFiles/ps2_game_objects.dir/Unity/unity_88_cxx.cxx.o
[440/576] Building CXX object ps2xRuntime/CMakeFiles/ps2_game_objects.dir/Unity/unity_94_cxx.cxx.o
[441/576] Building CXX object ps2xRuntime/CMakeFiles/ps2_game_objects.dir/Unity/unity_85_cxx.cxx.o
[442/576] Building CXX object ps2xRuntime/CMakeFiles/ps2_game_objects.dir/Unity/unity_87_cxx.cxx.o
[443/576] Building CXX object ps2xRuntime/CMakeFiles/ps2_game_objects.dir/Unity/unity_86_cxx.cxx.o
[444/576] Building CXX object ps2xRuntime/CMakeFiles/ps2_game_objects.dir/Unity/unity_83_cxx.cxx.o
[445/576] Building CXX object ps2xRuntime/CMakeFiles/ps2_game_objects.dir/Unity/unity_81_cxx.cxx.o
[446/576] Building CXX object ps2xRuntime/CMakeFiles/ps2_game_objects.dir/Unity/unity_89_cxx.cxx.o
[447/576] Building CXX object ps2xRuntime/CMakeFiles/ps2_game_objects.dir/Unity/unity_84_cxx.cxx.o
[448/576] Building CXX object ps2xRuntime/CMakeFiles/ps2_game_objects.dir/Unity/unity_82_cxx.cxx.o
[449/576] Building CXX object ps2xRuntime/CMakeFiles/ps2_game_objects.dir/Unity/unity_78_cxx.cxx.o
[450/576] Building CXX object ps2xRuntime/CMakeFiles/ps2_game_objects.dir/Unity/unity_75_cxx.cxx.o
[451/576] Building CXX object ps2xRuntime/CMakeFiles/ps2_game_objects.dir/Unity/unity_80_cxx.cxx.o
[452/576] Building CXX object ps2xRuntime/CMakeFiles/ps2_game_objects.dir/Unity/unity_72_cxx.cxx.o
[453/576] Building CXX object ps2xRuntime/CMakeFiles/ps2_game_objects.dir/Unity/unity_71_cxx.cxx.o
[454/576] Building CXX object ps2xRuntime/CMakeFiles/ps2_game_objects.dir/Unity/unity_77_cxx.cxx.o
[455/576] Building CXX object ps2xRuntime/CMakeFiles/ps2_game_objects.dir/Unity/unity_73_cxx.cxx.o
[456/576] Building CXX object ps2xRuntime/CMakeFiles/ps2_game_objects.dir/Unity/unity_69_cxx.cxx.o
[457/576] Building CXX object ps2xRuntime/CMakeFiles/ps2_game_objects.dir/Unity/unity_76_cxx.cxx.o
[458/576] Building CXX object ps2xRuntime/CMakeFiles/ps2_game_objects.dir/Unity/unity_66_cxx.cxx.o
[459/576] Building CXX object ps2xRuntime/CMakeFiles/ps2_game_objects.dir/Unity/unity_68_cxx.cxx.o
[460/576] Building CXX object ps2xRuntime/CMakeFiles/ps2_game_objects.dir/Unity/unity_64_cxx.cxx.o
[461/576] Building CXX object ps2xRuntime/CMakeFiles/ps2_game_objects.dir/Unity/unity_67_cxx.cxx.o
[462/576] Building CXX object ps2xRuntime/CMakeFiles/ps2_game_objects.dir/Unity/unity_65_cxx.cxx.o
[463/576] Building CXX object ps2xRuntime/CMakeFiles/ps2_game_objects.dir/Unity/unity_63_cxx.cxx.o
[464/576] Building CXX object ps2xRuntime/CMakeFiles/ps2_game_objects.dir/Unity/unity_60_cxx.cxx.o
[465/576] Building CXX object ps2xRuntime/CMakeFiles/ps2_game_objects.dir/Unity/unity_70_cxx.cxx.o
[466/576] Building CXX object ps2xRuntime/CMakeFiles/ps2_game_objects.dir/Unity/unity_59_cxx.cxx.o
[467/576] Building CXX object ps2xRuntime/CMakeFiles/ps2_game_objects.dir/Unity/unity_61_cxx.cxx.o
[468/576] Building CXX object ps2xRuntime/CMakeFiles/ps2_game_objects.dir/Unity/unity_58_cxx.cxx.o
[469/576] Building CXX object ps2xRuntime/CMakeFiles/ps2_game_objects.dir/Unity/unity_62_cxx.cxx.o
[470/576] Building CXX object ps2xRuntime/CMakeFiles/ps2_game_objects.dir/Unity/unity_54_cxx.cxx.o
[471/576] Building CXX object ps2xRuntime/CMakeFiles/ps2_game_objects.dir/Unity/unity_57_cxx.cxx.o
[472/576] Building CXX object ps2xRuntime/CMakeFiles/ps2_game_objects.dir/Unity/unity_55_cxx.cxx.o
[473/576] Building CXX object ps2xRuntime/CMakeFiles/ps2_game_objects.dir/Unity/unity_56_cxx.cxx.o
[474/576] Building CXX object ps2xRuntime/CMakeFiles/ps2_game_objects.dir/Unity/unity_53_cxx.cxx.o
[475/576] Building CXX object ps2xRuntime/CMakeFiles/ps2_game_objects.dir/Unity/unity_52_cxx.cxx.o
[476/576] Building CXX object ps2xRuntime/CMakeFiles/ps2_game_objects.dir/Unity/unity_50_cxx.cxx.o
[477/576] Building CXX object ps2xRuntime/CMakeFiles/ps2_game_objects.dir/Unity/unity_49_cxx.cxx.o
[478/576] Building CXX object ps2xRuntime/CMakeFiles/ps2_game_objects.dir/Unity/unity_51_cxx.cxx.o
[479/576] Building CXX object ps2xRuntime/CMakeFiles/ps2_game_objects.dir/Unity/unity_48_cxx.cxx.o
[480/576] Building CXX object ps2xRuntime/CMakeFiles/ps2_game_objects.dir/Unity/unity_47_cxx.cxx.o
[481/576] Building CXX object ps2xRuntime/CMakeFiles/ps2_game_objects.dir/Unity/unity_46_cxx.cxx.o
[482/576] Building CXX object ps2xRuntime/CMakeFiles/ps2_game_objects.dir/Unity/unity_43_cxx.cxx.o
[483/576] Building CXX object ps2xRuntime/CMakeFiles/ps2_game_objects.dir/Unity/unity_44_cxx.cxx.o
[484/576] Building CXX object ps2xRuntime/CMakeFiles/ps2_game_objects.dir/Unity/unity_40_cxx.cxx.o
[485/576] Building CXX object ps2xRuntime/CMakeFiles/ps2_game_objects.dir/Unity/unity_45_cxx.cxx.o
[486/576] Building CXX object ps2xRuntime/CMakeFiles/ps2_game_objects.dir/Unity/unity_39_cxx.cxx.o
[487/576] Building CXX object ps2xRuntime/CMakeFiles/ps2_game_objects.dir/Unity/unity_42_cxx.cxx.o
[488/576] Building CXX object ps2xRuntime/CMakeFiles/ps2_game_objects.dir/Unity/unity_36_cxx.cxx.o
[489/576] Building CXX object ps2xRuntime/CMakeFiles/ps2_game_objects.dir/Unity/unity_38_cxx.cxx.o
[490/576] Building CXX object ps2xRuntime/CMakeFiles/ps2_game_objects.dir/Unity/unity_34_cxx.cxx.o
[491/576] Building CXX object ps2xRuntime/CMakeFiles/ps2_game_objects.dir/Unity/unity_33_cxx.cxx.o
[492/576] Building CXX object ps2xRuntime/CMakeFiles/ps2_game_objects.dir/Unity/unity_35_cxx.cxx.o
[493/576] Building CXX object ps2xRuntime/CMakeFiles/ps2_game_objects.dir/Unity/unity_31_cxx.cxx.o
[494/576] Building CXX object ps2xRuntime/CMakeFiles/ps2_game_objects.dir/Unity/unity_30_cxx.cxx.o
[495/576] Building CXX object ps2xRuntime/CMakeFiles/ps2_game_objects.dir/Unity/unity_32_cxx.cxx.o
[496/576] Building CXX object ps2xRuntime/CMakeFiles/ps2_game_objects.dir/Unity/unity_37_cxx.cxx.o
[497/576] Building CXX object ps2xRuntime/CMakeFiles/ps2_game_objects.dir/Unity/unity_29_cxx.cxx.o
[498/576] Building CXX object ps2xRuntime/CMakeFiles/ps2_game_objects.dir/Unity/unity_178_cxx.cxx.o
[499/576] Building CXX object ps2xRuntime/CMakeFiles/ps2_game_objects.dir/Unity/unity_28_cxx.cxx.o
[500/576] Building CXX object ps2xRuntime/CMakeFiles/ps2_game_objects.dir/Unity/unity_26_cxx.cxx.o
[501/576] Building CXX object ps2xRuntime/CMakeFiles/ps2_game_objects.dir/Unity/unity_27_cxx.cxx.o
[502/576] Building CXX object ps2xRuntime/CMakeFiles/ps2_game_objects.dir/Unity/unity_23_cxx.cxx.o
[503/576] Building CXX object ps2xRuntime/CMakeFiles/ps2_game_objects.dir/Unity/unity_21_cxx.cxx.o
[504/576] Building CXX object ps2xRuntime/CMakeFiles/ps2_game_objects.dir/Unity/unity_22_cxx.cxx.o
[505/576] Building CXX object ps2xRuntime/CMakeFiles/ps2_game_objects.dir/Unity/unity_24_cxx.cxx.o
[506/576] Building CXX object ps2xRuntime/CMakeFiles/ps2_game_objects.dir/Unity/unity_25_cxx.cxx.o
[507/576] Building CXX object ps2xRuntime/CMakeFiles/ps2_game_objects.dir/Unity/unity_41_cxx.cxx.o
[508/576] Building CXX object ps2xRuntime/CMakeFiles/ps2_game_objects.dir/Unity/unity_19_cxx.cxx.o
[509/576] Building CXX object ps2xRuntime/CMakeFiles/ps2_game_objects.dir/Unity/unity_15_cxx.cxx.o
[510/576] Building CXX object ps2xRuntime/CMakeFiles/ps2_game_objects.dir/Unity/unity_16_cxx.cxx.o
[511/576] Building CXX object ps2xRuntime/CMakeFiles/ps2_game_objects.dir/Unity/unity_17_cxx.cxx.o
[512/576] Building CXX object ps2xRuntime/CMakeFiles/ps2_game_objects.dir/Unity/unity_14_cxx.cxx.o
[513/576] Building CXX object ps2xRuntime/CMakeFiles/ps2_game_objects.dir/Unity/unity_13_cxx.cxx.o
[514/576] Building CXX object ps2xRuntime/CMakeFiles/ps2_game_objects.dir/Unity/unity_18_cxx.cxx.o
[515/576] Building CXX object ps2xRuntime/CMakeFiles/ps2_game_objects.dir/Unity/unity_10_cxx.cxx.o
[516/576] Building CXX object ps2xRuntime/CMakeFiles/ps2_game_objects.dir/Unity/unity_8_cxx.cxx.o
[517/576] Building CXX object ps2xRuntime/CMakeFiles/ps2_game_objects.dir/Unity/unity_11_cxx.cxx.o
[518/576] Building CXX object ps2xRuntime/CMakeFiles/ps2_game_objects.dir/Unity/unity_7_cxx.cxx.o
[519/576] Building CXX object ps2xRuntime/CMakeFiles/ps2_game_objects.dir/Unity/unity_20_cxx.cxx.o
[520/576] Building CXX object ps2xRuntime/CMakeFiles/ps2_game_objects.dir/Unity/unity_12_cxx.cxx.o
[521/576] Building CXX object ps2xRuntime/CMakeFiles/ps2_game_objects.dir/Unity/unity_5_cxx.cxx.o
[522/576] Building CXX object ps2xRuntime/CMakeFiles/ps2_game_objects.dir/Unity/unity_9_cxx.cxx.o
[523/576] Building CXX object ps2xRuntime/CMakeFiles/ps2_game_objects.dir/Unity/unity_6_cxx.cxx.o
[524/576] Linking CXX static library ps2xAnalyzer/libps2_analyzer_lib.a
[525/576] Building CXX object ps2xRuntime/CMakeFiles/ps2_game_objects.dir/Unity/unity_3_cxx.cxx.o
[526/576] Building CXX object ps2xTest/CMakeFiles/ps2_test_lib.dir/src/r5900_decoder_tests.cpp.o
[527/576] Building CXX object ps2xTest/CMakeFiles/ps2_test_lib.dir/src/elf_analyzer_tests.cpp.o
[528/576] Building CXX object ps2xTest/CMakeFiles/ps2_test_lib.dir/src/code_generator_tests.cpp.o
[529/576] Building CXX object ps2xTest/CMakeFiles/ps2_test_lib.dir/src/ps2_present_fallback_tests.cpp.o
[530/576] Building CXX object ps2xTest/CMakeFiles/ps2_test_lib.dir/src/pad_input_tests.cpp.o
[531/576] Building CXX object ps2xTest/CMakeFiles/ps2_test_lib.dir/src/ps2_virtual_pad_tests.cpp.o
[532/576] Building CXX object ps2xTest/CMakeFiles/ps2_test_lib.dir/src/ps2_env_file_tests.cpp.o
[533/576] Building CXX object ps2xRuntime/CMakeFiles/ps2_game_objects.dir/Unity/unity_1_cxx.cxx.o
[534/576] Building CXX object ps2xTest/CMakeFiles/ps2_test_lib.dir/src/ps2_runtime_io_tests.cpp.o
[535/576] Building CXX object ps2xTest/CMakeFiles/ps2_test_lib.dir/src/ps2_runtime_interrupt_tests.cpp.o
[536/576] Building CXX object ps2xTest/CMakeFiles/ps2_test_lib.dir/src/ps2_runtime_kernel_tests.cpp.o
[537/576] Building CXX object ps2xTest/CMakeFiles/ps2_test_lib.dir/src/ps2_vu1_tests.cpp.o
[538/576] Building CXX object ps2xTest/CMakeFiles/ps2_test_lib.dir/src/ps2_memory_tests.cpp.o
[539/576] Building CXX object ps2xRuntime/CMakeFiles/ps2_game_objects.dir/Unity/unity_0_cxx.cxx.o
[540/576] Building CXX object ps2xTest/CMakeFiles/ps2_test_lib.dir/src/ps2_vu_tests.cpp.o
[541/576] Building CXX object ps2xTest/CMakeFiles/ps2_test_lib.dir/src/ps2_gs_replay_tests.cpp.o
[542/576] Building CXX object ps2xTest/CMakeFiles/ps2_test_lib.dir/src/ps2_gs_queue_tests.cpp.o
[543/576] Building CXX object ps2xTest/CMakeFiles/ps2_test_lib.dir/src/ps2_gs_shadow_tests.cpp.o
[544/576] Building CXX object ps2xTest/CMakeFiles/ps2_test_lib.dir/src/ps2_iop_tests.cpp.o
[545/576] Building CXX object ps2xTest/CMakeFiles/ps2_test_lib.dir/src/ps2_gs_tests.cpp.o
In file included from /Users/brad/dev/ssx3-work/E55D14P1/PS2Recomp/ps2xTest/src/ps2_gs_tests.cpp:10:
/Users/brad/dev/ssx3-work/E55D14P1/PS2Recomp/ps2xRuntime/include/runtime/gs/ps2_gs_memory.h:67:11: warning: enumeration value 'Max' not handled in switch [-Wswitch]
   67 |                 switch (psm)
      |                         ^~~
/Users/brad/dev/ssx3-work/E55D14P1/PS2Recomp/ps2xRuntime/include/runtime/gs/ps2_gs_memory.h:91:11: warning: enumeration value 'Max' not handled in switch [-Wswitch]
   91 |                 switch (psm)
      |                         ^~~
/Users/brad/dev/ssx3-work/E55D14P1/PS2Recomp/ps2xRuntime/include/runtime/gs/ps2_gs_memory.h:168:11: warning: 9 enumeration values not handled in switch: 'C32', 'C24', 'C16'... [-Wswitch]
  168 |                 switch (psm)
      |                         ^~~
3 warnings generated.
[546/576] Building CXX object ps2xTest/CMakeFiles/ps2_test_lib.dir/src/ps2_sif_dma_tests.cpp.o
[547/576] Building CXX object ps2xTest/CMakeFiles/ps2_test_lib.dir/src/ps2_sif_rpc_tests.cpp.o
[548/576] Building CXX object ps2xRuntime/CMakeFiles/ps2_game_objects.dir/Unity/unity_4_cxx.cxx.o
[549/576] Building CXX object ps2xTest/CMakeFiles/ps2_test_lib.dir/src/ps2_vif_mpg_log_tests.cpp.o
[550/576] Building CXX object ps2xTest/CMakeFiles/ps2_test_lib.dir/src/ps2_gfx_stats_tests.cpp.o
[551/576] Building CXX object ps2xTest/CMakeFiles/ps2_test_lib.dir/src/ps2_recompiler_tests.cpp.o
[552/576] Building CXX object ps2xTest/CMakeFiles/ps2_test_lib.dir/src/ps2_runtime_expansion_tests.cpp.o
[553/576] Building CXX object ps2xTest/CMakeFiles/ps2_test_lib.dir/src/ps2_vu1_trace_tests.cpp.o
[554/576] Building CXX object ps2xTest/CMakeFiles/ps2_test_lib.dir/src/ps2_vu1_entry_trace_tests.cpp.o
[555/576] Building CXX object ps2xTest/CMakeFiles/ps2_test_lib.dir/src/ps2_fpu_semantics_tests.cpp.o
[556/576] Building CXX object ps2xTest/CMakeFiles/ps2_test_lib.dir/src/ps2_mmi_interleave_tests.cpp.o
[557/576] Building CXX object ps2xTest/CMakeFiles/ps2_test_lib.dir/src/ps2_lwu_tests.cpp.o
[558/576] Building CXX object ps2xTest/CMakeFiles/ps2_test_lib.dir/src/ps2_fpu_cop2_audit_tests.cpp.o
[559/576] Building CXX object ps2xTest/CMakeFiles/ps2_test_lib.dir/src/ps2_ee_count_tests.cpp.o
[560/576] Building CXX object ps2xTest/CMakeFiles/ps2_test_lib.dir/src/ps2_e41_trace_tests.cpp.o
[561/576] Building CXX object ps2xTest/CMakeFiles/ps2_test_lib.dir/src/ps2_e43_trace_tests.cpp.o
[562/576] Linking CXX static library ps2xRuntime/librlImGui.a
[563/576] Building CXX object ps2xTest/CMakeFiles/ps2_test_lib.dir/src/ps2_mpg_src_trace_tests.cpp.o
[564/576] Building CXX object ps2xTest/CMakeFiles/ps2_test_lib.dir/src/ps2_e44_trace_tests.cpp.o
[565/576] Building CXX object ps2xTest/CMakeFiles/ps2_test_lib.dir/src/ps2_e55d3_probe_tests.cpp.o
[566/576] Building CXX object ps2xTest/CMakeFiles/ps2x_tests.dir/src/main.cpp.o
[567/576] Building CXX object ps2xTest/CMakeFiles/ps2_test_function_table.dir/src/test_function_table.cpp.o
[568/576] Linking CXX static library ps2xTest/libps2_test_lib.a
[569/576] Building CXX object ps2xRuntime/CMakeFiles/ps2EntryRunner.dir/Unity/unity_0_cxx.cxx.o
[570/576] Linking CXX executable ps2xTest/ps2x_tests
ld: warning: ignoring duplicate libraries: 'ps2xRecomp/libps2_recomp_lib.a'
[571/576] Building CXX object ps2xRuntime/CMakeFiles/ps2_game_objects.dir/Unity/unity_2_cxx.cxx.o
[572/576] Building CXX object ps2xRuntime/CMakeFiles/ps2_game_objects.dir/Unity/unity_74_cxx.cxx.o
[573/576] Building CXX object ps2xRuntime/CMakeFiles/ps2_game_objects.dir/Unity/unity_79_cxx.cxx.o
[574/576] Linking CXX static library ps2xRuntime/libps2_game_objects.a
[575/576] Linking CXX executable ps2xRuntime/ps2EntryRunner
ld: warning: ignoring duplicate libraries: 'ps2xRuntime/libps2_runtime.a'
