
[Suite]: CodeGenerator
[33m  [Run]: [0mCOP0 MFC0/MTC0 translate to COP0 register access [32m  [Passed][0m
[33m  [Run]: [0mFCR access uses CFC1/CTC1 [32m  [Passed][0m
[33m  [Run]: [0mGIF DMA kick coalesces when CHCR store is a return delay slot [32m  [Passed][0m
[33m  [Run]: [0mJAL to a resolved syscall publishes fallthrough before the handler [32m  [Passed][0m
[33m  [Run]: [0mJAL to internal target becomes goto [32m  [Passed][0m
[33m  [Run]: [0mJAL to known function emits call and check [32m  [Passed][0m
[33m  [Run]: [0mJALR emits indirect call [32m  [Passed][0m
[33m  [Run]: [0mJALR fallback should not expose epilogue tail-jump labels [32m  [Passed][0m
[33m  [Run]: [0mJR $31 returns through dynamic target without broad local switch [32m  [Passed][0m
[33m  [Run]: [0mPCPYLD uses runtime helper macro [32m  [Passed][0m
[33m  [Run]: [0mQFSRV translation uses runtime helper macro [32m  [Passed][0m
[33m  [Run]: [0mR5900 MMI MULT1 writes rd when rd is non-zero [32m  [Passed][0m
[33m  [Run]: [0mR5900 MULT writes rd when rd is non-zero [32m  [Passed][0m
[33m  [Run]: [0mSC requires matching LL reservation address [32m  [Passed][0m
[33m  [Run]: [0mSYSCALL publishes its continuation before entering the runtime [32m  [Passed][0m
[33m  [Run]: [0mUnary MMI permutations read their source from rt [32m  [Passed][0m
[33m  [Run]: [0mVU CFC2/CTC2 access VI registers directly [32m  [Passed][0m
[33m  [Run]: [0mVU random helpers follow PCSX2's R register (E53) [32m  [Passed][0m
[33m  [Run]: [0mVU special control registers use hardware indices [32m  [Passed][0m
[33m  [Run]: [0mVU0 OPMULA and OPMSUB use cross-product lane permutations [32m  [Passed][0m
[33m  [Run]: [0mVU0 S1 q/i forms keep mask and use sa as destination [32m  [Passed][0m
[33m  [Run]: [0mVU0 S1 uses fd/fs/ft fields (sa/rd/rt) [32m  [Passed][0m
[33m  [Run]: [0mVU0 S2 VI memory ops use rd as VI base register [32m  [Passed][0m
[33m  [Run]: [0mVU0 S2 vector ops use rd as source and rt as destination [32m  [Passed][0m
[33m  [Run]: [0mVU0 destination MADD and MSUB forms preserve ACC [32m  [Passed][0m
[33m  [Run]: [0mVU0 macro mappings cover all S1/S2 enums [32m  [Passed][0m
[33m  [Run]: [0mbackward BEQ returns to the dispatcher through a resumable loop head [32m  [Passed][0m
[33m  [Run]: [0mbackward internal JAL stays inline and does not return to dispatcher [32m  [Passed][0m
[33m  [Run]: [0mbranch-likely places delay slot only in taken path [32m  [Passed][0m
[33m  [Run]: [0mbranches outside function still set pc [32m  [Passed][0m
[33m  [Run]: [0mconfigured jump table addresses drive JR dispatch targets [32m  [Passed][0m
[33m  [Run]: [0mconstant MMIO store emits direct runtime store [32m  [Passed][0m
[33m  [Run]: [0mconstant RDRAM load and store emit fast memory access [32m  [Passed][0m
[33m  [Run]: [0mcontrol-flow analysis keeps same-function JAL target internal and promotes only the return pc [32m  [Passed][0m
[33m  [Run]: [0mcontrol-flow analysis promotes JALR fallthrough as a resumable entry [32m  [Passed][0m
[33m  [Run]: [0mcontrol-flow analysis reports cross-function mid-function jumps as external entry candidates [32m  [Passed][0m
[33m  [Run]: [0memits labels and gotos for internal branches [32m  [Passed][0m
[33m  [Run]: [0mexternal mid-function entry can register to the owner wrapper [32m  [Passed][0m
[33m  [Run]: [0mjump to unknown target sets pc [32m  [Passed][0m
[33m  [Run]: [0mjumps to known symbols call by name [32m  [Passed][0m
[33m  [Run]: [0mknown GIF DMA MMIO sequence emits native kick helper [32m  [Passed][0m
[33m  [Run]: [0mlabels delay slot when it is a branch target [32m  [Passed][0m
[33m  [Run]: [0mrenamed function used in jump table [32m  [Passed][0m
[33m  [Run]: [0mreserved identifiers are sanitized and used in calls [32m  [Passed][0m
[33m  [Run]: [0mresolveStubTarget allows leading underscore alias [32m  [Passed][0m
[33m  [Run]: [0mresume entry targets emit a top-level pc switch in the owner wrapper [32m  [Passed][0m
[33m  [Run]: [0mresume entry targets register to the owner wrapper [32m  [Passed][0m
[33m  [Run]: [0mscalar logical immediates emit low64 operations [32m  [Passed][0m
[33m  [Run]: [0mscalar logical register ops emit low64 operations [32m  [Passed][0m
[33m  [Run]: [0msyscall marks the following instruction as a resume entry [32m  [Passed][0m
[33m  [Run]: [0mtrailing JAL without decoded delay slot still emits call flow [32m  [Passed][0m
[33m  [Run]: [0mtrailing JR $31 without decoded delay slot still emits return flow [32m  [Passed][0m
[33m  [Run]: [0munresolved JALR marks internal labels as indirect fallback resume entries [32m  [Passed][0m
[33m  [Run]: [0munresolved JALR uses runtime dispatch without broad local switch [32m  [Passed][0m
[33m  [Run]: [0munresolved JR marks internal labels as indirect fallback resume entries [32m  [Passed][0m
[33m  [Run]: [0munresolved JR non-RA uses dispatcher resume entries without broad local switch [32m  [Passed][0m

[Suite]: E52FpuCop2Audit
[33m  [Run]: [0mCOP2 CFC2 VI1 zero-extends 16 bits (sanity) [32m  [Passed][0m
[33m  [Run]: [0mCOP2 CTC2 CMSAR1 (0x48c4f800, 1 site) starts a VU1 microprogram (VU0.cpp CTC2 REG_CMSAR1) [32m  [Passed][0m
[33m  [Run]: [0mCOP2 CTC2/CFC2 R keeps 23 bits (VU0.cpp CTC2/CFC2 REG_R) [32m  [Passed][0m
[33m  [Run]: [0mCOP2 VCALLMSR (0x4a00d839, 8 sites) starts at CMSAR0 (COP2.cpp: vu0ExecMicro(VI[CMSAR0])) [32m  [Passed][0m
[33m  [Run]: [0mCOP2 VSQI (0x4be1137d, 14 sites) stores vf[fs] to VU0 data at vi[it]*16 (_vuSQI) [32m  [Passed][0m
[33m  [Run]: [0mCOP2 VSQI/VLQI/VILWR/VISWR address VU0 data memory with the right fields (_vuSQI/_vuLQI/_vuILWR/_vuISWR) [coverage:missing-functions] targets=0
[coverage:unknown-syscalls] ids=0
[coverage:unhandled-rpcs] pairs=0
[32m  [Passed][0m
[33m  [Run]: [0mE53 FP mode: PS2 scope = round toward zero + FZ; host scope inside it = IEEE; both restore [32m  [Passed][0m
[33m  [Run]: [0mFPU ADD/SUB/MUL.S round toward zero (PCSX2 FPUFPCR ChopZero) [32m  [Passed][0m
[33m  [Run]: [0mFPU C.EQ/C.LE compare fpuDouble operands (denormal = 0, Inf pattern = FMAX) [32m  [Passed][0m
[33m  [Run]: [0mFPU CVT.S.W rounds toward zero above 2^24 [32m  [Passed][0m
[33m  [Run]: [0mFPU CVT.W.S / ABS.S / NEG.S match PCSX2 (sanity, E50 fix) [32m  [Passed][0m
[33m  [Run]: [0mFPU DIV.S by zero gives +/-FMAX by sign(fs)^sign(ft) (checkDivideByZero) [32m  [Passed][0m
[33m  [Run]: [0mFPU MADD.S/MADDA.S round the product before the add (no fused multiply-add) [32m  [Passed][0m
[33m  [Run]: [0mFPU MAX.S/MIN.S compare as sign-magnitude integers (fp_max/fp_min) [32m  [Passed][0m
[33m  [Run]: [0mFPU SQRT.S rounds toward zero (sqrtss under ChopZero) [32m  [Passed][0m
[33m  [Run]: [0mFPU operands: denormals as +/-0 (fpuDouble; Inf/NaN part deferred G2) [32m  [Passed][0m
[33m  [Run]: [0mFPU results clamp overflow to +/-FMAX (checkOverflow) [32m  [Passed][0m
[33m  [Run]: [0mFPU results: denormals flush to signed zero (checkUnderflow) [32m  [Passed][0m
[33m  [Run]: [0mVU0 VADD clamps overflow to FMAX (VU_MAC_UPDATE; Inf-operand part deferred G2) [32m  [Passed][0m
[33m  [Run]: [0mVU0 VADD/VMUL round toward zero (VU0FPCR ChopZero) [32m  [Passed][0m
[33m  [Run]: [0mVU0 VCLIPw flag bits: +x=bit0, -x=bit1, ..., against |ft.w| (_vuCLIP) [32m  [Passed][0m
[33m  [Run]: [0mVU0 VDIV (0x4a6303bc, 85 sites): x/0 = +/-FMAX, chop rounding (_vuDIV) [32m  [Passed][0m
[33m  [Run]: [0mVU0 VFTOI0 saturates by sign (floatToInt) [32m  [Passed][0m
[33m  [Run]: [0mVU0 VITOF0 rounds toward zero above 2^24 (intToFloat) [32m  [Passed][0m
[33m  [Run]: [0mVU0 VMADDw/VMADDAz: product rounded before the add; chop on the add [32m  [Passed][0m
[33m  [Run]: [0mVU0 VMAX/VMINI compare as sign-magnitude integers (fp_max/fp_min) [32m  [Passed][0m
[33m  [Run]: [0mVU0 VMUL flushes denormal results to signed zero (VU_MAC_UPDATE exp 0) [32m  [Passed][0m
[33m  [Run]: [0mVU0 VOPMULA/VOPMSUB lane mapping (sanity) [32m  [Passed][0m
[33m  [Run]: [0mVU0 VRINIT/VRNEXT: R = 0x3f800000|23 bits; RNEXT advances the LFSR and writes ft [32m  [Passed][0m
[33m  [Run]: [0mVU0 VRSQRT (0x4a6403be, 104 sites): Q = fs/sqrt(|ft|), ft = 0 gives +/-FMAX (_vuRSQRT) [32m  [Passed][0m
[33m  [Run]: [0mVU0 VRSQRT reads fs (synthetic 0x4a020bbe: Q = vf1.x / sqrt(vf2.x)) [32m  [Passed][0m
[33m  [Run]: [0mVU0 VSQRT (0x4a0403bd, 285 sites): sqrt(|ft|), chop rounding (_vuSQRT) [32m  [Passed][0m

[Suite]: ElfAnalyzerHeuristics
[33m  [Run]: [0mentry-point mapping handles exact inside and fallback [32m  [Passed][0m
[33m  [Run]: [0mjump-table detection finds canonical sltiu/bne/lw/jr pattern [32m  [Passed][0m
[33m  [Run]: [0mlibrary-symbol classification table [32m  [Passed][0m
[33m  [Run]: [0mreliable-symbol heuristic filters autogenerated names [32m  [Passed][0m
[33m  [Run]: [0mrisk signal detection reports hardware io mmi and self modifying code [32m  [Passed][0m
[33m  [Run]: [0mruntime handler filter keeps unsupported SDK names informational [32m  [Passed][0m

[Suite]: PS2GS
[33m  [Run]: [0mCT32 raster writes alias cleanly into later CT32 texture sampling [32m  [Passed][0m
[33m  [Run]: [0mE4 env parse accepts decimal/hex and rejects junk (E4) [32m  [Passed][0m
[33m  [Run]: [0mE4 history-entry formatter keeps the branch-table fields (E4) [32m  [Passed][0m
[33m  [Run]: [0mE4 surface collector dedupes, decodes DISPFB, and caps at 16 (E4) [32m  [Passed][0m
[33m  [Run]: [0mE54B: VSINT acknowledge and timing-owned FIELD survive 64/32-bit CSR writes [32m  [Passed][0m
[33m  [Run]: [0mFBA forces the framebuffer alpha high bit on CT32 writes [32m  [Passed][0m
[33m  [Run]: [0mFST sprite 1:1 CT32 copies preserve source texels at the right and bottom edges [32m  [Passed][0m
[33m  [Run]: [0mGB3: SetGsCrt programs SMODE1/SMODE2 per mode like the kernel [gs:setcrt] via=syscall interlaced=1 mode=0x2 field_frame=0 smode1=0x740814504 smode2=0x1
[gs:setcrt] via=syscall interlaced=1 mode=0x0 field_frame=1 smode1=0x740814504 smode2=0x3
[gs:setcrt] via=syscall interlaced=0 mode=0x2 field_frame=0 smode1=0x740814504 smode2=0x0
[gs:setcrt] via=syscall interlaced=1 mode=0x3 field_frame=0 smode1=0x740816504 smode2=0x1
[gs:setcrt] via=syscall interlaced=1 mode=0x1 field_frame=1 smode1=0x740816504 smode2=0x3
[gs:setcrt] via=syscall interlaced=0 mode=0x1a field_frame=1 smode1=0x0 smode2=0x2
[gs:setcrt] via=syscall interlaced=0 mode=0x50 field_frame=1 smode1=0x0 smode2=0x2
[coverage:missing-functions] targets=0
[coverage:unknown-syscalls] ids=0
[coverage:unhandled-rpcs] pairs=0
[32m  [Passed][0m
[33m  [Run]: [0mGB3: sceGsResetGraph(0, ...) applies SetGsCrt's SMODE1 (the game's real path) [gs:setcrt] via=sceGsResetGraph interlaced=1 mode=0x2 field_frame=0 smode1=0x740814504 smode2=0x1
[coverage:missing-functions] targets=0
[coverage:unknown-syscalls] ids=0
[coverage:unhandled-rpcs] pairs=0
[32m  [Passed][0m
[33m  [Run]: [0mGIF IMAGE packet writes host-to-local data into GS VRAM [32m  [Passed][0m
[33m  [Run]: [0mGIF PACKED A+D writes DISPFB1 and DISPLAY1 privileged registers [32m  [Passed][0m
[33m  [Run]: [0mGIF PACKED A+D writes DISPFB2 and DISPLAY2 privileged registers [32m  [Passed][0m
[33m  [Run]: [0mGIF REGLIST NREG=0 is treated as sixteen descriptors [32m  [Passed][0m
[33m  [Run]: [0mGIF REGLIST with odd register count consumes 128-bit padding before next tag [32m  [Passed][0m
[33m  [Run]: [0mGIF load-image packet uses native upload fast path [32m  [Passed][0m
[33m  [Run]: [0mGS CLAMP modes transform texture coordinates before sampling [32m  [Passed][0m
[33m  [Run]: [0mGS CSR/IMR support coherent 64-bit and 32-bit access [32m  [Passed][0m
[33m  [Run]: [0mGS CT24 host-local-host transfer preserves 24-bit RGB payload [32m  [Passed][0m
[33m  [Run]: [0mGS CT32 upload aliases cleanly into later PSMT8 sampling [32m  [Passed][0m
[33m  [Run]: [0mGS DATE and DATM inspect the framebuffer-format alpha bit [32m  [Passed][0m
[33m  [Run]: [0mGS HIGHLIGHT adds vertex alpha into RGB and texture alpha into A [32m  [Passed][0m
[33m  [Run]: [0mGS HIGHLIGHT2 keeps texture alpha while adding vertex alpha into RGB [32m  [Passed][0m
[33m  [Run]: [0mGS PSMT4 host-local upload keeps position across split IMAGE packets [32m  [Passed][0m
[33m  [Run]: [0mGS PSMT4 host-local-host keeps nibble packing stable [32m  [Passed][0m
[33m  [Run]: [0mGS PSMT4 local-local copy respects swizzled page layout [32m  [Passed][0m
[33m  [Run]: [0mGS RGB_ONLY falls back to FB_ONLY outside CT32 [32m  [Passed][0m
[33m  [Run]: [0mGS SIGNAL and FINISH set CSR bits that clear by CSR write-one acknowledge [32m  [Passed][0m
[33m  [Run]: [0mGS STQ triangle interpolation divides homogeneous coordinates after DDA [32m  [Passed][0m
[33m  [Run]: [0mGS T4 CSM1 lookup matches Veronica ClutCopy layout [32m  [Passed][0m
[33m  [Run]: [0mGS T4 CSM1 preserves CSA bit 4 for CT16 CLUTs [32m  [Passed][0m
[33m  [Run]: [0mGS T4 triangle sampling reads manual-layout texels from a 512x512 atlas [32m  [Passed][0m
[33m  [Run]: [0mGS T4HL upload deactivates the transfer at total_pixels and discards excess bytes [32m  [Passed][0m
[33m  [Run]: [0mGS T4HL/T4HH sampling reads only its own plane through independent CLUTs [32m  [Passed][0m
[33m  [Run]: [0mGS T4HL/T4HH shared-plane upload preserves both index planes via RMW [32m  [Passed][0m
[33m  [Run]: [0mGS T8 CSM1 applies CSA and masks CSA bit 4 for CT32 CLUTs [32m  [Passed][0m
[33m  [Run]: [0mGS T8 CT32-uploaded CSM1 CLUT follows swizzled palette layout [32m  [Passed][0m
[33m  [Run]: [0mGS TCC=0 MODULATE uses texture RGB and keeps vertex alpha [32m  [Passed][0m
[33m  [Run]: [0mGS TEX0 dimensions saturate at 1024 pixels [32m  [Passed][0m
[33m  [Run]: [0mGS TEX1 linear filter blends T4 STQ triangle samples [32m  [Passed][0m
[33m  [Run]: [0mGS TEX2 updates CLUT state independently from TEX0 [32m  [Passed][0m
[33m  [Run]: [0mGS TEXA expands CT24 alpha and honors AEM for black texels [32m  [Passed][0m
[33m  [Run]: [0mGS TEXCLUT offsets T8 CLUT fetch coordinates [32m  [Passed][0m
[33m  [Run]: [0mGS ZMSK suppresses depth without suppressing framebuffer writes [32m  [Passed][0m
[33m  [Run]: [0mGS alpha-test AFAIL independently masks framebuffer and depth [32m  [Passed][0m
[33m  [Run]: [0mGS backend replacement preserves canonical local memory [32m  [Passed][0m
[33m  [Run]: [0mGS fog blends the shaded color toward FOGCOL before framebuffer blending [32m  [Passed][0m
[33m  [Run]: [0mGS local-to-host transfer supports partial incremental reads [32m  [Passed][0m
[33m  [Run]: [0mGS triangle fan subpixel quad fills rows without interior holes [32m  [Passed][0m
[33m  [Run]: [0mGS triangles sharing an edge cover each pixel once (G46 fill rule) [32m  [Passed][0m
[33m  [Run]: [0mGS writeIORegister increments GS write counter [32m  [Passed][0m
[33m  [Run]: [0mGsPutIMR and GsGetIMR roundtrip old and new values [coverage:missing-functions] targets=0
[coverage:unknown-syscalls] ids=0
[coverage:unhandled-rpcs] pairs=0
[32m  [Passed][0m
[33m  [Run]: [0mGsSetCrt updates SMODE2 for host presentation mode [coverage:missing-functions] targets=0
[coverage:unknown-syscalls] ids=0
[coverage:unhandled-rpcs] pairs=0
[32m  [Passed][0m
[33m  [Run]: [0mPABE bypasses alpha blend for low-alpha source pixels [32m  [Passed][0m
[33m  [Run]: [0mPRMODE supplies primitive attributes while PRMODECONT AC is clear [32m  [Passed][0m
[33m  [Run]: [0mPSMT4 address mapping matches GS manual layout [32m  [Passed][0m
[33m  [Run]: [0mPSMT4 large atlases keep manual page layout across 512x512 textures [32m  [Passed][0m
[33m  [Run]: [0mPSMT8 address mapping matches Veronica Conv8to32 layout [32m  [Passed][0m
[33m  [Run]: [0mXYZ3 culls a triangle strip primitive without desynchronizing the vertex queue [32m  [Passed][0m
[33m  [Run]: [0mclearFramebufferContext clears the requested context even if another context is active [32m  [Passed][0m
[33m  [Run]: [0mdeinterlace value parses to weave unless exactly bob [32m  [Passed][0m
[33m  [Run]: [0mdeinterlace weave is identity, bob doubles one field [32m  [Passed][0m
[33m  [Run]: [0mfullscreen display copy tracks the preferred presentation source frame [32m  [Passed][0m
[33m  [Run]: [0mlatched host presentation frame is returned tightly packed for narrower display widths [32m  [Passed][0m
[33m  [Run]: [0mlatched host presentation frame stays stable until the next latch [32m  [Passed][0m
[33m  [Run]: [0mlatched host presentation line-doubles interlaced field output in bob mode [32m  [Passed][0m
[33m  [Run]: [0mlatched host presentation merges both enabled PMODE circuits [32m  [Passed][0m
[33m  [Run]: [0mlatched host presentation normalizes alpha for single-circuit display [32m  [Passed][0m
[33m  [Run]: [0mlatched host presentation preserves 480-line display height [32m  [Passed][0m
[33m  [Run]: [0mlatched host presentation reads direct CT32 display frames with GS swizzle [32m  [Passed][0m
[33m  [Run]: [0mlatched host presentation reads preferred CT32 source with GS swizzle [32m  [Passed][0m
[33m  [Run]: [0mreserved PSM 0x3F uses null VRAM handlers [32m  [Passed][0m
[33m  [Run]: [0msceGifPkRefLoadImage seeds A+D GIFtag nloop once (no double-count) [coverage:missing-functions] targets=0
[coverage:unknown-syscalls] ids=0
[coverage:unhandled-rpcs] pairs=0
[32m  [Passed][0m
[33m  [Run]: [0msceGsExecLoadImage and sceGsExecStoreImage roundtrip and free guest packets [coverage:missing-functions] targets=0
[coverage:unknown-syscalls] ids=0
[coverage:unhandled-rpcs] pairs=0
[32m  [Passed][0m
[33m  [Run]: [0msceGsResetGraph frees its temporary GIF packet [coverage:missing-functions] targets=0
[coverage:unknown-syscalls] ids=0
[coverage:unhandled-rpcs] pairs=0
[32m  [Passed][0m
[33m  [Run]: [0msceGsSetDefDBuffDc accepts trailing args from the recompiler register ABI [coverage:missing-functions] targets=0
[coverage:unknown-syscalls] ids=0
[coverage:unhandled-rpcs] pairs=0
[32m  [Passed][0m
[33m  [Run]: [0msceGsSetDefDBuffDc seeds a clear packet and swap clears the draw buffer [coverage:missing-functions] targets=0
[coverage:unknown-syscalls] ids=0
[coverage:unhandled-rpcs] pairs=0
[32m  [Passed][0m
[33m  [Run]: [0msceGsSetDefDBuffDc seeds display envs and swap applies the selected page [coverage:missing-functions] targets=0
[coverage:unknown-syscalls] ids=0
[coverage:unhandled-rpcs] pairs=0
[32m  [Passed][0m
[E53] PS2X_EE_FPMODE=ps2 (EE thread: round-toward-zero + flush-to-zero)
[33m  [Run]: [0msceGsSyncV resumes through the scheduler with deterministic field parity [coverage:missing-functions] targets=0
[coverage:unknown-syscalls] ids=0
[coverage:unhandled-rpcs] pairs=0
[32m  [Passed][0m
[33m  [Run]: [0msceGsSyncVCallback runs as a scheduler invocation on its callback stack [coverage:missing-functions] targets=0
[coverage:unknown-syscalls] ids=0
[coverage:unhandled-rpcs] pairs=0
[32m  [Passed][0m
[33m  [Run]: [0munknown GS privileged offsets are no-op and read as zero [32m  [Passed][0m

[Suite]: PS2GSQueue
[33m  [Run]: [0mGB3: priv stores keep program order vs queued packets (matches direct) [32m  [Passed][0m
[33m  [Run]: [0mqueue RPCs execute at stream position after fire-and-forget writes [32m  [Passed][0m
[33m  [Run]: [0mqueue backpressure: a full ring blocks producers until drained [32m  [Passed][0m
[33m  [Run]: [0mqueue handles concurrent producers and disjoint updates deterministically [32m  [Passed][0m
[33m  [Run]: [0mqueue lifecycle: default off, idempotent enable, disable resumes direct [32m  [Passed][0m
[33m  [Run]: [0mqueued CPU backend is byte-exact vs direct on a captured packet stream [32m  [Passed][0m
[33m  [Run]: [0mqueued CPU backend is byte-exact vs direct on synthetic streams [32m  [Passed][0m

[Suite]: PS2GSReplay
[33m  [Run]: [0mGB4 rejects a partial capture record at EOF [32m  [Passed][0m
[33m  [Run]: [0mGB4 replays the captured GS command stream and hashes VBlank checkpoints [32m  [Passed][0m

[Suite]: PS2IopSubsystem
[33m  [Run]: [0mLotR sound update completes queued PlayStream slots [32m  [Passed][0m
[33m  [Run]: [0mRECVX reset clears CRI object maps without global state [32m  [Passed][0m
[33m  [Run]: [0mTSNDDRV uses profile checksum bindings without writing invalid ports [32m  [Passed][0m
[33m  [Run]: [0mbuilt-in profiles select by ELF basename and keep core services active [32m  [Passed][0m
[33m  [Run]: [0mreset closes profile-owned host file handles [32m  [Passed][0m
[33m  [Run]: [0mtwo subsystem instances isolate profile state and reset deterministically [32m  [Passed][0m
[33m  [Run]: [0munknown SID remains unhandled without a matching profile [32m  [Passed][0m

[Suite]: PS2Memory
[33m  [Run]: [0mCPU VIF1 quadword FIFO consumes commands in word order [32m  [Passed][0m
[33m  [Run]: [0mCPU VIF1 quadword FIFO uses its full page and translated aliases [32m  [Passed][0m
[33m  [Run]: [0mCPU VIF1 unmask flushes PATH3 before following normal GIF DMA once [32m  [Passed][0m
[33m  [Run]: [0mDMAC D_CTRL DMAE gates GIF DMA start [32m  [Passed][0m
[33m  [Run]: [0mDMAC D_STAT toggles masks and clears channel status on write-one [32m  [Passed][0m
[33m  [Run]: [0mE7 byte budget reserves the boundary after boot exhaustion [32m  [Passed][0m
[33m  [Run]: [0mEE Timer2 compare and overflow flags raise INTC_TIM2 and clear on write-one [32m  [Passed][0m
[33m  [Run]: [0mEE timer zero-return clears COUNT on compare [32m  [Passed][0m
[33m  [Run]: [0mEE timer0 count advances from scheduler cycles and can be reset [32m  [Passed][0m
[33m  [Run]: [0mEE timers 0 through 3 expose independent COUNT MODE and COMP registers [32m  [Passed][0m
[33m  [Run]: [0mGIF DMA can source from scratchpad [32m  [Passed][0m
[33m  [Run]: [0mGIF DMA chain CALL sources payload from TADR+16 [32m  [Passed][0m
[33m  [Run]: [0mGIF DMA chain IRQ stops only when TIE is set [32m  [Passed][0m
[33m  [Run]: [0mGIF DMA chain REF keeps CT32 image data after paletted upload [32m  [Passed][0m
[33m  [Run]: [0mGIF DMA chain RET transfers payload and resumes after CALL [32m  [Passed][0m
[33m  [Run]: [0mGIF DMA chain can source tags and payload from 0xF000 scratchpad alias [32m  [Passed][0m
[33m  [Run]: [0mGIF DMA mode0 copies RDRAM packet and clears channel [32m  [Passed][0m
[33m  [Run]: [0mGIF arbiter prioritizes PATH1 then PATH2 then PATH3 [32m  [Passed][0m
[33m  [Run]: [0mPATH3 mask queues packets until unmask [32m  [Passed][0m
[33m  [Run]: [0mSPR_FROM normal-mode DMA copies scratchpad to RAM and completes the channel [32m  [Passed][0m
[33m  [Run]: [0mSPR_TO normal-mode DMA copies RAM to scratchpad with SADR wraparound [32m  [Passed][0m
[33m  [Run]: [0mVIF DIRECTHL stalls behind queued PATH3 IMAGE packets [32m  [Passed][0m
[33m  [Run]: [0mVIF FBRST RST clears VIF1 command state [32m  [Passed][0m
[33m  [Run]: [0mVIF MPG num zero uploads 256 instructions [32m  [Passed][0m
[33m  [Run]: [0mVIF MSKPATH3 uses immediate bit15 [32m  [Passed][0m
[33m  [Run]: [0mVIF STCYCL skip mode advances destination by CL when CL>=WL [32m  [Passed][0m
[33m  [Run]: [0mVIF STMOD offset and difference modes apply to UNPACK data [32m  [Passed][0m
[33m  [Run]: [0mVIF UNPACK V4-16 sign and zero extension follow immediate bit14 [32m  [Passed][0m
[33m  [Run]: [0mVIF UNPACK bit15 adds TOPS to destination address [32m  [Passed][0m
[33m  [Run]: [0mVIF UNPACK num zero uploads 256 vectors [32m  [Passed][0m
[33m  [Run]: [0mVIF control commands update MARK MASK ROW and COL registers [32m  [Passed][0m
[33m  [Run]: [0mVIF double-buffer OFFSET BASE and MSCAL update TOPS and ITOPS [32m  [Passed][0m
[33m  [Run]: [0mVIF fill write uses STMASK and STROW when WL>CL [32m  [Passed][0m
[33m  [Run]: [0mVIF irq command sets STAT.INT and CODE until FBRST.STC clears it [32m  [Passed][0m
[33m  [Run]: [0mVIF masked UNPACK uses data row col and protect selectors [32m  [Passed][0m
[33m  [Run]: [0mVIF1 DIRECT image tag can continue with raw image qwords [32m  [Passed][0m
[33m  [Run]: [0mVIF1 DMA DIRECT forwards payload to GIF callback and clears channel [32m  [Passed][0m
[33m  [Run]: [0mVIF1 DMA DIRECT image packet reaches GS through arbiter [32m  [Passed][0m
[33m  [Run]: [0mVIF1 DMA chain CNT NEXT END keep embedded MPG with TTE [32m  [Passed][0m
[33m  [Run]: [0mVIF1 DMA chain REF tag drops embedded MPG when TTE is clear [32m  [Passed][0m
[33m  [Run]: [0mVIF1 DMA chain REF tag keeps embedded MPG when TTE is set [32m  [Passed][0m
[33m  [Run]: [0mVIF1 DMA chain latches terminal tag bits in CHCR [32m  [Passed][0m
[33m  [Run]: [0mVIF1 DMA chain preserves compact tag high bytes for DIRECT packets [32m  [Passed][0m
[33m  [Run]: [0mVIF1 DMA chain preserves compact tag high bytes when qwc is zero [32m  [Passed][0m
[33m  [Run]: [0mVIF1 packet builders keep chain qwc live before terminate [32m  [Passed][0m
[33m  [Run]: [0mVU0 code and data windows map through EE addresses [32m  [Passed][0m
[33m  [Run]: [0mfast memory helpers wrap safely at RAM boundary [32m  [Passed][0m
[33m  [Run]: [0mnative GIF image upload recognizes canonical load-image chain [32m  [Passed][0m
[33m  [Run]: [0mnative GIF packed chain matches generic packed primitive packet [32m  [Passed][0m
[33m  [Run]: [0msceDmaReset re-enables DMAC DMAE [coverage:missing-functions] targets=0
[coverage:unknown-syscalls] ids=0
[coverage:unhandled-rpcs] pairs=0
[32m  [Passed][0m
[33m  [Run]: [0mscratchpad alias accesses the same bytes as base [32m  [Passed][0m
[33m  [Run]: [0mtranslateAddress handles kseg and uncached aliases [32m  [Passed][0m
[33m  [Run]: [0munaligned accesses throw [32m  [Passed][0m
[33m  [Run]: [0muncached aliases map to same RDRAM bytes [32m  [Passed][0m

[Suite]: PS2Recompiler
[33m  [Run]: [0m0x3E3AD8-class mid-function callback splits [32m  [Passed][0m
[33m  [Run]: [0mJAL return addresses get resumable entry wrappers [32m  [Passed][0m
[33m  [Run]: [0mJAL to an already-known function still discovers the return entry [32m  [Passed][0m
[33m  [Run]: [0madditional entries split at nearest discovered boundary [32m  [Passed][0m
[33m  [Run]: [0mconfig manager defaults extra_function_starts to empty [32m  [Passed][0m
[33m  [Run]: [0mconfig manager parses extra_function_starts [32m  [Passed][0m
[33m  [Run]: [0mconfig manager parses jump_tables table entries [32m  [Passed][0m
[33m  [Run]: [0mconfig manager round-trips extra_function_starts [32m  [Passed][0m
[33m  [Run]: [0mdiscovery ignores synthetic entry wrappers [32m  [Passed][0m
[33m  [Run]: [0melf parser ignores STT_FUNC symbols in non-executable sections [32m  [Passed][0m
[33m  [Run]: [0mentry reslice handles entries without containing function [32m  [Passed][0m
[33m  [Run]: [0mentry reslice trims earlier entries after late discovery [32m  [Passed][0m
[33m  [Run]: [0mentry starting at jr ra is capped to return thunk [32m  [Passed][0m
[33m  [Run]: [0mextra function starts resolve to the decoded containing owner [32m  [Passed][0m
[33m  [Run]: [0mextra function starts skip starts, gaps and undecoded owners [32m  [Passed][0m
[33m  [Run]: [0mgame helpers are not classified as runtime stubs [32m  [Passed][0m
[33m  [Run]: [0mghidra map replaces JAL fallback-only auto starts [32m  [Passed][0m
[33m  [Run]: [0minitializer skips fall back to guest recompilation [recompiler] parsing config
[recompiler] parsing ELF
[recompiler] extracted 1 functions, 1 symbols, 6 sections, 0 relocations
[recompiler] recompiling 1 functions
[recompiler] interior starts: added=0 already-present=0 prologues=0 rejected-prologues=0 referenced-leaves=0
[recompiler] recompilation pass completed
[32m  [Passed][0m
[33m  [Run]: [0mmaterialized .text pointer splits its container [32m  [Passed][0m
[33m  [Run]: [0mmaterialized data pointer creates no entry [32m  [Passed][0m
[33m  [Run]: [0mmissing constructor-table targets fail recompilation [recompiler] parsing config
[recompiler] parsing ELF
[recompiler] extracted 1 functions, 1 symbols, 6 sections, 0 relocations
[recompiler] recompiling 1 functions
[recompiler] interior starts: added=0 already-present=0 prologues=0 rejected-prologues=0 referenced-leaves=0
[recompiler] recompilation pass completed
[recompiler] parsing config
[recompiler] parsing ELF
[recompiler] extracted 1 functions, 1 symbols, 6 sections, 0 relocations
[recompiler] recompiling 1 functions
[recompiler] interior starts: added=0 already-present=0 prologues=0 rejected-prologues=0 referenced-leaves=0
[recompiler] recompilation pass completed
[32m  [Passed][0m
[33m  [Run]: [0mnon-executable section targets are ignored [32m  [Passed][0m
[33m  [Run]: [0mrespect max length for .cpp filenames [32m  [Passed][0m
[33m  [Run]: [0mruntime call resolution includes Veronica compatibility aliases [32m  [Passed][0m
[33m  [Run]: [0msame-function JAL return addresses get entry wrappers but targets stay labels [32m  [Passed][0m

[Suite]: PS2RuntimeExpansion
[33m  [Run]: [0mGS alpha blend uses ALPHA register FIX factor [32m  [Passed][0m
[33m  [Run]: [0mGS sprite draw applies XYOFFSET and fully-outside scissor should not render [32m  [Passed][0m
[33m  [Run]: [0mIPU init executes its guest helper as a scheduler invocation [coverage:missing-functions] targets=0
[coverage:unknown-syscalls] ids=0
[coverage:unhandled-rpcs] pairs=0
[32m  [Passed][0m
[33m  [Run]: [0mIPU init skips missing optional helper instead of dispatching the default trap [coverage:missing-functions] targets=0
[coverage:unknown-syscalls] ids=0
[coverage:unhandled-rpcs] pairs=0
[32m  [Passed][0m
[33m  [Run]: [0mMPEG init and callback stubs return success instead of TODO errors [32m  [Passed][0m
[33m  [Run]: [0mMPEG non-stream R1 delivers in registration order on the caller [coverage:missing-functions] targets=0
[coverage:unknown-syscalls] ids=0
[coverage:unhandled-rpcs] pairs=0
[32m  [Passed][0m
[33m  [Run]: [0mMPEG non-stream R2 re-enters AddBs without holding the MPEG lock [coverage:missing-functions] targets=0
[coverage:unknown-syscalls] ids=0
[coverage:unhandled-rpcs] pairs=0
[32m  [Passed][0m
[33m  [Run]: [0mMPEG non-stream R3 resumes GetPicture after delivered input decodes [coverage:missing-functions] targets=0
[coverage:unknown-syscalls] ids=0
[coverage:unhandled-rpcs] pairs=0
[32m  [Passed][0m
[33m  [Run]: [0mMPEG non-stream R4 ignores valid-no-input callback return values [coverage:missing-functions] targets=0
[coverage:unknown-syscalls] ids=0
[coverage:unhandled-rpcs] pairs=0
[coverage:missing-functions] targets=0
[coverage:unknown-syscalls] ids=0
[coverage:unhandled-rpcs] pairs=0
[coverage:missing-functions] targets=0
[coverage:unknown-syscalls] ids=0
[coverage:unhandled-rpcs] pairs=0
[32m  [Passed][0m
[33m  [Run]: [0mMPEG non-stream R5 invalidates pending callbacks on delete and reset [coverage:missing-functions] targets=0
[coverage:unknown-syscalls] ids=0
[coverage:unhandled-rpcs] pairs=0
[coverage:missing-functions] targets=0
[coverage:unknown-syscalls] ids=0
[coverage:unhandled-rpcs] pairs=0
[32m  [Passed][0m
[33m  [Run]: [0mMPEG non-stream R6 leaves stream callbacks to the existing Demux path [coverage:missing-functions] targets=0
[coverage:unknown-syscalls] ids=0
[coverage:unhandled-rpcs] pairs=0
[32m  [Passed][0m
[33m  [Run]: [0mSignalException marks EPC and BD for delay-slot exceptions [coverage:missing-functions] targets=0
[coverage:unknown-syscalls] ids=0
[coverage:unhandled-rpcs] pairs=0
[32m  [Passed][0m
[33m  [Run]: [0mSignalException uses current pc without BD and honors BEV vector [coverage:missing-functions] targets=0
[coverage:unknown-syscalls] ids=0
[coverage:unhandled-rpcs] pairs=0
[32m  [Passed][0m
[33m  [Run]: [0mVIF MSCAL and MSCNT toggle DBF and keep TOPS/ITOPS coherent [32m  [Passed][0m
[33m  [Run]: [0mVU0 FBRST TE gates a T-bit microprogram stop [coverage:missing-functions] targets=0
[coverage:unknown-syscalls] ids=0
[coverage:unhandled-rpcs] pairs=0
[32m  [Passed][0m
[33m  [Run]: [0mVU0 direct MicroMem writes invalidate the fixed decode cache [coverage:missing-functions] targets=0
[coverage:unknown-syscalls] ids=0
[coverage:unhandled-rpcs] pairs=0
[32m  [Passed][0m
[33m  [Run]: [0mVU0 microprogram executes against VU0 code and data memory [coverage:missing-functions] targets=0
[coverage:unknown-syscalls] ids=0
[coverage:unhandled-rpcs] pairs=0
[32m  [Passed][0m
[33m  [Run]: [0mVU0 microprogram preserves the architectural RNG state [coverage:missing-functions] targets=0
[coverage:unknown-syscalls] ids=0
[coverage:unhandled-rpcs] pairs=0
[32m  [Passed][0m
[33m  [Run]: [0mdifferential decoder/codegen gpr-write contract for MULT and DIV families [32m  [Passed][0m
[33m  [Run]: [0mdispatchGuestBranch call normalizes unchanged callee PC to fallthrough [coverage:missing-functions] targets=0
[coverage:unknown-syscalls] ids=0
[coverage:unhandled-rpcs] pairs=0
[32m  [Passed][0m
[33m  [Run]: [0mdispatchGuestBranch call returns false when callee transfers elsewhere [coverage:missing-functions] targets=0
[coverage:unknown-syscalls] ids=0
[coverage:unhandled-rpcs] pairs=0
[32m  [Passed][0m
[33m  [Run]: [0mdispatchGuestBranch jump returns to central dispatcher without nesting [coverage:missing-functions] targets=0
[coverage:unknown-syscalls] ids=0
[coverage:unhandled-rpcs] pairs=0
[32m  [Passed][0m
[33m  [Run]: [0mdispatchGuestBranch rejects missing exact targets [guest-branch:missing-target] kind=IndirectCall op=test-missing source=0x2000 target=0x3210 pc=0x3210 ra=0x0 sp=0x0 gp=0x0 a0=0x0 a1=0x0 a2=0x0 a3=0x0 s0=0x0 s1=0x0 v0=0x0 v1=0x0 a0Readable=no a0[0]=0x0 a0[4]=0x0 a0[8]=0x0 a0[c]=0x0 s0Readable=no s0[0]=0x0 s0[4]=0x0 s0[8]=0x0 s0[c]=0x0 recordReadable=no record[0]=0x0 record[4]=0x0 record[8]=0x0 record[c]=0x0 vtableReadable=no vtbl[0]=0x0 vtbl[4]=0x0 vtbl[8]=0x0 vtbl[c]=0x0 codeRegion=no policy=0 trace=0x11f000 -> 0x11f010 -> 0x11f020 -> 0x11f030 -> 0x11f040 -> 0x120000 -> 0x11f050 -> 0x125100 -> 0x126428 -> 0x125104 -> 0x125500 -> 0x125520 -> 0x125520 -> 0x125530 -> 0x125500 -> 0x125520 -> 0x125530 -> 0x125500 -> 0x125520 -> 0x125510 -> 0x125500 -> 0x125520 -> 0x125530 -> 0x125500 -> 0x125520 -> 0x125530 -> 0x125500 -> 0x125520 -> 0x125530 -> 0x125500 -> 0x125540 -> 0x125510 -> 0x125500 -> 0x125540 -> 0x125510 -> 0x125500 -> 0x125530 -> 0x3000 -> 0x3100
[coverage:missing-functions] targets=1
[coverage:missing-function] target=0x3210 hits=1
[coverage:unknown-syscalls] ids=0
[coverage:unhandled-rpcs] pairs=0
[32m  [Passed][0m
[33m  [Run]: [0mhandleSyscall rejects invocation in delay slot [coverage:missing-functions] targets=0
[coverage:unknown-syscalls] ids=0
[coverage:unhandled-rpcs] pairs=0
[32m  [Passed][0m
[33m  [Run]: [0mlookupFunction rejects final-function PCs inside code regions without exact registration Error: No exact recompiled function for guest PC 0x2010 tableBase=0x0 tableEnd=0x2000000 codeRegion=yes trace=0x11f000 -> 0x11f010 -> 0x11f020 -> 0x11f030 -> 0x11f040 -> 0x120000 -> 0x11f050 -> 0x125100 -> 0x126428 -> 0x125104 -> 0x125500 -> 0x125520 -> 0x125520 -> 0x125530 -> 0x125500 -> 0x125520 -> 0x125530 -> 0x125500 -> 0x125520 -> 0x125510 -> 0x125500 -> 0x125520 -> 0x125530 -> 0x125500 -> 0x125520 -> 0x125530 -> 0x125500 -> 0x125520 -> 0x125530 -> 0x125500 -> 0x125540 -> 0x125510 -> 0x125500 -> 0x125540 -> 0x125510 -> 0x125500 -> 0x125530 -> 0x3000 -> 0x3100 -> 0x2010
[guest-branch:missing-target] kind=IndirectJump op=dispatch source=0x0 target=0x2010 pc=0x2010 ra=0x0 sp=0x0 gp=0x0 a0=0x0 a1=0x0 a2=0x0 a3=0x0 s0=0x0 s1=0x0 v0=0x0 v1=0x0 a0Readable=no a0[0]=0x0 a0[4]=0x0 a0[8]=0x0 a0[c]=0x0 s0Readable=no s0[0]=0x0 s0[4]=0x0 s0[8]=0x0 s0[c]=0x0 recordReadable=no record[0]=0x0 record[4]=0x0 record[8]=0x0 record[c]=0x0 vtableReadable=no vtbl[0]=0x0 vtbl[4]=0x0 vtbl[8]=0x0 vtbl[c]=0x0 codeRegion=yes policy=0 trace=0x11f000 -> 0x11f010 -> 0x11f020 -> 0x11f030 -> 0x11f040 -> 0x120000 -> 0x11f050 -> 0x125100 -> 0x126428 -> 0x125104 -> 0x125500 -> 0x125520 -> 0x125520 -> 0x125530 -> 0x125500 -> 0x125520 -> 0x125530 -> 0x125500 -> 0x125520 -> 0x125510 -> 0x125500 -> 0x125520 -> 0x125530 -> 0x125500 -> 0x125520 -> 0x125530 -> 0x125500 -> 0x125520 -> 0x125530 -> 0x125500 -> 0x125540 -> 0x125510 -> 0x125500 -> 0x125540 -> 0x125510 -> 0x125500 -> 0x125530 -> 0x3000 -> 0x3100 -> 0x2010
[coverage:missing-functions] targets=1
[coverage:missing-function] target=0x2010 hits=1
[coverage:unknown-syscalls] ids=0
[coverage:unhandled-rpcs] pairs=0
[32m  [Passed][0m
[33m  [Run]: [0mlookupFunction rejects internal resume PCs without exact registration Error: No exact recompiled function for guest PC 0x1010 tableBase=0x0 tableEnd=0x2000000 codeRegion=no trace=0x11f000 -> 0x11f010 -> 0x11f020 -> 0x11f030 -> 0x11f040 -> 0x120000 -> 0x11f050 -> 0x125100 -> 0x126428 -> 0x125104 -> 0x125500 -> 0x125520 -> 0x125520 -> 0x125530 -> 0x125500 -> 0x125520 -> 0x125530 -> 0x125500 -> 0x125520 -> 0x125510 -> 0x125500 -> 0x125520 -> 0x125530 -> 0x125500 -> 0x125520 -> 0x125530 -> 0x125500 -> 0x125520 -> 0x125530 -> 0x125500 -> 0x125540 -> 0x125510 -> 0x125500 -> 0x125540 -> 0x125510 -> 0x125500 -> 0x125530 -> 0x3000 -> 0x3100 -> 0x2010 -> 0x1010
[guest-branch:missing-target] kind=IndirectJump op=dispatch source=0x0 target=0x1010 pc=0x1010 ra=0x0 sp=0x0 gp=0x0 a0=0x0 a1=0x0 a2=0x0 a3=0x0 s0=0x0 s1=0x0 v0=0x0 v1=0x0 a0Readable=no a0[0]=0x0 a0[4]=0x0 a0[8]=0x0 a0[c]=0x0 s0Readable=no s0[0]=0x0 s0[4]=0x0 s0[8]=0x0 s0[c]=0x0 recordReadable=no record[0]=0x0 record[4]=0x0 record[8]=0x0 record[c]=0x0 vtableReadable=no vtbl[0]=0x0 vtbl[4]=0x0 vtbl[8]=0x0 vtbl[c]=0x0 codeRegion=no policy=0 trace=0x11f000 -> 0x11f010 -> 0x11f020 -> 0x11f030 -> 0x11f040 -> 0x120000 -> 0x11f050 -> 0x125100 -> 0x126428 -> 0x125104 -> 0x125500 -> 0x125520 -> 0x125520 -> 0x125530 -> 0x125500 -> 0x125520 -> 0x125530 -> 0x125500 -> 0x125520 -> 0x125510 -> 0x125500 -> 0x125520 -> 0x125530 -> 0x125500 -> 0x125520 -> 0x125530 -> 0x125500 -> 0x125520 -> 0x125530 -> 0x125500 -> 0x125540 -> 0x125510 -> 0x125500 -> 0x125540 -> 0x125510 -> 0x125500 -> 0x125530 -> 0x3000 -> 0x3100 -> 0x2010 -> 0x1010
[coverage:missing-functions] targets=1
[coverage:missing-function] target=0x1010 hits=1
[coverage:unknown-syscalls] ids=0
[coverage:unhandled-rpcs] pairs=0
[32m  [Passed][0m
[33m  [Run]: [0mmultiply-add matrix writes rd only when R5900 requires it [32m  [Passed][0m
[33m  [Run]: [0msceMpegDemuxPssRing dispatches registered video and audio stream callbacks [coverage:missing-functions] targets=0
[coverage:unknown-syscalls] ids=0
[coverage:unhandled-rpcs] pairs=0
[32m  [Passed][0m
[33m  [Run]: [0msceMpegGetPicture blocks as a typed scheduler wait and resumes on EOF [coverage:missing-functions] targets=0
[coverage:unknown-syscalls] ids=0
[coverage:unhandled-rpcs] pairs=0
[32m  [Passed][0m
[33m  [Run]: [0msceMpegGetPicture publishes the sceMpegIsEnd word once the stream has ended [coverage:missing-functions] targets=0
[coverage:unknown-syscalls] ids=0
[coverage:unhandled-rpcs] pairs=0
[32m  [Passed][0m
[33m  [Run]: [0msceMpegGetPicture waits for new decoder output instead of duplicating the last frame [coverage:missing-functions] targets=0
[coverage:unknown-syscalls] ids=0
[coverage:unhandled-rpcs] pairs=0
[32m  [Passed][0m
[33m  [Run]: [0msceSdRemote isolates voice transfers from block streaming state [32m  [Passed][0m
[33m  [Run]: [0msceSdRemote keeps block cursors and loop banks isolated per core [32m  [Passed][0m
[33m  [Run]: [0msceVif1PkCloseDirectCode encodes DIRECT length in qwords [32m  [Passed][0m
[33m  [Run]: [0msceVif1PkReset preserves the packet base pointer and clears open tag state [32m  [Passed][0m
[33m  [Run]: [0msceVu0ApplyMatrix uses libvux matrix math with the imported EE ABI [32m  [Passed][0m
[33m  [Run]: [0msceVu0TransposeMatrix transposes a 4x4 matrix with dst/src ABI [32m  [Passed][0m
[33m  [Run]: [0msprintf consumes EE varargs from a2 a3 t0 and preserves width formatting [coverage:missing-functions] targets=0
[coverage:unknown-syscalls] ids=0
[coverage:unhandled-rpcs] pairs=0
[32m  [Passed][0m

[Suite]: PS2RuntimeIO
[33m  [Run]: [0mmc0 directory creation [32m  [Passed][0m
[33m  [Run]: [0mmc0 file read operations [32m  [Passed][0m
[33m  [Run]: [0mmc0 file write operations [32m  [Passed][0m
[33m  [Run]: [0mmc0 paths isolated from cdRoot [32m  [Passed][0m
[33m  [Run]: [0msceCdRead reads from explicit cdImage path [32m  [Passed][0m
[33m  [Run]: [0msceCdSearchFile resolves movie filenames with zero-padded host leaf [32m  [Passed][0m
[33m  [Run]: [0msceIoctl cmd1 updates wait flag state [32m  [Passed][0m
[33m  [Run]: [0msceMc open write read and close roundtrip through sync [32m  [Passed][0m
[33m  [Run]: [0msceMcEnd resets libmc state so sync reports no active command [drop] stub/sceMcSync error -
[32m  [Passed][0m
[33m  [Run]: [0msceMcGetDir includes dot entries and file metadata [32m  [Passed][0m
[33m  [Run]: [0msceMcGetInfo reports formatted and unformatted states [32m  [Passed][0m

[Suite]: PS2RuntimeInterrupt
[33m  [Run]: [0mEE Timer2 compare IRQ wakes a DelayThread-style semaphore wait [coverage:missing-functions] targets=0
[coverage:unknown-syscalls] ids=0
[coverage:unhandled-rpcs] pairs=0
[32m  [Passed][0m
[33m  [Run]: [0mPollEventFlag WEF_CLEAR clears only matched bits [coverage:missing-functions] targets=0
[coverage:unknown-syscalls] ids=0
[coverage:unhandled-rpcs] pairs=0
[32m  [Passed][0m
[33m  [Run]: [0mVBlank IRQ invocation completes before the resumed base context [coverage:missing-functions] targets=0
[coverage:unknown-syscalls] ids=0
[coverage:unhandled-rpcs] pairs=0
[32m  [Passed][0m
[33m  [Run]: [0mVBlank deadline resumes the waiter and publishes flag tick and FIELD atomically [coverage:missing-functions] targets=0
[coverage:unknown-syscalls] ids=0
[coverage:unhandled-rpcs] pairs=0
[32m  [Passed][0m
[33m  [Run]: [0mevent-flag completion writes observed bits before strict-priority resume [coverage:missing-functions] targets=0
[coverage:unknown-syscalls] ids=0
[coverage:unhandled-rpcs] pairs=0
[32m  [Passed][0m
[33m  [Run]: [0miSignalSema defers selection until IRQ return [coverage:missing-functions] targets=0
[coverage:unknown-syscalls] ids=0
[coverage:unhandled-rpcs] pairs=0
[32m  [Passed][0m
[33m  [Run]: [0mnegative interrupt-safe EE syscall ids dispatch [coverage:missing-functions] targets=0
[coverage:unknown-syscalls] ids=0
[coverage:unhandled-rpcs] pairs=0
[32m  [Passed][0m
[33m  [Run]: [0mscheduler stop wakes an idle VSync wait without a timeout [coverage:missing-functions] targets=0
[coverage:unknown-syscalls] ids=0
[coverage:unhandled-rpcs] pairs=0
[32m  [Passed][0m

[Suite]: PS2RuntimeKernel
[33m  [Run]: [0mCopy syscall (0x5A) performs a memory copy [coverage:missing-functions] targets=0
[coverage:unknown-syscalls] ids=0
[coverage:unhandled-rpcs] pairs=0
[32m  [Passed][0m
[33m  [Run]: [0mCreateSema stores max_count as-is and waiter-less signals never overflow (P1aa; amends P1v) [drop] sched/createSemaphore KE_ERROR init=-1 max=4
[coverage:missing-functions] targets=0
[coverage:unknown-syscalls] ids=0
[coverage:unhandled-rpcs] pairs=0
[coverage:missing-functions] targets=0
[coverage:unknown-syscalls] ids=0
[coverage:unhandled-rpcs] pairs=0
[32m  [Passed][0m
[33m  [Run]: [0mCreateThread and CreateSema decode the exact PS2SDK EE layouts [drop] syscall/CreateThread KE_ERROR -
[coverage:missing-functions] targets=0
[coverage:unknown-syscalls] ids=0
[coverage:unhandled-rpcs] pairs=0
[32m  [Passed][0m
[33m  [Run]: [0mDrop census lines format exactly and the kill-switch gates emission (P1w) [32m  [Passed][0m
[33m  [Run]: [0mE3 overlap math normalizes aliases and splits wraps (E3b) [32m  [Passed][0m
[33m  [Run]: [0mE3 tap captures before-slices on overlap only (E3b) [32m  [Passed][0m
[33m  [Run]: [0mEE scheduler selects absolute priority then FIFO [coverage:missing-functions] targets=0
[coverage:unknown-syscalls] ids=0
[coverage:unhandled-rpcs] pairs=0
[32m  [Passed][0m
[33m  [Run]: [0mGetEntryAddress syscall (0x5B) returns handler from guest table [coverage:missing-functions] targets=0
[coverage:unknown-syscalls] ids=0
[coverage:unhandled-rpcs] pairs=0
[32m  [Passed][0m
[33m  [Run]: [0mOSD config2 syscalls round-trip extended config [coverage:missing-functions] targets=0
[coverage:unknown-syscalls] ids=0
[coverage:unhandled-rpcs] pairs=0
[32m  [Passed][0m
[33m  [Run]: [0mPark snapshot JSON/table render the exact schema (T1) [32m  [Passed][0m
[33m  [Run]: [0mPark tallies count dispatches, semas, RPC, GS and drops (T1) [coverage:missing-functions] targets=0
[coverage:unknown-syscalls] ids=0
[coverage:unhandled-rpcs] pairs=0
[32m  [Passed][0m
[33m  [Run]: [0mPollSema on a zero-count semaphore returns KE_ERROR like the kernel (P10) [coverage:missing-functions] targets=0
[coverage:unknown-syscalls] ids=0
[coverage:unhandled-rpcs] pairs=0
[32m  [Passed][0m
[33m  [Run]: [0mReleaseAlarm aliases CancelAlarm and cache toggles succeed [drop] sched/cancelAlarm KE_ERROR id=1
[coverage:missing-functions] targets=0
[coverage:unknown-syscalls] ids=0
[coverage:unhandled-rpcs] pairs=0
[32m  [Passed][0m
[33m  [Run]: [0mRotateThreadReadyQueue is the only same-priority rotation [coverage:missing-functions] targets=0
[coverage:unknown-syscalls] ids=0
[coverage:unhandled-rpcs] pairs=0
[32m  [Passed][0m
[widescreen] SSX3 mode=2 (PS2X_WIDESCREEN=default)
[33m  [Run]: [0mSIF handshake ignores other cids and sreg slots (P1ac) [k1] armed name=ssx3-copied-payload elf=SLUS_207.72
[coverage:missing-functions] targets=0
[coverage:unknown-syscalls] ids=0
[coverage:unhandled-rpcs] pairs=0
[32m  [Passed][0m
[33m  [Run]: [0mSIF handshake stays off without the SSX3 override (P1ac gate) [coverage:missing-functions] targets=0
[coverage:unknown-syscalls] ids=0
[coverage:unhandled-rpcs] pairs=0
[32m  [Passed][0m
[widescreen] SSX3 mode=2 (PS2X_WIDESCREEN=default)
[33m  [Run]: [0mSIF handshake writes sregs[1]=1 for SSX3 SET_SREG(1,1) (P1ac) [k1] armed name=ssx3-copied-payload elf=SLUS_207.72
[sif-handshake] sregs[1]=1
[coverage:missing-functions] targets=0
[coverage:unknown-syscalls] ids=0
[coverage:unhandled-rpcs] pairs=0
[32m  [Passed][0m
[widescreen] SSX3 mode=2 (PS2X_WIDESCREEN=default)
[33m  [Run]: [0mSSX3 copied payload helpers validate like the payload (K1) [k1] armed name=ssx3-copied-payload elf=SLUS_207.72
[k1] helper#1 n=0x56 a0=0x2f a1=0x0 a2=0x0 a3=0x0 result=0x2f
[k1] helper#2 n=0x56 a0=0x30 a1=0x0 a2=0x0 a3=0x0 result=0xffffffff
[k1] helper#3 n=0x57 a0=0x10 a1=0x2000 a2=0x2100 a3=0x2200 result=0x10
[k1] helper#4 n=0x57 a0=0x30 a1=0x2000 a2=0x2100 a3=0x2200 result=0xffffffff
[k1] helper#5 n=0x55 a0=0x30 a1=0x123456 a2=0x2100 a3=0x2200 result=0x0
[k1] helper#6 n=0x55 a0=0x30 a1=0x309abcde a2=0x2100 a3=0x2200 result=0x0
[k1] helper#7 n=0x55 a0=0x30 a1=0x40fedcba a2=0x2100 a3=0x2200 result=0x0
[k1] helper#8 n=0x55 a0=0x30 a1=0x10123456 a2=0x2100 a3=0x2200 result=0xffffffff
[k1] helper#9 n=0x55 a0=0x30 a1=0x20123456 a2=0x2100 a3=0x2200 result=0xffffffff
[k1] helper#10 n=0x55 a0=0x30 a1=0x50123456 a2=0x2100 a3=0x2200 result=0xffffffff
[k1] helper#11 n=0x58 a0=0x30 a1=0x50123456 a2=0x2100 a3=0x2200 result=0xffffffff
[k1] helper#12 n=0x59 a0=0x1001 a1=0x50123456 a2=0x2100 a3=0x2200 result=0xffffffff
[k1] helper#13 n=0x59 a0=0x1000 a1=0x50123456 a2=0x2100 a3=0x2200 result=0xffffffff
[k1] helper#14 n=0x59 a0=0x0 a1=0x50123456 a2=0x2100 a3=0x2200 result=0x0
[k1] helper#15 n=0x59 a0=0x10000000 a1=0x50123456 a2=0x2100 a3=0x2200 result=0x0
[k1] helper#16 n=0x59 a0=0x10000000 a1=0x50123456 a2=0x2100 a3=0x2200 result=0x1
[coverage:missing-functions] targets=0
[coverage:unknown-syscalls] ids=0
[coverage:unhandled-rpcs] pairs=0
[32m  [Passed][0m
[widescreen] SSX3 mode=2 (PS2X_WIDESCREEN=default)
[33m  [Run]: [0mSSX3 copied payload lookup serves all six installer keys (K1) [k1] armed name=ssx3-copied-payload elf=SLUS_207.72
[k1] lookup#1 key=0x55 value=0x80075038
[k1] lookup#2 key=0x56 value=0x800750c8
[k1] lookup#3 key=0x57 value=0x80075108
[k1] lookup#4 key=0x58 value=0x80075158
[k1] lookup#5 key=0x59 value=0x800751a8
[k1] lookup#6 key=0x3 value=0x80075330
[k1] lookup#7 key=0x54 value=0x0 miss=1
[coverage:missing-functions] targets=0
[coverage:unknown-syscalls] ids=0
[coverage:unhandled-rpcs] pairs=0
[32m  [Passed][0m
[33m  [Run]: [0mSSX3 copied payload refuses broken copies and other games (K1) [drop] syscall/dispatchSyscallOverride KE_ERROR syscall=0x5b handler=0x80075000
[widescreen] SSX3 mode=2 (PS2X_WIDESCREEN=default)
[k1] armed name=ssx3-copied-payload elf=SLUS_207.72
[k1] provenance-FAIL#1 n=0x5b handler=0x80075000 why=copy-mismatch
[drop] syscall/dispatchSyscallOverride KE_ERROR syscall=0x5b handler=0x80075000
[drop] syscall/dispatchSyscallOverride KE_ERROR syscall=0x54 handler=0x80075000
[coverage:missing-functions] targets=0
[coverage:unknown-syscalls] ids=0
[coverage:unhandled-rpcs] pairs=0
[32m  [Passed][0m
[33m  [Run]: [0mSetSyscall honors signed kernel-table offsets [coverage:missing-functions] targets=0
[coverage:unknown-syscalls] ids=0
[coverage:unhandled-rpcs] pairs=0
[32m  [Passed][0m
[33m  [Run]: [0mSetSyscall mirrors guest kernel table entries into low memory [coverage:missing-functions] targets=0
[coverage:unknown-syscalls] ids=0
[coverage:unhandled-rpcs] pairs=0
[32m  [Passed][0m
[33m  [Run]: [0mSetSyscall override preserves KSEG argument sign extension [coverage:missing-functions] targets=0
[coverage:unknown-syscalls] ids=0
[coverage:unhandled-rpcs] pairs=0
[32m  [Passed][0m
[33m  [Run]: [0mSetSyscall override preserves upper 64 bits when writing 32-bit args [coverage:missing-functions] targets=0
[coverage:unknown-syscalls] ids=0
[coverage:unhandled-rpcs] pairs=0
[32m  [Passed][0m
[33m  [Run]: [0mSetSyscall override runs as a scheduler invocation [coverage:missing-functions] targets=0
[coverage:unknown-syscalls] ids=0
[coverage:unhandled-rpcs] pairs=0
[32m  [Passed][0m
[33m  [Run]: [0mSetSyscall publishes markers the scanner cross-checks (K1) [coverage:missing-functions] targets=0
[coverage:unknown-syscalls] ids=0
[coverage:unhandled-rpcs] pairs=0
[32m  [Passed][0m
[33m  [Run]: [0mSetupThread exposes stable main stack metadata through ReferThreadStatus [coverage:missing-functions] targets=0
[coverage:unknown-syscalls] ids=0
[coverage:unhandled-rpcs] pairs=0
[32m  [Passed][0m
[33m  [Run]: [0mVBlank hash follows guest writes and queued callback and IRQ; cap stops output [coverage:missing-functions] targets=0
[coverage:unknown-syscalls] ids=0
[coverage:unhandled-rpcs] pairs=0
[32m  [Passed][0m
[33m  [Run]: [0mXXH64 seed-zero vectors and streaming are stable [32m  [Passed][0m
[33m  [Run]: [0ma syscall invocation can block and resume without losing its base context [coverage:missing-functions] targets=0
[coverage:unknown-syscalls] ids=0
[coverage:unhandled-rpcs] pairs=0
[32m  [Passed][0m
[33m  [Run]: [0mallocator compatibility stubs use the runtime guest heap [coverage:missing-functions] targets=0
[coverage:unknown-syscalls] ids=0
[coverage:unhandled-rpcs] pairs=0
[32m  [Passed][0m
[33m  [Run]: [0man override that branches to an invalid PC completes without builtin fallback [drop] sched/invocation-dispatch no-table-entry pc=0x12345678 tid=1 depth=1
[coverage:missing-functions] targets=0
[coverage:unknown-syscalls] ids=0
[coverage:unhandled-rpcs] pairs=0
[32m  [Passed][0m
[33m  [Run]: [0mcycle-only due batches ignore reversed host deadlines [coverage:missing-functions] targets=0
[coverage:unknown-syscalls] ids=0
[coverage:unhandled-rpcs] pairs=0
[coverage:missing-functions] targets=0
[coverage:unknown-syscalls] ids=0
[coverage:unhandled-rpcs] pairs=0
[32m  [Passed][0m
[33m  [Run]: [0mcycle-only scheduler parses the exact flag once per instance [coverage:missing-functions] targets=0
[coverage:unknown-syscalls] ids=0
[coverage:unhandled-rpcs] pairs=0
[coverage:missing-functions] targets=0
[coverage:unknown-syscalls] ids=0
[coverage:unhandled-rpcs] pairs=0
[coverage:missing-functions] targets=0
[coverage:unknown-syscalls] ids=0
[coverage:unhandled-rpcs] pairs=0
[coverage:missing-functions] targets=0
[coverage:unknown-syscalls] ids=0
[coverage:unhandled-rpcs] pairs=0
[coverage:missing-functions] targets=0
[coverage:unknown-syscalls] ids=0
[coverage:unhandled-rpcs] pairs=0
[32m  [Passed][0m
[33m  [Run]: [0mevent waiters are FIFO and clear modes apply before testing the next waiter [coverage:missing-functions] targets=0
[coverage:unknown-syscalls] ids=0
[coverage:unhandled-rpcs] pairs=0
[32m  [Passed][0m
[33m  [Run]: [0mexit handlers run as ordered invocation frames before the thread becomes dormant [coverage:missing-functions] targets=0
[coverage:unknown-syscalls] ids=0
[coverage:unhandled-rpcs] pairs=0
[32m  [Passed][0m
[33m  [Run]: [0mguest kernel syscall overrides and mirrors are isolated per runtime [coverage:missing-functions] targets=0
[coverage:unknown-syscalls] ids=0
[coverage:unhandled-rpcs] pairs=0
[coverage:missing-functions] targets=0
[coverage:unknown-syscalls] ids=0
[coverage:unhandled-rpcs] pairs=0
[32m  [Passed][0m
[33m  [Run]: [0mhash interval parser accepts only exact decimal uint64 [coverage:missing-functions] targets=0
[coverage:unknown-syscalls] ids=0
[coverage:unhandled-rpcs] pairs=0
[coverage:missing-functions] targets=0
[coverage:unknown-syscalls] ids=0
[coverage:unhandled-rpcs] pairs=0
[coverage:missing-functions] targets=0
[coverage:unknown-syscalls] ids=0
[coverage:unhandled-rpcs] pairs=0
[coverage:missing-functions] targets=0
[coverage:unknown-syscalls] ids=0
[coverage:unhandled-rpcs] pairs=0
[coverage:missing-functions] targets=0
[coverage:unknown-syscalls] ids=0
[coverage:unhandled-rpcs] pairs=0
[det-hash] invalid PS2X_DET_HASH_EVERY; disabled
[coverage:missing-functions] targets=0
[coverage:unknown-syscalls] ids=0
[coverage:unhandled-rpcs] pairs=0
[det-hash] invalid PS2X_DET_HASH_EVERY; disabled
[coverage:missing-functions] targets=0
[coverage:unknown-syscalls] ids=0
[coverage:unhandled-rpcs] pairs=0
[det-hash] invalid PS2X_DET_HASH_EVERY; disabled
[coverage:missing-functions] targets=0
[coverage:unknown-syscalls] ids=0
[coverage:unhandled-rpcs] pairs=0
[det-hash] invalid PS2X_DET_HASH_EVERY; disabled
[coverage:missing-functions] targets=0
[coverage:unknown-syscalls] ids=0
[coverage:unhandled-rpcs] pairs=0
[det-hash] invalid PS2X_DET_HASH_EVERY; disabled
[coverage:missing-functions] targets=0
[coverage:unknown-syscalls] ids=0
[coverage:unhandled-rpcs] pairs=0
[det-hash] invalid PS2X_DET_HASH_EVERY; disabled
[coverage:missing-functions] targets=0
[coverage:unknown-syscalls] ids=0
[coverage:unhandled-rpcs] pairs=0
[32m  [Passed][0m
[33m  [Run]: [0mhash stream distinguishes all four regions, ordering and little-endian count [coverage:missing-functions] targets=0
[coverage:unknown-syscalls] ids=0
[coverage:unhandled-rpcs] pairs=0
[32m  [Passed][0m
[33m  [Run]: [0midle scheduler picks timer by cycle and preserves event equality [coverage:missing-functions] targets=0
[coverage:unknown-syscalls] ids=0
[coverage:unhandled-rpcs] pairs=0
[coverage:missing-functions] targets=0
[coverage:unknown-syscalls] ids=0
[coverage:unhandled-rpcs] pairs=0
[coverage:missing-functions] targets=0
[coverage:unknown-syscalls] ids=0
[coverage:unhandled-rpcs] pairs=0
[32m  [Passed][0m
[33m  [Run]: [0mlibc helper stubs cover memclr and libgcc div [coverage:missing-functions] targets=0
[coverage:unknown-syscalls] ids=0
[coverage:unhandled-rpcs] pairs=0
[32m  [Passed][0m
[33m  [Run]: [0mmemalign stubs allocate aligned guest memory [coverage:missing-functions] targets=0
[coverage:unknown-syscalls] ids=0
[coverage:unhandled-rpcs] pairs=0
[32m  [Passed][0m
[33m  [Run]: [0mnumeric syscall 0x83 finds matching table entry [coverage:missing-functions] targets=0
[coverage:unknown-syscalls] ids=0
[coverage:unhandled-rpcs] pairs=0
[32m  [Passed][0m
[33m  [Run]: [0mnumeric syscall 0x83 returns 0 when entry is absent [coverage:missing-functions] targets=0
[coverage:unknown-syscalls] ids=0
[coverage:unhandled-rpcs] pairs=0
[32m  [Passed][0m
[33m  [Run]: [0mnumeric syscall 0x83 supports KSEG aliases [coverage:missing-functions] targets=0
[coverage:unknown-syscalls] ids=0
[coverage:unhandled-rpcs] pairs=0
[32m  [Passed][0m
[33m  [Run]: [0mreentrant override invokes the underlying builtin inside its invocation frame [coverage:missing-functions] targets=0
[coverage:unknown-syscalls] ids=0
[coverage:unhandled-rpcs] pairs=0
[32m  [Passed][0m
[33m  [Run]: [0msceCdReadClock fixed UTC and host-local passthrough [coverage:missing-functions] targets=0
[coverage:unknown-syscalls] ids=0
[coverage:unhandled-rpcs] pairs=0
[32m  [Passed][0m
[33m  [Run]: [0msemaphore signal, delete, and release complete blocked contexts with exact results [coverage:missing-functions] targets=0
[coverage:unknown-syscalls] ids=0
[coverage:unhandled-rpcs] pairs=0
[coverage:missing-functions] targets=0
[coverage:unknown-syscalls] ids=0
[coverage:unhandled-rpcs] pairs=0
[coverage:missing-functions] targets=0
[coverage:unknown-syscalls] ids=0
[coverage:unhandled-rpcs] pairs=0
[32m  [Passed][0m
[33m  [Run]: [0msemaphore waiters are FIFO and signal transfers one token directly [coverage:missing-functions] targets=0
[coverage:unknown-syscalls] ids=0
[coverage:unhandled-rpcs] pairs=0
[32m  [Passed][0m
[33m  [Run]: [0msetup heap and allocator primitives track end-of-heap [coverage:missing-functions] targets=0
[coverage:unknown-syscalls] ids=0
[coverage:unhandled-rpcs] pairs=0
[32m  [Passed][0m
[33m  [Run]: [0msetup heap and thread invalid ids use documented kernel errors [drop] syscall/CreateThread KE_ERROR -
[drop] sched/deleteThread KE_ILLEGAL_THID -
[drop] syscall/StartThread KE_UNKNOWN_THID -
[drop] sched/wakeupThread KE_UNKNOWN_THID -
[drop] sched/pollSemaphore KE_UNKNOWN_SEMID id=32767
[coverage:missing-functions] targets=0
[coverage:unknown-syscalls] ids=0
[coverage:unhandled-rpcs] pairs=0
[32m  [Passed][0m
[33m  [Run]: [0mstarting a strictly higher-priority thread preempts immediately [coverage:missing-functions] targets=0
[coverage:unknown-syscalls] ids=0
[coverage:unhandled-rpcs] pairs=0
[32m  [Passed][0m
[33m  [Run]: [0mthread lifecycle, nested suspend, WAIT-SUSPEND, and wakeup count are centralized [coverage:missing-functions] targets=0
[coverage:unknown-syscalls] ids=0
[coverage:unhandled-rpcs] pairs=0
[32m  [Passed][0m
[33m  [Run]: [0munknown semaphore ids return KE_ERROR like the kernel on every sema path (P12) [drop] sched/deleteSemaphore KE_UNKNOWN_SEMID id=9999
[drop] sched/signalSemaphore KE_UNKNOWN_SEMID id=9999
[drop] sched/pollSemaphore KE_UNKNOWN_SEMID id=9999
[drop] syscall/ReferSemaStatus KE_UNKNOWN_SEMID -
[drop] sched/signalSemaphore KE_UNKNOWN_SEMID id=1
[drop] sched/pollSemaphore KE_UNKNOWN_SEMID id=1
[coverage:missing-functions] targets=0
[coverage:unknown-syscalls] ids=0
[coverage:unhandled-rpcs] pairs=0
[32m  [Passed][0m

[Suite]: PS2SifDma
[33m  [Run]: [0mIOP heap DMA uses private backing instead of aliasing EE RDRAM [coverage:missing-functions] targets=0
[coverage:unknown-syscalls] ids=0
[coverage:unhandled-rpcs] pairs=0
[32m  [Passed][0m
[33m  [Run]: [0misceSifSetDma and isceSifSetDChain alias the SIF DMA helpers [coverage:missing-functions] targets=0
[coverage:unknown-syscalls] ids=0
[coverage:unhandled-rpcs] pairs=0
[32m  [Passed][0m
[33m  [Run]: [0mresetSifState seeds boot-ready SIF registers [coverage:missing-functions] targets=0
[coverage:unknown-syscalls] ids=0
[coverage:unhandled-rpcs] pairs=0
[32m  [Passed][0m
[33m  [Run]: [0msceSifExitCmd restores default boot-ready SIF registers [coverage:missing-functions] targets=0
[coverage:unknown-syscalls] ids=0
[coverage:unhandled-rpcs] pairs=0
[32m  [Passed][0m
[33m  [Run]: [0msceSifGetOtherData backfills zero sound-status sums for later banks [coverage:missing-functions] targets=0
[coverage:unknown-syscalls] ids=0
[coverage:unhandled-rpcs] pairs=0
[32m  [Passed][0m
[33m  [Run]: [0msceSifGetOtherData copies payload and writes receive metadata [coverage:missing-functions] targets=0
[coverage:unknown-syscalls] ids=0
[coverage:unhandled-rpcs] pairs=0
[32m  [Passed][0m
[33m  [Run]: [0msceSifGetOtherData preserves live sound-status sums when compat backfill is enabled [coverage:missing-functions] targets=0
[coverage:unknown-syscalls] ids=0
[coverage:unhandled-rpcs] pairs=0
[32m  [Passed][0m
[33m  [Run]: [0msceSifGetOtherData rejects unsupported guest segments [drop] stub/sceSifGetOtherData error -
[coverage:missing-functions] targets=0
[coverage:unknown-syscalls] ids=0
[coverage:unhandled-rpcs] pairs=0
[32m  [Passed][0m
[33m  [Run]: [0msceSifSetDma acknowledges DTX work-buffer transfers by advancing the EE footer ticket [coverage:missing-functions] targets=0
[coverage:unknown-syscalls] ids=0
[coverage:unhandled-rpcs] pairs=0
[32m  [Passed][0m
[33m  [Run]: [0msceSifSetDma applies SJX DTX payloads into the emulated SJRMT data ring [coverage:missing-functions] targets=0
[coverage:unknown-syscalls] ids=0
[coverage:unhandled-rpcs] pairs=0
[32m  [Passed][0m
[33m  [Run]: [0msceSifSetDma copies payload and sceSifDmaStat reports complete [drop] stub/sceSifDmaStat error -
[coverage:missing-functions] targets=0
[coverage:unknown-syscalls] ids=0
[coverage:unhandled-rpcs] pairs=0
[32m  [Passed][0m
[33m  [Run]: [0msceSifSetDma dispatches enabled DMAC handlers for cause 5 [coverage:missing-functions] targets=0
[coverage:unknown-syscalls] ids=0
[coverage:unhandled-rpcs] pairs=0
[32m  [Passed][0m
[33m  [Run]: [0msceSifSetDma enforces descriptor count limit [coverage:missing-functions] targets=0
[coverage:unknown-syscalls] ids=0
[coverage:unhandled-rpcs] pairs=0
[32m  [Passed][0m
[33m  [Run]: [0msceSifSetDma lets active PS2RNA playback drain emulated SJRMT data [coverage:missing-functions] targets=0
[coverage:unknown-syscalls] ids=0
[coverage:unhandled-rpcs] pairs=0
[32m  [Passed][0m
[33m  [Run]: [0msceSifSetDma recognizes SJX DTX payloads from rotated EE work buffers [coverage:missing-functions] targets=0
[coverage:unknown-syscalls] ids=0
[coverage:unhandled-rpcs] pairs=0
[32m  [Passed][0m
[33m  [Run]: [0msceSifSetDma rejects invalid descriptors without partial writes [coverage:missing-functions] targets=0
[coverage:unknown-syscalls] ids=0
[coverage:unhandled-rpcs] pairs=0
[32m  [Passed][0m

[Suite]: PS2SifRpc
[33m  [Run]: [0mDBCMAN version RPC returns the 3.20 compatibility response [coverage:missing-functions] targets=0
[coverage:unknown-syscalls] ids=0
[coverage:unhandled-rpcs] pairs=0
[32m  [Passed][0m
[33m  [Run]: [0mDTX URPC uses the guest dispatcher only when its function-table slot is registered [coverage:missing-functions] targets=0
[coverage:unknown-syscalls] ids=0
[coverage:unhandled-rpcs] pairs=0
[32m  [Passed][0m
[33m  [Run]: [0mFatal Frame SDRDRV RPC initializes header and loads body archives [coverage:missing-functions] targets=0
[coverage:unknown-syscalls] ids=0
[coverage:unhandled-rpcs] pairs=0
[32m  [Passed][0m
[33m  [Run]: [0mLIBSD RPC routes through the IOP audio service [coverage:missing-functions] targets=0
[coverage:unknown-syscalls] ids=0
[coverage:unhandled-rpcs] pairs=0
[32m  [Passed][0m
[33m  [Run]: [0mLotR ClFile RPC opens reads and reports EOF [coverage:missing-functions] targets=0
[coverage:unknown-syscalls] ids=0
[coverage:unhandled-rpcs] pairs=0
[32m  [Passed][0m
[33m  [Run]: [0mLotR sound RPC invokes guest callback to consume HLE response [coverage:missing-functions] targets=0
[coverage:unknown-syscalls] ids=0
[coverage:unhandled-rpcs] pairs=0
[32m  [Passed][0m
[33m  [Run]: [0mMCSERV RPC init and get info report a formatted PS2 card [coverage:missing-functions] targets=0
[coverage:unknown-syscalls] ids=0
[coverage:unhandled-rpcs] pairs=0
[32m  [Passed][0m
[33m  [Run]: [0mRECVX sound callbacks complete in HLE and only clear busy on designated callbacks [coverage:missing-functions] targets=0
[coverage:unknown-syscalls] ids=0
[coverage:unhandled-rpcs] pairs=0
[32m  [Passed][0m
[33m  [Run]: [0mSifCallRpc falls back to stack ABI when register pack is implausible [IOP/RPC trace:unhandled] sid=0x20000133 rpc=0x99 pc=0x0 ra=0x0 send=0x2a400/12 recv=0x2a500/12 sendBytes=[A0 A1 A2 A3 A4 A5 A6 A7 A8 A9 AA AB] loadedModules=[]
[coverage:missing-functions] targets=0
[coverage:unknown-syscalls] ids=0
[coverage:unhandled-rpcs] pairs=1
[coverage:unhandled-rpc] sid=0x20000133 function=0x99 hits=1
[32m  [Passed][0m
[33m  [Run]: [0mSifCallRpc prefers stack ABI for DTX URPC when both packs look plausible [coverage:missing-functions] targets=0
[coverage:unknown-syscalls] ids=0
[coverage:unhandled-rpcs] pairs=0
[32m  [Passed][0m
[33m  [Run]: [0mSifSetRpcQueue remove roundtrip is stable [coverage:missing-functions] targets=0
[coverage:unknown-syscalls] ids=0
[coverage:unhandled-rpcs] pairs=0
[32m  [Passed][0m
[33m  [Run]: [0mbind before register creates placeholder then remaps [coverage:missing-functions] targets=0
[coverage:unknown-syscalls] ids=0
[coverage:unhandled-rpcs] pairs=0
[32m  [Passed][0m
[33m  [Run]: [0mregister bind call updates descriptors and payload [IOP/RPC trace:unhandled] sid=0x20000111 rpc=0x55 pc=0x0 ra=0x0 send=0x22500/16 recv=0x22600/16 sendBytes=[50 51 52 53 54 55 56 57 58 59 5A 5B 5C 5D 5E 5F] loadedModules=[]
[coverage:missing-functions] targets=0
[coverage:unknown-syscalls] ids=0
[coverage:unhandled-rpcs] pairs=1
[coverage:unhandled-rpc] sid=0x20000111 function=0x55 hits=1
[32m  [Passed][0m
[33m  [Run]: [0msnddrv state RPC returns low guest sound-driver addresses [coverage:missing-functions] targets=0
[coverage:unknown-syscalls] ids=0
[coverage:unhandled-rpcs] pairs=0
[32m  [Passed][0m
[33m  [Run]: [0msnddrv state RPC returns stable buffers and signals sema [coverage:missing-functions] targets=0
[coverage:unknown-syscalls] ids=0
[coverage:unhandled-rpcs] pairs=0
[32m  [Passed][0m

[Suite]: PS2VU0Math
[33m  [Run]: [0mCameraMatrix_nonorigin_eye_maps_to_origin [coverage:missing-functions] targets=0
[coverage:unknown-syscalls] ids=0
[coverage:unhandled-rpcs] pairs=0
[32m  [Passed][0m
[33m  [Run]: [0mCameraMatrix_orthonormal_basis [coverage:missing-functions] targets=0
[coverage:unknown-syscalls] ids=0
[coverage:unhandled-rpcs] pairs=0
[32m  [Passed][0m
[33m  [Run]: [0mClampVector_high [coverage:missing-functions] targets=0
[coverage:unknown-syscalls] ids=0
[coverage:unhandled-rpcs] pairs=0
[32m  [Passed][0m
[33m  [Run]: [0mClampVector_low [coverage:missing-functions] targets=0
[coverage:unknown-syscalls] ids=0
[coverage:unhandled-rpcs] pairs=0
[32m  [Passed][0m
[33m  [Run]: [0mClipAll_all_out_returns_1 [coverage:missing-functions] targets=0
[coverage:unknown-syscalls] ids=0
[coverage:unhandled-rpcs] pairs=0
[32m  [Passed][0m
[33m  [Run]: [0mClipAll_one_in_returns_0 [coverage:missing-functions] targets=0
[coverage:unknown-syscalls] ids=0
[coverage:unhandled-rpcs] pairs=0
[32m  [Passed][0m
[33m  [Run]: [0mClipAll_w_scaling_homogeneous [coverage:missing-functions] targets=0
[coverage:unknown-syscalls] ids=0
[coverage:unhandled-rpcs] pairs=0
[32m  [Passed][0m
[33m  [Run]: [0mClipScreen3_ors_three [coverage:missing-functions] targets=0
[coverage:unknown-syscalls] ids=0
[coverage:unhandled-rpcs] pairs=0
[32m  [Passed][0m
[33m  [Run]: [0mClipScreen_inside_zero [coverage:missing-functions] targets=0
[coverage:unknown-syscalls] ids=0
[coverage:unhandled-rpcs] pairs=0
[32m  [Passed][0m
[33m  [Run]: [0mClipScreen_negx_nonzero [coverage:missing-functions] targets=0
[coverage:unknown-syscalls] ids=0
[coverage:unhandled-rpcs] pairs=0
[32m  [Passed][0m
[33m  [Run]: [0mClipScreen_offscreen_nonzero [coverage:missing-functions] targets=0
[coverage:unknown-syscalls] ids=0
[coverage:unhandled-rpcs] pairs=0
[32m  [Passed][0m
[33m  [Run]: [0mDivVectorXYZ_w_passthrough [coverage:missing-functions] targets=0
[coverage:unknown-syscalls] ids=0
[coverage:unhandled-rpcs] pairs=0
[32m  [Passed][0m
[33m  [Run]: [0mDivVector_divzero_zero [coverage:missing-functions] targets=0
[coverage:unknown-syscalls] ids=0
[coverage:unhandled-rpcs] pairs=0
[32m  [Passed][0m
[33m  [Run]: [0mDivVector_reciprocal [coverage:missing-functions] targets=0
[coverage:unknown-syscalls] ids=0
[coverage:unhandled-rpcs] pairs=0
[32m  [Passed][0m
[33m  [Run]: [0mDropShadow_directional_mode [coverage:missing-functions] targets=0
[coverage:unknown-syscalls] ids=0
[coverage:unhandled-rpcs] pairs=0
[32m  [Passed][0m
[33m  [Run]: [0mDropShadow_point_mode [coverage:missing-functions] targets=0
[coverage:unknown-syscalls] ids=0
[coverage:unhandled-rpcs] pairs=0
[32m  [Passed][0m
[33m  [Run]: [0mInterVectorXYZ_w_from_a [coverage:missing-functions] targets=0
[coverage:unknown-syscalls] ids=0
[coverage:unhandled-rpcs] pairs=0
[32m  [Passed][0m
[33m  [Run]: [0mInterVector_lerp [coverage:missing-functions] targets=0
[coverage:unknown-syscalls] ids=0
[coverage:unhandled-rpcs] pairs=0
[32m  [Passed][0m
[33m  [Run]: [0mInversMatrix_negRt_translation [coverage:missing-functions] targets=0
[coverage:unknown-syscalls] ids=0
[coverage:unhandled-rpcs] pairs=0
[32m  [Passed][0m
[33m  [Run]: [0mInversMatrix_roundtrip_identity [coverage:missing-functions] targets=0
[coverage:unknown-syscalls] ids=0
[coverage:unhandled-rpcs] pairs=0
[32m  [Passed][0m
[33m  [Run]: [0mInversMatrix_roundtrip_rigid [coverage:missing-functions] targets=0
[coverage:unknown-syscalls] ids=0
[coverage:unhandled-rpcs] pairs=0
[32m  [Passed][0m
[33m  [Run]: [0mInversMatrix_transposes_rotation [coverage:missing-functions] targets=0
[coverage:unknown-syscalls] ids=0
[coverage:unhandled-rpcs] pairs=0
[32m  [Passed][0m
[33m  [Run]: [0mLightColorMatrix_verbatim_rows [coverage:missing-functions] targets=0
[coverage:unknown-syscalls] ids=0
[coverage:unhandled-rpcs] pairs=0
[32m  [Passed][0m
[33m  [Run]: [0mMulMatrix_equals_arg1_times_arg2 [coverage:missing-functions] targets=0
[coverage:unknown-syscalls] ids=0
[coverage:unhandled-rpcs] pairs=0
[32m  [Passed][0m
[33m  [Run]: [0mMulMatrix_identity_left [coverage:missing-functions] targets=0
[coverage:unknown-syscalls] ids=0
[coverage:unhandled-rpcs] pairs=0
[32m  [Passed][0m
[33m  [Run]: [0mMulVector_componentwise [coverage:missing-functions] targets=0
[coverage:unknown-syscalls] ids=0
[coverage:unhandled-rpcs] pairs=0
[32m  [Passed][0m
[33m  [Run]: [0mNormalLightMatrix_neg_normalized [coverage:missing-functions] targets=0
[coverage:unknown-syscalls] ids=0
[coverage:unhandled-rpcs] pairs=0
[32m  [Passed][0m
[33m  [Run]: [0mNormalLightMatrix_transposed [coverage:missing-functions] targets=0
[coverage:unknown-syscalls] ids=0
[coverage:unhandled-rpcs] pairs=0
[32m  [Passed][0m
[33m  [Run]: [0mRotMatrix_X_matches_RotMatrixX [coverage:missing-functions] targets=0
[coverage:unknown-syscalls] ids=0
[coverage:unhandled-rpcs] pairs=0
[coverage:missing-functions] targets=0
[coverage:unknown-syscalls] ids=0
[coverage:unhandled-rpcs] pairs=0
[32m  [Passed][0m
[33m  [Run]: [0mRotMatrix_Y_matches_RotMatrixY [coverage:missing-functions] targets=0
[coverage:unknown-syscalls] ids=0
[coverage:unhandled-rpcs] pairs=0
[coverage:missing-functions] targets=0
[coverage:unknown-syscalls] ids=0
[coverage:unhandled-rpcs] pairs=0
[32m  [Passed][0m
[33m  [Run]: [0mRotMatrix_Z_matches_RotMatrixZ [coverage:missing-functions] targets=0
[coverage:unknown-syscalls] ids=0
[coverage:unhandled-rpcs] pairs=0
[coverage:missing-functions] targets=0
[coverage:unknown-syscalls] ids=0
[coverage:unhandled-rpcs] pairs=0
[32m  [Passed][0m
[33m  [Run]: [0mRotMatrix_multi_axis_order [coverage:missing-functions] targets=0
[coverage:unknown-syscalls] ids=0
[coverage:unhandled-rpcs] pairs=0
[coverage:missing-functions] targets=0
[coverage:unknown-syscalls] ids=0
[coverage:unhandled-rpcs] pairs=0
[32m  [Passed][0m
[33m  [Run]: [0mRotTransPersN_iterates [coverage:missing-functions] targets=0
[coverage:unknown-syscalls] ids=0
[coverage:unhandled-rpcs] pairs=0
[32m  [Passed][0m
[33m  [Run]: [0mRotTransPers_apply_persp_ftoi4 [coverage:missing-functions] targets=0
[coverage:unknown-syscalls] ids=0
[coverage:unhandled-rpcs] pairs=0
[32m  [Passed][0m
[33m  [Run]: [0mRotTransPers_ftoi0_z_when_flag0 [coverage:missing-functions] targets=0
[coverage:unknown-syscalls] ids=0
[coverage:unhandled-rpcs] pairs=0
[32m  [Passed][0m
[33m  [Run]: [0mRotTransPers_nonidentity_matrix_apply [coverage:missing-functions] targets=0
[coverage:unknown-syscalls] ids=0
[coverage:unhandled-rpcs] pairs=0
[32m  [Passed][0m
[33m  [Run]: [0mRotTransPers_persp_wzero_zero [coverage:missing-functions] targets=0
[coverage:unknown-syscalls] ids=0
[coverage:unhandled-rpcs] pairs=0
[32m  [Passed][0m
[33m  [Run]: [0mScaleVectorXYZ_scales_xyz [coverage:missing-functions] targets=0
[coverage:unknown-syscalls] ids=0
[coverage:unhandled-rpcs] pairs=0
[32m  [Passed][0m
[33m  [Run]: [0mScaleVectorXYZ_w_passthrough [coverage:missing-functions] targets=0
[coverage:unknown-syscalls] ids=0
[coverage:unhandled-rpcs] pairs=0
[32m  [Passed][0m
[33m  [Run]: [0mTransMatrix_adds_translation [coverage:missing-functions] targets=0
[coverage:unknown-syscalls] ids=0
[coverage:unhandled-rpcs] pairs=0
[32m  [Passed][0m
[33m  [Run]: [0mTransMatrix_rows_unchanged [coverage:missing-functions] targets=0
[coverage:unknown-syscalls] ids=0
[coverage:unhandled-rpcs] pairs=0
[32m  [Passed][0m
[33m  [Run]: [0mViewScreenMatrix_denom_zero [coverage:missing-functions] targets=0
[coverage:unknown-syscalls] ids=0
[coverage:unhandled-rpcs] pairs=0
[32m  [Passed][0m
[33m  [Run]: [0mViewScreenMatrix_zscale [coverage:missing-functions] targets=0
[coverage:unknown-syscalls] ids=0
[coverage:unhandled-rpcs] pairs=0
[32m  [Passed][0m
[33m  [Run]: [0mecossin_cos_sin [coverage:missing-functions] targets=0
[coverage:unknown-syscalls] ids=0
[coverage:unhandled-rpcs] pairs=0
[32m  [Passed][0m

[Suite]: PS2VU1
[33m  [Run]: [0mACC forwarding feeds the next upper instruction without a dependency stall [32m  [Passed][0m
[33m  [Run]: [0mDIV and SQRT update the Q register from selected vector components [32m  [Passed][0m
[33m  [Run]: [0mE and enabled D/T stop with their architectural delay rules [32m  [Passed][0m
[33m  [Run]: [0mEFU WAITP and RNG execute with architectural latency and state [32m  [Passed][0m
[33m  [Run]: [0mEFU decode follows PCSX2 LowerOP_T3: 0x8000afbd is ERSQRT (E53) [32m  [Passed][0m
[33m  [Run]: [0mEFU resource observes throughput separately from P visibility [32m  [Passed][0m
[33m  [Run]: [0mFDIV commits current and sticky divide-invalid status [32m  [Passed][0m
[33m  [Run]: [0mFDIV resource serializes back-to-back scalar operations [32m  [Passed][0m
[33m  [Run]: [0mFMAC dependency stalls only the lanes that are read [32m  [Passed][0m
[33m  [Run]: [0mFMAC product contributes Z/S/U/O sticky flags [32m  [Passed][0m
[33m  [Run]: [0mILW result becomes visible after four cycles before IALU consumes it [32m  [Passed][0m
[33m  [Run]: [0mITOF converts the raw signed integer bits without float normalization [32m  [Passed][0m
[33m  [Run]: [0mJR shares the one-instruction VI branch visibility rule [32m  [Passed][0m
[33m  [Run]: [0mLOI commits the lower immediate after the upper instruction [32m  [Passed][0m
[33m  [Run]: [0mLQ and SQ use VI qword addressing and destination masks [32m  [Passed][0m
[33m  [Run]: [0mMPG upload invalidates cached VU1 decode before MSCAL [32m  [Passed][0m
[33m  [Run]: [0mMSCAL can start a VU1 XGKICK program and update GS VRAM [32m  [Passed][0m
[33m  [Run]: [0mMTIR decodes fsf as a component selector [32m  [Passed][0m
[33m  [Run]: [0mVU1 CLIP and FCGET share the four-cycle flag timeline [32m  [Passed][0m
[33m  [Run]: [0mVU1 FMAC flags respect destination lanes and become visible after four cycles [32m  [Passed][0m
[33m  [Run]: [0mVU1 FMAC normalizes overflow and underflow before writing results [32m  [Passed][0m
[33m  [Run]: [0mVU1 FSSET enters the four-cycle flag pipeline [32m  [Passed][0m
[33m  [Run]: [0mVU1 has one flag pipeline and FSSET wins a same-pair conflict [32m  [Passed][0m
[33m  [Run]: [0mVU1 status-immediate ops decode IMM12 and their target VI [32m  [Passed][0m
[33m  [Run]: [0mXGKICK observes stores committed before a future PATH1 qword [32m  [Passed][0m
[33m  [Run]: [0mXGKICK sends a VU memory GIF packet through PATH1 [32m  [Passed][0m
[33m  [Run]: [0mXTOP and XITOP expose VIF TOP values to VI registers [32m  [Passed][0m
[33m  [Run]: [0ma second XGKICK stalls until the active PATH1 transfer completes [32m  [Passed][0m
[33m  [Run]: [0mall EFU opcodes produce P at their architectural latency [32m  [Passed][0m
[33m  [Run]: [0mconditional branch sees the previous VI value for one instruction [32m  [Passed][0m
[33m  [Run]: [0mdeterministic count includes VU1 starts, excludes resume and VU0, resets with instance [32m  [Passed][0m
[33m  [Run]: [0mdirect VU1 code writes invalidate cached decode [32m  [Passed][0m
[33m  [Run]: [0mflag checks are visible to an immediately following branch [32m  [Passed][0m
[33m  [Run]: [0minteger lower ops keep VI0 hardwired to zero [32m  [Passed][0m
[33m  [Run]: [0mlower branch commits after one delay-slot instruction [32m  [Passed][0m
[33m  [Run]: [0mlower side sees old VF value when upper writes the same register [32m  [Passed][0m
[33m  [Run]: [0mreserved opcodes stop before executing or corrupting state [VU1 reserved upper] cycle=0 pc=0x0 instruction=0x30
[32m  [Passed][0m
[33m  [Run]: [0mstandalone VU1 code honors the nullable PS2Memory API [32m  [Passed][0m
[33m  [Run]: [0msynthetic Code Veronica text packet preserves black-frame PATH1 data [32m  [Passed][0m
[33m  [Run]: [0mupper ADD applies the destination mask [32m  [Passed][0m
[33m  [Run]: [0mupper and lower both read the pre-pair VF state [32m  [Passed][0m
[33m  [Run]: [0mupper suppresses only the colliding lower VF write [32m  [Passed][0m

[Suite]: PadInput
[33m  [Run]: [0mbasic pad init/port/state functions return expected values [32m  [Passed][0m
[33m  [Run]: [0mpad command state reports EXECCMD once before returning STABLE [32m  [Passed][0m
[33m  [Run]: [0mpad info and mode helpers return consistent values [32m  [Passed][0m
[33m  [Run]: [0mpad script is off by default [32m  [Passed][0m
[33m  [Run]: [0mpad script parser accepts buttons, combos and analog [32m  [Passed][0m
[padscript] armed n=2 source=test clock=wall
[padscript] press i=0 now=1000ms at=1000ms hold=500ms buttons=0x4008
[padscript] press i=1 now=1300ms at=1200ms hold=800ms buttons=0x0000
[padscript] release i=0 now=1500ms
[padscript] release i=1 now=2000ms
[33m  [Run]: [0mpad script presses and releases on schedule [32m  [Passed][0m
[padscript] armed n=1 source=test clock=wall
[padscript] press i=0 now=183ms at=167ms hold=17ms buttons=0x0008
[padscript] release i=0 now=200ms
[33m  [Run]: [0mpad script vsync clock counts guest vsyncs not wall ms [32m  [Passed][0m
[33m  [Run]: [0mpad setters return success [32m  [Passed][0m
[33m  [Run]: [0mpad string helpers map state codes [32m  [Passed][0m
[33m  [Run]: [0mpads open in digital mode and switch to analog on scePadSetMainMode [32m  [Passed][0m
[33m  [Run]: [0mscePadGetButtonMask returns all buttons [32m  [Passed][0m
[33m  [Run]: [0mscePadGetFrameCount increments [32m  [Passed][0m
[33m  [Run]: [0mscePadRead button bits are active-low [32m  [Passed][0m
[33m  [Run]: [0mscePadRead fills pressure bytes and honors button info mask [32m  [Passed][0m
[33m  [Run]: [0mscePadRead uses override state [32m  [Passed][0m
[33m  [Run]: [0mscePadStateIntToStr and scePadReqIntToStr write strings [32m  [Passed][0m

[Suite]: Ps2E41Trace
[33m  [Run]: [0mE42 WRITE32 macro probe logs once with host fn [32m  [Passed][0m
[33m  [Run]: [0mE42 dladdr resolves a host symbol [32m  [Passed][0m
[33m  [Run]: [0mE42 macro-path plant line carries ctx [32m  [Passed][0m
[33m  [Run]: [0mE42 plant pre-filter folds mirrors [32m  [Passed][0m
[33m  [Run]: [0mE42 suppress guard silences the fast-write tap [32m  [Passed][0m
[33m  [Run]: [0mcdopen and fioread join on fd [32m  [Passed][0m
[33m  [Run]: [0mcdread line format and seq increments [32m  [Passed][0m
[33m  [Run]: [0mcdsearch line format [32m  [Passed][0m
[33m  [Run]: [0mfast-write tap fires with the vblank mirror vsync [32m  [Passed][0m
[33m  [Run]: [0mnames are sanitized onto one line [32m  [Passed][0m
[33m  [Run]: [0mplant folds uncached mirror onto canonical word [32m  [Passed][0m
[33m  [Run]: [0mtrace is off by default [32m  [Passed][0m
[33m  [Run]: [0mwindow filters lines but seq stays gapless [32m  [Passed][0m

[Suite]: Ps2E43Trace
[33m  [Run]: [0mdrec aggregates per tick and flushes on advance [32m  [Passed][0m
[33m  [Run]: [0mdrec rows separate dispatch sources [32m  [Passed][0m
[33m  [Run]: [0mdrecs keeps the first 8 records per mode [32m  [Passed][0m
[33m  [Run]: [0mfast-path producer store resolves the host fn [32m  [Passed][0m
[33m  [Run]: [0mh394 logs hash, return value and the store flag [32m  [Passed][0m
[33m  [Run]: [0mproducer watch learns pages and attributes macro stores [32m  [Passed][0m
[33m  [Run]: [0mscratchpad records read off the scratchpad backing [32m  [Passed][0m
[33m  [Run]: [0mtrace is off by default [32m  [Passed][0m
[33m  [Run]: [0mwindow filters census lines but keeps counting [32m  [Passed][0m

[Suite]: Ps2E44Trace
[33m  [Run]: [0mUCAB and mirror spellings match extras [32m  [Passed][0m
[33m  [Run]: [0mapc census counts per pc per vsync [32m  [Passed][0m
[33m  [Run]: [0mapp caps at 300 while appsum keeps counting [32m  [Passed][0m
[33m  [Run]: [0mapp line matches T60 grammar exactly [32m  [Passed][0m
[33m  [Run]: [0mappsum aggregates ungated, flushes per vsync [32m  [Passed][0m
[33m  [Run]: [0mappx caps at 300 [32m  [Passed][0m
[33m  [Run]: [0mappx filters by site, floor, count and mode [32m  [Passed][0m
[33m  [Run]: [0meb record follows post-cap writes [32m  [Passed][0m
[33m  [Run]: [0mebwlast flushes one line per changed word per tick [32m  [Passed][0m
[33m  [Run]: [0mextra EE word watch for Boot B [32m  [Passed][0m
[33m  [Run]: [0mfast tap on watched word logs via fast [32m  [Passed][0m
[33m  [Run]: [0mlast-writer survives the spw cap and dma overwrites [32m  [Passed][0m
[33m  [Run]: [0mlast-writer tracks out-of-window, readout gates [32m  [Passed][0m
[33m  [Run]: [0mmem-write suppressed under Store guard only [32m  [Passed][0m
[33m  [Run]: [0mper-word cap holds at 64 [32m  [Passed][0m
[33m  [Run]: [0mrange overlap covers bulk host copies [32m  [Passed][0m
[33m  [Run]: [0mspr-dma reports EE source per word [32m  [Passed][0m
[33m  [Run]: [0mspr-from taps extra EE words only [32m  [Passed][0m
[33m  [Run]: [0msprmod logs mode kicks [32m  [Passed][0m
[33m  [Run]: [0mspwlast caps at 40 [32m  [Passed][0m
[33m  [Run]: [0mstore32 on watched word emits spw with regs [32m  [Passed][0m
[33m  [Run]: [0msub-word store reports containing word [32m  [Passed][0m
[33m  [Run]: [0mtpl line matches T60 grammar, change-only [32m  [Passed][0m
[33m  [Run]: [0mtplm fires on exact mode 6, caps at 200 [32m  [Passed][0m
[33m  [Run]: [0mtplrearm on template move shares tpl budget [32m  [Passed][0m
[33m  [Run]: [0mtrace is off by default [32m  [Passed][0m
[33m  [Run]: [0mtw logs sub-word and multi-word stores, caps at 2000 [32m  [Passed][0m
[33m  [Run]: [0mtw watch arms silent, logs changes, any spelling [32m  [Passed][0m
[33m  [Run]: [0munwatched scratchpad word stays silent [32m  [Passed][0m
[33m  [Run]: [0mv1b0 watches 32-bit lanes, caps at 200 [32m  [Passed][0m
[33m  [Run]: [0mvif0kick aggregates per tick [32m  [Passed][0m
[33m  [Run]: [0mvif0unk caps at 1024 [32m  [Passed][0m
[33m  [Run]: [0mvif0unk formats and gates [32m  [Passed][0m
[33m  [Run]: [0mvu0call formats, gates and caps [32m  [Passed][0m
[33m  [Run]: [0mwindow gates lines [32m  [Passed][0m

[Suite]: Ps2E55D3Probe
[33m  [Run]: [0mdisabled by default: failed stub call writes no file [32m  [Passed][0m
[33m  [Run]: [0mdisabled getdir writes no file [32m  [Passed][0m
[33m  [Run]: [0mgetdirpath early exits carry unknown sentinels [32m  [Passed][0m
[33m  [Run]: [0mgetdirpath escapes special characters [32m  [Passed][0m
[33m  [Run]: [0mgetdirpath normal path records query fields [32m  [Passed][0m
[33m  [Run]: [0mgetdirpath pord orders every GetDir [32m  [Passed][0m
[33m  [Run]: [0mgetdirpath tiny cap yields one cap line and no partial record [32m  [Passed][0m
[33m  [Run]: [0mpad, getdir and mcread share one increasing seq [32m  [Passed][0m
[33m  [Run]: [0mtiny cap yields one cap line and no truncated record [32m  [Passed][0m

[Suite]: Ps2EeCount
[33m  [Run]: [0mCount emitter calls and neighboring COP0 emissions [32m  [Passed][0m
[33m  [Run]: [0mshared cycle clock, write epoch and wrap [coverage:missing-functions] targets=0
[coverage:unknown-syscalls] ids=0
[coverage:unhandled-rpcs] pairs=0
[32m  [Passed][0m

[Suite]: Ps2EnvFile
[33m  [Run]: [0mexpands known ${VAR}, leaves unknown and unterminated as written [32m  [Passed][0m
[33m  [Run]: [0mlater layers override, launcher keys win, empty clears [32m  [Passed][0m
[33m  [Run]: [0mparses KEY=VALUE, comments, CRLF, first '=' split, empty value [32m  [Passed][0m

[Suite]: Ps2FpuSemantics
[33m  [Run]: [0mCVT.W.S truncates toward zero [32m  [Passed][0m
[33m  [Run]: [0mRSQRT.S computes fs / sqrt(ft) [32m  [Passed][0m
[33m  [Run]: [0mSQRT.S reads ft (0x46050044 = sqrt.s $f1, $f5) [32m  [Passed][0m
[33m  [Run]: [0mSQRT.S takes sqrt(|ft|) and keeps signed zero [32m  [Passed][0m
[33m  [Run]: [0mguest sincos 0x31be50 at the SC camera yaw (pi/2) gives cos 0 [32m  [Passed][0m

[Suite]: Ps2GfxStats
[33m  [Run]: [0marbiter listener observes the path before processing [32m  [Passed][0m
[33m  [Run]: [0mfrom/to window filters vsyncs [32m  [Passed][0m
[33m  [Run]: [0mgs draw attributes to the noted gif path [32m  [Passed][0m
[33m  [Run]: [0mper-vsync line carries the full census [32m  [Passed][0m
[33m  [Run]: [0mstats are off by default [32m  [Passed][0m
[33m  [Run]: [0mvif mscal and mscnt are counted [32m  [Passed][0m
[33m  [Run]: [0mvu1 budget exhaustion is counted, e-bit programs are not [32m  [Passed][0m

[Suite]: Ps2GsShadow
[33m  [Run]: [0marbiter shadow tap preserves path and drain order [32m  [Passed][0m
[33m  [Run]: [0marbiter without shadow fn behaves as before [32m  [Passed][0m
[33m  [Run]: [0mdisabled by default: entry points are no-ops [32m  [Passed][0m
[33m  [Run]: [0menv=parallel honors backend presence (two-key design) [shadow] PS2X_GS_SHADOW=parallel requested but this build has no parallel backend
[32m  [Passed][0m
[33m  [Run]: [0mforce-smode1 override is explicit and off by default [32m  [Passed][0m
[33m  [Run]: [0mparseModeParallel matches exactly [32m  [Passed][0m
[33m  [Run]: [0mparseU64 falls back on garbage [32m  [Passed][0m
[33m  [Run]: [0mtickEligible window and cap edges [32m  [Passed][0m

[Suite]: Ps2Lwu
[33m  [Run]: [0mdecoded LBU and LHU remain unsigned [32m  [Passed][0m
[33m  [Run]: [0mdecoded LW still sign extends [32m  [Passed][0m
[33m  [Run]: [0mdecoded LWU to zero register stays zero [32m  [Passed][0m
[33m  [Run]: [0mdecoded LWU zero extends high-bit word and preserves upper half [32m  [Passed][0m

[Suite]: Ps2MmiInterleave
[33m  [Run]: [0mPINTEH aliases both sources and destination [32m  [Passed][0m
[33m  [Run]: [0mPINTEH interleaves even halfwords from Rt and Rs [32m  [Passed][0m
[33m  [Run]: [0mPINTEH with zero Rs [32m  [Passed][0m
[33m  [Run]: [0mPINTH aliases both sources and destination [32m  [Passed][0m
[33m  [Run]: [0mPINTH interleaves low Rt and high Rs halfwords [32m  [Passed][0m
[33m  [Run]: [0mPINTH with zero Rs [32m  [Passed][0m

[Suite]: Ps2MpgSrcTrace
[33m  [Run]: [0mREAD32 macro tap logs with the host function name [32m  [Passed][0m
[33m  [Run]: [0mWRITE32 macro tap logs arena store with host fn [32m  [Passed][0m
[33m  [Run]: [0mWRITE32 macro tap logs st with host fn [32m  [Passed][0m
[33m  [Run]: [0mWRITE32 macro tap logs tagaddrwrite with host fn [32m  [Passed][0m
[33m  [Run]: [0mWRITE32 macro tap reports MADR with host fn [coverage:missing-functions] targets=0
[coverage:unknown-syscalls] ids=0
[coverage:unhandled-rpcs] pairs=0
[32m  [Passed][0m
[33m  [Run]: [0mapplyArenasForTest swaps ranges and restores defaults [32m  [Passed][0m
[33m  [Run]: [0mapplyTagAddrsForTest swaps words and restores defaults [32m  [Passed][0m
[33m  [Run]: [0marena match helpers [32m  [Passed][0m
[33m  [Run]: [0marenastore line format lanes window and cap [32m  [Passed][0m
[33m  [Run]: [0mchain mpgpay attributes dest-0 payload to EE source [32m  [Passed][0m
[33m  [Run]: [0mctag dumps first two in-window kicks [32m  [Passed][0m
[33m  [Run]: [0mdmareg line format window and 256 cap [32m  [Passed][0m
[33m  [Run]: [0mfirst 64 hits per address, windows do not consume [32m  [Passed][0m
[33m  [Run]: [0mfrom/to window filters both line kinds [32m  [Passed][0m
[33m  [Run]: [0mglobal cap covers the wide scene-build window [32m  [Passed][0m
[33m  [Run]: [0mirq line format and window [32m  [Passed][0m
[33m  [Run]: [0misDmareg names the four VIF1 regs [32m  [Passed][0m
[33m  [Run]: [0misUploaderValue matches exact alt and mirrors [32m  [Passed][0m
[33m  [Run]: [0mline cap stops the file at 40000 [32m  [Passed][0m
[33m  [Run]: [0mmpgpay skips nonzero imm and out-of-window vsync [32m  [Passed][0m
[33m  [Run]: [0mmpgsrc line format arms tag word watch [32m  [Passed][0m
[33m  [Run]: [0mnormal-mode mpgpay uses the MADR source [32m  [Passed][0m
[33m  [Run]: [0mparseArenas accepts pairs and rejects garbage [32m  [Passed][0m
[33m  [Run]: [0mparseTagAddrs accepts words and rejects garbage [32m  [Passed][0m
[33m  [Run]: [0mpay map lookup unit [32m  [Passed][0m
[33m  [Run]: [0mread watch is off by default [32m  [Passed][0m
[33m  [Run]: [0msema dispatch filters on watched ids [32m  [Passed][0m
[33m  [Run]: [0mslice mirror drives the st intc flag [32m  [Passed][0m
[33m  [Run]: [0msrcread line carries pc ra fn and s regs [32m  [Passed][0m
[33m  [Run]: [0mst line format range edges window [32m  [Passed][0m
[33m  [Run]: [0mtagaddrwrite format window srcload and per-word cap [32m  [Passed][0m
[33m  [Run]: [0mtagwrite carries pc ra fn and computing regs [32m  [Passed][0m
[33m  [Run]: [0mtrace is off by default [32m  [Passed][0m
[33m  [Run]: [0muploadload logs uploader-valued loads with pc ra fn [32m  [Passed][0m
[33m  [Run]: [0muploadload stops at 64 lines [32m  [Passed][0m
[33m  [Run]: [0mwalker logs in-range REF tag with tte bytes [32m  [Passed][0m
[33m  [Run]: [0mwalker scan path keys on payload MPG [32m  [Passed][0m
[33m  [Run]: [0mwide overlapping store extracts the watched word [32m  [Passed][0m

[Suite]: Ps2PresentFallback
[33m  [Run]: [0mblack by default, magenta only when the dev env is set [32m  [Passed][0m

[Suite]: Ps2PresentGeometry
[33m  [Run]: [0m4:3 by default, native keeps the pixel aspect [32m  [Passed][0m
[33m  [Run]: [0manamorphic mode and explicit aspect overrides [32m  [Passed][0m
[33m  [Run]: [0mbilinear unless both scales are whole; env forces [32m  [Passed][0m

[Suite]: Ps2VifMpgLog
[33m  [Run]: [0mcopied MPG logs words and lands in code [32m  [Passed][0m
[33m  [Run]: [0mfnv helper matches the FNV-1a vectors [32m  [Passed][0m
[33m  [Run]: [0mfrom/to window filters vsyncs [32m  [Passed][0m
[33m  [Run]: [0mlog is off by default [32m  [Passed][0m
[33m  [Run]: [0mout-of-range imm drops and logs would-write words [32m  [Passed][0m
[33m  [Run]: [0moverflowing upload clips and logs clipped [32m  [Passed][0m
[33m  [Run]: [0mslot offset wraps per instruction [32m  [Passed][0m
[33m  [Run]: [0mtruncated payload drops and marks the missing slot short [32m  [Passed][0m

[Suite]: Ps2VirtualPad
[33m  [Run]: [0mD-pad: dead zone, diagonals, multi-touch [32m  [Passed][0m
[33m  [Run]: [0mdev test touches parse and drive the hit test [32m  [Passed][0m
[33m  [Run]: [0menv switch and pad backend union [32m  [Passed][0m
[33m  [Run]: [0mevery button's own centre presses exactly that button [32m  [Passed][0m
[33m  [Run]: [0mno overlap between buttons; all inside the window [32m  [Passed][0m

[Suite]: Ps2Vu1EntryTrace
[33m  [Run]: [0mPCS list parses hex and decimal [32m  [Passed][0m
[33m  [Run]: [0mfirst in-window MSCAL freezes vumem and the packet log [32m  [Passed][0m
[33m  [Run]: [0mpair stream stops after the loop head plus 3 iterations [32m  [Passed][0m
[33m  [Run]: [0mtrace is off by default [32m  [Passed][0m

[Suite]: Ps2Vu1Trace
[33m  [Run]: [0mIBNE loop names operands and end-of-slice VI [32m  [Passed][0m
[33m  [Run]: [0mcensus xgkick counts each program's own kicks [32m  [Passed][0m
[33m  [Run]: [0mdetail blocks stop at 40 distinct startPCs [32m  [Passed][0m
[33m  [Run]: [0mstuck B-loop emits census and a detail block [32m  [Passed][0m
[33m  [Run]: [0mtrace is off by default [32m  [Passed][0m

[Suite]: R5900Decoder
[33m  [Run]: [0mCOP0 ERET is marked as return without delay slot [32m  [Passed][0m
[33m  [Run]: [0mCOP2 VU macro op marks VU flags [32m  [Passed][0m
[33m  [Run]: [0mJ computes target with upper PC bits [32m  [Passed][0m
[33m  [Run]: [0mJALR marks call and writes rd when non-zero [32m  [Passed][0m
[33m  [Run]: [0mJR is marked as return when rs is $ra [32m  [Passed][0m
[33m  [Run]: [0mJR/JALR jump target is zero (dynamic) [32m  [Passed][0m
[33m  [Run]: [0mLL/SC modify control and set load/store flags [32m  [Passed][0m
[33m  [Run]: [0mMMI instruction sets MMI flags [32m  [Passed][0m
[33m  [Run]: [0mR5900 MMI MULT1 marks rd modification when rd is non-zero [32m  [Passed][0m
[33m  [Run]: [0mR5900 MULT marks rd modification when rd is non-zero [32m  [Passed][0m
[33m  [Run]: [0mREGIMM branch and link marks call and GPR modification [32m  [Passed][0m
[33m  [Run]: [0mbranch target sign-extends negative offset [32m  [Passed][0m
[33m  [Run]: [0mdecodes BEQ sets branch flags and target [32m  [Passed][0m
[33m  [Run]: [0mdecodes JAL with jump target and call flag [32m  [Passed][0m
[33m  [Run]: [0mdecodes load/store flags [32m  [Passed][0m

========================================
Total Tests: 693
Passed: 693
Failed: 0
========================================
