LIVE_DESCRIPTOR [   13.7041] AU4_DESC desc=0050c800 src=00512b80 size=8f0 dst=00061cf4
VIDEO_START_KEYDOWN_WALL:1790210685.381044369 UPTIME:188 MENU_T+:70
VIDEO_START_KEYUP_WALL:1790210685.913850364 UPTIME:189 MENU_T+:70
A1_CROSS_KEYDOWN_WALL:1790210685.919271836 UPTIME:189 MENU_T+:70
A1_CROSS_KEYUP_WALL:1790210686.452886345 UPTIME:189 MENU_T+:71
A1 poll1 score mean=0.4331 p99=6 MENU_T+:74
A1 TITLE-DETECTED at poll1
TITLE_t1_KEYDOWN_WALL:1790210689.202366327 UPTIME:192 MENU_T+:74
TITLE_t1_KEYUP_WALL:1790210691.235758890 UPTIME:194 MENU_T+:76
TITLE try1 ident mean=0.3504 p99=6
MENU_t1_KEYDOWN_WALL:1790210704.277630025 UPTIME:207 MENU_T+:89
MENU_t1_KEYUP_WALL:1790210706.311318851 UPTIME:209 MENU_T+:91
MENU try1 ident mean=0.6378 p99=9
SC_SETTLED ident mean=0.6490 p99=10
SC_RECORDS=17122
GSHOT_au4b-sc_KEYDOWN_WALL:1790210735.468688286 UPTIME:238 MENU_T+:120
GSHOT_au4b-sc_KEYUP_WALL:1790210736.002461541 UPTIME:239 MENU_T+:121
GSHOT_au4b-sc newest=SSX 3_SLUS-20772_20260923204535.png
SC_t1_KEYDOWN_WALL:1790210738.013100858 UPTIME:241 MENU_T+:123
SC_t1_KEYUP_WALL:1790210740.046836274 UPTIME:243 MENU_T+:125
SC try1 ident mean=0.5270 p99=9
ZC_t1_KEYDOWN_WALL:1790210753.132175161 UPTIME:256 MENU_T+:138
ZC_t1_KEYUP_WALL:1790210755.164967064 UPTIME:258 MENU_T+:140
ZC try1 ident mean=0.3971 p99=6
SP_t1_KEYDOWN_WALL:1790210768.219480926 UPTIME:271 MENU_T+:153
SP_t1_KEYUP_WALL:1790210770.252784885 UPTIME:273 MENU_T+:155
SP try1 ident mean=0.4302 p99=6
SM_t1_KEYDOWN_WALL:1790210783.311949104 UPTIME:286 MENU_T+:168
SM_t1_KEYUP_WALL:1790210785.345465373 UPTIME:288 MENU_T+:170
SM try1 ident mean=0.4434 p99=6
SE_DOWN1_KEYDOWN_WALL:1790210798.395589109 UPTIME:301 MENU_T+:183
SE_DOWN1_KEYUP_WALL:1790210800.429217113 UPTIME:303 MENU_T+:185
SE_DOWN2_KEYDOWN_WALL:1790210803.493830498 UPTIME:306 MENU_T+:188
SE_DOWN2_KEYUP_WALL:1790210805.528644862 UPTIME:308 MENU_T+:190
SE_DOWN3_KEYDOWN_WALL:1790210808.595888299 UPTIME:312 MENU_T+:193
SE_DOWN3_KEYUP_WALL:1790210810.632245656 UPTIME:314 MENU_T+:195
SE_DOWN4_KEYDOWN_WALL:1790210813.698438565 UPTIME:317 MENU_T+:198
SE_DOWN4_KEYUP_WALL:1790210815.732754486 UPTIME:319 MENU_T+:200
SE-WALKED vs-T47walked(Happiness) mean=0.0332 p99=0 (want IDENT <4)
EVENT_CROSS_KEYDOWN_WALL:1790210820.448009187 UPTIME:323 MENU_T+:205
EVENT_CROSS_KEYUP_WALL:1790210822.484082050 UPTIME:325 MENU_T+:207
EVENT hop=0.0831 hly=487.3 hln=8022
RULES_CROSS_R1_KEYDOWN_WALL:1790210845.278389107 UPTIME:348 MENU_T+:230
RULES_CROSS_R1_KEYUP_WALL:1790210847.312759316 UPTIME:350 MENU_T+:232
RULES R1 depart=17.6193
RULES R1 anim=0.2331
RULESUP2_1_KEYDOWN_WALL:1790210870.608224719 UPTIME:374 MENU_T+:255
RULESUP2_1_KEYUP_WALL:1790210871.142797302 UPTIME:374 MENU_T+:256
RULESUP2_2_KEYDOWN_WALL:1790210872.147970801 UPTIME:375 MENU_T+:257
RULESUP2_2_KEYUP_WALL:1790210872.680950570 UPTIME:376 MENU_T+:257
RULESUP2_3_KEYDOWN_WALL:1790210873.687591717 UPTIME:377 MENU_T+:258
RULESUP2_3_KEYUP_WALL:1790210874.222777374 UPTIME:377 MENU_T+:259
RULESUP2_4_KEYDOWN_WALL:1790210875.227855498 UPTIME:378 MENU_T+:260
RULESUP2_4_KEYUP_WALL:1790210875.762277146 UPTIME:379 MENU_T+:260
RULESUP2_5_KEYDOWN_WALL:1790210876.768653591 UPTIME:380 MENU_T+:261
RULESUP2_5_KEYUP_WALL:1790210877.301973457 UPTIME:380 MENU_T+:262
RULESUP2_6_KEYDOWN_WALL:1790210878.309280010 UPTIME:381 MENU_T+:263
RULESUP2_6_KEYUP_WALL:1790210878.841932515 UPTIME:382 MENU_T+:263
RULESUP2_7_KEYDOWN_WALL:1790210879.847997805 UPTIME:383 MENU_T+:264
RULESUP2_7_KEYUP_WALL:1790210880.380741712 UPTIME:383 MENU_T+:265
RULESUP2_8_KEYDOWN_WALL:1790210881.386688579 UPTIME:384 MENU_T+:266
RULESUP2_8_KEYUP_WALL:1790210881.920778063 UPTIME:385 MENU_T+:266
RULESUP2_9_KEYDOWN_WALL:1790210882.926063224 UPTIME:386 MENU_T+:267
RULESUP2_9_KEYUP_WALL:1790210883.460267020 UPTIME:386 MENU_T+:268
RULESUP2_10_KEYDOWN_WALL:1790210884.465454091 UPTIME:387 MENU_T+:269
RULESUP2_10_KEYUP_WALL:1790210884.998718423 UPTIME:388 MENU_T+:270
RULESUP2_11_KEYDOWN_WALL:1790210886.004535603 UPTIME:389 MENU_T+:271
RULESUP2_11_KEYUP_WALL:1790210886.537453463 UPTIME:389 MENU_T+:271
RULES_CROSS_R2_KEYDOWN_WALL:1790210887.543237524 UPTIME:390 MENU_T+:272
RULES_CROSS_R2_KEYUP_WALL:1790210889.575776944 UPTIME:393 MENU_T+:274
RULES R2 depart=10.9403
RULES R2 anim=7.8688
RACE LAUNCHED (rules exit goes straight to racing)
GSHOT_au4b-rules_KEYDOWN_WALL:1790210913.040824883 UPTIME:416 MENU_T+:298
GSHOT_au4b-rules_KEYUP_WALL:1790210913.573579934 UPTIME:417 MENU_T+:298
GSHOT_au4b-rules newest=SSX 3_SLUS-20772_20260923204833.png
RACE_ENTRY try1 depart=12.6956
GSHOT_au4b-race_KEYDOWN_WALL:1790210932.270280021 UPTIME:435 MENU_T+:317
GSHOT_au4b-race_KEYUP_WALL:1790210932.806381653 UPTIME:436 MENU_T+:317
GSHOT_au4b-race newest=SSX 3_SLUS-20772_20260923204852.png
CAPTURE_RECORDS=39618 wall=319
VIDEO_STOP_KEYDOWN_WALL:1790210934.879868649 UPTIME:438 MENU_T+:319
VIDEO_STOP_KEYUP_WALL:1790210935.412623136 UPTIME:438 MENU_T+:320
CAPTURE_DONE records=39618 file=62702364
