2026-09-19T16:42:38Z host lease M11 claimed for m11-det baseline run
2026-09-19T16:46:49Z host lease M11 released after m11-det baseline run (rc=0)
2026-09-19T16:49:52Z host lease M11 claimed for m11-det2 slot36 run
2026-09-19T16:54:04Z host lease M11 released after m11-det2 slot36 run (rc=0)
2026-09-19T16:55:48Z host lease M11 claimed for m11-det3 idx-decode run
2026-09-19T16:59:58Z host lease M11 released after m11-det3 idx-decode run (rc=0)
2026-09-19T17:00:04Z host lease M11 claimed for m11-det4 nopshr run
2026-09-19T17:04:19Z host lease M11 released after m11-det4 nopshr run (rc=0)
2026-09-19T17:04:36Z host lease M11 claimed for m11-det5 nopidx run
2026-09-19T17:08:47Z host lease M11 released after m11-det5 nopidx run (rc=0)
2026-09-19T17:09:55Z host lease M11 claimed for m11-det6 notext run
2026-09-19T17:14:06Z host lease M11 released after m11-det6 notext run (rc=0)
2026-09-19T17:18:51Z m11-det3/4/5/6 first runs superseded: redundant duplicate guard line removed from step-3/4 headers (behavior-neutral); players rebuilt, arms re-run below
2026-09-19T17:19:04Z host lease M11 claimed for m11-det3 idx-decode re-run
2026-09-19T17:23:30Z host lease M11 released after m11-det3 idx-decode re-run (rc=0; lease file already absent at release, removed during run by unknown party — run receipts clean: 200/200 done)
2026-09-19T17:23:34Z host lease M11 claimed for m11-det4 nopshr re-run
2026-09-19T17:27:41Z host lease M11 released after m11-det4 nopshr re-run (rc=0)
2026-09-19T17:27:47Z host lease M11 claimed for m11-det5 nopidx re-run
2026-09-19T17:31:56Z host lease M11 released after m11-det5 nopidx re-run (rc=0)
2026-09-19T17:32:01Z host lease M11 claimed for m11-det6 notext re-run
2026-09-19T17:35:17Z host lease M11 released after m11-det6 notext re-run (rc=1; native exit -5 post-sequence on live resume — FIFO desync + VertexManager assert; sequence itself 200/200 done, guest/event clean; re-running)
2026-09-19T17:35:22Z host lease M11 claimed for m11-det6 notext re-run2
2026-09-19T17:39:29Z host lease M11 released after m11-det6 notext re-run2 (rc=0)
