[01:25:38] PRE lease="VK2 2026-09-26T04:53:32Z" keyguard="showing=false" battery=100% ac=true pid0=none
[01:25:38] PRE device-env=a8d651a7e55f7e29f1345f28f4ea634e06ae757f535e29439ab61c930bcc0ebd mc0-test='' mc0-bad=[]
[01:25:39] APK local sha x2 29d3ca066de3b8dfe74c511dbf87e99168ba13acbf4262396c4006228e914469 29d3ca066de3b8dfe74c511dbf87e99168ba13acbf4262396c4006228e914469
[01:25:42] INSTALL Performing Streamed Install Success
[01:25:43] INSTALLED /data/app/~~HQ9EcsHOX2nvdJnoMHd7uQ==/com.ps2x.runner-J4-0rgiLJRU-ierdKkiI8Q==/base.apk sha=29d3ca066de3b8dfe74c511dbf87e99168ba13acbf4262396c4006228e914469 match=True
[01:25:43] ENV 43f161149b1f652393dd43238a33ab274b49a7e58f038019ea3a2b98f747ba2f  /storage/emulated/0/Android/data/com.ps2x.runner/files/ps2x.env
[01:25:43 t+    0.0] AM Starting: Intent { cmp=com.ps2x.runner/android.app.NativeActivity }
[01:25:49 t+    6.1] FOCUS app-foreground, no BACK ('mCurrentFocus=Window{8503f97 u0 com.ps2x.runner/android.app.NativeActivity}')
[01:25:51 t+    8.2] LAYER 'com.ps2x.runner/android.app.NativeActivity#20736' tried=['com.ps2x.runner/android.app.NativeActivity#20736']
[01:26:41 t+   57.8] CPUWIN start tick=1903
[01:26:59 t+   76.0] SCAP sc01-tick2100-t75.png tick~2172
[01:27:24 t+  101.6] CPUWIN end tick=2551
[01:29:25 t+  222.3] STOP tick 4587 >= 4500
[01:29:26 t+  222.7] SCAP sc02-final-t222.png tick~4587
[01:29:27 t+  224.1] THREADS
Threads: 27 total,   2 running,  25 sleeping,   0 stopped,   0 zombie
  Mem:  7342756K total,  5109900K used,  2232856K free,      564K buffers
 Swap: 10485752K total,   636000K used,  9849752K free,  2278336K cached
800%cpu  88%user   0%nice  35%sys 673%idle   0%iow   4%irq   0%sirq   0%host
  TID USER         PR  NI VIRT  RES  SHR S[%CPU] %MEM     TIME+ THREAD          PROCESS
22799 u0_a113      10 -10  17G 751M 509M R 65.3  10.4   2:26.32 GameThread      com.ps2x.runner
22771 u0_a113      10 -10  17G 751M 509M R 19.2  10.4   0:34.60 GsWorker        com.ps2x.runner
22807 u0_a113      20   0  17G 751M 509M S  0.0  10.4   0:00.00 InteractionJank com.ps2x.runner
22806 u0_a113      20   0  17G 751M 509M S  0.0  10.4   0:00.00 binder:22718_4  com.ps2x.runner
22801 u0_a113      10 -10  17G 751M 509M S  0.0  10.4   0:00.23 PGS-Waiter      com.ps2x.runner
22800 u0_a113      39  19  17G 751M 509M S  0.0  10.4   0:00.00 com.ps:traceq0  com.ps2x.runner
22795 u0_a113      -3 -10  17G 751M 509M S  0.0  10.4   0:00.79 AAudio_1        com.ps2x.runner
22789 u0_a113      20   0  17G 751M 509M S  0.0  10.4   0:00.08 binder:22718_4  com.ps2x.runner
22788 u0_a113      10 -10  17G 751M 509M S  0.0  10.4   0:00.00 com.ps2x.runner com.ps2x.runner
22782 u0_a113      20   0  17G 751M 509M S  0.0  10.4   0:00.00 InsetsAnimation com.ps2x.runner
22781 u0_a113      20   0  17G 751M 509M S  0.0  10.4   0:00.00 SurfaceSyncGrou com.ps2x.runner
22780 u0_a113      10 -10  17G 751M 509M S  0.0  10.4   0:00.00 VsyncReceiver   com.ps2x.runner
22779 u0_a113      20   0  17G 751M 509M S  0.0  10.4   0:00.00 binder:22718_3  com.ps2x.runner
22770 u0_a113      10 -10  17G 751M 509M S  0.0  10.4   0:00.00 com.ps2x.runner com.ps2x.runner
22769 u0_a113      10 -10  17G 751M 509M S  0.0  10.4   0:00.39 com.ps2x.runner com.ps2x.runner

[01:29:27 t+  224.2] BATTERY status: 5 level: 100
[01:29:29 t+  226.5] RESTORE a8d651a7e55f7e29f1345f28f4ea634e06ae757f535e29439ab61c930bcc0ebd match=True
[01:29:30 t+  226.7] MC0-AFTER bad=[]
[01:29:30 t+  226.7] END pid-after=none disconnects=0
