REF_CHECK:mean=0.0000 p99=0 max=0 npix=224000 mode=PPM
REFMENU_CHECK:mean=0.0000 p99=0 max=0 npix=1310720 mode=PPM
SELF_TEST mean=0.0000 p99=0
SELF_WHOLE=0.0000
SELF_MENU mean=0.0000 p99=0
START_SCORE mean=17.3330 p99=154 MENU_T+:92
ATTEMPT_1 BEGIN MENU_T+:92
ATTEMPT_1 now score mean=11.1785 p99=109
ATTEMPT_1 on attract (non-title) -> Cross attract-skip
A1_CROSS_KEYDOWN_WALL:1789957772.183005331 UPTIME:294 MENU_T+:93
A1_CROSS_HELD_WALL:1789957772.201971331 UPTIME:294
A1_CROSS_KEYUP_WALL:1789957772.718775153 UPTIME:295 MENU_T+:93
ATTEMPT_1 poll01 score mean=0.4331 p99=6 MENU_T+:96
ATTEMPT_1 TITLE-DETECTED at poll01
A1_START_KEYDOWN_WALL:1789957775.450778467 UPTIME:298 MENU_T+:96
A1_START_HELD_WALL:1789957775.469365025 UPTIME:298
A1_START_KEYUP_WALL:1789957775.986815665 UPTIME:298 MENU_T+:96
ATTEMPT_1 post+3 score mean=16.2553 p99=139 MENU_T+:100
ATTEMPT_1 post+8 score mean=16.2958 p99=139
ATTEMPT_1 post+15 score mean=16.2610 p99=139
ATTEMPT_1 post+25 score mean=16.2610 p99=139
ATTEMPT_1 whole815=0.0366 whole1525=0.0201
ATTEMPT_1 post25-vs-menu mean=0.3033 p99=5
ATTEMPT_1 MENU-LIKE (non-title + static) -> park for menu Cross
MENUPRE vs-menu mean=0.2872 p99=5 MENU_T+:134
MENUPRE vs-title mean=16.2610 p99=139
MENU_CROSS_KEYDOWN_WALL:1789957814.587459757 UPTIME:337 MENU_T+:135
MENU_CROSS_HELD_WALL:1789957814.605797240 UPTIME:337
MENU_CROSS_KEYUP_WALL:1789957815.122694442 UPTIME:337 MENU_T+:136
MC post+1 titleband mean=12.5532 p99=164 vs-menu mean=10.2180 p99=106 MENU_T+:138
MC post+3 titleband mean=12.5542 p99=164 vs-menu mean=10.2338 p99=106
MC post+8 titleband mean=12.5908 p99=164 vs-menu mean=10.2477 p99=106
MC post+15 titleband mean=12.5615 p99=164 vs-menu mean=10.1933 p99=105
MC post+25 titleband mean=12.6114 p99=164 vs-menu mean=10.2005 p99=105
MC post+40 titleband mean=12.5352 p99=164 vs-menu mean=10.2091 p99=105
MC hops whole: pre-post1=10.1227 p1-p3=0.3006 p3-p8=0.1452 p8-p15=0.0851 p15-p25=0.2346 p25-p40=0.0676
MC_STAB1 titleband mean=12.5364 p99=164 vs-menu mean=10.2233 p99=105 MENU_T+:207
MC_STAB2 titleband mean=12.5703 p99=164 vs-menu mean=10.2220 p99=107 MENU_T+:218
MC_STAB3 titleband mean=12.5352 p99=164 vs-menu mean=10.1925 p99=105 MENU_T+:230
MC_STAB4 titleband mean=12.5353 p99=164 vs-menu mean=10.2162 p99=105 MENU_T+:242
MC_STAB5 titleband mean=12.5584 p99=164 vs-menu mean=10.2218 p99=107 MENU_T+:253
MC_STAB6 titleband mean=12.5352 p99=164 vs-menu mean=10.1960 p99=105 MENU_T+:265
