# observed tail, Step-1 SDL2 configure (exit 0); full output was not tee'd, this is the verbatim tail -25
--   SDL_X11_XFIXES              (Wanted: OFF): OFF
--   SDL_X11_XINPUT              (Wanted: OFF): OFF
--   SDL_X11_XRANDR              (Wanted: OFF): OFF
--   SDL_X11_XSCRNSAVER          (Wanted: OFF): OFF
--   SDL_X11_XSHAPE              (Wanted: OFF): OFF
--   SDL_XINPUT                  (Wanted: OFF): OFF
--
--  CFLAGS:         -idirafter "/Volumes/Extreme SSD/ps2x-i4/SDL/src/video/khronos"
--  EXTRA_CFLAGS:   -Wall -Wundef -fno-strict-aliasing -Wdocumentation -Wdocumentation-unknown-command -fcomment-block-commands=threadsafety -fcomment-block-commands=deprecated -Wdeclaration-after-statement -fvisibility=hidden -Wshadow -Wno-unused-local-typedefs -D_REENTRANT
--  EXTRA_LDFLAGS: -lpthread -Wl,-compatibility_version,3201.0.0;-Wl,-current_version,3201.10.0
--  EXTRA_LIBS:    m
--
--  Build Shared Library: OFF
--  Build Static Library: ON
--  Build Static Library with Position Independent Code: OFF
--
-- If something was not detected, although the libraries
-- were installed, then make sure you have set the
-- CFLAGS and LDFLAGS environment variables correctly.
--
-- Performing Test COMPILER_SUPPORTS_FOBJC_ARC
-- Performing Test COMPILER_SUPPORTS_FOBJC_ARC - Success
-- Configuring done (195.9s)
-- Generating done (1.1s)
-- Build files have been written to: /Volumes/Extreme SSD/ps2x-i4/sdl2-build-sim
EXIT=0
