[07:25:35] PRE lease="LEASE_FREE ORCH-LAG done" keyguard="showing=false" battery=100% ac=true pid0=none
[07:25:35] PRE device-env=090cc981e9f97c9c6007b64e90afaba7ff0b495eae7ede6423bfca826fae29fe mc0-test='' mc0-bad=[]
[07:25:35] LEASE claimed via odin_lease.sh: CLAIMED
[07:25:35] APK local sha x2 d5f83cefa4bfd6ab17591ee0f27694b0307002ba8ca2bebe940434eff5659ece d5f83cefa4bfd6ab17591ee0f27694b0307002ba8ca2bebe940434eff5659ece
[07:25:38] INSTALL Performing Streamed Install Success
[07:25:38] INSTALLED /data/app/~~48bnohXOownh6Xkb_gTy1w==/com.ps2x.runner-QtUTzKb6ZdvrtQErNrEyAA==/base.apk sha=d5f83cefa4bfd6ab17591ee0f27694b0307002ba8ca2bebe940434eff5659ece match=True
[07:25:38] ENV da9dd3b2bb6505cda2a9b34b9d418b53ae2730ab87294a77228fb993938b3e68  /storage/emulated/0/Android/data/com.ps2x.runner/files/ps2x.env
[07:25:39 t+    0.1] AM Starting: Intent { cmp=com.ps2x.runner/android.app.NativeActivity }
[07:25:45 t+    6.1] FOCUS app-foreground, no BACK ('mCurrentFocus=Window{1387e98 u0 com.ps2x.runner/android.app.NativeActivity}')
[07:25:47 t+    8.3] LAYER 'com.ps2x.runner/android.app.NativeActivity#22636' tried=['com.ps2x.runner/android.app.NativeActivity#22636']
[07:26:26 t+   47.3] CPUWIN start tick=1985
[07:26:36 t+   57.5] SCAP sc01-tick2100-t56.png tick~2193
[07:26:52 t+   73.3] CPUWIN end tick=2565
[07:27:12 t+   93.1] SCAP sc02-tick3000-t92.png tick~3078
[07:27:50 t+  131.8] SCAP sc03-tick4000-t131.png tick~4111
[07:28:05 t+  147.0] STOP tick 4571 >= 4500
[07:28:06 t+  147.5] SCAP sc04-final-t147.png tick~4571
[07:28:08 t+  149.0] THREADS
Threads: 28 total,   0 running,  28 sleeping,   0 stopped,   0 zombie
  Mem:  7342756K total,  4989400K used,  2353356K free,      660K buffers
 Swap: 10485752K total,   742032K used,  9743720K free,  2154988K cached
800%cpu 123%user   0%nice  38%sys 627%idle   0%iow  12%irq   0%sirq   0%host
  TID USER         PR  NI VIRT  RES  SHR S[%CPU] %MEM     TIME+ THREAD          PROCESS
10048 u0_a113      10 -10  17G 760M 517M S 53.8  10.5   1:16.65 MTVU            com.ps2x.runner
10038 u0_a113      10 -10  17G 760M 517M S 23.0  10.5   0:38.36 GameThread      com.ps2x.runner
10018 u0_a113      10 -10  17G 760M 517M S 23.0  10.5   0:30.42 GsWorker        com.ps2x.runner
10047 u0_a113      20   0  17G 760M 517M S  0.0  10.5   0:00.00 InteractionJank com.ps2x.runner
10046 u0_a113      20   0  17G 760M 517M S  0.0  10.5   0:00.00 binder:9997_4   com.ps2x.runner
10040 u0_a113      10 -10  17G 760M 517M S  0.0  10.5   0:00.21 PGS-Waiter      com.ps2x.runner
10039 u0_a113      39  19  17G 760M 517M S  0.0  10.5   0:00.00 com.ps:traceq0  com.ps2x.runner
10037 u0_a113      -3 -10  17G 760M 517M S  0.0  10.5   0:00.52 AAudio_1        com.ps2x.runner
10031 u0_a113      20   0  17G 760M 517M S  0.0  10.5   0:00.06 binder:9997_4   com.ps2x.runner
10030 u0_a113      10 -10  17G 760M 517M S  0.0  10.5   0:00.00 com.ps2x.runner com.ps2x.runner
10022 u0_a113      20   0  17G 760M 517M S  0.0  10.5   0:00.00 SurfaceSyncGrou com.ps2x.runner
10024 u0_a113      20   0  17G 760M 517M S  0.0  10.5   0:00.00 InsetsAnimation com.ps2x.runner
10021 u0_a113      10 -10  17G 760M 517M S  0.0  10.5   0:00.00 VsyncReceiver   com.ps2x.runner
10023 u0_a113      20   0  17G 760M 517M S  0.0  10.5   0:00.00 binder:9997_3   com.ps2x.runner
10016 u0_a113      10 -10  17G 760M 517M S  0.0  10.5   0:00.31 com.ps2x.runner com.ps2x.runner

[07:28:08 t+  149.1] BATTERY status: 5 level: 100
[07:28:10 t+  151.9] RESTORE 090cc981e9f97c9c6007b64e90afaba7ff0b495eae7ede6423bfca826fae29fe match=True
[07:28:11 t+  152.0] MC0-AFTER bad=[]
[07:28:11 t+  152.1] END pid-after=none disconnects=0
