[07:14:57] COOLDOWN start pre-wait to status<=1 (cap 20.0 min)
[07:14:58] PRE status=0 raw='0 39900 level: 100' elapsed=0.0min
[07:14:58] COOLDOWN status<=1; fixed wait 180 s
[07:17:58] POST status=0 raw='0 38000 level: 100' (fixed wait done; launch when ready)
[07:17:58] COOLDOWN done: post-wait status 0, pid=none keyguard='showing=false'
[07:17:59] PRE lease="LEASE_FREE ORCH-LAG done" keyguard="showing=false" battery=100% ac=true pid0=none
[07:17:59] PRE device-env=090cc981e9f97c9c6007b64e90afaba7ff0b495eae7ede6423bfca826fae29fe mc0-test='' mc0-bad=[]
device env is NOT the play env: 090cc981e9f97c9c6007b64e90afaba7ff0b495eae7ede6423bfca826fae29fe (refusing to touch)
PRE lease=LEASE_FREE ORCH-LAG done pid=
CLAIMED
app-release.apk: OK
ps2x.env: OK
APK local 825b436dd2cfc9f3ee42e7ac06643623b9651df409892c6a3e25af27cc531254 825b436dd2cfc9f3ee42e7ac06643623b9651df409892c6a3e25af27cc531254
Performing Streamed Install
Success
INSTALLED /data/app/~~XUj1-_I5PJt2fMJVivfZCg==/com.ps2x.runner-SFRC83qybJ_h7-66l5OJvw==/base.apk 825b436dd2cfc9f3ee42e7ac06643623b9651df409892c6a3e25af27cc531254
/Users/brad/dev/ssx3-work/odin-play/ps2x.env: 1 file pushed, 0 skipped. 9.3 MB/s (785 bytes in 0.000s)
ENV 090cc981e9f97c9c6007b64e90afaba7ff0b495eae7ede6423bfca826fae29fe
env mismatch
RELEASED
LAUNCH_RC=1 RESTORE_RC=1
