A1_CROSS_KEYDOWN_WALL:1790131477.205836869 UPTIME:167 MENU_T+:70
A1_CROSS_KEYUP_WALL:1790131477.740929124 UPTIME:167 MENU_T+:70
A1 poll1 score mean=0.4311 p99=5 MENU_T+:73
A1 TITLE-DETECTED at poll1
TITLE_t1_KEYDOWN_WALL:1790131480.486511077 UPTIME:170 MENU_T+:73
TITLE_t1_KEYUP_WALL:1790131482.519621654 UPTIME:172 MENU_T+:75
TITLE try1 ident mean=0.3273 p99=6
MENU_t1_KEYDOWN_WALL:1790131495.545161863 UPTIME:185 MENU_T+:88
MENU_t1_KEYUP_WALL:1790131497.579929318 UPTIME:187 MENU_T+:90
MENU try1 ident mean=0.6767 p99=10
SC_t1_KEYDOWN_WALL:1790131510.631086729 UPTIME:200 MENU_T+:103
SC_t1_KEYUP_WALL:1790131512.664170629 UPTIME:202 MENU_T+:105
SC try1 ident mean=0.4491 p99=8
ZC_t1_KEYDOWN_WALL:1790131525.723812706 UPTIME:215 MENU_T+:118
ZC_t1_KEYUP_WALL:1790131527.756791228 UPTIME:217 MENU_T+:120
ZC try1 ident mean=0.3594 p99=5
SP_t1_KEYDOWN_WALL:1790131540.776830553 UPTIME:230 MENU_T+:133
SP_t1_KEYUP_WALL:1790131542.809859037 UPTIME:232 MENU_T+:135
SP try1 ident mean=0.3905 p99=6
SM_t1_KEYDOWN_WALL:1790131555.843456786 UPTIME:245 MENU_T+:148
SM_t1_KEYUP_WALL:1790131557.876869940 UPTIME:247 MENU_T+:150
SM try1 ident mean=0.4065 p99=6
SE_DOWN1_KEYDOWN_WALL:1790131570.904149231 UPTIME:260 MENU_T+:163
SE_DOWN1_KEYUP_WALL:1790131572.938516148 UPTIME:262 MENU_T+:165
SE_DOWN2_KEYDOWN_WALL:1790131576.004553051 UPTIME:266 MENU_T+:169
SE_DOWN2_KEYUP_WALL:1790131578.037687280 UPTIME:268 MENU_T+:171
SE_DOWN3_KEYDOWN_WALL:1790131581.105100046 UPTIME:271 MENU_T+:174
SE_DOWN3_KEYUP_WALL:1790131583.139078308 UPTIME:273 MENU_T+:176
SE_DOWN4_KEYDOWN_WALL:1790131586.204454689 UPTIME:276 MENU_T+:179
SE_DOWN4_KEYUP_WALL:1790131588.237859361 UPTIME:278 MENU_T+:181
SE-WALKED vs-T47walked(Happiness) mean=0.0472 p99=0 (want IDENT <4)
EVENT_CROSS_KEYDOWN_WALL:1790131592.909409478 UPTIME:282 MENU_T+:185
EVENT_CROSS_KEYUP_WALL:1790131594.942769716 UPTIME:284 MENU_T+:187
EVENT hop=0.0541 hly=487.3 hln=8022
RULES_CROSS_R1_KEYDOWN_WALL:1790131617.726400241 UPTIME:307 MENU_T+:210
RULES_CROSS_R1_KEYUP_WALL:1790131619.762211246 UPTIME:309 MENU_T+:212
RULES R1 depart=17.6552
RULES R1 anim=0.1841
RULESUP2_1_KEYDOWN_WALL:1790131643.042637447 UPTIME:333 MENU_T+:236
RULESUP2_1_KEYUP_WALL:1790131643.575622643 UPTIME:333 MENU_T+:236
RULESUP2_2_KEYDOWN_WALL:1790131644.579860075 UPTIME:334 MENU_T+:237
RULESUP2_2_KEYUP_WALL:1790131645.114360560 UPTIME:335 MENU_T+:238
RULESUP2_3_KEYDOWN_WALL:1790131646.119344416 UPTIME:336 MENU_T+:239
RULESUP2_3_KEYUP_WALL:1790131646.653593381 UPTIME:336 MENU_T+:239
RULESUP2_4_KEYDOWN_WALL:1790131647.658416299 UPTIME:337 MENU_T+:240
RULESUP2_4_KEYUP_WALL:1790131648.194248457 UPTIME:338 MENU_T+:241
RULESUP2_5_KEYDOWN_WALL:1790131649.198418757 UPTIME:339 MENU_T+:242
RULESUP2_5_KEYUP_WALL:1790131649.732455257 UPTIME:339 MENU_T+:242
RULESUP2_6_KEYDOWN_WALL:1790131650.736703213 UPTIME:340 MENU_T+:243
RULESUP2_6_KEYUP_WALL:1790131651.271372312 UPTIME:341 MENU_T+:244
RULESUP2_7_KEYDOWN_WALL:1790131652.276930388 UPTIME:342 MENU_T+:245
RULESUP2_7_KEYUP_WALL:1790131652.809072905 UPTIME:342 MENU_T+:245
RULESUP2_8_KEYDOWN_WALL:1790131653.813704981 UPTIME:343 MENU_T+:246
RULESUP2_8_KEYUP_WALL:1790131654.349055028 UPTIME:344 MENU_T+:247
RULESUP2_9_KEYDOWN_WALL:1790131655.353316403 UPTIME:345 MENU_T+:248
RULESUP2_9_KEYUP_WALL:1790131655.886652694 UPTIME:345 MENU_T+:248
RULESUP2_10_KEYDOWN_WALL:1790131656.891600430 UPTIME:346 MENU_T+:249
RULESUP2_10_KEYUP_WALL:1790131657.426842229 UPTIME:347 MENU_T+:250
RULESUP2_11_KEYDOWN_WALL:1790131658.432073513 UPTIME:348 MENU_T+:251
RULESUP2_11_KEYUP_WALL:1790131658.964954944 UPTIME:349 MENU_T+:251
RULES_CROSS_R2_KEYDOWN_WALL:1790131659.969839864 UPTIME:350 MENU_T+:252
RULES_CROSS_R2_KEYUP_WALL:1790131662.004241710 UPTIME:352 MENU_T+:255
RULES R2 depart=10.9260
RULES R2 anim=9.9735
RACE LAUNCHED (rules exit goes straight to racing)
GSHOT_t48b-rules_KEYDOWN_WALL:1790131685.258009891 UPTIME:375 MENU_T+:278
GSHOT_t48b-rules_KEYUP_WALL:1790131685.791156432 UPTIME:375 MENU_T+:278
GSHOT_t48b-rules newest=SSX 3_SLUS-20772_20260922224805.png
RACE_ENTRY try1 depart=12.3217
DUMP_TRIGGERED_WALL:1790131701.451344826 UPTIME:391
T48_DUMP_QUEUED seen at wait1
GSHOT_t48b-race_KEYDOWN_WALL:1790131708.770828244 UPTIME:398 MENU_T+:301
GSHOT_t48b-race_KEYUP_WALL:1790131709.304068440 UPTIME:399 MENU_T+:302
GSHOT_t48b-race newest=SSX 3_SLUS-20772_20260922224829.png
