[20:14:30] PRE lease="N10 2026-09-25T03:15Z L1-prep" keyguard="showing=false" battery=88% status=3 ac=true mc0=''
[20:14:30] ENV e21bf24518e38af5a6bcd42e1139321b98b57da55df571f4e57cf324516bcdc4  /storage/emulated/0/Android/data/com.ps2x.runner/files/ps2x.env
[20:14:30 t+    0.0] AM Starting: Intent { cmp=com.ps2x.runner/android.app.NativeActivity }
[20:14:36 t+    6.2] BACK sent
[20:14:38 t+    8.3] LAYER 'com.ps2x.runner/android.app.NativeActivity#13262' tried=['com.ps2x.runner/android.app.NativeActivity#13262']
[20:16:37 t+  126.7] SCAP sc01-tick2100-t126.png tick~2111
[20:18:51 t+  261.0] SCAP sc02-tick3000-t260.png tick~3028
[20:21:18 t+  407.5] SCAP sc03-tick4000-t407.png tick~4011
[20:22:27 t+  476.9] STOP tick 4513 >= 4500
[20:22:27 t+  477.2] SCAP sc04-final-t476.png tick~4513
[20:22:29 t+  478.5] THREADS
Threads: 27 total,   1 running,  26 sleeping,   0 stopped,   0 zombie
  Mem:  7342756K total,  4513508K used,  2829248K free,      820K buffers
 Swap: 10485752K total,   700108K used,  9785644K free,  1833672K cached
800%cpu  96%user   0%nice  23%sys 677%idle   0%iow   4%irq   0%sirq   0%host
  TID USER         PR  NI VIRT  RES  SHR S[%CPU] %MEM     TIME+ THREAD          PROCESS
20890 u0_a113      10 -10  17G 663M 425M R 84.6   9.2   6:48.88 GameThread      com.ps2x.runner
20871 u0_a113      10 -10  17G 663M 425M S 23.0   9.2   2:13.47 GsWorker        com.ps2x.runner
20869 u0_a113      10 -10  17G 663M 425M S  7.6   9.2   0:25.49 com.ps2x.runner com.ps2x.runner
20898 u0_a113      20   0  17G 663M 425M S  0.0   9.2   0:00.00 InteractionJank com.ps2x.runner
20897 u0_a113      20   0  17G 663M 425M S  0.0   9.2   0:00.29 binder:20851_5  com.ps2x.runner
20892 u0_a113      10 -10  17G 663M 425M S  0.0   9.2   0:00.17 PGS-Waiter      com.ps2x.runner
20891 u0_a113      39  19  17G 663M 425M S  0.0   9.2   0:00.00 com.ps:traceq0  com.ps2x.runner
20889 u0_a113      -3 -10  17G 663M 425M S  0.0   9.2   0:00.87 AAudio_1        com.ps2x.runner
20883 u0_a113      20   0  17G 663M 425M S  0.0   9.2   0:00.55 binder:20851_5  com.ps2x.runner
20882 u0_a113      20   0  17G 663M 425M S  0.0   9.2   0:00.45 binder:20851_4  com.ps2x.runner
20881 u0_a113      10 -10  17G 663M 425M S  0.0   9.2   0:00.00 com.ps2x.runner com.ps2x.runner
20875 u0_a113      20   0  17G 663M 425M S  0.0   9.2   0:00.00 InsetsAnimation com.ps2x.runner
20874 u0_a113      20   0  17G 663M 425M S  0.0   9.2   0:00.00 SurfaceSyncGrou com.ps2x.runner
20873 u0_a113      10 -10  17G 663M 425M S  0.0   9.2   0:00.00 VsyncReceiver   com.ps2x.runner
20870 u0_a113      10 -10  17G 663M 425M S  0.0   9.2   0:00.00 com.ps2x.runner com.ps2x.runner

[20:22:29 t+  478.5] BATTERY status: 3 level: 84
[20:22:31 t+  480.8] RESTORE 176eff84eaf8e4f55800362f4827744b5f777ca0e3cbd623d271d4cd97cef32d  /storage/emulated/0/Android/data/com.ps2x.runner/files/ps2x.env
[20:22:31 t+  480.9] END pid-after=none
