SCRIPT_SHA 6b5976ceca948f32ce45c7c2fb4619d72b7d946180a4cd1849eff562c09677ef
APK size and packaged runner/Turnip/HAL SHA pairs match N8D7M1 pins
PREFLIGHT state=device lease='LEASE_FREE N8D7I done' keyguard=false battery=100% status=5 free_bytes=25895268352
LEASE claimed N8D7M2 one-launch
INSTALL Performing Streamed Install | Success
HASH installed_apk e077bef8a7ba8aab44f46c515f79fade1ae045cc337bf7285e7b652e739758a1 e077bef8a7ba8aab44f46c515f79fade1ae045cc337bf7285e7b652e739758a1
HASH elf 1b49d05ca2793922180851b9e1ce9ae2291d61a7863565ac4e71f12e967af7bc 1b49d05ca2793922180851b9e1ce9ae2291d61a7863565ac4e71f12e967af7bc
HASH iso 3c2f8eb182c9c6208a6e8172a41e61c98f420abe3f42c845f6829aeb9761ebf5 3c2f8eb182c9c6208a6e8172a41e61c98f420abe3f42c845f6829aeb9761ebf5
CARD mc0 entries=''
ENV sha=dd8bdd9470b40847c885334a7f4c52fdbe4ddc3a5320fb9d41b7f20bdfa7c822 frame_dir=/storage/emulated/0/Android/data/com.ps2x.runner/files/n8d7m2-frames-1790265575
PREFLIGHT state=device lease='N8D7M2 one-launch' keyguard=false battery=100% status=5 free_bytes=25894244352
LAUNCH Starting: Intent { cmp=com.ps2x.runner/android.app.NativeActivity }
PID 24461
PROGRESS elapsed=5.3s tick=245
BACK sent once for USB dialog
PROGRESS elapsed=10.6s tick=391
PROGRESS elapsed=15.8s tick=549
PROGRESS elapsed=21.0s tick=721
PROGRESS elapsed=26.2s tick=836
PROGRESS elapsed=30.4s tick=913
PROGRESS elapsed=35.7s tick=985
PROGRESS elapsed=41.0s tick=1175
PROGRESS elapsed=46.1s tick=1390
PROGRESS elapsed=50.3s tick=1535
PROGRESS elapsed=55.4s tick=1615
PROGRESS elapsed=60.6s tick=1642
PROGRESS elapsed=65.8s tick=1675
PROGRESS elapsed=71.0s tick=1709
PROGRESS elapsed=76.2s tick=1745
PROGRESS elapsed=80.4s tick=1783
PROGRESS elapsed=85.6s tick=1821
PROGRESS elapsed=90.8s tick=1859
PROGRESS elapsed=96.0s tick=1898
PROGRESS elapsed=101.2s tick=1937
PROGRESS elapsed=105.4s tick=1975
PROGRESS elapsed=110.7s tick=2014
PROGRESS elapsed=115.9s tick=2053
STOP first complete oracle and vector receipt with frontend dump
POSTRUN pid absent
FRAME seq=0 tick=2050 size=512x448 displayFbp=112 sourceFbp=112 preferred=0 fallback=0 fnv1a=17e31fb5 smode2=0x1 pmode=0xff21 PNG_SHA=1a6a89e9ff3b915292a04a05b63eb8fdaabad1937cf076641dcf57ae741c54e3
CATEGORY A
CLEANUP pid-after=none
CLEANUP lease=LEASE_FREE N8D7M2 done
LOG_CLOSED gzip_bytes=5625
