[22:05:58] PRE lease="LEASE_FREE VK1 done" keyguard="showing=false" battery=100% ac=true pid0=none
[22:05:58] PRE device-env=a8d651a7e55f7e29f1345f28f4ea634e06ae757f535e29439ab61c930bcc0ebd mc0-test='' mc0-bad=[]
[22:05:58] APK local sha x2 5cd153da279fb0a61a4f68aa320253fc6f4498b9e1475b331ca4007e90c3c834 5cd153da279fb0a61a4f68aa320253fc6f4498b9e1475b331ca4007e90c3c834
[22:06:02] INSTALL Performing Streamed Install Success
[22:06:02] INSTALLED /data/app/~~2KVfKkZTzVhujly_ueJosQ==/com.ps2x.runner-Y-mHSuZ67KMswFWlHGQUbg==/base.apk sha=5cd153da279fb0a61a4f68aa320253fc6f4498b9e1475b331ca4007e90c3c834 match=True
[22:06:03] ENV fd023711d25a06d68fed9dab5b8f661ca25e4f0fcdffebd4d221ec7d4dd451be  /storage/emulated/0/Android/data/com.ps2x.runner/files/ps2x.env
[22:06:03 t+    0.0] AM Starting: Intent { cmp=com.ps2x.runner/android.app.NativeActivity }
[22:06:09 t+    6.1] FOCUS app-foreground, no BACK ('mCurrentFocus=Window{ca121b0 u0 com.ps2x.runner/android.app.NativeActivity}')
[22:06:11 t+    8.4] LAYER 'com.ps2x.runner/android.app.NativeActivity#18830' tried=['com.ps2x.runner/android.app.NativeActivity#18829', 'RequestedLayerState{ca121b0 com.ps2x.runner/android.app.NativeActivity#18829 parentId=18821}', 'com.ps2x.runner/android.app.NativeActivity#18821', 'RequestedLayerState{ActivityRecord{31834e4 u0 com.ps2x.runner/android.app.NativeActivity#18821 parentId=18820}', 'com.ps2x.runner/android.app.NativeActivity#18830']
[22:07:00 t+   57.6] CPUWIN start tick=1866
[22:07:19 t+   75.8] SCAP sc01-tick2100-t75.png tick~2108
[22:07:54 t+  111.1] CPUWIN end tick=2608
[22:08:24 t+  141.0] SCAP sc02-tick3000-t140.png tick~3063
[22:09:31 t+  208.8] SCAP sc03-tick4000-t208.png tick~4045
[22:09:59 t+  236.6] STOP tick 4569 >= 4500
[22:10:00 t+  237.0] SCAP sc04-final-t236.png tick~4569
[22:10:01 t+  238.4] THREADS
Threads: 27 total,   1 running,  26 sleeping,   0 stopped,   0 zombie
  Mem:  7342756K total,  5065592K used,  2277164K free,      656K buffers
 Swap: 10485752K total,   822936K used,  9662816K free,  2342516K cached
800%cpu  81%user   0%nice  23%sys 685%idle   0%iow   8%irq   4%sirq   0%host
  TID USER         PR  NI VIRT  RES  SHR S[%CPU] %MEM     TIME+ THREAD          PROCESS
15323 u0_a113      10 -10  17G 754M 514M R 73.0  10.5   2:41.95 GameThread      com.ps2x.runner
15301 u0_a113      10 -10  17G 754M 514M S 19.2  10.5   0:36.29 GsWorker        com.ps2x.runner
15325 u0_a113      10 -10  17G 754M 514M S  3.8  10.5   0:00.23 PGS-Waiter      com.ps2x.runner
15331 u0_a113      20   0  17G 754M 514M S  0.0  10.5   0:00.00 InteractionJank com.ps2x.runner
15330 u0_a113      20   0  17G 754M 514M S  0.0  10.5   0:00.00 binder:15279_3  com.ps2x.runner
15324 u0_a113      39  19  17G 754M 514M S  0.0  10.5   0:00.00 com.ps:traceq0  com.ps2x.runner
15319 u0_a113      -3 -10  17G 754M 514M S  0.0  10.5   0:00.84 AAudio_1        com.ps2x.runner
15313 u0_a113      20   0  17G 754M 514M S  0.0  10.5   0:00.00 binder:15279_4  com.ps2x.runner
15312 u0_a113      10 -10  17G 754M 514M S  0.0  10.5   0:00.00 com.ps2x.runner com.ps2x.runner
15306 u0_a113      20   0  17G 754M 514M S  0.0  10.5   0:00.00 InsetsAnimation com.ps2x.runner
15305 u0_a113      20   0  17G 754M 514M S  0.0  10.5   0:00.00 SurfaceSyncGrou com.ps2x.runner
15304 u0_a113      10 -10  17G 754M 514M S  0.0  10.5   0:00.00 VsyncReceiver   com.ps2x.runner
15299 u0_a113      10 -10  17G 754M 514M S  0.0  10.5   0:00.39 Thread-3        com.ps2x.runner
15300 u0_a113      10 -10  17G 754M 514M S  0.0  10.5   0:00.00 com.ps2x.runner com.ps2x.runner
15295 u0_a113      16  -4  17G 754M 514M S  0.0  10.5   0:00.00 RenderThread    com.ps2x.runner

[22:10:01 t+  238.4] BATTERY status: 5 level: 100
[22:10:04 t+  241.1] RESTORE a8d651a7e55f7e29f1345f28f4ea634e06ae757f535e29439ab61c930bcc0ebd match=True
[22:10:04 t+  241.3] MC0-AFTER bad=[]
[22:10:04 t+  241.3] END pid-after=none disconnects=0
