[10:30:52] PRE lease="LEASE_FREE FS2-R3 done" keyguard="showing=false" battery=100% ac=true pid0=none
[10:30:52] PRE device-env=090cc981e9f97c9c6007b64e90afaba7ff0b495eae7ede6423bfca826fae29fe mc0-test='' mc0-bad=[]
[10:30:52] LEASE claimed via odin_lease.sh: CLAIMED
[10:30:53] APK local sha x2 52f9d2b6424c84f86a3b8458517ebf92e74818a5196174363d22d0796b855846 52f9d2b6424c84f86a3b8458517ebf92e74818a5196174363d22d0796b855846
[10:30:55] INSTALL Performing Streamed Install Success
[10:30:56] INSTALLED /data/app/~~OhM3WRJzG-wed7vmT6WHNA==/com.ps2x.runner-EVYKlTwE1yxzqyGoGsIqOA==/base.apk sha=52f9d2b6424c84f86a3b8458517ebf92e74818a5196174363d22d0796b855846 match=True
[10:30:56] ENV ac238469d06d85a5b912cbfbad5a8000e7a17d485f98c052ea8bfbcf5673e461  /storage/emulated/0/Android/data/com.ps2x.runner/files/ps2x.env
[10:30:56 t+    0.0] AM Starting: Intent { cmp=com.ps2x.runner/android.app.NativeActivity }
[10:31:02 t+    6.1] FOCUS app-foreground, no BACK ('mCurrentFocus=Window{ec2dba0 u0 com.ps2x.runner/android.app.NativeActivity}')
[10:31:05 t+    8.7] LAYER 'com.ps2x.runner/android.app.NativeActivity#23652' tried=['com.ps2x.runner/android.app.NativeActivity#23643', 'RequestedLayerState{ActivityRecord{10f4472 u0 com.ps2x.runner/android.app.NativeActivity#23643 parentId=23642}', 'com.ps2x.runner/android.app.NativeActivity#23652']
[10:31:20 t+   23.8] SCAP sc01-tick1100-t23.png tick~1200
[10:31:53 t+   56.8] SCAP sc02-tick2100-t55.png tick~2202
[10:32:00 t+   63.9] SCAP sc03-swipe-bars-t63.png tick~2327
[10:32:04 t+   67.7] SCAP sc04-swipe-autohide-t66.png tick~2327
[10:32:04 t+   67.9] SWIPE focus='mCurrentFocus=Window{ec2dba0 u0 com.ps2x.runner/android.app.NativeActivity}' pid=7502
[10:32:07 t+   71.0] STOP tick 2443 >= 2400
[10:32:08 t+   71.7] SCAP sc05-final-t71.png tick~2443
[10:32:09 t+   73.2] THREADS
Threads: 28 total,   1 running,  27 sleeping,   0 stopped,   0 zombie
  Mem:  7342756K total,  4999172K used,  2343584K free,      656K buffers
 Swap: 10485752K total,   709096K used,  9776656K free,  2323348K cached
800%cpu 142%user   0%nice  23%sys 631%idle   0%iow   4%irq   0%sirq   0%host
  TID USER         PR  NI VIRT  RES  SHR S[%CPU] %MEM     TIME+ THREAD          PROCESS
 7551 u0_a113      10 -10  17G 675M 434M R 65.3   9.4   0:32.98 MTVU            com.ps2x.runner
 7539 u0_a113      10 -10  17G 675M 434M S 38.4   9.4   0:18.47 GameThread      com.ps2x.runner
 7523 u0_a113      10 -10  17G 675M 434M S 30.7   9.4   0:11.46 GsWorker        com.ps2x.runner
 7549 u0_a113      20   0  17G 675M 434M S  0.0   9.4   0:00.00 InteractionJank com.ps2x.runner
 7548 u0_a113      20   0  17G 675M 434M S  0.0   9.4   0:00.00 binder:7502_2   com.ps2x.runner
 7542 u0_a113      10 -10  17G 675M 434M S  0.0   9.4   0:00.09 PGS-Waiter      com.ps2x.runner
 7540 u0_a113      39  19  17G 675M 434M S  0.0   9.4   0:00.00 com.ps:traceq0  com.ps2x.runner
 7538 u0_a113      -3 -10  17G 675M 434M S  0.0   9.4   0:00.23 AAudio_1        com.ps2x.runner
 7531 u0_a113      20   0  17G 675M 434M S  0.0   9.4   0:00.03 binder:7502_4   com.ps2x.runner
 7528 u0_a113      10 -10  17G 675M 434M S  0.0   9.4   0:00.00 com.ps2x.runner com.ps2x.runner
 7527 u0_a113      20   0  17G 675M 434M S  0.0   9.4   0:00.00 InsetsAnimation com.ps2x.runner
 7526 u0_a113      20   0  17G 675M 434M S  0.0   9.4   0:00.00 SurfaceSyncGrou com.ps2x.runner
 7525 u0_a113      10 -10  17G 675M 434M S  0.0   9.4   0:00.00 VsyncReceiver   com.ps2x.runner
 7522 u0_a113      10 -10  17G 675M 434M S  0.0   9.4   0:00.00 com.ps2x.runner com.ps2x.runner
 7521 u0_a113      10 -10  17G 675M 434M S  0.0   9.4   0:00.22 com.ps2x.runner com.ps2x.runner

[10:32:09 t+   73.2] BATTERY status: 5 level: 100
[10:32:12 t+   75.8] RESTORE 090cc981e9f97c9c6007b64e90afaba7ff0b495eae7ede6423bfca826fae29fe match=True
[10:32:12 t+   76.0] MC0-AFTER bad=[]
[10:32:12 t+   76.1] END pid-after=none disconnects=0
