[17:08:59] PRE lease="LEASE_FREE F4 done" keyguard="showing=false" battery=100% ac=true pid0=none
[17:08:59] PRE device-env=9fb46f8509adb1362b5ac74d35ac63a340e39228b64914848ce5ed85d6b74d13 mc0-test='' mc0-bad=[]
[17:08:59] ENV b9f0bb3436a841ae4b94ffe6f3e98a6e1180f3115393b59b532fd5e78d2c646c  /storage/emulated/0/Android/data/com.ps2x.runner/files/ps2x.env
[17:08:59 t+    0.0] AM Starting: Intent { cmp=com.ps2x.runner/android.app.NativeActivity }
[17:09:05 t+    6.3] BACK sent
[17:09:08 t+    8.8] LAYER 'com.ps2x.runner/android.app.NativeActivity#17491' tried=['com.ps2x.runner/android.app.NativeActivity#17491']
[17:10:47 t+  107.6] SCAP sc01-tick2100-t107.png tick~2131
[17:11:16 t+  137.1] PROFILE start tick=2418
[17:11:47 t+  167.5] PROFILE end rc-logged tick~2418
[17:11:47 t+  167.9] SCAP sc02-postprofile-t167.png tick~2418
[17:11:47 t+  168.3] SCAP sc03-final-t167.png tick~2418
[17:11:49 t+  169.9] THREADS
Threads: 28 total,   2 running,  26 sleeping,   0 stopped,   0 zombie
  Mem:  7342756K total,  4325548K used,  3017208K free,      620K buffers
 Swap: 10485752K total,   800828K used,  9684924K free,  1747112K cached
800%cpu 135%user   0%nice  54%sys 600%idle   0%iow   8%irq   4%sirq   0%host
  TID USER         PR  NI VIRT  RES  SHR S[%CPU] %MEM     TIME+ THREAD          PROCESS
24903 u0_a113      10 -10  17G 653M 410M R 69.2   9.1   1:31.93 GameThread      com.ps2x.runner
24884 u0_a113      10 -10  17G 653M 410M R 46.1   9.1   1:15.04 GsWorker        com.ps2x.runner
24882 u0_a113      10 -10  17G 653M 410M S  7.6   9.1   0:09.36 com.ps2x.runner com.ps2x.runner
26526 u0_a113      20   0  17G 653M 410M S  0.0   9.1   0:00.03 binder:24860_5  com.ps2x.runner
24911 u0_a113      20   0  17G 653M 410M S  0.0   9.1   0:00.00 InteractionJank com.ps2x.runner
24910 u0_a113      20   0  17G 653M 410M S  0.0   9.1   0:00.10 binder:24860_4  com.ps2x.runner
24905 u0_a113      10 -10  17G 653M 410M S  0.0   9.1   0:00.10 PGS-Waiter      com.ps2x.runner
24904 u0_a113      39  19  17G 653M 410M S  0.0   9.1   0:00.00 com.ps:traceq0  com.ps2x.runner
24902 u0_a113      -3 -10  17G 653M 410M S  0.0   9.1   0:00.58 AAudio_1        com.ps2x.runner
24896 u0_a113      20   0  17G 653M 410M S  0.0   9.1   0:00.20 binder:24860_4  com.ps2x.runner
24895 u0_a113      10 -10  17G 653M 410M S  0.0   9.1   0:00.00 com.ps2x.runner com.ps2x.runner
24888 u0_a113      20   0  17G 653M 410M S  0.0   9.1   0:00.00 InsetsAnimation com.ps2x.runner
24887 u0_a113      20   0  17G 653M 410M S  0.0   9.1   0:00.00 SurfaceSyncGrou com.ps2x.runner
24886 u0_a113      10 -10  17G 653M 410M S  0.0   9.1   0:00.00 VsyncReceiver   com.ps2x.runner
24883 u0_a113      10 -10  17G 653M 410M S  0.0   9.1   0:00.00 com.ps2x.runner com.ps2x.runner

[17:11:49 t+  169.9] BATTERY status: 5 level: 100
[17:11:52 t+  172.8] RESTORE 9fb46f8509adb1362b5ac74d35ac63a340e39228b64914848ce5ed85d6b74d13 match=True
[17:11:52 t+  173.1] MC0-AFTER bad=[]
[17:11:52 t+  173.2] END pid-after=none
