[19:51:05] PRE lease="LEASE_FREE N12 done" keyguard="showing=false" battery=100% ac=true pid0=none
[19:51:05] PRE device-env=a8d651a7e55f7e29f1345f28f4ea634e06ae757f535e29439ab61c930bcc0ebd mc0-test='' mc0-bad=[]
[19:51:05] ENV 5e89e97e9faeedf9d938ebacb24ec68e32e335a2506961cf06a89a472eb22bfb  /storage/emulated/0/Android/data/com.ps2x.runner/files/ps2x.env
[19:51:05 t+    0.1] AM Starting: Intent { cmp=com.ps2x.runner/android.app.NativeActivity }
[19:51:11 t+    6.2] FOCUS app-foreground, no BACK ('mCurrentFocus=Window{813113e u0 com.ps2x.runner/android.app.NativeActivity}')
[19:51:13 t+    8.3] LAYER 'com.ps2x.runner/android.app.NativeActivity#18090' tried=['com.ps2x.runner/android.app.NativeActivity#18090']
[19:51:58 t+   52.4] CPUWIN start tick=1815
[19:52:22 t+   76.6] SCAP sc01-tick2100-t76.png tick~2117
[19:52:41 t+   96.3] CPUWIN end tick=2395
[19:52:47 t+  102.1] PROFILE start tick=2467
[19:53:18 t+  133.0] PROFILE end rc-logged tick~2467
[19:53:19 t+  133.4] SCAP sc02-postprofile-t133.png tick~2467
[19:53:19 t+  133.8] SCAP sc03-final-t133.png tick~2467
[19:53:20 t+  135.2] THREADS
Threads: 29 total,   1 running,  28 sleeping,   0 stopped,   0 zombie
  Mem:  7342756K total,  5165492K used,  2177264K free,      660K buffers
 Swap: 10485752K total,   720904K used,  9764848K free,  2450332K cached
800%cpu 100%user   0%nice  35%sys 654%idle   0%iow   8%irq   4%sirq   0%host
  TID USER         PR  NI VIRT  RES  SHR S[%CPU] %MEM     TIME+ THREAD          PROCESS
15406 u0_a113      10 -10  17G 730M 485M R 73.0  10.1   1:30.27 GameThread      com.ps2x.runner
15387 u0_a113      10 -10  17G 730M 485M S 19.2  10.1   0:19.74 GsWorker        com.ps2x.runner
15385 u0_a113      10 -10  17G 730M 485M S  3.8  10.1   0:08.17 com.ps2x.runner com.ps2x.runner
15420 u0_a113      10 -10  17G 730M 485M S  0.0  10.1   0:00.00 com.ps2x.runner com.ps2x.runner
15419 u0_a113      10 -10  17G 730M 485M S  0.0  10.1   0:00.00 com.ps2x.runner com.ps2x.runner
15415 u0_a113      20   0  17G 730M 485M S  0.0  10.1   0:00.00 InteractionJank com.ps2x.runner
15414 u0_a113      20   0  17G 730M 485M S  0.0  10.1   0:00.08 binder:15367_4  com.ps2x.runner
15409 u0_a113      10 -10  17G 730M 485M S  0.0  10.1   0:00.11 PGS-Waiter      com.ps2x.runner
15408 u0_a113      39  19  17G 730M 485M S  0.0  10.1   0:00.00 com.ps:traceq0  com.ps2x.runner
15405 u0_a113      -3 -10  17G 730M 485M S  0.0  10.1   0:00.47 AAudio_1        com.ps2x.runner
15398 u0_a113      10 -10  17G 730M 485M S  0.0  10.1   0:00.00 com.ps2x.runner com.ps2x.runner
15399 u0_a113      20   0  17G 730M 485M S  0.0  10.1   0:00.16 binder:15367_4  com.ps2x.runner
15391 u0_a113      20   0  17G 730M 485M S  0.0  10.1   0:00.00 InsetsAnimation com.ps2x.runner
15390 u0_a113      20   0  17G 730M 485M S  0.0  10.1   0:00.00 SurfaceSyncGrou com.ps2x.runner
15389 u0_a113      10 -10  17G 730M 485M S  0.0  10.1   0:00.00 VsyncReceiver   com.ps2x.runner

[19:53:20 t+  135.3] BATTERY status: 5 level: 100
[19:53:23 t+  138.3] RESTORE a8d651a7e55f7e29f1345f28f4ea634e06ae757f535e29439ab61c930bcc0ebd match=True
[19:53:24 t+  138.5] MC0-AFTER bad=[]
[19:53:24 t+  138.5] END pid-after=none disconnects=0
