[0/2] Re-checking globbed directories...
[1/234] Building C object ps2xRecomp/CMakeFiles/rabbitizer.dir/__/_deps/rabbitizer-src/src/analysis/RabbitizerJrRegData.c.o
[2/234] Building C object ps2xRecomp/CMakeFiles/rabbitizer.dir/__/_deps/rabbitizer-src/src/analysis/RabbitizerLoPairingInfo.c.o
[3/234] Building C object ps2xRecomp/CMakeFiles/rabbitizer.dir/__/_deps/rabbitizer-src/src/analysis/RabbitizerTrackedRegisterState.c.o
[4/234] Building C object ps2xRecomp/CMakeFiles/rabbitizer.dir/__/_deps/rabbitizer-src/src/common/RabbitizerConfig.c.o
[5/234] Building C object ps2xRecomp/CMakeFiles/rabbitizer.dir/__/_deps/rabbitizer-src/src/common/RabbitizerVersion.c.o
[6/234] Building C object ps2xRecomp/CMakeFiles/rabbitizer.dir/__/_deps/rabbitizer-src/src/common/Utils.c.o
[7/234] Building C object ps2xRecomp/CMakeFiles/rabbitizer.dir/__/_deps/rabbitizer-src/src/analysis/RabbitizerRegistersTracker.c.o
[8/234] Building C object ps2xRecomp/CMakeFiles/rabbitizer.dir/__/_deps/rabbitizer-src/src/instructions/RabbitizerInstrCategory.c.o
[9/234] Building C object ps2xRecomp/CMakeFiles/rabbitizer.dir/__/_deps/rabbitizer-src/src/instructions/RabbitizerInstrIdType.c.o
[10/234] Building C object ps2xRecomp/CMakeFiles/rabbitizer.dir/__/_deps/rabbitizer-src/src/instructions/RabbitizerInstrDescriptor.c.o
[11/234] Building C object ps2xRecomp/CMakeFiles/rabbitizer.dir/__/_deps/rabbitizer-src/src/instructions/RabbitizerInstrId.c.o
[12/234] Building C object ps2xRecomp/CMakeFiles/rabbitizer.dir/__/_deps/rabbitizer-src/src/instructions/RabbitizerInstrSuffix.c.o
[13/234] Building C object ps2xRecomp/CMakeFiles/rabbitizer.dir/__/_deps/rabbitizer-src/src/instructions/RabbitizerInstruction/RabbitizerInstruction_Disassemble.c.o
[14/234] Building C object ps2xRecomp/CMakeFiles/rabbitizer.dir/__/_deps/rabbitizer-src/src/instructions/RabbitizerInstruction/RabbitizerInstruction.c.o
[15/234] Building C object ps2xRecomp/CMakeFiles/rabbitizer.dir/__/_deps/rabbitizer-src/src/instructions/RabbitizerInstruction/RabbitizerInstruction_Examination.c.o
[16/234] Building C object ps2xRecomp/CMakeFiles/rabbitizer.dir/__/_deps/rabbitizer-src/src/instructions/RabbitizerInstruction/RabbitizerInstruction_Operand.c.o
[17/234] Building C object ps2xRecomp/CMakeFiles/rabbitizer.dir/__/_deps/rabbitizer-src/src/instructions/RabbitizerInstructionR3000GTE/RabbitizerInstructionR3000GTE.c.o
[18/234] Building C object ps2xRecomp/CMakeFiles/rabbitizer.dir/__/_deps/rabbitizer-src/src/instructions/RabbitizerInstructionCpu/RabbitizerInstructionCpu_OperandType.c.o
[19/234] Building C object ps2xRecomp/CMakeFiles/rabbitizer.dir/__/_deps/rabbitizer-src/src/instructions/RabbitizerInstructionR3000GTE/RabbitizerInstructionR3000GTE_OperandType.c.o
[20/234] Building C object ps2xRecomp/CMakeFiles/rabbitizer.dir/__/_deps/rabbitizer-src/src/instructions/RabbitizerInstructionR3000GTE/RabbitizerInstructionR3000GTE_ProcessUniqueId.c.o
[21/234] Building C object ps2xRecomp/CMakeFiles/rabbitizer.dir/__/_deps/rabbitizer-src/src/instructions/RabbitizerInstructionR4000Allegrex/RabbitizerInstructionR4000Allegrex.c.o
[22/234] Building C object ps2xRecomp/CMakeFiles/rabbitizer.dir/__/_deps/rabbitizer-src/src/instructions/RabbitizerInstructionR4000Allegrex/RabbitizerInstructionR4000Allegrex_OperandType.c.o
[23/234] Building C object ps2xRecomp/CMakeFiles/rabbitizer.dir/__/_deps/rabbitizer-src/src/instructions/RabbitizerInstructionR5900/RabbitizerInstructionR5900.c.o
[24/234] Building C object ps2xRecomp/CMakeFiles/rabbitizer.dir/__/_deps/rabbitizer-src/src/instructions/RabbitizerInstruction/RabbitizerInstruction_ProcessUniqueId.c.o
[25/234] Building C object ps2xRecomp/CMakeFiles/rabbitizer.dir/__/_deps/rabbitizer-src/src/instructions/RabbitizerInstructionR5900/RabbitizerInstructionR5900_OperandType.c.o
[26/234] Building C object ps2xRecomp/CMakeFiles/rabbitizer.dir/__/_deps/rabbitizer-src/src/instructions/RabbitizerInstructionRsp/RabbitizerInstructionRsp.c.o
[27/234] Building C object ps2xRecomp/CMakeFiles/rabbitizer.dir/__/_deps/rabbitizer-src/src/instructions/RabbitizerInstructionRsp/RabbitizerInstructionRsp_OperandType.c.o
[28/234] Building C object ps2xRecomp/CMakeFiles/rabbitizer.dir/__/_deps/rabbitizer-src/src/instructions/RabbitizerInstructionRsp/RabbitizerInstructionRsp_ProcessUniqueId.c.o
[29/234] Building C object ps2xRecomp/CMakeFiles/rabbitizer.dir/__/_deps/rabbitizer-src/src/instructions/RabbitizerInstructionR5900/RabbitizerInstructionR5900_ProcessUniqueId.c.o
[30/234] Building C object ps2xRecomp/CMakeFiles/rabbitizer.dir/__/_deps/rabbitizer-src/src/instructions/RabbitizerRegister.c.o
[31/234] Building C object ps2xRecomp/CMakeFiles/rabbitizer.dir/__/_deps/rabbitizer-src/src/instructions/RabbitizerRegisterDescriptor.c.o
[32/234] Building C object ps2xRecomp/CMakeFiles/rabbitizer.dir/__/_deps/rabbitizer-src/src/instructions/RabbitizerInstructionR4000Allegrex/RabbitizerInstructionR4000Allegrex_ProcessUniqueId.c.o
[33/234] Building CXX object _deps/fmt-build/CMakeFiles/fmt.dir/src/os.cc.o
[34/234] Building CXX object _deps/fmt-build/CMakeFiles/fmt.dir/src/format.cc.o
In file included from /Volumes/Extreme SSD/ps2x-p1y/build/_deps/fmt-src/src/format.cc:8:
In file included from /Volumes/Extreme SSD/ps2x-p1y/build/_deps/fmt-src/include/fmt/format-inl.h:23:
In file included from /Volumes/Extreme SSD/ps2x-p1y/build/_deps/fmt-src/include/fmt/format.h:41:
/Volumes/Extreme SSD/ps2x-p1y/build/_deps/fmt-src/include/fmt/base.h:930:5: warning: ignoring return value of function declared with 'nodiscard' attribute [-Wunused-result]
  930 |     isalpha('x', loc);
      |     ^~~~~~~~~~~~~~~~~
/Volumes/Extreme SSD/ps2x-p1y/build/_deps/fmt-src/src/format.cc:13:30: note: in instantiation of function template specialization 'fmt::locale_ref::locale_ref<std::locale, 0>' requested here
   13 | template FMT_API locale_ref::locale_ref(const std::locale& loc);  // DEPRECATED!
      |                              ^
1 warning generated.
[35/234] Building C object _deps/libdwarf-build/src/lib/libdwarf/CMakeFiles/dwarf.dir/dwarf_crc.c.o
[36/234] Building C object _deps/libdwarf-build/src/lib/libdwarf/CMakeFiles/dwarf.dir/dwarf_crc32.c.o
[37/234] Building C object _deps/libdwarf-build/src/lib/libdwarf/CMakeFiles/dwarf.dir/dwarf_abbrev.c.o
[38/234] Building C object _deps/libdwarf-build/src/lib/libdwarf/CMakeFiles/dwarf.dir/dwarf_arange.c.o
[39/234] Building C object _deps/libdwarf-build/src/lib/libdwarf/CMakeFiles/dwarf.dir/dwarf_alloc.c.o
[40/234] Building C object _deps/libdwarf-build/src/lib/libdwarf/CMakeFiles/dwarf.dir/dwarf_debugaddr.c.o
[41/234] Building C object _deps/libdwarf-build/src/lib/libdwarf/CMakeFiles/dwarf.dir/dwarf_debug_sup.c.o
[42/234] Building C object _deps/libdwarf-build/src/lib/libdwarf/CMakeFiles/dwarf.dir/dwarf_die_deliv.c.o
[43/234] Building C object _deps/libdwarf-build/src/lib/libdwarf/CMakeFiles/dwarf.dir/dwarf_dsc.c.o
[44/234] Building C object _deps/libdwarf-build/src/lib/libdwarf/CMakeFiles/dwarf.dir/dwarf_debuglink.c.o
[45/234] Building C object _deps/libdwarf-build/src/lib/libdwarf/CMakeFiles/dwarf.dir/dwarf_debugnames.c.o
[46/234] Building C object _deps/libdwarf-build/src/lib/libdwarf/CMakeFiles/dwarf.dir/dwarf_elfread.c.o
[47/234] Building C object _deps/libdwarf-build/src/lib/libdwarf/CMakeFiles/dwarf.dir/dwarf_elf_load_headers.c.o
[48/234] Building C object _deps/libdwarf-build/src/lib/libdwarf/CMakeFiles/dwarf.dir/dwarf_elf_rel_detector.c.o
[49/234] Building C object _deps/libdwarf-build/src/lib/libdwarf/CMakeFiles/dwarf.dir/dwarf_error.c.o
[50/234] Building C object _deps/libdwarf-build/src/lib/libdwarf/CMakeFiles/dwarf.dir/dwarf_find_sigref.c.o
[51/234] Building C object _deps/libdwarf-build/src/lib/libdwarf/CMakeFiles/dwarf.dir/dwarf_fill_in_attr_form.c.o
[52/234] Building C object _deps/libdwarf-build/src/lib/libdwarf/CMakeFiles/dwarf.dir/dwarf_fission_to_cu.c.o
[53/234] Building C object _deps/libdwarf-build/src/lib/libdwarf/CMakeFiles/dwarf.dir/dwarf_form.c.o
[54/234] Building C object _deps/libdwarf-build/src/lib/libdwarf/CMakeFiles/dwarf.dir/dwarf_form_class_names.c.o
[55/234] Building C object _deps/libdwarf-build/src/lib/libdwarf/CMakeFiles/dwarf.dir/dwarf_frame2.c.o
[56/234] Building C object _deps/libdwarf-build/src/lib/libdwarf/CMakeFiles/dwarf.dir/dwarf_frame.c.o
[57/234] Building C object _deps/libdwarf-build/src/lib/libdwarf/CMakeFiles/dwarf.dir/dwarf_gdbindex.c.o
[58/234] Building C object _deps/libdwarf-build/src/lib/libdwarf/CMakeFiles/dwarf.dir/dwarf_harmless.c.o
[59/234] Building C object _deps/libdwarf-build/src/lib/libdwarf/CMakeFiles/dwarf.dir/dwarf_groups.c.o
[60/234] Building C object _deps/libdwarf-build/src/lib/libdwarf/CMakeFiles/dwarf.dir/dwarf_gnu_index.c.o
[61/234] Building C object _deps/libdwarf-build/src/lib/libdwarf/CMakeFiles/dwarf.dir/dwarf_global.c.o
[62/234] Building C object _deps/libdwarf-build/src/lib/libdwarf/CMakeFiles/dwarf.dir/dwarf_generic_init.c.o
[63/234] Building C object _deps/libdwarf-build/src/lib/libdwarf/CMakeFiles/dwarf.dir/dwarf_loc.c.o
[64/234] Building C object _deps/libdwarf-build/src/lib/libdwarf/CMakeFiles/dwarf.dir/dwarf_leb.c.o
[65/234] Building C object _deps/libdwarf-build/src/lib/libdwarf/CMakeFiles/dwarf.dir/dwarf_line.c.o
[66/234] Building C object _deps/libdwarf-build/src/lib/libdwarf/CMakeFiles/dwarf.dir/dwarf_init_finish.c.o
[67/234] Building C object _deps/libdwarf-build/src/lib/libdwarf/CMakeFiles/dwarf.dir/dwarf_loclists.c.o
[68/234] Building C object _deps/libdwarf-build/src/lib/libdwarf/CMakeFiles/dwarf.dir/dwarf_locationop_read.c.o
[69/234] Building C object _deps/libdwarf-build/src/lib/libdwarf/CMakeFiles/dwarf.dir/dwarf_local_malloc.c.o
[70/234] Building C object _deps/libdwarf-build/src/lib/libdwarf/CMakeFiles/dwarf.dir/dwarf_lvn_name.c.o
[71/234] Building C object _deps/libdwarf-build/src/lib/libdwarf/CMakeFiles/dwarf.dir/dwarf_64machoread.c.o
[72/234] Building C object _deps/libdwarf-build/src/lib/libdwarf/CMakeFiles/dwarf.dir/dwarf_machoread.c.o
[73/234] Building C object _deps/libdwarf-build/src/lib/libdwarf/CMakeFiles/dwarf.dir/dwarf_macro5.c.o
[74/234] Building C object _deps/libdwarf-build/src/lib/libdwarf/CMakeFiles/dwarf.dir/dwarf_memcpy_swap.c.o
[75/234] Building C object _deps/libdwarf-build/src/lib/libdwarf/CMakeFiles/dwarf.dir/dwarf_macro.c.o
[76/234] Building C object _deps/libdwarf-build/src/lib/libdwarf/CMakeFiles/dwarf.dir/dwarf_names.c.o
[77/234] Building C object _deps/libdwarf-build/src/lib/libdwarf/CMakeFiles/dwarf.dir/dwarf_object_read_common.c.o
[78/234] Building C object _deps/libdwarf-build/src/lib/libdwarf/CMakeFiles/dwarf.dir/dwarf_object_detector.c.o
[79/234] Building C object _deps/libdwarf-build/src/lib/libdwarf/CMakeFiles/dwarf.dir/dwarf_ranges.c.o
[80/234] Building C object _deps/libdwarf-build/src/lib/libdwarf/CMakeFiles/dwarf.dir/dwarf_peread.c.o
[81/234] Building C object _deps/libdwarf-build/src/lib/libdwarf/CMakeFiles/dwarf.dir/dwarf_query.c.o
[82/234] Building C object _deps/libdwarf-build/src/lib/libdwarf/CMakeFiles/dwarf.dir/dwarf_rnglists.c.o
[83/234] Building C object _deps/libdwarf-build/src/lib/libdwarf/CMakeFiles/dwarf.dir/dwarf_safe_strcpy.c.o
[84/234] Building C object _deps/libdwarf-build/src/lib/libdwarf/CMakeFiles/dwarf.dir/dwarf_safe_arithmetic.c.o
[85/234] Building C object _deps/libdwarf-build/src/lib/libdwarf/CMakeFiles/dwarf.dir/dwarf_secname_ck.c.o
[86/234] Building C object _deps/libdwarf-build/src/lib/libdwarf/CMakeFiles/dwarf.dir/dwarf_seekr.c.o
[87/234] Building C object _deps/libdwarf-build/src/lib/libdwarf/CMakeFiles/dwarf.dir/dwarf_setup_sections.c.o
[88/234] Building C object _deps/libdwarf-build/src/lib/libdwarf/CMakeFiles/dwarf.dir/dwarf_string.c.o
[89/234] Building C object _deps/libdwarf-build/src/lib/libdwarf/CMakeFiles/dwarf.dir/dwarf_stringsection.c.o
[90/234] Building C object _deps/libdwarf-build/src/lib/libdwarf/CMakeFiles/dwarf.dir/dwarf_tied.c.o
[91/234] Building C object _deps/libdwarf-build/src/lib/libdwarf/CMakeFiles/dwarf.dir/dwarf_str_offsets.c.o
[92/234] Building C object _deps/libdwarf-build/src/lib/libdwarf/CMakeFiles/dwarf.dir/dwarf_tsearchhash.c.o
[93/234] Building C object _deps/libdwarf-build/src/lib/libdwarf/CMakeFiles/dwarf.dir/dwarf_util.c.o
[94/234] Linking C static library ps2xRecomp/librabbitizer.a
[95/234] Building C object _deps/libdwarf-build/src/lib/libdwarf/CMakeFiles/dwarf.dir/dwarf_xu_index.c.o
[96/234] Building C object _deps/libdwarf-build/src/lib/libdwarf/CMakeFiles/dwarf.dir/dwarf_print_lines.c.o
[97/234] Building CXX object ps2xRecomp/CMakeFiles/ps2_recomp_lib.dir/src/lib/control_flow_analyzer.cpp.o
[98/234] Building CXX object ps2xRecomp/CMakeFiles/ps2_recomp_lib.dir/src/lib/control_flow_emitter.cpp.o
[99/234] Building CXX object ps2xRecomp/CMakeFiles/ps2_recomp_lib.dir/src/lib/code_generator.cpp.o
[100/234] Building CXX object ps2xRecomp/CMakeFiles/ps2_recomp_lib.dir/src/lib/cop0_translator.cpp.o
[101/234] Building CXX object ps2xRecomp/CMakeFiles/ps2_recomp_lib.dir/src/lib/fpu_translator.cpp.o
[102/234] Building CXX object ps2xRecomp/CMakeFiles/ps2_recomp_lib.dir/src/lib/function_emitter.cpp.o
[103/234] Building CXX object ps2xRecomp/CMakeFiles/ps2_recomp_lib.dir/src/lib/function_table_emitter.cpp.o
[104/234] Building CXX object ps2xRecomp/CMakeFiles/ps2_recomp_lib.dir/src/lib/gif_dma_kick_analyzer.cpp.o
[105/234] Building CXX object ps2xRecomp/CMakeFiles/ps2_recomp_lib.dir/src/lib/jump_table_switch_emitter.cpp.o
[106/234] Building CXX object ps2xRecomp/CMakeFiles/ps2_recomp_lib.dir/src/lib/mmi_translation_helpers.cpp.o
[107/234] Building CXX object ps2xRecomp/CMakeFiles/ps2_recomp_lib.dir/src/lib/instruction_translator.cpp.o
[108/234] Building CXX object ps2xRecomp/CMakeFiles/ps2_recomp_lib.dir/src/lib/mmi_translator.cpp.o
[109/234] Building CXX object ps2xRecomp/CMakeFiles/ps2_recomp_lib.dir/src/lib/elf_parser.cpp.o
[110/234] Building CXX object ps2xRecomp/CMakeFiles/ps2_recomp_lib.dir/src/lib/r5900_decoder.cpp.o
[111/234] Building CXX object ps2xRecomp/CMakeFiles/ps2_recomp_lib.dir/src/lib/recompiler_reporter.cpp.o
[112/234] Building CXX object ps2xRecomp/CMakeFiles/ps2_recomp_lib.dir/src/lib/special_translator.cpp.o
[113/234] Building CXX object ps2xRecomp/CMakeFiles/ps2_recomp_lib.dir/src/lib/regimm_translator.cpp.o
[114/234] Building CXX object ps2xRecomp/CMakeFiles/ps2_recomp_lib.dir/src/lib/ps2_recompiler.cpp.o
[115/234] Building CXX object ps2xRecomp/CMakeFiles/ps2_recomp_lib.dir/src/lib/vu_translator.cpp.o
[116/234] Linking CXX static library _deps/fmt-build/libfmt.a
[117/234] Building CXX object ps2xRecomp/CMakeFiles/ps2_recomp_lib.dir/src/lib/vu_translation_helpers.cpp.o
[118/234] Linking C static library _deps/libdwarf-build/src/lib/libdwarf/libdwarf.a
[119/234] Building CXX object ps2xRecomp/CMakeFiles/ps2_recomp_lib.dir/src/lib/config_manager.cpp.o
In file included from /Volumes/Extreme SSD/ps2x-p1y/fork/ps2xRecomp/src/lib/config_manager.cpp:3:
In file included from /Volumes/Extreme SSD/ps2x-p1y/build/_deps/toml11-src/include/toml.hpp:40:
In file included from /Volumes/Extreme SSD/ps2x-p1y/build/_deps/toml11-src/include/toml11/literal.hpp:4:
/Volumes/Extreme SSD/ps2x-p1y/build/_deps/toml11-src/include/toml11/fwd/literal_fwd.hpp:22:26: warning: identifier '_toml' preceded by whitespace in a literal operator declaration is deprecated [-Wdeprecated-literal-operator]
   22 | ::toml::value operator"" _toml(const char* str, std::size_t len);
      |               ~~~~~~~~~~~^~~~~
      |               operator""_toml
/Volumes/Extreme SSD/ps2x-p1y/build/_deps/toml11-src/include/toml11/fwd/literal_fwd.hpp:27:26: warning: identifier '_toml' preceded by whitespace in a literal operator declaration is deprecated [-Wdeprecated-literal-operator]
   27 | ::toml::value operator"" _toml(const char8_t* str, std::size_t len);
      |               ~~~~~~~~~~~^~~~~
      |               operator""_toml
In file included from /Volumes/Extreme SSD/ps2x-p1y/fork/ps2xRecomp/src/lib/config_manager.cpp:3:
In file included from /Volumes/Extreme SSD/ps2x-p1y/build/_deps/toml11-src/include/toml.hpp:40:
In file included from /Volumes/Extreme SSD/ps2x-p1y/build/_deps/toml11-src/include/toml11/literal.hpp:7:
/Volumes/Extreme SSD/ps2x-p1y/build/_deps/toml11-src/include/toml11/impl/literal_impl.hpp:118:12: warning: identifier '_toml' preceded by whitespace in a literal operator declaration is deprecated [-Wdeprecated-literal-operator]
  118 | operator"" _toml(const char* str, std::size_t len)
      | ~~~~~~~~~~~^~~~~
      | operator""_toml
/Volumes/Extreme SSD/ps2x-p1y/build/_deps/toml11-src/include/toml11/impl/literal_impl.hpp:149:12: warning: identifier '_toml' preceded by whitespace in a literal operator declaration is deprecated [-Wdeprecated-literal-operator]
  149 | operator"" _toml(const char8_t* str, std::size_t len)
      | ~~~~~~~~~~~^~~~~
      | operator""_toml
4 warnings generated.
[120/234] Building CXX object ps2xIOP/CMakeFiles/ps2_iop.dir/src/builtin_profiles.cpp.o
[121/234] Building CXX object ps2xIOP/CMakeFiles/ps2_iop.dir/src/iop_subsystem.cpp.o
[122/234] Building CXX object ps2xIOP/CMakeFiles/ps2_iop.dir/src/plugin_loader.cpp.o
[123/234] Building CXX object ps2xIOP/CMakeFiles/ps2_iop.dir/src/modules/dbcman.cpp.o
[124/234] Building CXX object ps2xIOP/CMakeFiles/ps2_iop.dir/src/modules/libsd.cpp.o
[125/234] Building CXX object ps2xIOP/CMakeFiles/ps2_iop.dir/src/modules/mcserv.cpp.o
[126/234] Building CXX object ps2xIOP/CMakeFiles/ps2_iop.dir/src/modules/tsnddrv.cpp.o
[127/234] Building CXX object ps2xIOP/CMakeFiles/ps2_iop.dir/src/modules/cri_dtx.cpp.o
[128/234] Building CXX object ps2xIOP/CMakeFiles/ps2_iop.dir/src/modules/clfile.cpp.o
[129/234] Building CXX object ps2xIOP/CMakeFiles/ps2_iop.dir/src/modules/sound_update_stub.cpp.o
[130/234] Building CXX object ps2xIOP/CMakeFiles/ps2_iop.dir/src/modules/sdrdrv.cpp.o
[131/234] Building C object _deps/raylib-build/raylib/CMakeFiles/raylib.dir/rshapes.c.o
[132/234] Building C object _deps/raylib-build/raylib/CMakeFiles/raylib.dir/rtext.c.o
[133/234] Building C object _deps/raylib-build/raylib/CMakeFiles/raylib.dir/rcore.c.o
[134/234] Building C object _deps/raylib-build/raylib/CMakeFiles/raylib.dir/utils.c.o
[135/234] Building C object _deps/raylib-build/raylib/external/glfw/src/CMakeFiles/glfw.dir/context.c.o
[136/234] Building C object _deps/raylib-build/raylib/external/glfw/src/CMakeFiles/glfw.dir/init.c.o
[137/234] Building C object _deps/raylib-build/raylib/CMakeFiles/raylib.dir/rmodels.c.o
[138/234] Building C object _deps/raylib-build/raylib/external/glfw/src/CMakeFiles/glfw.dir/input.c.o
[139/234] Building C object _deps/raylib-build/raylib/external/glfw/src/CMakeFiles/glfw.dir/monitor.c.o
[140/234] Building C object _deps/raylib-build/raylib/external/glfw/src/CMakeFiles/glfw.dir/platform.c.o
[141/234] Building C object _deps/raylib-build/raylib/external/glfw/src/CMakeFiles/glfw.dir/vulkan.c.o
[142/234] Building C object _deps/raylib-build/raylib/external/glfw/src/CMakeFiles/glfw.dir/window.c.o
[143/234] Building C object _deps/raylib-build/raylib/external/glfw/src/CMakeFiles/glfw.dir/egl_context.c.o
[144/234] Building C object _deps/raylib-build/raylib/CMakeFiles/raylib.dir/raudio.c.o
In file included from /Volumes/Extreme SSD/ps2x-p1y/build/_deps/raylib-src/src/raudio.c:180:
In file included from /Volumes/Extreme SSD/ps2x-p1y/build/_deps/raylib-src/src/external/miniaudio.h:31814:
In file included from /Applications/Xcode.app/Contents/Developer/Platforms/MacOSX.platform/Developer/SDKs/MacOSX.sdk/System/Library/Frameworks/AudioToolbox.framework/Headers/AudioToolbox.h:43:
In file included from /Applications/Xcode.app/Contents/Developer/Platforms/MacOSX.platform/Developer/SDKs/MacOSX.sdk/System/Library/Frameworks/AudioToolbox.framework/Headers/MusicPlayer.h:44:
/Applications/Xcode.app/Contents/Developer/Platforms/MacOSX.platform/Developer/SDKs/MacOSX.sdk/System/Library/Frameworks/CoreMIDI.framework/Headers/MIDIServices.h:311:32: warning: redefinition of typedef 'MIDIEventList' is a C11 feature [-Wtypedef-redefinition]
  311 | typedef struct MIDIEventList                    MIDIEventList;                  // Universal MIDI Packet
      |                                                 ^
/Applications/Xcode.app/Contents/Developer/Platforms/MacOSX.platform/Developer/SDKs/MacOSX.sdk/System/Library/Frameworks/AudioToolbox.framework/Headers/MusicDevice.h:178:30: note: previous definition is here
  178 | typedef struct MIDIEventList MIDIEventList;
      |                              ^
In file included from /Volumes/Extreme SSD/ps2x-p1y/build/_deps/raylib-src/src/raudio.c:180:
In file included from /Volumes/Extreme SSD/ps2x-p1y/build/_deps/raylib-src/src/external/miniaudio.h:31814:
In file included from /Applications/Xcode.app/Contents/Developer/Platforms/MacOSX.platform/Developer/SDKs/MacOSX.sdk/System/Library/Frameworks/AudioToolbox.framework/Headers/AudioToolbox.h:43:
In file included from /Applications/Xcode.app/Contents/Developer/Platforms/MacOSX.platform/Developer/SDKs/MacOSX.sdk/System/Library/Frameworks/AudioToolbox.framework/Headers/MusicPlayer.h:44:
/Applications/Xcode.app/Contents/Developer/Platforms/MacOSX.platform/Developer/SDKs/MacOSX.sdk/System/Library/Frameworks/CoreMIDI.framework/Headers/MIDIServices.h:528:30: warning: redefinition of typedef 'MIDIEventList' is a C11 feature [-Wtypedef-redefinition]
  528 | typedef struct MIDIEventList MIDIEventList;
      |                              ^
/Applications/Xcode.app/Contents/Developer/Platforms/MacOSX.platform/Developer/SDKs/MacOSX.sdk/System/Library/Frameworks/CoreMIDI.framework/Headers/MIDIServices.h:311:32: note: previous definition is here
  311 | typedef struct MIDIEventList                    MIDIEventList;                  // Universal MIDI Packet
      |                                                 ^
/Applications/Xcode.app/Contents/Developer/Platforms/MacOSX.platform/Developer/SDKs/MacOSX.sdk/System/Library/Frameworks/CoreMIDI.framework/Headers/MIDIServices.h:1034:146: warning: unknown platform 'bridgeos' in availability macro [-Wavailability]
 1034 | extern const CFStringRef        kMIDIPropertyFactoryPatchNameFile               API_DEPRECATED_WITH_REPLACEMENT("kMIDIPropertyNameConfiguration", macos(10.1, 10.2)) MIDI_API_UNAVAILABLE_NON_MACOS;
      |                                                                                                                                                                      ^
/Applications/Xcode.app/Contents/Developer/Platforms/MacOSX.platform/Developer/SDKs/MacOSX.sdk/System/Library/Frameworks/CoreMIDI.framework/Headers/MIDIServices.h:79:20: note: expanded from macro 'MIDI_API_UNAVAILABLE_NON_MACOS'
   79 |         __OS_AVAILABILITY(bridgeos, unavailable) \
      |                           ^
/Applications/Xcode.app/Contents/Developer/Platforms/MacOSX.platform/Developer/SDKs/MacOSX.sdk/System/Library/Frameworks/CoreMIDI.framework/Headers/MIDIServices.h:1047:144: warning: unknown platform 'bridgeos' in availability macro [-Wavailability]
 1047 | extern const CFStringRef        kMIDIPropertyUserPatchNameFile                  API_DEPRECATED_WITH_REPLACEMENT("kMIDIPropertyNameConfiguration", macos(10.1, 10.2)) MIDI_API_UNAVAILABLE_NON_MACOS;
      |                                                                                                                                                                      ^
/Applications/Xcode.app/Contents/Developer/Platforms/MacOSX.platform/Developer/SDKs/MacOSX.sdk/System/Library/Frameworks/CoreMIDI.framework/Headers/MIDIServices.h:79:20: note: expanded from macro 'MIDI_API_UNAVAILABLE_NON_MACOS'
   79 |         __OS_AVAILABILITY(bridgeos, unavailable) \
      |                           ^
In file included from /Volumes/Extreme SSD/ps2x-p1y/build/_deps/raylib-src/src/raudio.c:218:
/Volumes/Extreme SSD/ps2x-p1y/build/_deps/raylib-src/src/external/stb_vorbis.c:1404:75: warning: pointer comparison always evaluates to false [-Wtautological-compare]
 1404 |       if (f->stream_start + loc >= f->stream_end || f->stream_start + loc < f->stream_start) {
      |                                                                           ^
5 warnings generated.
[145/234] Building C object _deps/raylib-build/raylib/external/glfw/src/CMakeFiles/glfw.dir/osmesa_context.c.o
[146/234] Building C object _deps/raylib-build/raylib/external/glfw/src/CMakeFiles/glfw.dir/null_init.c.o
[147/234] Building C object _deps/raylib-build/raylib/CMakeFiles/raylib.dir/rtextures.c.o
[148/234] Building C object _deps/raylib-build/raylib/external/glfw/src/CMakeFiles/glfw.dir/null_monitor.c.o
[149/234] Building C object _deps/raylib-build/raylib/external/glfw/src/CMakeFiles/glfw.dir/null_window.c.o
[150/234] Building C object _deps/raylib-build/raylib/external/glfw/src/CMakeFiles/glfw.dir/null_joystick.c.o
[151/234] Building C object _deps/raylib-build/raylib/external/glfw/src/CMakeFiles/glfw.dir/cocoa_time.c.o
[152/234] Building C object _deps/raylib-build/raylib/external/glfw/src/CMakeFiles/glfw.dir/posix_module.c.o
[153/234] Building C object _deps/raylib-build/raylib/external/glfw/src/CMakeFiles/glfw.dir/posix_thread.c.o
[154/234] Building C object _deps/raylib-build/raylib/external/glfw/src/CMakeFiles/glfw.dir/cocoa_init.m.o
[155/234] Building C object _deps/raylib-build/raylib/external/glfw/src/CMakeFiles/glfw.dir/cocoa_joystick.m.o
[156/234] Linking CXX static library ps2xRecomp/libps2_recomp_lib.a
[157/234] Building C object _deps/raylib-build/raylib/external/glfw/src/CMakeFiles/glfw.dir/cocoa_monitor.m.o
[158/234] Linking CXX static library ps2xIOP/libps2_iop.a
[159/234] Building C object _deps/raylib-build/raylib/external/glfw/src/CMakeFiles/glfw.dir/cocoa_window.m.o
[160/234] Building C object _deps/raylib-build/raylib/external/glfw/src/CMakeFiles/glfw.dir/nsgl_context.m.o
[161/234] Building CXX object ps2xRuntime/CMakeFiles/ps2_runtime.dir/src/lib/gs/ps2_gif_arbiter.cpp.o
[162/234] Building CXX object ps2xRuntime/CMakeFiles/ps2_runtime.dir/src/lib/gs/ps2_gs_memory.cpp.o
In file included from /Volumes/Extreme SSD/ps2x-p1y/fork/ps2xRuntime/src/lib/gs/ps2_gs_memory.cpp:3:
/Volumes/Extreme SSD/ps2x-p1y/fork/ps2xRuntime/include/runtime/gs/ps2_gs_memory.h:67:11: warning: enumeration value 'Max' not handled in switch [-Wswitch]
   67 |                 switch (psm)
      |                         ^~~
/Volumes/Extreme SSD/ps2x-p1y/fork/ps2xRuntime/include/runtime/gs/ps2_gs_memory.h:91:11: warning: enumeration value 'Max' not handled in switch [-Wswitch]
   91 |                 switch (psm)
      |                         ^~~
/Volumes/Extreme SSD/ps2x-p1y/fork/ps2xRuntime/include/runtime/gs/ps2_gs_memory.h:168:11: warning: 9 enumeration values not handled in switch: 'C32', 'C24', 'C16'... [-Wswitch]
  168 |                 switch (psm)
      |                         ^~~
/Volumes/Extreme SSD/ps2x-p1y/fork/ps2xRuntime/include/runtime/gs/ps2_gs_memory.h:325:11: warning: no case matching constant switch condition '49'
  325 |                 switch (psm)
      |                         ^~~
/Volumes/Extreme SSD/ps2x-p1y/fork/ps2xRuntime/include/runtime/gs/ps2_gs_memory.h:236:47: note: in instantiation of member function 'GSMem::PixelStorageTraits<GSMem::PixelStorageMode::Z24>::ColumnExtent' requested here
  236 |                 using ColumnLookupTableT = LookupTable<u16, ColumnExtent().x, ColumnExtent().y>;
      |                                                             ^
/Volumes/Extreme SSD/ps2x-p1y/fork/ps2xRuntime/src/lib/gs/ps2_gs_memory.cpp:240:9: note: in instantiation of template class 'GSMem::PixelStorageTraits<GSMem::PixelStorageMode::Z24>' requested here
  240 |         PixelStorageTraits<Z24>::Write(PageTableZ32, data, bp, bw, x, y, value);
      |         ^
4 warnings generated.
[163/234] Building CXX object ps2xRuntime/CMakeFiles/ps2_runtime.dir/src/lib/ps2_audio_vag.cpp.o
[164/234] Building CXX object ps2xRuntime/CMakeFiles/ps2_runtime.dir/src/lib/ps2_audio.cpp.o
[165/234] Building CXX object ps2xRuntime/CMakeFiles/ps2_runtime.dir/src/lib/game_overrides.cpp.o
[166/234] Building CXX object ps2xRuntime/CMakeFiles/ps2_runtime.dir/src/lib/gs/gs_frontend.cpp.o
[167/234] Building CXX object ps2xRuntime/CMakeFiles/ps2_runtime.dir/src/lib/ps2_pad.cpp.o
[168/234] Building CXX object ps2xRuntime/CMakeFiles/ps2_runtime.dir/src/lib/gs/gs_cpu_backend.cpp.o
In file included from /Volumes/Extreme SSD/ps2x-p1y/fork/ps2xRuntime/src/lib/gs/gs_cpu_backend.cpp:7:
/Volumes/Extreme SSD/ps2x-p1y/fork/ps2xRuntime/include/runtime/gs/ps2_gs_memory.h:67:11: warning: enumeration value 'Max' not handled in switch [-Wswitch]
   67 |                 switch (psm)
      |                         ^~~
/Volumes/Extreme SSD/ps2x-p1y/fork/ps2xRuntime/include/runtime/gs/ps2_gs_memory.h:91:11: warning: enumeration value 'Max' not handled in switch [-Wswitch]
   91 |                 switch (psm)
      |                         ^~~
/Volumes/Extreme SSD/ps2x-p1y/fork/ps2xRuntime/include/runtime/gs/ps2_gs_memory.h:168:11: warning: 9 enumeration values not handled in switch: 'C32', 'C24', 'C16'... [-Wswitch]
  168 |                 switch (psm)
      |                         ^~~
3 warnings generated.
[169/234] Building CXX object ps2xRuntime/CMakeFiles/ps2_runtime.dir/src/lib/ps2_vif1_interpreter.cpp.o
[170/234] Building CXX object ps2xRuntime/CMakeFiles/ps2_runtime.dir/src/lib/ps2_iop_host.cpp.o
[171/234] Building CXX object ps2xRuntime/CMakeFiles/ps2_runtime.dir/src/lib/vu/ps2_vu1_upper.cpp.o
[172/234] Building CXX object ps2xRuntime/CMakeFiles/ps2_runtime.dir/src/lib/ps2_memory.cpp.o
[173/234] Building CXX object ps2xRuntime/CMakeFiles/ps2_runtime.dir/src/lib/games_database.cpp.o
[174/234] Building CXX object ps2xRuntime/CMakeFiles/ps2_runtime.dir/src/lib/vu/ps2_vu1_lower.cpp.o
[175/234] Building CXX object ps2xRuntime/CMakeFiles/ps2_runtime.dir/src/lib/vu/ps2_vu1_core.cpp.o
[176/234] Building CXX object ps2xRuntime/CMakeFiles/ps2_runtime.dir/src/lib/ps2_runtime.cpp.o
[177/234] Building CXX object ps2xRuntime/CMakeFiles/ps2_runtime.dir/src/lib/Kernel/Stubs/Audio.cpp.o
[178/234] Building CXX object ps2xRuntime/CMakeFiles/ps2_runtime.dir/src/lib/Kernel/Stubs/Compatibility.cpp.o
[179/234] Building CXX object ps2xRuntime/CMakeFiles/ps2_runtime.dir/src/lib/Kernel/Stubs/CD.cpp.o
[180/234] Building CXX object ps2xRuntime/CMakeFiles/ps2_runtime.dir/src/lib/Kernel/Stubs/DMA.cpp.o
[181/234] Building CXX object ps2xRuntime/CMakeFiles/ps2_runtime.dir/src/lib/Kernel/EeScheduler.cpp.o
[182/234] Building CXX object ps2xRuntime/CMakeFiles/ps2_runtime.dir/src/lib/Kernel/Stubs/Deci2.cpp.o
[183/234] Building CXX object ps2xRuntime/CMakeFiles/ps2_runtime.dir/src/lib/Kernel/Stubs/FileIO.cpp.o
[184/234] Building CXX object ps2xRuntime/CMakeFiles/ps2_runtime.dir/src/lib/Kernel/Stubs/Font.cpp.o
[185/234] Building CXX object ps2xRuntime/CMakeFiles/ps2_runtime.dir/src/lib/Kernel/Stubs/IPU.cpp.o
[186/234] Building CXX object ps2xRuntime/CMakeFiles/ps2_runtime.dir/src/lib/Kernel/Stubs/GS.cpp.o
[187/234] Building CXX object ps2xRuntime/CMakeFiles/ps2_runtime.dir/src/lib/Kernel/Stubs/LibC.cpp.o
[188/234] Building CXX object ps2xRuntime/CMakeFiles/ps2_runtime.dir/src/lib/Kernel/Stubs/Pad.cpp.o
[189/234] Building CXX object ps2xRuntime/CMakeFiles/ps2_runtime.dir/src/lib/Kernel/Stubs/MPEG.cpp.o
[190/234] Building CXX object ps2xRuntime/CMakeFiles/ps2_runtime.dir/src/lib/Kernel/Stubs/MemoryCard.cpp.o
[191/234] Building CXX object ps2xRuntime/CMakeFiles/ps2_runtime.dir/src/lib/Kernel/Stubs/RPC.cpp.o
[192/234] Building CXX object ps2xRuntime/CMakeFiles/ps2_runtime.dir/src/lib/Kernel/Stubs/SIF.cpp.o
[193/234] Building CXX object ps2xRuntime/CMakeFiles/ps2_runtime.dir/src/lib/Kernel/Stubs/System.cpp.o
[194/234] Building CXX object ps2xRuntime/CMakeFiles/ps2_runtime.dir/src/lib/Kernel/Stubs/TTY.cpp.o
[195/234] Building CXX object ps2xRuntime/CMakeFiles/ps2_runtime.dir/src/lib/Kernel/Stubs/Unimplemented.cpp.o
[196/234] Building CXX object ps2xRuntime/CMakeFiles/ps2_runtime.dir/src/lib/Kernel/Stubs/VU.cpp.o
[197/234] Building CXX object ps2xRuntime/CMakeFiles/ps2_runtime.dir/src/lib/Kernel/Syscalls/Deci2.cpp.o
[198/234] Building CXX object ps2xRuntime/CMakeFiles/ps2_runtime.dir/src/lib/Kernel/Syscalls/Dispatcher.cpp.o
[199/234] Building CXX object ps2xRuntime/CMakeFiles/ps2_runtime.dir/src/lib/Kernel/Syscalls/FileIO.cpp.o
[200/234] Building CXX object ps2xRuntime/CMakeFiles/ps2_runtime.dir/src/lib/Kernel/Syscalls/Interrupt.cpp.o
[201/234] Building CXX object ps2xRuntime/CMakeFiles/ps2_runtime.dir/src/lib/Kernel/Syscalls/RPC.cpp.o
[202/234] Building CXX object ps2xRuntime/CMakeFiles/ps2_runtime.dir/src/lib/Kernel/Syscalls/Sync.cpp.o
[203/234] Linking C static library _deps/raylib-build/raylib/libraylib.a
[204/234] Building CXX object ps2xAnalyzer/CMakeFiles/ps2_analyzer_lib.dir/src/elf_analysis_context.cpp.o
[205/234] Building CXX object ps2xRuntime/CMakeFiles/ps2_runtime.dir/src/lib/Kernel/Syscalls/System.cpp.o
[206/234] Building CXX object ps2xRuntime/CMakeFiles/ps2_runtime.dir/src/lib/Kernel/Syscalls/Thread.cpp.o
[207/234] Building CXX object ps2xAnalyzer/CMakeFiles/ps2_analyzer_lib.dir/src/analysis_passes.cpp.o
[208/234] Building CXX object ps2xAnalyzer/CMakeFiles/ps2_analyzer_lib.dir/src/function_classifier.cpp.o
[209/234] Building CXX object ps2xAnalyzer/CMakeFiles/ps2_analyzer_lib.dir/src/toml_generator.cpp.o
[210/234] Linking CXX static library ps2xRuntime/libps2_runtime.a
[211/234] Building CXX object ps2xTest/CMakeFiles/ps2_test_lib.dir/src/r5900_decoder_tests.cpp.o
[212/234] Building CXX object ps2xAnalyzer/CMakeFiles/ps2_analyzer_lib.dir/src/elf_analyzer.cpp.o
[213/234] Building CXX object ps2xAnalyzer/CMakeFiles/ps2_analyzer_lib.dir/src/sce_symbol_scanner.cpp.o
[214/234] Linking CXX static library ps2xAnalyzer/libps2_analyzer_lib.a
[215/234] Building CXX object ps2xTest/CMakeFiles/ps2_test_lib.dir/src/elf_analyzer_tests.cpp.o
[216/234] Building CXX object ps2xTest/CMakeFiles/ps2_test_lib.dir/src/pad_input_tests.cpp.o
[217/234] Building CXX object ps2xTest/CMakeFiles/ps2_test_lib.dir/src/ps2_runtime_io_tests.cpp.o
[218/234] Building CXX object ps2xTest/CMakeFiles/ps2_test_lib.dir/src/ps2_runtime_kernel_tests.cpp.o
[219/234] Building CXX object ps2xTest/CMakeFiles/ps2_test_lib.dir/src/ps2_runtime_interrupt_tests.cpp.o
[220/234] Building CXX object ps2xTest/CMakeFiles/ps2_test_lib.dir/src/code_generator_tests.cpp.o
[221/234] Building CXX object ps2xTest/CMakeFiles/ps2_test_lib.dir/src/ps2_vu1_tests.cpp.o
[222/234] Building CXX object ps2xTest/CMakeFiles/ps2_test_lib.dir/src/ps2_vu_tests.cpp.o
[223/234] Building CXX object ps2xTest/CMakeFiles/ps2_test_lib.dir/src/ps2_memory_tests.cpp.o
[224/234] Building CXX object ps2xTest/CMakeFiles/ps2_test_lib.dir/src/ps2_iop_tests.cpp.o
[225/234] Building CXX object ps2xTest/CMakeFiles/ps2_test_lib.dir/src/ps2_gs_tests.cpp.o
In file included from /Volumes/Extreme SSD/ps2x-p1y/fork/ps2xTest/src/ps2_gs_tests.cpp:8:
/Volumes/Extreme SSD/ps2x-p1y/fork/ps2xRuntime/include/runtime/gs/ps2_gs_memory.h:67:11: warning: enumeration value 'Max' not handled in switch [-Wswitch]
   67 |                 switch (psm)
      |                         ^~~
/Volumes/Extreme SSD/ps2x-p1y/fork/ps2xRuntime/include/runtime/gs/ps2_gs_memory.h:91:11: warning: enumeration value 'Max' not handled in switch [-Wswitch]
   91 |                 switch (psm)
      |                         ^~~
/Volumes/Extreme SSD/ps2x-p1y/fork/ps2xRuntime/include/runtime/gs/ps2_gs_memory.h:168:11: warning: 9 enumeration values not handled in switch: 'C32', 'C24', 'C16'... [-Wswitch]
  168 |                 switch (psm)
      |                         ^~~
3 warnings generated.
[226/234] Building CXX object ps2xTest/CMakeFiles/ps2_test_lib.dir/src/ps2_sif_dma_tests.cpp.o
[227/234] Building CXX object ps2xTest/CMakeFiles/ps2_test_lib.dir/src/ps2_sif_rpc_tests.cpp.o
[228/234] Building CXX object ps2xTest/CMakeFiles/ps2x_tests.dir/src/main.cpp.o
[229/234] Building CXX object ps2xTest/CMakeFiles/ps2_test_function_table.dir/src/test_function_table.cpp.o
[230/234] Building CXX object ps2xTest/CMakeFiles/ps2_test_lib.dir/src/ps2_runtime_expansion_tests.cpp.o
[231/234] Building CXX object ps2xTest/CMakeFiles/ps2_test_lib.dir/src/ps2_recompiler_tests.cpp.o
[232/234] Linking CXX static library ps2xTest/libps2_test_lib.a
[233/234] Linking CXX executable ps2xTest/ps2x_tests
ld: warning: ignoring duplicate libraries: 'ps2xRecomp/libps2_recomp_lib.a'
