
[Suite]: CodeGenerator

[Suite]: ElfAnalyzerHeuristics

[Suite]: PS2GS
[p1y-probe] cbSp=0xffff0 cbGp=0x36a7f0 hits=1 tick=1 prev=0x0
[33m  [Run]: [0msceGsSyncVCallback runs as a scheduler invocation on its callback stack [31m  [Failed][0m
      - callback invocation should use the reserved async stack pool

[Suite]: PS2IopSubsystem

[Suite]: PS2Memory

[Suite]: PS2Recompiler

[Suite]: PS2RuntimeExpansion

[Suite]: PS2RuntimeIO

[Suite]: PS2RuntimeInterrupt

[Suite]: PS2RuntimeKernel

[Suite]: PS2SifDma

[Suite]: PS2SifRpc

[Suite]: PS2VU0Math

[Suite]: PS2VU1

[Suite]: PadInput

[Suite]: R5900Decoder

========================================
Total Tests: 1
Passed: 0
Failed: 1
========================================
