
[Suite]: CodeGenerator

[Suite]: ElfAnalyzerHeuristics

[Suite]: PS2GS
[33m  [Run]: [0mGS alpha-test AFAIL independently masks framebuffer and depth [32m  [Passed][0m

[Suite]: PS2IopSubsystem

[Suite]: PS2Memory

[Suite]: PS2Recompiler

[Suite]: PS2RuntimeExpansion

[Suite]: PS2RuntimeIO

[Suite]: PS2RuntimeInterrupt

[Suite]: PS2RuntimeKernel

[Suite]: PS2SifDma

[Suite]: PS2SifRpc

[Suite]: PS2VU0Math

[Suite]: PS2VU1

[Suite]: PadInput

[Suite]: R5900Decoder

========================================
Total Tests: 1
Passed: 1
Failed: 0
========================================
