
[Suite]: CodeGenerator
[33m  [Run]: [0mCOP0 MFC0/MTC0 translate to COP0 register access [32m  [Passed][0m
[33m  [Run]: [0mFCR access uses CFC1/CTC1 [32m  [Passed][0m
[33m  [Run]: [0mGIF DMA kick coalesces when CHCR store is a return delay slot [32m  [Passed][0m
[33m  [Run]: [0mJAL to a resolved syscall publishes fallthrough before the handler [32m  [Passed][0m
[33m  [Run]: [0mJAL to internal target becomes goto [32m  [Passed][0m
[33m  [Run]: [0mJAL to known function emits call and check [32m  [Passed][0m
[33m  [Run]: [0mJALR emits indirect call [32m  [Passed][0m
[33m  [Run]: [0mJALR fallback should not expose epilogue tail-jump labels [32m  [Passed][0m
[33m  [Run]: [0mJR $31 returns through dynamic target without broad local switch [32m  [Passed][0m
[33m  [Run]: [0mPCPYLD uses runtime helper macro [32m  [Passed][0m
[33m  [Run]: [0mQFSRV translation uses runtime helper macro [32m  [Passed][0m
[33m  [Run]: [0mR5900 MMI MULT1 writes rd when rd is non-zero [32m  [Passed][0m
[33m  [Run]: [0mR5900 MULT writes rd when rd is non-zero [32m  [Passed][0m
[33m  [Run]: [0mSC requires matching LL reservation address [32m  [Passed][0m
[33m  [Run]: [0mSYSCALL publishes its continuation before entering the runtime [32m  [Passed][0m
[33m  [Run]: [0mUnary MMI permutations read their source from rt [32m  [Passed][0m
[33m  [Run]: [0mVU CFC2/CTC2 access VI registers directly [32m  [Passed][0m
[33m  [Run]: [0mVU random helpers emit line comments on separate lines [32m  [Passed][0m
[33m  [Run]: [0mVU special control registers use hardware indices [32m  [Passed][0m
[33m  [Run]: [0mVU0 OPMULA and OPMSUB use cross-product lane permutations [32m  [Passed][0m
[33m  [Run]: [0mVU0 S1 q/i forms keep mask and use sa as destination [32m  [Passed][0m
[33m  [Run]: [0mVU0 S1 uses fd/fs/ft fields (sa/rd/rt) [32m  [Passed][0m
[33m  [Run]: [0mVU0 S2 VI memory ops use rd as VI base register [32m  [Passed][0m
[33m  [Run]: [0mVU0 S2 vector ops use rd as source and rt as destination [32m  [Passed][0m
[33m  [Run]: [0mVU0 destination MADD and MSUB forms preserve ACC [32m  [Passed][0m
[33m  [Run]: [0mVU0 macro mappings cover all S1/S2 enums [32m  [Passed][0m
[33m  [Run]: [0mbackward BEQ returns to the dispatcher through a resumable loop head [32m  [Passed][0m
[33m  [Run]: [0mbackward internal JAL stays inline and does not return to dispatcher [32m  [Passed][0m
[33m  [Run]: [0mbranch-likely places delay slot only in taken path [32m  [Passed][0m
[33m  [Run]: [0mbranches outside function still set pc [32m  [Passed][0m
[33m  [Run]: [0mconfigured jump table addresses drive JR dispatch targets [32m  [Passed][0m
[33m  [Run]: [0mconstant MMIO store emits direct runtime store [32m  [Passed][0m
[33m  [Run]: [0mconstant RDRAM load and store emit fast memory access [32m  [Passed][0m
[33m  [Run]: [0mcontrol-flow analysis keeps same-function JAL target internal and promotes only the return pc [32m  [Passed][0m
[33m  [Run]: [0mcontrol-flow analysis promotes JALR fallthrough as a resumable entry [32m  [Passed][0m
[33m  [Run]: [0mcontrol-flow analysis reports cross-function mid-function jumps as external entry candidates [32m  [Passed][0m
[33m  [Run]: [0memits labels and gotos for internal branches [32m  [Passed][0m
[33m  [Run]: [0mexternal mid-function entry can register to the owner wrapper [32m  [Passed][0m
[33m  [Run]: [0mjump to unknown target sets pc [32m  [Passed][0m
[33m  [Run]: [0mjumps to known symbols call by name [32m  [Passed][0m
[33m  [Run]: [0mknown GIF DMA MMIO sequence emits native kick helper [32m  [Passed][0m
[33m  [Run]: [0mlabels delay slot when it is a branch target [32m  [Passed][0m
[33m  [Run]: [0mrenamed function used in jump table [32m  [Passed][0m
[33m  [Run]: [0mreserved identifiers are sanitized and used in calls [32m  [Passed][0m
[33m  [Run]: [0mresolveStubTarget allows leading underscore alias [32m  [Passed][0m
[33m  [Run]: [0mresume entry targets emit a top-level pc switch in the owner wrapper [32m  [Passed][0m
[33m  [Run]: [0mresume entry targets register to the owner wrapper [32m  [Passed][0m
[33m  [Run]: [0mscalar logical immediates emit low64 operations [32m  [Passed][0m
[33m  [Run]: [0mscalar logical register ops emit low64 operations [32m  [Passed][0m
[33m  [Run]: [0msyscall marks the following instruction as a resume entry [32m  [Passed][0m
[33m  [Run]: [0mtrailing JAL without decoded delay slot still emits call flow [32m  [Passed][0m
[33m  [Run]: [0mtrailing JR $31 without decoded delay slot still emits return flow [32m  [Passed][0m
[33m  [Run]: [0munresolved JALR marks internal labels as indirect fallback resume entries [32m  [Passed][0m
[33m  [Run]: [0munresolved JALR uses runtime dispatch without broad local switch [32m  [Passed][0m
[33m  [Run]: [0munresolved JR marks internal labels as indirect fallback resume entries [32m  [Passed][0m
[33m  [Run]: [0munresolved JR non-RA uses dispatcher resume entries without broad local switch [32m  [Passed][0m

[Suite]: ElfAnalyzerHeuristics
[33m  [Run]: [0mentry-point mapping handles exact inside and fallback [32m  [Passed][0m
[33m  [Run]: [0mjump-table detection finds canonical sltiu/bne/lw/jr pattern [32m  [Passed][0m
[33m  [Run]: [0mlibrary-symbol classification table [32m  [Passed][0m
[33m  [Run]: [0mreliable-symbol heuristic filters autogenerated names [32m  [Passed][0m
[33m  [Run]: [0mrisk signal detection reports hardware io mmi and self modifying code [32m  [Passed][0m
[33m  [Run]: [0mruntime handler filter keeps unsupported SDK names informational [32m  [Passed][0m

[Suite]: PS2GS
[33m  [Run]: [0mCT32 raster writes alias cleanly into later CT32 texture sampling [32m  [Passed][0m
[33m  [Run]: [0mFBA forces the framebuffer alpha high bit on CT32 writes [32m  [Passed][0m
[33m  [Run]: [0mFST sprite 1:1 CT32 copies preserve source texels at the right and bottom edges [32m  [Passed][0m
[33m  [Run]: [0mGIF IMAGE packet writes host-to-local data into GS VRAM [32m  [Passed][0m
[33m  [Run]: [0mGIF PACKED A+D writes DISPFB1 and DISPLAY1 privileged registers [32m  [Passed][0m
[33m  [Run]: [0mGIF PACKED A+D writes DISPFB2 and DISPLAY2 privileged registers [32m  [Passed][0m
[33m  [Run]: [0mGIF REGLIST NREG=0 is treated as sixteen descriptors [32m  [Passed][0m
[33m  [Run]: [0mGIF REGLIST with odd register count consumes 128-bit padding before next tag [32m  [Passed][0m
[33m  [Run]: [0mGIF load-image packet uses native upload fast path [32m  [Passed][0m
[33m  [Run]: [0mGS CLAMP modes transform texture coordinates before sampling [32m  [Passed][0m
[33m  [Run]: [0mGS CSR/IMR support coherent 64-bit and 32-bit access [32m  [Passed][0m
[33m  [Run]: [0mGS CT24 host-local-host transfer preserves 24-bit RGB payload [32m  [Passed][0m
[33m  [Run]: [0mGS CT32 upload aliases cleanly into later PSMT8 sampling [32m  [Passed][0m
[33m  [Run]: [0mGS DATE and DATM inspect the framebuffer-format alpha bit [32m  [Passed][0m
[33m  [Run]: [0mGS HIGHLIGHT adds vertex alpha into RGB and texture alpha into A [32m  [Passed][0m
[33m  [Run]: [0mGS HIGHLIGHT2 keeps texture alpha while adding vertex alpha into RGB [32m  [Passed][0m
[33m  [Run]: [0mGS PSMT4 host-local upload keeps position across split IMAGE packets [32m  [Passed][0m
[33m  [Run]: [0mGS PSMT4 host-local-host keeps nibble packing stable [32m  [Passed][0m
[33m  [Run]: [0mGS PSMT4 local-local copy respects swizzled page layout [32m  [Passed][0m
[33m  [Run]: [0mGS RGB_ONLY falls back to FB_ONLY outside CT32 [32m  [Passed][0m
[33m  [Run]: [0mGS SIGNAL and FINISH set CSR bits that clear by CSR write-one acknowledge [32m  [Passed][0m
[33m  [Run]: [0mGS STQ triangle interpolation divides homogeneous coordinates after DDA [32m  [Passed][0m
[33m  [Run]: [0mGS T4 CSM1 lookup matches Veronica ClutCopy layout [32m  [Passed][0m
[33m  [Run]: [0mGS T4 CSM1 preserves CSA bit 4 for CT16 CLUTs [32m  [Passed][0m
[33m  [Run]: [0mGS T4 triangle sampling reads manual-layout texels from a 512x512 atlas [32m  [Passed][0m
[33m  [Run]: [0mGS T4HL upload deactivates the transfer at total_pixels and discards excess bytes [32m  [Passed][0m
[33m  [Run]: [0mGS T4HL/T4HH sampling reads only its own plane through independent CLUTs [32m  [Passed][0m
[33m  [Run]: [0mGS T4HL/T4HH shared-plane upload preserves both index planes via RMW [32m  [Passed][0m
[33m  [Run]: [0mGS T8 CSM1 applies CSA and masks CSA bit 4 for CT32 CLUTs [32m  [Passed][0m
[33m  [Run]: [0mGS T8 CT32-uploaded CSM1 CLUT follows swizzled palette layout [32m  [Passed][0m
[33m  [Run]: [0mGS TCC=0 MODULATE uses texture RGB and keeps vertex alpha [32m  [Passed][0m
[33m  [Run]: [0mGS TEX0 dimensions saturate at 1024 pixels [32m  [Passed][0m
[33m  [Run]: [0mGS TEX1 linear filter blends T4 STQ triangle samples [32m  [Passed][0m
[33m  [Run]: [0mGS TEX2 updates CLUT state independently from TEX0 [32m  [Passed][0m
[33m  [Run]: [0mGS TEXA expands CT24 alpha and honors AEM for black texels [32m  [Passed][0m
[33m  [Run]: [0mGS TEXCLUT offsets T8 CLUT fetch coordinates [32m  [Passed][0m
[33m  [Run]: [0mGS ZMSK suppresses depth without suppressing framebuffer writes [32m  [Passed][0m
[33m  [Run]: [0mGS alpha-test AFAIL independently masks framebuffer and depth [32m  [Passed][0m
[33m  [Run]: [0mGS backend replacement preserves canonical local memory [32m  [Passed][0m
[33m  [Run]: [0mGS fog blends the shaded color toward FOGCOL before framebuffer blending [32m  [Passed][0m
[33m  [Run]: [0mGS local-to-host transfer supports partial incremental reads [32m  [Passed][0m
[33m  [Run]: [0mGS triangle fan subpixel quad fills rows without interior holes [32m  [Passed][0m
[33m  [Run]: [0mGS writeIORegister increments GS write counter [32m  [Passed][0m
[33m  [Run]: [0mGsPutIMR and GsGetIMR roundtrip old and new values PS2 GsPutIMR:  new=0x3689367578881368610 a0_64=0x3689367578881368610 a0_32=0x286335522 a1_32=0x0 pc=0x0 ra=0x0
PS2 GsGetIMR: Returning IMR=0x3333444411112222 pc=0x0 ra=0x0
[32m  [Passed][0m
[33m  [Run]: [0mGsSetCrt updates SMODE2 for host presentation mode PS2 GsSetCrt: interlaced=1, videoMode=0, frameMode=0
[32m  [Passed][0m
[33m  [Run]: [0mPABE bypasses alpha blend for low-alpha source pixels [32m  [Passed][0m
[33m  [Run]: [0mPRMODE supplies primitive attributes while PRMODECONT AC is clear [32m  [Passed][0m
[33m  [Run]: [0mPSMT4 address mapping matches GS manual layout [32m  [Passed][0m
[33m  [Run]: [0mPSMT4 large atlases keep manual page layout across 512x512 textures [32m  [Passed][0m
[33m  [Run]: [0mPSMT8 address mapping matches Veronica Conv8to32 layout [32m  [Passed][0m
[33m  [Run]: [0mXYZ3 culls a triangle strip primitive without desynchronizing the vertex queue [32m  [Passed][0m
[33m  [Run]: [0mclearFramebufferContext clears the requested context even if another context is active [32m  [Passed][0m
[33m  [Run]: [0mfullscreen display copy tracks the preferred presentation source frame [32m  [Passed][0m
[33m  [Run]: [0mlatched host presentation frame is returned tightly packed for narrower display widths [32m  [Passed][0m
[33m  [Run]: [0mlatched host presentation frame stays stable until the next latch [32m  [Passed][0m
[33m  [Run]: [0mlatched host presentation line-doubles interlaced field output [32m  [Passed][0m
[33m  [Run]: [0mlatched host presentation merges both enabled PMODE circuits [32m  [Passed][0m
[33m  [Run]: [0mlatched host presentation normalizes alpha for single-circuit display [32m  [Passed][0m
[33m  [Run]: [0mlatched host presentation preserves 480-line display height [32m  [Passed][0m
[33m  [Run]: [0mlatched host presentation reads direct CT32 display frames with GS swizzle [32m  [Passed][0m
[33m  [Run]: [0mlatched host presentation reads preferred CT32 source with GS swizzle [32m  [Passed][0m
[33m  [Run]: [0mreserved PSM 0x3F uses null VRAM handlers [32m  [Passed][0m
[33m  [Run]: [0msceGifPkRefLoadImage seeds A+D GIFtag nloop once (no double-count) [32m  [Passed][0m
[33m  [Run]: [0msceGsExecLoadImage and sceGsExecStoreImage roundtrip and free guest packets [32m  [Passed][0m
[33m  [Run]: [0msceGsResetGraph frees its temporary GIF packet [32m  [Passed][0m
[33m  [Run]: [0msceGsSetDefDBuffDc accepts trailing args from the recompiler register ABI [32m  [Passed][0m
[33m  [Run]: [0msceGsSetDefDBuffDc seeds a clear packet and swap clears the draw buffer [32m  [Passed][0m
[33m  [Run]: [0msceGsSetDefDBuffDc seeds display envs and swap applies the selected page [32m  [Passed][0m
[33m  [Run]: [0msceGsSyncV resumes through the scheduler with deterministic field parity [32m  [Passed][0m
[33m  [Run]: [0msceGsSyncVCallback runs as a scheduler invocation on its callback stack [32m  [Passed][0m
[33m  [Run]: [0munknown GS privileged offsets are no-op and read as zero [32m  [Passed][0m

[Suite]: PS2IopSubsystem
[33m  [Run]: [0mLotR sound update completes queued PlayStream slots [32m  [Passed][0m
[33m  [Run]: [0mRECVX reset clears CRI object maps without global state [32m  [Passed][0m
[33m  [Run]: [0mTSNDDRV uses profile checksum bindings without writing invalid ports [32m  [Passed][0m
[33m  [Run]: [0mbuilt-in profiles select by ELF basename and keep core services active [32m  [Passed][0m
[33m  [Run]: [0mreset closes profile-owned host file handles [32m  [Passed][0m
[33m  [Run]: [0mtwo subsystem instances isolate profile state and reset deterministically [32m  [Passed][0m
[33m  [Run]: [0munknown SID remains unhandled without a matching profile [32m  [Passed][0m

[Suite]: PS2Memory
[33m  [Run]: [0mDMAC D_CTRL DMAE gates GIF DMA start [32m  [Passed][0m
[33m  [Run]: [0mDMAC D_STAT toggles masks and clears channel status on write-one [32m  [Passed][0m
[33m  [Run]: [0mEE Timer2 compare and overflow flags raise INTC_TIM2 and clear on write-one [32m  [Passed][0m
[33m  [Run]: [0mEE timer zero-return clears COUNT on compare [32m  [Passed][0m
[33m  [Run]: [0mEE timer0 count advances from scheduler cycles and can be reset [32m  [Passed][0m
[33m  [Run]: [0mEE timers 0 through 3 expose independent COUNT MODE and COMP registers [32m  [Passed][0m
[33m  [Run]: [0mGIF DMA can source from scratchpad [32m  [Passed][0m
[33m  [Run]: [0mGIF DMA chain CALL sources payload from TADR+16 [32m  [Passed][0m
[33m  [Run]: [0mGIF DMA chain IRQ stops only when TIE is set [32m  [Passed][0m
[33m  [Run]: [0mGIF DMA chain REF keeps CT32 image data after paletted upload [32m  [Passed][0m
[33m  [Run]: [0mGIF DMA chain RET transfers payload and resumes after CALL [32m  [Passed][0m
[33m  [Run]: [0mGIF DMA chain can source tags and payload from 0xF000 scratchpad alias [32m  [Passed][0m
[33m  [Run]: [0mGIF DMA mode0 copies RDRAM packet and clears channel [32m  [Passed][0m
[33m  [Run]: [0mGIF arbiter prioritizes PATH1 then PATH2 then PATH3 [32m  [Passed][0m
[33m  [Run]: [0mPATH3 mask queues packets until unmask [32m  [Passed][0m
[33m  [Run]: [0mVIF DIRECTHL stalls behind queued PATH3 IMAGE packets [32m  [Passed][0m
[33m  [Run]: [0mVIF FBRST RST clears VIF1 command state [32m  [Passed][0m
[33m  [Run]: [0mVIF MPG num zero uploads 256 instructions [32m  [Passed][0m
[33m  [Run]: [0mVIF MSKPATH3 uses immediate bit15 [32m  [Passed][0m
[33m  [Run]: [0mVIF STCYCL skip mode advances destination by CL when CL>=WL [32m  [Passed][0m
[33m  [Run]: [0mVIF STMOD offset and difference modes apply to UNPACK data [32m  [Passed][0m
[33m  [Run]: [0mVIF UNPACK V4-16 sign and zero extension follow immediate bit14 [32m  [Passed][0m
[33m  [Run]: [0mVIF UNPACK bit15 adds TOPS to destination address [32m  [Passed][0m
[33m  [Run]: [0mVIF UNPACK num zero uploads 256 vectors [32m  [Passed][0m
[33m  [Run]: [0mVIF control commands update MARK MASK ROW and COL registers [32m  [Passed][0m
[33m  [Run]: [0mVIF double-buffer OFFSET BASE and MSCAL update TOPS and ITOPS [32m  [Passed][0m
[33m  [Run]: [0mVIF fill write uses STMASK and STROW when WL>CL [32m  [Passed][0m
[33m  [Run]: [0mVIF irq command sets STAT.INT and CODE until FBRST.STC clears it [32m  [Passed][0m
[33m  [Run]: [0mVIF masked UNPACK uses data row col and protect selectors [32m  [Passed][0m
[33m  [Run]: [0mVIF1 DIRECT image tag can continue with raw image qwords [32m  [Passed][0m
[33m  [Run]: [0mVIF1 DMA DIRECT forwards payload to GIF callback and clears channel [32m  [Passed][0m
[33m  [Run]: [0mVIF1 DMA DIRECT image packet reaches GS through arbiter [32m  [Passed][0m
[33m  [Run]: [0mVIF1 DMA chain latches terminal tag bits in CHCR [32m  [Passed][0m
[33m  [Run]: [0mVIF1 DMA chain preserves compact tag high bytes for DIRECT packets [32m  [Passed][0m
[33m  [Run]: [0mVIF1 DMA chain preserves compact tag high bytes when qwc is zero [32m  [Passed][0m
[33m  [Run]: [0mVIF1 packet builders keep chain qwc live before terminate [32m  [Passed][0m
[33m  [Run]: [0mVU0 code and data windows map through EE addresses [32m  [Passed][0m
[33m  [Run]: [0mfast memory helpers wrap safely at RAM boundary [32m  [Passed][0m
[33m  [Run]: [0mnative GIF image upload recognizes canonical load-image chain [32m  [Passed][0m
[33m  [Run]: [0mnative GIF packed chain matches generic packed primitive packet [32m  [Passed][0m
[33m  [Run]: [0msceDmaReset re-enables DMAC DMAE [32m  [Passed][0m
[33m  [Run]: [0mscratchpad alias accesses the same bytes as base [32m  [Passed][0m
[33m  [Run]: [0mtranslateAddress handles kseg and uncached aliases [32m  [Passed][0m
[33m  [Run]: [0munaligned accesses throw [32m  [Passed][0m
[33m  [Run]: [0muncached aliases map to same RDRAM bytes [32m  [Passed][0m

[Suite]: PS2Recompiler
[33m  [Run]: [0mJAL return addresses get resumable entry wrappers [32m  [Passed][0m
[33m  [Run]: [0mJAL to an already-known function still discovers the return entry [32m  [Passed][0m
[33m  [Run]: [0madditional entries split at nearest discovered boundary [32m  [Passed][0m
[33m  [Run]: [0mconfig manager parses jump_tables table entries [32m  [Passed][0m
[33m  [Run]: [0mdiscovery ignores synthetic entry wrappers [32m  [Passed][0m
[33m  [Run]: [0melf parser ignores STT_FUNC symbols in non-executable sections [32m  [Passed][0m
[33m  [Run]: [0mentry reslice handles entries without containing function [32m  [Passed][0m
[33m  [Run]: [0mentry reslice trims earlier entries after late discovery [32m  [Passed][0m
[33m  [Run]: [0mentry starting at jr ra is capped to return thunk [32m  [Passed][0m
[33m  [Run]: [0mgame helpers are not classified as runtime stubs [32m  [Passed][0m
[33m  [Run]: [0mghidra map replaces JAL fallback-only auto starts [32m  [Passed][0m
[33m  [Run]: [0minitializer skips fall back to guest recompilation [recompiler] parsing config
[recompiler] parsing ELF
[recompiler] extracted 1 functions, 1 symbols, 6 sections, 0 relocations
[recompiler] recompiling 1 functions
[recompiler] recompilation pass completed
[32m  [Passed][0m
[33m  [Run]: [0mmissing constructor-table targets fail recompilation [recompiler] parsing config
[recompiler] parsing ELF
[recompiler] extracted 1 functions, 1 symbols, 6 sections, 0 relocations
[recompiler] recompiling 1 functions
[recompiler] recompilation pass completed
[recompiler] parsing config
[recompiler] parsing ELF
[recompiler] extracted 1 functions, 1 symbols, 6 sections, 0 relocations
[recompiler] recompiling 1 functions
[recompiler] recompilation pass completed
[32m  [Passed][0m
[33m  [Run]: [0mnon-executable section targets are ignored [32m  [Passed][0m
[33m  [Run]: [0mrespect max length for .cpp filenames [32m  [Passed][0m
[33m  [Run]: [0mruntime call resolution includes Veronica compatibility aliases [32m  [Passed][0m
[33m  [Run]: [0msame-function JAL return addresses get entry wrappers but targets stay labels [32m  [Passed][0m

[Suite]: PS2RuntimeExpansion
[33m  [Run]: [0mGS alpha blend uses ALPHA register FIX factor [32m  [Passed][0m
[33m  [Run]: [0mGS sprite draw applies XYOFFSET and fully-outside scissor should not render [32m  [Passed][0m
[33m  [Run]: [0mIPU init executes its guest helper as a scheduler invocation [32m  [Passed][0m
[33m  [Run]: [0mIPU init skips missing optional helper instead of dispatching the default trap [32m  [Passed][0m
[33m  [Run]: [0mMPEG init and callback stubs return success instead of TODO errors [32m  [Passed][0m
[33m  [Run]: [0mSignalException marks EPC and BD for delay-slot exceptions [32m  [Passed][0m
[33m  [Run]: [0mSignalException uses current pc without BD and honors BEV vector [32m  [Passed][0m
[33m  [Run]: [0mVIF MSCAL and MSCNT toggle DBF and keep TOPS/ITOPS coherent [32m  [Passed][0m
[33m  [Run]: [0mVU0 FBRST TE gates a T-bit microprogram stop [32m  [Passed][0m
[33m  [Run]: [0mVU0 direct MicroMem writes invalidate the fixed decode cache [32m  [Passed][0m
[33m  [Run]: [0mVU0 microprogram executes against VU0 code and data memory [32m  [Passed][0m
[33m  [Run]: [0mVU0 microprogram preserves the architectural RNG state [32m  [Passed][0m
[33m  [Run]: [0mdifferential decoder/codegen gpr-write contract for MULT and DIV families [32m  [Passed][0m
[33m  [Run]: [0mdispatchGuestBranch call normalizes unchanged callee PC to fallthrough [32m  [Passed][0m
[33m  [Run]: [0mdispatchGuestBranch call returns false when callee transfers elsewhere [32m  [Passed][0m
[33m  [Run]: [0mdispatchGuestBranch jump returns to central dispatcher without nesting [32m  [Passed][0m
[33m  [Run]: [0mdispatchGuestBranch rejects missing exact targets [guest-branch:missing-target] kind=IndirectCall op=test-missing source=0x2000 target=0x3210 pc=0x3210 ra=0x0 sp=0x0 gp=0x0 a0=0x0 a1=0x0 a2=0x0 a3=0x0 s0=0x0 s1=0x0 v0=0x0 v1=0x0 a0Readable=no a0[0]=0x0 a0[4]=0x0 a0[8]=0x0 a0[c]=0x0 s0Readable=no s0[0]=0x0 s0[4]=0x0 s0[8]=0x0 s0[c]=0x0 recordReadable=no record[0]=0x0 record[4]=0x0 record[8]=0x0 record[c]=0x0 vtableReadable=no vtbl[0]=0x0 vtbl[4]=0x0 vtbl[8]=0x0 vtbl[c]=0x0 codeRegion=no policy=0 trace=0x11f000 -> 0x11f010 -> 0x11f020 -> 0x11f030 -> 0x11f040 -> 0x120000 -> 0x11f050 -> 0x125100 -> 0x126428 -> 0x125104 -> 0x3000 -> 0x3100
[32m  [Passed][0m
[33m  [Run]: [0mhandleSyscall rejects invocation in delay slot [32m  [Passed][0m
[33m  [Run]: [0mlookupFunction rejects final-function PCs inside code regions without exact registration Registered code region: 2000 - 2100Error: No exact recompiled function for guest PC 0x2010 tableBase=0x0 tableEnd=0x2000000 codeRegion=yes trace=0x11f000 -> 0x11f010 -> 0x11f020 -> 0x11f030 -> 0x11f040 -> 0x120000 -> 0x11f050 -> 0x125100 -> 0x126428 -> 0x125104 -> 0x3000 -> 0x3100 -> 0x2010
[guest-branch:missing-target] kind=IndirectJump op=dispatch source=0x0 target=0x2010 pc=0x2010 ra=0x0 sp=0x0 gp=0x0 a0=0x0 a1=0x0 a2=0x0 a3=0x0 s0=0x0 s1=0x0 v0=0x0 v1=0x0 a0Readable=no a0[0]=0x0 a0[4]=0x0 a0[8]=0x0 a0[c]=0x0 s0Readable=no s0[0]=0x0 s0[4]=0x0 s0[8]=0x0 s0[c]=0x0 recordReadable=no record[0]=0x0 record[4]=0x0 record[8]=0x0 record[c]=0x0 vtableReadable=no vtbl[0]=0x0 vtbl[4]=0x0 vtbl[8]=0x0 vtbl[c]=0x0 codeRegion=yes policy=0 trace=0x11f000 -> 0x11f010 -> 0x11f020 -> 0x11f030 -> 0x11f040 -> 0x120000 -> 0x11f050 -> 0x125100 -> 0x126428 -> 0x125104 -> 0x3000 -> 0x3100 -> 0x2010
[32m  [Passed][0m
[33m  [Run]: [0mlookupFunction rejects internal resume PCs without exact registration Error: No exact recompiled function for guest PC 0x1010 tableBase=0x0 tableEnd=0x2000000 codeRegion=no trace=0x11f000 -> 0x11f010 -> 0x11f020 -> 0x11f030 -> 0x11f040 -> 0x120000 -> 0x11f050 -> 0x125100 -> 0x126428 -> 0x125104 -> 0x3000 -> 0x3100 -> 0x2010 -> 0x1010
[guest-branch:missing-target] kind=IndirectJump op=dispatch source=0x0 target=0x1010 pc=0x1010 ra=0x0 sp=0x0 gp=0x0 a0=0x0 a1=0x0 a2=0x0 a3=0x0 s0=0x0 s1=0x0 v0=0x0 v1=0x0 a0Readable=no a0[0]=0x0 a0[4]=0x0 a0[8]=0x0 a0[c]=0x0 s0Readable=no s0[0]=0x0 s0[4]=0x0 s0[8]=0x0 s0[c]=0x0 recordReadable=no record[0]=0x0 record[4]=0x0 record[8]=0x0 record[c]=0x0 vtableReadable=no vtbl[0]=0x0 vtbl[4]=0x0 vtbl[8]=0x0 vtbl[c]=0x0 codeRegion=no policy=0 trace=0x11f000 -> 0x11f010 -> 0x11f020 -> 0x11f030 -> 0x11f040 -> 0x120000 -> 0x11f050 -> 0x125100 -> 0x126428 -> 0x125104 -> 0x3000 -> 0x3100 -> 0x2010 -> 0x1010
[32m  [Passed][0m
[33m  [Run]: [0mmultiply-add matrix writes rd only when R5900 requires it [32m  [Passed][0m
[33m  [Run]: [0msceMpegDemuxPssRing dispatches registered video and audio stream callbacks [32m  [Passed][0m
[33m  [Run]: [0msceMpegGetPicture blocks as a typed scheduler wait and resumes on EOF [32m  [Passed][0m
[33m  [Run]: [0msceMpegGetPicture waits for new decoder output instead of duplicating the last frame [32m  [Passed][0m
[33m  [Run]: [0msceSdRemote isolates voice transfers from block streaming state [32m  [Passed][0m
[33m  [Run]: [0msceSdRemote keeps block cursors and loop banks isolated per core [32m  [Passed][0m
[33m  [Run]: [0msceVif1PkCloseDirectCode encodes DIRECT length in qwords [32m  [Passed][0m
[33m  [Run]: [0msceVif1PkReset preserves the packet base pointer and clears open tag state [32m  [Passed][0m
[33m  [Run]: [0msceVu0ApplyMatrix uses libvux matrix math with the imported EE ABI [32m  [Passed][0m
[33m  [Run]: [0msceVu0TransposeMatrix transposes a 4x4 matrix with dst/src ABI [32m  [Passed][0m
[33m  [Run]: [0msprintf consumes EE varargs from a2 a3 t0 and preserves width formatting [32m  [Passed][0m

[Suite]: PS2RuntimeIO
[33m  [Run]: [0mmc0 directory creation fioMkdir: Created directory '/var/folders/zg/v8fr50g11gg5xcmmsr57zzq00000gn/T/ps2recomp-mc0-78445068559416/mcroot/SAVEDATA'[32m  [Passed][0m
[33m  [Run]: [0mmc0 file read operations fioMkdir: Created directory '/var/folders/zg/v8fr50g11gg5xcmmsr57zzq00000gn/T/ps2recomp-mc0-78445070326958/mcroot/SAVEDATA'fioOpen: '/var/folders/zg/v8fr50g11gg5xcmmsr57zzq00000gn/T/ps2recomp-mc0-78445070326958/mcroot/SAVEDATA/test.txt' flags=0x602 mode='w+b'fioOpen: '/var/folders/zg/v8fr50g11gg5xcmmsr57zzq00000gn/T/ps2recomp-mc0-78445070326958/mcroot/SAVEDATA/test.txt' flags=0x1 mode='r+b'[32m  [Passed][0m
[33m  [Run]: [0mmc0 file write operations fioMkdir: Created directory '/var/folders/zg/v8fr50g11gg5xcmmsr57zzq00000gn/T/ps2recomp-mc0-78445072935291/mcroot/SAVEDATA'fioOpen: '/var/folders/zg/v8fr50g11gg5xcmmsr57zzq00000gn/T/ps2recomp-mc0-78445072935291/mcroot/SAVEDATA/test.txt' flags=0x602 mode='w+b'[32m  [Passed][0m
[33m  [Run]: [0mmc0 paths isolated from cdRoot fioMkdir: Created directory '/var/folders/zg/v8fr50g11gg5xcmmsr57zzq00000gn/T/ps2recomp-mc0-78445075307083/mcroot/ISOLATED'fioOpen: '/var/folders/zg/v8fr50g11gg5xcmmsr57zzq00000gn/T/ps2recomp-mc0-78445075307083/mcroot/ISOLATED/test.txt' flags=0x602 mode='w+b'[32m  [Passed][0m
[33m  [Run]: [0msceCdRead reads from explicit cdImage path [32m  [Passed][0m
[33m  [Run]: [0msceCdSearchFile resolves movie filenames with zero-padded host leaf [sceCdSearchFile] pc=0x0 ra=0x0 file=0x3a00 pathAddr=0x1a00 path="\MOVIE\MV_16.PSS;1"
[sceCdSearchFile:ok] path="\MOVIE\MV_16.PSS;1" lsn=0x100000 size=0x3 sectors=0x1
[32m  [Passed][0m
[33m  [Run]: [0msceIoctl cmd1 updates wait flag state [32m  [Passed][0m
[33m  [Run]: [0msceMc open write read and close roundtrip through sync [MC] Sync cmd=11 result=0[MC] Sync cmd=2 result=1[MC] Sync cmd=6 result=15[MC] Sync cmd=4 result=0[MC] Sync cmd=5 result=15[MC] Sync cmd=3 result=0[32m  [Passed][0m
[33m  [Run]: [0msceMcEnd resets libmc state so sync reports no active command [MC] Sync cmd=11 result=0[drop] stub/sceMcSync error -
[32m  [Passed][0m
[33m  [Run]: [0msceMcGetDir includes dot entries and file metadata [MC] GetDir port=0 '/SAVEDATA/*' maxent=8 -> result=3[MC] Sync cmd=13 result=3[32m  [Passed][0m
[33m  [Run]: [0msceMcGetInfo reports formatted and unformatted states [MC] GetInfo port=0 type=2 free=8192 format=1 result=0[MC] Sync cmd=1 result=0[MC] Sync cmd=17 result=0[MC] GetInfo port=0 type=2 free=0 format=0 result=-2[MC] Sync cmd=1 result=-2[32m  [Passed][0m

[Suite]: PS2RuntimeInterrupt
[33m  [Run]: [0mEE Timer2 compare IRQ wakes a DelayThread-style semaphore wait [32m  [Passed][0m
[33m  [Run]: [0mPollEventFlag WEF_CLEAR clears only matched bits [32m  [Passed][0m
[33m  [Run]: [0mVBlank IRQ invocation completes before the resumed base context [32m  [Passed][0m
[33m  [Run]: [0mVBlank deadline resumes the waiter and publishes flag tick and FIELD atomically [32m  [Passed][0m
[33m  [Run]: [0mevent-flag completion writes observed bits before strict-priority resume [32m  [Passed][0m
[33m  [Run]: [0miSignalSema defers selection until IRQ return [32m  [Passed][0m
[33m  [Run]: [0mnegative interrupt-safe EE syscall ids dispatch [32m  [Passed][0m
[33m  [Run]: [0mscheduler stop wakes an idle VSync wait without a timeout [32m  [Passed][0m

[Suite]: PS2RuntimeKernel
[33m  [Run]: [0mCopy syscall (0x5A) performs a memory copy [32m  [Passed][0m
[33m  [Run]: [0mCreateSema with zero max_count returns a usable binary semaphore (P1v) [drop] sched/createSemaphore KE_ERROR init=0 max=-2 effmax=-2
[32m  [Passed][0m
[33m  [Run]: [0mCreateThread and CreateSema decode the exact PS2SDK EE layouts [drop] syscall/CreateThread KE_ERROR -
[32m  [Passed][0m
[33m  [Run]: [0mDrop census lines format exactly and the kill-switch gates emission (P1w) [32m  [Passed][0m
[33m  [Run]: [0mEE scheduler selects absolute priority then FIFO [32m  [Passed][0m
[33m  [Run]: [0mGetEntryAddress syscall (0x5B) returns handler from guest table [32m  [Passed][0m
[33m  [Run]: [0mOSD config2 syscalls round-trip extended config [32m  [Passed][0m
[33m  [Run]: [0mReleaseAlarm aliases CancelAlarm and cache toggles succeed [drop] sched/cancelAlarm KE_ERROR id=1
[32m  [Passed][0m
[33m  [Run]: [0mRotateThreadReadyQueue is the only same-priority rotation [32m  [Passed][0m
[33m  [Run]: [0mSetSyscall honors signed kernel-table offsets [32m  [Passed][0m
[33m  [Run]: [0mSetSyscall mirrors guest kernel table entries into low memory [32m  [Passed][0m
[33m  [Run]: [0mSetSyscall override preserves KSEG argument sign extension [32m  [Passed][0m
[33m  [Run]: [0mSetSyscall override preserves upper 64 bits when writing 32-bit args [32m  [Passed][0m
[33m  [Run]: [0mSetSyscall override runs as a scheduler invocation [32m  [Passed][0m
[33m  [Run]: [0mSetupThread exposes stable main stack metadata through ReferThreadStatus [32m  [Passed][0m
[33m  [Run]: [0ma syscall invocation can block and resume without losing its base context [32m  [Passed][0m
[33m  [Run]: [0mallocator compatibility stubs use the runtime guest heap [32m  [Passed][0m
[33m  [Run]: [0man override that branches to an invalid PC completes without builtin fallback [drop] sched/invocation-dispatch no-table-entry pc=0x12345678 tid=1 depth=1
[32m  [Passed][0m
[33m  [Run]: [0mevent waiters are FIFO and clear modes apply before testing the next waiter [32m  [Passed][0m
[33m  [Run]: [0mexit handlers run as ordered invocation frames before the thread becomes dormant [32m  [Passed][0m
[33m  [Run]: [0mguest kernel syscall overrides and mirrors are isolated per runtime [32m  [Passed][0m
[33m  [Run]: [0mlibc helper stubs cover memclr and libgcc div [32m  [Passed][0m
[33m  [Run]: [0mmemalign stubs allocate aligned guest memory [32m  [Passed][0m
[33m  [Run]: [0mnumeric syscall 0x83 finds matching table entry [32m  [Passed][0m
[33m  [Run]: [0mnumeric syscall 0x83 returns 0 when entry is absent [32m  [Passed][0m
[33m  [Run]: [0mnumeric syscall 0x83 supports KSEG aliases [32m  [Passed][0m
[33m  [Run]: [0mreentrant override invokes the underlying builtin inside its invocation frame [32m  [Passed][0m
[33m  [Run]: [0msemaphore signal, delete, and release complete blocked contexts with exact results [32m  [Passed][0m
[33m  [Run]: [0msemaphore waiters are FIFO and signal transfers one token directly [32m  [Passed][0m
[33m  [Run]: [0msetup heap and allocator primitives track end-of-heap [32m  [Passed][0m
[33m  [Run]: [0msetup heap and thread invalid ids use documented kernel errors [drop] syscall/CreateThread KE_ERROR -
[drop] sched/deleteThread KE_ILLEGAL_THID -
[drop] syscall/StartThread KE_UNKNOWN_THID -
[drop] sched/wakeupThread KE_UNKNOWN_THID -
[drop] sched/pollSemaphore KE_UNKNOWN_SEMID id=32767
[32m  [Passed][0m
[33m  [Run]: [0mstarting a strictly higher-priority thread preempts immediately [32m  [Passed][0m
[33m  [Run]: [0mthread lifecycle, nested suspend, WAIT-SUSPEND, and wakeup count are centralized [32m  [Passed][0m

[Suite]: PS2SifDma
[33m  [Run]: [0mIOP heap DMA uses private backing instead of aliasing EE RDRAM [32m  [Passed][0m
[33m  [Run]: [0misceSifSetDma and isceSifSetDChain alias the SIF DMA helpers [32m  [Passed][0m
[33m  [Run]: [0mresetSifState seeds boot-ready SIF registers [32m  [Passed][0m
[33m  [Run]: [0msceSifExitCmd restores default boot-ready SIF registers [32m  [Passed][0m
[33m  [Run]: [0msceSifGetOtherData backfills zero sound-status sums for later banks [SifInitRpc] Initialized[32m  [Passed][0m
[33m  [Run]: [0msceSifGetOtherData copies payload and writes receive metadata [32m  [Passed][0m
[33m  [Run]: [0msceSifGetOtherData preserves live sound-status sums when compat backfill is enabled [32m  [Passed][0m
[33m  [Run]: [0msceSifGetOtherData rejects unsupported guest segments [drop] stub/sceSifGetOtherData error -
[32m  [Passed][0m
[33m  [Run]: [0msceSifSetDma acknowledges DTX work-buffer transfers by advancing the EE footer ticket [32m  [Passed][0m
[33m  [Run]: [0msceSifSetDma applies SJX DTX payloads into the emulated SJRMT data ring [32m  [Passed][0m
[33m  [Run]: [0msceSifSetDma copies payload and sceSifDmaStat reports complete [drop] stub/sceSifDmaStat error -
[32m  [Passed][0m
[33m  [Run]: [0msceSifSetDma dispatches enabled DMAC handlers for cause 5 [32m  [Passed][0m
[33m  [Run]: [0msceSifSetDma enforces descriptor count limit [32m  [Passed][0m
[33m  [Run]: [0msceSifSetDma lets active PS2RNA playback drain emulated SJRMT data [32m  [Passed][0m
[33m  [Run]: [0msceSifSetDma recognizes SJX DTX payloads from rotated EE work buffers [32m  [Passed][0m
[33m  [Run]: [0msceSifSetDma rejects invalid descriptors without partial writes [32m  [Passed][0m

[Suite]: PS2SifRpc
[33m  [Run]: [0mDBCMAN version RPC returns the 3.20 compatibility response [32m  [Passed][0m
[33m  [Run]: [0mDTX URPC uses the guest dispatcher only when its function-table slot is registered [32m  [Passed][0m
[33m  [Run]: [0mFatal Frame SDRDRV RPC initializes header and loads body archives [32m  [Passed][0m
[33m  [Run]: [0mLIBSD RPC routes through the IOP audio service [32m  [Passed][0m
[33m  [Run]: [0mLotR ClFile RPC opens reads and reports EOF [32m  [Passed][0m
[33m  [Run]: [0mLotR sound RPC invokes guest callback to consume HLE response [32m  [Passed][0m
[33m  [Run]: [0mMCSERV RPC init and get info report a formatted PS2 card [MC] GetInfo port=0 type=2 free=8192 format=1 result=0[32m  [Passed][0m
[33m  [Run]: [0mRECVX sound callbacks complete in HLE and only clear busy on designated callbacks [32m  [Passed][0m
[33m  [Run]: [0mSifCallRpc falls back to stack ABI when register pack is implausible [SifRegisterRpc] sid=0x20000133 sd=0x2a100[IOP/RPC trace:unhandled] sid=0x20000133 rpc=0x99 pc=0x0 ra=0x0 send=0x2a400/12 recv=0x2a500/12 sendBytes=[A0 A1 A2 A3 A4 A5 A6 A7 A8 A9 AA AB] loadedModules=[]
[32m  [Passed][0m
[33m  [Run]: [0mSifCallRpc prefers stack ABI for DTX URPC when both packs look plausible [32m  [Passed][0m
[33m  [Run]: [0mSifSetRpcQueue remove roundtrip is stable [32m  [Passed][0m
[33m  [Run]: [0mbind before register creates placeholder then remaps [SifRegisterRpc] sid=0x20000122 sd=0x24100[32m  [Passed][0m
[33m  [Run]: [0mregister bind call updates descriptors and payload [SifRegisterRpc] sid=0x20000111 sd=0x22100[IOP/RPC trace:unhandled] sid=0x20000111 rpc=0x55 pc=0x0 ra=0x0 send=0x22500/16 recv=0x22600/16 sendBytes=[50 51 52 53 54 55 56 57 58 59 5A 5B 5C 5D 5E 5F] loadedModules=[]
[32m  [Passed][0m
[33m  [Run]: [0msnddrv state RPC returns low guest sound-driver addresses [drop] sched/signalSemaphore KE_SEMA_OVF id=1 count=1 max=1
[32m  [Passed][0m
[33m  [Run]: [0msnddrv state RPC returns stable buffers and signals sema [32m  [Passed][0m

[Suite]: PS2VU0Math
[33m  [Run]: [0mCameraMatrix_nonorigin_eye_maps_to_origin [32m  [Passed][0m
[33m  [Run]: [0mCameraMatrix_orthonormal_basis [32m  [Passed][0m
[33m  [Run]: [0mClampVector_high [32m  [Passed][0m
[33m  [Run]: [0mClampVector_low [32m  [Passed][0m
[33m  [Run]: [0mClipAll_all_out_returns_1 [32m  [Passed][0m
[33m  [Run]: [0mClipAll_one_in_returns_0 [32m  [Passed][0m
[33m  [Run]: [0mClipAll_w_scaling_homogeneous [32m  [Passed][0m
[33m  [Run]: [0mClipScreen3_ors_three [32m  [Passed][0m
[33m  [Run]: [0mClipScreen_inside_zero [32m  [Passed][0m
[33m  [Run]: [0mClipScreen_negx_nonzero [32m  [Passed][0m
[33m  [Run]: [0mClipScreen_offscreen_nonzero [32m  [Passed][0m
[33m  [Run]: [0mDivVectorXYZ_w_passthrough [32m  [Passed][0m
[33m  [Run]: [0mDivVector_divzero_zero [32m  [Passed][0m
[33m  [Run]: [0mDivVector_reciprocal [32m  [Passed][0m
[33m  [Run]: [0mDropShadow_directional_mode [32m  [Passed][0m
[33m  [Run]: [0mDropShadow_point_mode [32m  [Passed][0m
[33m  [Run]: [0mInterVectorXYZ_w_from_a [32m  [Passed][0m
[33m  [Run]: [0mInterVector_lerp [32m  [Passed][0m
[33m  [Run]: [0mInversMatrix_negRt_translation [32m  [Passed][0m
[33m  [Run]: [0mInversMatrix_roundtrip_identity [32m  [Passed][0m
[33m  [Run]: [0mInversMatrix_roundtrip_rigid [32m  [Passed][0m
[33m  [Run]: [0mInversMatrix_transposes_rotation [32m  [Passed][0m
[33m  [Run]: [0mLightColorMatrix_verbatim_rows [32m  [Passed][0m
[33m  [Run]: [0mMulMatrix_equals_arg1_times_arg2 [32m  [Passed][0m
[33m  [Run]: [0mMulMatrix_identity_left [32m  [Passed][0m
[33m  [Run]: [0mMulVector_componentwise [32m  [Passed][0m
[33m  [Run]: [0mNormalLightMatrix_neg_normalized [32m  [Passed][0m
[33m  [Run]: [0mNormalLightMatrix_transposed [32m  [Passed][0m
[33m  [Run]: [0mRotMatrix_X_matches_RotMatrixX [32m  [Passed][0m
[33m  [Run]: [0mRotMatrix_Y_matches_RotMatrixY [32m  [Passed][0m
[33m  [Run]: [0mRotMatrix_Z_matches_RotMatrixZ [32m  [Passed][0m
[33m  [Run]: [0mRotMatrix_multi_axis_order [32m  [Passed][0m
[33m  [Run]: [0mRotTransPersN_iterates [32m  [Passed][0m
[33m  [Run]: [0mRotTransPers_apply_persp_ftoi4 [32m  [Passed][0m
[33m  [Run]: [0mRotTransPers_ftoi0_z_when_flag0 [32m  [Passed][0m
[33m  [Run]: [0mRotTransPers_nonidentity_matrix_apply [32m  [Passed][0m
[33m  [Run]: [0mRotTransPers_persp_wzero_zero [32m  [Passed][0m
[33m  [Run]: [0mScaleVectorXYZ_scales_xyz [32m  [Passed][0m
[33m  [Run]: [0mScaleVectorXYZ_w_passthrough [32m  [Passed][0m
[33m  [Run]: [0mTransMatrix_adds_translation [32m  [Passed][0m
[33m  [Run]: [0mTransMatrix_rows_unchanged [32m  [Passed][0m
[33m  [Run]: [0mViewScreenMatrix_denom_zero [32m  [Passed][0m
[33m  [Run]: [0mViewScreenMatrix_zscale [32m  [Passed][0m
[33m  [Run]: [0mecossin_cos_sin [32m  [Passed][0m

[Suite]: PS2VU1
[33m  [Run]: [0mACC forwarding feeds the next upper instruction without a dependency stall [32m  [Passed][0m
[33m  [Run]: [0mDIV and SQRT update the Q register from selected vector components [32m  [Passed][0m
[33m  [Run]: [0mE and enabled D/T stop with their architectural delay rules [32m  [Passed][0m
[33m  [Run]: [0mEFU WAITP and RNG execute with architectural latency and state [32m  [Passed][0m
[33m  [Run]: [0mEFU resource observes throughput separately from P visibility [32m  [Passed][0m
[33m  [Run]: [0mFDIV commits current and sticky divide-invalid status [32m  [Passed][0m
[33m  [Run]: [0mFDIV resource serializes back-to-back scalar operations [32m  [Passed][0m
[33m  [Run]: [0mFMAC dependency stalls only the lanes that are read [32m  [Passed][0m
[33m  [Run]: [0mFMAC product contributes Z/S/U/O sticky flags [32m  [Passed][0m
[33m  [Run]: [0mILW result becomes visible after four cycles before IALU consumes it [32m  [Passed][0m
[33m  [Run]: [0mITOF converts the raw signed integer bits without float normalization [32m  [Passed][0m
[33m  [Run]: [0mJR shares the one-instruction VI branch visibility rule [32m  [Passed][0m
[33m  [Run]: [0mLOI commits the lower immediate after the upper instruction [32m  [Passed][0m
[33m  [Run]: [0mLQ and SQ use VI qword addressing and destination masks [32m  [Passed][0m
[33m  [Run]: [0mMPG upload invalidates cached VU1 decode before MSCAL [32m  [Passed][0m
[33m  [Run]: [0mMSCAL can start a VU1 XGKICK program and update GS VRAM [32m  [Passed][0m
[33m  [Run]: [0mMTIR decodes fsf as a component selector [32m  [Passed][0m
[33m  [Run]: [0mVU1 CLIP and FCGET share the four-cycle flag timeline [32m  [Passed][0m
[33m  [Run]: [0mVU1 FMAC flags respect destination lanes and become visible after four cycles [32m  [Passed][0m
[33m  [Run]: [0mVU1 FMAC normalizes overflow and underflow before writing results [32m  [Passed][0m
[33m  [Run]: [0mVU1 FSSET enters the four-cycle flag pipeline [32m  [Passed][0m
[33m  [Run]: [0mVU1 has one flag pipeline and FSSET wins a same-pair conflict [32m  [Passed][0m
[33m  [Run]: [0mVU1 status-immediate ops decode IMM12 and their target VI [32m  [Passed][0m
[33m  [Run]: [0mXGKICK observes stores committed before a future PATH1 qword [32m  [Passed][0m
[33m  [Run]: [0mXGKICK sends a VU memory GIF packet through PATH1 [32m  [Passed][0m
[33m  [Run]: [0mXTOP and XITOP expose VIF TOP values to VI registers [32m  [Passed][0m
[33m  [Run]: [0ma second XGKICK stalls until the active PATH1 transfer completes [32m  [Passed][0m
[33m  [Run]: [0mall EFU opcodes produce P at their architectural latency [32m  [Passed][0m
[33m  [Run]: [0mconditional branch sees the previous VI value for one instruction [32m  [Passed][0m
[33m  [Run]: [0mdirect VU1 code writes invalidate cached decode [32m  [Passed][0m
[33m  [Run]: [0mflag checks are visible to an immediately following branch [32m  [Passed][0m
[33m  [Run]: [0minteger lower ops keep VI0 hardwired to zero [32m  [Passed][0m
[33m  [Run]: [0mlower branch commits after one delay-slot instruction [32m  [Passed][0m
[33m  [Run]: [0mlower side sees old VF value when upper writes the same register [32m  [Passed][0m
[33m  [Run]: [0mreserved opcodes stop before executing or corrupting state [VU1 reserved upper] cycle=0 pc=0x0 instruction=0x30
[32m  [Passed][0m
[33m  [Run]: [0mstandalone VU1 code honors the nullable PS2Memory API [32m  [Passed][0m
[33m  [Run]: [0msynthetic Code Veronica text packet preserves black-frame PATH1 data [32m  [Passed][0m
[33m  [Run]: [0mupper ADD applies the destination mask [32m  [Passed][0m
[33m  [Run]: [0mupper and lower both read the pre-pair VF state [32m  [Passed][0m
[33m  [Run]: [0mupper suppresses only the colliding lower VF write [32m  [Passed][0m

[Suite]: PadInput
[33m  [Run]: [0mbasic pad init/port/state functions return expected values [32m  [Passed][0m
[33m  [Run]: [0mpad command state reports EXECCMD once before returning STABLE [32m  [Passed][0m
[33m  [Run]: [0mpad info and mode helpers return consistent values [32m  [Passed][0m
[33m  [Run]: [0mpad setters return success [32m  [Passed][0m
[33m  [Run]: [0mpad string helpers map state codes [32m  [Passed][0m
[33m  [Run]: [0mpads open in digital mode and switch to analog on scePadSetMainMode [32m  [Passed][0m
[33m  [Run]: [0mscePadGetButtonMask returns all buttons [32m  [Passed][0m
[33m  [Run]: [0mscePadGetFrameCount increments [32m  [Passed][0m
[33m  [Run]: [0mscePadRead button bits are active-low [32m  [Passed][0m
[33m  [Run]: [0mscePadRead fills pressure bytes and honors button info mask [32m  [Passed][0m
[33m  [Run]: [0mscePadRead uses override state [32m  [Passed][0m
[33m  [Run]: [0mscePadStateIntToStr and scePadReqIntToStr write strings [32m  [Passed][0m

[Suite]: R5900Decoder
[33m  [Run]: [0mCOP0 ERET is marked as return without delay slot [32m  [Passed][0m
[33m  [Run]: [0mCOP2 VU macro op marks VU flags [32m  [Passed][0m
[33m  [Run]: [0mJ computes target with upper PC bits [32m  [Passed][0m
[33m  [Run]: [0mJALR marks call and writes rd when non-zero [32m  [Passed][0m
[33m  [Run]: [0mJR is marked as return when rs is $ra [32m  [Passed][0m
[33m  [Run]: [0mJR/JALR jump target is zero (dynamic) [32m  [Passed][0m
[33m  [Run]: [0mLL/SC modify control and set load/store flags [32m  [Passed][0m
[33m  [Run]: [0mMMI instruction sets MMI flags [32m  [Passed][0m
[33m  [Run]: [0mR5900 MMI MULT1 marks rd modification when rd is non-zero [32m  [Passed][0m
[33m  [Run]: [0mR5900 MULT marks rd modification when rd is non-zero [32m  [Passed][0m
[33m  [Run]: [0mREGIMM branch and link marks call and GPR modification [32m  [Passed][0m
[33m  [Run]: [0mbranch target sign-extends negative offset [32m  [Passed][0m
[33m  [Run]: [0mdecodes BEQ sets branch flags and target [32m  [Passed][0m
[33m  [Run]: [0mdecodes JAL with jump target and call flag [32m  [Passed][0m
[33m  [Run]: [0mdecodes load/store flags [32m  [Passed][0m

========================================
Total Tests: 427
Passed: 427
Failed: 0
========================================
