PREFLIGHT device=device lease='LEASE_FREE N8C2 done' keyguard=false battery=100% status=5
LEASE claimed=N8D1 one-launch
INSTALL Performing Streamed Install | Success
HASH installed_apk ece8b84ce3bce6bb85e42e21c432f6a6123ccae6e61dd91293e9da696fc63ae2 ece8b84ce3bce6bb85e42e21c432f6a6123ccae6e61dd91293e9da696fc63ae2
HASH elf 1b49d05ca2793922180851b9e1ce9ae2291d61a7863565ac4e71f12e967af7bc 1b49d05ca2793922180851b9e1ce9ae2291d61a7863565ac4e71f12e967af7bc
HASH iso 3c2f8eb182c9c6208a6e8172a41e61c98f420abe3f42c845f6829aeb9761ebf5 3c2f8eb182c9c6208a6e8172a41e61c98f420abe3f42c845f6829aeb9761ebf5
CARD mc0 entries=''
FRAME_DIR empty=/storage/emulated/0/Android/data/com.ps2x.runner/files/n8d1-frames
ENV sha=dafe4ac07a9edb26594ab56a3af05825fd70f37ecaba757dba82b0b06b21a881
PREFLIGHT device=device lease='N8D1 one-launch' keyguard=false battery=100% status=5
LAUNCH Starting: Intent { cmp=com.ps2x.runner/android.app.NativeActivity }
PID 21022
PROGRESS t=5.3 tick=169
BACK sent for USB dialog
PROGRESS t=10.8 tick=302
PROGRESS t=16.0 tick=463
PROGRESS t=20.2 tick=623
PROGRESS t=25.5 tick=806
PROGRESS t=30.7 tick=861
IMAGE menu-tick861.png c599950ca832ea39e933358c6cb7b366f4cdc62dd8d4bb7d069290aee95939ad bytes=551681
STOP menu target tick>=850
FINAL tick=861
FRAME_DIR names=upload-0.png,upload-0.txt,upload-1.png,upload-1.txt,upload-latest.png,upload-latest.txt
FRAME upload-0.png seq=0 tick=781 size=512x448 displayFbp=112 sourceFbp=112 preferred=0 fallback=0 fnv1a=38605418 smode2=0x1 pmode=0xff21 sha=d728f45769cfba9b1b887f7375182fba42fa234e9e132e5f186442a1a3816a5f
FRAME upload-1.png seq=1 tick=810 size=512x448 displayFbp=112 sourceFbp=112 preferred=0 fallback=0 fnv1a=77706e73 smode2=0x1 pmode=0xff21 sha=bcab25a0ec25b8d71356149786fddfa097722a7c85b5a973b477b446a9727658
CLEANUP pid-after=none
CLEANUP lease=LEASE_FREE N8D1 done
RECEIPT_PULL upload-latest.png seq=2 tick=840 size=512x448 displayFbp=112 sourceFbp=112 preferred=0 fallback=0 fnv1a=131837ac smode2=0x1 pmode=0xff21 sha=49e5f59927e6ccec66a0caead7f21a3b1bc697ccb0a0ae4cf89be32aff285dba
