[07:36:40] PRE lease="FS2 2026-09-26T11:33:19Z" keyguard="showing=false" battery=100% ac=true pid0=none
[07:36:40] PRE device-env=f63636754a8894fab23afd065424b467bba540b65d7a1aa8098dd2f24cc18131 mc0-test='' mc0-bad=[]
[08:00:23] PRE lease="VR4 2026-09-26T11:57:22Z" keyguard="showing=false" battery=100% ac=true pid0=none
[08:00:23] PRE device-env=090cc981e9f97c9c6007b64e90afaba7ff0b495eae7ede6423bfca826fae29fe mc0-test='' mc0-bad=[]
[08:00:23] APK local sha x2 bc0f2f39c64039618df6e43ab33d0846e6e0da6a61154334be69da3bd40042d2 bc0f2f39c64039618df6e43ab33d0846e6e0da6a61154334be69da3bd40042d2
[08:00:26] INSTALL Performing Streamed Install Success
[08:00:27] INSTALLED /data/app/~~KTfETWtJxjIwkib5PC091w==/com.ps2x.runner-7MZU26K5JCf8qGRF3SKrGg==/base.apk sha=bc0f2f39c64039618df6e43ab33d0846e6e0da6a61154334be69da3bd40042d2 match=True
[08:00:27] ENV 4bce5b136feacc36a8dda581e0e2766448d8117ec193b4c24552ce64f3e91c41  /storage/emulated/0/Android/data/com.ps2x.runner/files/ps2x.env
[08:00:27 t+    0.1] AM Starting: Intent { cmp=com.ps2x.runner/android.app.NativeActivity }
[08:00:33 t+    6.1] FOCUS app-foreground, no BACK ('mCurrentFocus=Window{a1a519f u0 com.ps2x.runner/android.app.NativeActivity}')
[08:00:35 t+    8.3] LAYER 'com.ps2x.runner/android.app.NativeActivity#22876' tried=['com.ps2x.runner/android.app.NativeActivity#22876']
[08:01:09 t+   42.4] CPUWIN start tick=1934
[08:01:20 t+   52.8] SCAP sc01-tick2100-t51.png tick~2189
[08:01:36 t+   68.6] CPUWIN end tick=2577
[08:01:54 t+   87.4] SCAP sc02-tick3000-t86.png tick~3106
[08:02:29 t+  122.2] SCAP sc03-tick4000-t121.png tick~4025
[08:02:49 t+  142.0] STOP tick 4636 >= 4500
[08:02:50 t+  142.7] SCAP sc04-final-t141.png tick~4636
[08:02:51 t+  144.1] THREADS
Threads: 28 total,   1 running,  27 sleeping,   0 stopped,   0 zombie
  Mem:  7342756K total,  4963380K used,  2379376K free,      640K buffers
 Swap: 10485752K total,   737864K used,  9747888K free,  2202624K cached
800%cpu 108%user   0%nice  27%sys 658%idle   0%iow   8%irq   0%sirq   0%host
  TID USER         PR  NI VIRT  RES  SHR S[%CPU] %MEM     TIME+ THREAD          PROCESS
32085 u0_a113      10 -10  17G 723M 481M S 46.1  10.0   0:59.30 MTVU            com.ps2x.runner
32075 u0_a113      10 -10  17G 723M 481M R 34.6  10.0   0:36.07 GameThread      com.ps2x.runner
32053 u0_a113      10 -10  17G 723M 481M S 30.7  10.0   0:31.16 GsWorker        com.ps2x.runner
32083 u0_a113      20   0  17G 723M 481M S  0.0  10.0   0:00.00 InteractionJank com.ps2x.runner
32082 u0_a113      20   0  17G 723M 481M S  0.0  10.0   0:00.00 binder:32031_4  com.ps2x.runner
32077 u0_a113      10 -10  17G 723M 481M S  0.0  10.0   0:00.22 PGS-Waiter      com.ps2x.runner
32076 u0_a113      39  19  17G 723M 481M S  0.0  10.0   0:00.00 com.ps:traceq0  com.ps2x.runner
32073 u0_a113      -3 -10  17G 723M 481M S  0.0  10.0   0:00.51 AAudio_1        com.ps2x.runner
32064 u0_a113      20   0  17G 723M 481M S  0.0  10.0   0:00.08 binder:32031_4  com.ps2x.runner
32063 u0_a113      10 -10  17G 723M 481M S  0.0  10.0   0:00.00 com.ps2x.runner com.ps2x.runner
32057 u0_a113      20   0  17G 723M 481M S  0.0  10.0   0:00.00 InsetsAnimation com.ps2x.runner
32056 u0_a113      20   0  17G 723M 481M S  0.0  10.0   0:00.00 SurfaceSyncGrou com.ps2x.runner
32055 u0_a113      10 -10  17G 723M 481M S  0.0  10.0   0:00.00 VsyncReceiver   com.ps2x.runner
32052 u0_a113      10 -10  17G 723M 481M S  0.0  10.0   0:00.00 com.ps2x.runner com.ps2x.runner
32051 u0_a113      10 -10  17G 723M 481M S  0.0  10.0   0:00.30 com.ps2x.runner com.ps2x.runner

[08:02:51 t+  144.1] BATTERY status: 5 level: 100
[08:02:54 t+  146.7] RESTORE 090cc981e9f97c9c6007b64e90afaba7ff0b495eae7ede6423bfca826fae29fe match=True
[08:02:54 t+  146.9] MC0-AFTER bad=[]
[08:02:54 t+  146.9] END pid-after=none disconnects=0
