-- The C compiler identification is Clang 23.1.1
-- The CXX compiler identification is Clang 23.1.1
-- Detecting C compiler ABI info
-- Detecting C compiler ABI info - done
-- Check for working C compiler: /Applications/Xcode.app/Contents/Developer/Toolchains/XcodeDefault.xctoolchain/usr/bin/clang - skipped
-- Detecting C compile features
-- Detecting C compile features - done
-- Detecting CXX compiler ABI info
-- Detecting CXX compiler ABI info - done
-- Check for working CXX compiler: /Applications/Xcode.app/Contents/Developer/Toolchains/XcodeDefault.xctoolchain/usr/bin/clang++ - skipped
-- Detecting CXX compile features
-- Detecting CXX compile features - done
-- ARM target detected, fetching sse2neon
-- macOS ARM64 - using default compiler flags
CMake Warning (deprecated) at /Volumes/Extreme SSD/ps2x-i4/raylib-5.5/CMakeLists.txt:1 (cmake_minimum_required):
  Compatibility with CMake < 3.10 will be removed from a future version of
  CMake.

  Update the VERSION argument <min> value.  Or, use the <min>...<max> syntax
  to tell CMake that the project requires at least <min> but has been updated
  to work with policies introduced by <max> or earlier.
This warning is for project developers.  Use -Wno-author or -Wno-deprecated
to suppress it.

-- Performing Test COMPILER_HAS_THOSE_TOGGLES
-- Performing Test COMPILER_HAS_THOSE_TOGGLES - Success
-- Testing if -Werror=pointer-arith can be used -- compiles
-- Testing if -Werror=implicit-function-declaration can be used -- compiles
-- Testing if -fno-strict-aliasing can be used -- compiles
-- Using external GLFW
-- Audio Backend: miniaudio
-- Building raylib static library
-- Generated config types: Release
-- Compiling with the flags:
--   PLATFORM=PLATFORM_DESKTOP_SDL
--   GRAPHICS=GRAPHICS_API_OPENGL_ES2
CMake Warning (author) at /opt/homebrew/share/cmake/Modules/FetchContent.cmake:1968 (message):
  Calling FetchContent_Populate(imgui) is deprecated, call
  FetchContent_MakeAvailable(imgui) instead.  Policy CMP0169 can be set to
  OLD to allow FetchContent_Populate(imgui) to be called directly for now,
  but the ability to call it with declared details will be removed completely
  in a future version.
Call Stack (most recent call first):
  ps2xRuntime/CMakeLists.txt:121 (FetchContent_Populate)
This warning is for project developers.  Use -Wno-author to suppress it.

-- Populating imgui
-- Configuring done (0.7s)
-- Generating done (0.6s)
-- Build files have been written to: /Volumes/Extreme SSD/ps2x-i7/ios-runtime-rel/_deps/imgui-subbuild
Command line invocation:
    /Applications/Xcode.app/Contents/Developer/usr/bin/xcodebuild -project imgui-populate.xcodeproj build -configuration Debug -parallelizeTargets -hideShellScriptEnvironment -target ALL_BUILD

ComputePackagePrebuildTargetDependencyGraph

CreateBuildRequest

SendProjectDescription

CreateBuildOperation

ComputeTargetDependencyGraph
note: Building targets in dependency order
note: Target dependency graph (3 targets)
    Target 'ALL_BUILD' in project 'imgui-populate'
        ➜ Explicit dependency on target 'imgui-populate' in project 'imgui-populate'
        ➜ Explicit dependency on target 'ZERO_CHECK' in project 'imgui-populate'
    Target 'imgui-populate' in project 'imgui-populate'
        ➜ Explicit dependency on target 'ZERO_CHECK' in project 'imgui-populate'
    Target 'ZERO_CHECK' in project 'imgui-populate' (no dependencies)

GatherProvisioningInputs

CreateBuildDescription

ExecuteExternalTool /opt/homebrew/opt/llvm/bin/clang -v -E -dM -isysroot /Applications/Xcode.app/Contents/Developer/Platforms/MacOSX.platform/Developer/SDKs/MacOSX27.0.sdk -x c -c /dev/null

Build description signature: a7cfedfd7fa3b676e60d5b8b23ae40f3
Build description path: /Volumes/Extreme SSD/ps2x-i7/ios-runtime-rel/_deps/imgui-subbuild/build/XCBuildData/a7cfedfd7fa3b676e60d5b8b23ae40f3.xcbuilddata
CreateBuildDirectory /Volumes/Extreme\ SSD/ps2x-i7/ios-runtime-rel/_deps/imgui-subbuild/build
    cd /Volumes/Extreme\ SSD/ps2x-i7/ios-runtime-rel/_deps/imgui-subbuild/imgui-populate.xcodeproj
    builtin-create-build-directory /Volumes/Extreme\ SSD/ps2x-i7/ios-runtime-rel/_deps/imgui-subbuild/build

CreateBuildDirectory /var/folders/zg/v8fr50g11gg5xcmmsr57zzq00000gn/C/com.apple.DeveloperTools/27.0-27A266a/Xcode/CompilationCache.noindex
    cd /Volumes/Extreme\ SSD/ps2x-i7/ios-runtime-rel/_deps/imgui-subbuild/imgui-populate.xcodeproj
    builtin-create-build-directory /var/folders/zg/v8fr50g11gg5xcmmsr57zzq00000gn/C/com.apple.DeveloperTools/27.0-27A266a/Xcode/CompilationCache.noindex

CreateBuildDirectory /Volumes/Extreme\ SSD/ps2x-i7/ios-runtime-rel/_deps/imgui-subbuild/build/ExplicitPrecompiledModules
    cd /Volumes/Extreme\ SSD/ps2x-i7/ios-runtime-rel/_deps/imgui-subbuild/imgui-populate.xcodeproj
    builtin-create-build-directory /Volumes/Extreme\ SSD/ps2x-i7/ios-runtime-rel/_deps/imgui-subbuild/build/ExplicitPrecompiledModules

CreateBuildDirectory /Volumes/Extreme\ SSD/ps2x-i7/ios-runtime-rel/_deps/imgui-subbuild/build/SharedPrecompiledHeaders
    cd /Volumes/Extreme\ SSD/ps2x-i7/ios-runtime-rel/_deps/imgui-subbuild/imgui-populate.xcodeproj
    builtin-create-build-directory /Volumes/Extreme\ SSD/ps2x-i7/ios-runtime-rel/_deps/imgui-subbuild/build/SharedPrecompiledHeaders

CreateBuildDirectory /Volumes/Extreme\ SSD/ps2x-i7/ios-runtime-rel/_deps/imgui-subbuild/build/Debug
    cd /Volumes/Extreme\ SSD/ps2x-i7/ios-runtime-rel/_deps/imgui-subbuild/imgui-populate.xcodeproj
    builtin-create-build-directory /Volumes/Extreme\ SSD/ps2x-i7/ios-runtime-rel/_deps/imgui-subbuild/build/Debug

CreateBuildDirectory /Volumes/Extreme\ SSD/ps2x-i7/ios-runtime-rel/_deps/imgui-subbuild/build/SwiftExplicitPrecompiledModules
    cd /Volumes/Extreme\ SSD/ps2x-i7/ios-runtime-rel/_deps/imgui-subbuild/imgui-populate.xcodeproj
    builtin-create-build-directory /Volumes/Extreme\ SSD/ps2x-i7/ios-runtime-rel/_deps/imgui-subbuild/build/SwiftExplicitPrecompiledModules

CreateBuildDirectory /Volumes/Extreme\ SSD/ps2x-i7/ios-runtime-rel/_deps/imgui-subbuild/build/EagerLinkingTBDs/Debug
    cd /Volumes/Extreme\ SSD/ps2x-i7/ios-runtime-rel/_deps/imgui-subbuild/imgui-populate.xcodeproj
    builtin-create-build-directory /Volumes/Extreme\ SSD/ps2x-i7/ios-runtime-rel/_deps/imgui-subbuild/build/EagerLinkingTBDs/Debug

WriteAuxiliaryFile /Volumes/Extreme\ SSD/ps2x-i7/ios-runtime-rel/_deps/imgui-subbuild/build/imgui-populate.build/Debug/imgui-populate.build/Script-D8A840FFBF24F1A4FB0B0457.sh (in target 'imgui-populate' from project 'imgui-populate')
    cd /Volumes/Extreme\ SSD/ps2x-i7/ios-runtime-rel/_deps/imgui-subbuild
    write-file /Volumes/Extreme\ SSD/ps2x-i7/ios-runtime-rel/_deps/imgui-subbuild/build/imgui-populate.build/Debug/imgui-populate.build/Script-D8A840FFBF24F1A4FB0B0457.sh

WriteAuxiliaryFile /Volumes/Extreme\ SSD/ps2x-i7/ios-runtime-rel/_deps/imgui-subbuild/build/imgui-populate.build/Debug/imgui-populate.build/Script-CB39DA54D99DA8C980D36B06.sh (in target 'imgui-populate' from project 'imgui-populate')
    cd /Volumes/Extreme\ SSD/ps2x-i7/ios-runtime-rel/_deps/imgui-subbuild
    write-file /Volumes/Extreme\ SSD/ps2x-i7/ios-runtime-rel/_deps/imgui-subbuild/build/imgui-populate.build/Debug/imgui-populate.build/Script-CB39DA54D99DA8C980D36B06.sh

WriteAuxiliaryFile /Volumes/Extreme\ SSD/ps2x-i7/ios-runtime-rel/_deps/imgui-subbuild/build/imgui-populate.build/Debug/imgui-populate.build/Script-716E09C0C82ED31E8D44A83F.sh (in target 'imgui-populate' from project 'imgui-populate')
    cd /Volumes/Extreme\ SSD/ps2x-i7/ios-runtime-rel/_deps/imgui-subbuild
    write-file /Volumes/Extreme\ SSD/ps2x-i7/ios-runtime-rel/_deps/imgui-subbuild/build/imgui-populate.build/Debug/imgui-populate.build/Script-716E09C0C82ED31E8D44A83F.sh

WriteAuxiliaryFile /Volumes/Extreme\ SSD/ps2x-i7/ios-runtime-rel/_deps/imgui-subbuild/build/imgui-populate.build/Debug/imgui-populate.build/Script-A93B3FD1EA5099740780CC5E.sh (in target 'imgui-populate' from project 'imgui-populate')
    cd /Volumes/Extreme\ SSD/ps2x-i7/ios-runtime-rel/_deps/imgui-subbuild
    write-file /Volumes/Extreme\ SSD/ps2x-i7/ios-runtime-rel/_deps/imgui-subbuild/build/imgui-populate.build/Debug/imgui-populate.build/Script-A93B3FD1EA5099740780CC5E.sh

WriteAuxiliaryFile /Volumes/Extreme\ SSD/ps2x-i7/ios-runtime-rel/_deps/imgui-subbuild/build/imgui-populate.build/Debug/imgui-populate.build/Script-EC00E822656684B54FB42862.sh (in target 'imgui-populate' from project 'imgui-populate')
    cd /Volumes/Extreme\ SSD/ps2x-i7/ios-runtime-rel/_deps/imgui-subbuild
    write-file /Volumes/Extreme\ SSD/ps2x-i7/ios-runtime-rel/_deps/imgui-subbuild/build/imgui-populate.build/Debug/imgui-populate.build/Script-EC00E822656684B54FB42862.sh

WriteAuxiliaryFile /Volumes/Extreme\ SSD/ps2x-i7/ios-runtime-rel/_deps/imgui-subbuild/build/imgui-populate.build/Debug/imgui-populate.build/Script-2EFFB46CA902E738808B8144.sh (in target 'imgui-populate' from project 'imgui-populate')
    cd /Volumes/Extreme\ SSD/ps2x-i7/ios-runtime-rel/_deps/imgui-subbuild
    write-file /Volumes/Extreme\ SSD/ps2x-i7/ios-runtime-rel/_deps/imgui-subbuild/build/imgui-populate.build/Debug/imgui-populate.build/Script-2EFFB46CA902E738808B8144.sh

WriteAuxiliaryFile /Volumes/Extreme\ SSD/ps2x-i7/ios-runtime-rel/_deps/imgui-subbuild/build/imgui-populate.build/Debug/imgui-populate.build/Script-2926425B796F803C4606E921.sh (in target 'imgui-populate' from project 'imgui-populate')
    cd /Volumes/Extreme\ SSD/ps2x-i7/ios-runtime-rel/_deps/imgui-subbuild
    write-file /Volumes/Extreme\ SSD/ps2x-i7/ios-runtime-rel/_deps/imgui-subbuild/build/imgui-populate.build/Debug/imgui-populate.build/Script-2926425B796F803C4606E921.sh

WriteAuxiliaryFile /Volumes/Extreme\ SSD/ps2x-i7/ios-runtime-rel/_deps/imgui-subbuild/build/imgui-populate.build/Debug/imgui-populate.build/Script-25A7090F6DA22903AF567652.sh (in target 'imgui-populate' from project 'imgui-populate')
    cd /Volumes/Extreme\ SSD/ps2x-i7/ios-runtime-rel/_deps/imgui-subbuild
    write-file /Volumes/Extreme\ SSD/ps2x-i7/ios-runtime-rel/_deps/imgui-subbuild/build/imgui-populate.build/Debug/imgui-populate.build/Script-25A7090F6DA22903AF567652.sh

WriteAuxiliaryFile /Volumes/Extreme\ SSD/ps2x-i7/ios-runtime-rel/_deps/imgui-subbuild/build/imgui-populate.build/Debug/imgui-populate.build/Script-227D69C9444C6C61C408E97D.sh (in target 'imgui-populate' from project 'imgui-populate')
    cd /Volumes/Extreme\ SSD/ps2x-i7/ios-runtime-rel/_deps/imgui-subbuild
    write-file /Volumes/Extreme\ SSD/ps2x-i7/ios-runtime-rel/_deps/imgui-subbuild/build/imgui-populate.build/Debug/imgui-populate.build/Script-227D69C9444C6C61C408E97D.sh

WriteAuxiliaryFile /Volumes/Extreme\ SSD/ps2x-i7/ios-runtime-rel/_deps/imgui-subbuild/build/imgui-populate.build/Debug/imgui-populate.build/Script-1D8A6C9332E425447CB7B232.sh (in target 'imgui-populate' from project 'imgui-populate')
    cd /Volumes/Extreme\ SSD/ps2x-i7/ios-runtime-rel/_deps/imgui-subbuild
    write-file /Volumes/Extreme\ SSD/ps2x-i7/ios-runtime-rel/_deps/imgui-subbuild/build/imgui-populate.build/Debug/imgui-populate.build/Script-1D8A6C9332E425447CB7B232.sh

WriteAuxiliaryFile /Volumes/Extreme\ SSD/ps2x-i7/ios-runtime-rel/_deps/imgui-subbuild/build/imgui-populate.build/Debug/ZERO_CHECK.build/Script-0D626B9E1DBC37A63C71286D.sh (in target 'ZERO_CHECK' from project 'imgui-populate')
    cd /Volumes/Extreme\ SSD/ps2x-i7/ios-runtime-rel/_deps/imgui-subbuild
    write-file /Volumes/Extreme\ SSD/ps2x-i7/ios-runtime-rel/_deps/imgui-subbuild/build/imgui-populate.build/Debug/ZERO_CHECK.build/Script-0D626B9E1DBC37A63C71286D.sh

WriteAuxiliaryFile /Volumes/Extreme\ SSD/ps2x-i7/ios-runtime-rel/_deps/imgui-subbuild/build/imgui-populate.build/Debug/ALL_BUILD.build/Script-77786E04E8AD0D76E351FF61.sh (in target 'ALL_BUILD' from project 'imgui-populate')
    cd /Volumes/Extreme\ SSD/ps2x-i7/ios-runtime-rel/_deps/imgui-subbuild
    write-file /Volumes/Extreme\ SSD/ps2x-i7/ios-runtime-rel/_deps/imgui-subbuild/build/imgui-populate.build/Debug/ALL_BUILD.build/Script-77786E04E8AD0D76E351FF61.sh

PhaseScriptExecution Generate\ CMakeFiles/ZERO_CHECK /Volumes/Extreme\ SSD/ps2x-i7/ios-runtime-rel/_deps/imgui-subbuild/build/imgui-populate.build/Debug/ZERO_CHECK.build/Script-0D626B9E1DBC37A63C71286D.sh (in target 'ZERO_CHECK' from project 'imgui-populate')
    cd /Volumes/Extreme\ SSD/ps2x-i7/ios-runtime-rel/_deps/imgui-subbuild
    /bin/sh -c /Volumes/Extreme\\\ SSD/ps2x-i7/ios-runtime-rel/_deps/imgui-subbuild/build/imgui-populate.build/Debug/ZERO_CHECK.build/Script-0D626B9E1DBC37A63C71286D.sh
make: `/Volumes/Extreme SSD/ps2x-i7/ios-runtime-rel/_deps/imgui-subbuild/CMakeFiles/cmake.check_cache' is up to date.

PhaseScriptExecution Generate\ imgui-populate-prefix/src/imgui-populate-stamp/$(CONFIGURATION)$(EFFECTIVE_PLATFORM_NAME)/imgui-populate-mkdir /Volumes/Extreme\ SSD/ps2x-i7/ios-runtime-rel/_deps/imgui-subbuild/build/imgui-populate.build/Debug/imgui-populate.build/Script-D8A840FFBF24F1A4FB0B0457.sh (in target 'imgui-populate' from project 'imgui-populate')
    cd /Volumes/Extreme\ SSD/ps2x-i7/ios-runtime-rel/_deps/imgui-subbuild
    /bin/sh -c /Volumes/Extreme\\\ SSD/ps2x-i7/ios-runtime-rel/_deps/imgui-subbuild/build/imgui-populate.build/Debug/imgui-populate.build/Script-D8A840FFBF24F1A4FB0B0457.sh

PhaseScriptExecution Generate\ imgui-populate-prefix/src/imgui-populate-stamp/$(CONFIGURATION)$(EFFECTIVE_PLATFORM_NAME)/imgui-populate-download /Volumes/Extreme\ SSD/ps2x-i7/ios-runtime-rel/_deps/imgui-subbuild/build/imgui-populate.build/Debug/imgui-populate.build/Script-EC00E822656684B54FB42862.sh (in target 'imgui-populate' from project 'imgui-populate')
    cd /Volumes/Extreme\ SSD/ps2x-i7/ios-runtime-rel/_deps/imgui-subbuild
    /bin/sh -c /Volumes/Extreme\\\ SSD/ps2x-i7/ios-runtime-rel/_deps/imgui-subbuild/build/imgui-populate.build/Debug/imgui-populate.build/Script-EC00E822656684B54FB42862.sh
Cloning into 'imgui-src'...
error: non-monotonic index .git/objects/pack/._pack-a5ae9fce390587a27d41d99c894275878751284c.idx
error: non-monotonic index .git/objects/pack/._pack-a5ae9fce390587a27d41d99c894275878751284c.idx
HEAD is now at b1bcb12 Merge branch 'master' into docking
Command PhaseScriptExecution emitted errors but did not return a nonzero exit code to indicate failure

PhaseScriptExecution Generate\ imgui-populate-prefix/src/imgui-populate-stamp/$(CONFIGURATION)$(EFFECTIVE_PLATFORM_NAME)/imgui-populate-update /Volumes/Extreme\ SSD/ps2x-i7/ios-runtime-rel/_deps/imgui-subbuild/build/imgui-populate.build/Debug/imgui-populate.build/Script-2926425B796F803C4606E921.sh (in target 'imgui-populate' from project 'imgui-populate')
    cd /Volumes/Extreme\ SSD/ps2x-i7/ios-runtime-rel/_deps/imgui-subbuild
    /bin/sh -c /Volumes/Extreme\\\ SSD/ps2x-i7/ios-runtime-rel/_deps/imgui-subbuild/build/imgui-populate.build/Debug/imgui-populate.build/Script-2926425B796F803C4606E921.sh
-- Already at requested tag: v1.92.7-docking

PhaseScriptExecution Generate\ imgui-populate-prefix/src/imgui-populate-stamp/$(CONFIGURATION)$(EFFECTIVE_PLATFORM_NAME)/imgui-populate-patch /Volumes/Extreme\ SSD/ps2x-i7/ios-runtime-rel/_deps/imgui-subbuild/build/imgui-populate.build/Debug/imgui-populate.build/Script-227D69C9444C6C61C408E97D.sh (in target 'imgui-populate' from project 'imgui-populate')
    cd /Volumes/Extreme\ SSD/ps2x-i7/ios-runtime-rel/_deps/imgui-subbuild
    /bin/sh -c /Volumes/Extreme\\\ SSD/ps2x-i7/ios-runtime-rel/_deps/imgui-subbuild/build/imgui-populate.build/Debug/imgui-populate.build/Script-227D69C9444C6C61C408E97D.sh

PhaseScriptExecution Generate\ imgui-populate-prefix/src/imgui-populate-stamp/$(CONFIGURATION)$(EFFECTIVE_PLATFORM_NAME)/imgui-populate-configure /Volumes/Extreme\ SSD/ps2x-i7/ios-runtime-rel/_deps/imgui-subbuild/build/imgui-populate.build/Debug/imgui-populate.build/Script-716E09C0C82ED31E8D44A83F.sh (in target 'imgui-populate' from project 'imgui-populate')
    cd /Volumes/Extreme\ SSD/ps2x-i7/ios-runtime-rel/_deps/imgui-subbuild
    /bin/sh -c /Volumes/Extreme\\\ SSD/ps2x-i7/ios-runtime-rel/_deps/imgui-subbuild/build/imgui-populate.build/Debug/imgui-populate.build/Script-716E09C0C82ED31E8D44A83F.sh

PhaseScriptExecution Generate\ imgui-populate-prefix/src/imgui-populate-stamp/$(CONFIGURATION)$(EFFECTIVE_PLATFORM_NAME)/imgui-populate-build /Volumes/Extreme\ SSD/ps2x-i7/ios-runtime-rel/_deps/imgui-subbuild/build/imgui-populate.build/Debug/imgui-populate.build/Script-CB39DA54D99DA8C980D36B06.sh (in target 'imgui-populate' from project 'imgui-populate')
    cd /Volumes/Extreme\ SSD/ps2x-i7/ios-runtime-rel/_deps/imgui-subbuild
    /bin/sh -c /Volumes/Extreme\\\ SSD/ps2x-i7/ios-runtime-rel/_deps/imgui-subbuild/build/imgui-populate.build/Debug/imgui-populate.build/Script-CB39DA54D99DA8C980D36B06.sh

PhaseScriptExecution Generate\ imgui-populate-prefix/src/imgui-populate-stamp/$(CONFIGURATION)$(EFFECTIVE_PLATFORM_NAME)/imgui-populate-install /Volumes/Extreme\ SSD/ps2x-i7/ios-runtime-rel/_deps/imgui-subbuild/build/imgui-populate.build/Debug/imgui-populate.build/Script-A93B3FD1EA5099740780CC5E.sh (in target 'imgui-populate' from project 'imgui-populate')
    cd /Volumes/Extreme\ SSD/ps2x-i7/ios-runtime-rel/_deps/imgui-subbuild
    /bin/sh -c /Volumes/Extreme\\\ SSD/ps2x-i7/ios-runtime-rel/_deps/imgui-subbuild/build/imgui-populate.build/Debug/imgui-populate.build/Script-A93B3FD1EA5099740780CC5E.sh

PhaseScriptExecution Generate\ imgui-populate-prefix/src/imgui-populate-stamp/$(CONFIGURATION)$(EFFECTIVE_PLATFORM_NAME)/imgui-populate-test /Volumes/Extreme\ SSD/ps2x-i7/ios-runtime-rel/_deps/imgui-subbuild/build/imgui-populate.build/Debug/imgui-populate.build/Script-1D8A6C9332E425447CB7B232.sh (in target 'imgui-populate' from project 'imgui-populate')
    cd /Volumes/Extreme\ SSD/ps2x-i7/ios-runtime-rel/_deps/imgui-subbuild
    /bin/sh -c /Volumes/Extreme\\\ SSD/ps2x-i7/ios-runtime-rel/_deps/imgui-subbuild/build/imgui-populate.build/Debug/imgui-populate.build/Script-1D8A6C9332E425447CB7B232.sh

PhaseScriptExecution Generate\ CMakeFiles/$(CONFIGURATION)$(EFFECTIVE_PLATFORM_NAME)/imgui-populate-complete /Volumes/Extreme\ SSD/ps2x-i7/ios-runtime-rel/_deps/imgui-subbuild/build/imgui-populate.build/Debug/imgui-populate.build/Script-2EFFB46CA902E738808B8144.sh (in target 'imgui-populate' from project 'imgui-populate')
    cd /Volumes/Extreme\ SSD/ps2x-i7/ios-runtime-rel/_deps/imgui-subbuild
    /bin/sh -c /Volumes/Extreme\\\ SSD/ps2x-i7/ios-runtime-rel/_deps/imgui-subbuild/build/imgui-populate.build/Debug/imgui-populate.build/Script-2EFFB46CA902E738808B8144.sh

PhaseScriptExecution Generate\ CMakeFiles/imgui-populate /Volumes/Extreme\ SSD/ps2x-i7/ios-runtime-rel/_deps/imgui-subbuild/build/imgui-populate.build/Debug/imgui-populate.build/Script-25A7090F6DA22903AF567652.sh (in target 'imgui-populate' from project 'imgui-populate')
    cd /Volumes/Extreme\ SSD/ps2x-i7/ios-runtime-rel/_deps/imgui-subbuild
    /bin/sh -c /Volumes/Extreme\\\ SSD/ps2x-i7/ios-runtime-rel/_deps/imgui-subbuild/build/imgui-populate.build/Debug/imgui-populate.build/Script-25A7090F6DA22903AF567652.sh

PhaseScriptExecution Generate\ CMakeFiles/ALL_BUILD /Volumes/Extreme\ SSD/ps2x-i7/ios-runtime-rel/_deps/imgui-subbuild/build/imgui-populate.build/Debug/ALL_BUILD.build/Script-77786E04E8AD0D76E351FF61.sh (in target 'ALL_BUILD' from project 'imgui-populate')
    cd /Volumes/Extreme\ SSD/ps2x-i7/ios-runtime-rel/_deps/imgui-subbuild
    /bin/sh -c /Volumes/Extreme\\\ SSD/ps2x-i7/ios-runtime-rel/_deps/imgui-subbuild/build/imgui-populate.build/Debug/ALL_BUILD.build/Script-77786E04E8AD0D76E351FF61.sh
Build all projects

PruneExplicitPrecompiledModules /Volumes/Extreme SSD/ps2x-i7/ios-runtime-rel/_deps/imgui-subbuild/build/ExplicitPrecompiledModules

PruneExplicitPrecompiledModules /Volumes/Extreme SSD/ps2x-i7/ios-runtime-rel/_deps/imgui-subbuild/build/SwiftExplicitPrecompiledModules

note: Run script build phase 'Generate imgui-populate-prefix/src/imgui-populate-stamp/$(CONFIGURATION)$(EFFECTIVE_PLATFORM_NAME)/imgui-populate-patch' will be run during every build because the option to run the script phase "Based on dependency analysis" is unchecked. (in target 'imgui-populate' from project 'imgui-populate')
note: Run script build phase 'Generate CMakeFiles/$(CONFIGURATION)$(EFFECTIVE_PLATFORM_NAME)/imgui-populate-complete' will be run during every build because the option to run the script phase "Based on dependency analysis" is unchecked. (in target 'imgui-populate' from project 'imgui-populate')
note: Run script build phase 'Generate imgui-populate-prefix/src/imgui-populate-stamp/$(CONFIGURATION)$(EFFECTIVE_PLATFORM_NAME)/imgui-populate-update' will be run during every build because the option to run the script phase "Based on dependency analysis" is unchecked. (in target 'imgui-populate' from project 'imgui-populate')
note: Run script build phase 'Generate CMakeFiles/imgui-populate' will be run during every build because the option to run the script phase "Based on dependency analysis" is unchecked. (in target 'imgui-populate' from project 'imgui-populate')
note: Run script build phase 'Generate CMakeFiles/ZERO_CHECK' will be run during every build because the option to run the script phase "Based on dependency analysis" is unchecked. (in target 'ZERO_CHECK' from project 'imgui-populate')
note: Run script build phase 'Generate CMakeFiles/ALL_BUILD' will be run during every build because the option to run the script phase "Based on dependency analysis" is unchecked. (in target 'ALL_BUILD' from project 'imgui-populate')
** BUILD SUCCEEDED **

CMake Warning (author) at /opt/homebrew/share/cmake/Modules/FetchContent.cmake:1968 (message):
  Calling FetchContent_Populate(rlImGui) is deprecated, call
  FetchContent_MakeAvailable(rlImGui) instead.  Policy CMP0169 can be set to
  OLD to allow FetchContent_Populate(rlImGui) to be called directly for now,
  but the ability to call it with declared details will be removed completely
  in a future version.
Call Stack (most recent call first):
  ps2xRuntime/CMakeLists.txt:144 (FetchContent_Populate)
This warning is for project developers.  Use -Wno-author to suppress it.

-- Populating rlimgui
-- Configuring done (0.6s)
-- Generating done (0.5s)
-- Build files have been written to: /Volumes/Extreme SSD/ps2x-i7/ios-runtime-rel/_deps/rlimgui-subbuild
Command line invocation:
    /Applications/Xcode.app/Contents/Developer/usr/bin/xcodebuild -project rlimgui-populate.xcodeproj build -configuration Debug -parallelizeTargets -hideShellScriptEnvironment -target ALL_BUILD

ComputePackagePrebuildTargetDependencyGraph

CreateBuildRequest

SendProjectDescription

CreateBuildOperation

ComputeTargetDependencyGraph
note: Building targets in dependency order
note: Target dependency graph (3 targets)
    Target 'ALL_BUILD' in project 'rlimgui-populate'
        ➜ Explicit dependency on target 'rlimgui-populate' in project 'rlimgui-populate'
        ➜ Explicit dependency on target 'ZERO_CHECK' in project 'rlimgui-populate'
    Target 'rlimgui-populate' in project 'rlimgui-populate'
        ➜ Explicit dependency on target 'ZERO_CHECK' in project 'rlimgui-populate'
    Target 'ZERO_CHECK' in project 'rlimgui-populate' (no dependencies)

GatherProvisioningInputs

CreateBuildDescription

ExecuteExternalTool /opt/homebrew/opt/llvm/bin/clang -v -E -dM -isysroot /Applications/Xcode.app/Contents/Developer/Platforms/MacOSX.platform/Developer/SDKs/MacOSX27.0.sdk -x c -c /dev/null

Build description signature: 97e61985544ebb9339acba06175da9da
Build description path: /Volumes/Extreme SSD/ps2x-i7/ios-runtime-rel/_deps/rlimgui-subbuild/build/XCBuildData/97e61985544ebb9339acba06175da9da.xcbuilddata
CreateBuildDirectory /Volumes/Extreme\ SSD/ps2x-i7/ios-runtime-rel/_deps/rlimgui-subbuild/build
    cd /Volumes/Extreme\ SSD/ps2x-i7/ios-runtime-rel/_deps/rlimgui-subbuild/rlimgui-populate.xcodeproj
    builtin-create-build-directory /Volumes/Extreme\ SSD/ps2x-i7/ios-runtime-rel/_deps/rlimgui-subbuild/build

CreateBuildDirectory /var/folders/zg/v8fr50g11gg5xcmmsr57zzq00000gn/C/com.apple.DeveloperTools/27.0-27A266a/Xcode/CompilationCache.noindex
    cd /Volumes/Extreme\ SSD/ps2x-i7/ios-runtime-rel/_deps/rlimgui-subbuild/rlimgui-populate.xcodeproj
    builtin-create-build-directory /var/folders/zg/v8fr50g11gg5xcmmsr57zzq00000gn/C/com.apple.DeveloperTools/27.0-27A266a/Xcode/CompilationCache.noindex

CreateBuildDirectory /Volumes/Extreme\ SSD/ps2x-i7/ios-runtime-rel/_deps/rlimgui-subbuild/build/SwiftExplicitPrecompiledModules
    cd /Volumes/Extreme\ SSD/ps2x-i7/ios-runtime-rel/_deps/rlimgui-subbuild/rlimgui-populate.xcodeproj
    builtin-create-build-directory /Volumes/Extreme\ SSD/ps2x-i7/ios-runtime-rel/_deps/rlimgui-subbuild/build/SwiftExplicitPrecompiledModules

CreateBuildDirectory /Volumes/Extreme\ SSD/ps2x-i7/ios-runtime-rel/_deps/rlimgui-subbuild/build/Debug
    cd /Volumes/Extreme\ SSD/ps2x-i7/ios-runtime-rel/_deps/rlimgui-subbuild/rlimgui-populate.xcodeproj
    builtin-create-build-directory /Volumes/Extreme\ SSD/ps2x-i7/ios-runtime-rel/_deps/rlimgui-subbuild/build/Debug

CreateBuildDirectory /Volumes/Extreme\ SSD/ps2x-i7/ios-runtime-rel/_deps/rlimgui-subbuild/build/SharedPrecompiledHeaders
    cd /Volumes/Extreme\ SSD/ps2x-i7/ios-runtime-rel/_deps/rlimgui-subbuild/rlimgui-populate.xcodeproj
    builtin-create-build-directory /Volumes/Extreme\ SSD/ps2x-i7/ios-runtime-rel/_deps/rlimgui-subbuild/build/SharedPrecompiledHeaders

CreateBuildDirectory /Volumes/Extreme\ SSD/ps2x-i7/ios-runtime-rel/_deps/rlimgui-subbuild/build/ExplicitPrecompiledModules
    cd /Volumes/Extreme\ SSD/ps2x-i7/ios-runtime-rel/_deps/rlimgui-subbuild/rlimgui-populate.xcodeproj
    builtin-create-build-directory /Volumes/Extreme\ SSD/ps2x-i7/ios-runtime-rel/_deps/rlimgui-subbuild/build/ExplicitPrecompiledModules

CreateBuildDirectory /Volumes/Extreme\ SSD/ps2x-i7/ios-runtime-rel/_deps/rlimgui-subbuild/build/EagerLinkingTBDs/Debug
    cd /Volumes/Extreme\ SSD/ps2x-i7/ios-runtime-rel/_deps/rlimgui-subbuild/rlimgui-populate.xcodeproj
    builtin-create-build-directory /Volumes/Extreme\ SSD/ps2x-i7/ios-runtime-rel/_deps/rlimgui-subbuild/build/EagerLinkingTBDs/Debug

WriteAuxiliaryFile /Volumes/Extreme\ SSD/ps2x-i7/ios-runtime-rel/_deps/rlimgui-subbuild/build/rlimgui-populate.build/Debug/rlimgui-populate.build/Script-A6868E4152E5EBC6D106AB90.sh (in target 'rlimgui-populate' from project 'rlimgui-populate')
    cd /Volumes/Extreme\ SSD/ps2x-i7/ios-runtime-rel/_deps/rlimgui-subbuild
    write-file /Volumes/Extreme\ SSD/ps2x-i7/ios-runtime-rel/_deps/rlimgui-subbuild/build/rlimgui-populate.build/Debug/rlimgui-populate.build/Script-A6868E4152E5EBC6D106AB90.sh

WriteAuxiliaryFile /Volumes/Extreme\ SSD/ps2x-i7/ios-runtime-rel/_deps/rlimgui-subbuild/build/rlimgui-populate.build/Debug/rlimgui-populate.build/Script-B32FC9F6BB27C4B88804FF3D.sh (in target 'rlimgui-populate' from project 'rlimgui-populate')
    cd /Volumes/Extreme\ SSD/ps2x-i7/ios-runtime-rel/_deps/rlimgui-subbuild
    write-file /Volumes/Extreme\ SSD/ps2x-i7/ios-runtime-rel/_deps/rlimgui-subbuild/build/rlimgui-populate.build/Debug/rlimgui-populate.build/Script-B32FC9F6BB27C4B88804FF3D.sh

WriteAuxiliaryFile /Volumes/Extreme\ SSD/ps2x-i7/ios-runtime-rel/_deps/rlimgui-subbuild/build/rlimgui-populate.build/Debug/rlimgui-populate.build/Script-DD7742ACDA845F8FFD2AC951.sh (in target 'rlimgui-populate' from project 'rlimgui-populate')
    cd /Volumes/Extreme\ SSD/ps2x-i7/ios-runtime-rel/_deps/rlimgui-subbuild
    write-file /Volumes/Extreme\ SSD/ps2x-i7/ios-runtime-rel/_deps/rlimgui-subbuild/build/rlimgui-populate.build/Debug/rlimgui-populate.build/Script-DD7742ACDA845F8FFD2AC951.sh

WriteAuxiliaryFile /Volumes/Extreme\ SSD/ps2x-i7/ios-runtime-rel/_deps/rlimgui-subbuild/build/rlimgui-populate.build/Debug/ZERO_CHECK.build/Script-F5B414FB8EBA9870F7368B99.sh (in target 'ZERO_CHECK' from project 'rlimgui-populate')
    cd /Volumes/Extreme\ SSD/ps2x-i7/ios-runtime-rel/_deps/rlimgui-subbuild
    write-file /Volumes/Extreme\ SSD/ps2x-i7/ios-runtime-rel/_deps/rlimgui-subbuild/build/rlimgui-populate.build/Debug/ZERO_CHECK.build/Script-F5B414FB8EBA9870F7368B99.sh

WriteAuxiliaryFile /Volumes/Extreme\ SSD/ps2x-i7/ios-runtime-rel/_deps/rlimgui-subbuild/build/rlimgui-populate.build/Debug/rlimgui-populate.build/Script-DF21BA5905AEAB048EE2F4F7.sh (in target 'rlimgui-populate' from project 'rlimgui-populate')
    cd /Volumes/Extreme\ SSD/ps2x-i7/ios-runtime-rel/_deps/rlimgui-subbuild
    write-file /Volumes/Extreme\ SSD/ps2x-i7/ios-runtime-rel/_deps/rlimgui-subbuild/build/rlimgui-populate.build/Debug/rlimgui-populate.build/Script-DF21BA5905AEAB048EE2F4F7.sh

WriteAuxiliaryFile /Volumes/Extreme\ SSD/ps2x-i7/ios-runtime-rel/_deps/rlimgui-subbuild/build/rlimgui-populate.build/Debug/rlimgui-populate.build/Script-A5D06C6B7B81110A0715307A.sh (in target 'rlimgui-populate' from project 'rlimgui-populate')
    cd /Volumes/Extreme\ SSD/ps2x-i7/ios-runtime-rel/_deps/rlimgui-subbuild
    write-file /Volumes/Extreme\ SSD/ps2x-i7/ios-runtime-rel/_deps/rlimgui-subbuild/build/rlimgui-populate.build/Debug/rlimgui-populate.build/Script-A5D06C6B7B81110A0715307A.sh

WriteAuxiliaryFile /Volumes/Extreme\ SSD/ps2x-i7/ios-runtime-rel/_deps/rlimgui-subbuild/build/rlimgui-populate.build/Debug/rlimgui-populate.build/Script-409280F579B66B1A706B4543.sh (in target 'rlimgui-populate' from project 'rlimgui-populate')
    cd /Volumes/Extreme\ SSD/ps2x-i7/ios-runtime-rel/_deps/rlimgui-subbuild
    write-file /Volumes/Extreme\ SSD/ps2x-i7/ios-runtime-rel/_deps/rlimgui-subbuild/build/rlimgui-populate.build/Debug/rlimgui-populate.build/Script-409280F579B66B1A706B4543.sh

WriteAuxiliaryFile /Volumes/Extreme\ SSD/ps2x-i7/ios-runtime-rel/_deps/rlimgui-subbuild/build/rlimgui-populate.build/Debug/rlimgui-populate.build/Script-768CDB278F6A17331D032E4C.sh (in target 'rlimgui-populate' from project 'rlimgui-populate')
    cd /Volumes/Extreme\ SSD/ps2x-i7/ios-runtime-rel/_deps/rlimgui-subbuild
    write-file /Volumes/Extreme\ SSD/ps2x-i7/ios-runtime-rel/_deps/rlimgui-subbuild/build/rlimgui-populate.build/Debug/rlimgui-populate.build/Script-768CDB278F6A17331D032E4C.sh

WriteAuxiliaryFile /Volumes/Extreme\ SSD/ps2x-i7/ios-runtime-rel/_deps/rlimgui-subbuild/build/rlimgui-populate.build/Debug/rlimgui-populate.build/Script-2C3900F83F0695FF43CDC1F9.sh (in target 'rlimgui-populate' from project 'rlimgui-populate')
    cd /Volumes/Extreme\ SSD/ps2x-i7/ios-runtime-rel/_deps/rlimgui-subbuild
    write-file /Volumes/Extreme\ SSD/ps2x-i7/ios-runtime-rel/_deps/rlimgui-subbuild/build/rlimgui-populate.build/Debug/rlimgui-populate.build/Script-2C3900F83F0695FF43CDC1F9.sh

WriteAuxiliaryFile /Volumes/Extreme\ SSD/ps2x-i7/ios-runtime-rel/_deps/rlimgui-subbuild/build/rlimgui-populate.build/Debug/rlimgui-populate.build/Script-4FBAB5C937C371D0DC28C9AE.sh (in target 'rlimgui-populate' from project 'rlimgui-populate')
    cd /Volumes/Extreme\ SSD/ps2x-i7/ios-runtime-rel/_deps/rlimgui-subbuild
    write-file /Volumes/Extreme\ SSD/ps2x-i7/ios-runtime-rel/_deps/rlimgui-subbuild/build/rlimgui-populate.build/Debug/rlimgui-populate.build/Script-4FBAB5C937C371D0DC28C9AE.sh

WriteAuxiliaryFile /Volumes/Extreme\ SSD/ps2x-i7/ios-runtime-rel/_deps/rlimgui-subbuild/build/rlimgui-populate.build/Debug/rlimgui-populate.build/Script-14BF05C74C8374D5FFF81714.sh (in target 'rlimgui-populate' from project 'rlimgui-populate')
    cd /Volumes/Extreme\ SSD/ps2x-i7/ios-runtime-rel/_deps/rlimgui-subbuild
    write-file /Volumes/Extreme\ SSD/ps2x-i7/ios-runtime-rel/_deps/rlimgui-subbuild/build/rlimgui-populate.build/Debug/rlimgui-populate.build/Script-14BF05C74C8374D5FFF81714.sh

PhaseScriptExecution Generate\ CMakeFiles/ZERO_CHECK /Volumes/Extreme\ SSD/ps2x-i7/ios-runtime-rel/_deps/rlimgui-subbuild/build/rlimgui-populate.build/Debug/ZERO_CHECK.build/Script-F5B414FB8EBA9870F7368B99.sh (in target 'ZERO_CHECK' from project 'rlimgui-populate')
    cd /Volumes/Extreme\ SSD/ps2x-i7/ios-runtime-rel/_deps/rlimgui-subbuild
    /bin/sh -c /Volumes/Extreme\\\ SSD/ps2x-i7/ios-runtime-rel/_deps/rlimgui-subbuild/build/rlimgui-populate.build/Debug/ZERO_CHECK.build/Script-F5B414FB8EBA9870F7368B99.sh
make: `/Volumes/Extreme SSD/ps2x-i7/ios-runtime-rel/_deps/rlimgui-subbuild/CMakeFiles/cmake.check_cache' is up to date.

WriteAuxiliaryFile /Volumes/Extreme\ SSD/ps2x-i7/ios-runtime-rel/_deps/rlimgui-subbuild/build/rlimgui-populate.build/Debug/ALL_BUILD.build/Script-84048973F155B39F9F28A786.sh (in target 'ALL_BUILD' from project 'rlimgui-populate')
    cd /Volumes/Extreme\ SSD/ps2x-i7/ios-runtime-rel/_deps/rlimgui-subbuild
    write-file /Volumes/Extreme\ SSD/ps2x-i7/ios-runtime-rel/_deps/rlimgui-subbuild/build/rlimgui-populate.build/Debug/ALL_BUILD.build/Script-84048973F155B39F9F28A786.sh

PhaseScriptExecution Generate\ rlimgui-populate-prefix/src/rlimgui-populate-stamp/$(CONFIGURATION)$(EFFECTIVE_PLATFORM_NAME)/rlimgui-populate-mkdir /Volumes/Extreme\ SSD/ps2x-i7/ios-runtime-rel/_deps/rlimgui-subbuild/build/rlimgui-populate.build/Debug/rlimgui-populate.build/Script-409280F579B66B1A706B4543.sh (in target 'rlimgui-populate' from project 'rlimgui-populate')
    cd /Volumes/Extreme\ SSD/ps2x-i7/ios-runtime-rel/_deps/rlimgui-subbuild
    /bin/sh -c /Volumes/Extreme\\\ SSD/ps2x-i7/ios-runtime-rel/_deps/rlimgui-subbuild/build/rlimgui-populate.build/Debug/rlimgui-populate.build/Script-409280F579B66B1A706B4543.sh

PhaseScriptExecution Generate\ rlimgui-populate-prefix/src/rlimgui-populate-stamp/$(CONFIGURATION)$(EFFECTIVE_PLATFORM_NAME)/rlimgui-populate-download /Volumes/Extreme\ SSD/ps2x-i7/ios-runtime-rel/_deps/rlimgui-subbuild/build/rlimgui-populate.build/Debug/rlimgui-populate.build/Script-A6868E4152E5EBC6D106AB90.sh (in target 'rlimgui-populate' from project 'rlimgui-populate')
    cd /Volumes/Extreme\ SSD/ps2x-i7/ios-runtime-rel/_deps/rlimgui-subbuild
    /bin/sh -c /Volumes/Extreme\\\ SSD/ps2x-i7/ios-runtime-rel/_deps/rlimgui-subbuild/build/rlimgui-populate.build/Debug/rlimgui-populate.build/Script-A6868E4152E5EBC6D106AB90.sh
Cloning into 'rlimgui-src'...
error: non-monotonic index .git/objects/pack/._pack-907f41e02a69b2781e20040a69ba8dece28b3913.idx
error: non-monotonic index .git/objects/pack/._pack-907f41e02a69b2781e20040a69ba8dece28b3913.idx
HEAD is now at 118221c Update headings in README.md for consistency
Command PhaseScriptExecution emitted errors but did not return a nonzero exit code to indicate failure

PhaseScriptExecution Generate\ rlimgui-populate-prefix/src/rlimgui-populate-stamp/$(CONFIGURATION)$(EFFECTIVE_PLATFORM_NAME)/rlimgui-populate-update /Volumes/Extreme\ SSD/ps2x-i7/ios-runtime-rel/_deps/rlimgui-subbuild/build/rlimgui-populate.build/Debug/rlimgui-populate.build/Script-2C3900F83F0695FF43CDC1F9.sh (in target 'rlimgui-populate' from project 'rlimgui-populate')
    cd /Volumes/Extreme\ SSD/ps2x-i7/ios-runtime-rel/_deps/rlimgui-subbuild
    /bin/sh -c /Volumes/Extreme\\\ SSD/ps2x-i7/ios-runtime-rel/_deps/rlimgui-subbuild/build/rlimgui-populate.build/Debug/rlimgui-populate.build/Script-2C3900F83F0695FF43CDC1F9.sh
-- Already at requested tag: Raylib_5_5

PhaseScriptExecution Generate\ rlimgui-populate-prefix/src/rlimgui-populate-stamp/$(CONFIGURATION)$(EFFECTIVE_PLATFORM_NAME)/rlimgui-populate-patch /Volumes/Extreme\ SSD/ps2x-i7/ios-runtime-rel/_deps/rlimgui-subbuild/build/rlimgui-populate.build/Debug/rlimgui-populate.build/Script-DD7742ACDA845F8FFD2AC951.sh (in target 'rlimgui-populate' from project 'rlimgui-populate')
    cd /Volumes/Extreme\ SSD/ps2x-i7/ios-runtime-rel/_deps/rlimgui-subbuild
    /bin/sh -c /Volumes/Extreme\\\ SSD/ps2x-i7/ios-runtime-rel/_deps/rlimgui-subbuild/build/rlimgui-populate.build/Debug/rlimgui-populate.build/Script-DD7742ACDA845F8FFD2AC951.sh

PhaseScriptExecution Generate\ rlimgui-populate-prefix/src/rlimgui-populate-stamp/$(CONFIGURATION)$(EFFECTIVE_PLATFORM_NAME)/rlimgui-populate-configure /Volumes/Extreme\ SSD/ps2x-i7/ios-runtime-rel/_deps/rlimgui-subbuild/build/rlimgui-populate.build/Debug/rlimgui-populate.build/Script-768CDB278F6A17331D032E4C.sh (in target 'rlimgui-populate' from project 'rlimgui-populate')
    cd /Volumes/Extreme\ SSD/ps2x-i7/ios-runtime-rel/_deps/rlimgui-subbuild
    /bin/sh -c /Volumes/Extreme\\\ SSD/ps2x-i7/ios-runtime-rel/_deps/rlimgui-subbuild/build/rlimgui-populate.build/Debug/rlimgui-populate.build/Script-768CDB278F6A17331D032E4C.sh

PhaseScriptExecution Generate\ rlimgui-populate-prefix/src/rlimgui-populate-stamp/$(CONFIGURATION)$(EFFECTIVE_PLATFORM_NAME)/rlimgui-populate-build /Volumes/Extreme\ SSD/ps2x-i7/ios-runtime-rel/_deps/rlimgui-subbuild/build/rlimgui-populate.build/Debug/rlimgui-populate.build/Script-14BF05C74C8374D5FFF81714.sh (in target 'rlimgui-populate' from project 'rlimgui-populate')
    cd /Volumes/Extreme\ SSD/ps2x-i7/ios-runtime-rel/_deps/rlimgui-subbuild
    /bin/sh -c /Volumes/Extreme\\\ SSD/ps2x-i7/ios-runtime-rel/_deps/rlimgui-subbuild/build/rlimgui-populate.build/Debug/rlimgui-populate.build/Script-14BF05C74C8374D5FFF81714.sh

PhaseScriptExecution Generate\ rlimgui-populate-prefix/src/rlimgui-populate-stamp/$(CONFIGURATION)$(EFFECTIVE_PLATFORM_NAME)/rlimgui-populate-install /Volumes/Extreme\ SSD/ps2x-i7/ios-runtime-rel/_deps/rlimgui-subbuild/build/rlimgui-populate.build/Debug/rlimgui-populate.build/Script-A5D06C6B7B81110A0715307A.sh (in target 'rlimgui-populate' from project 'rlimgui-populate')
    cd /Volumes/Extreme\ SSD/ps2x-i7/ios-runtime-rel/_deps/rlimgui-subbuild
    /bin/sh -c /Volumes/Extreme\\\ SSD/ps2x-i7/ios-runtime-rel/_deps/rlimgui-subbuild/build/rlimgui-populate.build/Debug/rlimgui-populate.build/Script-A5D06C6B7B81110A0715307A.sh

PhaseScriptExecution Generate\ rlimgui-populate-prefix/src/rlimgui-populate-stamp/$(CONFIGURATION)$(EFFECTIVE_PLATFORM_NAME)/rlimgui-populate-test /Volumes/Extreme\ SSD/ps2x-i7/ios-runtime-rel/_deps/rlimgui-subbuild/build/rlimgui-populate.build/Debug/rlimgui-populate.build/Script-B32FC9F6BB27C4B88804FF3D.sh (in target 'rlimgui-populate' from project 'rlimgui-populate')
    cd /Volumes/Extreme\ SSD/ps2x-i7/ios-runtime-rel/_deps/rlimgui-subbuild
    /bin/sh -c /Volumes/Extreme\\\ SSD/ps2x-i7/ios-runtime-rel/_deps/rlimgui-subbuild/build/rlimgui-populate.build/Debug/rlimgui-populate.build/Script-B32FC9F6BB27C4B88804FF3D.sh

PhaseScriptExecution Generate\ CMakeFiles/$(CONFIGURATION)$(EFFECTIVE_PLATFORM_NAME)/rlimgui-populate-complete /Volumes/Extreme\ SSD/ps2x-i7/ios-runtime-rel/_deps/rlimgui-subbuild/build/rlimgui-populate.build/Debug/rlimgui-populate.build/Script-DF21BA5905AEAB048EE2F4F7.sh (in target 'rlimgui-populate' from project 'rlimgui-populate')
    cd /Volumes/Extreme\ SSD/ps2x-i7/ios-runtime-rel/_deps/rlimgui-subbuild
    /bin/sh -c /Volumes/Extreme\\\ SSD/ps2x-i7/ios-runtime-rel/_deps/rlimgui-subbuild/build/rlimgui-populate.build/Debug/rlimgui-populate.build/Script-DF21BA5905AEAB048EE2F4F7.sh

PhaseScriptExecution Generate\ CMakeFiles/rlimgui-populate /Volumes/Extreme\ SSD/ps2x-i7/ios-runtime-rel/_deps/rlimgui-subbuild/build/rlimgui-populate.build/Debug/rlimgui-populate.build/Script-4FBAB5C937C371D0DC28C9AE.sh (in target 'rlimgui-populate' from project 'rlimgui-populate')
    cd /Volumes/Extreme\ SSD/ps2x-i7/ios-runtime-rel/_deps/rlimgui-subbuild
    /bin/sh -c /Volumes/Extreme\\\ SSD/ps2x-i7/ios-runtime-rel/_deps/rlimgui-subbuild/build/rlimgui-populate.build/Debug/rlimgui-populate.build/Script-4FBAB5C937C371D0DC28C9AE.sh

PhaseScriptExecution Generate\ CMakeFiles/ALL_BUILD /Volumes/Extreme\ SSD/ps2x-i7/ios-runtime-rel/_deps/rlimgui-subbuild/build/rlimgui-populate.build/Debug/ALL_BUILD.build/Script-84048973F155B39F9F28A786.sh (in target 'ALL_BUILD' from project 'rlimgui-populate')
    cd /Volumes/Extreme\ SSD/ps2x-i7/ios-runtime-rel/_deps/rlimgui-subbuild
    /bin/sh -c /Volumes/Extreme\\\ SSD/ps2x-i7/ios-runtime-rel/_deps/rlimgui-subbuild/build/rlimgui-populate.build/Debug/ALL_BUILD.build/Script-84048973F155B39F9F28A786.sh
Build all projects

PruneExplicitPrecompiledModules /Volumes/Extreme SSD/ps2x-i7/ios-runtime-rel/_deps/rlimgui-subbuild/build/ExplicitPrecompiledModules

PruneExplicitPrecompiledModules /Volumes/Extreme SSD/ps2x-i7/ios-runtime-rel/_deps/rlimgui-subbuild/build/SwiftExplicitPrecompiledModules

note: Run script build phase 'Generate rlimgui-populate-prefix/src/rlimgui-populate-stamp/$(CONFIGURATION)$(EFFECTIVE_PLATFORM_NAME)/rlimgui-populate-patch' will be run during every build because the option to run the script phase "Based on dependency analysis" is unchecked. (in target 'rlimgui-populate' from project 'rlimgui-populate')
note: Run script build phase 'Generate CMakeFiles/rlimgui-populate' will be run during every build because the option to run the script phase "Based on dependency analysis" is unchecked. (in target 'rlimgui-populate' from project 'rlimgui-populate')
note: Run script build phase 'Generate CMakeFiles/$(CONFIGURATION)$(EFFECTIVE_PLATFORM_NAME)/rlimgui-populate-complete' will be run during every build because the option to run the script phase "Based on dependency analysis" is unchecked. (in target 'rlimgui-populate' from project 'rlimgui-populate')
note: Run script build phase 'Generate rlimgui-populate-prefix/src/rlimgui-populate-stamp/$(CONFIGURATION)$(EFFECTIVE_PLATFORM_NAME)/rlimgui-populate-update' will be run during every build because the option to run the script phase "Based on dependency analysis" is unchecked. (in target 'rlimgui-populate' from project 'rlimgui-populate')
note: Run script build phase 'Generate CMakeFiles/ZERO_CHECK' will be run during every build because the option to run the script phase "Based on dependency analysis" is unchecked. (in target 'ZERO_CHECK' from project 'rlimgui-populate')
note: Run script build phase 'Generate CMakeFiles/ALL_BUILD' will be run during every build because the option to run the script phase "Based on dependency analysis" is unchecked. (in target 'ALL_BUILD' from project 'rlimgui-populate')
** BUILD SUCCEEDED **

-- FFmpeg disabled; MPEG video decode falls back to stub frames
-- Configuring done (73.9s)
-- Generating done (18.5s)
-- Build files have been written to: /Volumes/Extreme SSD/ps2x-i7/ios-runtime-rel
