REF_CHECK:mean=0.0000 p99=0 max=0 npix=224000 mode=PPM
REFMENU_CHECK:mean=0.0000 p99=0 max=0 npix=1310720 mode=PPM
REFSC_CHECK:mean=0.0000 p99=0 max=0 npix=1310720 mode=PPM
REFZC_CHECK:mean=0.0000 p99=0 max=0 npix=1310720 mode=PPM
REFSP_CHECK:mean=0.0000 p99=0 max=0 npix=1310720 mode=PPM
REFSM_CHECK:mean=0.0000 p99=0 max=0 npix=1310720 mode=PPM
REFSE_CHECK:mean=0.0000 p99=0 max=0 npix=1310720 mode=PPM
REFSETAG_CHECK:mean=0.0000 p99=0 max=0 npix=10150 mode=PPM
REFMR_CHECK:mean=0.0000 p99=0 max=0 npix=1310720 mode=PPM
REFPP_CHECK:mean=0.0000 p99=0 max=0 npix=1310720 mode=PPM
SELF_TEST mean=0.0000 p99=0
SELF_WHOLE=0.0000
SELF_MENU mean=0.0000 p99=0
SELF_SC mean=0.0000 p99=0
SELF_ZC mean=0.0000 p99=0
SELF_SP mean=0.0000 p99=0
SELF_SM mean=0.0000 p99=0
SELF_SE mean=0.0000 p99=0
SELF_SETAG mean=0.0000 p99=0
SELF_MR mean=0.0000 p99=0
SELF_PP mean=0.0000 p99=0
START_SCORE mean=36.0769 p99=191 MENU_T+:97
ATTEMPT_1 BEGIN MENU_T+:97
ATTEMPT_1 now score mean=26.4178 p99=161
ATTEMPT_1 on attract (non-title) -> Cross attract-skip
A1_CROSS_KEYDOWN_WALL:1789987479.294022204 UPTIME:147 MENU_T+:98
A1_CROSS_HELD_WALL:1789987479.312503616 UPTIME:147
A1_CROSS_KEYUP_WALL:1789987479.830302325 UPTIME:148 MENU_T+:98
ATTEMPT_1 poll01 score mean=0.4329 p99=6 MENU_T+:101
ATTEMPT_1 TITLE-DETECTED at poll01
A1_START_KEYDOWN_WALL:1789987482.563897514 UPTIME:150 MENU_T+:101
A1_START_HELD_WALL:1789987482.582208883 UPTIME:150
A1_START_KEYUP_WALL:1789987483.099230313 UPTIME:151 MENU_T+:102
ATTEMPT_1 post+3 score mean=16.2542 p99=139 MENU_T+:105
ATTEMPT_1 post+8 score mean=16.2955 p99=139
ATTEMPT_1 post+15 score mean=16.2610 p99=139
ATTEMPT_1 post+25 score mean=16.2610 p99=139
ATTEMPT_1 whole815=0.0389 whole1525=0.0167
ATTEMPT_1 post25-vs-menu mean=0.3002 p99=5
ATTEMPT_1 MENU-LIKE (non-title + static) -> park for menu Cross
MENUPRE vs-menu mean=0.2872 p99=5 MENU_T+:140
MENUPRE vs-title mean=16.2610 p99=139
MENU_CROSS_KEYDOWN_WALL:1789987521.706614641 UPTIME:189 MENU_T+:140
MENU_CROSS_HELD_WALL:1789987521.725251877 UPTIME:189
MENU_CROSS_KEYUP_WALL:1789987522.242118617 UPTIME:190 MENU_T+:141
MC post+1 titleband mean=12.5512 p99=164 vs-menu mean=10.2150 p99=106 vs-sc mean=0.4321 p99=7 MENU_T+:144
MC post+3 titleband mean=12.5585 p99=164 vs-menu mean=10.2286 p99=107 vs-sc mean=0.4528 p99=7
MC post+8 titleband mean=12.5352 p99=164 vs-menu mean=10.2137 p99=105 vs-sc mean=0.6042 p99=9
MC post+15 titleband mean=12.5352 p99=164 vs-menu mean=10.1956 p99=105 vs-sc mean=0.4304 p99=7
MC hops whole: pre-post1=10.1197 p1-p3=0.1085 p3-p8=0.2982 p8-p15=0.2224
SC-LIKE (non-menu + static) -> park for Zoe Cross
SCPRE vs-sc mean=0.6069 p99=9 MENU_T+:179
SCPRE vs-menu mean=10.1966 p99=105
SCPRE vs-title mean=12.6723 p99=164
ZOE_CROSS_KEYDOWN_WALL:1789987561.621638181 UPTIME:229 MENU_T+:180
ZOE_CROSS_HELD_WALL:1789987561.640754710 UPTIME:229
ZOE_CROSS_KEYUP_WALL:1789987562.157895171 UPTIME:230 MENU_T+:181
ZC post+1 titleband mean=15.9235 p99=128 vs-sc mean=7.2252 p99=100 vs-zc mean=0.5200 p99=9 MENU_T+:184
ZC post+3 titleband mean=15.8230 p99=128 vs-sc mean=7.2958 p99=101 vs-zc mean=0.4750 p99=8
ZC post+8 titleband mean=15.8525 p99=128 vs-sc mean=7.1418 p99=100 vs-zc mean=0.4796 p99=8
ZC hops whole: pre-post1=7.2416 p1-p3=0.3042 p3-p8=0.2956
ZC-LIKE (departed + non-SC + static) -> park for Continue Cross
CCPRE vs-zc mean=0.4185 p99=7 MENU_T+:207
CCPRE vs-sc mean=7.2779 p99=100
CCPRE vs-title mean=15.7993 p99=128
CONT_CROSS_KEYDOWN_WALL:1789987590.291428087 UPTIME:258 MENU_T+:209
CONT_CROSS_HELD_WALL:1789987590.310379891 UPTIME:258
CONT_CROSS_KEYUP_WALL:1789987590.827993623 UPTIME:259 MENU_T+:209
SP post+1 titleband mean=23.1259 p99=171 vs-zc mean=9.5001 p99=154 vs-sp mean=0.4058 p99=6 MENU_T+:213
SP post+3 titleband mean=23.1279 p99=171 vs-zc mean=9.4690 p99=154 vs-sp mean=0.3931 p99=6
SP post+8 titleband mean=23.1261 p99=171 vs-zc mean=9.4541 p99=154 vs-sp mean=0.3566 p99=5
SP hops whole: pre-post1=9.3520 p1-p3=0.0979 p3-p8=0.0427
SP-LIKE (departed + non-ZC + static) -> park for Peak Cross
SPPRE vs-sp mean=0.4304 p99=6 MENU_T+:236
SPPRE vs-zc mean=9.5279 p99=154
SPPRE vs-title mean=23.1279 p99=171
PEAK_CROSS_KEYDOWN_WALL:1789987619.008771687 UPTIME:287 MENU_T+:238
PEAK_CROSS_HELD_WALL:1789987619.027149635 UPTIME:287
PEAK_CROSS_KEYUP_WALL:1789987619.543978306 UPTIME:287 MENU_T+:238
PC post+1 titleband mean=26.3170 p99=183 vs-sp mean=5.3753 p99=121 vs-sm mean=0.4155 p99=6 MENU_T+:242
PC post+3 titleband mean=26.3170 p99=183 vs-sp mean=5.3505 p99=121 vs-sm mean=0.3908 p99=6
PC post+8 titleband mean=26.3448 p99=183 vs-sp mean=5.3792 p99=121 vs-sm mean=0.4086 p99=6
PC hops whole: pre-post1=5.2460 p1-p3=0.0352 p3-p8=0.0420
SM-LIKE (departed + non-SP + static) -> park for Race Cross
SMPRE vs-sm mean=0.3917 p99=6 MENU_T+:265
SMPRE se-tag mean=14.3278 p99=89
SMPRE vs-sp mean=5.3514 p99=121
SMPRE vs-title mean=26.3170 p99=183
RACE_CROSS_KEYDOWN_WALL:1789987648.300389780 UPTIME:316 MENU_T+:267
RACE_CROSS_HELD_WALL:1789987648.319361593 UPTIME:316
RACE_CROSS_KEYUP_WALL:1789987648.836404881 UPTIME:317 MENU_T+:267
RC post+1 titleband mean=26.2104 p99=183 vs-sm mean=0.8074 p99=11 se-tag mean=2.6271 p99=11 MENU_T+:271
RC post+3 titleband mean=26.2152 p99=183 vs-sm mean=0.8087 p99=11 se-tag mean=2.6271 p99=11
RC post+8 titleband mean=26.2104 p99=183 vs-sm mean=0.8394 p99=13 se-tag mean=2.6271 p99=11 vs-sp mean=5.4800 p99=121 vs-se mean=0.4357 p99=6
RC hops whole: pre-post1=0.4560 p1-p3=0.0022 p3-p8=0.0381
SE-LIKE (static + non-SP + se-tag) -> park for SnowJam Cross
SEPRE se-tag mean=2.6271 p99=11 MENU_T+:294
SEPRE vs-se mean=0.4078 p99=6
SEPRE vs-sm mean=0.8121 p99=11
SEPRE vs-sp mean=5.4519 p99=121
SEPRE vs-title mean=26.2104 p99=183
SNOWJAM_CROSS_KEYDOWN_WALL:1789987679.499776483 UPTIME:347 MENU_T+:298
SNOWJAM_CROSS_HELD_WALL:1789987679.518667726 UPTIME:347
SNOWJAM_CROSS_KEYUP_WALL:1789987680.035595621 UPTIME:348 MENU_T+:299
SJ post+1 titleband mean=9.8238 p99=136 vs-se mean=10.6628 p99=143 vs-mr mean=0.4297 p99=7 MENU_T+:302
SJ post+3 titleband mean=9.8393 p99=137 vs-se mean=10.6390 p99=143 vs-mr mean=0.4052 p99=7
SJ post+8 titleband mean=9.8388 p99=136 vs-se mean=10.6858 p99=143 vs-mr mean=0.4571 p99=8
SJ hops whole: pre-post1=10.5789 p1-p3=0.0523 p3-p8=0.0817
MR-LIKE (departed + non-SE + static) -> park for Enter Cross
MRPRE vs-mr mean=0.4001 p99=7 MENU_T+:325
MRPRE vs-se mean=10.6337 p99=143
MRPRE vs-title mean=9.8393 p99=137
ENTER_CROSS_KEYDOWN_WALL:1789987708.115887974 UPTIME:376 MENU_T+:327
ENTER_CROSS_HELD_WALL:1789987708.134788091 UPTIME:376
ENTER_CROSS_KEYUP_WALL:1789987708.652300885 UPTIME:376 MENU_T+:327
MR post+1 titleband mean=17.2808 p99=168 vs-mr mean=12.4898 p99=148 vs-pp mean=21.0617 p99=169 MENU_T+:331
MR post+3 titleband mean=17.6371 p99=171 vs-mr mean=12.4614 p99=148 vs-pp mean=21.0106 p99=168
MR post+8 titleband mean=28.3664 p99=237 vs-mr mean=20.2074 p99=198 vs-pp mean=19.3715 p99=190
MR post+15 titleband mean=34.5211 p99=184 vs-mr mean=19.5890 p99=153 vs-pp mean=0.4486 p99=6
MR post+25 titleband mean=34.5198 p99=184 vs-mr mean=19.6596 p99=153 vs-pp mean=0.4838 p99=6
MR post+40 titleband mean=34.5231 p99=184 vs-mr mean=19.5263 p99=153 vs-pp mean=0.5089 p99=7
MR hops whole: pre-post1=12.4585 p1-p3=1.1515 p3-p8=25.1805 p8-p15=19.3254 p15-p25=0.0874 p25-p40=0.1649
MR_STAB1 titleband mean=34.5259 p99=184 vs-mr mean=19.3019 p99=153 vs-pp mean=0.7660 p99=18 MENU_T+:407
MR_STAB2 titleband mean=34.5262 p99=184 vs-mr mean=19.6623 p99=153 vs-pp mean=0.4835 p99=7 MENU_T+:420
MR panel hops whole: post40-stab1=0.2764 stab1-stab2=0.4323
PP-LIKE (departed + static x3 + non-MR) -> park for X-Continue Cross
PPPRE vs-pp mean=0.4488 p99=6 MENU_T+:430
PPPRE vs-mr mean=19.5882 p99=153
PPPRE vs-title mean=34.5175 p99=184
XCROSS_KEYDOWN_WALL:1789987813.429698671 UPTIME:481 MENU_T+:432
XCROSS_HELD_WALL:1789987813.448954548 UPTIME:481
XCROSS_KEYUP_WALL:1789987813.966257851 UPTIME:482 MENU_T+:432
X post+1 titleband mean=19.7214 p99=176 vs-pp mean=14.3264 p99=153 MENU_T+:435
X post+3 titleband mean=21.7304 p99=143 vs-pp mean=16.2936 p99=145
X post+8 titleband mean=12.5649 p99=121 vs-pp mean=21.1657 p99=165
X post+15 titleband mean=15.7852 p99=139 vs-pp mean=25.0589 p99=182
X post+25 titleband mean=12.2156 p99=166 vs-pp mean=22.4630 p99=187
X post+40 titleband mean=10.4576 p99=116 vs-pp mean=18.9506 p99=162
X hops whole: pre-post1=14.2972 p1-p3=13.9107 p3-p8=13.9607 p8-p15=9.6800 p15-p25=11.4305 p25-p40=11.2629
LIVE-LIKE (departed + non-panel + motion x2) -> pre-sham pair + sham window + dense series
NPRE1 vs-pp mean=26.1999 p99=181 MENU_T+:500
NPRE1 vs-title mean=23.9236 p99=161
NPRE2 vs-pp mean=13.0214 p99=125 MENU_T+:503
NPRE2 vs-title mean=27.8581 p99=177
SHAM_SHAMSTART_WALL:1789987885.621424303 UPTIME:553 MENU_T+:504
SHAM_SHAMEND_WALL:1789987886.625135629 UPTIME:554 MENU_T+:505
D post+1 titleband mean=24.1689 p99=135 vs-pp mean=17.6005 p99=152 MENU_T+:508
D post+2 titleband mean=17.4639 p99=109 vs-pp mean=13.5560 p99=113
D post+3 titleband mean=18.9307 p99=142 vs-pp mean=16.1297 p99=142
D post+4 titleband mean=21.1056 p99=129 vs-pp mean=18.8928 p99=162
D post+5 titleband mean=19.0803 p99=108 vs-pp mean=16.1794 p99=122
D post+6 titleband mean=21.7608 p99=152 vs-pp mean=16.6179 p99=160
D post+7 titleband mean=12.7592 p99=106 vs-pp mean=20.1269 p99=148
D post+8 titleband mean=19.6493 p99=110 vs-pp mean=13.5582 p99=120
D post+9 titleband mean=19.8114 p99=157 vs-pp mean=20.9790 p99=166
D post+10 titleband mean=19.4530 p99=171 vs-pp mean=12.8224 p99=130
D hops whole: pre1-pre2=20.5945 pre2-d1=12.2181 d1-d2=11.4983 d2-d3=9.0483 d3-d4=10.8402 d4-d5=8.5642 d5-d6=13.7544 d6-d7=16.5086 d7-d8=13.5048 d8-d9=16.9794 d9-d10=14.3680
