[    0.0115] Program Path: /home/brad/pcsx2-t4/pcsx2/build/bin/pcsx2-qt
[    0.0115] AppRoot Directory: /home/brad/pcsx2-t4/pcsx2/build/bin
[    0.0115] Resources Directory: /home/brad/pcsx2-t4/pcsx2/build/bin/resources
[    0.0116] DataRoot Directory: /home/brad/pcsx2-t4/dat/PCSX2
[    0.0116] Loading config from /home/brad/pcsx2-t4/dat/PCSX2/inis/PCSX2.ini.
[    0.0117] Loading secrets from /home/brad/pcsx2-t4/dat/PCSX2/inis/secrets.ini.
[    0.0120] BIOS Directory: /home/brad/pcsx2-t4/dat/PCSX2/bios
[    0.0120] Snapshots Directory: /home/brad/pcsx2-t4/dat/PCSX2/snaps
[    0.0120] Savestates Directory: /home/brad/pcsx2-t4/dat/PCSX2/sstates
[    0.0120] MemoryCards Directory: /home/brad/pcsx2-t4/dat/PCSX2/memcards
[    0.0120] Logs Directory: /home/brad/pcsx2-t4/dat/PCSX2/logs
[    0.0120] Cheats Directory: /home/brad/pcsx2-t4/dat/PCSX2/cheats
[    0.0120] Patches Directory: /home/brad/pcsx2-t4/dat/PCSX2/patches
[    0.0120] Covers Directory: /home/brad/pcsx2-t4/dat/PCSX2/covers
[    0.0120] Game Settings Directory: /home/brad/pcsx2-t4/dat/PCSX2/gamesettings
[    0.0120] Resources Directory: /home/brad/pcsx2-t4/pcsx2/build/bin/resources
[    0.0120] User Resources Directory: /home/brad/pcsx2-t4/dat/PCSX2/resources
[    0.0120] Cache Directory: /home/brad/pcsx2-t4/dat/PCSX2/cache
[    0.0120] Textures Directory: /home/brad/pcsx2-t4/dat/PCSX2/textures
[    0.0120] Input Profile Directory: /home/brad/pcsx2-t4/dat/PCSX2/inputprofiles
[    0.0120] Video Dumping Directory: /home/brad/pcsx2-t4/dat/PCSX2/videos
[    0.0120] Debugger Layouts Directory: /home/brad/pcsx2-t4/dat/PCSX2/inis/debuggerlayouts
[    0.0120] Debugger Settings Directory: /home/brad/pcsx2-t4/dat/PCSX2/inis/debuggersettings
[    0.0120] Couldn't find translation for system language C, using en instead
[    0.0121] Loaded translation file for language en-US
[    0.0310] PCSX2 v2.9.75
[    0.0310] Savestate version: 0x9a590000
[    0.0310] 
[    0.0310] 
[    0.0310] Host Machine Init:
[    0.0312]   Operating System = Ubuntu 24.04
[    0.0312]   Available RAM    = 9124 MB (8.91 GB)
[    0.0312]   Physical RAM     = 9946 MB (9.71 GB)
[    0.0312] 
[    0.0312]   Processor        = Intel 13th Gen Core i5-13600K
[    0.0312]   Core Count       = 10 cores
[    0.0312]   Thread Count     = 20 threads
[    0.0312]   Cluster Count    = 1 clusters
[    0.0312] CPU Extensions Detected:
[    0.0312]   AVX AVX2
[    0.0312] 
[    0.0312] Allocating host memory for virtual systems...
[    0.0317]   EE Main Memory                   @ 0x00007F7653200000 -> 0x00007F765C100000 [143mb]
[    0.0317]   IOP Main Memory                  @ 0x00007F765C100000 -> 0x00007F7664200000 [129mb]
[    0.0317]   VU0/1 On-Chip Memory             @ 0x00007F7664200000 -> 0x00007F7664300000 [1mb]
[    0.0317]   VTLB Virtual Map                 @ 0x00007F7664300000 -> 0x00007F7664B00000 [8mb]
[    0.0317]   VTLB Address Map                 @ 0x00007F7664B00000 -> 0x00007F7664F00000 [4mb]
[    0.0317]   R5900 Recompiler Cache           @ 0x00007F7664F00000 -> 0x00007F7668F00000 [64mb]
[    0.0317]   R3000A Recompiler Cache          @ 0x00007F7668F00000 -> 0x00007F766AF00000 [32mb]
[    0.0317]   Micro VU0 Recompiler Cache       @ 0x00007F766BF00000 -> 0x00007F766FF00000 [64mb]
[    0.0317]   Micro VU1 Recompiler Cache       @ 0x00007F766FF00000 -> 0x00007F7673F00000 [64mb]
[    0.0317]   VIF0 Unpack Recompiler Cache     @ 0x00007F766AF00000 -> 0x00007F766B700000 [8mb]
[    0.0317]   VIF1 Unpack Recompiler Cache     @ 0x00007F766B700000 -> 0x00007F766BF00000 [8mb]
[    0.0317]   VIF Unpack Recompiler Cache      @ 0x00007F7673F00000 -> 0x00007F7674000000 [1mb]
[    0.0317]   GS Software Renderer             @ 0x00007F7674000000 -> 0x00007F7678000000 [64mb]
[    0.0326] Fastmem area: 0x7f7553200000 - 0x7f76531fffff
[    0.0328] Generating SSE-optimized unpacking functions for VIF interpreters...
[    0.0332] Unpack function generation complete.  Generated function statistics:
[    0.0332]   Reserved buffer    : 1048576 bytes @ 0x00007F7673F00000
[    0.0333]   x86 code generated : 7422 bytes
[    0.0333] 
[    0.0334] SDLInputSource: Using Controller DB from resources.
[    0.0405] SDLInputSource: 765 gamepad mappings are loaded.
