[    0.0088] Program Path: /home/brad/pcsx2-t4/pcsx2/build/bin/pcsx2-qt
[    0.0088] AppRoot Directory: /home/brad/pcsx2-t4/pcsx2/build/bin
[    0.0088] Resources Directory: /home/brad/pcsx2-t4/pcsx2/build/bin/resources
[    0.0089] DataRoot Directory: /home/brad/pcsx2-t4/dat/PCSX2
[    0.0089] Loading config from /home/brad/pcsx2-t4/dat/PCSX2/inis/PCSX2.ini.
[    0.0090] Loading secrets from /home/brad/pcsx2-t4/dat/PCSX2/inis/secrets.ini.
[    0.0094] BIOS Directory: /home/brad/pcsx2-t4/dat/PCSX2/bios
[    0.0094] Snapshots Directory: /home/brad/pcsx2-t4/dat/PCSX2/snaps
[    0.0094] Savestates Directory: /home/brad/pcsx2-t4/dat/PCSX2/sstates
[    0.0094] MemoryCards Directory: /home/brad/pcsx2-t4/dat/PCSX2/memcards
[    0.0094] Logs Directory: /home/brad/pcsx2-t4/dat/PCSX2/logs
[    0.0094] Cheats Directory: /home/brad/pcsx2-t4/dat/PCSX2/cheats
[    0.0094] Patches Directory: /home/brad/pcsx2-t4/dat/PCSX2/patches
[    0.0094] Covers Directory: /home/brad/pcsx2-t4/dat/PCSX2/covers
[    0.0094] Game Settings Directory: /home/brad/pcsx2-t4/dat/PCSX2/gamesettings
[    0.0094] Resources Directory: /home/brad/pcsx2-t4/pcsx2/build/bin/resources
[    0.0094] User Resources Directory: /home/brad/pcsx2-t4/dat/PCSX2/resources
[    0.0094] Cache Directory: /home/brad/pcsx2-t4/dat/PCSX2/cache
[    0.0094] Textures Directory: /home/brad/pcsx2-t4/dat/PCSX2/textures
[    0.0094] Input Profile Directory: /home/brad/pcsx2-t4/dat/PCSX2/inputprofiles
[    0.0094] Video Dumping Directory: /home/brad/pcsx2-t4/dat/PCSX2/videos
[    0.0094] Debugger Layouts Directory: /home/brad/pcsx2-t4/dat/PCSX2/inis/debuggerlayouts
[    0.0094] Debugger Settings Directory: /home/brad/pcsx2-t4/dat/PCSX2/inis/debuggersettings
[    0.0094] Couldn't find translation for system language C, using en instead
[    0.0101] Loaded translation file for language en-US
[    0.0141] PCSX2 v2.9.75
[    0.0142] Savestate version: 0x9a590000
[    0.0142] 
[    0.0142] 
[    0.0142] Host Machine Init:
[    0.0142]   Operating System = Ubuntu 24.04
[    0.0142]   Available RAM    = 9189 MB (8.97 GB)
[    0.0142]   Physical RAM     = 9946 MB (9.71 GB)
[    0.0142] 
[    0.0142]   Processor        = Intel 13th Gen Core i5-13600K
[    0.0142]   Core Count       = 10 cores
[    0.0142]   Thread Count     = 20 threads
[    0.0142]   Cluster Count    = 1 clusters
[    0.0142] CPU Extensions Detected:
[    0.0142]   AVX AVX2
[    0.0142] 
[    0.0142] Allocating host memory for virtual systems...
[    0.0147]   EE Main Memory                   @ 0x00007F922F200000 -> 0x00007F9238100000 [143mb]
[    0.0147]   IOP Main Memory                  @ 0x00007F9238100000 -> 0x00007F9240200000 [129mb]
[    0.0147]   VU0/1 On-Chip Memory             @ 0x00007F9240200000 -> 0x00007F9240300000 [1mb]
[    0.0147]   VTLB Virtual Map                 @ 0x00007F9240300000 -> 0x00007F9240B00000 [8mb]
[    0.0147]   VTLB Address Map                 @ 0x00007F9240B00000 -> 0x00007F9240F00000 [4mb]
[    0.0147]   R5900 Recompiler Cache           @ 0x00007F9240F00000 -> 0x00007F9244F00000 [64mb]
[    0.0147]   R3000A Recompiler Cache          @ 0x00007F9244F00000 -> 0x00007F9246F00000 [32mb]
[    0.0147]   Micro VU0 Recompiler Cache       @ 0x00007F9247F00000 -> 0x00007F924BF00000 [64mb]
[    0.0147]   Micro VU1 Recompiler Cache       @ 0x00007F924BF00000 -> 0x00007F924FF00000 [64mb]
[    0.0147]   VIF0 Unpack Recompiler Cache     @ 0x00007F9246F00000 -> 0x00007F9247700000 [8mb]
[    0.0147]   VIF1 Unpack Recompiler Cache     @ 0x00007F9247700000 -> 0x00007F9247F00000 [8mb]
[    0.0147]   VIF Unpack Recompiler Cache      @ 0x00007F924FF00000 -> 0x00007F9250000000 [1mb]
[    0.0147]   GS Software Renderer             @ 0x00007F9250000000 -> 0x00007F9254000000 [64mb]
[    0.0158] Fastmem area: 0x7f912f200000 - 0x7f922f1fffff
[    0.0160] Generating SSE-optimized unpacking functions for VIF interpreters...
[    0.0165] Unpack function generation complete.  Generated function statistics:
[    0.0165]   Reserved buffer    : 1048576 bytes @ 0x00007F924FF00000
[    0.0165]   x86 code generated : 7422 bytes
[    0.0165] 
[    0.0167] SDLInputSource: Using Controller DB from resources.
[    0.0272] SDLInputSource: 765 gamepad mappings are loaded.
