REF_CHECK:mean=0.0000 p99=0 max=0 npix=224000 mode=PPM
REFMENU_CHECK:mean=0.0000 p99=0 max=0 npix=1310720 mode=PPM
REFSC_CHECK:mean=0.0000 p99=0 max=0 npix=1310720 mode=PPM
REFZC_CHECK:mean=0.0000 p99=0 max=0 npix=1310720 mode=PPM
REFSP_CHECK:mean=0.0000 p99=0 max=0 npix=1310720 mode=PPM
REFSM_CHECK:mean=0.0000 p99=0 max=0 npix=1310720 mode=PPM
REFSE_CHECK:mean=0.0000 p99=0 max=0 npix=1310720 mode=PPM
REFSETAG_CHECK:mean=0.0000 p99=0 max=0 npix=10150 mode=PPM
START_SCORE mean=25.9637 p99=196 MENU_T+:93
A1_CROSS_KEYDOWN_WALL:1790102430.207580119 UPTIME:692 MENU_T+:93
A1_CROSS_HELD_WALL:1790102430.226347857 UPTIME:692
A1_CROSS_KEYUP_WALL:1790102430.742941353 UPTIME:693 MENU_T+:93
A1 poll01 score mean=0.4379 p99=5 MENU_T+:96
A1 TITLE-DETECTED at poll01
GSHOT_title_KEYDOWN_WALL:1790102433.480027548 UPTIME:695 MENU_T+:96
GSHOT_title_HELD_WALL:1790102433.497569716 UPTIME:695
GSHOT_title_KEYUP_WALL:1790102434.013608870 UPTIME:696 MENU_T+:97
GSHOT_title newest=SSX 3_SLUS-20772_20260922144033.png
TITLE_START_KEYDOWN_WALL:1790102436.019421820 UPTIME:698 MENU_T+:99
TITLE_START_HELD_WALL:1790102436.039178986 UPTIME:698
TITLE_START_KEYUP_WALL:1790102436.555309871 UPTIME:698 MENU_T+:99
post+3 titleband mean=16.2559 p99=139 MENU_T+:103
post+8 titleband mean=16.2940 p99=139
post+15 titleband mean=16.2610 p99=139
post+25 titleband mean=16.2610 p99=139
whole815=0.0336 whole1525=0.0122
post25-vs-menu mean=0.2953 p99=5
MENU-LIKE -> menu Cross
MENUPRE vs-menu mean=0.2871 p99=5 MENU_T+:137
GSHOT_menu_KEYDOWN_WALL:1790102474.518829253 UPTIME:736 MENU_T+:137
GSHOT_menu_HELD_WALL:1790102474.536377026 UPTIME:736
GSHOT_menu_KEYUP_WALL:1790102475.052518711 UPTIME:737 MENU_T+:138
GSHOT_menu newest=SSX 3_SLUS-20772_20260922144115.png
MENU_CROSS_KEYDOWN_WALL:1790102477.059037293 UPTIME:739 MENU_T+:140
MENU_CROSS_HELD_WALL:1790102477.078050423 UPTIME:739
MENU_CROSS_KEYUP_WALL:1790102477.594637621 UPTIME:740 MENU_T+:140
MC post+1 titleband mean=12.5352 p99=164 vs-menu mean=11.1730 p99=129 vs-sc mean=1.3787 p99=13 MENU_T+:144
MC post+3 titleband mean=12.5352 p99=164 vs-menu mean=10.1969 p99=105 vs-sc mean=0.3972 p99=6
MC post+8 titleband mean=12.5766 p99=164 vs-menu mean=10.2171 p99=106 vs-sc mean=0.6210 p99=9
MC post+15 titleband mean=12.5775 p99=164 vs-menu mean=10.2081 p99=106 vs-sc mean=0.4481 p99=7
MC hops whole: pre-post1=11.0817 p1-p3=0.9971 p3-p8=0.2562 p8-p15=0.2788
SC-LIKE -> Zoe Cross
SCPRE vs-sc mean=0.5798 p99=8 MENU_T+:178
GSHOT_sc_KEYDOWN_WALL:1790102515.449237809 UPTIME:777 MENU_T+:178
GSHOT_sc_HELD_WALL:1790102515.467116779 UPTIME:777
GSHOT_sc_KEYUP_WALL:1790102515.983805291 UPTIME:778 MENU_T+:178
GSHOT_sc newest=SSX 3_SLUS-20772_20260922144155.png
ZOE_CROSS_KEYDOWN_WALL:1790102517.991119473 UPTIME:780 MENU_T+:180
ZOE_CROSS_HELD_WALL:1790102518.009779987 UPTIME:780
ZOE_CROSS_KEYUP_WALL:1790102518.527312480 UPTIME:780 MENU_T+:181
ZC post+1 titleband mean=15.8740 p99=129 vs-sc mean=8.1235 p99=123 vs-zc mean=1.5939 p99=46 MENU_T+:185
ZC post+3 titleband mean=15.8467 p99=128 vs-sc mean=7.3023 p99=100 vs-zc mean=0.4633 p99=8
ZC post+8 titleband mean=15.8381 p99=128 vs-sc mean=7.0900 p99=97 vs-zc mean=0.4916 p99=9
ZC hops whole: pre-post1=8.1333 p1-p3=1.3610 p3-p8=0.2868
CCPRE vs-zc mean=0.4337 p99=7 MENU_T+:407
GSHOT_zc_KEYDOWN_WALL:1790102744.845588633 UPTIME:1007 MENU_T+:407
GSHOT_zc_HELD_WALL:1790102744.863476212 UPTIME:1007
GSHOT_zc_KEYUP_WALL:1790102745.380564078 UPTIME:1007 MENU_T+:408
GSHOT_zc newest=SSX 3_SLUS-20772_20260922144545.png
CONT_CROSS_KEYDOWN_WALL:1790102747.388241104 UPTIME:1009 MENU_T+:410
CONT_CROSS_HELD_WALL:1790102747.407243453 UPTIME:1009
CONT_CROSS_KEYUP_WALL:1790102747.924244015 UPTIME:1010 MENU_T+:410
SP post+1 titleband mean=23.1279 p99=171 vs-zc mean=10.5182 p99=154 vs-sp mean=1.4264 p99=11 MENU_T+:414
SP post+3 titleband mean=23.1275 p99=171 vs-zc mean=9.4581 p99=154 vs-sp mean=0.3601 p99=5
SP post+8 titleband mean=23.1290 p99=171 vs-zc mean=9.4611 p99=154 vs-sp mean=0.3639 p99=5
SP post+15 titleband mean=23.1288 p99=171 vs-zc mean=9.4664 p99=154 vs-sp mean=0.3720 p99=6
SP hops whole: pre-post1=10.3508 p3-p8=0.0146 p8-p15=0.0288
SP-LIKE -> Peak Cross
SPPRE vs-sp mean=0.3562 p99=5 MENU_T+:447
GSHOT_sp_KEYDOWN_WALL:1790102784.649864647 UPTIME:1047 MENU_T+:447
GSHOT_sp_HELD_WALL:1790102784.667737402 UPTIME:1047
GSHOT_sp_KEYUP_WALL:1790102785.184525539 UPTIME:1047 MENU_T+:448
GSHOT_sp newest=SSX 3_SLUS-20772_20260922144625.png
PEAK_CROSS_KEYDOWN_WALL:1790102787.191815969 UPTIME:1049 MENU_T+:450
PEAK_CROSS_HELD_WALL:1790102787.210746583 UPTIME:1049
PEAK_CROSS_KEYUP_WALL:1790102787.727567727 UPTIME:1050 MENU_T+:450
PC post+1 titleband mean=26.3079 p99=183 vs-sp mean=6.4195 p99=129 vs-sm mean=1.4597 p99=14 MENU_T+:454
PC post+3 titleband mean=26.3181 p99=183 vs-sp mean=5.3473 p99=121 vs-sm mean=0.3874 p99=6
PC post+8 titleband mean=26.3165 p99=183 vs-sp mean=5.3628 p99=121 vs-sm mean=0.4009 p99=6
PC post+15 titleband mean=26.3170 p99=183 vs-sp mean=5.3752 p99=121 vs-sm mean=0.4159 p99=6
PC hops whole: pre-post1=6.2274 p3-p8=0.0199 p8-p15=0.0525
SM-LIKE -> Race Cross
SMPRE vs-sm mean=0.4012 p99=6 MENU_T+:488
GSHOT_sm_KEYDOWN_WALL:1790102825.934593286 UPTIME:1088 MENU_T+:488
GSHOT_sm_HELD_WALL:1790102825.952393018 UPTIME:1088
GSHOT_sm_KEYUP_WALL:1790102826.469283794 UPTIME:1088 MENU_T+:489
GSHOT_sm newest=SSX 3_SLUS-20772_20260922144706.png
RACE_CROSS_KEYDOWN_WALL:1790102828.476924140 UPTIME:1090 MENU_T+:491
RACE_CROSS_HELD_WALL:1790102828.495677886 UPTIME:1090
RACE_CROSS_KEYUP_WALL:1790102829.012663000 UPTIME:1091 MENU_T+:492
RC post+1 titleband mean=26.2104 p99=183 vs-sm mean=1.8838 p99=83 se-tag mean=2.6271 p99=11 MENU_T+:495
RC post+3 titleband mean=26.2104 p99=183 vs-sm mean=0.8115 p99=11 se-tag mean=2.6271 p99=11
RC post+8 titleband mean=26.2112 p99=183 vs-sm mean=0.8143 p99=11 se-tag mean=2.6271 p99=11 vs-sp mean=5.4537 p99=121 vs-se mean=0.4095 p99=6
RC post+15 titleband mean=26.2108 p99=183 vs-sm mean=0.8238 p99=12 se-tag mean=2.6271 p99=11 vs-sp mean=5.4635 p99=121 vs-se mean=0.4194 p99=6
RC hops whole: p3-p8=0.0135 p8-p15=0.0257
SE-LIKE -> SE default captures + Down-walk
SEPRE se-tag mean=2.6271 p99=11 MENU_T+:529
GSHOT_se-default_KEYDOWN_WALL:1790102866.170707651 UPTIME:1128 MENU_T+:529
GSHOT_se-default_HELD_WALL:1790102866.188046818 UPTIME:1128
GSHOT_se-default_KEYUP_WALL:1790102866.704446464 UPTIME:1129 MENU_T+:529
GSHOT_se-default newest=SSX 3_SLUS-20772_20260922144746.png
SE_DOWN1_KEYDOWN_WALL:1790102868.711586726 UPTIME:1131 MENU_T+:531
SE_DOWN1_HELD_WALL:1790102868.729482392 UPTIME:1131
SE_DOWN1_KEYUP_WALL:1790102869.245960806 UPTIME:1131 MENU_T+:532
SE_DOWN1 vs-se mean=1.2374 p99=35 se-tag mean=15.5485 p99=91
SE_DOWN2_KEYDOWN_WALL:1790102873.877904306 UPTIME:1136 MENU_T+:536
SE_DOWN2_HELD_WALL:1790102873.895320494 UPTIME:1136
SE_DOWN2_KEYUP_WALL:1790102874.411484862 UPTIME:1136 MENU_T+:537
SE_DOWN2 vs-se mean=1.2252 p99=35 se-tag mean=15.5311 p99=91
SE_DOWN3_KEYDOWN_WALL:1790102879.046807720 UPTIME:1141 MENU_T+:542
SE_DOWN3_HELD_WALL:1790102879.064992752 UPTIME:1141
SE_DOWN3_KEYUP_WALL:1790102879.581399443 UPTIME:1142 MENU_T+:542
SE_DOWN3 vs-se mean=1.2237 p99=35 se-tag mean=15.5311 p99=91
SE_DOWN4_KEYDOWN_WALL:1790102884.208636790 UPTIME:1146 MENU_T+:547
SE_DOWN4_HELD_WALL:1790102884.227620926 UPTIME:1146
SE_DOWN4_KEYUP_WALL:1790102884.744250547 UPTIME:1147 MENU_T+:547
SE_DOWN4 vs-se mean=1.2281 p99=36 se-tag mean=15.5314 p99=91
GSHOT_se-walked_KEYDOWN_WALL:1790102889.461567183 UPTIME:1151 MENU_T+:552
GSHOT_se-walked_HELD_WALL:1790102889.478988126 UPTIME:1151
GSHOT_se-walked_KEYUP_WALL:1790102889.995068500 UPTIME:1152 MENU_T+:552
GSHOT_se-walked newest=SSX 3_SLUS-20772_20260922144809.png
SE_RIGHT1_KEYDOWN_WALL:1790102892.000879104 UPTIME:1154 MENU_T+:555
SE_RIGHT1_HELD_WALL:1790102892.020160294 UPTIME:1154
SE_RIGHT1_KEYUP_WALL:1790102892.536906189 UPTIME:1154 MENU_T+:555
SE_LEFT1_KEYDOWN_WALL:1790102894.604096027 UPTIME:1157 MENU_T+:557
SE_LEFT1_HELD_WALL:1790102894.622283707 UPTIME:1157
SE_LEFT1_KEYUP_WALL:1790102895.138829333 UPTIME:1157 MENU_T+:558
SE_LEFT2_KEYDOWN_WALL:1790102897.206102027 UPTIME:1159 MENU_T+:560
SE_LEFT2_HELD_WALL:1790102897.223886079 UPTIME:1159
SE_LEFT2_KEYUP_WALL:1790102897.739876179 UPTIME:1160 MENU_T+:560
GSHOT_se-final_KEYDOWN_WALL:1790102899.808103234 UPTIME:1162 MENU_T+:562
GSHOT_se-final_HELD_WALL:1790102899.825828804 UPTIME:1162
GSHOT_se-final_KEYUP_WALL:1790102900.342727724 UPTIME:1162 MENU_T+:563
GSHOT_se-final newest=SSX 3_SLUS-20772_20260922144820.png
F9 SW toggle + SW re-capture of final SE state
SW_TOGGLE_KEYDOWN_WALL:1790102902.351027260 UPTIME:1164 MENU_T+:565
SW_TOGGLE_HELD_WALL:1790102902.369335603 UPTIME:1164
SW_TOGGLE_KEYUP_WALL:1790102902.886652138 UPTIME:1165 MENU_T+:565
GSHOT_se-sw_KEYDOWN_WALL:1790102907.956565653 UPTIME:1170 MENU_T+:570
GSHOT_se-sw_HELD_WALL:1790102907.974252707 UPTIME:1170
GSHOT_se-sw_KEYUP_WALL:1790102908.490766910 UPTIME:1170 MENU_T+:571
GSHOT_se-sw newest=SSX 3_SLUS-20772_20260922144828.png
