SW_FIRST: F9 toggle before attract-skip
SW_FIRST_TOGGLE_KEYDOWN_WALL:1790103325.016694168 UPTIME:1587 MENU_T+:90
SW_FIRST_TOGGLE_HELD_WALL:1790103325.034535918 UPTIME:1587
SW_FIRST_TOGGLE_KEYUP_WALL:1790103325.551159291 UPTIME:1587 MENU_T+:90
REF_CHECK:mean=0.0000 p99=0 max=0 npix=224000 mode=PPM
REFMENU_CHECK:mean=0.0000 p99=0 max=0 npix=1310720 mode=PPM
REFSC_CHECK:mean=0.0000 p99=0 max=0 npix=1310720 mode=PPM
REFZC_CHECK:mean=0.0000 p99=0 max=0 npix=1310720 mode=PPM
REFSP_CHECK:mean=0.0000 p99=0 max=0 npix=1310720 mode=PPM
REFSM_CHECK:mean=0.0000 p99=0 max=0 npix=1310720 mode=PPM
REFSE_CHECK:mean=0.0000 p99=0 max=0 npix=1310720 mode=PPM
REFSETAG_CHECK:mean=0.0000 p99=0 max=0 npix=10150 mode=PPM
START_SCORE mean=9.9232 p99=122 MENU_T+:98
A1_CROSS_KEYDOWN_WALL:1790103333.659393637 UPTIME:1596 MENU_T+:98
A1_CROSS_HELD_WALL:1790103333.676420730 UPTIME:1596
A1_CROSS_KEYUP_WALL:1790103334.193297970 UPTIME:1596 MENU_T+:99
A1 poll01 score mean=0.4962 p99=6 MENU_T+:101
A1 TITLE-DETECTED at poll01
GSHOT_title_KEYDOWN_WALL:1790103336.922497578 UPTIME:1599 MENU_T+:101
GSHOT_title_HELD_WALL:1790103336.939545091 UPTIME:1599
GSHOT_title_KEYUP_WALL:1790103337.455817296 UPTIME:1599 MENU_T+:102
GSHOT_title newest=SSX 3_SLUS-20772_20260922145537.png
TITLE_START_KEYDOWN_WALL:1790103339.462201548 UPTIME:1601 MENU_T+:104
TITLE_START_HELD_WALL:1790103339.480553591 UPTIME:1601
TITLE_START_KEYUP_WALL:1790103339.997009837 UPTIME:1602 MENU_T+:104
post+3 titleband mean=16.3011 p99=139 MENU_T+:108
post+8 titleband mean=16.2169 p99=139
post+15 titleband mean=16.2210 p99=139
post+25 titleband mean=16.1967 p99=139
whole815=0.0156 whole1525=0.0414
post25-vs-menu mean=0.3361 p99=5
MENU-LIKE -> menu Cross
MENUPRE vs-menu mean=0.3358 p99=6 MENU_T+:142
GSHOT_menu_KEYDOWN_WALL:1790103377.901041548 UPTIME:1640 MENU_T+:142
GSHOT_menu_HELD_WALL:1790103377.918970043 UPTIME:1640
GSHOT_menu_KEYUP_WALL:1790103378.435196146 UPTIME:1640 MENU_T+:143
GSHOT_menu newest=SSX 3_SLUS-20772_20260922145618.png
MENU_CROSS_KEYDOWN_WALL:1790103380.442173106 UPTIME:1642 MENU_T+:145
MENU_CROSS_HELD_WALL:1790103380.459205999 UPTIME:1642
MENU_CROSS_KEYUP_WALL:1790103380.975710666 UPTIME:1643 MENU_T+:145
MC post+1 titleband mean=12.5559 p99=164 vs-menu mean=11.2064 p99=129 vs-sc mean=1.5915 p99=39 MENU_T+:149
MC post+3 titleband mean=12.5570 p99=164 vs-menu mean=10.1893 p99=105 vs-sc mean=0.6222 p99=9
MC post+8 titleband mean=12.5283 p99=164 vs-menu mean=10.1934 p99=105 vs-sc mean=0.4422 p99=7
MC post+15 titleband mean=12.7505 p99=164 vs-menu mean=10.1415 p99=105 vs-sc mean=0.6423 p99=9
MC hops whole: pre-post1=11.0956 p1-p3=1.1444 p3-p8=0.2205 p8-p15=0.2448
SC-LIKE -> Zoe Cross
SCPRE vs-sc mean=0.6462 p99=10 MENU_T+:183
GSHOT_sc_KEYDOWN_WALL:1790103418.440722499 UPTIME:1680 MENU_T+:183
GSHOT_sc_HELD_WALL:1790103418.457701462 UPTIME:1680
GSHOT_sc_KEYUP_WALL:1790103418.981417790 UPTIME:1681 MENU_T+:183
GSHOT_sc newest=SSX 3_SLUS-20772_20260922145659.png
ZOE_CROSS_KEYDOWN_WALL:1790103420.998707148 UPTIME:1683 MENU_T+:186
ZOE_CROSS_HELD_WALL:1790103421.018028189 UPTIME:1683
ZOE_CROSS_KEYUP_WALL:1790103421.540808563 UPTIME:1683 MENU_T+:186
ZC post+1 titleband mean=15.8766 p99=129 vs-sc mean=8.3982 p99=125 vs-zc mean=2.0139 p99=90 MENU_T+:190
ZC post+3 titleband mean=15.8231 p99=128 vs-sc mean=7.1318 p99=100 vs-zc mean=0.4994 p99=9
ZC post+8 titleband mean=15.8470 p99=128 vs-sc mean=7.3384 p99=101 vs-zc mean=0.4611 p99=8
ZC post+15 titleband mean=15.8428 p99=128 vs-sc mean=7.3024 p99=100 vs-zc mean=0.4794 p99=8
ZC hops whole: pre-post1=8.3972 p3-p8=0.3019 p8-p15=0.2551
ZC-LIKE -> Continue Cross
CCPRE vs-zc mean=0.4811 p99=8 MENU_T+:222
GSHOT_zc_KEYDOWN_WALL:1790103457.508110320 UPTIME:1719 MENU_T+:222
GSHOT_zc_HELD_WALL:1790103457.525801921 UPTIME:1719
GSHOT_zc_KEYUP_WALL:1790103458.041873471 UPTIME:1720 MENU_T+:223
GSHOT_zc newest=SSX 3_SLUS-20772_20260922145738.png
CONT_CROSS_KEYDOWN_WALL:1790103460.048252347 UPTIME:1722 MENU_T+:225
CONT_CROSS_HELD_WALL:1790103460.066513197 UPTIME:1722
CONT_CROSS_KEYUP_WALL:1790103460.583699944 UPTIME:1723 MENU_T+:225
SP post+1 titleband mean=23.2027 p99=172 vs-zc mean=10.5444 p99=154 vs-sp mean=1.4682 p99=12 MENU_T+:229
SP post+3 titleband mean=23.2391 p99=172 vs-zc mean=9.5026 p99=154 vs-sp mean=0.4197 p99=6
SP post+8 titleband mean=23.2027 p99=172 vs-zc mean=9.4732 p99=154 vs-sp mean=0.3909 p99=6
SP post+15 titleband mean=23.2027 p99=172 vs-zc mean=9.4697 p99=154 vs-sp mean=0.3872 p99=6
SP hops whole: pre-post1=10.4157 p3-p8=0.0443 p8-p15=0.0047
SP-LIKE -> Peak Cross
SPPRE vs-sp mean=0.4033 p99=6 MENU_T+:261
GSHOT_sp_KEYDOWN_WALL:1790103496.669642640 UPTIME:1759 MENU_T+:261
GSHOT_sp_HELD_WALL:1790103496.688109989 UPTIME:1759
GSHOT_sp_KEYUP_WALL:1790103497.204805083 UPTIME:1759 MENU_T+:262
GSHOT_sp newest=SSX 3_SLUS-20772_20260922145817.png
PEAK_CROSS_KEYDOWN_WALL:1790103499.211835547 UPTIME:1761 MENU_T+:264
PEAK_CROSS_HELD_WALL:1790103499.229388321 UPTIME:1761
PEAK_CROSS_KEYUP_WALL:1790103499.745997367 UPTIME:1762 MENU_T+:264
PC post+1 titleband mean=26.4076 p99=184 vs-sp mean=6.4409 p99=129 vs-sm mean=1.5037 p99=15 MENU_T+:268
PC post+3 titleband mean=26.4055 p99=184 vs-sp mean=5.3774 p99=121 vs-sm mean=0.4396 p99=6
PC post+8 titleband mean=26.4076 p99=184 vs-sp mean=5.3601 p99=121 vs-sm mean=0.4228 p99=6
PC post+15 titleband mean=26.4111 p99=184 vs-sp mean=5.3637 p99=121 vs-sm mean=0.4255 p99=6
PC hops whole: pre-post1=6.2511 p3-p8=0.0225 p8-p15=0.0054
SM-LIKE -> Race Cross
SMPRE vs-sm mean=0.4536 p99=7 MENU_T+:300
GSHOT_sm_KEYDOWN_WALL:1790103535.684570633 UPTIME:1798 MENU_T+:300
GSHOT_sm_HELD_WALL:1790103535.702341704 UPTIME:1798
GSHOT_sm_KEYUP_WALL:1790103536.218959700 UPTIME:1798 MENU_T+:301
GSHOT_sm newest=SSX 3_SLUS-20772_20260922145856.png
RACE_CROSS_KEYDOWN_WALL:1790103538.226630272 UPTIME:1800 MENU_T+:303
RACE_CROSS_HELD_WALL:1790103538.245163204 UPTIME:1800
RACE_CROSS_KEYUP_WALL:1790103538.763517838 UPTIME:1801 MENU_T+:303
RC post+1 titleband mean=26.2988 p99=184 vs-sm mean=1.9379 p99=83 se-tag mean=2.7637 p99=12 MENU_T+:307
RC post+3 titleband mean=26.2988 p99=184 vs-sm mean=0.8452 p99=12 se-tag mean=2.7635 p99=12
RC post+8 titleband mean=26.2978 p99=184 vs-sm mean=0.8498 p99=12 se-tag mean=2.7637 p99=12 vs-sp mean=5.4725 p99=121 vs-se mean=0.4476 p99=6
RC post+15 titleband mean=26.2989 p99=184 vs-sm mean=0.8542 p99=12 se-tag mean=2.7637 p99=12 vs-sp mean=5.4741 p99=121 vs-se mean=0.4493 p99=6
RC hops whole: p3-p8=0.0207 p8-p15=0.0316
SE-LIKE -> SE default captures + Down-walk
SEPRE se-tag mean=2.7637 p99=12 MENU_T+:340
GSHOT_se-default_KEYDOWN_WALL:1790103575.183355633 UPTIME:1837 MENU_T+:340
GSHOT_se-default_HELD_WALL:1790103575.201375207 UPTIME:1837
GSHOT_se-default_KEYUP_WALL:1790103575.717560142 UPTIME:1838 MENU_T+:340
GSHOT_se-default newest=SSX 3_SLUS-20772_20260922145935.png
SE_DOWN1_KEYDOWN_WALL:1790103577.724240340 UPTIME:1840 MENU_T+:342
SE_DOWN1_HELD_WALL:1790103577.742479116 UPTIME:1840
SE_DOWN1_KEYUP_WALL:1790103578.259385039 UPTIME:1840 MENU_T+:343
SE_DOWN1 vs-se mean=1.2450 p99=35 se-tag mean=15.4722 p99=90
SE_DOWN2_KEYDOWN_WALL:1790103582.862270877 UPTIME:1845 MENU_T+:347
SE_DOWN2_HELD_WALL:1790103582.879713260 UPTIME:1845
SE_DOWN2_KEYUP_WALL:1790103583.395910020 UPTIME:1845 MENU_T+:348
SE_DOWN2 vs-se mean=1.2524 p99=35 se-tag mean=15.4718 p99=90
SE_DOWN3_KEYDOWN_WALL:1790103587.995688255 UPTIME:1850 MENU_T+:352
SE_DOWN3_HELD_WALL:1790103588.013061807 UPTIME:1850
SE_DOWN3_KEYUP_WALL:1790103588.529409496 UPTIME:1850 MENU_T+:353
SE_DOWN3 vs-se mean=1.2666 p99=36 se-tag mean=15.4817 p99=90
SE_DOWN4_KEYDOWN_WALL:1790103593.133222766 UPTIME:1855 MENU_T+:358
SE_DOWN4_HELD_WALL:1790103593.151072412 UPTIME:1855
SE_DOWN4_KEYUP_WALL:1790103593.667729636 UPTIME:1856 MENU_T+:358
SE_DOWN4 vs-se mean=1.2669 p99=35 se-tag mean=15.4880 p99=90
GSHOT_se-walked_KEYDOWN_WALL:1790103598.338456693 UPTIME:1860 MENU_T+:363
GSHOT_se-walked_HELD_WALL:1790103598.356315104 UPTIME:1860
GSHOT_se-walked_KEYUP_WALL:1790103598.873043883 UPTIME:1861 MENU_T+:363
GSHOT_se-walked newest=SSX 3_SLUS-20772_20260922145958.png
SE_RIGHT1_KEYDOWN_WALL:1790103600.881484932 UPTIME:1863 MENU_T+:365
SE_RIGHT1_HELD_WALL:1790103600.900306697 UPTIME:1863
SE_RIGHT1_KEYUP_WALL:1790103601.417276969 UPTIME:1863 MENU_T+:366
SE_LEFT1_KEYDOWN_WALL:1790103603.487017870 UPTIME:1865 MENU_T+:368
SE_LEFT1_HELD_WALL:1790103603.504615565 UPTIME:1865
SE_LEFT1_KEYUP_WALL:1790103604.021374349 UPTIME:1866 MENU_T+:369
SE_LEFT2_KEYDOWN_WALL:1790103606.092134388 UPTIME:1868 MENU_T+:371
SE_LEFT2_HELD_WALL:1790103606.109259962 UPTIME:1868
SE_LEFT2_KEYUP_WALL:1790103606.626106421 UPTIME:1869 MENU_T+:371
GSHOT_se-final_KEYDOWN_WALL:1790103608.695899298 UPTIME:1871 MENU_T+:373
GSHOT_se-final_HELD_WALL:1790103608.713542140 UPTIME:1871
GSHOT_se-final_KEYUP_WALL:1790103609.229515827 UPTIME:1871 MENU_T+:374
GSHOT_se-final newest=SSX 3_SLUS-20772_20260922150009.png
SW_FIRST run: no F9 toggle-back (whole run SW)
