[10:35:41] PRE lease="FS2 2026-09-26T14:32:25Z" keyguard="showing=false" battery=100% ac=true pid0=none
[10:35:41] PRE device-env=090cc981e9f97c9c6007b64e90afaba7ff0b495eae7ede6423bfca826fae29fe mc0-test='' mc0-bad=[]
[10:35:42] APK local sha x2 202c69745ffd2d43e02d3840e7ac4184692b48b468b755c533effbf3314309d6 202c69745ffd2d43e02d3840e7ac4184692b48b468b755c533effbf3314309d6
[10:35:45] INSTALL Performing Streamed Install Success
[10:35:45] INSTALLED /data/app/~~fHyB7LaHW_nXmN6c5lJizw==/com.ps2x.runner-pENqISrilDSk9xFVm17fwA==/base.apk sha=202c69745ffd2d43e02d3840e7ac4184692b48b468b755c533effbf3314309d6 match=True
[10:35:45] ENV 1de7ad97fe401ec2f8e31772eb764505efb8eec7e455037cf9d9e92592f440fd  /storage/emulated/0/Android/data/com.ps2x.runner/files/ps2x.env
[10:35:46 t+    0.0] AM Starting: Intent { cmp=com.ps2x.runner/android.app.NativeActivity }
[10:35:52 t+    6.1] FOCUS app-foreground, no BACK ('mCurrentFocus=Window{42059cb u0 com.ps2x.runner/android.app.NativeActivity}')
[10:35:54 t+    8.5] LAYER 'com.ps2x.runner/android.app.NativeActivity#23694' tried=['com.ps2x.runner/android.app.NativeActivity#23685', 'RequestedLayerState{ActivityRecord{b402878 u0 com.ps2x.runner/android.app.NativeActivity#23685 parentId=23684}', 'com.ps2x.runner/android.app.NativeActivity#23694']
[10:36:28 t+   42.1] CPUWIN start tick=1949
[10:36:38 t+   52.5] SCAP sc01-tick2100-t51.png tick~2239
[10:36:48 t+   62.9] CPUWIN end tick=2552
[10:37:04 t+   78.2] SCAP sc02-tick3000-t77.png tick~3121
[10:37:28 t+  102.5] SCAP sc03-tick4000-t101.png tick~4194
[10:37:38 t+  112.2] STOP tick 4717 >= 4500
[10:37:38 t+  112.9] SCAP sc04-final-t112.png tick~4717
[10:37:40 t+  114.3] THREADS
Threads: 29 total,   3 running,  26 sleeping,   0 stopped,   0 zombie
  Mem:  7342756K total,  5004652K used,  2338104K free,      656K buffers
 Swap: 10485752K total,   732992K used,  9752760K free,  2343668K cached
800%cpu 192%user   0%nice  50%sys 546%idle   0%iow  12%irq   0%sirq   0%host
  TID USER         PR  NI VIRT  RES  SHR S[%CPU] %MEM     TIME+ THREAD          PROCESS
 9832 u0_a113      10 -10  17G 764M 522M R 96.1  10.6   1:22.04 MTVU            com.ps2x.runner
 9821 u0_a113      10 -10  17G 764M 522M R 46.1  10.6   0:40.30 GameThread      com.ps2x.runner
 9802 u0_a113      10 -10  17G 764M 522M R 46.1  10.6   0:32.50 GsWorker        com.ps2x.runner
 9831 u0_a113      20   0  17G 764M 522M S  0.0  10.6   0:00.00 InteractionJank com.ps2x.runner
 9829 u0_a113      20   0  17G 764M 522M S  0.0  10.6   0:00.00 binder:9751_3   com.ps2x.runner
 9823 u0_a113      10 -10  17G 764M 522M S  0.0  10.6   0:00.16 PGS-Waiter      com.ps2x.runner
 9822 u0_a113      39  19  17G 764M 522M S  0.0  10.6   0:00.00 com.ps:traceq0  com.ps2x.runner
 9820 u0_a113      -3 -10  17G 764M 522M S  0.0  10.6   0:00.40 AAudio_1        com.ps2x.runner
 9814 u0_a113      10 -10  17G 764M 522M S  0.0  10.6   0:00.00 com.ps2x.runner com.ps2x.runner
 9808 u0_a113      20   0  17G 764M 522M S  0.0  10.6   0:00.00 InsetsAnimation com.ps2x.runner
 9807 u0_a113      20   0  17G 764M 522M S  0.0  10.6   0:00.00 binder:9751_5   com.ps2x.runner
 9806 u0_a113      20   0  17G 764M 522M S  0.0  10.6   0:00.13 binder:9751_4   com.ps2x.runner
 9805 u0_a113      20   0  17G 764M 522M S  0.0  10.6   0:00.00 SurfaceSyncGrou com.ps2x.runner
 9804 u0_a113      10 -10  17G 764M 522M S  0.0  10.6   0:00.00 VsyncReceiver   com.ps2x.runner
 9801 u0_a113      10 -10  17G 764M 522M S  0.0  10.6   0:00.00 com.ps2x.runner com.ps2x.runner

[10:37:40 t+  114.3] BATTERY status: 5 level: 100
[10:37:42 t+  116.8] RESTORE 090cc981e9f97c9c6007b64e90afaba7ff0b495eae7ede6423bfca826fae29fe match=True
[10:37:43 t+  117.1] MC0-AFTER bad=[]
[10:37:43 t+  117.2] END pid-after=none disconnects=0
