[19:30:56] PRE lease="LEASE_FREE F5 done" keyguard="showing=false" battery=100% ac=true pid0=none
[19:30:56] PRE device-env=a8d651a7e55f7e29f1345f28f4ea634e06ae757f535e29439ab61c930bcc0ebd mc0-test='' mc0-bad=[]
[19:30:56] ENV d7dd95642558721beaffa7ec5b0a285cef0f842a14234026058f5f360584ec45  /storage/emulated/0/Android/data/com.ps2x.runner/files/ps2x.env
[19:30:57 t+    0.0] AM Starting: Intent { cmp=com.ps2x.runner/android.app.NativeActivity }
[19:31:03 t+    6.1] FOCUS app-foreground, no BACK ('mCurrentFocus=Window{aba536f u0 com.ps2x.runner/android.app.NativeActivity}')
[19:31:05 t+    8.7] LAYER 'com.ps2x.runner/android.app.NativeActivity#17979' tried=['com.ps2x.runner/android.app.NativeActivity#17979']
[19:32:14 t+   77.8] SCAP sc01-tick2100-t77.png tick~2124
[19:33:15 t+  137.9] SCAP sc02-tick3000-t137.png tick~3001
[19:34:24 t+  207.4] SCAP sc03-tick4000-t207.png tick~4058
[19:34:53 t+  236.4] STOP tick 4582 >= 4500
[19:34:53 t+  236.7] SCAP sc04-final-t236.png tick~4582
[19:34:55 t+  238.1] THREADS
Threads: 29 total,   2 running,  27 sleeping,   0 stopped,   0 zombie
  Mem:  7342756K total,  4852856K used,  2489900K free,      636K buffers
 Swap: 10485752K total,   739852K used,  9745900K free,  2273092K cached
800%cpu 104%user   4%nice  50%sys 635%idle   0%iow   8%irq   0%sirq   0%host
  TID USER         PR  NI VIRT  RES  SHR S[%CPU] %MEM     TIME+ THREAD          PROCESS
 7003 u0_a113      10 -10  17G 709M 459M R 73.0   9.8   2:41.03 GameThread      com.ps2x.runner
 6981 u0_a113      10 -10  17G 709M 459M R 19.2   9.8   0:37.97 GsWorker        com.ps2x.runner
 6979 u0_a113      10 -10  17G 709M 459M S  7.6   9.8   0:14.09 com.ps2x.runner com.ps2x.runner
 6972 u0_a113      20   0  17G 709M 459M S  3.8   9.8   0:00.23 binder:6956_2   com.ps2x.runner
 7019 u0_a113      10 -10  17G 709M 459M S  0.0   9.8   0:00.00 com.ps2x.runner com.ps2x.runner
 7020 u0_a113      10 -10  17G 709M 459M S  0.0   9.8   0:00.00 com.ps2x.runner com.ps2x.runner
 7016 u0_a113      20   0  17G 709M 459M S  0.0   9.8   0:00.00 InteractionJank com.ps2x.runner
 7013 u0_a113      20   0  17G 709M 459M S  0.0   9.8   0:00.16 binder:6956_4   com.ps2x.runner
 7005 u0_a113      10 -10  17G 709M 459M S  0.0   9.8   0:00.23 PGS-Waiter      com.ps2x.runner
 7004 u0_a113      39  19  17G 709M 459M S  0.0   9.8   0:00.00 com.ps:traceq0  com.ps2x.runner
 7002 u0_a113      -3 -10  17G 709M 459M S  0.0   9.8   0:00.89 AAudio_1        com.ps2x.runner
 6994 u0_a113      20   0  17G 709M 459M S  0.0   9.8   0:00.36 binder:6956_4   com.ps2x.runner
 6993 u0_a113      10 -10  17G 709M 459M S  0.0   9.8   0:00.00 com.ps2x.runner com.ps2x.runner
 6986 u0_a113      20   0  17G 709M 459M S  0.0   9.8   0:00.00 InsetsAnimation com.ps2x.runner
 6985 u0_a113      20   0  17G 709M 459M S  0.0   9.8   0:00.00 SurfaceSyncGrou com.ps2x.runner

[19:34:55 t+  238.2] BATTERY status: 5 level: 100
[19:34:57 t+  240.8] RESTORE a8d651a7e55f7e29f1345f28f4ea634e06ae757f535e29439ab61c930bcc0ebd match=True
[19:34:58 t+  241.0] MC0-AFTER bad=[]
[19:34:58 t+  241.1] END pid-after=none disconnects=0
