Sat Sep 19 15:43:58 EDT 2026
M13 setup: M12 header sha 14f7c7f7f58a65d10e91363ae172c4096a4311782d224498d03a5f0dd55e9434
Sat Sep 19 15:44:09 EDT 2026
claim m13-det (step 1 baseline): lease was absent, claimed
Sat Sep 19 15:48:16 EDT 2026
release m13-det (step 1 baseline)
Sat Sep 19 15:48:29 EDT 2026
claim m13-det2 (step 2 slot36-alt): lease was absent, claimed
Sat Sep 19 15:52:37 EDT 2026
release m13-det2 (step 2 slot36-alt)
Sat Sep 19 15:52:59 EDT 2026
step 3 clock start (2h max)
Sat Sep 19 15:57:50 EDT 2026
claim m13-det3 (step 3 drawscan): lease was absent, claimed
Sat Sep 19 16:00:25 EDT 2026
release m13-det3 (step 3 drawscan)
Sat Sep 19 16:01:40 EDT 2026
annotation: m13-det3 kept as -failed (drawscan pre-loop slot gate missing: delta armed replays 0-199, shape0 xd2=0; fixed with !m13_scan gates, rebuilt, re-running as m13-det4)
Sat Sep 19 16:02:37 EDT 2026
wait m13-det4: lease held by P1u, polling (never force)
Sat Sep 19 16:08:11 EDT 2026
wait m13-det4: lease still held by P1u at +5min, polling (never force)
Sat Sep 19 16:13:15 EDT 2026
claim m13-det4 (step 3 drawscan re-run): lease absent after 2 waits, claimed
Sat Sep 19 16:17:22 EDT 2026
release m13-det4 (step 3 drawscan re-run)
