[12:42:52] PRE lease="LEASE_FREE F3 done" keyguard="showing=false" battery=76% ac=true pid0=none
[12:42:52] PRE device-env=9fb46f8509adb1362b5ac74d35ac63a340e39228b64914848ce5ed85d6b74d13 mc0-test='' mc0-bad=[]
[12:42:53] ENV 563e4ac4a78515a79cd4d9f9222c358dc7fe08de5e25d4e94d206f64550ebf7d  /storage/emulated/0/Android/data/com.ps2x.runner/files/ps2x.env
[12:42:53 t+    0.3] AM Starting: Intent { cmp=com.ps2x.runner/android.app.NativeActivity }
[12:42:59 t+    6.4] BACK sent
[12:43:02 t+    9.0] LAYER 'com.ps2x.runner/android.app.NativeActivity#16662' tried=['com.ps2x.runner/android.app.NativeActivity#16662']
[12:45:00 t+  127.1] SCAP sc01-tick2100-t126.png tick~2119
[12:46:50 t+  237.6] SCAP sc02-tick3000-t237.png tick~3022
[12:48:51 t+  357.9] SCAP sc03-tick4000-t357.png tick~4040
[12:49:45 t+  412.2] STOP tick 4556 >= 4500
[12:49:45 t+  412.5] SCAP sc04-final-t412.png tick~4556
[12:49:47 t+  413.9] THREADS
Threads: 27 total,   1 running,  26 sleeping,   0 stopped,   0 zombie
  Mem:  7342756K total,  4082100K used,  3260656K free,      548K buffers
 Swap: 10485752K total,   678408K used,  9807344K free,  1578656K cached
800%cpu  92%user   0%nice  58%sys 642%idle   0%iow   8%irq   0%sirq   0%host
  TID USER         PR  NI VIRT  RES  SHR S[%CPU] %MEM     TIME+ THREAD          PROCESS
17708 u0_a113      10 -10  17G 665M 424M R 73.0   9.2   4:39.72 GameThread      com.ps2x.runner
17688 u0_a113      10 -10  17G 665M 424M S 42.3   9.2   2:32.26 GsWorker        com.ps2x.runner
17686 u0_a113      10 -10  17G 665M 424M S  7.6   9.2   0:22.84 com.ps2x.runner com.ps2x.runner
17718 u0_a113      20   0  17G 665M 424M S  0.0   9.2   0:00.00 InteractionJank com.ps2x.runner
17716 u0_a113      20   0  17G 665M 424M S  0.0   9.2   0:00.26 binder:17662_2  com.ps2x.runner
17710 u0_a113      10 -10  17G 665M 424M S  0.0   9.2   0:00.24 PGS-Waiter      com.ps2x.runner
17709 u0_a113      39  19  17G 665M 424M S  0.0   9.2   0:00.00 com.ps:traceq0  com.ps2x.runner
17706 u0_a113      -3 -10  17G 665M 424M S  0.0   9.2   0:01.45 AAudio_1        com.ps2x.runner
17700 u0_a113      20   0  17G 665M 424M S  0.0   9.2   0:00.31 binder:17662_4  com.ps2x.runner
17699 u0_a113      10 -10  17G 665M 424M S  0.0   9.2   0:00.00 com.ps2x.runner com.ps2x.runner
17692 u0_a113      20   0  17G 665M 424M S  0.0   9.2   0:00.00 InsetsAnimation com.ps2x.runner
17691 u0_a113      20   0  17G 665M 424M S  0.0   9.2   0:00.00 SurfaceSyncGrou com.ps2x.runner
17690 u0_a113      10 -10  17G 665M 424M S  0.0   9.2   0:00.00 VsyncReceiver   com.ps2x.runner
17687 u0_a113      10 -10  17G 665M 424M S  0.0   9.2   0:00.01 com.ps2x.runner com.ps2x.runner
17683 u0_a113      16  -4  17G 665M 424M S  0.0   9.2   0:00.00 RenderThread    com.ps2x.runner

[12:49:47 t+  414.0] BATTERY status: 2 level: 80
[12:49:49 t+  416.5] RESTORE 9fb46f8509adb1362b5ac74d35ac63a340e39228b64914848ce5ed85d6b74d13 match=True
[12:49:50 t+  416.8] MC0-AFTER bad=[]
[12:49:50 t+  416.8] END pid-after=none
