[07:36:35] PRE lease="FS2 2026-09-26T11:33:19Z" keyguard="showing=false" battery=100% ac=true pid0=none
[07:36:35] PRE device-env=090cc981e9f97c9c6007b64e90afaba7ff0b495eae7ede6423bfca826fae29fe mc0-test='' mc0-bad=[]
[07:36:35] APK local sha x2 825b436dd2cfc9f3ee42e7ac06643623b9651df409892c6a3e25af27cc531254 825b436dd2cfc9f3ee42e7ac06643623b9651df409892c6a3e25af27cc531254
[07:36:39] INSTALL Performing Streamed Install Success
[07:36:39] INSTALLED /data/app/~~WhwWXnzRjty_SlMltaLXcw==/com.ps2x.runner-ScXJh_usGahBzUao2TpC6Q==/base.apk sha=825b436dd2cfc9f3ee42e7ac06643623b9651df409892c6a3e25af27cc531254 match=True
[07:36:39] ENV f63636754a8894fab23afd065424b467bba540b65d7a1aa8098dd2f24cc18131  /storage/emulated/0/Android/data/com.ps2x.runner/files/ps2x.env
[07:36:40 t+    0.0] AM Starting: Intent { cmp=com.ps2x.runner/android.app.NativeActivity }
[07:36:46 t+    6.1] FOCUS app-foreground, no BACK ('mCurrentFocus=Window{846de36 u0 com.ps2x.runner/android.app.NativeActivity}')
[07:36:48 t+    8.2] LAYER 'com.ps2x.runner/android.app.NativeActivity#22716' tried=['com.ps2x.runner/android.app.NativeActivity#22716']
[07:37:27 t+   47.5] CPUWIN start tick=1982
[07:37:37 t+   57.9] SCAP sc01-tick2100-t57.png tick~2185
[07:37:52 t+   72.8] CPUWIN end tick=2554
[07:38:12 t+   92.7] SCAP sc02-tick3000-t91.png tick~3071
[07:38:51 t+  131.9] SCAP sc03-tick4000-t131.png tick~4115
[07:39:06 t+  146.9] STOP tick 4574 >= 4500
[07:39:07 t+  147.5] SCAP sc04-final-t146.png tick~4574
[07:39:08 t+  148.9] THREADS
Threads: 27 total,   2 running,  25 sleeping,   0 stopped,   0 zombie
  Mem:  7342756K total,  4924624K used,  2418132K free,      660K buffers
 Swap: 10485752K total,   713732K used,  9772020K free,  2174380K cached
800%cpu 123%user   0%nice  42%sys 623%idle   0%iow   8%irq   4%sirq   0%host
  TID USER         PR  NI VIRT  RES  SHR S[%CPU] %MEM     TIME+ THREAD          PROCESS
17038 u0_a113      10 -10  17G 757M 517M R 53.8  10.5   1:17.33 MTVU            com.ps2x.runner
17012 u0_a113      10 -10  17G 757M 517M S 23.0  10.5   0:38.92 GameThread      com.ps2x.runner
16987 u0_a113      10 -10  17G 757M 517M R 19.2  10.5   0:31.01 GsWorker        com.ps2x.runner
16982 u0_a113      10 -10  17G 757M 517M S  3.8  10.5   0:00.31 com.ps2x.runner com.ps2x.runner
17036 u0_a113      20   0  17G 757M 517M S  0.0  10.5   0:00.00 InteractionJank com.ps2x.runner
17027 u0_a113      20   0  17G 757M 517M S  0.0  10.5   0:00.00 binder:16960_1  com.ps2x.runner
17016 u0_a113      10 -10  17G 757M 517M S  0.0  10.5   0:00.24 PGS-Waiter      com.ps2x.runner
17013 u0_a113      39  19  17G 757M 517M S  0.0  10.5   0:00.00 com.ps:traceq0  com.ps2x.runner
17008 u0_a113      -3 -10  17G 757M 517M S  0.0  10.5   0:00.54 AAudio_1        com.ps2x.runner
17000 u0_a113      10 -10  17G 757M 517M S  0.0  10.5   0:00.00 com.ps2x.runner com.ps2x.runner
16992 u0_a113      20   0  17G 757M 517M S  0.0  10.5   0:00.00 InsetsAnimation com.ps2x.runner
16989 u0_a113      10 -10  17G 757M 517M S  0.0  10.5   0:00.00 VsyncReceiver   com.ps2x.runner
16990 u0_a113      20   0  17G 757M 517M S  0.0  10.5   0:00.00 SurfaceSyncGrou com.ps2x.runner
16983 u0_a113      10 -10  17G 757M 517M S  0.0  10.5   0:00.00 com.ps2x.runner com.ps2x.runner
16976 u0_a113      20   0  17G 757M 517M S  0.0  10.5   0:00.11 binder:16960_3  com.ps2x.runner

[07:39:09 t+  149.0] BATTERY status: 5 level: 100
[07:39:11 t+  151.8] RESTORE 090cc981e9f97c9c6007b64e90afaba7ff0b495eae7ede6423bfca826fae29fe match=True
[07:39:12 t+  152.0] MC0-AFTER bad=[]
[07:39:12 t+  152.1] END pid-after=none disconnects=0
