Starting a Gradle Daemon (subsequent builds will be faster)
Checking the license for package Android SDK Platform-Tools in /home/brad/n2/toolchain/android-sdk/licenses
License for package Android SDK Platform-Tools accepted.
Preparing "Install Android SDK Platform-Tools v.37.0.1".
"Install Android SDK Platform-Tools v.37.0.1" ready.
Installing Android SDK Platform-Tools in /home/brad/n2/toolchain/android-sdk/platform-tools
"Install Android SDK Platform-Tools v.37.0.1" complete.
"Install Android SDK Platform-Tools v.37.0.1" finished.
> Task :app:preBuild UP-TO-DATE
> Task :app:preReleaseBuild UP-TO-DATE
> Task :app:checkReleaseAarMetadata
> Task :app:javaPreCompileRelease
> Task :app:generateReleaseResValues
> Task :app:mapReleaseSourceSetPaths
> Task :app:generateReleaseResources
> Task :app:mergeReleaseResources
> Task :app:packageReleaseResources
> Task :app:createReleaseCompatibleScreenManifests
> Task :app:extractDeepLinksRelease
> Task :app:parseReleaseLocalResources
> Task :app:processReleaseMainManifest
> Task :app:processReleaseManifest
> Task :app:extractProguardFiles

> Task :app:configureCMakeRelWithDebInfo[arm64-v8a]-2
C/C++: Cloning into 'raylib-src'...
C/C++: remote: Enumerating objects: 61396, done.        
C/C++: remote: Counting objects:   0% (1/23431)        
C/C++: remote: Counting objects:   1% (235/23431)        
C/C++: remote: Counting objects:   2% (469/23431)        
C/C++: remote: Counting objects:   3% (703/23431)        
C/C++: remote: Counting objects:   4% (938/23431)        
C/C++: remote: Counting objects:   5% (1172/23431)        
C/C++: remote: Counting objects:   6% (1406/23431)        
C/C++: remote: Counting objects:   7% (1641/23431)        
C/C++: remote: Counting objects:   8% (1875/23431)        
C/C++: remote: Counting objects:   9% (2109/23431)        
C/C++: remote: Counting objects:  10% (2344/23431)        
C/C++: remote: Counting objects:  11% (2578/23431)        
C/C++: remote: Counting objects:  12% (2812/23431)        
C/C++: remote: Counting objects:  13% (3047/23431)        
C/C++: remote: Counting objects:  14% (3281/23431)        
C/C++: remote: Counting objects:  15% (3515/23431)        
C/C++: remote: Counting objects:  16% (3749/23431)        
C/C++: remote: Counting objects:  17% (3984/23431)        
C/C++: remote: Counting objects:  18% (4218/23431)        
C/C++: remote: Counting objects:  19% (4452/23431)        
C/C++: remote: Counting objects:  20% (4687/23431)        
C/C++: remote: Counting objects:  21% (4921/23431)        
C/C++: remote: Counting objects:  22% (5155/23431)        
C/C++: remote: Counting objects:  23% (5390/23431)        
C/C++: remote: Counting objects:  24% (5624/23431)        
C/C++: remote: Counting objects:  25% (5858/23431)        
C/C++: remote: Counting objects:  26% (6093/23431)        
C/C++: remote: Counting objects:  27% (6327/23431)        
C/C++: remote: Counting objects:  28% (6561/23431)        
C/C++: remote: Counting objects:  29% (6795/23431)        
C/C++: remote: Counting objects:  30% (7030/23431)        
C/C++: remote: Counting objects:  31% (7264/23431)        
C/C++: remote: Counting objects:  32% (7498/23431)        
C/C++: remote: Counting objects:  33% (7733/23431)        
C/C++: remote: Counting objects:  34% (7967/23431)        
C/C++: remote: Counting objects:  35% (8201/23431)        
C/C++: remote: Counting objects:  36% (8436/23431)        
C/C++: remote: Counting objects:  37% (8670/23431)        
C/C++: remote: Counting objects:  38% (8904/23431)        
C/C++: remote: Counting objects:  39% (9139/23431)        
C/C++: remote: Counting objects:  40% (9373/23431)        
C/C++: remote: Counting objects:  41% (9607/23431)        
C/C++: remote: Counting objects:  42% (9842/23431)        
C/C++: remote: Counting objects:  43% (10076/23431)        
C/C++: remote: Counting objects:  44% (10310/23431)        
C/C++: remote: Counting objects:  45% (10544/23431)        
C/C++: remote: Counting objects:  46% (10779/23431)        
C/C++: remote: Counting objects:  47% (11013/23431)        
C/C++: remote: Counting objects:  48% (11247/23431)        
C/C++: remote: Counting objects:  49% (11482/23431)        
C/C++: remote: Counting objects:  50% (11716/23431)        
C/C++: remote: Counting objects:  51% (11950/23431)        
C/C++: remote: Counting objects:  52% (12185/23431)        
C/C++: remote: Counting objects:  53% (12419/23431)        
C/C++: remote: Counting objects:  54% (12653/23431)        
C/C++: remote: Counting objects:  55% (12888/23431)        
C/C++: remote: Counting objects:  56% (13122/23431)        
C/C++: remote: Counting objects:  57% (13356/23431)        
C/C++: remote: Counting objects:  58% (13590/23431)        
C/C++: remote: Counting objects:  59% (13825/23431)        
C/C++: remote: Counting objects:  60% (14059/23431)        
C/C++: remote: Counting objects:  61% (14293/23431)        
C/C++: remote: Counting objects:  62% (14528/23431)        
C/C++: remote: Counting objects:  63% (14762/23431)        
C/C++: remote: Counting objects:  64% (14996/23431)        
C/C++: remote: Counting objects:  65% (15231/23431)        
C/C++: remote: Counting objects:  66% (15465/23431)        
C/C++: remote: Counting objects:  67% (15699/23431)        
C/C++: remote: Counting objects:  68% (15934/23431)        
C/C++: remote: Counting objects:  69% (16168/23431)        
C/C++: remote: Counting objects:  70% (16402/23431)        
C/C++: remote: Counting objects:  71% (16637/23431)        
C/C++: remote: Counting objects:  72% (16871/23431)        
C/C++: remote: Counting objects:  73% (17105/23431)        
C/C++: remote: Counting objects:  74% (17339/23431)        
C/C++: remote: Counting objects:  75% (17574/23431)        
C/C++: remote: Counting objects:  76% (17808/23431)        
C/C++: remote: Counting objects:  77% (18042/23431)        
C/C++: remote: Counting objects:  78% (18277/23431)        
C/C++: remote: Counting objects:  79% (18511/23431)        
C/C++: remote: Counting objects:  80% (18745/23431)        
C/C++: remote: Counting objects:  81% (18980/23431)        
C/C++: remote: Counting objects:  82% (19214/23431)        
C/C++: remote: Counting objects:  83% (19448/23431)        
C/C++: remote: Counting objects:  84% (19683/23431)        
C/C++: remote: Counting objects:  85% (19917/23431)        
C/C++: remote: Counting objects:  86% (20151/23431)        
C/C++: remote: Counting objects:  87% (20385/23431)        
C/C++: remote: Counting objects:  88% (20620/23431)        
C/C++: remote: Counting objects:  89% (20854/23431)        
C/C++: remote: Counting objects:  90% (21088/23431)        
C/C++: remote: Counting objects:  91% (21323/23431)        
C/C++: remote: Counting objects:  92% (21557/23431)        
C/C++: remote: Counting objects:  93% (21791/23431)        
C/C++: remote: Counting objects:  94% (22026/23431)        
C/C++: remote: Counting objects:  95% (22260/23431)        
C/C++: remote: Counting objects:  96% (22494/23431)        
C/C++: remote: Counting objects:  97% (22729/23431)        
C/C++: remote: Counting objects:  98% (22963/23431)        
C/C++: remote: Counting objects:  99% (23197/23431)        
C/C++: remote: Counting objects: 100% (23431/23431)        
C/C++: remote: Counting objects: 100% (23431/23431), done.        
C/C++: remote: Compressing objects:   0% (1/1231)        
C/C++: remote: Compressing objects:   1% (13/1231)        
C/C++: remote: Compressing objects:   2% (25/1231)        
C/C++: remote: Compressing objects:   3% (37/1231)        
C/C++: remote: Compressing objects:   4% (50/1231)        
C/C++: remote: Compressing objects:   5% (62/1231)        
C/C++: remote: Compressing objects:   6% (74/1231)        
C/C++: remote: Compressing objects:   7% (87/1231)        
C/C++: remote: Compressing objects:   8% (99/1231)        
C/C++: remote: Compressing objects:   9% (111/1231)        
C/C++: remote: Compressing objects:  10% (124/1231)        
C/C++: remote: Compressing objects:  11% (136/1231)        
C/C++: remote: Compressing objects:  12% (148/1231)        
C/C++: remote: Compressing objects:  13% (161/1231)        
C/C++: remote: Compressing objects:  14% (173/1231)        
C/C++: remote: Compressing objects:  15% (185/1231)        
C/C++: remote: Compressing objects:  16% (197/1231)        
C/C++: remote: Compressing objects:  17% (210/1231)        
C/C++: remote: Compressing objects:  18% (222/1231)        
C/C++: remote: Compressing objects:  19% (234/1231)        
C/C++: remote: Compressing objects:  20% (247/1231)        
C/C++: remote: Compressing objects:  21% (259/1231)        
C/C++: remote: Compressing objects:  22% (271/1231)        
C/C++: remote: Compressing objects:  23% (284/1231)        
C/C++: remote: Compressing objects:  24% (296/1231)        
C/C++: remote: Compressing objects:  25% (308/1231)        
C/C++: remote: Compressing objects:  26% (321/1231)        
C/C++: remote: Compressing objects:  27% (333/1231)        
C/C++: remote: Compressing objects:  28% (345/1231)        
C/C++: remote: Compressing objects:  29% (357/1231)        
C/C++: remote: Compressing objects:  30% (370/1231)        
C/C++: remote: Compressing objects:  31% (382/1231)        
C/C++: remote: Compressing objects:  32% (394/1231)        
C/C++: remote: Compressing objects:  33% (407/1231)        
C/C++: remote: Compressing objects:  34% (419/1231)        
C/C++: remote: Compressing objects:  35% (431/1231)        
C/C++: remote: Compressing objects:  36% (444/1231)        
C/C++: remote: Compressing objects:  37% (456/1231)        
C/C++: remote: Compressing objects:  38% (468/1231)        
C/C++: remote: Compressing objects:  39% (481/1231)        
C/C++: remote: Compressing objects:  40% (493/1231)        
C/C++: remote: Compressing objects:  41% (505/1231)        
C/C++: remote: Compressing objects:  42% (518/1231)        
C/C++: remote: Compressing objects:  43% (530/1231)        
C/C++: remote: Compressing objects:  44% (542/1231)        
C/C++: remote: Compressing objects:  44% (550/1231)        
C/C++: remote: Compressing objects:  45% (554/1231)        
C/C++: remote: Compressing objects:  46% (567/1231)        
C/C++: remote: Compressing objects:  47% (579/1231)        
C/C++: remote: Compressing objects:  48% (591/1231)        
C/C++: remote: Compressing objects:  49% (604/1231)        
C/C++: remote: Compressing objects:  50% (616/1231)        
C/C++: remote: Compressing objects:  51% (628/1231)        
C/C++: remote: Compressing objects:  52% (641/1231)        
C/C++: remote: Compressing objects:  53% (653/1231)        
C/C++: remote: Compressing objects:  54% (665/1231)        
C/C++: remote: Compressing objects:  55% (678/1231)        
C/C++: remote: Compressing objects:  56% (690/1231)        
C/C++: remote: Compressing objects:  57% (702/1231)        
C/C++: remote: Compressing objects:  58% (714/1231)        
C/C++: remote: Compressing objects:  59% (727/1231)        
C/C++: remote: Compressing objects:  60% (739/1231)        
C/C++: remote: Compressing objects:  61% (751/1231)        
C/C++: remote: Compressing objects:  62% (764/1231)        
C/C++: remote: Compressing objects:  63% (776/1231)        
C/C++: remote: Compressing objects:  64% (788/1231)        
C/C++: remote: Compressing objects:  65% (801/1231)        
C/C++: remote: Compressing objects:  66% (813/1231)        
C/C++: remote: Compressing objects:  67% (825/1231)        
C/C++: remote: Compressing objects:  68% (838/1231)        
C/C++: remote: Compressing objects:  69% (850/1231)        
C/C++: remote: Compressing objects:  70% (862/1231)        
C/C++: remote: Compressing objects:  71% (875/1231)        
C/C++: remote: Compressing objects:  72% (887/1231)        
C/C++: remote: Compressing objects:  73% (899/1231)        
C/C++: remote: Compressing objects:  74% (911/1231)        
C/C++: remote: Compressing objects:  75% (924/1231)        
C/C++: remote: Compressing objects:  76% (936/1231)        
C/C++: remote: Compressing objects:  77% (948/1231)        
C/C++: remote: Compressing objects:  78% (961/1231)        
C/C++: remote: Compressing objects:  79% (973/1231)        
C/C++: remote: Compressing objects:  80% (985/1231)        
C/C++: remote: Compressing objects:  81% (998/1231)        
C/C++: remote: Compressing objects:  82% (1010/1231)        
C/C++: remote: Compressing objects:  83% (1022/1231)        
C/C++: remote: Compressing objects:  84% (1035/1231)        
C/C++: remote: Compressing objects:  85% (1047/1231)        
C/C++: remote: Compressing objects:  86% (1059/1231)        
C/C++: remote: Compressing objects:  87% (1071/1231)        
C/C++: remote: Compressing objects:  88% (1084/1231)        
C/C++: remote: Compressing objects:  89% (1096/1231)        
C/C++: remote: Compressing objects:  90% (1108/1231)        
C/C++: remote: Compressing objects:  91% (1121/1231)        
C/C++: remote: Compressing objects:  92% (1133/1231)        
C/C++: remote: Compressing objects:  93% (1145/1231)        
C/C++: remote: Compressing objects:  94% (1158/1231)        
C/C++: remote: Compressing objects:  95% (1170/1231)        
C/C++: remote: Compressing objects:  96% (1182/1231)        
C/C++: remote: Compressing objects:  97% (1195/1231)        
C/C++: remote: Compressing objects:  98% (1207/1231)        
C/C++: remote: Compressing objects:  99% (1219/1231)        
C/C++: remote: Compressing objects: 100% (1231/1231)        
C/C++: remote: Compressing objects: 100% (1231/1231), done.        
C/C++: Receiving objects:   0% (1/61396)
C/C++: Receiving objects:   1% (614/61396)
C/C++: Receiving objects:   2% (1228/61396)
C/C++: Receiving objects:   3% (1842/61396)
C/C++: Receiving objects:   4% (2456/61396)
C/C++: Receiving objects:   5% (3070/61396)
C/C++: Receiving objects:   6% (3684/61396)
C/C++: Receiving objects:   7% (4298/61396)
C/C++: Receiving objects:   8% (4912/61396)
C/C++: Receiving objects:   9% (5526/61396)
C/C++: Receiving objects:  10% (6140/61396)
C/C++: Receiving objects:  11% (6754/61396)
C/C++: Receiving objects:  12% (7368/61396)
C/C++: Receiving objects:  13% (7982/61396)
C/C++: Receiving objects:  14% (8596/61396)
C/C++: Receiving objects:  15% (9210/61396)
C/C++: Receiving objects:  16% (9824/61396), 17.99 MiB | 35.96 MiB/s
C/C++: Receiving objects:  16% (10156/61396), 40.01 MiB | 40.00 MiB/s
C/C++: Receiving objects:  17% (10438/61396), 40.01 MiB | 40.00 MiB/s
C/C++: Receiving objects:  18% (11052/61396), 40.01 MiB | 40.00 MiB/s
C/C++: Receiving objects:  19% (11666/61396), 40.01 MiB | 40.00 MiB/s
C/C++: Receiving objects:  20% (12280/61396), 40.01 MiB | 40.00 MiB/s
C/C++: Receiving objects:  21% (12894/61396), 40.01 MiB | 40.00 MiB/s
C/C++: Receiving objects:  22% (13508/61396), 40.01 MiB | 40.00 MiB/s
C/C++: Receiving objects:  23% (14122/61396), 40.01 MiB | 40.00 MiB/s
C/C++: Receiving objects:  24% (14736/61396), 40.01 MiB | 40.00 MiB/s
C/C++: Receiving objects:  25% (15349/61396), 40.01 MiB | 40.00 MiB/s
C/C++: Receiving objects:  26% (15963/61396), 40.01 MiB | 40.00 MiB/s
C/C++: Receiving objects:  27% (16577/61396), 40.01 MiB | 40.00 MiB/s
C/C++: Receiving objects:  28% (17191/61396), 40.01 MiB | 40.00 MiB/s
C/C++: Receiving objects:  29% (17805/61396), 40.01 MiB | 40.00 MiB/s
C/C++: Receiving objects:  30% (18419/61396), 62.52 MiB | 41.67 MiB/s
C/C++: Receiving objects:  31% (19033/61396), 62.52 MiB | 41.67 MiB/s
C/C++: Receiving objects:  32% (19647/61396), 62.52 MiB | 41.67 MiB/s
C/C++: Receiving objects:  33% (20261/61396), 62.52 MiB | 41.67 MiB/s
C/C++: Receiving objects:  34% (20875/61396), 62.52 MiB | 41.67 MiB/s
C/C++: Receiving objects:  34% (21446/61396), 62.52 MiB | 41.67 MiB/s
C/C++: Receiving objects:  35% (21489/61396), 85.77 MiB | 42.82 MiB/s
C/C++: Receiving objects:  35% (21812/61396), 131.29 MiB | 43.70 MiB/s
C/C++: Receiving objects:  36% (22103/61396), 131.29 MiB | 43.70 MiB/s
C/C++: Receiving objects:  36% (22660/61396), 168.09 MiB | 41.98 MiB/s
C/C++: Receiving objects:  37% (22717/61396), 168.09 MiB | 41.98 MiB/s
C/C++: Receiving objects:  38% (23331/61396), 168.09 MiB | 41.98 MiB/s
C/C++: Receiving objects:  39% (23945/61396), 168.09 MiB | 41.98 MiB/s
C/C++: Receiving objects:  40% (24559/61396), 186.71 MiB | 41.44 MiB/s
C/C++: Receiving objects:  41% (25173/61396), 186.71 MiB | 41.44 MiB/s
C/C++: Receiving objects:  42% (25787/61396), 186.71 MiB | 41.44 MiB/s
C/C++: Receiving objects:  42% (26205/61396), 186.71 MiB | 41.44 MiB/s
C/C++: Receiving objects:  43% (26401/61396), 206.16 MiB | 41.77 MiB/s
C/C++: Receiving objects:  44% (27015/61396), 206.16 MiB | 41.77 MiB/s
C/C++: Receiving objects:  45% (27629/61396), 225.96 MiB | 41.28 MiB/s
C/C++: Receiving objects:  46% (28243/61396), 225.96 MiB | 41.28 MiB/s
C/C++: Receiving objects:  46% (28579/61396), 225.96 MiB | 41.28 MiB/s
C/C++: Receiving objects:  47% (28857/61396), 245.94 MiB | 40.72 MiB/s
C/C++: Receiving objects:  48% (29471/61396), 245.94 MiB | 40.72 MiB/s
C/C++: Receiving objects:  49% (30085/61396), 266.87 MiB | 40.23 MiB/s
C/C++: Receiving objects:  49% (30501/61396), 266.87 MiB | 40.23 MiB/s
C/C++: Receiving objects:  50% (30698/61396), 310.11 MiB | 39.74 MiB/s
C/C++: Receiving objects:  51% (31312/61396), 310.11 MiB | 39.74 MiB/s
C/C++: Receiving objects:  51% (31323/61396), 328.36 MiB | 39.75 MiB/s
C/C++: Receiving objects:  52% (31926/61396), 345.09 MiB | 39.30 MiB/s
C/C++: Receiving objects:  53% (32540/61396), 345.09 MiB | 39.30 MiB/s
C/C++: Receiving objects:  54% (33154/61396), 345.09 MiB | 39.30 MiB/s
C/C++: Receiving objects:  55% (33768/61396), 345.09 MiB | 39.30 MiB/s
C/C++: Receiving objects:  55% (34147/61396), 345.09 MiB | 39.30 MiB/s
C/C++: Receiving objects:  56% (34382/61396), 345.09 MiB | 39.30 MiB/s
C/C++: Receiving objects:  57% (34996/61396), 362.55 MiB | 39.05 MiB/s
C/C++: Receiving objects:  58% (35610/61396), 362.55 MiB | 39.05 MiB/s
C/C++: Receiving objects:  59% (36224/61396), 362.55 MiB | 39.05 MiB/s
C/C++: Receiving objects:  60% (36838/61396), 362.55 MiB | 39.05 MiB/s
C/C++: Receiving objects:  61% (37452/61396), 362.55 MiB | 39.05 MiB/s
C/C++: Receiving objects:  62% (38066/61396), 362.55 MiB | 39.05 MiB/s
C/C++: Receiving objects:  63% (38680/61396), 362.55 MiB | 39.05 MiB/s
C/C++: Receiving objects:  64% (39294/61396), 362.55 MiB | 39.05 MiB/s
C/C++: Receiving objects:  65% (39908/61396), 362.55 MiB | 39.05 MiB/s
C/C++: Receiving objects:  66% (40522/61396), 362.55 MiB | 39.05 MiB/s
C/C++: Receiving objects:  67% (41136/61396), 362.55 MiB | 39.05 MiB/s
C/C++: Receiving objects:  68% (41750/61396), 362.55 MiB | 39.05 MiB/s
C/C++: Receiving objects:  69% (42364/61396), 381.35 MiB | 38.90 MiB/s
C/C++: Receiving objects:  70% (42978/61396), 381.35 MiB | 38.90 MiB/s
C/C++: Receiving objects:  71% (43592/61396), 381.35 MiB | 38.90 MiB/s
C/C++: Receiving objects:  72% (44206/61396), 381.35 MiB | 38.90 MiB/s
C/C++: Receiving objects:  73% (44820/61396), 381.35 MiB | 38.90 MiB/s
C/C++: Receiving objects:  74% (45434/61396), 381.35 MiB | 38.90 MiB/s
C/C++: Receiving objects:  75% (46047/61396), 381.35 MiB | 38.90 MiB/s
C/C++: Receiving objects:  76% (46661/61396), 381.35 MiB | 38.90 MiB/s
C/C++: Receiving objects:  77% (47275/61396), 381.35 MiB | 38.90 MiB/s
C/C++: Receiving objects:  78% (47889/61396), 381.35 MiB | 38.90 MiB/s
C/C++: Receiving objects:  79% (48503/61396), 381.35 MiB | 38.90 MiB/s
C/C++: Receiving objects:  80% (49117/61396), 381.35 MiB | 38.90 MiB/s
C/C++: Receiving objects:  81% (49731/61396), 381.35 MiB | 38.90 MiB/s
C/C++: Receiving objects:  82% (50345/61396), 381.35 MiB | 38.90 MiB/s
C/C++: Receiving objects:  83% (50959/61396), 381.35 MiB | 38.90 MiB/s
C/C++: Receiving objects:  84% (51573/61396), 381.35 MiB | 38.90 MiB/s
C/C++: Receiving objects:  85% (52187/61396), 381.35 MiB | 38.90 MiB/s
C/C++: Receiving objects:  86% (52801/61396), 381.35 MiB | 38.90 MiB/s
C/C++: Receiving objects:  87% (53415/61396), 381.35 MiB | 38.90 MiB/s
C/C++: Receiving objects:  88% (54029/61396), 381.35 MiB | 38.90 MiB/s
C/C++: Receiving objects:  89% (54643/61396), 381.35 MiB | 38.90 MiB/s
C/C++: Receiving objects:  90% (55257/61396), 381.35 MiB | 38.90 MiB/s
C/C++: Receiving objects:  91% (55871/61396), 381.35 MiB | 38.90 MiB/s
C/C++: Receiving objects:  92% (56485/61396), 381.35 MiB | 38.90 MiB/s
C/C++: Receiving objects:  93% (57099/61396), 381.35 MiB | 38.90 MiB/s
C/C++: Receiving objects:  93% (57215/61396), 400.15 MiB | 38.68 MiB/s
C/C++: Receiving objects:  94% (57713/61396), 400.15 MiB | 38.68 MiB/s
C/C++: Receiving objects:  95% (58327/61396), 400.15 MiB | 38.68 MiB/s
C/C++: Receiving objects:  96% (58941/61396), 400.15 MiB | 38.68 MiB/s
C/C++: Receiving objects:  97% (59555/61396), 400.15 MiB | 38.68 MiB/s
C/C++: Receiving objects:  98% (60169/61396), 400.15 MiB | 38.68 MiB/s
C/C++: Receiving objects:  99% (60783/61396), 400.15 MiB | 38.68 MiB/s
C/C++: remote: Total 61396 (delta 22692), reused 22203 (delta 22200), pack-reused 37965 (from 1)        
C/C++: Receiving objects: 100% (61396/61396), 400.15 MiB | 38.68 MiB/s
C/C++: Receiving objects: 100% (61396/61396), 408.50 MiB | 39.63 MiB/s, done.
C/C++: Resolving deltas:   0% (0/45690)
C/C++: Resolving deltas:   1% (457/45690)
C/C++: Resolving deltas:   2% (914/45690)
C/C++: Resolving deltas:   3% (1371/45690)
C/C++: Resolving deltas:   4% (1828/45690)
C/C++: Resolving deltas:   5% (2288/45690)
C/C++: Resolving deltas:   6% (2743/45690)
C/C++: Resolving deltas:   7% (3199/45690)
C/C++: Resolving deltas:   8% (3656/45690)
C/C++: Resolving deltas:   9% (4113/45690)
C/C++: Resolving deltas:  10% (4569/45690)
C/C++: Resolving deltas:  11% (5026/45690)
C/C++: Resolving deltas:  12% (5485/45690)
C/C++: Resolving deltas:  13% (5940/45690)
C/C++: Resolving deltas:  14% (6397/45690)
C/C++: Resolving deltas:  15% (6854/45690)
C/C++: Resolving deltas:  16% (7312/45690)
C/C++: Resolving deltas:  17% (7768/45690)
C/C++: Resolving deltas:  18% (8225/45690)
C/C++: Resolving deltas:  19% (8682/45690)
C/C++: Resolving deltas:  20% (9138/45690)
C/C++: Resolving deltas:  21% (9595/45690)
C/C++: Resolving deltas:  22% (10052/45690)
C/C++: Resolving deltas:  23% (10509/45690)
C/C++: Resolving deltas:  24% (10966/45690)
C/C++: Resolving deltas:  25% (11423/45690)
C/C++: Resolving deltas:  26% (11881/45690)
C/C++: Resolving deltas:  27% (12338/45690)
C/C++: Resolving deltas:  28% (12794/45690)
C/C++: Resolving deltas:  29% (13255/45690)
C/C++: Resolving deltas:  30% (13707/45690)
C/C++: Resolving deltas:  31% (14164/45690)
C/C++: Resolving deltas:  32% (14622/45690)
C/C++: Resolving deltas:  33% (15079/45690)
C/C++: Resolving deltas:  34% (15535/45690)
C/C++: Resolving deltas:  35% (15992/45690)
C/C++: Resolving deltas:  36% (16451/45690)
C/C++: Resolving deltas:  37% (16906/45690)
C/C++: Resolving deltas:  38% (17363/45690)
C/C++: Resolving deltas:  39% (17820/45690)
C/C++: Resolving deltas:  40% (18276/45690)
C/C++: Resolving deltas:  41% (18733/45690)
C/C++: Resolving deltas:  42% (19190/45690)
C/C++: Resolving deltas:  43% (19647/45690)
C/C++: Resolving deltas:  44% (20104/45690)
C/C++: Resolving deltas:  45% (20561/45690)
C/C++: Resolving deltas:  46% (21018/45690)
C/C++: Resolving deltas:  47% (21475/45690)
C/C++: Resolving deltas:  48% (21932/45690)
C/C++: Resolving deltas:  49% (22389/45690)
C/C++: Resolving deltas:  50% (22845/45690)
C/C++: Resolving deltas:  51% (23302/45690)
C/C++: Resolving deltas:  52% (23759/45690)
C/C++: Resolving deltas:  53% (24216/45690)
C/C++: Resolving deltas:  54% (24673/45690)
C/C++: Resolving deltas:  55% (25130/45690)
C/C++: Resolving deltas:  56% (25587/45690)
C/C++: Resolving deltas:  57% (26044/45690)
C/C++: Resolving deltas:  58% (26501/45690)
C/C++: Resolving deltas:  59% (26958/45690)
C/C++: Resolving deltas:  60% (27414/45690)
C/C++: Resolving deltas:  61% (27871/45690)
C/C++: Resolving deltas:  62% (28328/45690)
C/C++: Resolving deltas:  63% (28785/45690)
C/C++: Resolving deltas:  64% (29242/45690)
C/C++: Resolving deltas:  65% (29699/45690)
C/C++: Resolving deltas:  66% (30156/45690)
C/C++: Resolving deltas:  67% (30613/45690)
C/C++: Resolving deltas:  68% (31070/45690)
C/C++: Resolving deltas:  69% (31528/45690)
C/C++: Resolving deltas:  70% (31985/45690)
C/C++: Resolving deltas:  71% (32440/45690)
C/C++: Resolving deltas:  72% (32897/45690)
C/C++: Resolving deltas:  73% (33356/45690)
C/C++: Resolving deltas:  74% (33811/45690)
C/C++: Resolving deltas:  75% (34268/45690)
C/C++: Resolving deltas:  76% (34725/45690)
C/C++: Resolving deltas:  77% (35182/45690)
C/C++: Resolving deltas:  78% (35639/45690)
C/C++: Resolving deltas:  79% (36096/45690)
C/C++: Resolving deltas:  80% (36554/45690)
C/C++: Resolving deltas:  81% (37009/45690)
C/C++: Resolving deltas:  82% (37466/45690)
C/C++: Resolving deltas:  83% (37923/45690)
C/C++: Resolving deltas:  84% (38381/45690)
C/C++: Resolving deltas:  85% (38837/45690)
C/C++: Resolving deltas:  86% (39295/45690)
C/C++: Resolving deltas:  87% (39751/45690)
C/C++: Resolving deltas:  88% (40208/45690)
C/C++: Resolving deltas:  89% (40665/45690)
C/C++: Resolving deltas:  90% (41121/45690)
C/C++: Resolving deltas:  91% (41578/45690)
C/C++: Resolving deltas:  92% (42035/45690)
C/C++: Resolving deltas:  93% (42492/45690)
C/C++: Resolving deltas:  94% (42951/45690)
C/C++: Resolving deltas:  95% (43407/45690)
C/C++: Resolving deltas:  96% (43863/45690)
C/C++: Resolving deltas:  97% (44320/45690)
C/C++: Resolving deltas:  97% (44640/45690)
C/C++: Resolving deltas:  98% (44778/45690)
C/C++: Resolving deltas:  99% (45234/45690)
C/C++: Resolving deltas: 100% (45690/45690)
C/C++: Resolving deltas: 100% (45690/45690), done.
C/C++: HEAD is now at c1ab645c Update HISTORY.md
C/C++: > Enabling optimization for: ps2_runtime
C/C++: CMake Warning at ps2xRuntime/cmake/ReleaseMode.cmake:40 (message):
C/C++:   Interprocedural optimization not supported:
C/C++: Call Stack (most recent call first):
C/C++:   ps2xRuntime/CMakeLists.txt:582 (EnableFastReleaseMode)
C/C++: > Enabling optimization for: ps2EntryRunner
C/C++: CMake Warning at ps2xRuntime/cmake/ReleaseMode.cmake:40 (message):
C/C++:   Interprocedural optimization not supported:
C/C++: Call Stack (most recent call first):
C/C++:   ps2xRuntime/CMakeLists.txt:583 (EnableFastReleaseMode)

> Task :app:buildCMakeRelWithDebInfo[arm64-v8a][ps2EntryRunner]-2
C/C++: ninja: Entering directory `/home/brad/n2/PS2Recomp/android/app/.cxx/RelWithDebInfo/4q6b3c5v/arm64-v8a'
C/C++: In file included from /home/brad/n2/PS2Recomp/ps2xRuntime/src/lib/gs/ps2_gs_memory.cpp:3:
C/C++: /home/brad/n2/PS2Recomp/ps2xRuntime/include/runtime/gs/ps2_gs_memory.h:67:11: warning: enumeration value 'Max' not handled in switch [-Wswitch]
C/C++:    67 |                 switch (psm)
C/C++:       |                         ^~~
C/C++: /home/brad/n2/PS2Recomp/ps2xRuntime/include/runtime/gs/ps2_gs_memory.h:91:11: warning: enumeration value 'Max' not handled in switch [-Wswitch]
C/C++:    91 |                 switch (psm)
C/C++:       |                         ^~~
C/C++: /home/brad/n2/PS2Recomp/ps2xRuntime/include/runtime/gs/ps2_gs_memory.h:168:11: warning: 9 enumeration values not handled in switch: 'C32', 'C24', 'C16'... [-Wswitch]
C/C++:   168 |                 switch (psm)
C/C++:       |                         ^~~
C/C++: /home/brad/n2/PS2Recomp/ps2xRuntime/include/runtime/gs/ps2_gs_memory.h:325:11: warning: no case matching constant switch condition '49'
C/C++:   325 |                 switch (psm)
C/C++:       |                         ^~~
C/C++: /home/brad/n2/PS2Recomp/ps2xRuntime/include/runtime/gs/ps2_gs_memory.h:236:47: note: in instantiation of member function 'GSMem::PixelStorageTraits<GSMem::PixelStorageMode::Z24>::ColumnExtent' requested here
C/C++:   236 |                 using ColumnLookupTableT = LookupTable<u16, ColumnExtent().x, ColumnExtent().y>;
C/C++:       |                                                             ^
C/C++: /home/brad/n2/PS2Recomp/ps2xRuntime/src/lib/gs/ps2_gs_memory.cpp:240:9: note: in instantiation of template class 'GSMem::PixelStorageTraits<GSMem::PixelStorageMode::Z24>' requested here
C/C++:   240 |         PixelStorageTraits<Z24>::Write(PageTableZ32, data, bp, bw, x, y, value);
C/C++:       |         ^
C/C++: 4 warnings generated.
C/C++: In file included from /home/brad/n2/PS2Recomp/ps2xRuntime/src/lib/gs/gs_cpu_backend.cpp:7:
C/C++: /home/brad/n2/PS2Recomp/ps2xRuntime/include/runtime/gs/ps2_gs_memory.h:67:11: warning: enumeration value 'Max' not handled in switch [-Wswitch]
C/C++:    67 |                 switch (psm)
C/C++:       |                         ^~~
C/C++: /home/brad/n2/PS2Recomp/ps2xRuntime/include/runtime/gs/ps2_gs_memory.h:91:11: warning: enumeration value 'Max' not handled in switch [-Wswitch]
C/C++:    91 |                 switch (psm)
C/C++:       |                         ^~~
C/C++: /home/brad/n2/PS2Recomp/ps2xRuntime/include/runtime/gs/ps2_gs_memory.h:168:11: warning: 9 enumeration values not handled in switch: 'C32', 'C24', 'C16'... [-Wswitch]
C/C++:   168 |                 switch (psm)
C/C++:       |                         ^~~
C/C++: 3 warnings generated.
C/C++: /home/brad/n2/toolchain/android-sdk/ndk/28.2.13676358/toolchains/llvm/prebuilt/linux-x86_64/bin/clang++ --target=aarch64-none-linux-android28 --sysroot=/home/brad/n2/toolchain/android-sdk/ndk/28.2.13676358/toolchains/llvm/prebuilt/linux-x86_64/sysroot -DGRAPHICS_API_OPENGL_ES2 -DPLATFORM_ANDROID -DPS2X_DEFAULT_BOOT_ELF=\"/storage/emulated/0/Android/data/com.ps2x.runner/files/SLUS_207.72\" -DPS2X_ENABLE_IOP_RPC_TRACE=1 -DPS2X_IOP_ENABLE_PLUGINS=0 -DUSE_SSE2NEON -Dps2EntryRunner_EXPORTS -I/home/brad/n2/PS2Recomp/android/app/.cxx/RelWithDebInfo/4q6b3c5v/arm64-v8a/_deps/sse2neon-src -I/home/brad/n2/PS2Recomp/ps2xRuntime/include -I/home/brad/n2/PS2Recomp/ps2xRuntime/src/lib/Kernel -I/home/brad/n2/PS2Recomp/android/app/.cxx/RelWithDebInfo/4q6b3c5v/arm64-v8a/_deps/raylib-src/src -I/home/brad/n2/PS2Recomp/ps2xIOP/include -g -DANDROID -fdata-sections -ffunction-sections -funwind-tables -fstack-protector-strong -no-canonical-prefixes -D_FORTIFY_SOURCE=2 -Wformat -Werror=format-security -frtti -fexceptions  -march=armv8-a+fp+simd+crypto+crc -O2 -g -DNDEBUG -fPIC -march=armv8-a+fp+simd -std=gnu++20 -Winvalid-pch -Xclang -include-pch -Xclang /home/brad/n2/PS2Recomp/android/app/.cxx/RelWithDebInfo/4q6b3c5v/arm64-v8a/ps2xRuntime/CMakeFiles/ps2EntryRunner.dir/cmake_pch.hxx.pch -Xclang -include -Xclang /home/brad/n2/PS2Recomp/android/app/.cxx/RelWithDebInfo/4q6b3c5v/arm64-v8a/ps2xRuntime/CMakeFiles/ps2EntryRunner.dir/cmake_pch.hxx -MD -MT ps2xRuntime/CMakeFiles/ps2EntryRunner.dir/Unity/unity_0_cxx.cxx.o -MF ps2xRuntime/CMakeFiles/ps2EntryRunner.dir/Unity/unity_0_cxx.cxx.o.d -o ps2xRuntime/CMakeFiles/ps2EntryRunner.dir/Unity/unity_0_cxx.cxx.o -c /home/brad/n2/PS2Recomp/android/app/.cxx/RelWithDebInfo/4q6b3c5v/arm64-v8a/ps2xRuntime/CMakeFiles/ps2EntryRunner.dir/Unity/unity_0_cxx.cxx
C/C++: In file included from /home/brad/n2/PS2Recomp/android/app/.cxx/RelWithDebInfo/4q6b3c5v/arm64-v8a/ps2xRuntime/CMakeFiles/ps2EntryRunner.dir/Unity/unity_0_cxx.cxx:3:
C/C++: /home/brad/n2/PS2Recomp/ps2xRuntime/src/runner/register_functions.cpp:4:10: fatal error: 'ps2_recompiled_stubs.h' file not found
C/C++:     4 | #include "ps2_recompiled_stubs.h"//this will give duplicated erros because runtime maybe has it define already, just delete the TODOS ones
C/C++:       |          ^~~~~~~~~~~~~~~~~~~~~~~~
C/C++: 1 error generated.

> Task :app:buildCMakeRelWithDebInfo[arm64-v8a][ps2EntryRunner]-2 FAILED
> Task :app:processReleaseManifestForPackage

FAILURE: Build failed with an exception.

* What went wrong:
Execution failed for task ':app:buildCMakeRelWithDebInfo[arm64-v8a][ps2EntryRunner]-2'.
> com.android.ide.common.process.ProcessException: ninja: Entering directory `/home/brad/n2/PS2Recomp/android/app/.cxx/RelWithDebInfo/4q6b3c5v/arm64-v8a'
  [0/2] Re-checking globbed directories...
  [1/72] Building CXX object ps2xRuntime/CMakeFiles/ps2_runtime.dir/src/lib/ps2_pad.cpp.o
  [2/72] Building CXX object ps2xRuntime/CMakeFiles/ps2_runtime.dir/src/lib/gs/ps2_gs_memory.cpp.o
  In file included from /home/brad/n2/PS2Recomp/ps2xRuntime/src/lib/gs/ps2_gs_memory.cpp:3:
  /home/brad/n2/PS2Recomp/ps2xRuntime/include/runtime/gs/ps2_gs_memory.h:67:11: warning: enumeration value 'Max' not handled in switch [-Wswitch]
     67 |                 switch (psm)
        |                         ^~~
  /home/brad/n2/PS2Recomp/ps2xRuntime/include/runtime/gs/ps2_gs_memory.h:91:11: warning: enumeration value 'Max' not handled in switch [-Wswitch]
     91 |                 switch (psm)
        |                         ^~~
  /home/brad/n2/PS2Recomp/ps2xRuntime/include/runtime/gs/ps2_gs_memory.h:168:11: warning: 9 enumeration values not handled in switch: 'C32', 'C24', 'C16'... [-Wswitch]
    168 |                 switch (psm)
        |                         ^~~
  /home/brad/n2/PS2Recomp/ps2xRuntime/include/runtime/gs/ps2_gs_memory.h:325:11: warning: no case matching constant switch condition '49'
    325 |                 switch (psm)
        |                         ^~~
  /home/brad/n2/PS2Recomp/ps2xRuntime/include/runtime/gs/ps2_gs_memory.h:236:47: note: in instantiation of member function 'GSMem::PixelStorageTraits<GSMem::PixelStorageMode::Z24>::ColumnExtent' requested here
    236 |                 using ColumnLookupTableT = LookupTable<u16, ColumnExtent().x, ColumnExtent().y>;
        |                                                             ^
  /home/brad/n2/PS2Recomp/ps2xRuntime/src/lib/gs/ps2_gs_memory.cpp:240:9: note: in instantiation of template class 'GSMem::PixelStorageTraits<GSMem::PixelStorageMode::Z24>' requested here
    240 |         PixelStorageTraits<Z24>::Write(PageTableZ32, data, bp, bw, x, y, value);
        |         ^
  4 warnings generated.
  [3/72] Building CXX object ps2xRuntime/CMakeFiles/ps2_runtime.dir/src/lib/ps2_audio_vag.cpp.o
  [4/72] Building CXX object ps2xIOP/CMakeFiles/ps2_iop.dir/src/modules/mcserv.cpp.o
  [5/72] Building CXX object ps2xIOP/CMakeFiles/ps2_iop.dir/src/modules/dbcman.cpp.o
  [6/72] Building CXX object ps2xIOP/CMakeFiles/ps2_iop.dir/src/modules/libsd.cpp.o
  [7/72] Building CXX object ps2xIOP/CMakeFiles/ps2_iop.dir/src/modules/sound_update_stub.cpp.o
  [8/72] Building CXX object ps2xRuntime/CMakeFiles/ps2_runtime.dir/src/lib/gs/ps2_gif_arbiter.cpp.o
  [9/72] Building CXX object ps2xIOP/CMakeFiles/ps2_iop.dir/src/modules/sdrdrv.cpp.o
  [10/72] Building CXX object ps2xIOP/CMakeFiles/ps2_iop.dir/src/modules/tsnddrv.cpp.o
  [11/72] Building CXX object ps2xIOP/CMakeFiles/ps2_iop.dir/src/builtin_profiles.cpp.o
  [12/72] Building CXX object ps2xIOP/CMakeFiles/ps2_iop.dir/src/plugin_loader.cpp.o
  [13/72] Building CXX object ps2xIOP/CMakeFiles/ps2_iop.dir/src/modules/clfile.cpp.o
  [14/72] Building CXX object ps2xRuntime/CMakeFiles/ps2_runtime.dir/src/lib/ps2_audio.cpp.o
  [15/72] Building CXX object ps2xRuntime/CMakeFiles/ps2_runtime.dir/src/lib/vu/ps2_vu1_upper.cpp.o
  [16/72] Building CXX object ps2xIOP/CMakeFiles/ps2_iop.dir/src/iop_subsystem.cpp.o
  [17/72] Building CXX object ps2xRuntime/CMakeFiles/ps2_runtime.dir/src/lib/gs/gs_cpu_backend.cpp.o
  In file included from /home/brad/n2/PS2Recomp/ps2xRuntime/src/lib/gs/gs_cpu_backend.cpp:7:
  /home/brad/n2/PS2Recomp/ps2xRuntime/include/runtime/gs/ps2_gs_memory.h:67:11: warning: enumeration value 'Max' not handled in switch [-Wswitch]
     67 |                 switch (psm)
        |                         ^~~
  /home/brad/n2/PS2Recomp/ps2xRuntime/include/runtime/gs/ps2_gs_memory.h:91:11: warning: enumeration value 'Max' not handled in switch [-Wswitch]
     91 |                 switch (psm)
        |                         ^~~
  /home/brad/n2/PS2Recomp/ps2xRuntime/include/runtime/gs/ps2_gs_memory.h:168:11: warning: 9 enumeration values not handled in switch: 'C32', 'C24', 'C16'... [-Wswitch]
    168 |                 switch (psm)
        |                         ^~~
  3 warnings generated.
  [18/72] Building CXX object ps2xIOP/CMakeFiles/ps2_iop.dir/src/modules/cri_dtx.cpp.o
  [19/72] Building CXX object ps2xRuntime/CMakeFiles/ps2_runtime.dir/src/lib/ps2_vif1_interpreter.cpp.o
  [20/72] Linking CXX static library ps2xIOP/libps2_iop.a
  [21/72] Building CXX object ps2xRuntime/CMakeFiles/ps2_runtime.dir/src/lib/gs/gs_frontend.cpp.o
  [22/72] Building CXX object ps2xRuntime/CMakeFiles/ps2_runtime.dir/src/lib/vu/ps2_vu1_lower.cpp.o
  [23/72] Building CXX object ps2xRuntime/CMakeFiles/ps2_runtime.dir/src/lib/vu/ps2_vu1_core.cpp.o
  [24/72] Building CXX object ps2xRuntime/CMakeFiles/ps2_runtime.dir/src/lib/games_database.cpp.o
  [25/72] Building CXX object ps2xRuntime/CMakeFiles/ps2_runtime.dir/src/lib/Kernel/Syscalls/TraceChannel.cpp.o
  [26/72] Building CXX object ps2xRuntime/CMakeFiles/ps2_runtime.dir/src/lib/Kernel/Stubs/Audio.cpp.o
  [27/72] Building CXX object ps2xRuntime/CMakeFiles/ps2_runtime.dir/src/lib/game_overrides.cpp.o
  [28/72] Building CXX object ps2xRuntime/CMakeFiles/ps2_runtime.dir/src/lib/ps2_memory.cpp.o
  [29/72] Building CXX object ps2xRuntime/CMakeFiles/ps2_runtime.dir/src/lib/ps2_iop_host.cpp.o
  [30/72] Building CXX object ps2xRuntime/CMakeFiles/ps2_runtime.dir/src/lib/Kernel/Stubs/FileIO.cpp.o
  [31/72] Building CXX object ps2xRuntime/CMakeFiles/ps2_runtime.dir/src/lib/Kernel/Stubs/GS.cpp.o
  [32/72] Building CXX object ps2xRuntime/CMakeFiles/ps2_runtime.dir/src/lib/Kernel/Stubs/Deci2.cpp.o
  [33/72] Building CXX object ps2xRuntime/CMakeFiles/ps2_runtime.dir/src/lib/Kernel/Stubs/VU.cpp.o
  [34/72] Building CXX object ps2xRuntime/CMakeFiles/ps2_runtime.dir/src/lib/Kernel/Stubs/DMA.cpp.o
  [35/72] Building CXX object ps2xRuntime/CMakeFiles/ps2_runtime.dir/src/lib/Kernel/Stubs/Font.cpp.o
  [36/72] Building CXX object ps2xRuntime/CMakeFiles/ps2_runtime.dir/src/lib/Kernel/Stubs/IPU.cpp.o
  [37/72] Building CXX object ps2xRuntime/CMakeFiles/ps2_runtime.dir/src/lib/Kernel/Stubs/Compatibility.cpp.o
  [38/72] Building CXX object ps2xRuntime/CMakeFiles/ps2_runtime.dir/src/lib/Kernel/Stubs/RPC.cpp.o
  [39/72] Building CXX object ps2xRuntime/CMakeFiles/ps2_runtime.dir/src/lib/Kernel/Stubs/System.cpp.o
  [40/72] Building CXX object ps2xRuntime/CMakeFiles/ps2_runtime.dir/src/lib/Kernel/Stubs/Pad.cpp.o
  [41/72] Building CXX object ps2xRuntime/CMakeFiles/ps2_runtime.dir/src/lib/Kernel/Stubs/Ssx3Movie.cpp.o
  [42/72] Building CXX object ps2xRuntime/CMakeFiles/ps2_runtime.dir/src/lib/Kernel/Stubs/TTY.cpp.o
  [43/72] Building CXX object ps2xRuntime/CMakeFiles/ps2_runtime.dir/src/lib/Kernel/Stubs/Unimplemented.cpp.o
  [44/72] Building CXX object ps2xRuntime/CMakeFiles/ps2_runtime.dir/src/lib/Kernel/Stubs/SIF.cpp.o
  [45/72] Building CXX object ps2xRuntime/CMakeFiles/ps2_runtime.dir/src/lib/Kernel/Syscalls/Deci2.cpp.o
  [46/72] Building C object _deps/raylib-build/raylib/CMakeFiles/raylib.dir/rshapes.c.o
  [47/72] Building C object _deps/raylib-build/raylib/CMakeFiles/raylib.dir/utils.c.o
  [48/72] Building C object _deps/raylib-build/raylib/CMakeFiles/raylib.dir/home/brad/n2/toolchain/android-sdk/ndk/28.2.13676358/sources/android/native_app_glue/android_native_app_glue.c.o
  [49/72] Building CXX object ps2xRuntime/CMakeFiles/ps2_runtime.dir/src/lib/Kernel/Stubs/LibC.cpp.o
  [50/72] Building CXX object ps2xRuntime/CMakeFiles/ps2_runtime.dir/src/lib/ps2_runtime.cpp.o
  [51/72] Building CXX object ps2xRuntime/CMakeFiles/ps2EntryRunner.dir/cmake_pch.hxx.pch
  [52/72] Building CXX object ps2xRuntime/CMakeFiles/ps2_runtime.dir/src/lib/Kernel/Syscalls/Ssx3CopiedPayload.cpp.o
  [53/72] Building CXX object ps2xRuntime/CMakeFiles/ps2_runtime.dir/src/lib/Kernel/Syscalls/Interrupt.cpp.o
  [54/72] Building CXX object ps2xRuntime/CMakeFiles/ps2_runtime.dir/src/lib/Kernel/Stubs/CD.cpp.o
  [55/72] Building CXX object ps2xRuntime/CMakeFiles/ps2_runtime.dir/src/lib/Kernel/Syscalls/Dispatcher.cpp.o
  [56/72] Building CXX object ps2xRuntime/CMakeFiles/ps2_runtime.dir/src/lib/Kernel/Stubs/MemoryCard.cpp.o
  [57/72] Building C object _deps/raylib-build/raylib/CMakeFiles/raylib.dir/rtext.c.o
  [58/72] Building CXX object ps2xRuntime/CMakeFiles/ps2_runtime.dir/src/lib/Kernel/Syscalls/Sync.cpp.o
  [59/72] Building CXX object ps2xRuntime/CMakeFiles/ps2_runtime.dir/src/lib/Kernel/Syscalls/FileIO.cpp.o
  [60/72] Building CXX object ps2xRuntime/CMakeFiles/ps2_runtime.dir/src/lib/Kernel/Stubs/MPEG.cpp.o
  [61/72] Building C object _deps/raylib-build/raylib/CMakeFiles/raylib.dir/rcore.c.o
  [62/72] Building CXX object ps2xRuntime/CMakeFiles/ps2_runtime.dir/src/lib/Kernel/Syscalls/Thread.cpp.o
  [63/72] Building CXX object ps2xRuntime/CMakeFiles/ps2EntryRunner.dir/Unity/unity_0_cxx.cxx.o
  FAILED: ps2xRuntime/CMakeFiles/ps2EntryRunner.dir/Unity/unity_0_cxx.cxx.o 
  /home/brad/n2/toolchain/android-sdk/ndk/28.2.13676358/toolchains/llvm/prebuilt/linux-x86_64/bin/clang++ --target=aarch64-none-linux-android28 --sysroot=/home/brad/n2/toolchain/android-sdk/ndk/28.2.13676358/toolchains/llvm/prebuilt/linux-x86_64/sysroot -DGRAPHICS_API_OPENGL_ES2 -DPLATFORM_ANDROID -DPS2X_DEFAULT_BOOT_ELF=\"/storage/emulated/0/Android/data/com.ps2x.runner/files/SLUS_207.72\" -DPS2X_ENABLE_IOP_RPC_TRACE=1 -DPS2X_IOP_ENABLE_PLUGINS=0 -DUSE_SSE2NEON -Dps2EntryRunner_EXPORTS -I/home/brad/n2/PS2Recomp/android/app/.cxx/RelWithDebInfo/4q6b3c5v/arm64-v8a/_deps/sse2neon-src -I/home/brad/n2/PS2Recomp/ps2xRuntime/include -I/home/brad/n2/PS2Recomp/ps2xRuntime/src/lib/Kernel -I/home/brad/n2/PS2Recomp/android/app/.cxx/RelWithDebInfo/4q6b3c5v/arm64-v8a/_deps/raylib-src/src -I/home/brad/n2/PS2Recomp/ps2xIOP/include -g -DANDROID -fdata-sections -ffunction-sections -funwind-tables -fstack-protector-strong -no-canonical-prefixes -D_FORTIFY_SOURCE=2 -Wformat -Werror=format-security -frtti -fexceptions  -march=armv8-a+fp+simd+crypto+crc -O2 -g -DNDEBUG -fPIC -march=armv8-a+fp+simd -std=gnu++20 -Winvalid-pch -Xclang -include-pch -Xclang /home/brad/n2/PS2Recomp/android/app/.cxx/RelWithDebInfo/4q6b3c5v/arm64-v8a/ps2xRuntime/CMakeFiles/ps2EntryRunner.dir/cmake_pch.hxx.pch -Xclang -include -Xclang /home/brad/n2/PS2Recomp/android/app/.cxx/RelWithDebInfo/4q6b3c5v/arm64-v8a/ps2xRuntime/CMakeFiles/ps2EntryRunner.dir/cmake_pch.hxx -MD -MT ps2xRuntime/CMakeFiles/ps2EntryRunner.dir/Unity/unity_0_cxx.cxx.o -MF ps2xRuntime/CMakeFiles/ps2EntryRunner.dir/Unity/unity_0_cxx.cxx.o.d -o ps2xRuntime/CMakeFiles/ps2EntryRunner.dir/Unity/unity_0_cxx.cxx.o -c /home/brad/n2/PS2Recomp/android/app/.cxx/RelWithDebInfo/4q6b3c5v/arm64-v8a/ps2xRuntime/CMakeFiles/ps2EntryRunner.dir/Unity/unity_0_cxx.cxx
  In file included from /home/brad/n2/PS2Recomp/android/app/.cxx/RelWithDebInfo/4q6b3c5v/arm64-v8a/ps2xRuntime/CMakeFiles/ps2EntryRunner.dir/Unity/unity_0_cxx.cxx:3:
  /home/brad/n2/PS2Recomp/ps2xRuntime/src/runner/register_functions.cpp:4:10: fatal error: 'ps2_recompiled_stubs.h' file not found
      4 | #include "ps2_recompiled_stubs.h"//this will give duplicated erros because runtime maybe has it define already, just delete the TODOS ones
        |          ^~~~~~~~~~~~~~~~~~~~~~~~
  1 error generated.
  [64/72] Building CXX object ps2xRuntime/CMakeFiles/ps2_runtime.dir/src/lib/Kernel/Syscalls/System.cpp.o
  [65/72] Building CXX object ps2xRuntime/CMakeFiles/ps2_runtime.dir/src/lib/Kernel/Syscalls/RPC.cpp.o
  [66/72] Building C object _deps/raylib-build/raylib/CMakeFiles/raylib.dir/rtextures.c.o
  [67/72] Building CXX object ps2xRuntime/CMakeFiles/ps2_runtime.dir/src/lib/Kernel/EeScheduler.cpp.o
  [68/72] Building C object _deps/raylib-build/raylib/CMakeFiles/raylib.dir/rmodels.c.o
  [69/72] Building C object _deps/raylib-build/raylib/CMakeFiles/raylib.dir/raudio.c.o
  ninja: build stopped: subcommand failed.
  
  C++ build system [build] failed while executing:
      /home/brad/n2/toolchain/android-sdk/cmake/3.22.1/bin/ninja \
        -C \
        /home/brad/n2/PS2Recomp/android/app/.cxx/RelWithDebInfo/4q6b3c5v/arm64-v8a \
        ps2EntryRunner
    from /home/brad/n2/PS2Recomp/android/app

* Try:
> Run with --stacktrace option to get the stack trace.
> Run with --info or --debug option to get more log output.
> Run with --scan to get full insights.
> Get more help at https://help.gradle.org.

BUILD FAILED in 33s
16 actionable tasks: 16 executed
