[09:34:08] PRE lease="LEASE_FREE F2 done" keyguard="showing=false" battery=55% ac=true pid0=none
[09:34:08] PRE device-env=9fb46f8509adb1362b5ac74d35ac63a340e39228b64914848ce5ed85d6b74d13 mc0-test='' mc0-bad=[]
[09:34:08] ENV 0c1fdd4365e6ea7351a2d2352fa41c70bf827425afbfa950a1e510e27e61a81d  /storage/emulated/0/Android/data/com.ps2x.runner/files/ps2x.env
[09:34:08 t+    0.0] AM Starting: Intent { cmp=com.ps2x.runner/android.app.NativeActivity }
[09:34:14 t+    6.2] BACK sent
[09:34:17 t+    8.3] LAYER 'com.ps2x.runner/android.app.NativeActivity#15808' tried=['com.ps2x.runner/android.app.NativeActivity#15808']
[09:36:12 t+  123.7] SCAP sc01-tick2100-t123.png tick~2105
[09:36:50 t+  161.5] PROFILE start tick=2419
[09:37:20 t+  192.0] PROFILE end rc-logged tick~2419
[09:37:21 t+  192.4] SCAP sc02-postprofile-t191.png tick~2419
[09:37:21 t+  192.8] SCAP sc03-final-t192.png tick~2419
[09:37:22 t+  194.1] THREADS
Threads: 27 total,   3 running,  24 sleeping,   0 stopped,   0 zombie
  Mem:  7342756K total,  4186084K used,  3156672K free,      656K buffers
 Swap: 10485752K total,   683892K used,  9801860K free,  1637312K cached
800%cpu  96%user   0%nice  58%sys 638%idle   0%iow   8%irq   0%sirq   0%host
  TID USER         PR  NI VIRT  RES  SHR S[%CPU] %MEM     TIME+ THREAD          PROCESS
17304 u0_a113      10 -10  17G 642M 401M R 76.9   8.9   2:05.70 GameThread      com.ps2x.runner
17283 u0_a113      10 -10  17G 642M 401M R 30.7   8.9   1:15.54 GsWorker        com.ps2x.runner
17281 u0_a113      10 -10  17G 642M 401M R  3.8   8.9   0:10.70 com.ps2x.runner com.ps2x.runner
17312 u0_a113      20   0  17G 642M 401M S  0.0   8.9   0:00.00 InteractionJank com.ps2x.runner
17311 u0_a113      20   0  17G 642M 401M S  0.0   8.9   0:00.12 binder:17259_2  com.ps2x.runner
17306 u0_a113      10 -10  17G 642M 401M S  0.0   8.9   0:00.10 PGS-Waiter      com.ps2x.runner
17305 u0_a113      39  19  17G 642M 401M S  0.0   8.9   0:00.00 com.ps:traceq0  com.ps2x.runner
17302 u0_a113      -3 -10  17G 642M 401M S  0.0   8.9   0:00.66 AAudio_1        com.ps2x.runner
17296 u0_a113      20   0  17G 642M 401M S  0.0   8.9   0:00.33 binder:17259_4  com.ps2x.runner
17295 u0_a113      10 -10  17G 642M 401M S  0.0   8.9   0:00.00 com.ps2x.runner com.ps2x.runner
17287 u0_a113      20   0  17G 642M 401M S  0.0   8.9   0:00.00 InsetsAnimation com.ps2x.runner
17286 u0_a113      20   0  17G 642M 401M S  0.0   8.9   0:00.00 SurfaceSyncGrou com.ps2x.runner
17285 u0_a113      10 -10  17G 642M 401M S  0.0   8.9   0:00.00 VsyncReceiver   com.ps2x.runner
17282 u0_a113      10 -10  17G 642M 401M S  0.0   8.9   0:00.01 com.ps2x.runner com.ps2x.runner
17279 u0_a113      16  -4  17G 642M 401M S  0.0   8.9   0:00.00 RenderThread    com.ps2x.runner

[09:37:23 t+  194.2] BATTERY status: 3 level: 54
[09:37:26 t+  197.3] RESTORE 9fb46f8509adb1362b5ac74d35ac63a340e39228b64914848ce5ed85d6b74d13 match=True
[09:37:26 t+  197.4] MC0-AFTER bad=[]
[09:37:26 t+  197.5] END pid-after=none
