[20:13:12] PRE lease="LEASE_FREE VK1 done" keyguard="showing=false" battery=100% ac=true pid0=none
[20:13:12] PRE device-env=a8d651a7e55f7e29f1345f28f4ea634e06ae757f535e29439ab61c930bcc0ebd mc0-test='' mc0-bad=[]
[20:13:13] APK local sha x2 3e493b44697d8e61866b43bed70d86536f57764dc7c7b812310fcf1cc5776220 3e493b44697d8e61866b43bed70d86536f57764dc7c7b812310fcf1cc5776220
[20:13:16] INSTALL Performing Streamed Install Success
[20:13:17] INSTALLED /data/app/~~xm-op6I0WCzocYl_ZlVP1g==/com.ps2x.runner-9dDUrzyCoka82f8AuBaHXA==/base.apk sha=3e493b44697d8e61866b43bed70d86536f57764dc7c7b812310fcf1cc5776220 match=True
[20:13:17] ENV d6fff0c9de643e739479cbbcabca495b970a504ffc0d125ed668959f35be0b20  /storage/emulated/0/Android/data/com.ps2x.runner/files/ps2x.env
[20:13:17 t+    0.0] AM Starting: Intent { cmp=com.ps2x.runner/android.app.NativeActivity }
[20:13:23 t+    6.1] FOCUS app-foreground, no BACK ('mCurrentFocus=Window{b2e6685 u0 com.ps2x.runner/android.app.NativeActivity}')
[20:13:25 t+    8.5] LAYER 'com.ps2x.runner/android.app.NativeActivity#18234' tried=['com.ps2x.runner/android.app.NativeActivity#18225', 'RequestedLayerState{ActivityRecord{7ab5c17 u0 com.ps2x.runner/android.app.NativeActivity#18225 parentId=18224}', 'com.ps2x.runner/android.app.NativeActivity#18234']
[20:13:40 t+   23.1] SCAP sc01-tick1100-t22.png tick~1201
[20:13:45 t+   27.6] LIFECYCLE start: HOME
[20:13:45 t+   27.6] LAYERS before ['RequestedLayerState{f3b1896 ActivityRecordInputSink com.ps2x.runner/android.app.NativeActivity#18231 parentId=18225 z=-2147483648}', 'RequestedLayerState{ActivityRecord{7ab5c17 u0 com.ps2x.runner/android.app.NativeActivity#18225 parentId=18224}', 'RequestedLayerState{com.ps2x.runner/android.app.NativeActivity#18234 parentId=18233}', 'RequestedLayerState{b2e6685 com.ps2x.runner/android.app.NativeActivity#18233 parentId=18225}', 'RequestedLayerState{ps2x-game#18239 parentId=18234 z=1}', 'RequestedLayerState{Surface(name=b2e6685 com.ps2x.runner/android.app.NativeActivity)/@0x537e13d - animation-leash of starting_reveal#18237}']
[20:13:53 t+   36.0] SCAP sc02-bg-t35.png tick~1455
[20:13:53 t+   36.1] BG focus='mCurrentFocus=Window{b98749 u0 com.android.launcher3/com.android.launcher3.uioverrides.QuickstepLauncher}' pid=24308
[20:13:53 t+   36.1] FG Starting: Intent { cmp=com.ps2x.runner/android.app.NativeActivity }
[20:14:02 t+   44.9] SCAP sc03-fg-t44.png tick~1455
[20:14:02 t+   45.0] LAYERS after-fg ['RequestedLayerState{f3b1896 ActivityRecordInputSink com.ps2x.runner/android.app.NativeActivity#18231 parentId=18225 z=-2147483648}', 'RequestedLayerState{ActivityRecord{7ab5c17 u0 com.ps2x.runner/android.app.NativeActivity#18225 parentId=18224}', 'RequestedLayerState{b2e6685 com.ps2x.runner/android.app.NativeActivity#18233 parentId=18225}', 'RequestedLayerState{ps2x-game#18239 z=1}', 'RequestedLayerState{Surface(name=b2e6685 com.ps2x.runner/android.app.NativeActivity)/@0x537e13d - animation-leash of starting_reveal#18237}', 'RequestedLayerState{ps2x-game#18256 parentId=18254 z=1}', 'RequestedLayerState{com.ps2x.runner/android.app.NativeActivity#18254 parentId=18233}'] focus='mCurrentFocus=Window{b2e6685 u0 com.ps2x.runner/android.app.NativeActivity}'
[20:14:02 t+   45.0] ROTATION saved 'lock 1'
[20:14:09 t+   51.8] SCAP sc04-rot3-t51.png tick~1455
[20:14:09 t+   51.8] ROTATION lock3 display='init=1080x1920 369dpi mMinSizeOfResizeableTaskDp=220 cur=1920x1080 app=1920x1080 rng=1080x1080-1920x1920\n      mCurrentRotation=ROTATION_0'
[20:14:13 t+   56.0] ROTATION restored -> 'lock 1'
[20:14:14 t+   56.7] SCAP sc05-rot-restored-t55.png tick~1455
[20:14:35 t+   78.4] SCAP sc06-tick2100-t77.png tick~2122
[20:14:50 t+   93.5] SCAP sc07-tick2300-t92.png tick~2324
[20:15:00 t+  103.1] STOP tick 2468 >= 2400
[20:15:01 t+  103.7] SCAP sc08-final-t103.png tick~2468
[20:15:05 t+  108.3] PADPROBE vpad lines: ['1790381599.504 24308 24333 I ps2x    : [vpad] on=1 pad_in_use=0 first_pad=-1 name="" -> overlay shown', '1790381704.067 24308 24333 I ps2x    : [vpad] on=1 pad_in_use=1 first_pad=0 name="" -> overlay hidden']
[20:15:06 t+  108.7] THREADS
Threads: 28 total,   1 running,  27 sleeping,   0 stopped,   0 zombie
  Mem:  7342756K total,  4970532K used,  2372224K free,      756K buffers
 Swap: 10485752K total,   784132K used,  9701620K free,  2329444K cached
800%cpu 108%user   0%nice  31%sys 650%idle   0%iow   8%irq   4%sirq   0%host
  TID USER         PR  NI VIRT  RES  SHR S[%CPU] %MEM     TIME+ THREAD          PROCESS
24357 u0_a113      10 -10  17G 708M 467M R 76.9   9.8   1:12.25 GameThread      com.ps2x.runner
24334 u0_a113      10 -10  17G 708M 467M S 19.2   9.8   0:14.18 GsWorker        com.ps2x.runner
24332 u0_a113      10 -10  17G 708M 467M S  7.6   9.8   0:05.92 Thread-3        com.ps2x.runner
24366 u0_a113      20   0  17G 708M 467M S  0.0   9.8   0:00.00 InteractionJank com.ps2x.runner
24365 u0_a113      20   0  17G 708M 467M S  0.0   9.8   0:00.05 binder:24308_2  com.ps2x.runner
24359 u0_a113      10 -10  17G 708M 467M S  0.0   9.8   0:00.08 PGS-Waiter      com.ps2x.runner
24358 u0_a113      39  19  17G 708M 467M S  0.0   9.8   0:00.00 com.ps:traceq0  com.ps2x.runner
24353 u0_a113      -3 -10  17G 708M 467M S  0.0   9.8   0:00.38 AAudio_1        com.ps2x.runner
24346 u0_a113      20   0  17G 708M 467M S  0.0   9.8   0:00.10 binder:24308_4  com.ps2x.runner
24347 u0_a113      20   0  17G 708M 467M S  0.0   9.8   0:00.08 binder:24308_5  com.ps2x.runner
24345 u0_a113      10 -10  17G 708M 467M S  0.0   9.8   0:00.00 com.ps2x.runner com.ps2x.runner
24338 u0_a113      20   0  17G 708M 467M S  0.0   9.8   0:00.00 InsetsAnimation com.ps2x.runner
24337 u0_a113      20   0  17G 708M 467M S  0.0   9.8   0:00.00 SurfaceSyncGrou com.ps2x.runner
24336 u0_a113      10 -10  17G 708M 467M S  0.0   9.8   0:00.00 VsyncReceiver   com.ps2x.runner
24333 u0_a113      10 -10  17G 708M 467M S  0.0   9.8   0:00.00 com.ps2x.runner com.ps2x.runner

[20:15:06 t+  108.8] BATTERY status: 5 level: 100
[20:15:09 t+  111.6] RESTORE a8d651a7e55f7e29f1345f28f4ea634e06ae757f535e29439ab61c930bcc0ebd match=True
[20:15:09 t+  111.8] MC0-AFTER bad=[]
[20:15:09 t+  111.9] END pid-after=none disconnects=0
