SCRIPT_SHA ed836a7fab7a9e6bbe375eac722ba645b111f4da50c172e4c3da355cadc857dd
APK and packaged runner/Turnip SHA pairs match N8D5D pins
PREFLIGHT state=device lease='LEASE_FREE N8D4 done' keyguard=false battery=100% status=5 free_bytes=25924812800
LEASE claimed N8D5E one-launch
INSTALL Performing Streamed Install | Success
HASH installed_apk a6a0c3793e31310fc8794e7a0d6b6cc282e5060d59cfe116b919236b9f50612a a6a0c3793e31310fc8794e7a0d6b6cc282e5060d59cfe116b919236b9f50612a
HASH elf 1b49d05ca2793922180851b9e1ce9ae2291d61a7863565ac4e71f12e967af7bc 1b49d05ca2793922180851b9e1ce9ae2291d61a7863565ac4e71f12e967af7bc
HASH iso 3c2f8eb182c9c6208a6e8172a41e61c98f420abe3f42c845f6829aeb9761ebf5 3c2f8eb182c9c6208a6e8172a41e61c98f420abe3f42c845f6829aeb9761ebf5
CARD mc0 entries=''
ENV sha=ea1177d796862bd3042c1162bb72ae4808c710978184e3321012e09a637fd57e frame_dir=/storage/emulated/0/Android/data/com.ps2x.runner/files/n8d5e-frames-1790250692
PREFLIGHT state=device lease='N8D5E one-launch' keyguard=false battery=100% status=5 free_bytes=25923309568
LAUNCH Starting: Intent { cmp=com.ps2x.runner/android.app.NativeActivity }
PID 30780
PROGRESS elapsed=5.3s tick=231
BACK sent once for USB dialog
PROGRESS elapsed=10.7s tick=366
PROGRESS elapsed=16.0s tick=524
PROGRESS elapsed=21.2s tick=683
PROGRESS elapsed=25.4s tick=827
PROGRESS elapsed=30.7s tick=883
PROGRESS elapsed=36.0s tick=975
PROGRESS elapsed=41.3s tick=1149
PROGRESS elapsed=45.5s tick=1353
PROGRESS elapsed=50.7s tick=1523
PROGRESS elapsed=56.0s tick=1612
PROGRESS elapsed=61.2s tick=1639
PROGRESS elapsed=65.4s tick=1674
PROGRESS elapsed=70.7s tick=1709
PROGRESS elapsed=76.0s tick=1747
PROGRESS elapsed=81.3s tick=1785
PROGRESS elapsed=85.5s tick=1824
PROGRESS elapsed=90.8s tick=1864
PROGRESS elapsed=96.1s tick=1906
PROGRESS elapsed=101.3s tick=1946
PROGRESS elapsed=105.6s tick=1987
PROGRESS elapsed=110.8s tick=2029
PROGRESS elapsed=116.2s tick=2069
PROGRESS elapsed=120.7s tick=2110
STOP tick 2100 without complete receipt
POSTRUN pid absent
CATEGORY OTHER
ERROR RuntimeError('tick 2100 without complete receipt')
CLEANUP pid-after=none
CLEANUP lease=LEASE_FREE N8D5E done
LOG_CLOSED gzip_bytes=5518
