Sat Sep 19 19:27:54 EDT 2026
M14 setup: M13 header sha b09643b1590dbae3bfeb47b57c0d1ecc0fadc26039638c8a43d4cbad5354f3a0
Sat Sep 19 19:28:21 EDT 2026
claim m14-det (step 1 baseline): lease was absent, claimed
Sat Sep 19 19:32:25 EDT 2026
release m14-det (step 1 baseline)
Sat Sep 19 19:34:19 EDT 2026
claim m14-det2 (step 2 camera-delta true delta): lease was absent, claimed
Sat Sep 19 19:38:23 EDT 2026
release m14-det2 (step 2 camera-delta true delta)
Sat Sep 19 19:42:22 EDT 2026
wait m14-det3: lease held by P1v, polling (never force)
Sat Sep 19 19:47:34 EDT 2026
wait m14-det3: lease still held by P1v at +5min, polling (never force)
Sat Sep 19 19:52:44 EDT 2026
wait m14-det3: lease still held by P1v at +10min, polling (never force)
Sat Sep 19 20:02:18 EDT 2026
claim m14-det3 (step 3 drawscan): lease absent after 3 waits, claimed
Sat Sep 19 20:06:21 EDT 2026
release m14-det3 (step 3 drawscan)
Sat Sep 19 20:09:35 EDT 2026
annotation: m14-det3 kept as exact-fit attempt (1P+1D schedule forces shape-0 ref to replay 0; all 835 shares carry the r0 offset; re-running 2P+2D as m14-det4)
Sat Sep 19 20:09:52 EDT 2026
claim m14-det4 (step 3 drawscan re-run 2P+2D): lease was absent, claimed
Sat Sep 19 20:13:55 EDT 2026
release m14-det4 (step 3 drawscan re-run 2P+2D)
