[22:20:40] PRE lease="LEASE_FREE VK1 done" keyguard="showing=false" battery=100% ac=true pid0=none
[22:20:40] PRE device-env=a8d651a7e55f7e29f1345f28f4ea634e06ae757f535e29439ab61c930bcc0ebd mc0-test='' mc0-bad=[]
[22:20:40] APK local sha x2 4ff81032a175689be276819381f5ff52710e37101f99289d76b25a5c95609753 4ff81032a175689be276819381f5ff52710e37101f99289d76b25a5c95609753
[22:21:26] INSTALL Performing Streamed Install Success
[22:21:26] INSTALLED /data/app/~~6GFpWeBvnixSIimNTpDMog==/com.ps2x.runner-x12iOK4DmjfdfAM2TxalKw==/base.apk sha=4ff81032a175689be276819381f5ff52710e37101f99289d76b25a5c95609753 match=True
[22:21:26] ENV 4a45cd017bb62b3f8aac5b4f9d94fb9babd5e8d9f8c04ac9377530c0e67e75ca  /storage/emulated/0/Android/data/com.ps2x.runner/files/ps2x.env
[22:21:27 t+    0.1] AM Starting: Intent { cmp=com.ps2x.runner/android.app.NativeActivity }
[22:21:33 t+    6.3] FOCUS app-foreground, no BACK ('mCurrentFocus=Window{1071893 u0 com.ps2x.runner/android.app.NativeActivity}')
[22:21:35 t+    8.6] LAYER 'com.ps2x.runner/android.app.NativeActivity#18905' tried=['com.ps2x.runner/android.app.NativeActivity#18905']
[22:22:24 t+   57.0] CPUWIN start tick=1870
[22:22:42 t+   75.8] SCAP sc01-tick2100-t75.png tick~2124
[22:23:14 t+  107.2] CPUWIN end tick=2561
[22:23:43 t+  136.1] SCAP sc02-tick3000-t135.png tick~3016
[22:24:49 t+  203.0] SCAP sc03-tick4000-t202.png tick~4006
[22:25:19 t+  232.2] STOP tick 4526 >= 4500
[22:25:19 t+  232.5] SCAP sc04-final-t232.png tick~4526
[22:25:20 t+  233.9] THREADS
Threads: 29 total,   0 running,  29 sleeping,   0 stopped,   0 zombie
  Mem:  7342756K total,  5062080K used,  2280676K free,      648K buffers
 Swap: 10485752K total,   834808K used,  9650944K free,  2371944K cached
800%cpu 100%user   0%nice  12%sys 685%idle   0%iow   4%irq   0%sirq   0%host
  TID USER         PR  NI VIRT  RES  SHR S[%CPU] %MEM     TIME+ THREAD          PROCESS
24857 u0_a113      10 -10  17G 714M 466M S 73.0   9.9   2:40.01 GameThread      com.ps2x.runner
24837 u0_a113      10 -10  17G 714M 466M S 15.3   9.9   0:37.43 GsWorker        com.ps2x.runner
24835 u0_a113      10 -10  17G 714M 466M S  3.8   9.9   0:13.90 com.ps2x.runner com.ps2x.runner
24869 u0_a113      10 -10  17G 714M 466M S  0.0   9.9   0:00.00 com.ps2x.runner com.ps2x.runner
24868 u0_a113      10 -10  17G 714M 466M S  0.0   9.9   0:00.00 com.ps2x.runner com.ps2x.runner
24865 u0_a113      20   0  17G 714M 466M S  0.0   9.9   0:00.00 InteractionJank com.ps2x.runner
24864 u0_a113      20   0  17G 714M 466M S  0.0   9.9   0:00.16 binder:24810_2  com.ps2x.runner
24859 u0_a113      10 -10  17G 714M 466M S  0.0   9.9   0:00.23 PGS-Waiter      com.ps2x.runner
24858 u0_a113      39  19  17G 714M 466M S  0.0   9.9   0:00.00 com.ps:traceq0  com.ps2x.runner
24855 u0_a113      -3 -10  17G 714M 466M S  0.0   9.9   0:00.82 AAudio_1        com.ps2x.runner
24848 u0_a113      10 -10  17G 714M 466M S  0.0   9.9   0:00.00 com.ps2x.runner com.ps2x.runner
24849 u0_a113      20   0  17G 714M 466M S  0.0   9.9   0:00.18 binder:24810_4  com.ps2x.runner
24841 u0_a113      20   0  17G 714M 466M S  0.0   9.9   0:00.00 InsetsAnimation com.ps2x.runner
24840 u0_a113      20   0  17G 714M 466M S  0.0   9.9   0:00.00 SurfaceSyncGrou com.ps2x.runner
24839 u0_a113      10 -10  17G 714M 466M S  0.0   9.9   0:00.00 VsyncReceiver   com.ps2x.runner

[22:25:20 t+  233.9] BATTERY status: 5 level: 100
[22:25:23 t+  236.6] RESTORE a8d651a7e55f7e29f1345f28f4ea634e06ae757f535e29439ab61c930bcc0ebd match=True
[22:25:23 t+  236.8] MC0-AFTER bad=[]
[22:25:23 t+  236.8] END pid-after=none disconnects=0
