[10:21:20] PRE lease="FS2 2026-09-26T14:18:20Z" keyguard="showing=false" battery=100% ac=true pid0=none
[10:21:20] PRE device-env=090cc981e9f97c9c6007b64e90afaba7ff0b495eae7ede6423bfca826fae29fe mc0-test='' mc0-bad=[]
[10:21:21] APK local sha x2 202c69745ffd2d43e02d3840e7ac4184692b48b468b755c533effbf3314309d6 202c69745ffd2d43e02d3840e7ac4184692b48b468b755c533effbf3314309d6
[10:21:23] INSTALL Performing Streamed Install Success
[10:21:23] INSTALLED /data/app/~~A2PKE2zCJCa-5y6_PJcEBw==/com.ps2x.runner-sySk1UY5FB9oMKcOJTFkZw==/base.apk sha=202c69745ffd2d43e02d3840e7ac4184692b48b468b755c533effbf3314309d6 match=True
[10:21:24] ENV 2fd64b48dbf67237e3f0e8d870d22171d800fe1101c8d5301081fca17df118d1  /storage/emulated/0/Android/data/com.ps2x.runner/files/ps2x.env
[10:21:24 t+    0.0] AM Starting: Intent { cmp=com.ps2x.runner/android.app.NativeActivity }
[10:21:30 t+    6.1] FOCUS app-foreground, no BACK ('mCurrentFocus=Window{f373d57 u0 com.ps2x.runner/android.app.NativeActivity}')
[10:21:32 t+    8.6] LAYER 'com.ps2x.runner/android.app.NativeActivity#23533' tried=['com.ps2x.runner/android.app.NativeActivity#23524', 'RequestedLayerState{ActivityRecord{7b71c23 u0 com.ps2x.runner/android.app.NativeActivity#23524 parentId=23523}', 'RequestedLayerState{dd68fe4 Splash Screen com.ps2x.runner#23525 z=2147483647}', 'com.ps2x.runner/android.app.NativeActivity#23532', 'RequestedLayerState{f373d57 com.ps2x.runner/android.app.NativeActivity#23532 parentId=23524}', 'com.ps2x.runner/android.app.NativeActivity#23533']
[10:22:06 t+   41.9] CPUWIN start tick=1950
[10:22:16 t+   52.1] SCAP sc01-tick2100-t51.png tick~2241
[10:22:26 t+   62.5] CPUWIN end tick=2556
[10:22:42 t+   77.9] SCAP sc02-tick3000-t77.png tick~3119
[10:23:06 t+  102.5] SCAP sc03-tick4000-t101.png tick~4196
[10:23:16 t+  111.8] STOP tick 4722 >= 4500
[10:23:16 t+  112.5] SCAP sc04-final-t111.png tick~4722
[10:23:18 t+  114.0] THREADS
Threads: 28 total,   1 running,  27 sleeping,   0 stopped,   0 zombie
  Mem:  7342756K total,  5090752K used,  2252004K free,      652K buffers
 Swap: 10485752K total,   768996K used,  9716756K free,  2471356K cached
800%cpu 188%user   0%nice  38%sys 565%idle   0%iow   8%irq   0%sirq   0%host
  TID USER         PR  NI VIRT  RES  SHR S[%CPU] %MEM     TIME+ THREAD          PROCESS
29667 u0_a113      10 -10  17G 760M 520M R 96.1  10.6   1:21.72 MTVU            com.ps2x.runner
29635 u0_a113      10 -10  17G 760M 520M S 53.8  10.6   0:32.61 GsWorker        com.ps2x.runner
29657 u0_a113      10 -10  17G 760M 520M S 46.1  10.6   0:40.14 GameThread      com.ps2x.runner
29653 u0_a113      -3 -10  17G 760M 520M S  3.8  10.6   0:00.39 AAudio_1        com.ps2x.runner
29665 u0_a113      20   0  17G 760M 520M S  0.0  10.6   0:00.00 InteractionJank com.ps2x.runner
29664 u0_a113      20   0  17G 760M 520M S  0.0  10.6   0:00.00 binder:29615_4  com.ps2x.runner
29659 u0_a113      10 -10  17G 760M 520M S  0.0  10.6   0:00.16 PGS-Waiter      com.ps2x.runner
29658 u0_a113      39  19  17G 760M 520M S  0.0  10.6   0:00.00 com.ps:traceq0  com.ps2x.runner
29647 u0_a113      20   0  17G 760M 520M S  0.0  10.6   0:00.10 binder:29615_4  com.ps2x.runner
29646 u0_a113      10 -10  17G 760M 520M S  0.0  10.6   0:00.00 com.ps2x.runner com.ps2x.runner
29639 u0_a113      20   0  17G 760M 520M S  0.0  10.6   0:00.00 InsetsAnimation com.ps2x.runner
29638 u0_a113      20   0  17G 760M 520M S  0.0  10.6   0:00.00 SurfaceSyncGrou com.ps2x.runner
29637 u0_a113      10 -10  17G 760M 520M S  0.0  10.6   0:00.00 VsyncReceiver   com.ps2x.runner
29634 u0_a113      10 -10  17G 760M 520M S  0.0  10.6   0:00.00 com.ps2x.runner com.ps2x.runner
29633 u0_a113      10 -10  17G 760M 520M S  0.0  10.6   0:00.28 com.ps2x.runner com.ps2x.runner

[10:23:18 t+  114.0] BATTERY status: 5 level: 100
[10:23:20 t+  116.6] RESTORE 090cc981e9f97c9c6007b64e90afaba7ff0b495eae7ede6423bfca826fae29fe match=True
[10:23:21 t+  116.8] MC0-AFTER bad=[]
[10:23:21 t+  116.8] END pid-after=none disconnects=0
