[19:56:40] PRE lease="LEASE_FREE VK1 done" keyguard="showing=false" battery=100% ac=true pid0=none
[19:56:40] PRE device-env=a8d651a7e55f7e29f1345f28f4ea634e06ae757f535e29439ab61c930bcc0ebd mc0-test='' mc0-bad=[]
[19:56:41] ENV 1ee138395111025f1c63b85c98bf70a729c283df129f0c89579d79e56fe68d9f  /storage/emulated/0/Android/data/com.ps2x.runner/files/ps2x.env
[19:56:41 t+    0.1] AM Starting: Intent { cmp=com.ps2x.runner/android.app.NativeActivity }
[19:56:47 t+    6.3] FOCUS app-foreground, no BACK ('mCurrentFocus=Window{4801a1d u0 com.ps2x.runner/android.app.NativeActivity}')
[19:56:49 t+    8.6] LAYER 'com.ps2x.runner/android.app.NativeActivity#18127' tried=['com.ps2x.runner/android.app.NativeActivity#18127']
[19:57:43 t+   61.9] CPUWIN start tick=1833
[19:58:14 t+   93.2] SCAP sc01-tick2100-t92.png tick~2102
[19:58:42 t+  121.6] CPUWIN end tick=2381
[19:58:47 t+  126.7] PROFILE start tick=2427
[19:59:18 t+  157.5] PROFILE end rc-logged tick~2427
[19:59:19 t+  157.9] SCAP sc02-postprofile-t157.png tick~2427
[19:59:19 t+  158.2] SCAP sc03-final-t157.png tick~2427
[19:59:21 t+  159.9] THREADS
Threads: 29 total,   1 running,  28 sleeping,   0 stopped,   0 zombie
  Mem:  7342756K total,  5093968K used,  2248788K free,      660K buffers
 Swap: 10485752K total,   693404K used,  9792348K free,  2495204K cached
800%cpu  62%user   0%nice  19%sys 708%idle   0%iow   8%irq   4%sirq   0%host
  TID USER         PR  NI VIRT  RES  SHR S[%CPU] %MEM     TIME+ THREAD          PROCESS
17934 u0_a113      10 -10  17G 763M 505M R 46.1  10.6   1:24.24 GameThread      com.ps2x.runner
17915 u0_a113      10 -10  17G 763M 505M S 11.5  10.6   0:19.67 GsWorker        com.ps2x.runner
17913 u0_a113      10 -10  17G 763M 505M S  7.6  10.6   0:11.98 com.ps2x.runner com.ps2x.runner
17951 u0_a113      10 -10  17G 763M 505M S  0.0  10.6   0:00.00 com.ps2x.runner com.ps2x.runner
17950 u0_a113      10 -10  17G 763M 505M S  0.0  10.6   0:00.00 com.ps2x.runner com.ps2x.runner
17942 u0_a113      20   0  17G 763M 505M S  0.0  10.6   0:00.00 InteractionJank com.ps2x.runner
17941 u0_a113      20   0  17G 763M 505M S  0.0  10.6   0:00.09 binder:17888_4  com.ps2x.runner
17936 u0_a113      10 -10  17G 763M 505M S  0.0  10.6   0:00.11 PGS-Waiter      com.ps2x.runner
17935 u0_a113      39  19  17G 763M 505M S  0.0  10.6   0:00.00 com.ps:traceq0  com.ps2x.runner
17933 u0_a113      -3 -10  17G 763M 505M S  0.0  10.6   0:00.56 AAudio_1        com.ps2x.runner
17927 u0_a113      10 -10  17G 763M 505M S  0.0  10.6   0:00.00 com.ps2x.runner com.ps2x.runner
17920 u0_a113      20   0  17G 763M 505M S  0.0  10.6   0:00.00 InsetsAnimation com.ps2x.runner
17919 u0_a113      20   0  17G 763M 505M S  0.0  10.6   0:00.21 binder:17888_4  com.ps2x.runner
17918 u0_a113      20   0  17G 763M 505M S  0.0  10.6   0:00.00 SurfaceSyncGrou com.ps2x.runner
17917 u0_a113      10 -10  17G 763M 505M S  0.0  10.6   0:00.00 VsyncReceiver   com.ps2x.runner

[19:59:21 t+  160.0] BATTERY status: 5 level: 100
[19:59:24 t+  162.9] RESTORE a8d651a7e55f7e29f1345f28f4ea634e06ae757f535e29439ab61c930bcc0ebd match=True
[19:59:24 t+  163.1] MC0-AFTER bad=[]
[19:59:24 t+  163.1] END pid-after=none disconnects=0
