== resolve fork SHA (mini clone, pushed or not)
fork: a5e5940612e4dfdcaa98a6d1c49f6c221abf41c5 [BA1] Android: -O3 for the RelWithDebInfo config the APK builds (+5.3 % Odin race, ABBA)
== preflight (mini inputs)
-- mini ISO sha (3 GB, one read)
-- mini inputs OK (codegen-8ea8ed436b78 vu1gen-d28e3fc6467f vu0gen-17f64123313c pgs-1b3a2948cc55)
== preflight (bradflix)
bradflix
 08:12:50 up 1 day,  7:33,  3 users,  load average: 0.73, 1.42, 2.55
/dev/mapper/ubuntu--vg-ubuntu--lv  1.8T  838G  918G  48% /
-- containers (hands off; load check only)
intelligent_yalow Up 27 seconds
health-notifier Up 32 hours
crawl4ai Up 32 hours (healthy)
searxng Up 32 hours (healthy)
radarr Up 32 hours (healthy)
sonarr Up 32 hours (healthy)
osrs-bot-osrs-db-1 Up 32 hours
hunter Up 32 hours
deluge Up 32 hours (healthy)
prowlarr Up 32 hours (healthy)
sabnzbd Up 32 hours (healthy)
mosquitto Up 32 hours
esphome Up 32 hours (healthy)
gluetun-fast Up 32 hours (healthy)
gluetun Up 32 hours (healthy)
home-assistant Up 32 hours
swag Up 32 hours
uptime-kuma Up 32 hours (healthy)
samba Up 32 hours (healthy)
rest_server Up 32 hours (healthy)
osrs-bot-osrs-bot-1 Up 32 hours
zone2 Up 32 hours (healthy)
== claim build dir dev/ssx3-work/HS1/hs2p2-a5e5940-det (under the setup lock)
== fork export a5e5940612e4dfdcaa98a6d1c49f6c221abf41c5 -> dev/ssx3-work/HS1/hs2p2-a5e5940-det/src
EXPORT_OK
== inputs (content-addressed; shared dirs are never modified)
-- codegen-8ea8ed436b78 OK
-- vu1gen-d28e3fc6467f OK
-- vu0gen-17f64123313c OK
-- ELF OK
-- ISO OK
-- pgs-1b3a2948cc55 1b3a2948cc55e74f975e42b79d08983f31c2dbb6 / Granite 166ba21a247a681903cc9d0bb6562fe50a554c85 OK
== image ssx3-hs1 (cached layers are fast)
#6 DONE 0.0s
image: ssx3-hs1 d124af4da093
== ccache before
Cacheable calls:    16060 / 16117 (99.65%)
  Hits:              9736 / 16060 (60.62%)
  Misses:            6324 / 16060 (39.38%)
Uncacheable calls:     53 / 16117 ( 0.33%)
  Cache size (GiB):   0.7 /   5.0 (13.72%)
  Hits:              9736 / 16060 (60.62%)
== configure dev/ssx3-work/HS1/hs2p2-a5e5940-det (det=ON)
CONFIGURE_RC=0
-- PS2X: VU1 recomp: 7 images from /work/vu1gen-d28e3fc6467f
== build (16 jobs)
BUILD_RC=0
[651/651] Linking CXX executable ps2xRuntime/ps2EntryRunner
--- wall: 617 s (configure+build) ---
== ccache after
Cacheable calls:    17320 / 17381 (99.65%)
  Hits:             10621 / 17320 (61.32%)
  Misses:            6699 / 17320 (38.68%)
Uncacheable calls:     57 / 17381 ( 0.33%)
  Cache size (GiB):   0.7 /   5.0 (14.59%)
  Hits:             10621 / 17320 (61.32%)
runner: ~/dev/ssx3-work/HS1/hs2p2-a5e5940-det/ps2xRuntime/ps2EntryRunner sha=7cb41f0d8eda21ba4fff95543d272687be2b121492c50357b0f47654157d7f1a size=192230024 fork=a5e5940612e4dfdcaa98a6d1c49f6c221abf41c5 det=ON image=d124af4da093 src=hs2p2-a5e5940-det/src codegen=codegen-8ea8ed436b78 vu1=vu1gen-d28e3fc6467f vu0=vu0gen-17f64123313c pgs=pgs-1b3a2948cc55
A5E-RC=0
