REF_CHECK:mean=0.0000 p99=0 max=0 npix=224000 mode=PPM
REFMENU_CHECK:mean=0.0000 p99=0 max=0 npix=1310720 mode=PPM
REFSC_CHECK:mean=0.0000 p99=0 max=0 npix=1310720 mode=PPM
REFZC_CHECK:mean=0.0000 p99=0 max=0 npix=1310720 mode=PPM
REFSP_CHECK:mean=0.0000 p99=0 max=0 npix=1310720 mode=PPM
REFSM_CHECK:mean=0.0000 p99=0 max=0 npix=1310720 mode=PPM
SELF_TEST mean=0.0000 p99=0
SELF_WHOLE=0.0000
SELF_MENU mean=0.0000 p99=0
SELF_SC mean=0.0000 p99=0
SELF_ZC mean=0.0000 p99=0
SELF_SP mean=0.0000 p99=0
SELF_SM mean=0.0000 p99=0
START_SCORE mean=27.4119 p99=178 MENU_T+:95
ATTEMPT_1 BEGIN MENU_T+:95
ATTEMPT_1 now score mean=21.1076 p99=144
ATTEMPT_1 on attract (non-title) -> Cross attract-skip
A1_CROSS_KEYDOWN_WALL:1789966093.646436293 UPTIME:295 MENU_T+:96
A1_CROSS_HELD_WALL:1789966093.664780376 UPTIME:295
A1_CROSS_KEYUP_WALL:1789966094.182129574 UPTIME:295 MENU_T+:97
ATTEMPT_1 poll01 score mean=0.4329 p99=6 MENU_T+:99
ATTEMPT_1 TITLE-DETECTED at poll01
A1_START_KEYDOWN_WALL:1789966096.918888748 UPTIME:298 MENU_T+:99
A1_START_HELD_WALL:1789966096.937388227 UPTIME:298
A1_START_KEYUP_WALL:1789966097.454327413 UPTIME:298 MENU_T+:100
ATTEMPT_1 post+3 score mean=16.2542 p99=139 MENU_T+:104
ATTEMPT_1 post+8 score mean=16.2955 p99=139
ATTEMPT_1 post+15 score mean=16.2610 p99=139
ATTEMPT_1 post+25 score mean=16.2610 p99=139
ATTEMPT_1 whole815=0.0389 whole1525=0.0201
ATTEMPT_1 post25-vs-menu mean=0.3033 p99=5
ATTEMPT_1 MENU-LIKE (non-title + static) -> park for menu Cross
MENUPRE vs-menu mean=0.2873 p99=5 MENU_T+:138
MENUPRE vs-title mean=16.2610 p99=139
MENU_CROSS_KEYDOWN_WALL:1789966136.035693275 UPTIME:337 MENU_T+:139
MENU_CROSS_HELD_WALL:1789966136.054899150 UPTIME:337
MENU_CROSS_KEYUP_WALL:1789966136.572167137 UPTIME:337 MENU_T+:139
MC post+1 titleband mean=12.5560 p99=164 vs-menu mean=10.2113 p99=105 vs-sc mean=0.4290 p99=7 MENU_T+:143
MC post+3 titleband mean=12.5603 p99=164 vs-menu mean=10.2313 p99=107 vs-sc mean=0.4543 p99=7
MC post+8 titleband mean=12.5352 p99=164 vs-menu mean=10.2060 p99=105 vs-sc mean=0.5954 p99=9
MC post+15 titleband mean=12.5352 p99=164 vs-menu mean=10.2078 p99=105 vs-sc mean=0.5549 p99=8
MC hops whole: pre-post1=10.1161 p1-p3=0.1060 p3-p8=0.2896 p8-p15=0.1343
SC-LIKE (non-menu + static) -> park for Zoe Cross
SCPRE vs-sc mean=0.4310 p99=7 MENU_T+:177
SCPRE vs-menu mean=10.1673 p99=105
SCPRE vs-title mean=12.6694 p99=164
ZOE_CROSS_KEYDOWN_WALL:1789966176.257314227 UPTIME:377 MENU_T+:179
ZOE_CROSS_HELD_WALL:1789966176.275474617 UPTIME:377
ZOE_CROSS_KEYUP_WALL:1789966176.792605994 UPTIME:378 MENU_T+:179
ZC post+1 titleband mean=15.9146 p99=128 vs-sc mean=7.4446 p99=102 vs-zc mean=0.7499 p99=13 MENU_T+:183
ZC post+3 titleband mean=15.8224 p99=128 vs-sc mean=7.1691 p99=100 vs-zc mean=0.4416 p99=8
ZC post+8 titleband mean=15.8525 p99=128 vs-sc mean=7.3068 p99=100 vs-zc mean=0.4573 p99=8
ZC hops whole: pre-post1=7.3804 p1-p3=0.4946 p3-p8=0.2589
ZC-LIKE (departed + non-SC + static) -> park for Continue Cross
CCPRE vs-zc mean=0.4790 p99=8 MENU_T+:206
CCPRE vs-sc mean=7.1415 p99=100
CCPRE vs-title mean=15.8213 p99=128
CONT_CROSS_KEYDOWN_WALL:1789966204.914628317 UPTIME:406 MENU_T+:207
CONT_CROSS_HELD_WALL:1789966204.933798403 UPTIME:406
CONT_CROSS_KEYUP_WALL:1789966205.451233093 UPTIME:406 MENU_T+:208
SP post+1 titleband mean=23.1261 p99=171 vs-zc mean=9.5070 p99=154 vs-sp mean=0.4120 p99=6 MENU_T+:212
SP post+3 titleband mean=23.1279 p99=171 vs-zc mean=9.4920 p99=154 vs-sp mean=0.4040 p99=6
SP post+8 titleband mean=23.1271 p99=171 vs-zc mean=9.4544 p99=154 vs-sp mean=0.3565 p99=5
SP hops whole: pre-post1=9.3651 p1-p3=0.1155 p3-p8=0.0540
SP-LIKE (departed + non-ZC + static) -> park for Peak Cross
SPPRE vs-sp mean=0.4103 p99=6 MENU_T+:235
SPPRE vs-zc mean=9.5055 p99=154
SPPRE vs-title mean=23.1259 p99=171
PEAK_CROSS_KEYDOWN_WALL:1789966234.249869577 UPTIME:435 MENU_T+:237
PEAK_CROSS_HELD_WALL:1789966234.283518145 UPTIME:435
PEAK_CROSS_KEYUP_WALL:1789966234.800345151 UPTIME:436 MENU_T+:237
PC post+1 titleband mean=26.3170 p99=183 vs-sp mean=5.3708 p99=121 vs-sm mean=0.4107 p99=6 MENU_T+:241
PC post+3 titleband mean=26.3170 p99=183 vs-sp mean=5.3574 p99=121 vs-sm mean=0.3940 p99=6
PC post+8 titleband mean=26.3167 p99=183 vs-sp mean=5.3639 p99=121 vs-sm mean=0.3991 p99=6
PC hops whole: pre-post1=5.2361 p1-p3=0.0383 p3-p8=0.0308
SM-LIKE (departed + non-SP + static) -> park for Race Cross
SMPRE vs-sm mean=0.3872 p99=6 MENU_T+:264
SMPRE vs-sp mean=5.3473 p99=121
SMPRE vs-title mean=26.3181 p99=183
RACE_CROSS_KEYDOWN_WALL:1789966263.013234603 UPTIME:464 MENU_T+:266
RACE_CROSS_HELD_WALL:1789966263.032481849 UPTIME:464
RACE_CROSS_KEYUP_WALL:1789966263.550661297 UPTIME:464 MENU_T+:266
RC post+1 titleband mean=26.2101 p99=183 vs-sm mean=0.8192 p99=12 vs-sp mean=5.4641 p99=122 MENU_T+:270
RC post+3 titleband mean=26.2105 p99=183 vs-sm mean=0.8219 p99=11 vs-sp mean=5.4617 p99=121
RC post+8 titleband mean=26.2104 p99=183 vs-sm mean=0.8204 p99=12 vs-sp mean=5.4601 p99=121
RC post+15 titleband mean=26.2104 p99=183 vs-sm mean=0.8118 p99=11 vs-sp mean=5.4516 p99=121
RC post+25 titleband mean=26.2221 p99=183 vs-sm mean=0.8297 p99=12 vs-sp mean=5.4711 p99=121
RC post+40 titleband mean=26.2104 p99=183 vs-sm mean=0.8098 p99=11 vs-sp mean=5.4496 p99=121
RC hops whole: pre-post1=0.4695 p1-p3=0.0351 p3-p8=0.0316 p8-p15=0.0199 p15-p25=0.0343 p25-p40=0.0323
RC_STAB1 titleband mean=26.2115 p99=183 vs-sm mean=0.8177 p99=12 MENU_T+:343
RC_STAB2 titleband mean=26.2167 p99=183 vs-sm mean=0.8088 p99=11 MENU_T+:355
RC_STAB3 titleband mean=26.2104 p99=183 vs-sm mean=0.8187 p99=12 MENU_T+:366
RC_STAB4 titleband mean=26.2110 p99=183 vs-sm mean=0.8191 p99=12 MENU_T+:378
RC_STAB5 titleband mean=26.2132 p99=183 vs-sm mean=0.8082 p99=11 MENU_T+:390
RC_STAB6 titleband mean=26.2104 p99=183 vs-sm mean=0.8317 p99=12 MENU_T+:401
