[08:06:14] PRE lease="VR4 2026-09-26T12:03:14Z" keyguard="showing=false" battery=100% ac=true pid0=none
[08:06:14] PRE device-env=090cc981e9f97c9c6007b64e90afaba7ff0b495eae7ede6423bfca826fae29fe mc0-test='' mc0-bad=[]
[08:06:14] APK local sha x2 825b436dd2cfc9f3ee42e7ac06643623b9651df409892c6a3e25af27cc531254 825b436dd2cfc9f3ee42e7ac06643623b9651df409892c6a3e25af27cc531254
[08:06:18] INSTALL Performing Streamed Install Success
[08:06:18] INSTALLED /data/app/~~f7s3BIqpsItt3TxllOmsgg==/com.ps2x.runner-7ASWFjCQVSIXHG3zCvKQ9Q==/base.apk sha=825b436dd2cfc9f3ee42e7ac06643623b9651df409892c6a3e25af27cc531254 match=True
[08:06:18] ENV 0954205f55f08c095bfb7cd3a7f4ff96234a0185bbc1f9baeb274e449fff1260  /storage/emulated/0/Android/data/com.ps2x.runner/files/ps2x.env
[08:06:18 t+    0.1] AM Starting: Intent { cmp=com.ps2x.runner/android.app.NativeActivity }
[08:06:25 t+    6.1] FOCUS app-foreground, no BACK ('mCurrentFocus=Window{ff6b702 u0 com.ps2x.runner/android.app.NativeActivity}')
[08:06:27 t+    8.4] LAYER 'com.ps2x.runner/android.app.NativeActivity#22916' tried=['com.ps2x.runner/android.app.NativeActivity#22906', 'RequestedLayerState{ActivityRecord{c3c58bb u0 com.ps2x.runner/android.app.NativeActivity#22906 parentId=22905}', 'com.ps2x.runner/android.app.NativeActivity#22916']
[08:07:08 t+   49.3] CPUWIN start tick=1980
[08:07:16 t+   57.4] SCAP sc01-tick2100-t56.png tick~2187
[08:07:30 t+   72.1] CPUWIN end tick=2566
[08:07:50 t+   91.9] SCAP sc02-tick3000-t91.png tick~3086
[08:08:31 t+  132.2] SCAP sc03-tick4000-t131.png tick~4119
[08:08:46 t+  147.5] STOP tick 4580 >= 4500
[08:08:47 t+  148.2] SCAP sc04-final-t147.png tick~4580
[08:08:48 t+  149.7] THREADS
Threads: 28 total,   0 running,  28 sleeping,   0 stopped,   0 zombie
  Mem:  7342756K total,  4963492K used,  2379264K free,      632K buffers
 Swap: 10485752K total,   735720K used,  9750032K free,  2208528K cached
800%cpu 127%user   0%nice  31%sys 627%idle   0%iow  12%irq   4%sirq   0%host
  TID USER         PR  NI VIRT  RES  SHR S[%CPU] %MEM     TIME+ THREAD          PROCESS
 4839 u0_a113      10 -10  17G 759M 516M S 57.6  10.5   1:17.30 MTVU            com.ps2x.runner
 4829 u0_a113      10 -10  17G 759M 516M S 30.7  10.5   0:38.83 GameThread      com.ps2x.runner
 4810 u0_a113      10 -10  17G 759M 516M S 19.2  10.5   0:30.88 GsWorker        com.ps2x.runner
 4808 u0_a113      10 -10  17G 759M 516M S  3.8  10.5   0:00.31 com.ps2x.runner com.ps2x.runner
 4838 u0_a113      20   0  17G 759M 516M S  0.0  10.5   0:00.00 InteractionJank com.ps2x.runner
 4836 u0_a113      20   0  17G 759M 516M S  0.0  10.5   0:00.00 binder:4789_4   com.ps2x.runner
 4831 u0_a113      10 -10  17G 759M 516M S  0.0  10.5   0:00.24 PGS-Waiter      com.ps2x.runner
 4830 u0_a113      39  19  17G 759M 516M S  0.0  10.5   0:00.00 com.ps:traceq0  com.ps2x.runner
 4827 u0_a113      -3 -10  17G 759M 516M S  0.0  10.5   0:00.53 AAudio_1        com.ps2x.runner
 4821 u0_a113      20   0  17G 759M 516M S  0.0  10.5   0:00.05 binder:4789_4   com.ps2x.runner
 4820 u0_a113      10 -10  17G 759M 516M S  0.0  10.5   0:00.00 com.ps2x.runner com.ps2x.runner
 4814 u0_a113      20   0  17G 759M 516M S  0.0  10.5   0:00.00 InsetsAnimation com.ps2x.runner
 4812 u0_a113      10 -10  17G 759M 516M S  0.0  10.5   0:00.00 VsyncReceiver   com.ps2x.runner
 4813 u0_a113      20   0  17G 759M 516M S  0.0  10.5   0:00.00 SurfaceSyncGrou com.ps2x.runner
 4809 u0_a113      10 -10  17G 759M 516M S  0.0  10.5   0:00.01 com.ps2x.runner com.ps2x.runner

[08:08:48 t+  149.8] BATTERY status: 5 level: 100
[08:08:51 t+  152.4] RESTORE 090cc981e9f97c9c6007b64e90afaba7ff0b495eae7ede6423bfca826fae29fe match=True
[08:08:51 t+  152.6] MC0-AFTER bad=[]
[08:08:51 t+  152.6] END pid-after=none disconnects=0
