[10:41:07] PRE lease="FS2 2026-09-26T14:37:51Z" keyguard="showing=false" battery=100% ac=true pid0=none
[10:41:07] PRE device-env=090cc981e9f97c9c6007b64e90afaba7ff0b495eae7ede6423bfca826fae29fe mc0-test='' mc0-bad=[]
[10:41:08] APK local sha x2 825b436dd2cfc9f3ee42e7ac06643623b9651df409892c6a3e25af27cc531254 825b436dd2cfc9f3ee42e7ac06643623b9651df409892c6a3e25af27cc531254
[10:41:11] INSTALL Performing Streamed Install Success
[10:41:11] INSTALLED /data/app/~~sjsbjNR2vvzCUJ4fsiEuQw==/com.ps2x.runner--ZccBKExteaCrrVxXhteyA==/base.apk sha=825b436dd2cfc9f3ee42e7ac06643623b9651df409892c6a3e25af27cc531254 match=True
[10:41:11] ENV 618fce1b6944895a531b1b423055acc88a0c5cb4f863a1bb3b879c8280c0bd54  /storage/emulated/0/Android/data/com.ps2x.runner/files/ps2x.env
[10:41:11 t+    0.0] AM Starting: Intent { cmp=com.ps2x.runner/android.app.NativeActivity }
[10:41:17 t+    6.1] FOCUS app-foreground, no BACK ('mCurrentFocus=Window{cb40701 u0 com.ps2x.runner/android.app.NativeActivity}')
[10:41:19 t+    8.5] LAYER 'com.ps2x.runner/android.app.NativeActivity#23729' tried=['com.ps2x.runner/android.app.NativeActivity#23720', 'RequestedLayerState{ActivityRecord{5274e69 u0 com.ps2x.runner/android.app.NativeActivity#23720 parentId=23719}', 'com.ps2x.runner/android.app.NativeActivity#23729']
[10:41:58 t+   47.3] CPUWIN start tick=1984
[10:42:08 t+   57.4] SCAP sc01-tick2100-t56.png tick~2191
[10:42:23 t+   72.2] CPUWIN end tick=2573
[10:42:43 t+   92.2] SCAP sc02-tick3000-t91.png tick~3085
[10:43:24 t+  132.6] SCAP sc03-tick4000-t131.png tick~4116
[10:43:38 t+  147.4] STOP tick 4574 >= 4500
[10:43:39 t+  148.0] SCAP sc04-final-t147.png tick~4574
[10:43:40 t+  149.4] THREADS
Threads: 28 total,   2 running,  26 sleeping,   0 stopped,   0 zombie
  Mem:  7342756K total,  5024868K used,  2317888K free,      656K buffers
 Swap: 10485752K total,   714544K used,  9771208K free,  2378900K cached
800%cpu 115%user   0%nice  35%sys 642%idle   0%iow   8%irq   0%sirq   0%host
  TID USER         PR  NI VIRT  RES  SHR S[%CPU] %MEM     TIME+ THREAD          PROCESS
13302 u0_a113      10 -10  17G 758M 518M R 57.6  10.5   1:17.56 MTVU            com.ps2x.runner
13292 u0_a113      10 -10  17G 758M 518M R 34.6  10.5   0:38.65 GameThread      com.ps2x.runner
13271 u0_a113      10 -10  17G 758M 518M S 19.2  10.5   0:30.86 GsWorker        com.ps2x.runner
13300 u0_a113      20   0  17G 758M 518M S  0.0  10.5   0:00.00 InteractionJank com.ps2x.runner
13299 u0_a113      20   0  17G 758M 518M S  0.0  10.5   0:00.00 binder:13233_1  com.ps2x.runner
13294 u0_a113      10 -10  17G 758M 518M S  0.0  10.5   0:00.24 PGS-Waiter      com.ps2x.runner
13293 u0_a113      39  19  17G 758M 518M S  0.0  10.5   0:00.00 com.ps:traceq0  com.ps2x.runner
13289 u0_a113      -3 -10  17G 758M 518M S  0.0  10.5   0:00.53 AAudio_1        com.ps2x.runner
13283 u0_a113      20   0  17G 758M 518M S  0.0  10.5   0:00.08 binder:13233_4  com.ps2x.runner
13282 u0_a113      10 -10  17G 758M 518M S  0.0  10.5   0:00.00 com.ps2x.runner com.ps2x.runner
13275 u0_a113      20   0  17G 758M 518M S  0.0  10.5   0:00.00 InsetsAnimation com.ps2x.runner
13274 u0_a113      20   0  17G 758M 518M S  0.0  10.5   0:00.00 SurfaceSyncGrou com.ps2x.runner
13273 u0_a113      10 -10  17G 758M 518M S  0.0  10.5   0:00.00 VsyncReceiver   com.ps2x.runner
13270 u0_a113      10 -10  17G 758M 518M S  0.0  10.5   0:00.00 com.ps2x.runner com.ps2x.runner
13269 u0_a113      10 -10  17G 758M 518M S  0.0  10.5   0:00.30 com.ps2x.runner com.ps2x.runner

[10:43:40 t+  149.4] BATTERY status: 5 level: 100
[10:43:43 t+  152.2] RESTORE 090cc981e9f97c9c6007b64e90afaba7ff0b495eae7ede6423bfca826fae29fe match=True
[10:43:43 t+  152.4] MC0-AFTER bad=[]
[10:43:44 t+  152.5] END pid-after=none disconnects=0
