[02:11:21] PRE lease="BA1 2026-09-26T06:08:15Z" keyguard="showing=false" battery=100% ac=true pid0=none
[02:11:21] PRE device-env=a8d651a7e55f7e29f1345f28f4ea634e06ae757f535e29439ab61c930bcc0ebd mc0-test='' mc0-bad=[]
[02:11:21] CLAIM CLAIMED
[02:11:21] ENV e34bebc676669ef6a8872a4cc95f6b206d054a1472366b4d67dfad0b773901cd  /storage/emulated/0/Android/data/com.ps2x.runner/files/ps2x.env
[02:11:21 t+    0.1] AM Starting: Intent { cmp=com.ps2x.runner/android.app.NativeActivity }
[02:11:27 t+    6.1] FOCUS app-foreground, no BACK ('mCurrentFocus=Window{e76abc u0 com.ps2x.runner/android.app.NativeActivity}')
[02:11:29 t+    8.4] LAYER 'com.ps2x.runner/android.app.NativeActivity#20977' tried=['com.ps2x.runner/android.app.NativeActivity#20976', 'RequestedLayerState{e76abc com.ps2x.runner/android.app.NativeActivity#20976 parentId=20967}', 'com.ps2x.runner/android.app.NativeActivity#20977']
[02:12:34 t+   73.2] SCAP sc01-tick2100-t72.png tick~2105
[02:13:32 t+  131.1] SCAP sc02-tick3000-t130.png tick~3055
[02:14:33 t+  191.5] SCAP sc03-tick4000-t191.png tick~4043
[02:15:02 t+  220.5] STOP tick 4600 >= 4500
[02:15:02 t+  220.8] SCAP sc04-final-t220.png tick~4600
[02:15:03 t+  222.3] THREADS
Threads: 29 total,   1 running,  28 sleeping,   0 stopped,   0 zombie
  Mem:  7342756K total,  5057412K used,  2285344K free,      564K buffers
 Swap: 10485752K total,   683492K used,  9802260K free,  2304840K cached
800%cpu  81%user   0%nice  31%sys 681%idle   0%iow   8%irq   0%sirq   0%host
  TID USER         PR  NI VIRT  RES  SHR S[%CPU] %MEM     TIME+ THREAD          PROCESS
14640 u0_a113      10 -10  17G 704M 456M R 69.2   9.8   2:27.21 GameThread      com.ps2x.runner
14621 u0_a113      10 -10  17G 704M 456M S 19.2   9.8   0:36.28 GsWorker        com.ps2x.runner
14619 u0_a113      10 -10  17G 704M 456M S  3.8   9.8   0:13.13 com.ps2x.runner com.ps2x.runner
14652 u0_a113      10 -10  17G 704M 456M S  0.0   9.8   0:00.00 com.ps2x.runner com.ps2x.runner
14651 u0_a113      10 -10  17G 704M 456M S  0.0   9.8   0:00.00 com.ps2x.runner com.ps2x.runner
14648 u0_a113      20   0  17G 704M 456M S  0.0   9.8   0:00.00 InteractionJank com.ps2x.runner
14647 u0_a113      20   0  17G 704M 456M S  0.0   9.8   0:00.15 binder:14601_4  com.ps2x.runner
14642 u0_a113      10 -10  17G 704M 456M S  0.0   9.8   0:00.23 PGS-Waiter      com.ps2x.runner
14641 u0_a113      39  19  17G 704M 456M S  0.0   9.8   0:00.00 com.ps:traceq0  com.ps2x.runner
14639 u0_a113      -3 -10  17G 704M 456M S  0.0   9.8   0:00.78 AAudio_1        com.ps2x.runner
14632 u0_a113      20   0  17G 704M 456M S  0.0   9.8   0:00.23 binder:14601_4  com.ps2x.runner
14631 u0_a113      10 -10  17G 704M 456M S  0.0   9.8   0:00.00 com.ps2x.runner com.ps2x.runner
14625 u0_a113      20   0  17G 704M 456M S  0.0   9.8   0:00.00 InsetsAnimation com.ps2x.runner
14624 u0_a113      20   0  17G 704M 456M S  0.0   9.8   0:00.00 SurfaceSyncGrou com.ps2x.runner
14623 u0_a113      10 -10  17G 704M 456M S  0.0   9.8   0:00.00 VsyncReceiver   com.ps2x.runner

[02:15:03 t+  222.3] BATTERY status: 5 level: 100
[02:15:06 t+  224.8] RESTORE a8d651a7e55f7e29f1345f28f4ea634e06ae757f535e29439ab61c930bcc0ebd match=True
[02:15:06 t+  224.9] MC0-AFTER bad=[]
[02:15:06 t+  225.0] END pid-after=none disconnects=0
[02:15:06 t+  225.0] RELEASE ok=True RELEASED
