    /Applications/Xcode.app/Contents/Developer/Toolchains/XcodeDefault.xctoolchain/usr/bin/libtool -static -arch_only arm64 -D -syslibroot /Applications/Xcode.app/Contents/Developer/Platforms/iPhoneOS.platform/Developer/SDKs/iPhoneOS27.0.sdk -L/Volumes/Extreme\ SSD/ps2x-i8/ios-runtime-device/ps2xRuntime/Release-iphoneos -filelist /Volumes/Extreme\ SSD/ps2x-i8/ios-runtime-device/build/imgui.build/Release-iphoneos/Objects-normal/arm64/imgui.LinkFileList -dependency_info /Volumes/Extreme\ SSD/ps2x-i8/ios-runtime-device/build/imgui.build/Release-iphoneos/Objects-normal/arm64/imgui_libtool_dependency_info.dat -o /Volumes/Extreme\ SSD/ps2x-i8/ios-runtime-device/ps2xRuntime/Release-iphoneos/libimgui.a

Libtool /Volumes/Extreme\ SSD/ps2x-i8/ios-runtime-device/ps2xRuntime/Release-iphoneos/librlImGui.a normal (in target 'rlImGui' from project 'PS2RetroX')
    cd /Volumes/Extreme\ SSD/ps2x-i8/fork-wt
    /Applications/Xcode.app/Contents/Developer/Toolchains/XcodeDefault.xctoolchain/usr/bin/libtool -static -arch_only arm64 -D -syslibroot /Applications/Xcode.app/Contents/Developer/Platforms/iPhoneOS.platform/Developer/SDKs/iPhoneOS27.0.sdk -L/Volumes/Extreme\ SSD/ps2x-i8/ios-runtime-device/ps2xRuntime/Release-iphoneos -filelist /Volumes/Extreme\ SSD/ps2x-i8/ios-runtime-device/build/rlImGui.build/Release-iphoneos/Objects-normal/arm64/rlImGui.LinkFileList -dependency_info /Volumes/Extreme\ SSD/ps2x-i8/ios-runtime-device/build/rlImGui.build/Release-iphoneos/Objects-normal/arm64/rlImGui_libtool_dependency_info.dat -o /Volumes/Extreme\ SSD/ps2x-i8/ios-runtime-device/ps2xRuntime/Release-iphoneos/librlImGui.a

ProcessInfoPlistFile /Volumes/Extreme\ SSD/ps2x-i8/ios-runtime-device/ps2xRuntime/Release-iphoneos/ps2EntryRunner.app/Info.plist /Volumes/Extreme\ SSD/ps2x-i8/ios-runtime-device/ps2xRuntime/CMakeFiles/ps2EntryRunner.dir/Info.plist (in target 'ps2EntryRunner' from project 'PS2RetroX')
    cd /Volumes/Extreme\ SSD/ps2x-i8/fork-wt
    builtin-infoPlistUtility /Volumes/Extreme\ SSD/ps2x-i8/ios-runtime-device/ps2xRuntime/CMakeFiles/ps2EntryRunner.dir/Info.plist -producttype com.apple.product-type.application -genpkginfo /Volumes/Extreme\ SSD/ps2x-i8/ios-runtime-device/ps2xRuntime/Release-iphoneos/ps2EntryRunner.app/PkgInfo -expandbuildsettings -format binary -platform iphoneos -requiredArchitecture arm64 -o /Volumes/Extreme\ SSD/ps2x-i8/ios-runtime-device/ps2xRuntime/Release-iphoneos/ps2EntryRunner.app/Info.plist
/Volumes/Extreme SSD/ps2x-i8/ios-runtime-device/PS2RetroX.xcodeproj: warning: User-supplied CFBundleIdentifier value 'org.ps2x.ps2entryrunner' in the Info.plist must be the same as the PRODUCT_BUNDLE_IDENTIFIER build setting value ''. (in target 'ps2EntryRunner' from project 'PS2RetroX')

Ld /Volumes/Extreme\ SSD/ps2x-i8/ios-runtime-device/ps2xRuntime/Release-iphoneos/ps2EntryRunner.app/ps2EntryRunner normal (in target 'ps2EntryRunner' from project 'PS2RetroX')
    cd /Volumes/Extreme\ SSD/ps2x-i8/fork-wt
    /Applications/Xcode.app/Contents/Developer/Toolchains/XcodeDefault.xctoolchain/usr/bin/clang++ -Xlinker -reproducible -target arm64-apple-ios27.0 -isysroot /Applications/Xcode.app/Contents/Developer/Platforms/iPhoneOS.platform/Developer/SDKs/iPhoneOS27.0.sdk -O3 -Xlinker -no_warn_duplicate_libraries -L/Volumes/Extreme\ SSD/ps2x-i8/ios-runtime-device/build/EagerLinkingTBDs/Release-iphoneos -L/Volumes/Extreme\ SSD/ps2x-i8/ios-runtime-device/ps2xRuntime/Release-iphoneos -F/Volumes/Extreme\ SSD/ps2x-i8/ios-runtime-device/build/EagerLinkingTBDs/Release-iphoneos -F/Volumes/Extreme\ SSD/ps2x-i8/ios-runtime-device/ps2xRuntime/Release-iphoneos -filelist /Volumes/Extreme\ SSD/ps2x-i8/ios-runtime-device/build/ps2EntryRunner.build/Release-iphoneos/Objects-normal/arm64/ps2EntryRunner.LinkFileList -Xlinker -dead_strip -Xlinker -dependency_info -Xlinker /Volumes/Extreme\ SSD/ps2x-i8/ios-runtime-device/build/ps2EntryRunner.build/Release-iphoneos/Objects-normal/arm64/ps2EntryRunner_dependency_info.dat -Wl,-search_paths_first -Wl,-headerpad_max_install_names /Volumes/Extreme\ SSD/ps2x-i8/ios-runtime-device/ps2xRuntime/Release-iphoneos/libps2_runtime.a /Volumes/Extreme\ SSD/ps2x-i8/ios-runtime-device/ps2xRuntime/Release-iphoneos/librlImGui.a /Volumes/Extreme\ SSD/ps2x-i8/ios-runtime-device/ps2xRuntime/Release-iphoneos/libimgui.a /Volumes/Extreme\ SSD/ps2x-i8/sdl2-ios-device/lib/libSDL2main.a /Volumes/Extreme\ SSD/ps2x-i8/ios-runtime-device/ps2xIOP/Release-iphoneos/libps2_iop.a /Volumes/Extreme\ SSD/ps2x-i8/ios-runtime-device/_deps/raylib-build/raylib/Release-iphoneos/libraylib.a /Volumes/Extreme\ SSD/ps2x-i8/sdl2-ios-device/lib/libSDL2.a -lm -lpthread -framework CoreVideo -framework CoreAudio -framework AudioToolbox -framework AVFoundation -framework CoreBluetooth -framework CoreGraphics -framework Coremotion -framework Foundation -Xlinker -weak_framework -Xlinker GameController -framework Metal -framework OpenGLES -framework QuartzCore -framework UIKit -Xlinker -weak_framework -Xlinker CoreHaptics -o /Volumes/Extreme\ SSD/ps2x-i8/ios-runtime-device/ps2xRuntime/Release-iphoneos/ps2EntryRunner.app/ps2EntryRunner

RegisterExecutionPolicyException /Volumes/Extreme\ SSD/ps2x-i8/ios-runtime-device/ps2xRuntime/Release-iphoneos/ps2EntryRunner.app (in target 'ps2EntryRunner' from project 'PS2RetroX')
    cd /Volumes/Extreme\ SSD/ps2x-i8/fork-wt
    builtin-RegisterExecutionPolicyException /Volumes/Extreme\ SSD/ps2x-i8/ios-runtime-device/ps2xRuntime/Release-iphoneos/ps2EntryRunner.app

Validate /Volumes/Extreme\ SSD/ps2x-i8/ios-runtime-device/ps2xRuntime/Release-iphoneos/ps2EntryRunner.app (in target 'ps2EntryRunner' from project 'PS2RetroX')
    cd /Volumes/Extreme\ SSD/ps2x-i8/fork-wt
    builtin-validationUtility /Volumes/Extreme\ SSD/ps2x-i8/ios-runtime-device/ps2xRuntime/Release-iphoneos/ps2EntryRunner.app -shallow-bundle -infoplist-subpath Info.plist

Touch /Volumes/Extreme\ SSD/ps2x-i8/ios-runtime-device/ps2xRuntime/Release-iphoneos/ps2EntryRunner.app (in target 'ps2EntryRunner' from project 'PS2RetroX')
    cd /Volumes/Extreme\ SSD/ps2x-i8/fork-wt
    /usr/bin/touch -c /Volumes/Extreme\ SSD/ps2x-i8/ios-runtime-device/ps2xRuntime/Release-iphoneos/ps2EntryRunner.app

PhaseScriptExecution Generate\ CMakeFiles/ALL_BUILD /Volumes/Extreme\ SSD/ps2x-i8/ios-runtime-device/build/PS2RetroX.build/Release-iphoneos/ALL_BUILD.build/Script-8801B641F7ED4AAB0700CFC8.sh (in target 'ALL_BUILD' from project 'PS2RetroX')
    cd /Volumes/Extreme\ SSD/ps2x-i8/fork-wt
    /bin/sh -c /Volumes/Extreme\\\ SSD/ps2x-i8/ios-runtime-device/build/PS2RetroX.build/Release-iphoneos/ALL_BUILD.build/Script-8801B641F7ED4AAB0700CFC8.sh
Build all projects

PruneExplicitPrecompiledModules /Volumes/Extreme SSD/ps2x-i8/ios-runtime-device/build/ExplicitPrecompiledModules

PruneExplicitPrecompiledModules /Volumes/Extreme SSD/ps2x-i8/ios-runtime-device/build/SwiftExplicitPrecompiledModules

note: Run script build phase 'Generate CMakeFiles/ZERO_CHECK' will be run during every build because the option to run the script phase "Based on dependency analysis" is unchecked. (in target 'ZERO_CHECK' from project 'PS2RetroX')
note: Run script build phase 'Generate CMakeFiles/ALL_BUILD' will be run during every build because the option to run the script phase "Based on dependency analysis" is unchecked. (in target 'ALL_BUILD' from project 'PS2RetroX')
** BUILD SUCCEEDED **

