Launched application with org.ps2x.ps2entryrunner bundle identifier.
Waiting for the application to terminate…
Using argv boot path
2026-09-20 22:48:26.473 ps2EntryRunner[53762:6994923] You need UIApplicationSupportsIndirectInputEvents in your Info.plist for mouse support
INFO: Initializing raylib 5.5
INFO: Platform backend: DESKTOP (SDL)
INFO: Supported raylib modules:
INFO:     > rcore:..... loaded (mandatory)
INFO:     > rlgl:...... loaded (mandatory)
INFO:     > rshapes:... loaded (optional)
INFO:     > rtextures:. loaded (optional)
INFO:     > rtext:..... loaded (optional)
INFO:     > rmodels:... loaded (optional)
INFO:     > raudio:.... loaded (optional)
INFO: DISPLAY: Device initialized successfully
INFO:     > Display size: 440 x 956
INFO:     > Screen size:  640 x 448
INFO:     > Render size:  640 x 448
INFO:     > Viewport offsets: 0, 0
INFO: GLAD: OpenGL ES 2.0 loaded successfully
INFO: GL: Supported extensions count: 43
INFO: GL: OpenGL device information:
INFO:     > Vendor:   Apple Inc.
INFO:     > Renderer: Apple A18 Pro GPU
INFO:     > Version:  OpenGL ES 2.0 Metal - 105
INFO:     > GLSL:     OpenGL ES GLSL ES 1.00
INFO: GL: VAO extension detected, VAO functions loaded successfully
WARNING: GL: NPOT textures extension not found, limited NPOT support (no-mipmaps, no-repeat)
INFO: GL: PVRT compressed textures supported
WARNING: PLATFORM: Unable to open game controller [ERROR: Couldn't find mapping for device (0)]
INFO: PLATFORM: DESKTOP (SDL): Initialized successfully
INFO: TEXTURE: [ID 1] Texture loaded successfully (1x1 | R8G8B8A8 | 1 mipmaps)
INFO: TEXTURE: [ID 1] Default texture loaded successfully
INFO: SHADER: [ID 1] Vertex shader compiled successfully
INFO: SHADER: [ID 2] Fragment shader compiled successfully
INFO: SHADER: [ID 3] Program shader loaded successfully
INFO: SHADER: [ID 3] Default shader loaded successfully
INFO: RLGL: Render batch vertex buffers loaded successfully in RAM (CPU)
INFO: RLGL: Render batch vertex buffers loaded successfully in VRAM (GPU)
INFO: RLGL: Default OpenGL state initialized successfully
WARNING: GetWindowScaleDPI() not implemented on target platform
INFO: TEXTURE: [ID 2] Texture loaded successfully (128x128 | GRAY_ALPHA | 1 mipmaps)
INFO: FONT: Default font loaded successfully (224 glyphs)
INFO: SYSTEM: Working Directory: /private/var/containers/Bundle/Application/194F4DBB-083C-49F1-83D6-A8A5208EE7A8/ps2EntryRunner.app
INFO: AUDIO: Device initialized successfully
INFO:     > Backend:       miniaudio | Core Audio
INFO:     > Format:        32-bit IEEE Floating Point -> 32-bit IEEE Floating Point
INFO:     > Channels:      2 -> 2
INFO:     > Sample rate:   48000 -> 48000
INFO:     > Periods size:  1536
INFO: TIMER: Target time per frame: 16.667 milliseconds
Failed to open ELF file: /nonexistent-boot.elf
Failed to load ELF file: /nonexistent-boot.elf
INFO: AUDIO: Device closed successfully
INFO: TEXTURE: [ID 2] Unloaded texture data from VRAM (GPU)
INFO: SHADER: [ID 3] Default shader unloaded successfully
INFO: TEXTURE: [ID 1] Default texture unloaded successfully
INFO: Window closed successfully
2026-09-20 22:48:26.972 ps2EntryRunner[53762:6994923] Unbalanced calls to begin/end appearance transitions for <SDL_uikitviewcontroller: 0x10af04000>.
2026-09-20 22:48:26.972 ps2EntryRunner[53762:6994923] Unbalanced calls to begin/end appearance transitions for <SDL_uikitviewcontroller: 0x10af04000>.
2026-09-20 22:48:26.972 ps2EntryRunner[53762:6994923] Unbalanced calls to begin/end appearance transitions for <SDL_uikitviewcontroller: 0x10af04000>.
2026-09-20 22:48:26.972 ps2EntryRunner[53762:6994923] Unbalanced calls to begin/end appearance transitions for <SDL_uikitviewcontroller: 0x10af04000>.
2026-09-20 22:48:26.972 ps2EntryRunner[53762:6994923] Unbalanced calls to begin/end appearance transitions for <SDL_uikitviewcontroller: 0x10af04000>.
ERROR: Command timeout of 120.0 seconds exceeded. Assuming command got stuck and aborting.
