/Volumes/Extreme SSD/ps2x-i8/ios-runtime-device/ps2xRuntime/Release-iphoneos/ps2EntryRunner.app/ps2EntryRunner:
	/usr/lib/libSystem.B.dylib (compatibility version 1.0.0, current version 1359.0.0)
	/System/Library/Frameworks/CoreVideo.framework/CoreVideo (compatibility version 1.2.0, current version 758.27.0)
	/System/Library/Frameworks/CoreAudio.framework/CoreAudio (compatibility version 1.0.0, current version 1.0.0)
	/System/Library/Frameworks/AudioToolbox.framework/AudioToolbox (compatibility version 1.0.0, current version 1000.0.0)
	/System/Library/Frameworks/AVFoundation.framework/AVFoundation (compatibility version 1.0.0, current version 2.0.0)
	/System/Library/Frameworks/CoreBluetooth.framework/CoreBluetooth (compatibility version 1.0.0, current version 2700.51.1)
	/System/Library/Frameworks/CoreGraphics.framework/CoreGraphics (compatibility version 64.0.0, current version 2050.0.0)
	/System/Library/Frameworks/CoreMotion.framework/CoreMotion (compatibility version 1.0.0, current version 3185.0.6)
	/System/Library/Frameworks/Foundation.framework/Foundation (compatibility version 300.0.0, current version 5027.0.69)
	/System/Library/Frameworks/GameController.framework/GameController (compatibility version 1.0.0, current version 14.0.24, weak)
	/System/Library/Frameworks/Metal.framework/Metal (compatibility version 1.0.0, current version 382.5.3)
	/System/Library/Frameworks/OpenGLES.framework/OpenGLES (compatibility version 1.0.0, current version 1.0.0)
	/System/Library/Frameworks/QuartzCore.framework/QuartzCore (compatibility version 1.2.0, current version 1223.0.18)
	/System/Library/Frameworks/UIKit.framework/UIKit (compatibility version 1.0.0, current version 9127.0.84)
	/System/Library/Frameworks/CoreHaptics.framework/CoreHaptics (compatibility version 1.0.0, current version 1.0.0, weak)
	/usr/lib/libc++.1.dylib (compatibility version 1.0.0, current version 2200.27.0)
	/System/Library/Frameworks/AVFAudio.framework/AVFAudio (compatibility version 1.0.0, current version 1.0.0)
	/System/Library/Frameworks/CoreFoundation.framework/CoreFoundation (compatibility version 150.0.0, current version 5027.0.69)
	/usr/lib/libobjc.A.dylib (compatibility version 1.0.0, current version 228.0.0)
