[10:23:27] lease claimed: FS2 2026-09-26T14:23:28Z
[10:23:27] COOLDOWN start pre-wait to status<=1 (cap 20.0 min)
[10:23:28] PRE status=3 raw='3 53500 level: 100' elapsed=0.0min
[10:23:43] PRE status=1 raw='1 47300 level: 100' elapsed=0.3min
[10:23:43] COOLDOWN status<=1; fixed wait 180 s
[10:26:44] POST status=0 raw='0 37600 level: 100' (fixed wait done; launch when ready)
[10:26:44] COOLDOWN done: post-wait status 0, pid=none keyguard='showing=false'
[10:26:44] PRE lease="FS2 2026-09-26T14:23:28Z" keyguard="showing=false" battery=100% ac=true pid0=none
[10:26:44] PRE device-env=090cc981e9f97c9c6007b64e90afaba7ff0b495eae7ede6423bfca826fae29fe mc0-test='' mc0-bad=[]
[10:26:45] APK local sha x2 202c69745ffd2d43e02d3840e7ac4184692b48b468b755c533effbf3314309d6 202c69745ffd2d43e02d3840e7ac4184692b48b468b755c533effbf3314309d6
[10:26:48] INSTALL Performing Streamed Install Success
[10:26:48] INSTALLED /data/app/~~LW0DgfFVZHelKDjjtgLVMQ==/com.ps2x.runner-zAAAGOLF9DP4uFqr-FOuqA==/base.apk sha=202c69745ffd2d43e02d3840e7ac4184692b48b468b755c533effbf3314309d6 match=True
[10:26:48] ENV d70949884cddbeb8d4d5c24b3aeaa3e65521db0a2ca197ca24594706099b9c51  /storage/emulated/0/Android/data/com.ps2x.runner/files/ps2x.env
[10:26:48 t+    0.0] AM Starting: Intent { cmp=com.ps2x.runner/android.app.NativeActivity }
[10:26:56 t+    8.3] BACK sent (was covered: 'mCurrentFocus=Window{1107727 u0 CustomTileDetailDialog}' now: 'mCurrentFocus=Window{20bfb5d u0 NotificationShade}')
[10:26:59 t+   10.5] LAYER 'com.ps2x.runner/android.app.NativeActivity#23593' tried=['com.ps2x.runner/android.app.NativeActivity#23593']
[10:28:50 t+  122.3] SCAP sc01-tick2100-t121.png tick~5314
[10:28:51 t+  123.1] SCAP sc02-tick3000-t122.png tick~5314
[10:28:52 t+  124.1] SCAP sc03-tick4000-t123.png tick~5314
[10:28:53 t+  125.1] CPUWIN start tick=5314
[10:28:55 t+  126.4] CPUWIN end tick=5314
[10:28:55 t+  126.4] STOP tick 5314 >= 4500
[10:28:56 t+  127.5] SCAP sc04-final-t126.png tick~5314
[10:28:57 t+  128.9] THREADS
Threads: 27 total,   1 running,  26 sleeping,   0 stopped,   0 zombie
  Mem:  7342756K total,  5183112K used,  2159644K free,      656K buffers
 Swap: 10485752K total,   755188K used,  9730564K free,  2494764K cached
800%cpu 135%user   0%nice  35%sys 623%idle   0%iow   8%irq   0%sirq   0%host
  TID USER         PR  NI VIRT  RES  SHR S[%CPU] %MEM     TIME+ THREAD          PROCESS
 4178 u0_a113      10 -10  17G 728M 483M R 65.3  10.1   1:40.44 MTVU            com.ps2x.runner
 4150 u0_a113      10 -10  17G 728M 483M S 38.4  10.1   0:41.58 GsWorker        com.ps2x.runner
 4166 u0_a113      10 -10  17G 728M 483M S 23.0  10.1   0:47.28 GameThread      com.ps2x.runner
 6113 u0_a113      20   0  17G 728M 483M S  0.0  10.1   0:00.00 InteractionJank com.ps2x.runner
 6112 u0_a113      20   0  17G 728M 483M S  0.0  10.1   0:00.00 binder:4118_2   com.ps2x.runner
 6103 u0_a113      20   0  17G 728M 483M S  0.0  10.1   0:00.00 InsetsAnimation com.ps2x.runner
 4169 u0_a113      10 -10  17G 728M 483M S  0.0  10.1   0:00.10 PGS-Waiter      com.ps2x.runner
 4168 u0_a113      39  19  17G 728M 483M S  0.0  10.1   0:00.00 com.ps:traceq0  com.ps2x.runner
 4160 u0_a113      -3 -10  17G 728M 483M S  0.0  10.1   0:00.46 AAudio_1        com.ps2x.runner
 4154 u0_a113      10 -10  17G 728M 483M S  0.0  10.1   0:00.00 com.ps2x.runner com.ps2x.runner
 4153 u0_a113      20   0  17G 728M 483M S  0.0  10.1   0:00.00 SurfaceSyncGrou com.ps2x.runner
 4152 u0_a113      10 -10  17G 728M 483M S  0.0  10.1   0:00.00 VsyncReceiver   com.ps2x.runner
 4148 u0_a113      10 -10  17G 728M 483M S  0.0  10.1   0:00.06 com.ps2x.runner com.ps2x.runner
 4149 u0_a113      10 -10  17G 728M 483M S  0.0  10.1   0:00.00 com.ps2x.runner com.ps2x.runner
 4143 u0_a113      16  -4  17G 728M 483M S  0.0  10.1   0:00.00 RenderThread    com.ps2x.runner

[10:28:57 t+  129.0] BATTERY status: 5 level: 100
[10:29:00 t+  131.7] RESTORE 090cc981e9f97c9c6007b64e90afaba7ff0b495eae7ede6423bfca826fae29fe match=True
[10:29:00 t+  131.9] MC0-AFTER bad=[]
[10:29:00 t+  132.0] END pid-after=none disconnects=0
PRE lease=LEASE_FREE FS2 done pid=
CLAIMED
app-release.apk: OK
ps2x.env: OK
APK local 825b436dd2cfc9f3ee42e7ac06643623b9651df409892c6a3e25af27cc531254 825b436dd2cfc9f3ee42e7ac06643623b9651df409892c6a3e25af27cc531254
Performing Streamed Install
Success
INSTALLED /data/app/~~UnS2KbtsN2CV-DrZh2r3bQ==/com.ps2x.runner-l00q_s-ghS2XBxtdaqo18g==/base.apk 825b436dd2cfc9f3ee42e7ac06643623b9651df409892c6a3e25af27cc531254
/Users/brad/dev/ssx3-work/odin-play/ps2x.env: 1 file pushed, 0 skipped. 3.5 MB/s (785 bytes in 0.000s)
ENV 090cc981e9f97c9c6007b64e90afaba7ff0b495eae7ede6423bfca826fae29fe
OK 4bdaee79a3bd… mc0/BASLUS-20772-GAM0001/BASLUS-20772-GAM0001
OK eab225745ef6… mc0/BASLUS-20772-GAM0001/icon.sys
OK 5f8b5a9252f8… mc0/BASLUS-20772-GAM0001/ssx1.ico
OK 4a31a2d7e095… mc0/BASLUS-20772-SET0001/BASLUS-20772-SET0001
OK dddf2d9c81a1… mc0/BASLUS-20772-SET0001/icon.sys
OK 5f8b5a9252f8… mc0/BASLUS-20772-SET0001/ssx1.ico
0
RELEASED
LAUNCH_RC=0 RESTORE_RC=1
