[00:38:02] PRE lease="F6 2026-09-26T04:37:24Z" keyguard="showing=false" battery=100% ac=true pid0=none
[00:38:02] PRE device-env=a8d651a7e55f7e29f1345f28f4ea634e06ae757f535e29439ab61c930bcc0ebd mc0-test='' mc0-bad=[]
[00:38:02] APK local sha x2 f39905dbf13431cd184b2dccf4f5baef66d46c62857d9beba76aa4fb5655740a f39905dbf13431cd184b2dccf4f5baef66d46c62857d9beba76aa4fb5655740a
[00:38:05] INSTALL Performing Streamed Install Success
[00:38:06] INSTALLED /data/app/~~HYNOWuJ6wrQKNYZeNbl0_g==/com.ps2x.runner-iqevkQT1nabwO5xeK9xZnA==/base.apk sha=f39905dbf13431cd184b2dccf4f5baef66d46c62857d9beba76aa4fb5655740a match=True
[00:38:06] ENV d5decc02e4e6260eb095986b0d3edbe36c6c0830454558bba8c96fdcfc4f20a7  /storage/emulated/0/Android/data/com.ps2x.runner/files/ps2x.env
[00:38:06 t+    0.0] AM Starting: Intent { cmp=com.ps2x.runner/android.app.NativeActivity }
[00:38:12 t+    6.2] FOCUS app-foreground, no BACK ('mCurrentFocus=Window{cf1aa5c u0 com.ps2x.runner/android.app.NativeActivity}')
[00:38:15 t+    8.6] LAYER 'com.ps2x.runner/android.app.NativeActivity#19971' tried=['com.ps2x.runner/android.app.NativeActivity#19970', 'RequestedLayerState{cf1aa5c com.ps2x.runner/android.app.NativeActivity#19970 parentId=19961}', 'com.ps2x.runner/android.app.NativeActivity#19971']
[00:39:24 t+   77.6] SCAP sc01-tick2100-t77.png tick~2175
[00:40:18 t+  132.3] SCAP sc02-tick3000-t131.png tick~3043
[00:41:17 t+  191.3] SCAP sc03-tick4000-t190.png tick~4026
[00:41:48 t+  222.4] STOP tick 4578 >= 4500
[00:41:49 t+  222.8] SCAP sc04-final-t222.png tick~4578
[00:41:50 t+  224.2] THREADS
Threads: 27 total,   0 running,  27 sleeping,   0 stopped,   0 zombie
  Mem:  7342756K total,  5089340K used,  2253416K free,      544K buffers
 Swap: 10485752K total,   688216K used,  9797536K free,  2271204K cached
800%cpu  81%user   0%nice  35%sys 677%idle   0%iow   8%irq   0%sirq   0%host
  TID USER         PR  NI VIRT  RES  SHR S[%CPU] %MEM     TIME+ THREAD          PROCESS
18070 u0_a113      10 -10  17G 754M 513M S 69.2  10.5   2:26.51 GameThread      com.ps2x.runner
18051 u0_a113      10 -10  17G 754M 513M S 15.3  10.5   0:34.02 GsWorker        com.ps2x.runner
18079 u0_a113      20   0  17G 754M 513M S  0.0  10.5   0:00.00 InteractionJank com.ps2x.runner
18077 u0_a113      20   0  17G 754M 513M S  0.0  10.5   0:00.00 binder:18006_2  com.ps2x.runner
18072 u0_a113      10 -10  17G 754M 513M S  0.0  10.5   0:00.23 PGS-Waiter      com.ps2x.runner
18071 u0_a113      39  19  17G 754M 513M S  0.0  10.5   0:00.00 com.ps:traceq0  com.ps2x.runner
18068 u0_a113      -3 -10  17G 754M 513M S  0.0  10.5   0:00.79 AAudio_1        com.ps2x.runner
18062 u0_a113      10 -10  17G 754M 513M S  0.0  10.5   0:00.00 com.ps2x.runner com.ps2x.runner
18056 u0_a113      20   0  17G 754M 513M S  0.0  10.5   0:00.09 binder:18006_4  com.ps2x.runner
18055 u0_a113      20   0  17G 754M 513M S  0.0  10.5   0:00.00 InsetsAnimation com.ps2x.runner
18054 u0_a113      20   0  17G 754M 513M S  0.0  10.5   0:00.00 SurfaceSyncGrou com.ps2x.runner
18053 u0_a113      10 -10  17G 754M 513M S  0.0  10.5   0:00.00 VsyncReceiver   com.ps2x.runner
18049 u0_a113      10 -10  17G 754M 513M S  0.0  10.5   0:00.39 com.ps2x.runner com.ps2x.runner
18050 u0_a113      10 -10  17G 754M 513M S  0.0  10.5   0:00.00 com.ps2x.runner com.ps2x.runner
18047 u0_a113      16  -4  17G 754M 513M S  0.0  10.5   0:00.00 RenderThread    com.ps2x.runner

[00:41:50 t+  224.2] BATTERY status: 5 level: 100
[00:41:53 t+  227.1] RESTORE a8d651a7e55f7e29f1345f28f4ea634e06ae757f535e29439ab61c930bcc0ebd match=True
[00:41:53 t+  227.3] MC0-AFTER bad=[]
[00:41:54 t+  227.8] END pid-after=none disconnects=0
