-- The C compiler identification is Clang 23.1.1
-- The CXX compiler identification is Clang 23.1.1
-- Detecting C compiler ABI info
-- Detecting C compiler ABI info - done
-- Check for working C compiler: /Applications/Xcode.app/Contents/Developer/Toolchains/XcodeDefault.xctoolchain/usr/bin/clang - skipped
-- Detecting C compile features
-- Detecting C compile features - done
-- Detecting CXX compiler ABI info
-- Detecting CXX compiler ABI info - done
-- Check for working CXX compiler: /Applications/Xcode.app/Contents/Developer/Toolchains/XcodeDefault.xctoolchain/usr/bin/clang++ - skipped
-- Detecting CXX compile features
-- Detecting CXX compile features - done
-- ARM target detected, fetching sse2neon
-- macOS ARM64 - using default compiler flags
CMake Warning (deprecated) at /Volumes/Extreme SSD/ps2x-i4/raylib-5.5/CMakeLists.txt:1 (cmake_minimum_required):
  Compatibility with CMake < 3.10 will be removed from a future version of
  CMake.

  Update the VERSION argument <min> value.  Or, use the <min>...<max> syntax
  to tell CMake that the project requires at least <min> but has been updated
  to work with policies introduced by <max> or earlier.
This warning is for project developers.  Use -Wno-author or -Wno-deprecated
to suppress it.

-- Performing Test COMPILER_HAS_THOSE_TOGGLES
-- Performing Test COMPILER_HAS_THOSE_TOGGLES - Success
-- Testing if -Werror=pointer-arith can be used -- compiles
-- Testing if -Werror=implicit-function-declaration can be used -- compiles
-- Testing if -fno-strict-aliasing can be used -- compiles
-- Using external GLFW
-- Audio Backend: miniaudio
-- Building raylib static library
-- Generated config types: Release
-- Compiling with the flags:
--   PLATFORM=PLATFORM_DESKTOP_SDL
--   GRAPHICS=GRAPHICS_API_OPENGL_ES2
CMake Warning (author) at /opt/homebrew/share/cmake/Modules/FetchContent.cmake:1968 (message):
  Calling FetchContent_Populate(imgui) is deprecated, call
  FetchContent_MakeAvailable(imgui) instead.  Policy CMP0169 can be set to
  OLD to allow FetchContent_Populate(imgui) to be called directly for now,
  but the ability to call it with declared details will be removed completely
  in a future version.
Call Stack (most recent call first):
  ps2xRuntime/CMakeLists.txt:121 (FetchContent_Populate)
This warning is for project developers.  Use -Wno-author to suppress it.

-- Populating imgui
-- Configuring done (0.7s)
-- Generating done (0.6s)
-- Build files have been written to: /Volumes/Extreme SSD/ps2x-i6/ios-runtime-rel/_deps/imgui-subbuild
Command line invocation:
    /Applications/Xcode.app/Contents/Developer/usr/bin/xcodebuild -project imgui-populate.xcodeproj build -configuration Debug -parallelizeTargets -hideShellScriptEnvironment -target ALL_BUILD

ComputePackagePrebuildTargetDependencyGraph

CreateBuildRequest

SendProjectDescription

CreateBuildOperation

ComputeTargetDependencyGraph
note: Building targets in dependency order
note: Target dependency graph (3 targets)
    Target 'ALL_BUILD' in project 'imgui-populate'
        ➜ Explicit dependency on target 'ZERO_CHECK' in project 'imgui-populate'
        ➜ Explicit dependency on target 'imgui-populate' in project 'imgui-populate'
    Target 'imgui-populate' in project 'imgui-populate'
        ➜ Explicit dependency on target 'ZERO_CHECK' in project 'imgui-populate'
    Target 'ZERO_CHECK' in project 'imgui-populate' (no dependencies)

GatherProvisioningInputs

CreateBuildDescription

ExecuteExternalTool /opt/homebrew/opt/llvm/bin/clang -v -E -dM -isysroot /Applications/Xcode.app/Contents/Developer/Platforms/MacOSX.platform/Developer/SDKs/MacOSX27.0.sdk -x c -c /dev/null

Build description signature: 7dda2dcb8fb6635571b2ced32f20546c
Build description path: /Volumes/Extreme SSD/ps2x-i6/ios-runtime-rel/_deps/imgui-subbuild/build/XCBuildData/7dda2dcb8fb6635571b2ced32f20546c.xcbuilddata
CreateBuildDirectory /Volumes/Extreme\ SSD/ps2x-i6/ios-runtime-rel/_deps/imgui-subbuild/build
    cd /Volumes/Extreme\ SSD/ps2x-i6/ios-runtime-rel/_deps/imgui-subbuild/imgui-populate.xcodeproj
    builtin-create-build-directory /Volumes/Extreme\ SSD/ps2x-i6/ios-runtime-rel/_deps/imgui-subbuild/build

CreateBuildDirectory /var/folders/zg/v8fr50g11gg5xcmmsr57zzq00000gn/C/com.apple.DeveloperTools/27.0-27A266a/Xcode/CompilationCache.noindex
    cd /Volumes/Extreme\ SSD/ps2x-i6/ios-runtime-rel/_deps/imgui-subbuild/imgui-populate.xcodeproj
    builtin-create-build-directory /var/folders/zg/v8fr50g11gg5xcmmsr57zzq00000gn/C/com.apple.DeveloperTools/27.0-27A266a/Xcode/CompilationCache.noindex

CreateBuildDirectory /Volumes/Extreme\ SSD/ps2x-i6/ios-runtime-rel/_deps/imgui-subbuild/build/Debug
    cd /Volumes/Extreme\ SSD/ps2x-i6/ios-runtime-rel/_deps/imgui-subbuild/imgui-populate.xcodeproj
    builtin-create-build-directory /Volumes/Extreme\ SSD/ps2x-i6/ios-runtime-rel/_deps/imgui-subbuild/build/Debug

CreateBuildDirectory /Volumes/Extreme\ SSD/ps2x-i6/ios-runtime-rel/_deps/imgui-subbuild/build/SwiftExplicitPrecompiledModules
    cd /Volumes/Extreme\ SSD/ps2x-i6/ios-runtime-rel/_deps/imgui-subbuild/imgui-populate.xcodeproj
    builtin-create-build-directory /Volumes/Extreme\ SSD/ps2x-i6/ios-runtime-rel/_deps/imgui-subbuild/build/SwiftExplicitPrecompiledModules

CreateBuildDirectory /Volumes/Extreme\ SSD/ps2x-i6/ios-runtime-rel/_deps/imgui-subbuild/build/ExplicitPrecompiledModules
    cd /Volumes/Extreme\ SSD/ps2x-i6/ios-runtime-rel/_deps/imgui-subbuild/imgui-populate.xcodeproj
    builtin-create-build-directory /Volumes/Extreme\ SSD/ps2x-i6/ios-runtime-rel/_deps/imgui-subbuild/build/ExplicitPrecompiledModules

CreateBuildDirectory /Volumes/Extreme\ SSD/ps2x-i6/ios-runtime-rel/_deps/imgui-subbuild/build/SharedPrecompiledHeaders
    cd /Volumes/Extreme\ SSD/ps2x-i6/ios-runtime-rel/_deps/imgui-subbuild/imgui-populate.xcodeproj
    builtin-create-build-directory /Volumes/Extreme\ SSD/ps2x-i6/ios-runtime-rel/_deps/imgui-subbuild/build/SharedPrecompiledHeaders

WriteAuxiliaryFile /Volumes/Extreme\ SSD/ps2x-i6/ios-runtime-rel/_deps/imgui-subbuild/build/imgui-populate.build/Debug/imgui-populate.build/Script-E53A13803274BFA70E682E64.sh (in target 'imgui-populate' from project 'imgui-populate')
    cd /Volumes/Extreme\ SSD/ps2x-i6/ios-runtime-rel/_deps/imgui-subbuild
    write-file /Volumes/Extreme\ SSD/ps2x-i6/ios-runtime-rel/_deps/imgui-subbuild/build/imgui-populate.build/Debug/imgui-populate.build/Script-E53A13803274BFA70E682E64.sh

CreateBuildDirectory /Volumes/Extreme\ SSD/ps2x-i6/ios-runtime-rel/_deps/imgui-subbuild/build/EagerLinkingTBDs/Debug
    cd /Volumes/Extreme\ SSD/ps2x-i6/ios-runtime-rel/_deps/imgui-subbuild/imgui-populate.xcodeproj
    builtin-create-build-directory /Volumes/Extreme\ SSD/ps2x-i6/ios-runtime-rel/_deps/imgui-subbuild/build/EagerLinkingTBDs/Debug

WriteAuxiliaryFile /Volumes/Extreme\ SSD/ps2x-i6/ios-runtime-rel/_deps/imgui-subbuild/build/imgui-populate.build/Debug/imgui-populate.build/Script-C7222623CF177DF66A8A0199.sh (in target 'imgui-populate' from project 'imgui-populate')
    cd /Volumes/Extreme\ SSD/ps2x-i6/ios-runtime-rel/_deps/imgui-subbuild
    write-file /Volumes/Extreme\ SSD/ps2x-i6/ios-runtime-rel/_deps/imgui-subbuild/build/imgui-populate.build/Debug/imgui-populate.build/Script-C7222623CF177DF66A8A0199.sh

WriteAuxiliaryFile /Volumes/Extreme\ SSD/ps2x-i6/ios-runtime-rel/_deps/imgui-subbuild/build/imgui-populate.build/Debug/imgui-populate.build/Script-A42D980B95AA76BC8EE0B835.sh (in target 'imgui-populate' from project 'imgui-populate')
    cd /Volumes/Extreme\ SSD/ps2x-i6/ios-runtime-rel/_deps/imgui-subbuild
    write-file /Volumes/Extreme\ SSD/ps2x-i6/ios-runtime-rel/_deps/imgui-subbuild/build/imgui-populate.build/Debug/imgui-populate.build/Script-A42D980B95AA76BC8EE0B835.sh

WriteAuxiliaryFile /Volumes/Extreme\ SSD/ps2x-i6/ios-runtime-rel/_deps/imgui-subbuild/build/imgui-populate.build/Debug/imgui-populate.build/Script-E884C06C048D3B8B5D64E892.sh (in target 'imgui-populate' from project 'imgui-populate')
    cd /Volumes/Extreme\ SSD/ps2x-i6/ios-runtime-rel/_deps/imgui-subbuild
    write-file /Volumes/Extreme\ SSD/ps2x-i6/ios-runtime-rel/_deps/imgui-subbuild/build/imgui-populate.build/Debug/imgui-populate.build/Script-E884C06C048D3B8B5D64E892.sh

WriteAuxiliaryFile /Volumes/Extreme\ SSD/ps2x-i6/ios-runtime-rel/_deps/imgui-subbuild/build/imgui-populate.build/Debug/ZERO_CHECK.build/Script-8EEB29EFA773563B76634808.sh (in target 'ZERO_CHECK' from project 'imgui-populate')
    cd /Volumes/Extreme\ SSD/ps2x-i6/ios-runtime-rel/_deps/imgui-subbuild
    write-file /Volumes/Extreme\ SSD/ps2x-i6/ios-runtime-rel/_deps/imgui-subbuild/build/imgui-populate.build/Debug/ZERO_CHECK.build/Script-8EEB29EFA773563B76634808.sh

WriteAuxiliaryFile /Volumes/Extreme\ SSD/ps2x-i6/ios-runtime-rel/_deps/imgui-subbuild/build/imgui-populate.build/Debug/imgui-populate.build/Script-63C0DD5F8609D719909043E5.sh (in target 'imgui-populate' from project 'imgui-populate')
    cd /Volumes/Extreme\ SSD/ps2x-i6/ios-runtime-rel/_deps/imgui-subbuild
    write-file /Volumes/Extreme\ SSD/ps2x-i6/ios-runtime-rel/_deps/imgui-subbuild/build/imgui-populate.build/Debug/imgui-populate.build/Script-63C0DD5F8609D719909043E5.sh

WriteAuxiliaryFile /Volumes/Extreme\ SSD/ps2x-i6/ios-runtime-rel/_deps/imgui-subbuild/build/imgui-populate.build/Debug/imgui-populate.build/Script-4FED716A8707A5657DB32BAE.sh (in target 'imgui-populate' from project 'imgui-populate')
    cd /Volumes/Extreme\ SSD/ps2x-i6/ios-runtime-rel/_deps/imgui-subbuild
    write-file /Volumes/Extreme\ SSD/ps2x-i6/ios-runtime-rel/_deps/imgui-subbuild/build/imgui-populate.build/Debug/imgui-populate.build/Script-4FED716A8707A5657DB32BAE.sh

WriteAuxiliaryFile /Volumes/Extreme\ SSD/ps2x-i6/ios-runtime-rel/_deps/imgui-subbuild/build/imgui-populate.build/Debug/imgui-populate.build/Script-37CFA5B1C85B0B89778C0E5D.sh (in target 'imgui-populate' from project 'imgui-populate')
    cd /Volumes/Extreme\ SSD/ps2x-i6/ios-runtime-rel/_deps/imgui-subbuild
    write-file /Volumes/Extreme\ SSD/ps2x-i6/ios-runtime-rel/_deps/imgui-subbuild/build/imgui-populate.build/Debug/imgui-populate.build/Script-37CFA5B1C85B0B89778C0E5D.sh

WriteAuxiliaryFile /Volumes/Extreme\ SSD/ps2x-i6/ios-runtime-rel/_deps/imgui-subbuild/build/imgui-populate.build/Debug/imgui-populate.build/Script-1E1528E49B03BEB50A28A943.sh (in target 'imgui-populate' from project 'imgui-populate')
    cd /Volumes/Extreme\ SSD/ps2x-i6/ios-runtime-rel/_deps/imgui-subbuild
    write-file /Volumes/Extreme\ SSD/ps2x-i6/ios-runtime-rel/_deps/imgui-subbuild/build/imgui-populate.build/Debug/imgui-populate.build/Script-1E1528E49B03BEB50A28A943.sh

WriteAuxiliaryFile /Volumes/Extreme\ SSD/ps2x-i6/ios-runtime-rel/_deps/imgui-subbuild/build/imgui-populate.build/Debug/imgui-populate.build/Script-128AC8B50E821176D6CB53FC.sh (in target 'imgui-populate' from project 'imgui-populate')
    cd /Volumes/Extreme\ SSD/ps2x-i6/ios-runtime-rel/_deps/imgui-subbuild
    write-file /Volumes/Extreme\ SSD/ps2x-i6/ios-runtime-rel/_deps/imgui-subbuild/build/imgui-populate.build/Debug/imgui-populate.build/Script-128AC8B50E821176D6CB53FC.sh

WriteAuxiliaryFile /Volumes/Extreme\ SSD/ps2x-i6/ios-runtime-rel/_deps/imgui-subbuild/build/imgui-populate.build/Debug/imgui-populate.build/Script-05F3AE5233E6873D7491BEAC.sh (in target 'imgui-populate' from project 'imgui-populate')
    cd /Volumes/Extreme\ SSD/ps2x-i6/ios-runtime-rel/_deps/imgui-subbuild
    write-file /Volumes/Extreme\ SSD/ps2x-i6/ios-runtime-rel/_deps/imgui-subbuild/build/imgui-populate.build/Debug/imgui-populate.build/Script-05F3AE5233E6873D7491BEAC.sh

PhaseScriptExecution Generate\ CMakeFiles/ZERO_CHECK /Volumes/Extreme\ SSD/ps2x-i6/ios-runtime-rel/_deps/imgui-subbuild/build/imgui-populate.build/Debug/ZERO_CHECK.build/Script-8EEB29EFA773563B76634808.sh (in target 'ZERO_CHECK' from project 'imgui-populate')
    cd /Volumes/Extreme\ SSD/ps2x-i6/ios-runtime-rel/_deps/imgui-subbuild
    /bin/sh -c /Volumes/Extreme\\\ SSD/ps2x-i6/ios-runtime-rel/_deps/imgui-subbuild/build/imgui-populate.build/Debug/ZERO_CHECK.build/Script-8EEB29EFA773563B76634808.sh
make: `/Volumes/Extreme SSD/ps2x-i6/ios-runtime-rel/_deps/imgui-subbuild/CMakeFiles/cmake.check_cache' is up to date.

WriteAuxiliaryFile /Volumes/Extreme\ SSD/ps2x-i6/ios-runtime-rel/_deps/imgui-subbuild/build/imgui-populate.build/Debug/ALL_BUILD.build/Script-8F0EB92676D2FBEF58BE428A.sh (in target 'ALL_BUILD' from project 'imgui-populate')
    cd /Volumes/Extreme\ SSD/ps2x-i6/ios-runtime-rel/_deps/imgui-subbuild
    write-file /Volumes/Extreme\ SSD/ps2x-i6/ios-runtime-rel/_deps/imgui-subbuild/build/imgui-populate.build/Debug/ALL_BUILD.build/Script-8F0EB92676D2FBEF58BE428A.sh

PhaseScriptExecution Generate\ imgui-populate-prefix/src/imgui-populate-stamp/$(CONFIGURATION)$(EFFECTIVE_PLATFORM_NAME)/imgui-populate-mkdir /Volumes/Extreme\ SSD/ps2x-i6/ios-runtime-rel/_deps/imgui-subbuild/build/imgui-populate.build/Debug/imgui-populate.build/Script-128AC8B50E821176D6CB53FC.sh (in target 'imgui-populate' from project 'imgui-populate')
    cd /Volumes/Extreme\ SSD/ps2x-i6/ios-runtime-rel/_deps/imgui-subbuild
    /bin/sh -c /Volumes/Extreme\\\ SSD/ps2x-i6/ios-runtime-rel/_deps/imgui-subbuild/build/imgui-populate.build/Debug/imgui-populate.build/Script-128AC8B50E821176D6CB53FC.sh

PhaseScriptExecution Generate\ imgui-populate-prefix/src/imgui-populate-stamp/$(CONFIGURATION)$(EFFECTIVE_PLATFORM_NAME)/imgui-populate-download /Volumes/Extreme\ SSD/ps2x-i6/ios-runtime-rel/_deps/imgui-subbuild/build/imgui-populate.build/Debug/imgui-populate.build/Script-63C0DD5F8609D719909043E5.sh (in target 'imgui-populate' from project 'imgui-populate')
    cd /Volumes/Extreme\ SSD/ps2x-i6/ios-runtime-rel/_deps/imgui-subbuild
    /bin/sh -c /Volumes/Extreme\\\ SSD/ps2x-i6/ios-runtime-rel/_deps/imgui-subbuild/build/imgui-populate.build/Debug/imgui-populate.build/Script-63C0DD5F8609D719909043E5.sh
Cloning into 'imgui-src'...
error: non-monotonic index .git/objects/pack/._pack-a2f0953ce635a14b5e2338a4ed6f259e9a467dbb.idx
error: non-monotonic index .git/objects/pack/._pack-a2f0953ce635a14b5e2338a4ed6f259e9a467dbb.idx
HEAD is now at b1bcb12 Merge branch 'master' into docking
Command PhaseScriptExecution emitted errors but did not return a nonzero exit code to indicate failure

PhaseScriptExecution Generate\ imgui-populate-prefix/src/imgui-populate-stamp/$(CONFIGURATION)$(EFFECTIVE_PLATFORM_NAME)/imgui-populate-update /Volumes/Extreme\ SSD/ps2x-i6/ios-runtime-rel/_deps/imgui-subbuild/build/imgui-populate.build/Debug/imgui-populate.build/Script-05F3AE5233E6873D7491BEAC.sh (in target 'imgui-populate' from project 'imgui-populate')
    cd /Volumes/Extreme\ SSD/ps2x-i6/ios-runtime-rel/_deps/imgui-subbuild
    /bin/sh -c /Volumes/Extreme\\\ SSD/ps2x-i6/ios-runtime-rel/_deps/imgui-subbuild/build/imgui-populate.build/Debug/imgui-populate.build/Script-05F3AE5233E6873D7491BEAC.sh
-- Already at requested tag: v1.92.7-docking

PhaseScriptExecution Generate\ imgui-populate-prefix/src/imgui-populate-stamp/$(CONFIGURATION)$(EFFECTIVE_PLATFORM_NAME)/imgui-populate-patch /Volumes/Extreme\ SSD/ps2x-i6/ios-runtime-rel/_deps/imgui-subbuild/build/imgui-populate.build/Debug/imgui-populate.build/Script-E53A13803274BFA70E682E64.sh (in target 'imgui-populate' from project 'imgui-populate')
    cd /Volumes/Extreme\ SSD/ps2x-i6/ios-runtime-rel/_deps/imgui-subbuild
    /bin/sh -c /Volumes/Extreme\\\ SSD/ps2x-i6/ios-runtime-rel/_deps/imgui-subbuild/build/imgui-populate.build/Debug/imgui-populate.build/Script-E53A13803274BFA70E682E64.sh

PhaseScriptExecution Generate\ imgui-populate-prefix/src/imgui-populate-stamp/$(CONFIGURATION)$(EFFECTIVE_PLATFORM_NAME)/imgui-populate-configure /Volumes/Extreme\ SSD/ps2x-i6/ios-runtime-rel/_deps/imgui-subbuild/build/imgui-populate.build/Debug/imgui-populate.build/Script-A42D980B95AA76BC8EE0B835.sh (in target 'imgui-populate' from project 'imgui-populate')
    cd /Volumes/Extreme\ SSD/ps2x-i6/ios-runtime-rel/_deps/imgui-subbuild
    /bin/sh -c /Volumes/Extreme\\\ SSD/ps2x-i6/ios-runtime-rel/_deps/imgui-subbuild/build/imgui-populate.build/Debug/imgui-populate.build/Script-A42D980B95AA76BC8EE0B835.sh

PhaseScriptExecution Generate\ imgui-populate-prefix/src/imgui-populate-stamp/$(CONFIGURATION)$(EFFECTIVE_PLATFORM_NAME)/imgui-populate-build /Volumes/Extreme\ SSD/ps2x-i6/ios-runtime-rel/_deps/imgui-subbuild/build/imgui-populate.build/Debug/imgui-populate.build/Script-1E1528E49B03BEB50A28A943.sh (in target 'imgui-populate' from project 'imgui-populate')
    cd /Volumes/Extreme\ SSD/ps2x-i6/ios-runtime-rel/_deps/imgui-subbuild
    /bin/sh -c /Volumes/Extreme\\\ SSD/ps2x-i6/ios-runtime-rel/_deps/imgui-subbuild/build/imgui-populate.build/Debug/imgui-populate.build/Script-1E1528E49B03BEB50A28A943.sh

PhaseScriptExecution Generate\ imgui-populate-prefix/src/imgui-populate-stamp/$(CONFIGURATION)$(EFFECTIVE_PLATFORM_NAME)/imgui-populate-install /Volumes/Extreme\ SSD/ps2x-i6/ios-runtime-rel/_deps/imgui-subbuild/build/imgui-populate.build/Debug/imgui-populate.build/Script-37CFA5B1C85B0B89778C0E5D.sh (in target 'imgui-populate' from project 'imgui-populate')
    cd /Volumes/Extreme\ SSD/ps2x-i6/ios-runtime-rel/_deps/imgui-subbuild
    /bin/sh -c /Volumes/Extreme\\\ SSD/ps2x-i6/ios-runtime-rel/_deps/imgui-subbuild/build/imgui-populate.build/Debug/imgui-populate.build/Script-37CFA5B1C85B0B89778C0E5D.sh

PhaseScriptExecution Generate\ imgui-populate-prefix/src/imgui-populate-stamp/$(CONFIGURATION)$(EFFECTIVE_PLATFORM_NAME)/imgui-populate-test /Volumes/Extreme\ SSD/ps2x-i6/ios-runtime-rel/_deps/imgui-subbuild/build/imgui-populate.build/Debug/imgui-populate.build/Script-E884C06C048D3B8B5D64E892.sh (in target 'imgui-populate' from project 'imgui-populate')
    cd /Volumes/Extreme\ SSD/ps2x-i6/ios-runtime-rel/_deps/imgui-subbuild
    /bin/sh -c /Volumes/Extreme\\\ SSD/ps2x-i6/ios-runtime-rel/_deps/imgui-subbuild/build/imgui-populate.build/Debug/imgui-populate.build/Script-E884C06C048D3B8B5D64E892.sh

PhaseScriptExecution Generate\ CMakeFiles/$(CONFIGURATION)$(EFFECTIVE_PLATFORM_NAME)/imgui-populate-complete /Volumes/Extreme\ SSD/ps2x-i6/ios-runtime-rel/_deps/imgui-subbuild/build/imgui-populate.build/Debug/imgui-populate.build/Script-C7222623CF177DF66A8A0199.sh (in target 'imgui-populate' from project 'imgui-populate')
    cd /Volumes/Extreme\ SSD/ps2x-i6/ios-runtime-rel/_deps/imgui-subbuild
    /bin/sh -c /Volumes/Extreme\\\ SSD/ps2x-i6/ios-runtime-rel/_deps/imgui-subbuild/build/imgui-populate.build/Debug/imgui-populate.build/Script-C7222623CF177DF66A8A0199.sh

PhaseScriptExecution Generate\ CMakeFiles/imgui-populate /Volumes/Extreme\ SSD/ps2x-i6/ios-runtime-rel/_deps/imgui-subbuild/build/imgui-populate.build/Debug/imgui-populate.build/Script-4FED716A8707A5657DB32BAE.sh (in target 'imgui-populate' from project 'imgui-populate')
    cd /Volumes/Extreme\ SSD/ps2x-i6/ios-runtime-rel/_deps/imgui-subbuild
    /bin/sh -c /Volumes/Extreme\\\ SSD/ps2x-i6/ios-runtime-rel/_deps/imgui-subbuild/build/imgui-populate.build/Debug/imgui-populate.build/Script-4FED716A8707A5657DB32BAE.sh

PhaseScriptExecution Generate\ CMakeFiles/ALL_BUILD /Volumes/Extreme\ SSD/ps2x-i6/ios-runtime-rel/_deps/imgui-subbuild/build/imgui-populate.build/Debug/ALL_BUILD.build/Script-8F0EB92676D2FBEF58BE428A.sh (in target 'ALL_BUILD' from project 'imgui-populate')
    cd /Volumes/Extreme\ SSD/ps2x-i6/ios-runtime-rel/_deps/imgui-subbuild
    /bin/sh -c /Volumes/Extreme\\\ SSD/ps2x-i6/ios-runtime-rel/_deps/imgui-subbuild/build/imgui-populate.build/Debug/ALL_BUILD.build/Script-8F0EB92676D2FBEF58BE428A.sh
Build all projects

PruneExplicitPrecompiledModules /Volumes/Extreme SSD/ps2x-i6/ios-runtime-rel/_deps/imgui-subbuild/build/SwiftExplicitPrecompiledModules

PruneExplicitPrecompiledModules /Volumes/Extreme SSD/ps2x-i6/ios-runtime-rel/_deps/imgui-subbuild/build/ExplicitPrecompiledModules

note: Run script build phase 'Generate imgui-populate-prefix/src/imgui-populate-stamp/$(CONFIGURATION)$(EFFECTIVE_PLATFORM_NAME)/imgui-populate-update' will be run during every build because the option to run the script phase "Based on dependency analysis" is unchecked. (in target 'imgui-populate' from project 'imgui-populate')
note: Run script build phase 'Generate imgui-populate-prefix/src/imgui-populate-stamp/$(CONFIGURATION)$(EFFECTIVE_PLATFORM_NAME)/imgui-populate-patch' will be run during every build because the option to run the script phase "Based on dependency analysis" is unchecked. (in target 'imgui-populate' from project 'imgui-populate')
note: Run script build phase 'Generate CMakeFiles/$(CONFIGURATION)$(EFFECTIVE_PLATFORM_NAME)/imgui-populate-complete' will be run during every build because the option to run the script phase "Based on dependency analysis" is unchecked. (in target 'imgui-populate' from project 'imgui-populate')
note: Run script build phase 'Generate CMakeFiles/imgui-populate' will be run during every build because the option to run the script phase "Based on dependency analysis" is unchecked. (in target 'imgui-populate' from project 'imgui-populate')
note: Run script build phase 'Generate CMakeFiles/ZERO_CHECK' will be run during every build because the option to run the script phase "Based on dependency analysis" is unchecked. (in target 'ZERO_CHECK' from project 'imgui-populate')
note: Run script build phase 'Generate CMakeFiles/ALL_BUILD' will be run during every build because the option to run the script phase "Based on dependency analysis" is unchecked. (in target 'ALL_BUILD' from project 'imgui-populate')
** BUILD SUCCEEDED **

CMake Warning (author) at /opt/homebrew/share/cmake/Modules/FetchContent.cmake:1968 (message):
  Calling FetchContent_Populate(rlImGui) is deprecated, call
  FetchContent_MakeAvailable(rlImGui) instead.  Policy CMP0169 can be set to
  OLD to allow FetchContent_Populate(rlImGui) to be called directly for now,
  but the ability to call it with declared details will be removed completely
  in a future version.
Call Stack (most recent call first):
  ps2xRuntime/CMakeLists.txt:144 (FetchContent_Populate)
This warning is for project developers.  Use -Wno-author to suppress it.

-- Populating rlimgui
-- Configuring done (0.6s)
-- Generating done (0.5s)
-- Build files have been written to: /Volumes/Extreme SSD/ps2x-i6/ios-runtime-rel/_deps/rlimgui-subbuild
Command line invocation:
    /Applications/Xcode.app/Contents/Developer/usr/bin/xcodebuild -project rlimgui-populate.xcodeproj build -configuration Debug -parallelizeTargets -hideShellScriptEnvironment -target ALL_BUILD

ComputePackagePrebuildTargetDependencyGraph

CreateBuildRequest

SendProjectDescription

CreateBuildOperation

ComputeTargetDependencyGraph
note: Building targets in dependency order
note: Target dependency graph (3 targets)
    Target 'ALL_BUILD' in project 'rlimgui-populate'
        ➜ Explicit dependency on target 'rlimgui-populate' in project 'rlimgui-populate'
        ➜ Explicit dependency on target 'ZERO_CHECK' in project 'rlimgui-populate'
    Target 'rlimgui-populate' in project 'rlimgui-populate'
        ➜ Explicit dependency on target 'ZERO_CHECK' in project 'rlimgui-populate'
    Target 'ZERO_CHECK' in project 'rlimgui-populate' (no dependencies)

GatherProvisioningInputs

CreateBuildDescription

ExecuteExternalTool /opt/homebrew/opt/llvm/bin/clang -v -E -dM -isysroot /Applications/Xcode.app/Contents/Developer/Platforms/MacOSX.platform/Developer/SDKs/MacOSX27.0.sdk -x c -c /dev/null

Build description signature: 5353da091c445e98c1f297e1c5566003
Build description path: /Volumes/Extreme SSD/ps2x-i6/ios-runtime-rel/_deps/rlimgui-subbuild/build/XCBuildData/5353da091c445e98c1f297e1c5566003.xcbuilddata
CreateBuildDirectory /Volumes/Extreme\ SSD/ps2x-i6/ios-runtime-rel/_deps/rlimgui-subbuild/build
    cd /Volumes/Extreme\ SSD/ps2x-i6/ios-runtime-rel/_deps/rlimgui-subbuild/rlimgui-populate.xcodeproj
    builtin-create-build-directory /Volumes/Extreme\ SSD/ps2x-i6/ios-runtime-rel/_deps/rlimgui-subbuild/build

CreateBuildDirectory /var/folders/zg/v8fr50g11gg5xcmmsr57zzq00000gn/C/com.apple.DeveloperTools/27.0-27A266a/Xcode/CompilationCache.noindex
    cd /Volumes/Extreme\ SSD/ps2x-i6/ios-runtime-rel/_deps/rlimgui-subbuild/rlimgui-populate.xcodeproj
    builtin-create-build-directory /var/folders/zg/v8fr50g11gg5xcmmsr57zzq00000gn/C/com.apple.DeveloperTools/27.0-27A266a/Xcode/CompilationCache.noindex

CreateBuildDirectory /Volumes/Extreme\ SSD/ps2x-i6/ios-runtime-rel/_deps/rlimgui-subbuild/build/Debug
    cd /Volumes/Extreme\ SSD/ps2x-i6/ios-runtime-rel/_deps/rlimgui-subbuild/rlimgui-populate.xcodeproj
    builtin-create-build-directory /Volumes/Extreme\ SSD/ps2x-i6/ios-runtime-rel/_deps/rlimgui-subbuild/build/Debug

CreateBuildDirectory /Volumes/Extreme\ SSD/ps2x-i6/ios-runtime-rel/_deps/rlimgui-subbuild/build/SharedPrecompiledHeaders
    cd /Volumes/Extreme\ SSD/ps2x-i6/ios-runtime-rel/_deps/rlimgui-subbuild/rlimgui-populate.xcodeproj
    builtin-create-build-directory /Volumes/Extreme\ SSD/ps2x-i6/ios-runtime-rel/_deps/rlimgui-subbuild/build/SharedPrecompiledHeaders

CreateBuildDirectory /Volumes/Extreme\ SSD/ps2x-i6/ios-runtime-rel/_deps/rlimgui-subbuild/build/ExplicitPrecompiledModules
    cd /Volumes/Extreme\ SSD/ps2x-i6/ios-runtime-rel/_deps/rlimgui-subbuild/rlimgui-populate.xcodeproj
    builtin-create-build-directory /Volumes/Extreme\ SSD/ps2x-i6/ios-runtime-rel/_deps/rlimgui-subbuild/build/ExplicitPrecompiledModules

CreateBuildDirectory /Volumes/Extreme\ SSD/ps2x-i6/ios-runtime-rel/_deps/rlimgui-subbuild/build/SwiftExplicitPrecompiledModules
    cd /Volumes/Extreme\ SSD/ps2x-i6/ios-runtime-rel/_deps/rlimgui-subbuild/rlimgui-populate.xcodeproj
    builtin-create-build-directory /Volumes/Extreme\ SSD/ps2x-i6/ios-runtime-rel/_deps/rlimgui-subbuild/build/SwiftExplicitPrecompiledModules

CreateBuildDirectory /Volumes/Extreme\ SSD/ps2x-i6/ios-runtime-rel/_deps/rlimgui-subbuild/build/EagerLinkingTBDs/Debug
    cd /Volumes/Extreme\ SSD/ps2x-i6/ios-runtime-rel/_deps/rlimgui-subbuild/rlimgui-populate.xcodeproj
    builtin-create-build-directory /Volumes/Extreme\ SSD/ps2x-i6/ios-runtime-rel/_deps/rlimgui-subbuild/build/EagerLinkingTBDs/Debug

WriteAuxiliaryFile /Volumes/Extreme\ SSD/ps2x-i6/ios-runtime-rel/_deps/rlimgui-subbuild/build/rlimgui-populate.build/Debug/rlimgui-populate.build/Script-F4285BF14C878DB42EBC7382.sh (in target 'rlimgui-populate' from project 'rlimgui-populate')
    cd /Volumes/Extreme\ SSD/ps2x-i6/ios-runtime-rel/_deps/rlimgui-subbuild
    write-file /Volumes/Extreme\ SSD/ps2x-i6/ios-runtime-rel/_deps/rlimgui-subbuild/build/rlimgui-populate.build/Debug/rlimgui-populate.build/Script-F4285BF14C878DB42EBC7382.sh

WriteAuxiliaryFile /Volumes/Extreme\ SSD/ps2x-i6/ios-runtime-rel/_deps/rlimgui-subbuild/build/rlimgui-populate.build/Debug/rlimgui-populate.build/Script-E6287D97CB17CF0542AB1482.sh (in target 'rlimgui-populate' from project 'rlimgui-populate')
    cd /Volumes/Extreme\ SSD/ps2x-i6/ios-runtime-rel/_deps/rlimgui-subbuild
    write-file /Volumes/Extreme\ SSD/ps2x-i6/ios-runtime-rel/_deps/rlimgui-subbuild/build/rlimgui-populate.build/Debug/rlimgui-populate.build/Script-E6287D97CB17CF0542AB1482.sh

WriteAuxiliaryFile /Volumes/Extreme\ SSD/ps2x-i6/ios-runtime-rel/_deps/rlimgui-subbuild/build/rlimgui-populate.build/Debug/rlimgui-populate.build/Script-E1ABE180B411A558AB0460D2.sh (in target 'rlimgui-populate' from project 'rlimgui-populate')
    cd /Volumes/Extreme\ SSD/ps2x-i6/ios-runtime-rel/_deps/rlimgui-subbuild
    write-file /Volumes/Extreme\ SSD/ps2x-i6/ios-runtime-rel/_deps/rlimgui-subbuild/build/rlimgui-populate.build/Debug/rlimgui-populate.build/Script-E1ABE180B411A558AB0460D2.sh

WriteAuxiliaryFile /Volumes/Extreme\ SSD/ps2x-i6/ios-runtime-rel/_deps/rlimgui-subbuild/build/rlimgui-populate.build/Debug/rlimgui-populate.build/Script-F951AED3FC8402978688E390.sh (in target 'rlimgui-populate' from project 'rlimgui-populate')
    cd /Volumes/Extreme\ SSD/ps2x-i6/ios-runtime-rel/_deps/rlimgui-subbuild
    write-file /Volumes/Extreme\ SSD/ps2x-i6/ios-runtime-rel/_deps/rlimgui-subbuild/build/rlimgui-populate.build/Debug/rlimgui-populate.build/Script-F951AED3FC8402978688E390.sh

WriteAuxiliaryFile /Volumes/Extreme\ SSD/ps2x-i6/ios-runtime-rel/_deps/rlimgui-subbuild/build/rlimgui-populate.build/Debug/ZERO_CHECK.build/Script-FB28801873E709A34335FD77.sh (in target 'ZERO_CHECK' from project 'rlimgui-populate')
    cd /Volumes/Extreme\ SSD/ps2x-i6/ios-runtime-rel/_deps/rlimgui-subbuild
    write-file /Volumes/Extreme\ SSD/ps2x-i6/ios-runtime-rel/_deps/rlimgui-subbuild/build/rlimgui-populate.build/Debug/ZERO_CHECK.build/Script-FB28801873E709A34335FD77.sh

WriteAuxiliaryFile /Volumes/Extreme\ SSD/ps2x-i6/ios-runtime-rel/_deps/rlimgui-subbuild/build/rlimgui-populate.build/Debug/rlimgui-populate.build/Script-E199B8876964CD75C40571E1.sh (in target 'rlimgui-populate' from project 'rlimgui-populate')
    cd /Volumes/Extreme\ SSD/ps2x-i6/ios-runtime-rel/_deps/rlimgui-subbuild
    write-file /Volumes/Extreme\ SSD/ps2x-i6/ios-runtime-rel/_deps/rlimgui-subbuild/build/rlimgui-populate.build/Debug/rlimgui-populate.build/Script-E199B8876964CD75C40571E1.sh

WriteAuxiliaryFile /Volumes/Extreme\ SSD/ps2x-i6/ios-runtime-rel/_deps/rlimgui-subbuild/build/rlimgui-populate.build/Debug/rlimgui-populate.build/Script-DE8DF6C8849EBAEAB23B4B30.sh (in target 'rlimgui-populate' from project 'rlimgui-populate')
    cd /Volumes/Extreme\ SSD/ps2x-i6/ios-runtime-rel/_deps/rlimgui-subbuild
    write-file /Volumes/Extreme\ SSD/ps2x-i6/ios-runtime-rel/_deps/rlimgui-subbuild/build/rlimgui-populate.build/Debug/rlimgui-populate.build/Script-DE8DF6C8849EBAEAB23B4B30.sh

WriteAuxiliaryFile /Volumes/Extreme\ SSD/ps2x-i6/ios-runtime-rel/_deps/rlimgui-subbuild/build/rlimgui-populate.build/Debug/rlimgui-populate.build/Script-9FB477FA8B7CF28E1EB5DDF6.sh (in target 'rlimgui-populate' from project 'rlimgui-populate')
    cd /Volumes/Extreme\ SSD/ps2x-i6/ios-runtime-rel/_deps/rlimgui-subbuild
    write-file /Volumes/Extreme\ SSD/ps2x-i6/ios-runtime-rel/_deps/rlimgui-subbuild/build/rlimgui-populate.build/Debug/rlimgui-populate.build/Script-9FB477FA8B7CF28E1EB5DDF6.sh

WriteAuxiliaryFile /Volumes/Extreme\ SSD/ps2x-i6/ios-runtime-rel/_deps/rlimgui-subbuild/build/rlimgui-populate.build/Debug/rlimgui-populate.build/Script-42EB47371A1C3AAE74340F6D.sh (in target 'rlimgui-populate' from project 'rlimgui-populate')
    cd /Volumes/Extreme\ SSD/ps2x-i6/ios-runtime-rel/_deps/rlimgui-subbuild
    write-file /Volumes/Extreme\ SSD/ps2x-i6/ios-runtime-rel/_deps/rlimgui-subbuild/build/rlimgui-populate.build/Debug/rlimgui-populate.build/Script-42EB47371A1C3AAE74340F6D.sh

WriteAuxiliaryFile /Volumes/Extreme\ SSD/ps2x-i6/ios-runtime-rel/_deps/rlimgui-subbuild/build/rlimgui-populate.build/Debug/rlimgui-populate.build/Script-7FF1997636D5DD64C871AECB.sh (in target 'rlimgui-populate' from project 'rlimgui-populate')
    cd /Volumes/Extreme\ SSD/ps2x-i6/ios-runtime-rel/_deps/rlimgui-subbuild
    write-file /Volumes/Extreme\ SSD/ps2x-i6/ios-runtime-rel/_deps/rlimgui-subbuild/build/rlimgui-populate.build/Debug/rlimgui-populate.build/Script-7FF1997636D5DD64C871AECB.sh

WriteAuxiliaryFile /Volumes/Extreme\ SSD/ps2x-i6/ios-runtime-rel/_deps/rlimgui-subbuild/build/rlimgui-populate.build/Debug/rlimgui-populate.build/Script-2380FA7F8DA9AA06C0F11B0A.sh (in target 'rlimgui-populate' from project 'rlimgui-populate')
    cd /Volumes/Extreme\ SSD/ps2x-i6/ios-runtime-rel/_deps/rlimgui-subbuild
    write-file /Volumes/Extreme\ SSD/ps2x-i6/ios-runtime-rel/_deps/rlimgui-subbuild/build/rlimgui-populate.build/Debug/rlimgui-populate.build/Script-2380FA7F8DA9AA06C0F11B0A.sh

PhaseScriptExecution Generate\ CMakeFiles/ZERO_CHECK /Volumes/Extreme\ SSD/ps2x-i6/ios-runtime-rel/_deps/rlimgui-subbuild/build/rlimgui-populate.build/Debug/ZERO_CHECK.build/Script-FB28801873E709A34335FD77.sh (in target 'ZERO_CHECK' from project 'rlimgui-populate')
    cd /Volumes/Extreme\ SSD/ps2x-i6/ios-runtime-rel/_deps/rlimgui-subbuild
    /bin/sh -c /Volumes/Extreme\\\ SSD/ps2x-i6/ios-runtime-rel/_deps/rlimgui-subbuild/build/rlimgui-populate.build/Debug/ZERO_CHECK.build/Script-FB28801873E709A34335FD77.sh
make: `/Volumes/Extreme SSD/ps2x-i6/ios-runtime-rel/_deps/rlimgui-subbuild/CMakeFiles/cmake.check_cache' is up to date.

WriteAuxiliaryFile /Volumes/Extreme\ SSD/ps2x-i6/ios-runtime-rel/_deps/rlimgui-subbuild/build/rlimgui-populate.build/Debug/ALL_BUILD.build/Script-DCC801B454083B983023A5EB.sh (in target 'ALL_BUILD' from project 'rlimgui-populate')
    cd /Volumes/Extreme\ SSD/ps2x-i6/ios-runtime-rel/_deps/rlimgui-subbuild
    write-file /Volumes/Extreme\ SSD/ps2x-i6/ios-runtime-rel/_deps/rlimgui-subbuild/build/rlimgui-populate.build/Debug/ALL_BUILD.build/Script-DCC801B454083B983023A5EB.sh

PhaseScriptExecution Generate\ rlimgui-populate-prefix/src/rlimgui-populate-stamp/$(CONFIGURATION)$(EFFECTIVE_PLATFORM_NAME)/rlimgui-populate-mkdir /Volumes/Extreme\ SSD/ps2x-i6/ios-runtime-rel/_deps/rlimgui-subbuild/build/rlimgui-populate.build/Debug/rlimgui-populate.build/Script-9FB477FA8B7CF28E1EB5DDF6.sh (in target 'rlimgui-populate' from project 'rlimgui-populate')
    cd /Volumes/Extreme\ SSD/ps2x-i6/ios-runtime-rel/_deps/rlimgui-subbuild
    /bin/sh -c /Volumes/Extreme\\\ SSD/ps2x-i6/ios-runtime-rel/_deps/rlimgui-subbuild/build/rlimgui-populate.build/Debug/rlimgui-populate.build/Script-9FB477FA8B7CF28E1EB5DDF6.sh

PhaseScriptExecution Generate\ rlimgui-populate-prefix/src/rlimgui-populate-stamp/$(CONFIGURATION)$(EFFECTIVE_PLATFORM_NAME)/rlimgui-populate-download /Volumes/Extreme\ SSD/ps2x-i6/ios-runtime-rel/_deps/rlimgui-subbuild/build/rlimgui-populate.build/Debug/rlimgui-populate.build/Script-DE8DF6C8849EBAEAB23B4B30.sh (in target 'rlimgui-populate' from project 'rlimgui-populate')
    cd /Volumes/Extreme\ SSD/ps2x-i6/ios-runtime-rel/_deps/rlimgui-subbuild
    /bin/sh -c /Volumes/Extreme\\\ SSD/ps2x-i6/ios-runtime-rel/_deps/rlimgui-subbuild/build/rlimgui-populate.build/Debug/rlimgui-populate.build/Script-DE8DF6C8849EBAEAB23B4B30.sh
Cloning into 'rlimgui-src'...
error: non-monotonic index .git/objects/pack/._pack-907f41e02a69b2781e20040a69ba8dece28b3913.idx
error: non-monotonic index .git/objects/pack/._pack-907f41e02a69b2781e20040a69ba8dece28b3913.idx
HEAD is now at 118221c Update headings in README.md for consistency
Command PhaseScriptExecution emitted errors but did not return a nonzero exit code to indicate failure

PhaseScriptExecution Generate\ rlimgui-populate-prefix/src/rlimgui-populate-stamp/$(CONFIGURATION)$(EFFECTIVE_PLATFORM_NAME)/rlimgui-populate-update /Volumes/Extreme\ SSD/ps2x-i6/ios-runtime-rel/_deps/rlimgui-subbuild/build/rlimgui-populate.build/Debug/rlimgui-populate.build/Script-F951AED3FC8402978688E390.sh (in target 'rlimgui-populate' from project 'rlimgui-populate')
    cd /Volumes/Extreme\ SSD/ps2x-i6/ios-runtime-rel/_deps/rlimgui-subbuild
    /bin/sh -c /Volumes/Extreme\\\ SSD/ps2x-i6/ios-runtime-rel/_deps/rlimgui-subbuild/build/rlimgui-populate.build/Debug/rlimgui-populate.build/Script-F951AED3FC8402978688E390.sh
-- Already at requested tag: Raylib_5_5

PhaseScriptExecution Generate\ rlimgui-populate-prefix/src/rlimgui-populate-stamp/$(CONFIGURATION)$(EFFECTIVE_PLATFORM_NAME)/rlimgui-populate-patch /Volumes/Extreme\ SSD/ps2x-i6/ios-runtime-rel/_deps/rlimgui-subbuild/build/rlimgui-populate.build/Debug/rlimgui-populate.build/Script-42EB47371A1C3AAE74340F6D.sh (in target 'rlimgui-populate' from project 'rlimgui-populate')
    cd /Volumes/Extreme\ SSD/ps2x-i6/ios-runtime-rel/_deps/rlimgui-subbuild
    /bin/sh -c /Volumes/Extreme\\\ SSD/ps2x-i6/ios-runtime-rel/_deps/rlimgui-subbuild/build/rlimgui-populate.build/Debug/rlimgui-populate.build/Script-42EB47371A1C3AAE74340F6D.sh

PhaseScriptExecution Generate\ rlimgui-populate-prefix/src/rlimgui-populate-stamp/$(CONFIGURATION)$(EFFECTIVE_PLATFORM_NAME)/rlimgui-populate-configure /Volumes/Extreme\ SSD/ps2x-i6/ios-runtime-rel/_deps/rlimgui-subbuild/build/rlimgui-populate.build/Debug/rlimgui-populate.build/Script-E199B8876964CD75C40571E1.sh (in target 'rlimgui-populate' from project 'rlimgui-populate')
    cd /Volumes/Extreme\ SSD/ps2x-i6/ios-runtime-rel/_deps/rlimgui-subbuild
    /bin/sh -c /Volumes/Extreme\\\ SSD/ps2x-i6/ios-runtime-rel/_deps/rlimgui-subbuild/build/rlimgui-populate.build/Debug/rlimgui-populate.build/Script-E199B8876964CD75C40571E1.sh

PhaseScriptExecution Generate\ rlimgui-populate-prefix/src/rlimgui-populate-stamp/$(CONFIGURATION)$(EFFECTIVE_PLATFORM_NAME)/rlimgui-populate-build /Volumes/Extreme\ SSD/ps2x-i6/ios-runtime-rel/_deps/rlimgui-subbuild/build/rlimgui-populate.build/Debug/rlimgui-populate.build/Script-E6287D97CB17CF0542AB1482.sh (in target 'rlimgui-populate' from project 'rlimgui-populate')
    cd /Volumes/Extreme\ SSD/ps2x-i6/ios-runtime-rel/_deps/rlimgui-subbuild
    /bin/sh -c /Volumes/Extreme\\\ SSD/ps2x-i6/ios-runtime-rel/_deps/rlimgui-subbuild/build/rlimgui-populate.build/Debug/rlimgui-populate.build/Script-E6287D97CB17CF0542AB1482.sh

PhaseScriptExecution Generate\ rlimgui-populate-prefix/src/rlimgui-populate-stamp/$(CONFIGURATION)$(EFFECTIVE_PLATFORM_NAME)/rlimgui-populate-install /Volumes/Extreme\ SSD/ps2x-i6/ios-runtime-rel/_deps/rlimgui-subbuild/build/rlimgui-populate.build/Debug/rlimgui-populate.build/Script-E1ABE180B411A558AB0460D2.sh (in target 'rlimgui-populate' from project 'rlimgui-populate')
    cd /Volumes/Extreme\ SSD/ps2x-i6/ios-runtime-rel/_deps/rlimgui-subbuild
    /bin/sh -c /Volumes/Extreme\\\ SSD/ps2x-i6/ios-runtime-rel/_deps/rlimgui-subbuild/build/rlimgui-populate.build/Debug/rlimgui-populate.build/Script-E1ABE180B411A558AB0460D2.sh

PhaseScriptExecution Generate\ rlimgui-populate-prefix/src/rlimgui-populate-stamp/$(CONFIGURATION)$(EFFECTIVE_PLATFORM_NAME)/rlimgui-populate-test /Volumes/Extreme\ SSD/ps2x-i6/ios-runtime-rel/_deps/rlimgui-subbuild/build/rlimgui-populate.build/Debug/rlimgui-populate.build/Script-7FF1997636D5DD64C871AECB.sh (in target 'rlimgui-populate' from project 'rlimgui-populate')
    cd /Volumes/Extreme\ SSD/ps2x-i6/ios-runtime-rel/_deps/rlimgui-subbuild
    /bin/sh -c /Volumes/Extreme\\\ SSD/ps2x-i6/ios-runtime-rel/_deps/rlimgui-subbuild/build/rlimgui-populate.build/Debug/rlimgui-populate.build/Script-7FF1997636D5DD64C871AECB.sh

PhaseScriptExecution Generate\ CMakeFiles/$(CONFIGURATION)$(EFFECTIVE_PLATFORM_NAME)/rlimgui-populate-complete /Volumes/Extreme\ SSD/ps2x-i6/ios-runtime-rel/_deps/rlimgui-subbuild/build/rlimgui-populate.build/Debug/rlimgui-populate.build/Script-F4285BF14C878DB42EBC7382.sh (in target 'rlimgui-populate' from project 'rlimgui-populate')
    cd /Volumes/Extreme\ SSD/ps2x-i6/ios-runtime-rel/_deps/rlimgui-subbuild
    /bin/sh -c /Volumes/Extreme\\\ SSD/ps2x-i6/ios-runtime-rel/_deps/rlimgui-subbuild/build/rlimgui-populate.build/Debug/rlimgui-populate.build/Script-F4285BF14C878DB42EBC7382.sh

PhaseScriptExecution Generate\ CMakeFiles/rlimgui-populate /Volumes/Extreme\ SSD/ps2x-i6/ios-runtime-rel/_deps/rlimgui-subbuild/build/rlimgui-populate.build/Debug/rlimgui-populate.build/Script-2380FA7F8DA9AA06C0F11B0A.sh (in target 'rlimgui-populate' from project 'rlimgui-populate')
    cd /Volumes/Extreme\ SSD/ps2x-i6/ios-runtime-rel/_deps/rlimgui-subbuild
    /bin/sh -c /Volumes/Extreme\\\ SSD/ps2x-i6/ios-runtime-rel/_deps/rlimgui-subbuild/build/rlimgui-populate.build/Debug/rlimgui-populate.build/Script-2380FA7F8DA9AA06C0F11B0A.sh

PhaseScriptExecution Generate\ CMakeFiles/ALL_BUILD /Volumes/Extreme\ SSD/ps2x-i6/ios-runtime-rel/_deps/rlimgui-subbuild/build/rlimgui-populate.build/Debug/ALL_BUILD.build/Script-DCC801B454083B983023A5EB.sh (in target 'ALL_BUILD' from project 'rlimgui-populate')
    cd /Volumes/Extreme\ SSD/ps2x-i6/ios-runtime-rel/_deps/rlimgui-subbuild
    /bin/sh -c /Volumes/Extreme\\\ SSD/ps2x-i6/ios-runtime-rel/_deps/rlimgui-subbuild/build/rlimgui-populate.build/Debug/ALL_BUILD.build/Script-DCC801B454083B983023A5EB.sh
Build all projects

PruneExplicitPrecompiledModules /Volumes/Extreme SSD/ps2x-i6/ios-runtime-rel/_deps/rlimgui-subbuild/build/SwiftExplicitPrecompiledModules

PruneExplicitPrecompiledModules /Volumes/Extreme SSD/ps2x-i6/ios-runtime-rel/_deps/rlimgui-subbuild/build/ExplicitPrecompiledModules

note: Run script build phase 'Generate CMakeFiles/rlimgui-populate' will be run during every build because the option to run the script phase "Based on dependency analysis" is unchecked. (in target 'rlimgui-populate' from project 'rlimgui-populate')
note: Run script build phase 'Generate CMakeFiles/$(CONFIGURATION)$(EFFECTIVE_PLATFORM_NAME)/rlimgui-populate-complete' will be run during every build because the option to run the script phase "Based on dependency analysis" is unchecked. (in target 'rlimgui-populate' from project 'rlimgui-populate')
note: Run script build phase 'Generate rlimgui-populate-prefix/src/rlimgui-populate-stamp/$(CONFIGURATION)$(EFFECTIVE_PLATFORM_NAME)/rlimgui-populate-patch' will be run during every build because the option to run the script phase "Based on dependency analysis" is unchecked. (in target 'rlimgui-populate' from project 'rlimgui-populate')
note: Run script build phase 'Generate rlimgui-populate-prefix/src/rlimgui-populate-stamp/$(CONFIGURATION)$(EFFECTIVE_PLATFORM_NAME)/rlimgui-populate-update' will be run during every build because the option to run the script phase "Based on dependency analysis" is unchecked. (in target 'rlimgui-populate' from project 'rlimgui-populate')
note: Run script build phase 'Generate CMakeFiles/ZERO_CHECK' will be run during every build because the option to run the script phase "Based on dependency analysis" is unchecked. (in target 'ZERO_CHECK' from project 'rlimgui-populate')
note: Run script build phase 'Generate CMakeFiles/ALL_BUILD' will be run during every build because the option to run the script phase "Based on dependency analysis" is unchecked. (in target 'ALL_BUILD' from project 'rlimgui-populate')
** BUILD SUCCEEDED **

-- FFmpeg disabled; MPEG video decode falls back to stub frames
-- Configuring done (71.9s)
-- Generating done (19.5s)
-- Build files have been written to: /Volumes/Extreme SSD/ps2x-i6/ios-runtime-rel
