[16:50:14] PRE lease="LEASE_FREE F4 done" keyguard="showing=false" battery=100% ac=true pid0=none
[16:50:14] PRE device-env=9fb46f8509adb1362b5ac74d35ac63a340e39228b64914848ce5ed85d6b74d13 mc0-test='' mc0-bad=[]
[16:50:14] ENV 4d463449e4c3fc17aebc80fd6f8570537955170b56fc444cc324fe060f73447f  /storage/emulated/0/Android/data/com.ps2x.runner/files/ps2x.env
[16:50:14 t+    0.0] AM Starting: Intent { cmp=com.ps2x.runner/android.app.NativeActivity }
[16:50:20 t+    6.4] BACK sent
[16:50:22 t+    8.5] LAYER 'com.ps2x.runner/android.app.NativeActivity#17420' tried=['com.ps2x.runner/android.app.NativeActivity#17420']
[16:51:55 t+  101.3] SCAP sc01-tick2100-t100.png tick~2101
[16:53:32 t+  198.0] SCAP sc02-tick3000-t197.png tick~3037
[16:55:11 t+  296.9] SCAP sc03-tick4000-t296.png tick~4043
[16:55:56 t+  341.9] STOP tick 4548 >= 4500
[16:55:56 t+  342.3] SCAP sc04-final-t341.png tick~4548
[16:55:58 t+  343.6] THREADS
Threads: 27 total,   1 running,  26 sleeping,   0 stopped,   0 zombie
  Mem:  7342756K total,  4334832K used,  3007924K free,      576K buffers
 Swap: 10485752K total,   675808K used,  9809944K free,  1655056K cached
800%cpu  81%user   0%nice  50%sys 665%idle   0%iow   4%irq   0%sirq   0%host
  TID USER         PR  NI VIRT  RES  SHR S[%CPU] %MEM     TIME+ THREAD          PROCESS
14793 u0_a113      10 -10  17G 684M 441M S 65.3   9.5   3:18.53 GameThread      com.ps2x.runner
14773 u0_a113      10 -10  17G 684M 441M R 42.3   9.5   2:25.01 GsWorker        com.ps2x.runner
14771 u0_a113      10 -10  17G 684M 441M S  7.6   9.5   0:18.97 com.ps2x.runner com.ps2x.runner
14804 u0_a113      20   0  17G 684M 441M S  0.0   9.5   0:00.00 InteractionJank com.ps2x.runner
14800 u0_a113      20   0  17G 684M 441M S  0.0   9.5   0:00.21 binder:14749_4  com.ps2x.runner
14795 u0_a113      10 -10  17G 684M 441M S  0.0   9.5   0:00.23 PGS-Waiter      com.ps2x.runner
14794 u0_a113      39  19  17G 684M 441M S  0.0   9.5   0:00.00 com.ps:traceq0  com.ps2x.runner
14791 u0_a113      -3 -10  17G 684M 441M S  0.0   9.5   0:01.13 AAudio_1        com.ps2x.runner
14785 u0_a113      20   0  17G 684M 441M S  0.0   9.5   0:00.03 binder:14749_4  com.ps2x.runner
14784 u0_a113      10 -10  17G 684M 441M S  0.0   9.5   0:00.00 com.ps2x.runner com.ps2x.runner
14777 u0_a113      20   0  17G 684M 441M S  0.0   9.5   0:00.00 InsetsAnimation com.ps2x.runner
14776 u0_a113      20   0  17G 684M 441M S  0.0   9.5   0:00.00 SurfaceSyncGrou com.ps2x.runner
14775 u0_a113      10 -10  17G 684M 441M S  0.0   9.5   0:00.00 VsyncReceiver   com.ps2x.runner
14772 u0_a113      10 -10  17G 684M 441M S  0.0   9.5   0:00.01 com.ps2x.runner com.ps2x.runner
14769 u0_a113      16  -4  17G 684M 441M S  0.0   9.5   0:00.00 RenderThread    com.ps2x.runner

[16:55:58 t+  343.7] BATTERY status: 5 level: 100
[16:56:00 t+  346.2] RESTORE 9fb46f8509adb1362b5ac74d35ac63a340e39228b64914848ce5ed85d6b74d13 match=True
[16:56:00 t+  346.4] MC0-AFTER bad=[]
[16:56:00 t+  346.5] END pid-after=none
