[07:54:34] PRE lease="FS2 2026-09-26T11:51:18Z" keyguard="showing=false" battery=100% ac=true pid0=none
[07:54:34] PRE device-env=090cc981e9f97c9c6007b64e90afaba7ff0b495eae7ede6423bfca826fae29fe mc0-test='' mc0-bad=[]
[07:54:34] APK local sha x2 825b436dd2cfc9f3ee42e7ac06643623b9651df409892c6a3e25af27cc531254 825b436dd2cfc9f3ee42e7ac06643623b9651df409892c6a3e25af27cc531254
[07:54:37] INSTALL Performing Streamed Install Success
[07:54:37] INSTALLED /data/app/~~7G7jobfK0aavTvqUHSaKjw==/com.ps2x.runner-88D41bPSDa31-8zC5O1CzA==/base.apk sha=825b436dd2cfc9f3ee42e7ac06643623b9651df409892c6a3e25af27cc531254 match=True
[07:54:37] ENV 025df9201962eb90f0d0f2f8364986695d8812b750373e3b56edceb7c656dfcc  /storage/emulated/0/Android/data/com.ps2x.runner/files/ps2x.env
[07:54:38 t+    0.1] AM Starting: Intent { cmp=com.ps2x.runner/android.app.NativeActivity }
[07:54:44 t+    6.1] FOCUS app-foreground, no BACK ('mCurrentFocus=Window{796c0d1 u0 com.ps2x.runner/android.app.NativeActivity}')
[07:54:46 t+    8.3] LAYER 'com.ps2x.runner/android.app.NativeActivity#22836' tried=['com.ps2x.runner/android.app.NativeActivity#22826', 'RequestedLayerState{ActivityRecord{f050eac u0 com.ps2x.runner/android.app.NativeActivity#22826 parentId=22825}', 'com.ps2x.runner/android.app.NativeActivity#22836']
[07:55:26 t+   48.0] CPUWIN start tick=1978
[07:55:36 t+   58.6] SCAP sc01-tick2100-t57.png tick~2182
[07:55:49 t+   71.7] CPUWIN end tick=2547
[07:56:12 t+   94.4] SCAP sc02-tick3000-t93.png tick~3062
[07:56:50 t+  132.9] SCAP sc03-tick4000-t132.png tick~4104
[07:57:05 t+  148.0] STOP tick 4557 >= 4500
[07:57:06 t+  148.6] SCAP sc04-final-t147.png tick~4557
[07:57:08 t+  150.1] THREADS
Threads: 28 total,   1 running,  27 sleeping,   0 stopped,   0 zombie
  Mem:  7342756K total,  4885316K used,  2457440K free,      660K buffers
 Swap: 10485752K total,   750200K used,  9735552K free,  2217308K cached
800%cpu 127%user   0%nice  31%sys 631%idle   0%iow   8%irq   4%sirq   0%host
  TID USER         PR  NI VIRT  RES  SHR S[%CPU] %MEM     TIME+ THREAD          PROCESS
28450 u0_a113      10 -10  17G 755M 511M R 53.8  10.5   1:17.61 MTVU            com.ps2x.runner
28440 u0_a113      10 -10  17G 755M 511M S 26.9  10.5   0:38.85 GameThread      com.ps2x.runner
28420 u0_a113      10 -10  17G 755M 511M S 23.0  10.5   0:31.05 GsWorker        com.ps2x.runner
28448 u0_a113      20   0  17G 755M 511M S  0.0  10.5   0:00.00 InteractionJank com.ps2x.runner
28447 u0_a113      20   0  17G 755M 511M S  0.0  10.5   0:00.00 binder:28399_3  com.ps2x.runner
28442 u0_a113      10 -10  17G 755M 511M S  0.0  10.5   0:00.24 PGS-Waiter      com.ps2x.runner
28441 u0_a113      39  19  17G 755M 511M S  0.0  10.5   0:00.00 com.ps:traceq0  com.ps2x.runner
28438 u0_a113      -3 -10  17G 755M 511M S  0.0  10.5   0:00.52 AAudio_1        com.ps2x.runner
28432 u0_a113      20   0  17G 755M 511M S  0.0  10.5   0:00.09 binder:28399_4  com.ps2x.runner
28431 u0_a113      10 -10  17G 755M 511M S  0.0  10.5   0:00.00 com.ps2x.runner com.ps2x.runner
28424 u0_a113      20   0  17G 755M 511M S  0.0  10.5   0:00.00 InsetsAnimation com.ps2x.runner
28423 u0_a113      20   0  17G 755M 511M S  0.0  10.5   0:00.00 SurfaceSyncGrou com.ps2x.runner
28422 u0_a113      10 -10  17G 755M 511M S  0.0  10.5   0:00.00 VsyncReceiver   com.ps2x.runner
28419 u0_a113      10 -10  17G 755M 511M S  0.0  10.5   0:00.00 com.ps2x.runner com.ps2x.runner
28418 u0_a113      10 -10  17G 755M 511M S  0.0  10.5   0:00.31 com.ps2x.runner com.ps2x.runner

[07:57:08 t+  150.1] BATTERY status: 5 level: 100
[07:57:10 t+  152.8] RESTORE 090cc981e9f97c9c6007b64e90afaba7ff0b495eae7ede6423bfca826fae29fe match=True
[07:57:11 t+  153.0] MC0-AFTER bad=[]
[07:57:11 t+  153.1] END pid-after=none disconnects=0
