REF_CHECK:mean=0.0000 p99=0 max=0 npix=224000 mode=PPM
REFMENU_CHECK:mean=0.0000 p99=0 max=0 npix=1310720 mode=PPM
REFSC_CHECK:mean=0.0000 p99=0 max=0 npix=1310720 mode=PPM
REFZC_CHECK:mean=0.0000 p99=0 max=0 npix=1310720 mode=PPM
REFSP_CHECK:mean=0.0000 p99=0 max=0 npix=1310720 mode=PPM
REFSM_CHECK:mean=0.0000 p99=0 max=0 npix=1310720 mode=PPM
REFSE_CHECK:mean=0.0000 p99=0 max=0 npix=1310720 mode=PPM
REFSETAG_CHECK:mean=0.0000 p99=0 max=0 npix=10150 mode=PPM
SELF_TEST mean=0.0000 p99=0
SELF_WHOLE=0.0000
SELF_MENU mean=0.0000 p99=0
SELF_SC mean=0.0000 p99=0
SELF_ZC mean=0.0000 p99=0
SELF_SP mean=0.0000 p99=0
SELF_SM mean=0.0000 p99=0
SELF_SE mean=0.0000 p99=0
SELF_SETAG mean=0.0000 p99=0
START_SCORE mean=17.3386 p99=125 MENU_T+:96
ATTEMPT_1 BEGIN MENU_T+:96
ATTEMPT_1 now score mean=27.3481 p99=172
ATTEMPT_1 on attract (non-title) -> Cross attract-skip
A1_CROSS_KEYDOWN_WALL:1789968970.291504768 UPTIME:131 MENU_T+:97
A1_CROSS_HELD_WALL:1789968970.309734988 UPTIME:131
A1_CROSS_KEYUP_WALL:1789968970.826944650 UPTIME:131 MENU_T+:97
ATTEMPT_1 poll01 score mean=0.4329 p99=6 MENU_T+:100
ATTEMPT_1 TITLE-DETECTED at poll01
A1_START_KEYDOWN_WALL:1789968973.552157767 UPTIME:134 MENU_T+:100
A1_START_HELD_WALL:1789968973.571677795 UPTIME:134
A1_START_KEYUP_WALL:1789968974.088881049 UPTIME:134 MENU_T+:101
ATTEMPT_1 post+3 score mean=16.2540 p99=139 MENU_T+:104
ATTEMPT_1 post+8 score mean=16.2897 p99=139
ATTEMPT_1 post+15 score mean=16.2610 p99=139
ATTEMPT_1 post+25 score mean=16.2610 p99=139
ATTEMPT_1 whole815=0.0391 whole1525=0.0201
ATTEMPT_1 post25-vs-menu mean=0.3033 p99=5
ATTEMPT_1 MENU-LIKE (non-title + static) -> park for menu Cross
MENUPRE vs-menu mean=0.2872 p99=5 MENU_T+:139
MENUPRE vs-title mean=16.2610 p99=139
MENU_CROSS_KEYDOWN_WALL:1789969012.697723000 UPTIME:173 MENU_T+:139
MENU_CROSS_HELD_WALL:1789969012.717375342 UPTIME:173
MENU_CROSS_KEYUP_WALL:1789969013.235198075 UPTIME:173 MENU_T+:140
MC post+1 titleband mean=12.5512 p99=164 vs-menu mean=10.2148 p99=106 vs-sc mean=0.4964 p99=8 MENU_T+:143
MC post+3 titleband mean=12.5585 p99=164 vs-menu mean=10.2293 p99=107 vs-sc mean=0.4982 p99=8
MC post+8 titleband mean=12.5352 p99=164 vs-menu mean=10.2158 p99=105 vs-sc mean=0.6025 p99=9
MC post+15 titleband mean=12.5352 p99=164 vs-menu mean=10.1966 p99=105 vs-sc mean=0.3969 p99=6
MC hops whole: pre-post1=10.1196 p1-p3=0.1264 p3-p8=0.2673 p8-p15=0.2357
SC-LIKE (non-menu + static) -> park for Zoe Cross
SCPRE vs-sc mean=0.5542 p99=8 MENU_T+:178
SCPRE vs-menu mean=10.1969 p99=105
SCPRE vs-title mean=12.6457 p99=164
ZOE_CROSS_KEYDOWN_WALL:1789969052.637189690 UPTIME:213 MENU_T+:179
ZOE_CROSS_HELD_WALL:1789969052.656340461 UPTIME:213
ZOE_CROSS_KEYUP_WALL:1789969053.174437421 UPTIME:213 MENU_T+:180
ZC post+1 titleband mean=15.9280 p99=128 vs-sc mean=7.2285 p99=100 vs-zc mean=0.5228 p99=9 MENU_T+:183
ZC post+3 titleband mean=15.8499 p99=128 vs-sc mean=7.2927 p99=101 vs-zc mean=0.4674 p99=8
ZC post+8 titleband mean=15.8525 p99=128 vs-sc mean=7.1410 p99=100 vs-zc mean=0.4830 p99=8
ZC hops whole: pre-post1=7.2039 p1-p3=0.2959 p3-p8=0.2920
ZC-LIKE (departed + non-SC + static) -> park for Continue Cross
CCPRE vs-zc mean=0.4133 p99=7 MENU_T+:206
CCPRE vs-sc mean=7.2722 p99=100
CCPRE vs-title mean=15.7921 p99=128
CONT_CROSS_KEYDOWN_WALL:1789969081.364348348 UPTIME:242 MENU_T+:208
CONT_CROSS_HELD_WALL:1789969081.383942032 UPTIME:242
CONT_CROSS_KEYUP_WALL:1789969081.902836158 UPTIME:242 MENU_T+:208
SP post+1 titleband mean=23.1273 p99=171 vs-zc mean=9.4698 p99=154 vs-sp mean=0.3729 p99=6 MENU_T+:212
SP post+3 titleband mean=23.1279 p99=171 vs-zc mean=9.4639 p99=154 vs-sp mean=0.3899 p99=6
SP post+8 titleband mean=23.1292 p99=171 vs-zc mean=9.4546 p99=154 vs-sp mean=0.3563 p99=5
SP hops whole: pre-post1=9.3197 p1-p3=0.0585 p3-p8=0.0384
SP-LIKE (departed + non-ZC + static) -> park for Peak Cross
SPPRE vs-sp mean=0.4244 p99=6 MENU_T+:235
SPPRE vs-zc mean=9.5213 p99=154
SPPRE vs-title mean=23.1279 p99=171
PEAK_CROSS_KEYDOWN_WALL:1789969110.040260232 UPTIME:270 MENU_T+:237
PEAK_CROSS_HELD_WALL:1789969110.058866240 UPTIME:270
PEAK_CROSS_KEYUP_WALL:1789969110.575833763 UPTIME:271 MENU_T+:237
PC post+1 titleband mean=26.3170 p99=183 vs-sp mean=5.3724 p99=121 vs-sm mean=0.4115 p99=6 MENU_T+:241
PC post+3 titleband mean=26.3170 p99=183 vs-sp mean=5.3512 p99=121 vs-sm mean=0.3915 p99=6
PC post+8 titleband mean=26.3368 p99=183 vs-sp mean=5.3758 p99=121 vs-sm mean=0.4114 p99=6
PC hops whole: pre-post1=5.2320 p1-p3=0.0337 p3-p8=0.0391
SM-LIKE (departed + non-SP + static) -> park for Race Cross
SMPRE vs-sm mean=0.3920 p99=6 MENU_T+:264
SMPRE vs-sp mean=5.3517 p99=121
SMPRE vs-title mean=26.3170 p99=183
RACE_CROSS_KEYDOWN_WALL:1789969138.728968524 UPTIME:299 MENU_T+:265
RACE_CROSS_HELD_WALL:1789969138.747127755 UPTIME:299
RACE_CROSS_KEYUP_WALL:1789969139.264096250 UPTIME:300 MENU_T+:266
RC post+1 titleband mean=26.2118 p99=183 vs-sm mean=0.8071 p99=11 se-tag mean=2.6271 p99=11 MENU_T+:269
RC post+3 titleband mean=26.2104 p99=183 vs-sm mean=0.8174 p99=11 se-tag mean=2.6271 p99=11
RC post+8 titleband mean=26.2104 p99=183 vs-sm mean=0.8160 p99=12 se-tag mean=2.6271 p99=11 vs-sp mean=5.4595 p99=121 vs-se mean=0.4154 p99=6
RC hops whole: pre-post1=0.4567 p1-p3=0.0160 p3-p8=0.0298
NO-SE-PARK (SM->SE chain did not park; no SnowJam Cross pressed)
