REF_CHECK:mean=0.0000 p99=0 max=0 npix=224000 mode=PPM
REFMENU_CHECK:mean=0.0000 p99=0 max=0 npix=1310720 mode=PPM
REFSC_CHECK:mean=0.0000 p99=0 max=0 npix=1310720 mode=PPM
REFZC_CHECK:mean=0.0000 p99=0 max=0 npix=1310720 mode=PPM
REFSP_CHECK:mean=0.0000 p99=0 max=0 npix=1310720 mode=PPM
REFSM_CHECK:mean=0.0000 p99=0 max=0 npix=1310720 mode=PPM
REFSE_CHECK:mean=0.0000 p99=0 max=0 npix=1310720 mode=PPM
REFSETAG_CHECK:mean=0.0000 p99=0 max=0 npix=10150 mode=PPM
SELF_TEST mean=0.0000 p99=0
SELF_WHOLE=0.0000
SELF_MENU mean=0.0000 p99=0
SELF_SC mean=0.0000 p99=0
SELF_ZC mean=0.0000 p99=0
SELF_SP mean=0.0000 p99=0
SELF_SM mean=0.0000 p99=0
SELF_SE mean=0.0000 p99=0
SELF_SETAG mean=0.0000 p99=0
START_SCORE mean=17.8529 p99=144 MENU_T+:96
ATTEMPT_1 BEGIN MENU_T+:96
ATTEMPT_1 now score mean=29.1402 p99=171
ATTEMPT_1 on attract (non-title) -> Cross attract-skip
A1_CROSS_KEYDOWN_WALL:1789969481.528785498 UPTIME:642 MENU_T+:97
A1_CROSS_HELD_WALL:1789969481.546776031 UPTIME:642
A1_CROSS_KEYUP_WALL:1789969482.064563193 UPTIME:642 MENU_T+:98
ATTEMPT_1 poll01 score mean=0.4331 p99=6 MENU_T+:100
ATTEMPT_1 TITLE-DETECTED at poll01
A1_START_KEYDOWN_WALL:1789969484.803399949 UPTIME:645 MENU_T+:100
A1_START_HELD_WALL:1789969484.821702051 UPTIME:645
A1_START_KEYUP_WALL:1789969485.338602775 UPTIME:646 MENU_T+:101
ATTEMPT_1 post+3 score mean=16.2559 p99=139 MENU_T+:105
ATTEMPT_1 post+8 score mean=16.2940 p99=139
ATTEMPT_1 post+15 score mean=16.2610 p99=139
ATTEMPT_1 post+25 score mean=16.2610 p99=139
ATTEMPT_1 whole815=0.0336 whole1525=0.0122
ATTEMPT_1 post25-vs-menu mean=0.2953 p99=5
ATTEMPT_1 MENU-LIKE (non-title + static) -> park for menu Cross
MENUPRE vs-menu mean=0.2872 p99=5 MENU_T+:139
MENUPRE vs-title mean=16.2610 p99=139
MENU_CROSS_KEYDOWN_WALL:1789969523.915834811 UPTIME:684 MENU_T+:139
MENU_CROSS_HELD_WALL:1789969523.934640779 UPTIME:684
MENU_CROSS_KEYUP_WALL:1789969524.451952008 UPTIME:685 MENU_T+:140
MC post+1 titleband mean=12.5521 p99=164 vs-menu mean=10.2132 p99=106 vs-sc mean=0.4951 p99=8 MENU_T+:144
MC post+3 titleband mean=12.5594 p99=164 vs-menu mean=10.2306 p99=107 vs-sc mean=0.4924 p99=8
MC post+8 titleband mean=12.5352 p99=164 vs-menu mean=10.2099 p99=105 vs-sc mean=0.5984 p99=9
MC post+15 titleband mean=12.5352 p99=164 vs-menu mean=10.1966 p99=105 vs-sc mean=0.3968 p99=6
MC hops whole: pre-post1=10.1179 p1-p3=0.1345 p3-p8=0.2666 p8-p15=0.2320
SC-LIKE (non-menu + static) -> park for Zoe Cross
SCPRE vs-sc mean=0.5429 p99=8 MENU_T+:178
SCPRE vs-menu mean=10.1950 p99=105
SCPRE vs-title mean=12.6285 p99=164
ZOE_CROSS_KEYDOWN_WALL:1789969563.885028877 UPTIME:724 MENU_T+:179
ZOE_CROSS_HELD_WALL:1789969563.903725467 UPTIME:724
ZOE_CROSS_KEYUP_WALL:1789969564.421180451 UPTIME:725 MENU_T+:180
ZC post+1 titleband mean=15.9173 p99=128 vs-sc mean=7.2292 p99=100 vs-zc mean=0.5303 p99=9 MENU_T+:184
ZC post+3 titleband mean=15.8610 p99=128 vs-sc mean=7.2955 p99=101 vs-zc mean=0.4678 p99=8
ZC post+8 titleband mean=15.8525 p99=128 vs-sc mean=7.1448 p99=100 vs-zc mean=0.4620 p99=8
ZC hops whole: pre-post1=7.2036 p1-p3=0.3057 p3-p8=0.2891
ZC-LIKE (departed + non-SC + static) -> park for Continue Cross
CCPRE vs-zc mean=0.4705 p99=8 MENU_T+:207
CCPRE vs-sc mean=7.2957 p99=101
CCPRE vs-title mean=15.8275 p99=128
CONT_CROSS_KEYDOWN_WALL:1789969592.651355328 UPTIME:753 MENU_T+:208
CONT_CROSS_HELD_WALL:1789969592.670171540 UPTIME:753
CONT_CROSS_KEYUP_WALL:1789969593.187037539 UPTIME:753 MENU_T+:209
SP post+1 titleband mean=23.1287 p99=171 vs-zc mean=9.4662 p99=154 vs-sp mean=0.3724 p99=6 MENU_T+:212
SP post+3 titleband mean=23.1279 p99=171 vs-zc mean=9.4708 p99=154 vs-sp mean=0.3803 p99=6
SP post+8 titleband mean=23.1290 p99=171 vs-zc mean=9.4545 p99=154 vs-sp mean=0.3563 p99=5
SP hops whole: pre-post1=9.3207 p1-p3=0.0483 p3-p8=0.0290
SP-LIKE (departed + non-ZC + static) -> park for Peak Cross
SPPRE vs-sp mean=0.3924 p99=6 MENU_T+:235
SPPRE vs-zc mean=9.4661 p99=154
SPPRE vs-title mean=23.1279 p99=171
PEAK_CROSS_KEYDOWN_WALL:1789969621.366494584 UPTIME:782 MENU_T+:237
PEAK_CROSS_HELD_WALL:1789969621.385415487 UPTIME:782
PEAK_CROSS_KEYUP_WALL:1789969621.903054421 UPTIME:782 MENU_T+:237
PC post+1 titleband mean=26.3170 p99=183 vs-sp mean=5.3600 p99=121 vs-sm mean=0.3989 p99=6 MENU_T+:241
PC post+3 titleband mean=26.3170 p99=183 vs-sp mean=5.3502 p99=121 vs-sm mean=0.3905 p99=6
PC post+8 titleband mean=26.3042 p99=183 vs-sp mean=5.3663 p99=121 vs-sm mean=0.4069 p99=6
PC hops whole: pre-post1=5.2056 p1-p3=0.0190 p3-p8=0.0269
SM-LIKE (departed + non-SP + static) -> park for Race Cross
SMPRE vs-sm mean=0.3909 p99=6 MENU_T+:264
SMPRE se-tag mean=14.3325 p99=89
SMPRE vs-sp mean=5.3505 p99=121
SMPRE vs-title mean=26.3170 p99=183
RACE_CROSS_KEYDOWN_WALL:1789969650.706389702 UPTIME:811 MENU_T+:266
RACE_CROSS_HELD_WALL:1789969650.725453917 UPTIME:811
RACE_CROSS_KEYUP_WALL:1789969651.243497222 UPTIME:811 MENU_T+:267
RC post+1 titleband mean=26.2104 p99=183 vs-sm mean=0.8103 p99=11 se-tag mean=2.6271 p99=11 MENU_T+:270
RC post+3 titleband mean=26.2117 p99=183 vs-sm mean=0.8070 p99=11 se-tag mean=2.6271 p99=11
RC post+8 titleband mean=26.2104 p99=183 vs-sm mean=0.8621 p99=14 se-tag mean=2.6271 p99=11 vs-sp mean=5.5028 p99=121 vs-se mean=0.4297 p99=6
RC hops whole: pre-post1=0.4588 p1-p3=0.0042 p3-p8=0.0615
SE-LIKE (static + non-SP + se-tag) -> park for SnowJam Cross
SEPRE se-tag mean=2.6286 p99=11 MENU_T+:294
SEPRE vs-se mean=0.4076 p99=6
SEPRE vs-sm mean=0.8119 p99=11
SEPRE vs-sp mean=5.4516 p99=121
SEPRE vs-title mean=26.2104 p99=183
SNOWJAM_CROSS_KEYDOWN_WALL:1789969681.797521647 UPTIME:842 MENU_T+:297
SNOWJAM_CROSS_HELD_WALL:1789969681.816768945 UPTIME:842
SNOWJAM_CROSS_KEYUP_WALL:1789969682.333943312 UPTIME:843 MENU_T+:298
SJ post+1 titleband mean=9.8510 p99=137 vs-se mean=10.6667 p99=143 se-tag mean=26.4007 p99=92 MENU_T+:301
SJ post+3 titleband mean=9.8393 p99=137 vs-se mean=10.6338 p99=143 se-tag mean=26.4077 p99=92
SJ post+8 titleband mean=9.8482 p99=136 vs-se mean=10.6518 p99=143 se-tag mean=26.4007 p99=92
SJ post+15 titleband mean=9.8418 p99=137 vs-se mean=10.7025 p99=143 se-tag mean=26.4007 p99=92
SJ post+25 titleband mean=9.9293 p99=136 vs-se mean=10.6746 p99=143 se-tag mean=26.4007 p99=92
SJ post+40 titleband mean=9.8469 p99=137 vs-se mean=10.6246 p99=143 se-tag mean=26.4007 p99=92
SJ hops whole: pre-post1=10.5818 p1-p3=0.0542 p3-p8=0.0475 p8-p15=0.1338 p15-p25=0.1682 p25-p40=0.1217
SJ_STAB1 titleband mean=9.9142 p99=139 se-tag mean=26.4007 p99=92 MENU_T+:372
SJ_STAB2 titleband mean=9.9306 p99=136 se-tag mean=26.4007 p99=92 MENU_T+:383
SJ_STAB3 titleband mean=9.8393 p99=137 se-tag mean=26.4007 p99=92 MENU_T+:395
SJ_STAB4 titleband mean=9.8358 p99=137 se-tag mean=26.4007 p99=92 MENU_T+:406
SJ_STAB5 titleband mean=9.9065 p99=137 se-tag mean=26.4392 p99=92 MENU_T+:417
SJ_STAB6 titleband mean=9.9458 p99=137 se-tag mean=26.4007 p99=92 MENU_T+:429
