error: non-monotonic index /Volumes/Extreme SSD/ps2recomp-spike/PS2Recomp/.git/objects/pack/._pack-66cfeae386ca99bf65f2cbea68322205a1368bb8.idx
error: non-monotonic index /Volumes/Extreme SSD/ps2recomp-spike/PS2Recomp/.git/objects/pack/._pack-66cfeae386ca99bf65f2cbea68322205a1368bb8.idx
error: non-monotonic index /Volumes/Extreme SSD/ps2recomp-spike/PS2Recomp/.git/objects/pack/._pack-66cfeae386ca99bf65f2cbea68322205a1368bb8.idx
error: non-monotonic index /Volumes/Extreme SSD/ps2recomp-spike/PS2Recomp/.git/objects/pack/._pack-66cfeae386ca99bf65f2cbea68322205a1368bb8.idx
error: non-monotonic index /Volumes/Extreme SSD/ps2recomp-spike/PS2Recomp/.git/objects/pack/._pack-66cfeae386ca99bf65f2cbea68322205a1368bb8.idx
error: non-monotonic index /Volumes/Extreme SSD/ps2recomp-spike/PS2Recomp/.git/objects/pack/._pack-66cfeae386ca99bf65f2cbea68322205a1368bb8.idx
error: non-monotonic index /Volumes/Extreme SSD/ps2recomp-spike/PS2Recomp/.git/objects/pack/._pack-66cfeae386ca99bf65f2cbea68322205a1368bb8.idx
error: non-monotonic index /Volumes/Extreme SSD/ps2recomp-spike/PS2Recomp/.git/objects/pack/._pack-66cfeae386ca99bf65f2cbea68322205a1368bb8.idx
error: non-monotonic index /Volumes/Extreme SSD/ps2recomp-spike/PS2Recomp/.git/objects/pack/._pack-66cfeae386ca99bf65f2cbea68322205a1368bb8.idx
error: non-monotonic index /Volumes/Extreme SSD/ps2recomp-spike/PS2Recomp/.git/objects/pack/._pack-66cfeae386ca99bf65f2cbea68322205a1368bb8.idx
error: non-monotonic index /Volumes/Extreme SSD/ps2recomp-spike/PS2Recomp/.git/objects/pack/._pack-66cfeae386ca99bf65f2cbea68322205a1368bb8.idx
error: non-monotonic index /Volumes/Extreme SSD/ps2recomp-spike/PS2Recomp/.git/objects/pack/._pack-66cfeae386ca99bf65f2cbea68322205a1368bb8.idx
error: non-monotonic index /Volumes/Extreme SSD/ps2recomp-spike/PS2Recomp/.git/objects/pack/._pack-66cfeae386ca99bf65f2cbea68322205a1368bb8.idx
error: non-monotonic index /Volumes/Extreme SSD/ps2recomp-spike/PS2Recomp/.git/objects/pack/._pack-66cfeae386ca99bf65f2cbea68322205a1368bb8.idx
error: non-monotonic index /Volumes/Extreme SSD/ps2recomp-spike/PS2Recomp/.git/objects/pack/._pack-66cfeae386ca99bf65f2cbea68322205a1368bb8.idx
error: non-monotonic index /Volumes/Extreme SSD/ps2recomp-spike/PS2Recomp/.git/objects/pack/._pack-66cfeae386ca99bf65f2cbea68322205a1368bb8.idx
error: non-monotonic index /Volumes/Extreme SSD/ps2recomp-spike/PS2Recomp/.git/objects/pack/._pack-66cfeae386ca99bf65f2cbea68322205a1368bb8.idx
error: non-monotonic index /Volumes/Extreme SSD/ps2recomp-spike/PS2Recomp/.git/objects/pack/._pack-66cfeae386ca99bf65f2cbea68322205a1368bb8.idx
error: non-monotonic index /Volumes/Extreme SSD/ps2recomp-spike/PS2Recomp/.git/objects/pack/._pack-66cfeae386ca99bf65f2cbea68322205a1368bb8.idx
error: non-monotonic index /Volumes/Extreme SSD/ps2recomp-spike/PS2Recomp/.git/objects/pack/._pack-66cfeae386ca99bf65f2cbea68322205a1368bb8.idx
error: non-monotonic index /Volumes/Extreme SSD/ps2recomp-spike/PS2Recomp/.git/objects/pack/._pack-66cfeae386ca99bf65f2cbea68322205a1368bb8.idx
error: non-monotonic index /Volumes/Extreme SSD/ps2recomp-spike/PS2Recomp/.git/objects/pack/._pack-66cfeae386ca99bf65f2cbea68322205a1368bb8.idx
error: non-monotonic index /Volumes/Extreme SSD/ps2recomp-spike/PS2Recomp/.git/objects/pack/._pack-66cfeae386ca99bf65f2cbea68322205a1368bb8.idx
error: non-monotonic index /Volumes/Extreme SSD/ps2recomp-spike/PS2Recomp/.git/objects/pack/._pack-66cfeae386ca99bf65f2cbea68322205a1368bb8.idx
error: non-monotonic index /Volumes/Extreme SSD/ps2recomp-spike/PS2Recomp/.git/objects/pack/._pack-66cfeae386ca99bf65f2cbea68322205a1368bb8.idx
error: non-monotonic index /Volumes/Extreme SSD/ps2recomp-spike/PS2Recomp/.git/objects/pack/._pack-66cfeae386ca99bf65f2cbea68322205a1368bb8.idx
error: non-monotonic index /Volumes/Extreme SSD/ps2recomp-spike/PS2Recomp/.git/objects/pack/._pack-66cfeae386ca99bf65f2cbea68322205a1368bb8.idx
error: non-monotonic index /Volumes/Extreme SSD/ps2recomp-spike/PS2Recomp/.git/objects/pack/._pack-66cfeae386ca99bf65f2cbea68322205a1368bb8.idx
error: non-monotonic index /Volumes/Extreme SSD/ps2recomp-spike/PS2Recomp/.git/objects/pack/._pack-66cfeae386ca99bf65f2cbea68322205a1368bb8.idx
error: non-monotonic index /Volumes/Extreme SSD/ps2recomp-spike/PS2Recomp/.git/objects/pack/._pack-66cfeae386ca99bf65f2cbea68322205a1368bb8.idx
error: non-monotonic index /Volumes/Extreme SSD/ps2recomp-spike/PS2Recomp/.git/objects/pack/._pack-66cfeae386ca99bf65f2cbea68322205a1368bb8.idx
error: non-monotonic index /Volumes/Extreme SSD/ps2recomp-spike/PS2Recomp/.git/objects/pack/._pack-66cfeae386ca99bf65f2cbea68322205a1368bb8.idx
error: non-monotonic index /Volumes/Extreme SSD/ps2recomp-spike/PS2Recomp/.git/objects/pack/._pack-66cfeae386ca99bf65f2cbea68322205a1368bb8.idx
error: non-monotonic index /Volumes/Extreme SSD/ps2recomp-spike/PS2Recomp/.git/objects/pack/._pack-66cfeae386ca99bf65f2cbea68322205a1368bb8.idx
error: non-monotonic index /Volumes/Extreme SSD/ps2recomp-spike/PS2Recomp/.git/objects/pack/._pack-66cfeae386ca99bf65f2cbea68322205a1368bb8.idx
error: non-monotonic index /Volumes/Extreme SSD/ps2recomp-spike/PS2Recomp/.git/objects/pack/._pack-66cfeae386ca99bf65f2cbea68322205a1368bb8.idx
error: non-monotonic index /Volumes/Extreme SSD/ps2recomp-spike/PS2Recomp/.git/objects/pack/._pack-66cfeae386ca99bf65f2cbea68322205a1368bb8.idx
error: non-monotonic index /Volumes/Extreme SSD/ps2recomp-spike/PS2Recomp/.git/objects/pack/._pack-66cfeae386ca99bf65f2cbea68322205a1368bb8.idx
error: non-monotonic index /Volumes/Extreme SSD/ps2recomp-spike/PS2Recomp/.git/objects/pack/._pack-66cfeae386ca99bf65f2cbea68322205a1368bb8.idx
error: non-monotonic index /Volumes/Extreme SSD/ps2recomp-spike/PS2Recomp/.git/objects/pack/._pack-66cfeae386ca99bf65f2cbea68322205a1368bb8.idx
error: non-monotonic index /Volumes/Extreme SSD/ps2recomp-spike/PS2Recomp/.git/objects/pack/._pack-66cfeae386ca99bf65f2cbea68322205a1368bb8.idx
error: non-monotonic index /Volumes/Extreme SSD/ps2recomp-spike/PS2Recomp/.git/objects/pack/._pack-66cfeae386ca99bf65f2cbea68322205a1368bb8.idx
error: non-monotonic index /Volumes/Extreme SSD/ps2recomp-spike/PS2Recomp/.git/objects/pack/._pack-66cfeae386ca99bf65f2cbea68322205a1368bb8.idx
error: non-monotonic index /Volumes/Extreme SSD/ps2recomp-spike/PS2Recomp/.git/objects/pack/._pack-66cfeae386ca99bf65f2cbea68322205a1368bb8.idx
error: non-monotonic index /Volumes/Extreme SSD/ps2recomp-spike/PS2Recomp/.git/objects/pack/._pack-66cfeae386ca99bf65f2cbea68322205a1368bb8.idx
error: non-monotonic index /Volumes/Extreme SSD/ps2recomp-spike/PS2Recomp/.git/objects/pack/._pack-66cfeae386ca99bf65f2cbea68322205a1368bb8.idx
error: non-monotonic index /Volumes/Extreme SSD/ps2recomp-spike/PS2Recomp/.git/objects/pack/._pack-66cfeae386ca99bf65f2cbea68322205a1368bb8.idx
error: non-monotonic index /Volumes/Extreme SSD/ps2recomp-spike/PS2Recomp/.git/objects/pack/._pack-66cfeae386ca99bf65f2cbea68322205a1368bb8.idx
error: non-monotonic index /Volumes/Extreme SSD/ps2recomp-spike/PS2Recomp/.git/objects/pack/._pack-66cfeae386ca99bf65f2cbea68322205a1368bb8.idx
error: non-monotonic index /Volumes/Extreme SSD/ps2recomp-spike/PS2Recomp/.git/objects/pack/._pack-66cfeae386ca99bf65f2cbea68322205a1368bb8.idx
error: non-monotonic index /Volumes/Extreme SSD/ps2recomp-spike/PS2Recomp/.git/objects/pack/._pack-66cfeae386ca99bf65f2cbea68322205a1368bb8.idx
error: non-monotonic index /Volumes/Extreme SSD/ps2recomp-spike/PS2Recomp/.git/objects/pack/._pack-66cfeae386ca99bf65f2cbea68322205a1368bb8.idx
error: non-monotonic index /Volumes/Extreme SSD/ps2recomp-spike/PS2Recomp/.git/objects/pack/._pack-66cfeae386ca99bf65f2cbea68322205a1368bb8.idx
error: non-monotonic index /Volumes/Extreme SSD/ps2recomp-spike/PS2Recomp/.git/objects/pack/._pack-66cfeae386ca99bf65f2cbea68322205a1368bb8.idx
[detached HEAD 8fc0c14] Bundle: set CFBundleName so devicectl installs the device .app (I8)
 Author: Brad Richardson <brad-richardson@users.noreply.github.com>
 Date: Sun Sep 20 22:54:23 2026 -0400
 1 file changed, 4 insertions(+), 1 deletion(-)
error: non-monotonic index /Volumes/Extreme SSD/ps2recomp-spike/PS2Recomp/.git/objects/pack/._pack-66cfeae386ca99bf65f2cbea68322205a1368bb8.idx
error: non-monotonic index /Volumes/Extreme SSD/ps2recomp-spike/PS2Recomp/.git/objects/pack/._pack-66cfeae386ca99bf65f2cbea68322205a1368bb8.idx
error: non-monotonic index /Volumes/Extreme SSD/ps2recomp-spike/PS2Recomp/.git/objects/pack/._pack-66cfeae386ca99bf65f2cbea68322205a1368bb8.idx
error: non-monotonic index /Volumes/Extreme SSD/ps2recomp-spike/PS2Recomp/.git/objects/pack/._pack-66cfeae386ca99bf65f2cbea68322205a1368bb8.idx
error: non-monotonic index /Volumes/Extreme SSD/ps2recomp-spike/PS2Recomp/.git/objects/pack/._pack-66cfeae386ca99bf65f2cbea68322205a1368bb8.idx
error: non-monotonic index /Volumes/Extreme SSD/ps2recomp-spike/PS2Recomp/.git/objects/pack/._pack-66cfeae386ca99bf65f2cbea68322205a1368bb8.idx
error: non-monotonic index /Volumes/Extreme SSD/ps2recomp-spike/PS2Recomp/.git/objects/pack/._pack-66cfeae386ca99bf65f2cbea68322205a1368bb8.idx
error: non-monotonic index /Volumes/Extreme SSD/ps2recomp-spike/PS2Recomp/.git/objects/pack/._pack-66cfeae386ca99bf65f2cbea68322205a1368bb8.idx
error: non-monotonic index /Volumes/Extreme SSD/ps2recomp-spike/PS2Recomp/.git/objects/pack/._pack-66cfeae386ca99bf65f2cbea68322205a1368bb8.idx
error: non-monotonic index /Volumes/Extreme SSD/ps2recomp-spike/PS2Recomp/.git/objects/pack/._pack-66cfeae386ca99bf65f2cbea68322205a1368bb8.idx
error: non-monotonic index /Volumes/Extreme SSD/ps2recomp-spike/PS2Recomp/.git/objects/pack/._pack-66cfeae386ca99bf65f2cbea68322205a1368bb8.idx
error: non-monotonic index /Volumes/Extreme SSD/ps2recomp-spike/PS2Recomp/.git/objects/pack/._pack-66cfeae386ca99bf65f2cbea68322205a1368bb8.idx
error: non-monotonic index /Volumes/Extreme SSD/ps2recomp-spike/PS2Recomp/.git/objects/pack/._pack-66cfeae386ca99bf65f2cbea68322205a1368bb8.idx
error: non-monotonic index /Volumes/Extreme SSD/ps2recomp-spike/PS2Recomp/.git/objects/pack/._pack-66cfeae386ca99bf65f2cbea68322205a1368bb8.idx
[detached HEAD 89d1126] Runtime: optional PS2X_GAME_CODEGEN_DIR game-objects static lib (I10)
 Author: muse-i10 <i10@local>
 Date: Mon Sep 21 00:35:59 2026 -0400
 1 file changed, 22 insertions(+)
