-- The C compiler identification is Clang 23.1.1
-- The CXX compiler identification is Clang 23.1.1
-- Detecting C compiler ABI info
-- Detecting C compiler ABI info - done
-- Check for working C compiler: /Applications/Xcode.app/Contents/Developer/Toolchains/XcodeDefault.xctoolchain/usr/bin/clang - skipped
-- Detecting C compile features
-- Detecting C compile features - done
-- Detecting CXX compiler ABI info
-- Detecting CXX compiler ABI info - done
-- Check for working CXX compiler: /Applications/Xcode.app/Contents/Developer/Toolchains/XcodeDefault.xctoolchain/usr/bin/clang++ - skipped
-- Detecting CXX compile features
-- Detecting CXX compile features - done
-- ARM target detected, fetching sse2neon
-- macOS ARM64 - using default compiler flags
CMake Warning (deprecated) at /Volumes/Extreme SSD/ps2x-i4/raylib-5.5/CMakeLists.txt:1 (cmake_minimum_required):
  Compatibility with CMake < 3.10 will be removed from a future version of
  CMake.

  Update the VERSION argument <min> value.  Or, use the <min>...<max> syntax
  to tell CMake that the project requires at least <min> but has been updated
  to work with policies introduced by <max> or earlier.
This warning is for project developers.  Use -Wno-author or -Wno-deprecated
to suppress it.

-- Performing Test COMPILER_HAS_THOSE_TOGGLES
-- Performing Test COMPILER_HAS_THOSE_TOGGLES - Success
-- Testing if -Werror=pointer-arith can be used -- compiles
-- Testing if -Werror=implicit-function-declaration can be used -- compiles
-- Testing if -fno-strict-aliasing can be used -- compiles
-- Using external GLFW
-- Audio Backend: miniaudio
-- Building raylib static library
-- Generated config types: Release
-- Compiling with the flags:
--   PLATFORM=PLATFORM_DESKTOP_SDL
--   GRAPHICS=GRAPHICS_API_OPENGL_ES2
CMake Warning (author) at /opt/homebrew/share/cmake/Modules/FetchContent.cmake:1968 (message):
  Calling FetchContent_Populate(imgui) is deprecated, call
  FetchContent_MakeAvailable(imgui) instead.  Policy CMP0169 can be set to
  OLD to allow FetchContent_Populate(imgui) to be called directly for now,
  but the ability to call it with declared details will be removed completely
  in a future version.
Call Stack (most recent call first):
  ps2xRuntime/CMakeLists.txt:123 (FetchContent_Populate)
This warning is for project developers.  Use -Wno-author to suppress it.

-- Populating imgui
-- Configuring done (1.1s)
-- Generating done (0.8s)
-- Build files have been written to: /Volumes/Extreme SSD/ps2x-i11/ios-runtime-device/_deps/imgui-subbuild
Command line invocation:
    /Applications/Xcode.app/Contents/Developer/usr/bin/xcodebuild -project imgui-populate.xcodeproj build -configuration Debug -parallelizeTargets -hideShellScriptEnvironment -target ALL_BUILD

ComputePackagePrebuildTargetDependencyGraph

CreateBuildRequest

SendProjectDescription

CreateBuildOperation

ComputeTargetDependencyGraph
note: Building targets in dependency order
note: Target dependency graph (3 targets)
    Target 'ALL_BUILD' in project 'imgui-populate'
        ➜ Explicit dependency on target 'imgui-populate' in project 'imgui-populate'
        ➜ Explicit dependency on target 'ZERO_CHECK' in project 'imgui-populate'
    Target 'imgui-populate' in project 'imgui-populate'
        ➜ Explicit dependency on target 'ZERO_CHECK' in project 'imgui-populate'
    Target 'ZERO_CHECK' in project 'imgui-populate' (no dependencies)

GatherProvisioningInputs

CreateBuildDescription

ExecuteExternalTool /opt/homebrew/opt/llvm/bin/clang -v -E -dM -isysroot /Applications/Xcode.app/Contents/Developer/Platforms/MacOSX.platform/Developer/SDKs/MacOSX27.0.sdk -x c -c /dev/null

Build description signature: b3fc07beefc46c02b77c2633fa7dc1e3
Build description path: /Volumes/Extreme SSD/ps2x-i11/ios-runtime-device/_deps/imgui-subbuild/build/XCBuildData/b3fc07beefc46c02b77c2633fa7dc1e3.xcbuilddata
CreateBuildDirectory /Volumes/Extreme\ SSD/ps2x-i11/ios-runtime-device/_deps/imgui-subbuild/build
    cd /Volumes/Extreme\ SSD/ps2x-i11/ios-runtime-device/_deps/imgui-subbuild/imgui-populate.xcodeproj
    builtin-create-build-directory /Volumes/Extreme\ SSD/ps2x-i11/ios-runtime-device/_deps/imgui-subbuild/build

CreateBuildDirectory /var/folders/zg/v8fr50g11gg5xcmmsr57zzq00000gn/C/com.apple.DeveloperTools/27.0-27A266a/Xcode/CompilationCache.noindex
    cd /Volumes/Extreme\ SSD/ps2x-i11/ios-runtime-device/_deps/imgui-subbuild/imgui-populate.xcodeproj
    builtin-create-build-directory /var/folders/zg/v8fr50g11gg5xcmmsr57zzq00000gn/C/com.apple.DeveloperTools/27.0-27A266a/Xcode/CompilationCache.noindex

CreateBuildDirectory /Volumes/Extreme\ SSD/ps2x-i11/ios-runtime-device/_deps/imgui-subbuild/build/SharedPrecompiledHeaders
    cd /Volumes/Extreme\ SSD/ps2x-i11/ios-runtime-device/_deps/imgui-subbuild/imgui-populate.xcodeproj
    builtin-create-build-directory /Volumes/Extreme\ SSD/ps2x-i11/ios-runtime-device/_deps/imgui-subbuild/build/SharedPrecompiledHeaders

CreateBuildDirectory /Volumes/Extreme\ SSD/ps2x-i11/ios-runtime-device/_deps/imgui-subbuild/build/SwiftExplicitPrecompiledModules
    cd /Volumes/Extreme\ SSD/ps2x-i11/ios-runtime-device/_deps/imgui-subbuild/imgui-populate.xcodeproj
    builtin-create-build-directory /Volumes/Extreme\ SSD/ps2x-i11/ios-runtime-device/_deps/imgui-subbuild/build/SwiftExplicitPrecompiledModules

CreateBuildDirectory /Volumes/Extreme\ SSD/ps2x-i11/ios-runtime-device/_deps/imgui-subbuild/build/ExplicitPrecompiledModules
    cd /Volumes/Extreme\ SSD/ps2x-i11/ios-runtime-device/_deps/imgui-subbuild/imgui-populate.xcodeproj
    builtin-create-build-directory /Volumes/Extreme\ SSD/ps2x-i11/ios-runtime-device/_deps/imgui-subbuild/build/ExplicitPrecompiledModules

CreateBuildDirectory /Volumes/Extreme\ SSD/ps2x-i11/ios-runtime-device/_deps/imgui-subbuild/build/Debug
    cd /Volumes/Extreme\ SSD/ps2x-i11/ios-runtime-device/_deps/imgui-subbuild/imgui-populate.xcodeproj
    builtin-create-build-directory /Volumes/Extreme\ SSD/ps2x-i11/ios-runtime-device/_deps/imgui-subbuild/build/Debug

WriteAuxiliaryFile /Volumes/Extreme\ SSD/ps2x-i11/ios-runtime-device/_deps/imgui-subbuild/build/imgui-populate.build/Debug/imgui-populate.build/Script-890B8617A4757011F2523539.sh (in target 'imgui-populate' from project 'imgui-populate')
    cd /Volumes/Extreme\ SSD/ps2x-i11/ios-runtime-device/_deps/imgui-subbuild
    write-file /Volumes/Extreme\ SSD/ps2x-i11/ios-runtime-device/_deps/imgui-subbuild/build/imgui-populate.build/Debug/imgui-populate.build/Script-890B8617A4757011F2523539.sh

WriteAuxiliaryFile /Volumes/Extreme\ SSD/ps2x-i11/ios-runtime-device/_deps/imgui-subbuild/build/imgui-populate.build/Debug/imgui-populate.build/Script-AFB2EDBC41691A959E83D311.sh (in target 'imgui-populate' from project 'imgui-populate')
    cd /Volumes/Extreme\ SSD/ps2x-i11/ios-runtime-device/_deps/imgui-subbuild
    write-file /Volumes/Extreme\ SSD/ps2x-i11/ios-runtime-device/_deps/imgui-subbuild/build/imgui-populate.build/Debug/imgui-populate.build/Script-AFB2EDBC41691A959E83D311.sh

WriteAuxiliaryFile /Volumes/Extreme\ SSD/ps2x-i11/ios-runtime-device/_deps/imgui-subbuild/build/imgui-populate.build/Debug/imgui-populate.build/Script-9108E9F647F02BA810A74AB9.sh (in target 'imgui-populate' from project 'imgui-populate')
    cd /Volumes/Extreme\ SSD/ps2x-i11/ios-runtime-device/_deps/imgui-subbuild
    write-file /Volumes/Extreme\ SSD/ps2x-i11/ios-runtime-device/_deps/imgui-subbuild/build/imgui-populate.build/Debug/imgui-populate.build/Script-9108E9F647F02BA810A74AB9.sh

WriteAuxiliaryFile /Volumes/Extreme\ SSD/ps2x-i11/ios-runtime-device/_deps/imgui-subbuild/build/imgui-populate.build/Debug/imgui-populate.build/Script-AD04FCD6E117FE7F57F97AAC.sh (in target 'imgui-populate' from project 'imgui-populate')
    cd /Volumes/Extreme\ SSD/ps2x-i11/ios-runtime-device/_deps/imgui-subbuild
    write-file /Volumes/Extreme\ SSD/ps2x-i11/ios-runtime-device/_deps/imgui-subbuild/build/imgui-populate.build/Debug/imgui-populate.build/Script-AD04FCD6E117FE7F57F97AAC.sh

WriteAuxiliaryFile /Volumes/Extreme\ SSD/ps2x-i11/ios-runtime-device/_deps/imgui-subbuild/build/imgui-populate.build/Debug/imgui-populate.build/Script-B043B1ADCAFD29D4F3D6E261.sh (in target 'imgui-populate' from project 'imgui-populate')
    cd /Volumes/Extreme\ SSD/ps2x-i11/ios-runtime-device/_deps/imgui-subbuild
    write-file /Volumes/Extreme\ SSD/ps2x-i11/ios-runtime-device/_deps/imgui-subbuild/build/imgui-populate.build/Debug/imgui-populate.build/Script-B043B1ADCAFD29D4F3D6E261.sh

CreateBuildDirectory /Volumes/Extreme\ SSD/ps2x-i11/ios-runtime-device/_deps/imgui-subbuild/build/EagerLinkingTBDs/Debug
    cd /Volumes/Extreme\ SSD/ps2x-i11/ios-runtime-device/_deps/imgui-subbuild/imgui-populate.xcodeproj
    builtin-create-build-directory /Volumes/Extreme\ SSD/ps2x-i11/ios-runtime-device/_deps/imgui-subbuild/build/EagerLinkingTBDs/Debug

WriteAuxiliaryFile /Volumes/Extreme\ SSD/ps2x-i11/ios-runtime-device/_deps/imgui-subbuild/build/imgui-populate.build/Debug/imgui-populate.build/Script-6FB65F78EFE97CB2FC0583CD.sh (in target 'imgui-populate' from project 'imgui-populate')
    cd /Volumes/Extreme\ SSD/ps2x-i11/ios-runtime-device/_deps/imgui-subbuild
    write-file /Volumes/Extreme\ SSD/ps2x-i11/ios-runtime-device/_deps/imgui-subbuild/build/imgui-populate.build/Debug/imgui-populate.build/Script-6FB65F78EFE97CB2FC0583CD.sh

WriteAuxiliaryFile /Volumes/Extreme\ SSD/ps2x-i11/ios-runtime-device/_deps/imgui-subbuild/build/imgui-populate.build/Debug/imgui-populate.build/Script-661224B7D13162A1D9C939A6.sh (in target 'imgui-populate' from project 'imgui-populate')
    cd /Volumes/Extreme\ SSD/ps2x-i11/ios-runtime-device/_deps/imgui-subbuild
    write-file /Volumes/Extreme\ SSD/ps2x-i11/ios-runtime-device/_deps/imgui-subbuild/build/imgui-populate.build/Debug/imgui-populate.build/Script-661224B7D13162A1D9C939A6.sh

WriteAuxiliaryFile /Volumes/Extreme\ SSD/ps2x-i11/ios-runtime-device/_deps/imgui-subbuild/build/imgui-populate.build/Debug/imgui-populate.build/Script-65EE2DE78E16D7945E9C8560.sh (in target 'imgui-populate' from project 'imgui-populate')
    cd /Volumes/Extreme\ SSD/ps2x-i11/ios-runtime-device/_deps/imgui-subbuild
    write-file /Volumes/Extreme\ SSD/ps2x-i11/ios-runtime-device/_deps/imgui-subbuild/build/imgui-populate.build/Debug/imgui-populate.build/Script-65EE2DE78E16D7945E9C8560.sh

WriteAuxiliaryFile /Volumes/Extreme\ SSD/ps2x-i11/ios-runtime-device/_deps/imgui-subbuild/build/imgui-populate.build/Debug/imgui-populate.build/Script-502EF7C2F7B76CD60F97FA4A.sh (in target 'imgui-populate' from project 'imgui-populate')
    cd /Volumes/Extreme\ SSD/ps2x-i11/ios-runtime-device/_deps/imgui-subbuild
    write-file /Volumes/Extreme\ SSD/ps2x-i11/ios-runtime-device/_deps/imgui-subbuild/build/imgui-populate.build/Debug/imgui-populate.build/Script-502EF7C2F7B76CD60F97FA4A.sh

WriteAuxiliaryFile /Volumes/Extreme\ SSD/ps2x-i11/ios-runtime-device/_deps/imgui-subbuild/build/imgui-populate.build/Debug/imgui-populate.build/Script-16F763C200EEA60D532CDDBA.sh (in target 'imgui-populate' from project 'imgui-populate')
    cd /Volumes/Extreme\ SSD/ps2x-i11/ios-runtime-device/_deps/imgui-subbuild
    write-file /Volumes/Extreme\ SSD/ps2x-i11/ios-runtime-device/_deps/imgui-subbuild/build/imgui-populate.build/Debug/imgui-populate.build/Script-16F763C200EEA60D532CDDBA.sh

WriteAuxiliaryFile /Volumes/Extreme\ SSD/ps2x-i11/ios-runtime-device/_deps/imgui-subbuild/build/imgui-populate.build/Debug/ZERO_CHECK.build/Script-463CFFB95E3FF811B9699DD1.sh (in target 'ZERO_CHECK' from project 'imgui-populate')
    cd /Volumes/Extreme\ SSD/ps2x-i11/ios-runtime-device/_deps/imgui-subbuild
    write-file /Volumes/Extreme\ SSD/ps2x-i11/ios-runtime-device/_deps/imgui-subbuild/build/imgui-populate.build/Debug/ZERO_CHECK.build/Script-463CFFB95E3FF811B9699DD1.sh

WriteAuxiliaryFile /Volumes/Extreme\ SSD/ps2x-i11/ios-runtime-device/_deps/imgui-subbuild/build/imgui-populate.build/Debug/ALL_BUILD.build/Script-4071911CD8D09C1ACE4FD5FC.sh (in target 'ALL_BUILD' from project 'imgui-populate')
    cd /Volumes/Extreme\ SSD/ps2x-i11/ios-runtime-device/_deps/imgui-subbuild
    write-file /Volumes/Extreme\ SSD/ps2x-i11/ios-runtime-device/_deps/imgui-subbuild/build/imgui-populate.build/Debug/ALL_BUILD.build/Script-4071911CD8D09C1ACE4FD5FC.sh

PhaseScriptExecution Generate\ CMakeFiles/ZERO_CHECK /Volumes/Extreme\ SSD/ps2x-i11/ios-runtime-device/_deps/imgui-subbuild/build/imgui-populate.build/Debug/ZERO_CHECK.build/Script-463CFFB95E3FF811B9699DD1.sh (in target 'ZERO_CHECK' from project 'imgui-populate')
    cd /Volumes/Extreme\ SSD/ps2x-i11/ios-runtime-device/_deps/imgui-subbuild
    /bin/sh -c /Volumes/Extreme\\\ SSD/ps2x-i11/ios-runtime-device/_deps/imgui-subbuild/build/imgui-populate.build/Debug/ZERO_CHECK.build/Script-463CFFB95E3FF811B9699DD1.sh
make: `/Volumes/Extreme SSD/ps2x-i11/ios-runtime-device/_deps/imgui-subbuild/CMakeFiles/cmake.check_cache' is up to date.

PhaseScriptExecution Generate\ imgui-populate-prefix/src/imgui-populate-stamp/$(CONFIGURATION)$(EFFECTIVE_PLATFORM_NAME)/imgui-populate-mkdir /Volumes/Extreme\ SSD/ps2x-i11/ios-runtime-device/_deps/imgui-subbuild/build/imgui-populate.build/Debug/imgui-populate.build/Script-B043B1ADCAFD29D4F3D6E261.sh (in target 'imgui-populate' from project 'imgui-populate')
    cd /Volumes/Extreme\ SSD/ps2x-i11/ios-runtime-device/_deps/imgui-subbuild
    /bin/sh -c /Volumes/Extreme\\\ SSD/ps2x-i11/ios-runtime-device/_deps/imgui-subbuild/build/imgui-populate.build/Debug/imgui-populate.build/Script-B043B1ADCAFD29D4F3D6E261.sh

PhaseScriptExecution Generate\ imgui-populate-prefix/src/imgui-populate-stamp/$(CONFIGURATION)$(EFFECTIVE_PLATFORM_NAME)/imgui-populate-download /Volumes/Extreme\ SSD/ps2x-i11/ios-runtime-device/_deps/imgui-subbuild/build/imgui-populate.build/Debug/imgui-populate.build/Script-AFB2EDBC41691A959E83D311.sh (in target 'imgui-populate' from project 'imgui-populate')
    cd /Volumes/Extreme\ SSD/ps2x-i11/ios-runtime-device/_deps/imgui-subbuild
    /bin/sh -c /Volumes/Extreme\\\ SSD/ps2x-i11/ios-runtime-device/_deps/imgui-subbuild/build/imgui-populate.build/Debug/imgui-populate.build/Script-AFB2EDBC41691A959E83D311.sh
Cloning into 'imgui-src'...
error: non-monotonic index .git/objects/pack/._pack-0f6f5c767f438cb6b7e417f0a3c13d0bb06d6702.idx
error: non-monotonic index .git/objects/pack/._pack-0f6f5c767f438cb6b7e417f0a3c13d0bb06d6702.idx
HEAD is now at b1bcb12 Merge branch 'master' into docking
Command PhaseScriptExecution emitted errors but did not return a nonzero exit code to indicate failure

PhaseScriptExecution Generate\ imgui-populate-prefix/src/imgui-populate-stamp/$(CONFIGURATION)$(EFFECTIVE_PLATFORM_NAME)/imgui-populate-update /Volumes/Extreme\ SSD/ps2x-i11/ios-runtime-device/_deps/imgui-subbuild/build/imgui-populate.build/Debug/imgui-populate.build/Script-890B8617A4757011F2523539.sh (in target 'imgui-populate' from project 'imgui-populate')
    cd /Volumes/Extreme\ SSD/ps2x-i11/ios-runtime-device/_deps/imgui-subbuild
    /bin/sh -c /Volumes/Extreme\\\ SSD/ps2x-i11/ios-runtime-device/_deps/imgui-subbuild/build/imgui-populate.build/Debug/imgui-populate.build/Script-890B8617A4757011F2523539.sh
-- Already at requested tag: v1.92.7-docking

PhaseScriptExecution Generate\ imgui-populate-prefix/src/imgui-populate-stamp/$(CONFIGURATION)$(EFFECTIVE_PLATFORM_NAME)/imgui-populate-patch /Volumes/Extreme\ SSD/ps2x-i11/ios-runtime-device/_deps/imgui-subbuild/build/imgui-populate.build/Debug/imgui-populate.build/Script-6FB65F78EFE97CB2FC0583CD.sh (in target 'imgui-populate' from project 'imgui-populate')
    cd /Volumes/Extreme\ SSD/ps2x-i11/ios-runtime-device/_deps/imgui-subbuild
    /bin/sh -c /Volumes/Extreme\\\ SSD/ps2x-i11/ios-runtime-device/_deps/imgui-subbuild/build/imgui-populate.build/Debug/imgui-populate.build/Script-6FB65F78EFE97CB2FC0583CD.sh

PhaseScriptExecution Generate\ imgui-populate-prefix/src/imgui-populate-stamp/$(CONFIGURATION)$(EFFECTIVE_PLATFORM_NAME)/imgui-populate-configure /Volumes/Extreme\ SSD/ps2x-i11/ios-runtime-device/_deps/imgui-subbuild/build/imgui-populate.build/Debug/imgui-populate.build/Script-65EE2DE78E16D7945E9C8560.sh (in target 'imgui-populate' from project 'imgui-populate')
    cd /Volumes/Extreme\ SSD/ps2x-i11/ios-runtime-device/_deps/imgui-subbuild
    /bin/sh -c /Volumes/Extreme\\\ SSD/ps2x-i11/ios-runtime-device/_deps/imgui-subbuild/build/imgui-populate.build/Debug/imgui-populate.build/Script-65EE2DE78E16D7945E9C8560.sh

PhaseScriptExecution Generate\ imgui-populate-prefix/src/imgui-populate-stamp/$(CONFIGURATION)$(EFFECTIVE_PLATFORM_NAME)/imgui-populate-build /Volumes/Extreme\ SSD/ps2x-i11/ios-runtime-device/_deps/imgui-subbuild/build/imgui-populate.build/Debug/imgui-populate.build/Script-502EF7C2F7B76CD60F97FA4A.sh (in target 'imgui-populate' from project 'imgui-populate')
    cd /Volumes/Extreme\ SSD/ps2x-i11/ios-runtime-device/_deps/imgui-subbuild
    /bin/sh -c /Volumes/Extreme\\\ SSD/ps2x-i11/ios-runtime-device/_deps/imgui-subbuild/build/imgui-populate.build/Debug/imgui-populate.build/Script-502EF7C2F7B76CD60F97FA4A.sh

PhaseScriptExecution Generate\ imgui-populate-prefix/src/imgui-populate-stamp/$(CONFIGURATION)$(EFFECTIVE_PLATFORM_NAME)/imgui-populate-install /Volumes/Extreme\ SSD/ps2x-i11/ios-runtime-device/_deps/imgui-subbuild/build/imgui-populate.build/Debug/imgui-populate.build/Script-AD04FCD6E117FE7F57F97AAC.sh (in target 'imgui-populate' from project 'imgui-populate')
    cd /Volumes/Extreme\ SSD/ps2x-i11/ios-runtime-device/_deps/imgui-subbuild
    /bin/sh -c /Volumes/Extreme\\\ SSD/ps2x-i11/ios-runtime-device/_deps/imgui-subbuild/build/imgui-populate.build/Debug/imgui-populate.build/Script-AD04FCD6E117FE7F57F97AAC.sh

PhaseScriptExecution Generate\ imgui-populate-prefix/src/imgui-populate-stamp/$(CONFIGURATION)$(EFFECTIVE_PLATFORM_NAME)/imgui-populate-test /Volumes/Extreme\ SSD/ps2x-i11/ios-runtime-device/_deps/imgui-subbuild/build/imgui-populate.build/Debug/imgui-populate.build/Script-9108E9F647F02BA810A74AB9.sh (in target 'imgui-populate' from project 'imgui-populate')
    cd /Volumes/Extreme\ SSD/ps2x-i11/ios-runtime-device/_deps/imgui-subbuild
    /bin/sh -c /Volumes/Extreme\\\ SSD/ps2x-i11/ios-runtime-device/_deps/imgui-subbuild/build/imgui-populate.build/Debug/imgui-populate.build/Script-9108E9F647F02BA810A74AB9.sh

PhaseScriptExecution Generate\ CMakeFiles/$(CONFIGURATION)$(EFFECTIVE_PLATFORM_NAME)/imgui-populate-complete /Volumes/Extreme\ SSD/ps2x-i11/ios-runtime-device/_deps/imgui-subbuild/build/imgui-populate.build/Debug/imgui-populate.build/Script-16F763C200EEA60D532CDDBA.sh (in target 'imgui-populate' from project 'imgui-populate')
    cd /Volumes/Extreme\ SSD/ps2x-i11/ios-runtime-device/_deps/imgui-subbuild
    /bin/sh -c /Volumes/Extreme\\\ SSD/ps2x-i11/ios-runtime-device/_deps/imgui-subbuild/build/imgui-populate.build/Debug/imgui-populate.build/Script-16F763C200EEA60D532CDDBA.sh

PhaseScriptExecution Generate\ CMakeFiles/imgui-populate /Volumes/Extreme\ SSD/ps2x-i11/ios-runtime-device/_deps/imgui-subbuild/build/imgui-populate.build/Debug/imgui-populate.build/Script-661224B7D13162A1D9C939A6.sh (in target 'imgui-populate' from project 'imgui-populate')
    cd /Volumes/Extreme\ SSD/ps2x-i11/ios-runtime-device/_deps/imgui-subbuild
    /bin/sh -c /Volumes/Extreme\\\ SSD/ps2x-i11/ios-runtime-device/_deps/imgui-subbuild/build/imgui-populate.build/Debug/imgui-populate.build/Script-661224B7D13162A1D9C939A6.sh

PhaseScriptExecution Generate\ CMakeFiles/ALL_BUILD /Volumes/Extreme\ SSD/ps2x-i11/ios-runtime-device/_deps/imgui-subbuild/build/imgui-populate.build/Debug/ALL_BUILD.build/Script-4071911CD8D09C1ACE4FD5FC.sh (in target 'ALL_BUILD' from project 'imgui-populate')
    cd /Volumes/Extreme\ SSD/ps2x-i11/ios-runtime-device/_deps/imgui-subbuild
    /bin/sh -c /Volumes/Extreme\\\ SSD/ps2x-i11/ios-runtime-device/_deps/imgui-subbuild/build/imgui-populate.build/Debug/ALL_BUILD.build/Script-4071911CD8D09C1ACE4FD5FC.sh
Build all projects

PruneExplicitPrecompiledModules /Volumes/Extreme SSD/ps2x-i11/ios-runtime-device/_deps/imgui-subbuild/build/SwiftExplicitPrecompiledModules

PruneExplicitPrecompiledModules /Volumes/Extreme SSD/ps2x-i11/ios-runtime-device/_deps/imgui-subbuild/build/ExplicitPrecompiledModules

note: Run script build phase 'Generate CMakeFiles/imgui-populate' will be run during every build because the option to run the script phase "Based on dependency analysis" is unchecked. (in target 'imgui-populate' from project 'imgui-populate')
note: Run script build phase 'Generate CMakeFiles/$(CONFIGURATION)$(EFFECTIVE_PLATFORM_NAME)/imgui-populate-complete' will be run during every build because the option to run the script phase "Based on dependency analysis" is unchecked. (in target 'imgui-populate' from project 'imgui-populate')
note: Run script build phase 'Generate imgui-populate-prefix/src/imgui-populate-stamp/$(CONFIGURATION)$(EFFECTIVE_PLATFORM_NAME)/imgui-populate-patch' will be run during every build because the option to run the script phase "Based on dependency analysis" is unchecked. (in target 'imgui-populate' from project 'imgui-populate')
note: Run script build phase 'Generate imgui-populate-prefix/src/imgui-populate-stamp/$(CONFIGURATION)$(EFFECTIVE_PLATFORM_NAME)/imgui-populate-update' will be run during every build because the option to run the script phase "Based on dependency analysis" is unchecked. (in target 'imgui-populate' from project 'imgui-populate')
note: Run script build phase 'Generate CMakeFiles/ZERO_CHECK' will be run during every build because the option to run the script phase "Based on dependency analysis" is unchecked. (in target 'ZERO_CHECK' from project 'imgui-populate')
note: Run script build phase 'Generate CMakeFiles/ALL_BUILD' will be run during every build because the option to run the script phase "Based on dependency analysis" is unchecked. (in target 'ALL_BUILD' from project 'imgui-populate')
** BUILD SUCCEEDED **

CMake Warning (author) at /opt/homebrew/share/cmake/Modules/FetchContent.cmake:1968 (message):
  Calling FetchContent_Populate(rlImGui) is deprecated, call
  FetchContent_MakeAvailable(rlImGui) instead.  Policy CMP0169 can be set to
  OLD to allow FetchContent_Populate(rlImGui) to be called directly for now,
  but the ability to call it with declared details will be removed completely
  in a future version.
Call Stack (most recent call first):
  ps2xRuntime/CMakeLists.txt:146 (FetchContent_Populate)
This warning is for project developers.  Use -Wno-author to suppress it.

-- Populating rlimgui
-- Configuring done (0.6s)
-- Generating done (0.5s)
-- Build files have been written to: /Volumes/Extreme SSD/ps2x-i11/ios-runtime-device/_deps/rlimgui-subbuild
Command line invocation:
    /Applications/Xcode.app/Contents/Developer/usr/bin/xcodebuild -project rlimgui-populate.xcodeproj build -configuration Debug -parallelizeTargets -hideShellScriptEnvironment -target ALL_BUILD

ComputePackagePrebuildTargetDependencyGraph

CreateBuildRequest

SendProjectDescription

CreateBuildOperation

ComputeTargetDependencyGraph
note: Building targets in dependency order
note: Target dependency graph (3 targets)
    Target 'ALL_BUILD' in project 'rlimgui-populate'
        ➜ Explicit dependency on target 'rlimgui-populate' in project 'rlimgui-populate'
        ➜ Explicit dependency on target 'ZERO_CHECK' in project 'rlimgui-populate'
    Target 'rlimgui-populate' in project 'rlimgui-populate'
        ➜ Explicit dependency on target 'ZERO_CHECK' in project 'rlimgui-populate'
    Target 'ZERO_CHECK' in project 'rlimgui-populate' (no dependencies)

GatherProvisioningInputs

CreateBuildDescription

ExecuteExternalTool /opt/homebrew/opt/llvm/bin/clang -v -E -dM -isysroot /Applications/Xcode.app/Contents/Developer/Platforms/MacOSX.platform/Developer/SDKs/MacOSX27.0.sdk -x c -c /dev/null

Build description signature: c0116e1c807565c042eab7a4cb40fac8
Build description path: /Volumes/Extreme SSD/ps2x-i11/ios-runtime-device/_deps/rlimgui-subbuild/build/XCBuildData/c0116e1c807565c042eab7a4cb40fac8.xcbuilddata
CreateBuildDirectory /Volumes/Extreme\ SSD/ps2x-i11/ios-runtime-device/_deps/rlimgui-subbuild/build
    cd /Volumes/Extreme\ SSD/ps2x-i11/ios-runtime-device/_deps/rlimgui-subbuild/rlimgui-populate.xcodeproj
    builtin-create-build-directory /Volumes/Extreme\ SSD/ps2x-i11/ios-runtime-device/_deps/rlimgui-subbuild/build

CreateBuildDirectory /var/folders/zg/v8fr50g11gg5xcmmsr57zzq00000gn/C/com.apple.DeveloperTools/27.0-27A266a/Xcode/CompilationCache.noindex
    cd /Volumes/Extreme\ SSD/ps2x-i11/ios-runtime-device/_deps/rlimgui-subbuild/rlimgui-populate.xcodeproj
    builtin-create-build-directory /var/folders/zg/v8fr50g11gg5xcmmsr57zzq00000gn/C/com.apple.DeveloperTools/27.0-27A266a/Xcode/CompilationCache.noindex

CreateBuildDirectory /Volumes/Extreme\ SSD/ps2x-i11/ios-runtime-device/_deps/rlimgui-subbuild/build/ExplicitPrecompiledModules
    cd /Volumes/Extreme\ SSD/ps2x-i11/ios-runtime-device/_deps/rlimgui-subbuild/rlimgui-populate.xcodeproj
    builtin-create-build-directory /Volumes/Extreme\ SSD/ps2x-i11/ios-runtime-device/_deps/rlimgui-subbuild/build/ExplicitPrecompiledModules

CreateBuildDirectory /Volumes/Extreme\ SSD/ps2x-i11/ios-runtime-device/_deps/rlimgui-subbuild/build/SwiftExplicitPrecompiledModules
    cd /Volumes/Extreme\ SSD/ps2x-i11/ios-runtime-device/_deps/rlimgui-subbuild/rlimgui-populate.xcodeproj
    builtin-create-build-directory /Volumes/Extreme\ SSD/ps2x-i11/ios-runtime-device/_deps/rlimgui-subbuild/build/SwiftExplicitPrecompiledModules

CreateBuildDirectory /Volumes/Extreme\ SSD/ps2x-i11/ios-runtime-device/_deps/rlimgui-subbuild/build/SharedPrecompiledHeaders
    cd /Volumes/Extreme\ SSD/ps2x-i11/ios-runtime-device/_deps/rlimgui-subbuild/rlimgui-populate.xcodeproj
    builtin-create-build-directory /Volumes/Extreme\ SSD/ps2x-i11/ios-runtime-device/_deps/rlimgui-subbuild/build/SharedPrecompiledHeaders

CreateBuildDirectory /Volumes/Extreme\ SSD/ps2x-i11/ios-runtime-device/_deps/rlimgui-subbuild/build/Debug
    cd /Volumes/Extreme\ SSD/ps2x-i11/ios-runtime-device/_deps/rlimgui-subbuild/rlimgui-populate.xcodeproj
    builtin-create-build-directory /Volumes/Extreme\ SSD/ps2x-i11/ios-runtime-device/_deps/rlimgui-subbuild/build/Debug

WriteAuxiliaryFile /Volumes/Extreme\ SSD/ps2x-i11/ios-runtime-device/_deps/rlimgui-subbuild/build/rlimgui-populate.build/Debug/rlimgui-populate.build/Script-B1F4C39E6D96FCF0CF3E09B6.sh (in target 'rlimgui-populate' from project 'rlimgui-populate')
    cd /Volumes/Extreme\ SSD/ps2x-i11/ios-runtime-device/_deps/rlimgui-subbuild
    write-file /Volumes/Extreme\ SSD/ps2x-i11/ios-runtime-device/_deps/rlimgui-subbuild/build/rlimgui-populate.build/Debug/rlimgui-populate.build/Script-B1F4C39E6D96FCF0CF3E09B6.sh

CreateBuildDirectory /Volumes/Extreme\ SSD/ps2x-i11/ios-runtime-device/_deps/rlimgui-subbuild/build/EagerLinkingTBDs/Debug
    cd /Volumes/Extreme\ SSD/ps2x-i11/ios-runtime-device/_deps/rlimgui-subbuild/rlimgui-populate.xcodeproj
    builtin-create-build-directory /Volumes/Extreme\ SSD/ps2x-i11/ios-runtime-device/_deps/rlimgui-subbuild/build/EagerLinkingTBDs/Debug

WriteAuxiliaryFile /Volumes/Extreme\ SSD/ps2x-i11/ios-runtime-device/_deps/rlimgui-subbuild/build/rlimgui-populate.build/Debug/rlimgui-populate.build/Script-D8ED2A967BE616B00402C63A.sh (in target 'rlimgui-populate' from project 'rlimgui-populate')
    cd /Volumes/Extreme\ SSD/ps2x-i11/ios-runtime-device/_deps/rlimgui-subbuild
    write-file /Volumes/Extreme\ SSD/ps2x-i11/ios-runtime-device/_deps/rlimgui-subbuild/build/rlimgui-populate.build/Debug/rlimgui-populate.build/Script-D8ED2A967BE616B00402C63A.sh

WriteAuxiliaryFile /Volumes/Extreme\ SSD/ps2x-i11/ios-runtime-device/_deps/rlimgui-subbuild/build/rlimgui-populate.build/Debug/rlimgui-populate.build/Script-C76350BF0D7D7C2373491BCD.sh (in target 'rlimgui-populate' from project 'rlimgui-populate')
    cd /Volumes/Extreme\ SSD/ps2x-i11/ios-runtime-device/_deps/rlimgui-subbuild
    write-file /Volumes/Extreme\ SSD/ps2x-i11/ios-runtime-device/_deps/rlimgui-subbuild/build/rlimgui-populate.build/Debug/rlimgui-populate.build/Script-C76350BF0D7D7C2373491BCD.sh

WriteAuxiliaryFile /Volumes/Extreme\ SSD/ps2x-i11/ios-runtime-device/_deps/rlimgui-subbuild/build/rlimgui-populate.build/Debug/ALL_BUILD.build/Script-0C4C04C13C1DBD5DC3F7C52D.sh (in target 'ALL_BUILD' from project 'rlimgui-populate')
    cd /Volumes/Extreme\ SSD/ps2x-i11/ios-runtime-device/_deps/rlimgui-subbuild
    write-file /Volumes/Extreme\ SSD/ps2x-i11/ios-runtime-device/_deps/rlimgui-subbuild/build/rlimgui-populate.build/Debug/ALL_BUILD.build/Script-0C4C04C13C1DBD5DC3F7C52D.sh

WriteAuxiliaryFile /Volumes/Extreme\ SSD/ps2x-i11/ios-runtime-device/_deps/rlimgui-subbuild/build/rlimgui-populate.build/Debug/ZERO_CHECK.build/Script-AE13523BD79AEF06F08824DC.sh (in target 'ZERO_CHECK' from project 'rlimgui-populate')
    cd /Volumes/Extreme\ SSD/ps2x-i11/ios-runtime-device/_deps/rlimgui-subbuild
    write-file /Volumes/Extreme\ SSD/ps2x-i11/ios-runtime-device/_deps/rlimgui-subbuild/build/rlimgui-populate.build/Debug/ZERO_CHECK.build/Script-AE13523BD79AEF06F08824DC.sh

WriteAuxiliaryFile /Volumes/Extreme\ SSD/ps2x-i11/ios-runtime-device/_deps/rlimgui-subbuild/build/rlimgui-populate.build/Debug/rlimgui-populate.build/Script-874BDE9D27F11CC546E93451.sh (in target 'rlimgui-populate' from project 'rlimgui-populate')
    cd /Volumes/Extreme\ SSD/ps2x-i11/ios-runtime-device/_deps/rlimgui-subbuild
    write-file /Volumes/Extreme\ SSD/ps2x-i11/ios-runtime-device/_deps/rlimgui-subbuild/build/rlimgui-populate.build/Debug/rlimgui-populate.build/Script-874BDE9D27F11CC546E93451.sh

WriteAuxiliaryFile /Volumes/Extreme\ SSD/ps2x-i11/ios-runtime-device/_deps/rlimgui-subbuild/build/rlimgui-populate.build/Debug/rlimgui-populate.build/Script-78FD7141B6B8C529DE8B3F07.sh (in target 'rlimgui-populate' from project 'rlimgui-populate')
    cd /Volumes/Extreme\ SSD/ps2x-i11/ios-runtime-device/_deps/rlimgui-subbuild
    write-file /Volumes/Extreme\ SSD/ps2x-i11/ios-runtime-device/_deps/rlimgui-subbuild/build/rlimgui-populate.build/Debug/rlimgui-populate.build/Script-78FD7141B6B8C529DE8B3F07.sh

WriteAuxiliaryFile /Volumes/Extreme\ SSD/ps2x-i11/ios-runtime-device/_deps/rlimgui-subbuild/build/rlimgui-populate.build/Debug/rlimgui-populate.build/Script-77B4380939C20F48DD384303.sh (in target 'rlimgui-populate' from project 'rlimgui-populate')
    cd /Volumes/Extreme\ SSD/ps2x-i11/ios-runtime-device/_deps/rlimgui-subbuild
    write-file /Volumes/Extreme\ SSD/ps2x-i11/ios-runtime-device/_deps/rlimgui-subbuild/build/rlimgui-populate.build/Debug/rlimgui-populate.build/Script-77B4380939C20F48DD384303.sh

WriteAuxiliaryFile /Volumes/Extreme\ SSD/ps2x-i11/ios-runtime-device/_deps/rlimgui-subbuild/build/rlimgui-populate.build/Debug/rlimgui-populate.build/Script-76C23D43F27A3E8D05A8E353.sh (in target 'rlimgui-populate' from project 'rlimgui-populate')
    cd /Volumes/Extreme\ SSD/ps2x-i11/ios-runtime-device/_deps/rlimgui-subbuild
    write-file /Volumes/Extreme\ SSD/ps2x-i11/ios-runtime-device/_deps/rlimgui-subbuild/build/rlimgui-populate.build/Debug/rlimgui-populate.build/Script-76C23D43F27A3E8D05A8E353.sh

WriteAuxiliaryFile /Volumes/Extreme\ SSD/ps2x-i11/ios-runtime-device/_deps/rlimgui-subbuild/build/rlimgui-populate.build/Debug/rlimgui-populate.build/Script-398A45D1440EDE216E69AA5B.sh (in target 'rlimgui-populate' from project 'rlimgui-populate')
    cd /Volumes/Extreme\ SSD/ps2x-i11/ios-runtime-device/_deps/rlimgui-subbuild
    write-file /Volumes/Extreme\ SSD/ps2x-i11/ios-runtime-device/_deps/rlimgui-subbuild/build/rlimgui-populate.build/Debug/rlimgui-populate.build/Script-398A45D1440EDE216E69AA5B.sh

WriteAuxiliaryFile /Volumes/Extreme\ SSD/ps2x-i11/ios-runtime-device/_deps/rlimgui-subbuild/build/rlimgui-populate.build/Debug/rlimgui-populate.build/Script-1FB519826BC5465C781A8DB2.sh (in target 'rlimgui-populate' from project 'rlimgui-populate')
    cd /Volumes/Extreme\ SSD/ps2x-i11/ios-runtime-device/_deps/rlimgui-subbuild
    write-file /Volumes/Extreme\ SSD/ps2x-i11/ios-runtime-device/_deps/rlimgui-subbuild/build/rlimgui-populate.build/Debug/rlimgui-populate.build/Script-1FB519826BC5465C781A8DB2.sh

WriteAuxiliaryFile /Volumes/Extreme\ SSD/ps2x-i11/ios-runtime-device/_deps/rlimgui-subbuild/build/rlimgui-populate.build/Debug/rlimgui-populate.build/Script-0528DCE84D48C3BED3A83D47.sh (in target 'rlimgui-populate' from project 'rlimgui-populate')
    cd /Volumes/Extreme\ SSD/ps2x-i11/ios-runtime-device/_deps/rlimgui-subbuild
    write-file /Volumes/Extreme\ SSD/ps2x-i11/ios-runtime-device/_deps/rlimgui-subbuild/build/rlimgui-populate.build/Debug/rlimgui-populate.build/Script-0528DCE84D48C3BED3A83D47.sh

PhaseScriptExecution Generate\ CMakeFiles/ZERO_CHECK /Volumes/Extreme\ SSD/ps2x-i11/ios-runtime-device/_deps/rlimgui-subbuild/build/rlimgui-populate.build/Debug/ZERO_CHECK.build/Script-AE13523BD79AEF06F08824DC.sh (in target 'ZERO_CHECK' from project 'rlimgui-populate')
    cd /Volumes/Extreme\ SSD/ps2x-i11/ios-runtime-device/_deps/rlimgui-subbuild
    /bin/sh -c /Volumes/Extreme\\\ SSD/ps2x-i11/ios-runtime-device/_deps/rlimgui-subbuild/build/rlimgui-populate.build/Debug/ZERO_CHECK.build/Script-AE13523BD79AEF06F08824DC.sh
make: `/Volumes/Extreme SSD/ps2x-i11/ios-runtime-device/_deps/rlimgui-subbuild/CMakeFiles/cmake.check_cache' is up to date.

PhaseScriptExecution Generate\ rlimgui-populate-prefix/src/rlimgui-populate-stamp/$(CONFIGURATION)$(EFFECTIVE_PLATFORM_NAME)/rlimgui-populate-mkdir /Volumes/Extreme\ SSD/ps2x-i11/ios-runtime-device/_deps/rlimgui-subbuild/build/rlimgui-populate.build/Debug/rlimgui-populate.build/Script-0528DCE84D48C3BED3A83D47.sh (in target 'rlimgui-populate' from project 'rlimgui-populate')
    cd /Volumes/Extreme\ SSD/ps2x-i11/ios-runtime-device/_deps/rlimgui-subbuild
    /bin/sh -c /Volumes/Extreme\\\ SSD/ps2x-i11/ios-runtime-device/_deps/rlimgui-subbuild/build/rlimgui-populate.build/Debug/rlimgui-populate.build/Script-0528DCE84D48C3BED3A83D47.sh

PhaseScriptExecution Generate\ rlimgui-populate-prefix/src/rlimgui-populate-stamp/$(CONFIGURATION)$(EFFECTIVE_PLATFORM_NAME)/rlimgui-populate-download /Volumes/Extreme\ SSD/ps2x-i11/ios-runtime-device/_deps/rlimgui-subbuild/build/rlimgui-populate.build/Debug/rlimgui-populate.build/Script-77B4380939C20F48DD384303.sh (in target 'rlimgui-populate' from project 'rlimgui-populate')
    cd /Volumes/Extreme\ SSD/ps2x-i11/ios-runtime-device/_deps/rlimgui-subbuild
    /bin/sh -c /Volumes/Extreme\\\ SSD/ps2x-i11/ios-runtime-device/_deps/rlimgui-subbuild/build/rlimgui-populate.build/Debug/rlimgui-populate.build/Script-77B4380939C20F48DD384303.sh
Cloning into 'rlimgui-src'...
error: non-monotonic index .git/objects/pack/._pack-907f41e02a69b2781e20040a69ba8dece28b3913.idx
error: non-monotonic index .git/objects/pack/._pack-907f41e02a69b2781e20040a69ba8dece28b3913.idx
HEAD is now at 118221c Update headings in README.md for consistency
Command PhaseScriptExecution emitted errors but did not return a nonzero exit code to indicate failure

PhaseScriptExecution Generate\ rlimgui-populate-prefix/src/rlimgui-populate-stamp/$(CONFIGURATION)$(EFFECTIVE_PLATFORM_NAME)/rlimgui-populate-update /Volumes/Extreme\ SSD/ps2x-i11/ios-runtime-device/_deps/rlimgui-subbuild/build/rlimgui-populate.build/Debug/rlimgui-populate.build/Script-1FB519826BC5465C781A8DB2.sh (in target 'rlimgui-populate' from project 'rlimgui-populate')
    cd /Volumes/Extreme\ SSD/ps2x-i11/ios-runtime-device/_deps/rlimgui-subbuild
    /bin/sh -c /Volumes/Extreme\\\ SSD/ps2x-i11/ios-runtime-device/_deps/rlimgui-subbuild/build/rlimgui-populate.build/Debug/rlimgui-populate.build/Script-1FB519826BC5465C781A8DB2.sh
-- Already at requested tag: Raylib_5_5

PhaseScriptExecution Generate\ rlimgui-populate-prefix/src/rlimgui-populate-stamp/$(CONFIGURATION)$(EFFECTIVE_PLATFORM_NAME)/rlimgui-populate-patch /Volumes/Extreme\ SSD/ps2x-i11/ios-runtime-device/_deps/rlimgui-subbuild/build/rlimgui-populate.build/Debug/rlimgui-populate.build/Script-78FD7141B6B8C529DE8B3F07.sh (in target 'rlimgui-populate' from project 'rlimgui-populate')
    cd /Volumes/Extreme\ SSD/ps2x-i11/ios-runtime-device/_deps/rlimgui-subbuild
    /bin/sh -c /Volumes/Extreme\\\ SSD/ps2x-i11/ios-runtime-device/_deps/rlimgui-subbuild/build/rlimgui-populate.build/Debug/rlimgui-populate.build/Script-78FD7141B6B8C529DE8B3F07.sh

PhaseScriptExecution Generate\ rlimgui-populate-prefix/src/rlimgui-populate-stamp/$(CONFIGURATION)$(EFFECTIVE_PLATFORM_NAME)/rlimgui-populate-configure /Volumes/Extreme\ SSD/ps2x-i11/ios-runtime-device/_deps/rlimgui-subbuild/build/rlimgui-populate.build/Debug/rlimgui-populate.build/Script-C76350BF0D7D7C2373491BCD.sh (in target 'rlimgui-populate' from project 'rlimgui-populate')
    cd /Volumes/Extreme\ SSD/ps2x-i11/ios-runtime-device/_deps/rlimgui-subbuild
    /bin/sh -c /Volumes/Extreme\\\ SSD/ps2x-i11/ios-runtime-device/_deps/rlimgui-subbuild/build/rlimgui-populate.build/Debug/rlimgui-populate.build/Script-C76350BF0D7D7C2373491BCD.sh

PhaseScriptExecution Generate\ rlimgui-populate-prefix/src/rlimgui-populate-stamp/$(CONFIGURATION)$(EFFECTIVE_PLATFORM_NAME)/rlimgui-populate-build /Volumes/Extreme\ SSD/ps2x-i11/ios-runtime-device/_deps/rlimgui-subbuild/build/rlimgui-populate.build/Debug/rlimgui-populate.build/Script-398A45D1440EDE216E69AA5B.sh (in target 'rlimgui-populate' from project 'rlimgui-populate')
    cd /Volumes/Extreme\ SSD/ps2x-i11/ios-runtime-device/_deps/rlimgui-subbuild
    /bin/sh -c /Volumes/Extreme\\\ SSD/ps2x-i11/ios-runtime-device/_deps/rlimgui-subbuild/build/rlimgui-populate.build/Debug/rlimgui-populate.build/Script-398A45D1440EDE216E69AA5B.sh

PhaseScriptExecution Generate\ rlimgui-populate-prefix/src/rlimgui-populate-stamp/$(CONFIGURATION)$(EFFECTIVE_PLATFORM_NAME)/rlimgui-populate-install /Volumes/Extreme\ SSD/ps2x-i11/ios-runtime-device/_deps/rlimgui-subbuild/build/rlimgui-populate.build/Debug/rlimgui-populate.build/Script-874BDE9D27F11CC546E93451.sh (in target 'rlimgui-populate' from project 'rlimgui-populate')
    cd /Volumes/Extreme\ SSD/ps2x-i11/ios-runtime-device/_deps/rlimgui-subbuild
    /bin/sh -c /Volumes/Extreme\\\ SSD/ps2x-i11/ios-runtime-device/_deps/rlimgui-subbuild/build/rlimgui-populate.build/Debug/rlimgui-populate.build/Script-874BDE9D27F11CC546E93451.sh

PhaseScriptExecution Generate\ rlimgui-populate-prefix/src/rlimgui-populate-stamp/$(CONFIGURATION)$(EFFECTIVE_PLATFORM_NAME)/rlimgui-populate-test /Volumes/Extreme\ SSD/ps2x-i11/ios-runtime-device/_deps/rlimgui-subbuild/build/rlimgui-populate.build/Debug/rlimgui-populate.build/Script-D8ED2A967BE616B00402C63A.sh (in target 'rlimgui-populate' from project 'rlimgui-populate')
    cd /Volumes/Extreme\ SSD/ps2x-i11/ios-runtime-device/_deps/rlimgui-subbuild
    /bin/sh -c /Volumes/Extreme\\\ SSD/ps2x-i11/ios-runtime-device/_deps/rlimgui-subbuild/build/rlimgui-populate.build/Debug/rlimgui-populate.build/Script-D8ED2A967BE616B00402C63A.sh

PhaseScriptExecution Generate\ CMakeFiles/$(CONFIGURATION)$(EFFECTIVE_PLATFORM_NAME)/rlimgui-populate-complete /Volumes/Extreme\ SSD/ps2x-i11/ios-runtime-device/_deps/rlimgui-subbuild/build/rlimgui-populate.build/Debug/rlimgui-populate.build/Script-76C23D43F27A3E8D05A8E353.sh (in target 'rlimgui-populate' from project 'rlimgui-populate')
    cd /Volumes/Extreme\ SSD/ps2x-i11/ios-runtime-device/_deps/rlimgui-subbuild
    /bin/sh -c /Volumes/Extreme\\\ SSD/ps2x-i11/ios-runtime-device/_deps/rlimgui-subbuild/build/rlimgui-populate.build/Debug/rlimgui-populate.build/Script-76C23D43F27A3E8D05A8E353.sh

PhaseScriptExecution Generate\ CMakeFiles/rlimgui-populate /Volumes/Extreme\ SSD/ps2x-i11/ios-runtime-device/_deps/rlimgui-subbuild/build/rlimgui-populate.build/Debug/rlimgui-populate.build/Script-B1F4C39E6D96FCF0CF3E09B6.sh (in target 'rlimgui-populate' from project 'rlimgui-populate')
    cd /Volumes/Extreme\ SSD/ps2x-i11/ios-runtime-device/_deps/rlimgui-subbuild
    /bin/sh -c /Volumes/Extreme\\\ SSD/ps2x-i11/ios-runtime-device/_deps/rlimgui-subbuild/build/rlimgui-populate.build/Debug/rlimgui-populate.build/Script-B1F4C39E6D96FCF0CF3E09B6.sh

PhaseScriptExecution Generate\ CMakeFiles/ALL_BUILD /Volumes/Extreme\ SSD/ps2x-i11/ios-runtime-device/_deps/rlimgui-subbuild/build/rlimgui-populate.build/Debug/ALL_BUILD.build/Script-0C4C04C13C1DBD5DC3F7C52D.sh (in target 'ALL_BUILD' from project 'rlimgui-populate')
    cd /Volumes/Extreme\ SSD/ps2x-i11/ios-runtime-device/_deps/rlimgui-subbuild
    /bin/sh -c /Volumes/Extreme\\\ SSD/ps2x-i11/ios-runtime-device/_deps/rlimgui-subbuild/build/rlimgui-populate.build/Debug/ALL_BUILD.build/Script-0C4C04C13C1DBD5DC3F7C52D.sh
Build all projects

PruneExplicitPrecompiledModules /Volumes/Extreme SSD/ps2x-i11/ios-runtime-device/_deps/rlimgui-subbuild/build/ExplicitPrecompiledModules

PruneExplicitPrecompiledModules /Volumes/Extreme SSD/ps2x-i11/ios-runtime-device/_deps/rlimgui-subbuild/build/SwiftExplicitPrecompiledModules

note: Run script build phase 'Generate rlimgui-populate-prefix/src/rlimgui-populate-stamp/$(CONFIGURATION)$(EFFECTIVE_PLATFORM_NAME)/rlimgui-populate-update' will be run during every build because the option to run the script phase "Based on dependency analysis" is unchecked. (in target 'rlimgui-populate' from project 'rlimgui-populate')
note: Run script build phase 'Generate rlimgui-populate-prefix/src/rlimgui-populate-stamp/$(CONFIGURATION)$(EFFECTIVE_PLATFORM_NAME)/rlimgui-populate-patch' will be run during every build because the option to run the script phase "Based on dependency analysis" is unchecked. (in target 'rlimgui-populate' from project 'rlimgui-populate')
note: Run script build phase 'Generate CMakeFiles/rlimgui-populate' will be run during every build because the option to run the script phase "Based on dependency analysis" is unchecked. (in target 'rlimgui-populate' from project 'rlimgui-populate')
note: Run script build phase 'Generate CMakeFiles/$(CONFIGURATION)$(EFFECTIVE_PLATFORM_NAME)/rlimgui-populate-complete' will be run during every build because the option to run the script phase "Based on dependency analysis" is unchecked. (in target 'rlimgui-populate' from project 'rlimgui-populate')
note: Run script build phase 'Generate CMakeFiles/ALL_BUILD' will be run during every build because the option to run the script phase "Based on dependency analysis" is unchecked. (in target 'ALL_BUILD' from project 'rlimgui-populate')
note: Run script build phase 'Generate CMakeFiles/ZERO_CHECK' will be run during every build because the option to run the script phase "Based on dependency analysis" is unchecked. (in target 'ZERO_CHECK' from project 'rlimgui-populate')
** BUILD SUCCEEDED **

-- FFmpeg disabled; MPEG video decode falls back to stub frames
-- PS2X: game objects: 9448 sources from /Volumes/Extreme SSD/ps2x-i11/codegen-output
-- Configuring done (65.4s)
-- Generating done (20.0s)
-- Build files have been written to: /Volumes/Extreme SSD/ps2x-i11/ios-runtime-device
