[07:42:35] PRE lease="FS2 2026-09-26T11:39:19Z" keyguard="showing=false" battery=100% ac=true pid0=none
[07:42:35] PRE device-env=090cc981e9f97c9c6007b64e90afaba7ff0b495eae7ede6423bfca826fae29fe mc0-test='' mc0-bad=[]
[07:42:35] APK local sha x2 d5f83cefa4bfd6ab17591ee0f27694b0307002ba8ca2bebe940434eff5659ece d5f83cefa4bfd6ab17591ee0f27694b0307002ba8ca2bebe940434eff5659ece
[07:42:38] INSTALL Performing Streamed Install Success
[07:42:38] INSTALLED /data/app/~~3XHyd6rzD6BdqAXAAP4ZnQ==/com.ps2x.runner-Wut5gUmXS1XWRYtoO_wZAQ==/base.apk sha=d5f83cefa4bfd6ab17591ee0f27694b0307002ba8ca2bebe940434eff5659ece match=True
[07:42:38] ENV 5787fa3ae9a3d5dfb39aa6e6c5694024b1c2ed759a9b59bcf52a2ea642f67faa  /storage/emulated/0/Android/data/com.ps2x.runner/files/ps2x.env
[07:42:38 t+    0.1] AM Starting: Intent { cmp=com.ps2x.runner/android.app.NativeActivity }
[07:42:45 t+    6.2] FOCUS app-foreground, no BACK ('mCurrentFocus=Window{e9a518a u0 com.ps2x.runner/android.app.NativeActivity}')
[07:42:47 t+    8.4] LAYER 'com.ps2x.runner/android.app.NativeActivity#22756' tried=['com.ps2x.runner/android.app.NativeActivity#22756']
[07:43:26 t+   47.8] CPUWIN start tick=1981
[07:43:37 t+   58.2] SCAP sc01-tick2100-t57.png tick~2187
[07:43:51 t+   73.0] CPUWIN end tick=2548
[07:44:12 t+   93.2] SCAP sc02-tick3000-t92.png tick~3064
[07:44:50 t+  131.9] SCAP sc03-tick4000-t131.png tick~4107
[07:45:05 t+  146.9] STOP tick 4559 >= 4500
[07:45:06 t+  147.5] SCAP sc04-final-t146.png tick~4559
[07:45:07 t+  149.0] THREADS
Threads: 28 total,   0 running,  28 sleeping,   0 stopped,   0 zombie
  Mem:  7342756K total,  4962616K used,  2380140K free,      660K buffers
 Swap: 10485752K total,   734128K used,  9751624K free,  2198352K cached
800%cpu 123%user   0%nice  42%sys 627%idle   0%iow   8%irq   0%sirq   0%host
  TID USER         PR  NI VIRT  RES  SHR S[%CPU] %MEM     TIME+ THREAD          PROCESS
20839 u0_a113      10 -10  17G 736M 494M S 53.8  10.2   1:16.90 MTVU            com.ps2x.runner
20810 u0_a113      10 -10  17G 736M 494M S 26.9  10.2   0:30.24 GsWorker        com.ps2x.runner
20830 u0_a113      10 -10  17G 736M 494M S 23.0  10.2   0:38.90 GameThread      com.ps2x.runner
20827 u0_a113      -3 -10  17G 736M 494M S  3.8  10.2   0:00.53 AAudio_1        com.ps2x.runner
20838 u0_a113      20   0  17G 736M 494M S  0.0  10.2   0:00.00 InteractionJank com.ps2x.runner
20837 u0_a113      20   0  17G 736M 494M S  0.0  10.2   0:00.00 binder:20790_1  com.ps2x.runner
20832 u0_a113      10 -10  17G 736M 494M S  0.0  10.2   0:00.21 PGS-Waiter      com.ps2x.runner
20831 u0_a113      39  19  17G 736M 494M S  0.0  10.2   0:00.00 com.ps:traceq0  com.ps2x.runner
20821 u0_a113      10 -10  17G 736M 494M S  0.0  10.2   0:00.00 com.ps2x.runner com.ps2x.runner
20815 u0_a113      20   0  17G 736M 494M S  0.0  10.2   0:00.00 InsetsAnimation com.ps2x.runner
20814 u0_a113      20   0  17G 736M 494M S  0.0  10.2   0:00.00 binder:20790_4  com.ps2x.runner
20813 u0_a113      20   0  17G 736M 494M S  0.0  10.2   0:00.00 SurfaceSyncGrou com.ps2x.runner
20812 u0_a113      10 -10  17G 736M 494M S  0.0  10.2   0:00.00 VsyncReceiver   com.ps2x.runner
20809 u0_a113      10 -10  17G 736M 494M S  0.0  10.2   0:00.01 com.ps2x.runner com.ps2x.runner
20808 u0_a113      10 -10  17G 736M 494M S  0.0  10.2   0:00.32 com.ps2x.runner com.ps2x.runner

[07:45:07 t+  149.1] BATTERY status: 5 level: 100
[07:45:10 t+  151.7] RESTORE 090cc981e9f97c9c6007b64e90afaba7ff0b495eae7ede6423bfca826fae29fe match=True
[07:45:10 t+  151.9] MC0-AFTER bad=[]
[07:45:10 t+  151.9] END pid-after=none disconnects=0
