[0/2] Re-checking globbed directories...
-- GLOB mismatch!
The following files were removed:
  -/Volumes/Extreme SSD/ps2x-i2-desktop/_deps/rabbitizer-src/src/analysis/._RabbitizerJrRegData.c
  -/Volumes/Extreme SSD/ps2x-i2-desktop/_deps/rabbitizer-src/src/analysis/._RabbitizerLoPairingInfo.c
  -/Volumes/Extreme SSD/ps2x-i2-desktop/_deps/rabbitizer-src/src/analysis/._RabbitizerRegistersTracker.c
  -/Volumes/Extreme SSD/ps2x-i2-desktop/_deps/rabbitizer-src/src/analysis/._RabbitizerTrackedRegisterState.c
-- GLOB mismatch!
The following files were removed:
  -/Volumes/Extreme SSD/ps2x-i2-desktop/_deps/rabbitizer-src/src/common/._RabbitizerConfig.c
  -/Volumes/Extreme SSD/ps2x-i2-desktop/_deps/rabbitizer-src/src/common/._RabbitizerVersion.c
  -/Volumes/Extreme SSD/ps2x-i2-desktop/_deps/rabbitizer-src/src/common/._Utils.c
-- GLOB mismatch!
The following files were removed:
  -/Volumes/Extreme SSD/ps2x-i2-desktop/_deps/rabbitizer-src/src/instructions/._RabbitizerInstrCategory.c
  -/Volumes/Extreme SSD/ps2x-i2-desktop/_deps/rabbitizer-src/src/instructions/._RabbitizerInstrDescriptor.c
  -/Volumes/Extreme SSD/ps2x-i2-desktop/_deps/rabbitizer-src/src/instructions/._RabbitizerInstrId.c
  -/Volumes/Extreme SSD/ps2x-i2-desktop/_deps/rabbitizer-src/src/instructions/._RabbitizerInstrIdType.c
  -/Volumes/Extreme SSD/ps2x-i2-desktop/_deps/rabbitizer-src/src/instructions/._RabbitizerInstrSuffix.c
  -/Volumes/Extreme SSD/ps2x-i2-desktop/_deps/rabbitizer-src/src/instructions/._RabbitizerRegister.c
  -/Volumes/Extreme SSD/ps2x-i2-desktop/_deps/rabbitizer-src/src/instructions/._RabbitizerRegisterDescriptor.c
  -/Volumes/Extreme SSD/ps2x-i2-desktop/_deps/rabbitizer-src/src/instructions/RabbitizerInstruction/._RabbitizerInstruction.c
  -/Volumes/Extreme SSD/ps2x-i2-desktop/_deps/rabbitizer-src/src/instructions/RabbitizerInstruction/._RabbitizerInstruction_Disassemble.c
  -/Volumes/Extreme SSD/ps2x-i2-desktop/_deps/rabbitizer-src/src/instructions/RabbitizerInstruction/._RabbitizerInstruction_Examination.c
  -/Volumes/Extreme SSD/ps2x-i2-desktop/_deps/rabbitizer-src/src/instructions/RabbitizerInstruction/._RabbitizerInstruction_Operand.c
  -/Volumes/Extreme SSD/ps2x-i2-desktop/_deps/rabbitizer-src/src/instructions/RabbitizerInstruction/._RabbitizerInstruction_ProcessUniqueId.c
  -/Volumes/Extreme SSD/ps2x-i2-desktop/_deps/rabbitizer-src/src/instructions/RabbitizerInstructionCpu/._RabbitizerInstructionCpu_OperandType.c
  -/Volumes/Extreme SSD/ps2x-i2-desktop/_deps/rabbitizer-src/src/instructions/RabbitizerInstructionR3000GTE/._RabbitizerInstructionR3000GTE.c
  -/Volumes/Extreme SSD/ps2x-i2-desktop/_deps/rabbitizer-src/src/instructions/RabbitizerInstructionR3000GTE/._RabbitizerInstructionR3000GTE_OperandType.c
  -/Volumes/Extreme SSD/ps2x-i2-desktop/_deps/rabbitizer-src/src/instructions/RabbitizerInstructionR3000GTE/._RabbitizerInstructionR3000GTE_ProcessUniqueId.c
  -/Volumes/Extreme SSD/ps2x-i2-desktop/_deps/rabbitizer-src/src/instructions/RabbitizerInstructionR4000Allegrex/._RabbitizerInstructionR4000Allegrex.c
  -/Volumes/Extreme SSD/ps2x-i2-desktop/_deps/rabbitizer-src/src/instructions/RabbitizerInstructionR4000Allegrex/._RabbitizerInstructionR4000Allegrex_OperandType.c
  -/Volumes/Extreme SSD/ps2x-i2-desktop/_deps/rabbitizer-src/src/instructions/RabbitizerInstructionR4000Allegrex/._RabbitizerInstructionR4000Allegrex_ProcessUniqueId.c
  -/Volumes/Extreme SSD/ps2x-i2-desktop/_deps/rabbitizer-src/src/instructions/RabbitizerInstructionR5900/._RabbitizerInstructionR5900.c
  -/Volumes/Extreme SSD/ps2x-i2-desktop/_deps/rabbitizer-src/src/instructions/RabbitizerInstructionR5900/._RabbitizerInstructionR5900_OperandType.c
  -/Volumes/Extreme SSD/ps2x-i2-desktop/_deps/rabbitizer-src/src/instructions/RabbitizerInstructionR5900/._RabbitizerInstructionR5900_ProcessUniqueId.c
  -/Volumes/Extreme SSD/ps2x-i2-desktop/_deps/rabbitizer-src/src/instructions/RabbitizerInstructionRsp/._RabbitizerInstructionRsp.c
  -/Volumes/Extreme SSD/ps2x-i2-desktop/_deps/rabbitizer-src/src/instructions/RabbitizerInstructionRsp/._RabbitizerInstructionRsp_OperandType.c
  -/Volumes/Extreme SSD/ps2x-i2-desktop/_deps/rabbitizer-src/src/instructions/RabbitizerInstructionRsp/._RabbitizerInstructionRsp_ProcessUniqueId.c
-- GLOB mismatch!
The following files were removed:
  -/Volumes/Extreme SSD/ps2x-i2-desktop/_deps/rabbitizer-src/src/instructions/RabbitizerInstruction/._RabbitizerInstruction.c
  -/Volumes/Extreme SSD/ps2x-i2-desktop/_deps/rabbitizer-src/src/instructions/RabbitizerInstruction/._RabbitizerInstruction_Disassemble.c
  -/Volumes/Extreme SSD/ps2x-i2-desktop/_deps/rabbitizer-src/src/instructions/RabbitizerInstruction/._RabbitizerInstruction_Examination.c
  -/Volumes/Extreme SSD/ps2x-i2-desktop/_deps/rabbitizer-src/src/instructions/RabbitizerInstruction/._RabbitizerInstruction_Operand.c
  -/Volumes/Extreme SSD/ps2x-i2-desktop/_deps/rabbitizer-src/src/instructions/RabbitizerInstruction/._RabbitizerInstruction_ProcessUniqueId.c
  -/Volumes/Extreme SSD/ps2x-i2-desktop/_deps/rabbitizer-src/src/instructions/RabbitizerInstructionCpu/._RabbitizerInstructionCpu_OperandType.c
  -/Volumes/Extreme SSD/ps2x-i2-desktop/_deps/rabbitizer-src/src/instructions/RabbitizerInstructionR3000GTE/._RabbitizerInstructionR3000GTE.c
  -/Volumes/Extreme SSD/ps2x-i2-desktop/_deps/rabbitizer-src/src/instructions/RabbitizerInstructionR3000GTE/._RabbitizerInstructionR3000GTE_OperandType.c
  -/Volumes/Extreme SSD/ps2x-i2-desktop/_deps/rabbitizer-src/src/instructions/RabbitizerInstructionR3000GTE/._RabbitizerInstructionR3000GTE_ProcessUniqueId.c
  -/Volumes/Extreme SSD/ps2x-i2-desktop/_deps/rabbitizer-src/src/instructions/RabbitizerInstructionR4000Allegrex/._RabbitizerInstructionR4000Allegrex.c
  -/Volumes/Extreme SSD/ps2x-i2-desktop/_deps/rabbitizer-src/src/instructions/RabbitizerInstructionR4000Allegrex/._RabbitizerInstructionR4000Allegrex_OperandType.c
  -/Volumes/Extreme SSD/ps2x-i2-desktop/_deps/rabbitizer-src/src/instructions/RabbitizerInstructionR4000Allegrex/._RabbitizerInstructionR4000Allegrex_ProcessUniqueId.c
  -/Volumes/Extreme SSD/ps2x-i2-desktop/_deps/rabbitizer-src/src/instructions/RabbitizerInstructionR5900/._RabbitizerInstructionR5900.c
  -/Volumes/Extreme SSD/ps2x-i2-desktop/_deps/rabbitizer-src/src/instructions/RabbitizerInstructionR5900/._RabbitizerInstructionR5900_OperandType.c
  -/Volumes/Extreme SSD/ps2x-i2-desktop/_deps/rabbitizer-src/src/instructions/RabbitizerInstructionR5900/._RabbitizerInstructionR5900_ProcessUniqueId.c
  -/Volumes/Extreme SSD/ps2x-i2-desktop/_deps/rabbitizer-src/src/instructions/RabbitizerInstructionRsp/._RabbitizerInstructionRsp.c
  -/Volumes/Extreme SSD/ps2x-i2-desktop/_deps/rabbitizer-src/src/instructions/RabbitizerInstructionRsp/._RabbitizerInstructionRsp_OperandType.c
  -/Volumes/Extreme SSD/ps2x-i2-desktop/_deps/rabbitizer-src/src/instructions/RabbitizerInstructionRsp/._RabbitizerInstructionRsp_ProcessUniqueId.c
[1/2] Re-running CMake...
-- ARM target detected, fetching sse2neon
-- macOS ARM64 - using default compiler flags
CMake Warning (deprecated) at /Volumes/Extreme SSD/ps2x-i2-desktop/_deps/toml11-src/CMakeLists.txt:25 (cmake_policy):
  The OLD behavior for policy CMP0127 will be removed from a future version
  of CMake.

  The cmake-policies(7) manual explains that the OLD behaviors of all
  policies are deprecated and that a policy should be set to OLD only under
  specific short-term circumstances.  Projects should be ported to the NEW
  behavior and not rely on setting a policy to OLD.
This warning is for project developers.  Use -Wno-author or -Wno-deprecated
to suppress it.

-- {fmt} version: 12.1.0
-- Build type: Release
-- Building dwarfgen    ... OFF
-- Building dwarfexample... OFF
-- Building api tests   ... 
-- HAVE_UINTPTR_T 1: uintptr_t defined in stdint.h... YES
-- uintptr_t value considered NO 
-- HAVE_INTPTR_T 1: intptr_t defined in stdint.h... YES
-- intptr_t value considered NO 
-- ENABLE_DECOMPRESSION : ON
-- Found libzstd           : TRUE
-- Found zlib              : TRUE
-- Build with zlib and zstd: TRUE
-- CMAKE_SIZEOF_VOID_P ... : 8
-- Compiler warning options... NO
-- Install prefix ... /usr/local
> Enabling optimization for: ps2_recomp_lib
> Enabling optimization for: ps2_recomp
-- sccache not found; continuing without compiler launcher
CMake Warning (deprecated) at /Volumes/Extreme SSD/ps2x-ios-spike-attempt1/_deps/raylib-src/CMakeLists.txt:1 (cmake_minimum_required):
  Compatibility with CMake < 3.10 will be removed from a future version of
  CMake.

  Update the VERSION argument <min> value.  Or, use the <min>...<max> syntax
  to tell CMake that the project requires at least <min> but has been updated
  to work with policies introduced by <max> or earlier.
This warning is for project developers.  Use -Wno-author or -Wno-deprecated
to suppress it.

-- Testing if -Werror=pointer-arith can be used -- compiles
-- Testing if -Werror=implicit-function-declaration can be used -- compiles
-- Testing if -fno-strict-aliasing can be used -- compiles
-- Using raylib's GLFW
-- Including Cocoa support
CMake Warning (author) at /Volumes/Extreme SSD/ps2x-ios-spike-attempt1/_deps/raylib-src/cmake/LibraryConfigurations.cmake:22 (MESSAGE):
  OpenGL is deprecated starting with macOS 10.14 (Mojave)!
Call Stack (most recent call first):
  /Volumes/Extreme SSD/ps2x-ios-spike-attempt1/_deps/raylib-src/src/CMakeLists.txt:49 (include)
This warning is for project developers.  Use -Wno-author to suppress it.

-- Audio Backend: miniaudio
-- Building raylib static library
-- Generated build type: Release
-- Compiling with the flags:
--   PLATFORM=PLATFORM_DESKTOP
--   GRAPHICS=GRAPHICS_API_OPENGL_33
CMake Warning (author) at /opt/homebrew/share/cmake/Modules/FetchContent.cmake:1968 (message):
  Calling FetchContent_Populate(imgui) is deprecated, call
  FetchContent_MakeAvailable(imgui) instead.  Policy CMP0169 can be set to
  OLD to allow FetchContent_Populate(imgui) to be called directly for now,
  but the ability to call it with declared details will be removed completely
  in a future version.
Call Stack (most recent call first):
  ps2xRuntime/CMakeLists.txt:102 (FetchContent_Populate)
This warning is for project developers.  Use -Wno-author to suppress it.

CMake Warning (author) at /opt/homebrew/share/cmake/Modules/FetchContent.cmake:1968 (message):
  Calling FetchContent_Populate(rlImGui) is deprecated, call
  FetchContent_MakeAvailable(rlImGui) instead.  Policy CMP0169 can be set to
  OLD to allow FetchContent_Populate(rlImGui) to be called directly for now,
  but the ability to call it with declared details will be removed completely
  in a future version.
Call Stack (most recent call first):
  ps2xRuntime/CMakeLists.txt:125 (FetchContent_Populate)
This warning is for project developers.  Use -Wno-author to suppress it.

> Enabling optimization for: ps2_runtime
> Enabling optimization for: ps2EntryRunner
-- Using the multi-header code from /Volumes/Extreme SSD/ps2x-i2-desktop/_deps/nlohmann_json-src/include/
> Enabling optimization for: ps2_analyzer_lib
> Enabling optimization for: ps2_analyzer
> Enabling optimization for: ps2_test_lib
> Enabling optimization for: ps2x_tests
-- Configuring done (15.8s)
-- Generating done (17.2s)
-- Build files have been written to: /Volumes/Extreme SSD/ps2x-i2-desktop
[0/4] Re-checking globbed directories...
[1/533] Building C object ps2xRecomp/CMakeFiles/rabbitizer.dir/__/_deps/rabbitizer-src/src/instructions/RabbitizerInstructionCpu/RabbitizerInstructionCpu_OperandType.c.o
[2/533] Building C object ps2xRecomp/CMakeFiles/rabbitizer.dir/__/_deps/rabbitizer-src/src/instructions/RabbitizerInstrIdType.c.o
[3/533] Building C object ps2xRecomp/CMakeFiles/rabbitizer.dir/__/_deps/rabbitizer-src/src/instructions/RabbitizerInstruction/RabbitizerInstruction_Disassemble.c.o
[4/533] Building C object ps2xRecomp/CMakeFiles/rabbitizer.dir/__/_deps/rabbitizer-src/src/instructions/RabbitizerInstructionR3000GTE/RabbitizerInstructionR3000GTE.c.o
[5/533] Building C object ps2xRecomp/CMakeFiles/rabbitizer.dir/__/_deps/rabbitizer-src/src/instructions/RabbitizerInstrId.c.o
[6/533] Building C object ps2xRecomp/CMakeFiles/rabbitizer.dir/__/_deps/rabbitizer-src/src/instructions/RabbitizerInstruction/RabbitizerInstruction.c.o
[7/533] Building C object ps2xRecomp/CMakeFiles/rabbitizer.dir/__/_deps/rabbitizer-src/src/instructions/RabbitizerInstruction/RabbitizerInstruction_Operand.c.o
[8/533] Building C object ps2xRecomp/CMakeFiles/rabbitizer.dir/__/_deps/rabbitizer-src/src/instructions/RabbitizerInstructionR3000GTE/RabbitizerInstructionR3000GTE_OperandType.c.o
[9/533] Building C object ps2xRecomp/CMakeFiles/rabbitizer.dir/__/_deps/rabbitizer-src/src/instructions/RabbitizerInstrCategory.c.o
[10/533] Building C object ps2xRecomp/CMakeFiles/rabbitizer.dir/__/_deps/rabbitizer-src/src/instructions/RabbitizerInstrDescriptor.c.o
[11/533] Building C object ps2xRecomp/CMakeFiles/rabbitizer.dir/__/_deps/rabbitizer-src/src/instructions/RabbitizerInstrSuffix.c.o
[12/533] Building C object ps2xRecomp/CMakeFiles/rabbitizer.dir/__/_deps/rabbitizer-src/src/instructions/RabbitizerInstruction/RabbitizerInstruction_Examination.c.o
[13/533] Building C object ps2xRecomp/CMakeFiles/rabbitizer.dir/__/_deps/rabbitizer-src/src/instructions/RabbitizerInstructionR4000Allegrex/RabbitizerInstructionR4000Allegrex.c.o
[14/533] Building C object ps2xRecomp/CMakeFiles/rabbitizer.dir/__/_deps/rabbitizer-src/src/instructions/RabbitizerRegisterDescriptor.c.o
[15/533] Building C object ps2xRecomp/CMakeFiles/rabbitizer.dir/__/_deps/rabbitizer-src/src/instructions/RabbitizerInstructionRsp/RabbitizerInstructionRsp_OperandType.c.o
[16/533] Building C object ps2xRecomp/CMakeFiles/rabbitizer.dir/__/_deps/rabbitizer-src/src/instructions/RabbitizerInstructionR5900/RabbitizerInstructionR5900_OperandType.c.o
[17/533] Building C object ps2xRecomp/CMakeFiles/rabbitizer.dir/__/_deps/rabbitizer-src/src/instructions/RabbitizerInstruction/RabbitizerInstruction_ProcessUniqueId.c.o
[18/533] Building C object ps2xRecomp/CMakeFiles/rabbitizer.dir/__/_deps/rabbitizer-src/src/instructions/RabbitizerInstructionR3000GTE/RabbitizerInstructionR3000GTE_ProcessUniqueId.c.o
[19/533] Building C object ps2xRecomp/CMakeFiles/rabbitizer.dir/__/_deps/rabbitizer-src/src/instructions/RabbitizerInstructionR5900/RabbitizerInstructionR5900.c.o
[20/533] Building C object ps2xRecomp/CMakeFiles/rabbitizer.dir/__/_deps/rabbitizer-src/src/instructions/RabbitizerInstructionRsp/RabbitizerInstructionRsp.c.o
[21/533] Building C object ps2xRecomp/CMakeFiles/rabbitizer.dir/__/_deps/rabbitizer-src/src/instructions/RabbitizerRegister.c.o
[22/533] Building C object ps2xRecomp/CMakeFiles/rabbitizer.dir/__/_deps/rabbitizer-src/src/instructions/RabbitizerInstructionR4000Allegrex/RabbitizerInstructionR4000Allegrex_OperandType.c.o
[23/533] Building C object ps2xRecomp/CMakeFiles/rabbitizer.dir/__/_deps/rabbitizer-src/src/instructions/RabbitizerInstructionRsp/RabbitizerInstructionRsp_ProcessUniqueId.c.o
[24/533] Building C object ps2xRecomp/CMakeFiles/rabbitizer.dir/__/_deps/rabbitizer-src/src/instructions/RabbitizerInstructionR5900/RabbitizerInstructionR5900_ProcessUniqueId.c.o
[25/533] Building C object _deps/libdwarf-build/src/lib/libdwarf/CMakeFiles/dwarf.dir/dwarf_crc.c.o
[26/533] Building C object _deps/libdwarf-build/src/lib/libdwarf/CMakeFiles/dwarf.dir/dwarf_debug_sup.c.o
[27/533] Building C object _deps/libdwarf-build/src/lib/libdwarf/CMakeFiles/dwarf.dir/dwarf_crc32.c.o
[28/533] Building C object _deps/libdwarf-build/src/lib/libdwarf/CMakeFiles/dwarf.dir/dwarf_alloc.c.o
[29/533] Building C object _deps/libdwarf-build/src/lib/libdwarf/CMakeFiles/dwarf.dir/dwarf_abbrev.c.o
[30/533] Building C object _deps/libdwarf-build/src/lib/libdwarf/CMakeFiles/dwarf.dir/dwarf_arange.c.o
[31/533] Building C object _deps/libdwarf-build/src/lib/libdwarf/CMakeFiles/dwarf.dir/dwarf_debugaddr.c.o
[32/533] Building C object _deps/libdwarf-build/src/lib/libdwarf/CMakeFiles/dwarf.dir/dwarf_dsc.c.o
[33/533] Building C object ps2xRecomp/CMakeFiles/rabbitizer.dir/__/_deps/rabbitizer-src/src/instructions/RabbitizerInstructionR4000Allegrex/RabbitizerInstructionR4000Allegrex_ProcessUniqueId.c.o
[34/533] Building C object _deps/libdwarf-build/src/lib/libdwarf/CMakeFiles/dwarf.dir/dwarf_debugnames.c.o
[35/533] Building C object _deps/libdwarf-build/src/lib/libdwarf/CMakeFiles/dwarf.dir/dwarf_die_deliv.c.o
[36/533] Building C object _deps/libdwarf-build/src/lib/libdwarf/CMakeFiles/dwarf.dir/dwarf_form.c.o
[37/533] Building C object _deps/libdwarf-build/src/lib/libdwarf/CMakeFiles/dwarf.dir/dwarf_debuglink.c.o
[38/533] Building CXX object _deps/fmt-build/CMakeFiles/fmt.dir/src/os.cc.o
[39/533] Building C object _deps/libdwarf-build/src/lib/libdwarf/CMakeFiles/dwarf.dir/dwarf_elf_rel_detector.c.o
[40/533] Building C object _deps/libdwarf-build/src/lib/libdwarf/CMakeFiles/dwarf.dir/dwarf_fill_in_attr_form.c.o
[41/533] Building C object _deps/libdwarf-build/src/lib/libdwarf/CMakeFiles/dwarf.dir/dwarf_find_sigref.c.o
[42/533] Building C object _deps/libdwarf-build/src/lib/libdwarf/CMakeFiles/dwarf.dir/dwarf_form_class_names.c.o
[43/533] Building C object _deps/libdwarf-build/src/lib/libdwarf/CMakeFiles/dwarf.dir/dwarf_error.c.o
[44/533] Building C object _deps/libdwarf-build/src/lib/libdwarf/CMakeFiles/dwarf.dir/dwarf_fission_to_cu.c.o
[45/533] Building C object _deps/libdwarf-build/src/lib/libdwarf/CMakeFiles/dwarf.dir/dwarf_elf_load_headers.c.o
[46/533] Building C object _deps/libdwarf-build/src/lib/libdwarf/CMakeFiles/dwarf.dir/dwarf_elfread.c.o
[47/533] Building C object _deps/libdwarf-build/src/lib/libdwarf/CMakeFiles/dwarf.dir/dwarf_gdbindex.c.o
[48/533] Building C object _deps/libdwarf-build/src/lib/libdwarf/CMakeFiles/dwarf.dir/dwarf_global.c.o
[49/533] Building C object _deps/libdwarf-build/src/lib/libdwarf/CMakeFiles/dwarf.dir/dwarf_gnu_index.c.o
[50/533] Building C object _deps/libdwarf-build/src/lib/libdwarf/CMakeFiles/dwarf.dir/dwarf_groups.c.o
[51/533] Building C object _deps/libdwarf-build/src/lib/libdwarf/CMakeFiles/dwarf.dir/dwarf_harmless.c.o
[52/533] Building C object _deps/libdwarf-build/src/lib/libdwarf/CMakeFiles/dwarf.dir/dwarf_frame2.c.o
[53/533] Building C object _deps/libdwarf-build/src/lib/libdwarf/CMakeFiles/dwarf.dir/dwarf_generic_init.c.o
[54/533] Building C object _deps/libdwarf-build/src/lib/libdwarf/CMakeFiles/dwarf.dir/dwarf_locationop_read.c.o
[55/533] Building C object _deps/libdwarf-build/src/lib/libdwarf/CMakeFiles/dwarf.dir/dwarf_frame.c.o
[56/533] Building C object _deps/libdwarf-build/src/lib/libdwarf/CMakeFiles/dwarf.dir/dwarf_local_malloc.c.o
[57/533] Building C object _deps/libdwarf-build/src/lib/libdwarf/CMakeFiles/dwarf.dir/dwarf_leb.c.o
[58/533] Building C object _deps/libdwarf-build/src/lib/libdwarf/CMakeFiles/dwarf.dir/dwarf_loc.c.o
[59/533] Building C object _deps/libdwarf-build/src/lib/libdwarf/CMakeFiles/dwarf.dir/dwarf_lvn_name.c.o
[60/533] Building C object _deps/libdwarf-build/src/lib/libdwarf/CMakeFiles/dwarf.dir/dwarf_64machoread.c.o
[61/533] Building C object _deps/libdwarf-build/src/lib/libdwarf/CMakeFiles/dwarf.dir/dwarf_machoread.c.o
[62/533] Building C object _deps/libdwarf-build/src/lib/libdwarf/CMakeFiles/dwarf.dir/dwarf_names.c.o
[63/533] Building C object _deps/libdwarf-build/src/lib/libdwarf/CMakeFiles/dwarf.dir/dwarf_macro.c.o
[64/533] Building C object _deps/libdwarf-build/src/lib/libdwarf/CMakeFiles/dwarf.dir/dwarf_init_finish.c.o
[65/533] Building C object _deps/libdwarf-build/src/lib/libdwarf/CMakeFiles/dwarf.dir/dwarf_line.c.o
[66/533] Building C object _deps/libdwarf-build/src/lib/libdwarf/CMakeFiles/dwarf.dir/dwarf_loclists.c.o
[67/533] Building C object _deps/libdwarf-build/src/lib/libdwarf/CMakeFiles/dwarf.dir/dwarf_memcpy_swap.c.o
[68/533] Building C object _deps/libdwarf-build/src/lib/libdwarf/CMakeFiles/dwarf.dir/dwarf_object_read_common.c.o
[69/533] Building C object _deps/libdwarf-build/src/lib/libdwarf/CMakeFiles/dwarf.dir/dwarf_object_detector.c.o
[70/533] Building C object _deps/libdwarf-build/src/lib/libdwarf/CMakeFiles/dwarf.dir/dwarf_macro5.c.o
[71/533] Building C object _deps/libdwarf-build/src/lib/libdwarf/CMakeFiles/dwarf.dir/dwarf_ranges.c.o
[72/533] Building C object _deps/libdwarf-build/src/lib/libdwarf/CMakeFiles/dwarf.dir/dwarf_rnglists.c.o
[73/533] Building C object _deps/libdwarf-build/src/lib/libdwarf/CMakeFiles/dwarf.dir/dwarf_safe_arithmetic.c.o
[74/533] Building C object _deps/libdwarf-build/src/lib/libdwarf/CMakeFiles/dwarf.dir/dwarf_peread.c.o
[75/533] Building C object _deps/libdwarf-build/src/lib/libdwarf/CMakeFiles/dwarf.dir/dwarf_query.c.o
[76/533] Building C object _deps/libdwarf-build/src/lib/libdwarf/CMakeFiles/dwarf.dir/dwarf_safe_strcpy.c.o
[77/533] Building C object _deps/libdwarf-build/src/lib/libdwarf/CMakeFiles/dwarf.dir/dwarf_secname_ck.c.o
[78/533] Building C object _deps/libdwarf-build/src/lib/libdwarf/CMakeFiles/dwarf.dir/dwarf_seekr.c.o
[79/533] Building C object _deps/libdwarf-build/src/lib/libdwarf/CMakeFiles/dwarf.dir/dwarf_setup_sections.c.o
[80/533] Building C object _deps/libdwarf-build/src/lib/libdwarf/CMakeFiles/dwarf.dir/dwarf_tsearchhash.c.o
[81/533] Building C object _deps/libdwarf-build/src/lib/libdwarf/CMakeFiles/dwarf.dir/dwarf_stringsection.c.o
[82/533] Building CXX object _deps/fmt-build/CMakeFiles/fmt.dir/src/format.cc.o
In file included from /Volumes/Extreme SSD/ps2x-i2-desktop/_deps/fmt-src/src/format.cc:8:
In file included from /Volumes/Extreme SSD/ps2x-i2-desktop/_deps/fmt-src/include/fmt/format-inl.h:23:
In file included from /Volumes/Extreme SSD/ps2x-i2-desktop/_deps/fmt-src/include/fmt/format.h:41:
/Volumes/Extreme SSD/ps2x-i2-desktop/_deps/fmt-src/include/fmt/base.h:930:5: warning: ignoring return value of function declared with 'nodiscard' attribute [-Wunused-result]
  930 |     isalpha('x', loc);
      |     ^~~~~~~~~~~~~~~~~
/Volumes/Extreme SSD/ps2x-i2-desktop/_deps/fmt-src/src/format.cc:13:30: note: in instantiation of function template specialization 'fmt::locale_ref::locale_ref<std::locale, 0>' requested here
   13 | template FMT_API locale_ref::locale_ref(const std::locale& loc);  // DEPRECATED!
      |                              ^
1 warning generated.
[83/533] Building C object _deps/libdwarf-build/src/lib/libdwarf/CMakeFiles/dwarf.dir/dwarf_string.c.o
[84/533] Building C object _deps/libdwarf-build/src/lib/libdwarf/CMakeFiles/dwarf.dir/dwarf_tied.c.o
[85/533] Building C object _deps/libdwarf-build/src/lib/libdwarf/CMakeFiles/dwarf.dir/dwarf_util.c.o
[86/533] Building C object _deps/libdwarf-build/src/lib/libdwarf/CMakeFiles/dwarf.dir/dwarf_str_offsets.c.o
[87/533] Building C object _deps/libdwarf-build/src/lib/libdwarf/CMakeFiles/dwarf.dir/dwarf_xu_index.c.o
[88/533] Linking C static library ps2xRecomp/librabbitizer.a
[89/533] Building C object _deps/libdwarf-build/src/lib/libdwarf/CMakeFiles/dwarf.dir/dwarf_print_lines.c.o
[90/533] Building CXX object ps2xRecomp/CMakeFiles/ps2_recomp_lib.dir/src/lib/cop0_translator.cpp.o
[91/533] Building CXX object ps2xRecomp/CMakeFiles/ps2_recomp_lib.dir/src/lib/control_flow_analyzer.cpp.o
[92/533] Building CXX object ps2xRecomp/CMakeFiles/ps2_recomp_lib.dir/src/lib/fpu_translator.cpp.o
[93/533] Building CXX object ps2xRecomp/CMakeFiles/ps2_recomp_lib.dir/src/lib/gif_dma_kick_analyzer.cpp.o
[94/533] Building CXX object ps2xRecomp/CMakeFiles/ps2_recomp_lib.dir/src/lib/function_emitter.cpp.o
[95/533] Building CXX object ps2xRecomp/CMakeFiles/ps2_recomp_lib.dir/src/lib/jump_table_switch_emitter.cpp.o
[96/533] Building CXX object ps2xRecomp/CMakeFiles/ps2_recomp_lib.dir/src/lib/control_flow_emitter.cpp.o
[97/533] Building CXX object ps2xRecomp/CMakeFiles/ps2_recomp_lib.dir/src/lib/function_table_emitter.cpp.o
[98/533] Building CXX object ps2xRecomp/CMakeFiles/ps2_recomp_lib.dir/src/lib/instruction_translator.cpp.o
[99/533] Building CXX object ps2xRecomp/CMakeFiles/ps2_recomp_lib.dir/src/lib/code_generator.cpp.o
[100/533] Building CXX object ps2xRecomp/CMakeFiles/ps2_recomp_lib.dir/src/lib/mmi_translator.cpp.o
[101/533] Linking CXX static library _deps/fmt-build/libfmt.a
[102/533] Building CXX object ps2xRecomp/CMakeFiles/ps2_recomp_lib.dir/src/lib/mmi_translation_helpers.cpp.o
[103/533] Building CXX object ps2xRecomp/CMakeFiles/ps2_recomp_lib.dir/src/lib/r5900_decoder.cpp.o
[104/533] Linking C static library _deps/libdwarf-build/src/lib/libdwarf/libdwarf.a
[105/533] Building CXX object ps2xRecomp/CMakeFiles/ps2_recomp_lib.dir/src/lib/regimm_translator.cpp.o
[106/533] Building CXX object ps2xRecomp/CMakeFiles/ps2_recomp_lib.dir/src/lib/recompiler_reporter.cpp.o
[107/533] Building CXX object ps2xRecomp/CMakeFiles/ps2_recomp_lib.dir/src/lib/special_translator.cpp.o
[108/533] Building CXX object ps2xRecomp/CMakeFiles/ps2_recomp_lib.dir/src/lib/vu_translator.cpp.o
[109/533] Building CXX object ps2xIOP/CMakeFiles/ps2_iop.dir/src/modules/libsd.cpp.o
[110/533] Building CXX object ps2xIOP/CMakeFiles/ps2_iop.dir/src/builtin_profiles.cpp.o
[111/533] Building CXX object ps2xRecomp/CMakeFiles/ps2_recomp_lib.dir/src/lib/vu_translation_helpers.cpp.o
[112/533] Building CXX object ps2xIOP/CMakeFiles/ps2_iop.dir/src/modules/dbcman.cpp.o
[113/533] Building CXX object ps2xIOP/CMakeFiles/ps2_iop.dir/src/plugin_loader.cpp.o
[114/533] Building CXX object ps2xIOP/CMakeFiles/ps2_iop.dir/src/modules/mcserv.cpp.o
[115/533] Building CXX object ps2xIOP/CMakeFiles/ps2_iop.dir/src/modules/tsnddrv.cpp.o
[116/533] Building CXX object ps2xRecomp/CMakeFiles/ps2_recomp_lib.dir/src/lib/elf_parser.cpp.o
[117/533] Building CXX object ps2xIOP/CMakeFiles/ps2_iop.dir/src/iop_subsystem.cpp.o
[118/533] Building C object _deps/raylib-build/raylib/CMakeFiles/raylib.dir/rshapes.c.o
[119/533] Building C object _deps/raylib-build/raylib/CMakeFiles/raylib.dir/utils.c.o
[120/533] Building CXX object ps2xIOP/CMakeFiles/ps2_iop.dir/src/modules/sound_update_stub.cpp.o
[121/533] Building CXX object ps2xIOP/CMakeFiles/ps2_iop.dir/src/modules/clfile.cpp.o
[122/533] Building CXX object ps2xIOP/CMakeFiles/ps2_iop.dir/src/modules/sdrdrv.cpp.o
[123/533] Building CXX object ps2xIOP/CMakeFiles/ps2_iop.dir/src/modules/cri_dtx.cpp.o
[124/533] Building C object _deps/raylib-build/raylib/external/glfw/src/CMakeFiles/glfw.dir/context.c.o
[125/533] Building C object _deps/raylib-build/raylib/external/glfw/src/CMakeFiles/glfw.dir/init.c.o
[126/533] Building C object _deps/raylib-build/raylib/external/glfw/src/CMakeFiles/glfw.dir/input.c.o
[127/533] Building C object _deps/raylib-build/raylib/external/glfw/src/CMakeFiles/glfw.dir/monitor.c.o
[128/533] Building C object _deps/raylib-build/raylib/external/glfw/src/CMakeFiles/glfw.dir/platform.c.o
[129/533] Building C object _deps/raylib-build/raylib/CMakeFiles/raylib.dir/rtext.c.o
[130/533] Building C object _deps/raylib-build/raylib/external/glfw/src/CMakeFiles/glfw.dir/vulkan.c.o
[131/533] Building C object _deps/raylib-build/raylib/external/glfw/src/CMakeFiles/glfw.dir/window.c.o
[132/533] Building C object _deps/raylib-build/raylib/external/glfw/src/CMakeFiles/glfw.dir/egl_context.c.o
[133/533] Building C object _deps/raylib-build/raylib/external/glfw/src/CMakeFiles/glfw.dir/osmesa_context.c.o
[134/533] Building C object _deps/raylib-build/raylib/external/glfw/src/CMakeFiles/glfw.dir/null_monitor.c.o
[135/533] Building C object _deps/raylib-build/raylib/external/glfw/src/CMakeFiles/glfw.dir/null_init.c.o
[136/533] Building CXX object ps2xRecomp/CMakeFiles/ps2_recomp_lib.dir/src/lib/ps2_recompiler.cpp.o
[137/533] Building C object _deps/raylib-build/raylib/external/glfw/src/CMakeFiles/glfw.dir/null_window.c.o
[138/533] Building C object _deps/raylib-build/raylib/external/glfw/src/CMakeFiles/glfw.dir/null_joystick.c.o
[139/533] Building C object _deps/raylib-build/raylib/external/glfw/src/CMakeFiles/glfw.dir/cocoa_time.c.o
[140/533] Building C object _deps/raylib-build/raylib/external/glfw/src/CMakeFiles/glfw.dir/posix_module.c.o
[141/533] Building C object _deps/raylib-build/raylib/external/glfw/src/CMakeFiles/glfw.dir/posix_thread.c.o
[142/533] Linking CXX static library ps2xIOP/libps2_iop.a
[143/533] Building C object _deps/raylib-build/raylib/CMakeFiles/raylib.dir/rcore.c.o
[144/533] Building C object _deps/raylib-build/raylib/external/glfw/src/CMakeFiles/glfw.dir/cocoa_init.m.o
[145/533] Building C object _deps/raylib-build/raylib/external/glfw/src/CMakeFiles/glfw.dir/cocoa_joystick.m.o
[146/533] Building C object _deps/raylib-build/raylib/external/glfw/src/CMakeFiles/glfw.dir/nsgl_context.m.o
[147/533] Building C object _deps/raylib-build/raylib/external/glfw/src/CMakeFiles/glfw.dir/cocoa_monitor.m.o
[148/533] Building C object _deps/raylib-build/raylib/external/glfw/src/CMakeFiles/glfw.dir/cocoa_window.m.o
[149/533] Building CXX object ps2xRecomp/CMakeFiles/ps2_recomp_lib.dir/src/lib/config_manager.cpp.o
In file included from /Volumes/Extreme SSD/ps2recomp-spike/PS2Recomp/ps2xRecomp/src/lib/config_manager.cpp:3:
In file included from /Volumes/Extreme SSD/ps2x-i2-desktop/_deps/toml11-src/include/toml.hpp:40:
In file included from /Volumes/Extreme SSD/ps2x-i2-desktop/_deps/toml11-src/include/toml11/literal.hpp:4:
/Volumes/Extreme SSD/ps2x-i2-desktop/_deps/toml11-src/include/toml11/fwd/literal_fwd.hpp:22:26: warning: identifier '_toml' preceded by whitespace in a literal operator declaration is deprecated [-Wdeprecated-literal-operator]
   22 | ::toml::value operator"" _toml(const char* str, std::size_t len);
      |               ~~~~~~~~~~~^~~~~
      |               operator""_toml
/Volumes/Extreme SSD/ps2x-i2-desktop/_deps/toml11-src/include/toml11/fwd/literal_fwd.hpp:27:26: warning: identifier '_toml' preceded by whitespace in a literal operator declaration is deprecated [-Wdeprecated-literal-operator]
   27 | ::toml::value operator"" _toml(const char8_t* str, std::size_t len);
      |               ~~~~~~~~~~~^~~~~
      |               operator""_toml
In file included from /Volumes/Extreme SSD/ps2recomp-spike/PS2Recomp/ps2xRecomp/src/lib/config_manager.cpp:3:
In file included from /Volumes/Extreme SSD/ps2x-i2-desktop/_deps/toml11-src/include/toml.hpp:40:
In file included from /Volumes/Extreme SSD/ps2x-i2-desktop/_deps/toml11-src/include/toml11/literal.hpp:7:
/Volumes/Extreme SSD/ps2x-i2-desktop/_deps/toml11-src/include/toml11/impl/literal_impl.hpp:118:12: warning: identifier '_toml' preceded by whitespace in a literal operator declaration is deprecated [-Wdeprecated-literal-operator]
  118 | operator"" _toml(const char* str, std::size_t len)
      | ~~~~~~~~~~~^~~~~
      | operator""_toml
/Volumes/Extreme SSD/ps2x-i2-desktop/_deps/toml11-src/include/toml11/impl/literal_impl.hpp:149:12: warning: identifier '_toml' preceded by whitespace in a literal operator declaration is deprecated [-Wdeprecated-literal-operator]
  149 | operator"" _toml(const char8_t* str, std::size_t len)
      | ~~~~~~~~~~~^~~~~
      | operator""_toml
4 warnings generated.
[150/533] Linking CXX static library ps2xRecomp/libps2_recomp_lib.a
[151/533] Building CXX object ps2xRuntime/CMakeFiles/imgui.dir/Volumes/Extreme_SSD/ps2x-ios-spike-attempt1/_deps/imgui-src/imgui_tables.cpp.o
[152/533] Building CXX object ps2xRuntime/CMakeFiles/ps2_runtime.dir/src/lib/gs/ps2_gs_memory.cpp.o
In file included from /Volumes/Extreme SSD/ps2recomp-spike/PS2Recomp/ps2xRuntime/src/lib/gs/ps2_gs_memory.cpp:3:
/Volumes/Extreme SSD/ps2recomp-spike/PS2Recomp/ps2xRuntime/include/runtime/gs/ps2_gs_memory.h:67:11: warning: enumeration value 'Max' not handled in switch [-Wswitch]
   67 |                 switch (psm)
      |                         ^~~
/Volumes/Extreme SSD/ps2recomp-spike/PS2Recomp/ps2xRuntime/include/runtime/gs/ps2_gs_memory.h:91:11: warning: enumeration value 'Max' not handled in switch [-Wswitch]
   91 |                 switch (psm)
      |                         ^~~
/Volumes/Extreme SSD/ps2recomp-spike/PS2Recomp/ps2xRuntime/include/runtime/gs/ps2_gs_memory.h:168:11: warning: 9 enumeration values not handled in switch: 'C32', 'C24', 'C16'... [-Wswitch]
  168 |                 switch (psm)
      |                         ^~~
/Volumes/Extreme SSD/ps2recomp-spike/PS2Recomp/ps2xRuntime/include/runtime/gs/ps2_gs_memory.h:325:11: warning: no case matching constant switch condition '49'
  325 |                 switch (psm)
      |                         ^~~
/Volumes/Extreme SSD/ps2recomp-spike/PS2Recomp/ps2xRuntime/include/runtime/gs/ps2_gs_memory.h:236:47: note: in instantiation of member function 'GSMem::PixelStorageTraits<GSMem::PixelStorageMode::Z24>::ColumnExtent' requested here
  236 |                 using ColumnLookupTableT = LookupTable<u16, ColumnExtent().x, ColumnExtent().y>;
      |                                                             ^
/Volumes/Extreme SSD/ps2recomp-spike/PS2Recomp/ps2xRuntime/src/lib/gs/ps2_gs_memory.cpp:240:9: note: in instantiation of template class 'GSMem::PixelStorageTraits<GSMem::PixelStorageMode::Z24>' requested here
  240 |         PixelStorageTraits<Z24>::Write(PageTableZ32, data, bp, bw, x, y, value);
      |         ^
4 warnings generated.
[153/533] Building CXX object ps2xRuntime/CMakeFiles/ps2_runtime.dir/src/lib/gs/ps2_gif_arbiter.cpp.o
[154/533] Building CXX object ps2xRuntime/CMakeFiles/ps2_runtime.dir/src/lib/ps2_audio.cpp.o
[155/533] Building CXX object ps2xRuntime/CMakeFiles/ps2_runtime.dir/src/lib/ps2_audio_vag.cpp.o
[156/533] Building CXX object ps2xRuntime/CMakeFiles/imgui.dir/Volumes/Extreme_SSD/ps2x-ios-spike-attempt1/_deps/imgui-src/imgui_demo.cpp.o
[157/533] Building CXX object ps2xRuntime/CMakeFiles/ps2_runtime.dir/src/lib/ps2_pad.cpp.o
[158/533] Building CXX object ps2xRuntime/CMakeFiles/ps2_runtime.dir/src/lib/gs/gs_cpu_backend.cpp.o
In file included from /Volumes/Extreme SSD/ps2recomp-spike/PS2Recomp/ps2xRuntime/src/lib/gs/gs_cpu_backend.cpp:7:
/Volumes/Extreme SSD/ps2recomp-spike/PS2Recomp/ps2xRuntime/include/runtime/gs/ps2_gs_memory.h:67:11: warning: enumeration value 'Max' not handled in switch [-Wswitch]
   67 |                 switch (psm)
      |                         ^~~
/Volumes/Extreme SSD/ps2recomp-spike/PS2Recomp/ps2xRuntime/include/runtime/gs/ps2_gs_memory.h:91:11: warning: enumeration value 'Max' not handled in switch [-Wswitch]
   91 |                 switch (psm)
      |                         ^~~
/Volumes/Extreme SSD/ps2recomp-spike/PS2Recomp/ps2xRuntime/include/runtime/gs/ps2_gs_memory.h:168:11: warning: 9 enumeration values not handled in switch: 'C32', 'C24', 'C16'... [-Wswitch]
  168 |                 switch (psm)
      |                         ^~~
3 warnings generated.
[159/533] Building CXX object ps2xRuntime/CMakeFiles/ps2_runtime.dir/src/lib/gs/gs_frontend.cpp.o
[160/533] Building CXX object ps2xRuntime/CMakeFiles/imgui.dir/Volumes/Extreme_SSD/ps2x-ios-spike-attempt1/_deps/imgui-src/imgui_widgets.cpp.o
[161/533] Building CXX object ps2xRuntime/CMakeFiles/ps2_runtime.dir/src/lib/game_overrides.cpp.o
[162/533] Building C object _deps/raylib-build/raylib/CMakeFiles/raylib.dir/rtextures.c.o
[163/533] Building CXX object ps2xRuntime/CMakeFiles/ps2_runtime.dir/src/lib/vu/ps2_vu1_upper.cpp.o
[164/533] Building C object _deps/raylib-build/raylib/CMakeFiles/raylib.dir/rmodels.c.o
[165/533] Building CXX object ps2xRuntime/CMakeFiles/imgui.dir/Volumes/Extreme_SSD/ps2x-ios-spike-attempt1/_deps/imgui-src/imgui_draw.cpp.o
[166/533] Building CXX object ps2xRuntime/CMakeFiles/ps2_runtime.dir/src/lib/ps2_vif1_interpreter.cpp.o
[167/533] Building CXX object ps2xRuntime/CMakeFiles/ps2_runtime.dir/src/lib/games_database.cpp.o
[168/533] Building CXX object ps2xRuntime/CMakeFiles/ps2_runtime.dir/src/lib/vu/ps2_vu1_lower.cpp.o
[169/533] Building CXX object ps2xRuntime/CMakeFiles/ps2_runtime.dir/src/lib/ps2_memory.cpp.o
[170/533] Building CXX object ps2xRuntime/CMakeFiles/ps2_runtime.dir/src/lib/ps2_iop_host.cpp.o
[171/533] Building CXX object ps2xRuntime/CMakeFiles/ps2_runtime.dir/src/lib/vu/ps2_vu1_core.cpp.o
[172/533] Building C object _deps/raylib-build/raylib/CMakeFiles/raylib.dir/raudio.c.o
In file included from /Volumes/Extreme SSD/ps2x-ios-spike-attempt1/_deps/raylib-src/src/raudio.c:180:
In file included from /Volumes/Extreme SSD/ps2x-ios-spike-attempt1/_deps/raylib-src/src/external/miniaudio.h:31814:
In file included from /Applications/Xcode.app/Contents/Developer/Platforms/MacOSX.platform/Developer/SDKs/MacOSX.sdk/System/Library/Frameworks/AudioToolbox.framework/Headers/AudioToolbox.h:43:
In file included from /Applications/Xcode.app/Contents/Developer/Platforms/MacOSX.platform/Developer/SDKs/MacOSX.sdk/System/Library/Frameworks/AudioToolbox.framework/Headers/MusicPlayer.h:44:
/Applications/Xcode.app/Contents/Developer/Platforms/MacOSX.platform/Developer/SDKs/MacOSX.sdk/System/Library/Frameworks/CoreMIDI.framework/Headers/MIDIServices.h:311:32: warning: redefinition of typedef 'MIDIEventList' is a C11 feature [-Wtypedef-redefinition]
  311 | typedef struct MIDIEventList                    MIDIEventList;                  // Universal MIDI Packet
      |                                                 ^
/Applications/Xcode.app/Contents/Developer/Platforms/MacOSX.platform/Developer/SDKs/MacOSX.sdk/System/Library/Frameworks/AudioToolbox.framework/Headers/MusicDevice.h:178:30: note: previous definition is here
  178 | typedef struct MIDIEventList MIDIEventList;
      |                              ^
In file included from /Volumes/Extreme SSD/ps2x-ios-spike-attempt1/_deps/raylib-src/src/raudio.c:180:
In file included from /Volumes/Extreme SSD/ps2x-ios-spike-attempt1/_deps/raylib-src/src/external/miniaudio.h:31814:
In file included from /Applications/Xcode.app/Contents/Developer/Platforms/MacOSX.platform/Developer/SDKs/MacOSX.sdk/System/Library/Frameworks/AudioToolbox.framework/Headers/AudioToolbox.h:43:
In file included from /Applications/Xcode.app/Contents/Developer/Platforms/MacOSX.platform/Developer/SDKs/MacOSX.sdk/System/Library/Frameworks/AudioToolbox.framework/Headers/MusicPlayer.h:44:
/Applications/Xcode.app/Contents/Developer/Platforms/MacOSX.platform/Developer/SDKs/MacOSX.sdk/System/Library/Frameworks/CoreMIDI.framework/Headers/MIDIServices.h:528:30: warning: redefinition of typedef 'MIDIEventList' is a C11 feature [-Wtypedef-redefinition]
  528 | typedef struct MIDIEventList MIDIEventList;
      |                              ^
/Applications/Xcode.app/Contents/Developer/Platforms/MacOSX.platform/Developer/SDKs/MacOSX.sdk/System/Library/Frameworks/CoreMIDI.framework/Headers/MIDIServices.h:311:32: note: previous definition is here
  311 | typedef struct MIDIEventList                    MIDIEventList;                  // Universal MIDI Packet
      |                                                 ^
/Applications/Xcode.app/Contents/Developer/Platforms/MacOSX.platform/Developer/SDKs/MacOSX.sdk/System/Library/Frameworks/CoreMIDI.framework/Headers/MIDIServices.h:1034:146: warning: unknown platform 'bridgeos' in availability macro [-Wavailability]
 1034 | extern const CFStringRef        kMIDIPropertyFactoryPatchNameFile               API_DEPRECATED_WITH_REPLACEMENT("kMIDIPropertyNameConfiguration", macos(10.1, 10.2)) MIDI_API_UNAVAILABLE_NON_MACOS;
      |                                                                                                                                                                      ^
/Applications/Xcode.app/Contents/Developer/Platforms/MacOSX.platform/Developer/SDKs/MacOSX.sdk/System/Library/Frameworks/CoreMIDI.framework/Headers/MIDIServices.h:79:20: note: expanded from macro 'MIDI_API_UNAVAILABLE_NON_MACOS'
   79 |         __OS_AVAILABILITY(bridgeos, unavailable) \
      |                           ^
/Applications/Xcode.app/Contents/Developer/Platforms/MacOSX.platform/Developer/SDKs/MacOSX.sdk/System/Library/Frameworks/CoreMIDI.framework/Headers/MIDIServices.h:1047:144: warning: unknown platform 'bridgeos' in availability macro [-Wavailability]
 1047 | extern const CFStringRef        kMIDIPropertyUserPatchNameFile                  API_DEPRECATED_WITH_REPLACEMENT("kMIDIPropertyNameConfiguration", macos(10.1, 10.2)) MIDI_API_UNAVAILABLE_NON_MACOS;
      |                                                                                                                                                                      ^
/Applications/Xcode.app/Contents/Developer/Platforms/MacOSX.platform/Developer/SDKs/MacOSX.sdk/System/Library/Frameworks/CoreMIDI.framework/Headers/MIDIServices.h:79:20: note: expanded from macro 'MIDI_API_UNAVAILABLE_NON_MACOS'
   79 |         __OS_AVAILABILITY(bridgeos, unavailable) \
      |                           ^
In file included from /Volumes/Extreme SSD/ps2x-ios-spike-attempt1/_deps/raylib-src/src/raudio.c:218:
/Volumes/Extreme SSD/ps2x-ios-spike-attempt1/_deps/raylib-src/src/external/stb_vorbis.c:1404:75: warning: pointer comparison always evaluates to false [-Wtautological-compare]
 1404 |       if (f->stream_start + loc >= f->stream_end || f->stream_start + loc < f->stream_start) {
      |                                                                           ^
5 warnings generated.
[173/533] Building CXX object ps2xRuntime/CMakeFiles/ps2_runtime.dir/src/lib/Kernel/Stubs/Audio.cpp.o
[174/533] Building CXX object ps2xRuntime/CMakeFiles/ps2_runtime.dir/src/lib/ps2_runtime.cpp.o
[175/533] Building CXX object ps2xRuntime/CMakeFiles/ps2_runtime.dir/src/lib/Kernel/Stubs/DMA.cpp.o
[176/533] Building CXX object ps2xRuntime/CMakeFiles/ps2_runtime.dir/src/lib/Kernel/Stubs/Deci2.cpp.o
[177/533] Building CXX object ps2xRuntime/CMakeFiles/ps2_runtime.dir/src/lib/Kernel/Stubs/Compatibility.cpp.o
[178/533] Building CXX object ps2xRuntime/CMakeFiles/ps2_runtime.dir/src/lib/Kernel/Stubs/FileIO.cpp.o
[179/533] Building CXX object ps2xRuntime/CMakeFiles/ps2_runtime.dir/src/lib/Kernel/Stubs/Font.cpp.o
[180/533] Building CXX object ps2xRuntime/CMakeFiles/imgui.dir/Volumes/Extreme_SSD/ps2x-ios-spike-attempt1/_deps/imgui-src/imgui.cpp.o
[181/533] Building CXX object ps2xRuntime/CMakeFiles/ps2_runtime.dir/src/lib/Kernel/Stubs/CD.cpp.o
[182/533] Building CXX object ps2xRuntime/CMakeFiles/ps2_runtime.dir/src/lib/Kernel/Stubs/GS.cpp.o
[183/533] Building CXX object ps2xRuntime/CMakeFiles/ps2_runtime.dir/src/lib/Kernel/EeScheduler.cpp.o
[184/533] Building CXX object ps2xRuntime/CMakeFiles/ps2_runtime.dir/src/lib/Kernel/Stubs/IPU.cpp.o
[185/533] Building CXX object ps2xRuntime/CMakeFiles/ps2_runtime.dir/src/lib/Kernel/Stubs/RPC.cpp.o
[186/533] Building CXX object ps2xRuntime/CMakeFiles/ps2_runtime.dir/src/lib/Kernel/Stubs/Pad.cpp.o
[187/533] Building CXX object ps2xRuntime/CMakeFiles/ps2_runtime.dir/src/lib/Kernel/Stubs/LibC.cpp.o
[188/533] Building CXX object ps2xRuntime/CMakeFiles/ps2_runtime.dir/src/lib/Kernel/Stubs/SIF.cpp.o
[189/533] Building CXX object ps2xRuntime/CMakeFiles/ps2_runtime.dir/src/lib/Kernel/Stubs/System.cpp.o
[190/533] Building CXX object ps2xRuntime/CMakeFiles/ps2_runtime.dir/src/lib/Kernel/Stubs/MemoryCard.cpp.o
[191/533] Building CXX object ps2xRuntime/CMakeFiles/ps2_runtime.dir/src/lib/Kernel/Stubs/TTY.cpp.o
[192/533] Building CXX object ps2xRuntime/CMakeFiles/ps2_runtime.dir/src/lib/Kernel/Stubs/Unimplemented.cpp.o
[193/533] Linking C static library _deps/raylib-build/raylib/libraylib.a
[194/533] Building CXX object ps2xRuntime/CMakeFiles/ps2_runtime.dir/src/lib/Kernel/Stubs/VU.cpp.o
[195/533] Building CXX object ps2xRuntime/CMakeFiles/ps2_runtime.dir/src/lib/Kernel/Stubs/MPEG.cpp.o
[196/533] Building CXX object ps2xAnalyzer/CMakeFiles/ps2_analyzer_lib.dir/src/elf_analysis_context.cpp.o
[197/533] Building CXX object ps2xRuntime/CMakeFiles/ps2_runtime.dir/src/lib/Kernel/Syscalls/Deci2.cpp.o
[198/533] Building CXX object ps2xRuntime/CMakeFiles/ps2_runtime.dir/src/lib/Kernel/Syscalls/Interrupt.cpp.o
[199/533] Building CXX object ps2xAnalyzer/CMakeFiles/ps2_analyzer_lib.dir/src/analysis_passes.cpp.o
[200/533] Linking CXX static library ps2xRuntime/libimgui.a
[201/533] Building CXX object ps2xRuntime/CMakeFiles/ps2_runtime.dir/src/lib/Kernel/Syscalls/Dispatcher.cpp.o
[202/533] Building CXX object ps2xRuntime/CMakeFiles/ps2_runtime.dir/src/lib/Kernel/Syscalls/Sync.cpp.o
[203/533] Building CXX object ps2xRuntime/CMakeFiles/ps2_runtime.dir/src/lib/Kernel/Syscalls/FileIO.cpp.o
[204/533] Building CXX object ps2xRuntime/CMakeFiles/rlImGui.dir/Volumes/Extreme_SSD/ps2x-ios-spike-attempt1/_deps/rlimgui-src/rlImGui.cpp.o
[205/533] Building CXX object ps2xRuntime/CMakeFiles/ps2_runtime.dir/src/lib/Kernel/Syscalls/RPC.cpp.o
[206/533] Building CXX object ps2xRuntime/CMakeFiles/ps2_runtime.dir/src/lib/Kernel/Syscalls/System.cpp.o
[207/533] Building CXX object ps2xRuntime/CMakeFiles/ps2_runtime.dir/src/lib/Kernel/Syscalls/Thread.cpp.o
[208/533] Linking CXX static library ps2xRuntime/libps2_runtime.a
[209/533] Building CXX object ps2xAnalyzer/CMakeFiles/ps2_analyzer_lib.dir/src/function_classifier.cpp.o
[210/533] Building CXX object ps2xTest/CMakeFiles/ps2_test_lib.dir/src/r5900_decoder_tests.cpp.o
[211/533] Building CXX object ps2xAnalyzer/CMakeFiles/ps2_analyzer_lib.dir/src/toml_generator.cpp.o
[212/533] Building CXX object ps2xRuntime/CMakeFiles/ps2EntryRunner.dir/cmake_pch.hxx.pch
[213/533] Building CXX object ps2xTest/CMakeFiles/ps2_test_lib.dir/src/elf_analyzer_tests.cpp.o
[214/533] Building CXX object ps2xTest/CMakeFiles/ps2_test_lib.dir/src/pad_input_tests.cpp.o
[215/533] Building CXX object ps2xAnalyzer/CMakeFiles/ps2_analyzer_lib.dir/src/elf_analyzer.cpp.o
[216/533] Building CXX object ps2xTest/CMakeFiles/ps2_test_lib.dir/src/ps2_runtime_io_tests.cpp.o
[217/533] Building CXX object ps2xTest/CMakeFiles/ps2_test_lib.dir/src/ps2_runtime_interrupt_tests.cpp.o
[218/533] Building CXX object ps2xTest/CMakeFiles/ps2_test_lib.dir/src/ps2_runtime_kernel_tests.cpp.o
[219/533] Building CXX object ps2xTest/CMakeFiles/ps2_test_lib.dir/src/ps2_iop_tests.cpp.o
[220/533] Building CXX object ps2xTest/CMakeFiles/ps2_test_lib.dir/src/ps2_vu_tests.cpp.o
[221/533] Linking CXX static library ps2xRuntime/librlImGui.a
[222/533] Building CXX object ps2xAnalyzer/CMakeFiles/ps2_analyzer_lib.dir/src/sce_symbol_scanner.cpp.o
[223/533] Building CXX object ps2xTest/CMakeFiles/ps2_test_lib.dir/src/ps2_vu1_tests.cpp.o
[224/533] Linking CXX static library ps2xAnalyzer/libps2_analyzer_lib.a
[225/533] Building CXX object ps2xRuntime/CMakeFiles/ps2EntryRunner.dir/Unity/unity_288_cxx.cxx.o
[226/533] Building CXX object ps2xRuntime/CMakeFiles/ps2EntryRunner.dir/Unity/unity_286_cxx.cxx.o
[227/533] Building CXX object ps2xRecomp/CMakeFiles/ps2_recomp.dir/src/runner/main.cpp.o
[228/533] Building CXX object ps2xRuntime/CMakeFiles/ps2EntryRunner.dir/Unity/unity_284_cxx.cxx.o
[229/533] Building CXX object ps2xRuntime/CMakeFiles/ps2EntryRunner.dir/Unity/unity_285_cxx.cxx.o
[230/533] Building CXX object ps2xTest/CMakeFiles/ps2_test_lib.dir/src/ps2_memory_tests.cpp.o
[231/533] Building CXX object ps2xTest/CMakeFiles/ps2_test_lib.dir/src/ps2_sif_dma_tests.cpp.o
[232/533] Building CXX object ps2xRuntime/CMakeFiles/ps2EntryRunner.dir/Unity/unity_283_cxx.cxx.o
[233/533] Building CXX object ps2xTest/CMakeFiles/ps2_test_lib.dir/src/ps2_sif_rpc_tests.cpp.o
[234/533] Building CXX object ps2xRuntime/CMakeFiles/ps2EntryRunner.dir/Unity/unity_287_cxx.cxx.o
[235/533] Building CXX object ps2xTest/CMakeFiles/ps2_test_lib.dir/src/ps2_runtime_expansion_tests.cpp.o
[236/533] Building CXX object ps2xTest/CMakeFiles/ps2_test_lib.dir/src/ps2_gs_tests.cpp.o
In file included from /Volumes/Extreme SSD/ps2recomp-spike/PS2Recomp/ps2xTest/src/ps2_gs_tests.cpp:8:
/Volumes/Extreme SSD/ps2recomp-spike/PS2Recomp/ps2xRuntime/include/runtime/gs/ps2_gs_memory.h:67:11: warning: enumeration value 'Max' not handled in switch [-Wswitch]
   67 |                 switch (psm)
      |                         ^~~
/Volumes/Extreme SSD/ps2recomp-spike/PS2Recomp/ps2xRuntime/include/runtime/gs/ps2_gs_memory.h:91:11: warning: enumeration value 'Max' not handled in switch [-Wswitch]
   91 |                 switch (psm)
      |                         ^~~
/Volumes/Extreme SSD/ps2recomp-spike/PS2Recomp/ps2xRuntime/include/runtime/gs/ps2_gs_memory.h:168:11: warning: 9 enumeration values not handled in switch: 'C32', 'C24', 'C16'... [-Wswitch]
  168 |                 switch (psm)
      |                         ^~~
3 warnings generated.
[237/533] Building CXX object ps2xTest/CMakeFiles/ps2_test_lib.dir/src/code_generator_tests.cpp.o
[238/533] Building CXX object ps2xRuntime/CMakeFiles/ps2EntryRunner.dir/Unity/unity_282_cxx.cxx.o
[239/533] Building CXX object ps2xRuntime/CMakeFiles/ps2EntryRunner.dir/Unity/unity_279_cxx.cxx.o
[240/533] Building CXX object ps2xRuntime/CMakeFiles/ps2EntryRunner.dir/Unity/unity_273_cxx.cxx.o
[241/533] Building CXX object ps2xRuntime/CMakeFiles/ps2EntryRunner.dir/Unity/unity_278_cxx.cxx.o
[242/533] Building CXX object ps2xTest/CMakeFiles/ps2_test_lib.dir/src/ps2_recompiler_tests.cpp.o
[243/533] Building CXX object ps2xRuntime/CMakeFiles/ps2EntryRunner.dir/Unity/unity_277_cxx.cxx.o
[244/533] Building CXX object ps2xRuntime/CMakeFiles/ps2EntryRunner.dir/Unity/unity_289_cxx.cxx.o
[245/533] Building CXX object ps2xRuntime/CMakeFiles/ps2EntryRunner.dir/Unity/unity_270_cxx.cxx.o
[246/533] Building CXX object ps2xRuntime/CMakeFiles/ps2EntryRunner.dir/Unity/unity_269_cxx.cxx.o
[247/533] Building CXX object ps2xRuntime/CMakeFiles/ps2EntryRunner.dir/Unity/unity_274_cxx.cxx.o
[248/533] Building CXX object ps2xRuntime/CMakeFiles/ps2EntryRunner.dir/Unity/unity_276_cxx.cxx.o
[249/533] Building CXX object ps2xRuntime/CMakeFiles/ps2EntryRunner.dir/Unity/unity_280_cxx.cxx.o
[250/533] Building CXX object ps2xRuntime/CMakeFiles/ps2EntryRunner.dir/Unity/unity_267_cxx.cxx.o
[251/533] Building CXX object ps2xRuntime/CMakeFiles/ps2EntryRunner.dir/Unity/unity_268_cxx.cxx.o
In file included from /Volumes/Extreme SSD/ps2x-i2-desktop/ps2xRuntime/CMakeFiles/ps2EntryRunner.dir/Unity/unity_268_cxx.cxx:25:
/Volumes/Extreme SSD/ps2recomp-spike/PS2Recomp/ps2xRuntime/src/runner/sub_003FE818_0x3fe818.cpp:37:38: warning: array index 27 is past the end of the array (that has type 'uint16_t[16]' (aka 'unsigned short[16]')) [-Warray-bounds]
   37 |         {     uint16_t instr_index = ctx->vi[27] & 0x1FF;     uint32_t target_byte_addr = (uint32_t)instr_index << 3;     ctx->vu0_pc = target_byte_addr;     runtime->vu0StartMicroProgram(rdram, ctx, target_byte_addr); }
      |                                      ^       ~~
/Volumes/Extreme SSD/ps2recomp-spike/PS2Recomp/ps2xRuntime/include/ps2_runtime.h:72:5: note: array 'vi' declared here
   72 |     uint16_t vi[16];          // VU0 vector integer registers
      |     ^
1 warning generated.
[252/533] Building CXX object ps2xRuntime/CMakeFiles/ps2EntryRunner.dir/Unity/unity_275_cxx.cxx.o
[253/533] Building CXX object ps2xRuntime/CMakeFiles/ps2EntryRunner.dir/Unity/unity_272_cxx.cxx.o
[254/533] Building CXX object ps2xRuntime/CMakeFiles/ps2EntryRunner.dir/Unity/unity_281_cxx.cxx.o
[255/533] Building CXX object ps2xRuntime/CMakeFiles/ps2EntryRunner.dir/Unity/unity_266_cxx.cxx.o
[256/533] Building CXX object ps2xRuntime/CMakeFiles/ps2EntryRunner.dir/Unity/unity_262_cxx.cxx.o
[257/533] Building CXX object ps2xRuntime/CMakeFiles/ps2EntryRunner.dir/Unity/unity_265_cxx.cxx.o
[258/533] Building CXX object ps2xRuntime/CMakeFiles/ps2EntryRunner.dir/Unity/unity_263_cxx.cxx.o
[259/533] Building CXX object ps2xRuntime/CMakeFiles/ps2EntryRunner.dir/Unity/unity_260_cxx.cxx.o
[260/533] Building CXX object ps2xRuntime/CMakeFiles/ps2EntryRunner.dir/Unity/unity_256_cxx.cxx.o
[261/533] Building CXX object ps2xRuntime/CMakeFiles/ps2EntryRunner.dir/Unity/unity_259_cxx.cxx.o
[262/533] Building CXX object ps2xRuntime/CMakeFiles/ps2EntryRunner.dir/Unity/unity_264_cxx.cxx.o
[263/533] Building CXX object ps2xRuntime/CMakeFiles/ps2EntryRunner.dir/Unity/unity_271_cxx.cxx.o
[264/533] Building CXX object ps2xRuntime/CMakeFiles/ps2EntryRunner.dir/Unity/unity_257_cxx.cxx.o
[265/533] Building CXX object ps2xRuntime/CMakeFiles/ps2EntryRunner.dir/Unity/unity_255_cxx.cxx.o
[266/533] Building CXX object ps2xRuntime/CMakeFiles/ps2EntryRunner.dir/Unity/unity_254_cxx.cxx.o
[267/533] Building CXX object ps2xRuntime/CMakeFiles/ps2EntryRunner.dir/Unity/unity_251_cxx.cxx.o
[268/533] Building CXX object ps2xRuntime/CMakeFiles/ps2EntryRunner.dir/Unity/unity_249_cxx.cxx.o
[269/533] Building CXX object ps2xRuntime/CMakeFiles/ps2EntryRunner.dir/Unity/unity_253_cxx.cxx.o
[270/533] Building CXX object ps2xRuntime/CMakeFiles/ps2EntryRunner.dir/Unity/unity_261_cxx.cxx.o
[271/533] Building CXX object ps2xRuntime/CMakeFiles/ps2EntryRunner.dir/Unity/unity_252_cxx.cxx.o
[272/533] Building CXX object ps2xRuntime/CMakeFiles/ps2EntryRunner.dir/Unity/unity_245_cxx.cxx.o
[273/533] Building CXX object ps2xRuntime/CMakeFiles/ps2EntryRunner.dir/Unity/unity_247_cxx.cxx.o
[274/533] Building CXX object ps2xRuntime/CMakeFiles/ps2EntryRunner.dir/Unity/unity_248_cxx.cxx.o
[275/533] Building CXX object ps2xRuntime/CMakeFiles/ps2EntryRunner.dir/Unity/unity_246_cxx.cxx.o
[276/533] Building CXX object ps2xRuntime/CMakeFiles/ps2EntryRunner.dir/Unity/unity_241_cxx.cxx.o
[277/533] Building CXX object ps2xRuntime/CMakeFiles/ps2EntryRunner.dir/Unity/unity_258_cxx.cxx.o
[278/533] Building CXX object ps2xRuntime/CMakeFiles/ps2EntryRunner.dir/Unity/unity_250_cxx.cxx.o
[279/533] Building CXX object ps2xRuntime/CMakeFiles/ps2EntryRunner.dir/Unity/unity_242_cxx.cxx.o
[280/533] Building CXX object ps2xRuntime/CMakeFiles/ps2EntryRunner.dir/Unity/unity_240_cxx.cxx.o
[281/533] Building CXX object ps2xRuntime/CMakeFiles/ps2EntryRunner.dir/Unity/unity_244_cxx.cxx.o
[282/533] Building CXX object ps2xRuntime/CMakeFiles/ps2EntryRunner.dir/Unity/unity_243_cxx.cxx.o
[283/533] Building CXX object ps2xRuntime/CMakeFiles/ps2EntryRunner.dir/Unity/unity_236_cxx.cxx.o
[284/533] Building CXX object ps2xRuntime/CMakeFiles/ps2EntryRunner.dir/Unity/unity_232_cxx.cxx.o
[285/533] Building CXX object ps2xRuntime/CMakeFiles/ps2EntryRunner.dir/Unity/unity_231_cxx.cxx.o
[286/533] Building CXX object ps2xRuntime/CMakeFiles/ps2EntryRunner.dir/Unity/unity_233_cxx.cxx.o
[287/533] Building CXX object ps2xRuntime/CMakeFiles/ps2EntryRunner.dir/Unity/unity_234_cxx.cxx.o
[288/533] Building CXX object ps2xRuntime/CMakeFiles/ps2EntryRunner.dir/Unity/unity_235_cxx.cxx.o
[289/533] Building CXX object ps2xRuntime/CMakeFiles/ps2EntryRunner.dir/Unity/unity_239_cxx.cxx.o
[290/533] Building CXX object ps2xRuntime/CMakeFiles/ps2EntryRunner.dir/Unity/unity_229_cxx.cxx.o
[291/533] Building CXX object ps2xRuntime/CMakeFiles/ps2EntryRunner.dir/Unity/unity_226_cxx.cxx.o
[292/533] Building CXX object ps2xRuntime/CMakeFiles/ps2EntryRunner.dir/Unity/unity_237_cxx.cxx.o
[293/533] Building CXX object ps2xRuntime/CMakeFiles/ps2EntryRunner.dir/Unity/unity_227_cxx.cxx.o
[294/533] Building CXX object ps2xRuntime/CMakeFiles/ps2EntryRunner.dir/Unity/unity_238_cxx.cxx.o
[295/533] Building CXX object ps2xRuntime/CMakeFiles/ps2EntryRunner.dir/Unity/unity_230_cxx.cxx.o
[296/533] Building CXX object ps2xRuntime/CMakeFiles/ps2EntryRunner.dir/Unity/unity_220_cxx.cxx.o
[297/533] Building CXX object ps2xRuntime/CMakeFiles/ps2EntryRunner.dir/Unity/unity_223_cxx.cxx.o
[298/533] Building CXX object ps2xRuntime/CMakeFiles/ps2EntryRunner.dir/Unity/unity_224_cxx.cxx.o
[299/533] Building CXX object ps2xRuntime/CMakeFiles/ps2EntryRunner.dir/Unity/unity_228_cxx.cxx.o
[300/533] Building CXX object ps2xRuntime/CMakeFiles/ps2EntryRunner.dir/Unity/unity_222_cxx.cxx.o
[301/533] Building CXX object ps2xRuntime/CMakeFiles/ps2EntryRunner.dir/Unity/unity_218_cxx.cxx.o
In file included from /Volumes/Extreme SSD/ps2x-i2-desktop/ps2xRuntime/CMakeFiles/ps2EntryRunner.dir/Unity/unity_218_cxx.cxx:22:
/Volumes/Extreme SSD/ps2recomp-spike/PS2Recomp/ps2xRuntime/src/runner/sub_00391418_0x391418.cpp:91:34: warning: array index 27 is past the end of the array (that has type 'uint16_t[16]' (aka 'unsigned short[16]')) [-Warray-bounds]
   91 |     {     uint16_t instr_index = ctx->vi[27] & 0x1FF;     uint32_t target_byte_addr = (uint32_t)instr_index << 3;     ctx->vu0_pc = target_byte_addr;     runtime->vu0StartMicroProgram(rdram, ctx, target_byte_addr); }
      |                                  ^       ~~
/Volumes/Extreme SSD/ps2recomp-spike/PS2Recomp/ps2xRuntime/include/ps2_runtime.h:72:5: note: array 'vi' declared here
   72 |     uint16_t vi[16];          // VU0 vector integer registers
      |     ^
1 warning generated.
[302/533] Building CXX object ps2xRuntime/CMakeFiles/ps2EntryRunner.dir/Unity/unity_217_cxx.cxx.o
[303/533] Building CXX object ps2xRuntime/CMakeFiles/ps2EntryRunner.dir/Unity/unity_225_cxx.cxx.o
[304/533] Building CXX object ps2xRuntime/CMakeFiles/ps2EntryRunner.dir/Unity/unity_221_cxx.cxx.o
[305/533] Building CXX object ps2xRuntime/CMakeFiles/ps2EntryRunner.dir/Unity/unity_219_cxx.cxx.o
[306/533] Building CXX object ps2xRuntime/CMakeFiles/ps2EntryRunner.dir/Unity/unity_213_cxx.cxx.o
[307/533] Building CXX object ps2xRuntime/CMakeFiles/ps2EntryRunner.dir/Unity/unity_210_cxx.cxx.o
[308/533] Building CXX object ps2xRuntime/CMakeFiles/ps2EntryRunner.dir/Unity/unity_204_cxx.cxx.o
[309/533] Building CXX object ps2xRuntime/CMakeFiles/ps2EntryRunner.dir/Unity/unity_211_cxx.cxx.o
[310/533] Building CXX object ps2xRuntime/CMakeFiles/ps2EntryRunner.dir/Unity/unity_203_cxx.cxx.o
[311/533] Building CXX object ps2xRuntime/CMakeFiles/ps2EntryRunner.dir/Unity/unity_216_cxx.cxx.o
[312/533] Building CXX object ps2xRuntime/CMakeFiles/ps2EntryRunner.dir/Unity/unity_209_cxx.cxx.o
[313/533] Building CXX object ps2xRuntime/CMakeFiles/ps2EntryRunner.dir/Unity/unity_206_cxx.cxx.o
[314/533] Building CXX object ps2xRuntime/CMakeFiles/ps2EntryRunner.dir/Unity/unity_205_cxx.cxx.o
[315/533] Building CXX object ps2xRuntime/CMakeFiles/ps2EntryRunner.dir/Unity/unity_208_cxx.cxx.o
[316/533] Building CXX object ps2xRuntime/CMakeFiles/ps2EntryRunner.dir/Unity/unity_215_cxx.cxx.o
[317/533] Building CXX object ps2xRuntime/CMakeFiles/ps2EntryRunner.dir/Unity/unity_202_cxx.cxx.o
[318/533] Building CXX object ps2xRuntime/CMakeFiles/ps2EntryRunner.dir/Unity/unity_201_cxx.cxx.o
[319/533] Building CXX object ps2xRuntime/CMakeFiles/ps2EntryRunner.dir/Unity/unity_212_cxx.cxx.o
[320/533] Building CXX object ps2xRuntime/CMakeFiles/ps2EntryRunner.dir/Unity/unity_197_cxx.cxx.o
[321/533] Building CXX object ps2xRuntime/CMakeFiles/ps2EntryRunner.dir/Unity/unity_207_cxx.cxx.o
[322/533] Building CXX object ps2xRuntime/CMakeFiles/ps2EntryRunner.dir/Unity/unity_189_cxx.cxx.o
[323/533] Building CXX object ps2xRuntime/CMakeFiles/ps2EntryRunner.dir/Unity/unity_200_cxx.cxx.o
[324/533] Building CXX object ps2xRuntime/CMakeFiles/ps2EntryRunner.dir/Unity/unity_199_cxx.cxx.o
[325/533] Building CXX object ps2xRuntime/CMakeFiles/ps2EntryRunner.dir/Unity/unity_192_cxx.cxx.o
[326/533] Building CXX object ps2xRuntime/CMakeFiles/ps2EntryRunner.dir/Unity/unity_198_cxx.cxx.o
[327/533] Building CXX object ps2xRuntime/CMakeFiles/ps2EntryRunner.dir/Unity/unity_191_cxx.cxx.o
[328/533] Building CXX object ps2xRuntime/CMakeFiles/ps2EntryRunner.dir/Unity/unity_185_cxx.cxx.o
[329/533] Building CXX object ps2xRuntime/CMakeFiles/ps2EntryRunner.dir/Unity/unity_186_cxx.cxx.o
[330/533] Building CXX object ps2xRuntime/CMakeFiles/ps2EntryRunner.dir/Unity/unity_196_cxx.cxx.o
[331/533] Building CXX object ps2xRuntime/CMakeFiles/ps2EntryRunner.dir/Unity/unity_190_cxx.cxx.o
[332/533] Building CXX object ps2xRuntime/CMakeFiles/ps2EntryRunner.dir/Unity/unity_193_cxx.cxx.o
In file included from /Volumes/Extreme SSD/ps2x-i2-desktop/ps2xRuntime/CMakeFiles/ps2EntryRunner.dir/Unity/unity_193_cxx.cxx:52:
/Volumes/Extreme SSD/ps2recomp-spike/PS2Recomp/ps2xRuntime/src/runner/sub_0032B6A8_0x32b6a8.cpp:55:34: warning: array index 27 is past the end of the array (that has type 'uint16_t[16]' (aka 'unsigned short[16]')) [-Warray-bounds]
   55 |     {     uint16_t instr_index = ctx->vi[27] & 0x1FF;     uint32_t target_byte_addr = (uint32_t)instr_index << 3;     ctx->vu0_pc = target_byte_addr;     runtime->vu0StartMicroProgram(rdram, ctx, target_byte_addr); }
      |                                  ^       ~~
/Volumes/Extreme SSD/ps2recomp-spike/PS2Recomp/ps2xRuntime/include/ps2_runtime.h:72:5: note: array 'vi' declared here
   72 |     uint16_t vi[16];          // VU0 vector integer registers
      |     ^
1 warning generated.
[333/533] Building CXX object ps2xRuntime/CMakeFiles/ps2EntryRunner.dir/Unity/unity_194_cxx.cxx.o
[334/533] Building CXX object ps2xRuntime/CMakeFiles/ps2EntryRunner.dir/Unity/unity_187_cxx.cxx.o
[335/533] Building CXX object ps2xRuntime/CMakeFiles/ps2EntryRunner.dir/Unity/unity_183_cxx.cxx.o
[336/533] Building CXX object ps2xRuntime/CMakeFiles/ps2EntryRunner.dir/Unity/unity_179_cxx.cxx.o
[337/533] Building CXX object ps2xRuntime/CMakeFiles/ps2EntryRunner.dir/Unity/unity_188_cxx.cxx.o
[338/533] Building CXX object ps2xRuntime/CMakeFiles/ps2EntryRunner.dir/Unity/unity_184_cxx.cxx.o
[339/533] Building CXX object ps2xRuntime/CMakeFiles/ps2EntryRunner.dir/Unity/unity_182_cxx.cxx.o
[340/533] Building CXX object ps2xRuntime/CMakeFiles/ps2EntryRunner.dir/Unity/unity_178_cxx.cxx.o
[341/533] Building CXX object ps2xRuntime/CMakeFiles/ps2EntryRunner.dir/Unity/unity_181_cxx.cxx.o
[342/533] Building CXX object ps2xRuntime/CMakeFiles/ps2EntryRunner.dir/Unity/unity_171_cxx.cxx.o
[343/533] Building CXX object ps2xRuntime/CMakeFiles/ps2EntryRunner.dir/Unity/unity_175_cxx.cxx.o
[344/533] Building CXX object ps2xRuntime/CMakeFiles/ps2EntryRunner.dir/Unity/unity_177_cxx.cxx.o
[345/533] Building CXX object ps2xRuntime/CMakeFiles/ps2EntryRunner.dir/Unity/unity_172_cxx.cxx.o
[346/533] Building CXX object ps2xRuntime/CMakeFiles/ps2EntryRunner.dir/Unity/unity_170_cxx.cxx.o
[347/533] Building CXX object ps2xRuntime/CMakeFiles/ps2EntryRunner.dir/Unity/unity_180_cxx.cxx.o
[348/533] Building CXX object ps2xRuntime/CMakeFiles/ps2EntryRunner.dir/Unity/unity_164_cxx.cxx.o
In file included from /Volumes/Extreme SSD/ps2x-i2-desktop/ps2xRuntime/CMakeFiles/ps2EntryRunner.dir/Unity/unity_164_cxx.cxx:73:
/Volumes/Extreme SSD/ps2recomp-spike/PS2Recomp/ps2xRuntime/src/runner/sub_002D2058_0x2d2058.cpp:129:34: warning: array index 27 is past the end of the array (that has type 'uint16_t[16]' (aka 'unsigned short[16]')) [-Warray-bounds]
  129 |     {     uint16_t instr_index = ctx->vi[27] & 0x1FF;     uint32_t target_byte_addr = (uint32_t)instr_index << 3;     ctx->vu0_pc = target_byte_addr;     runtime->vu0StartMicroProgram(rdram, ctx, target_byte_addr); }
      |                                  ^       ~~
/Volumes/Extreme SSD/ps2recomp-spike/PS2Recomp/ps2xRuntime/include/ps2_runtime.h:72:5: note: array 'vi' declared here
   72 |     uint16_t vi[16];          // VU0 vector integer registers
      |     ^
1 warning generated.
[349/533] Building CXX object ps2xRuntime/CMakeFiles/ps2EntryRunner.dir/Unity/unity_173_cxx.cxx.o
[350/533] Building CXX object ps2xRuntime/CMakeFiles/ps2EntryRunner.dir/Unity/unity_174_cxx.cxx.o
[351/533] Building CXX object ps2xRuntime/CMakeFiles/ps2EntryRunner.dir/Unity/unity_168_cxx.cxx.o
[352/533] Building CXX object ps2xRuntime/CMakeFiles/ps2EntryRunner.dir/Unity/unity_160_cxx.cxx.o
[353/533] Building CXX object ps2xRuntime/CMakeFiles/ps2EntryRunner.dir/Unity/unity_166_cxx.cxx.o
[354/533] Building CXX object ps2xRuntime/CMakeFiles/ps2EntryRunner.dir/Unity/unity_162_cxx.cxx.o
[355/533] Building CXX object ps2xRuntime/CMakeFiles/ps2EntryRunner.dir/Unity/unity_156_cxx.cxx.o
[356/533] Building CXX object ps2xRuntime/CMakeFiles/ps2EntryRunner.dir/Unity/unity_161_cxx.cxx.o
[357/533] Building CXX object ps2xRuntime/CMakeFiles/ps2EntryRunner.dir/Unity/unity_154_cxx.cxx.o
[358/533] Building CXX object ps2xRuntime/CMakeFiles/ps2EntryRunner.dir/Unity/unity_157_cxx.cxx.o
[359/533] Building CXX object ps2xRuntime/CMakeFiles/ps2EntryRunner.dir/Unity/unity_153_cxx.cxx.o
[360/533] Building CXX object ps2xRuntime/CMakeFiles/ps2EntryRunner.dir/Unity/unity_159_cxx.cxx.o
[361/533] Building CXX object ps2xRuntime/CMakeFiles/ps2EntryRunner.dir/Unity/unity_158_cxx.cxx.o
[362/533] Building CXX object ps2xRuntime/CMakeFiles/ps2EntryRunner.dir/Unity/unity_150_cxx.cxx.o
[363/533] Building CXX object ps2xRuntime/CMakeFiles/ps2EntryRunner.dir/Unity/unity_151_cxx.cxx.o
[364/533] Building CXX object ps2xRuntime/CMakeFiles/ps2EntryRunner.dir/Unity/unity_195_cxx.cxx.o
[365/533] Building CXX object ps2xRuntime/CMakeFiles/ps2EntryRunner.dir/Unity/unity_165_cxx.cxx.o
[366/533] Building CXX object ps2xRuntime/CMakeFiles/ps2EntryRunner.dir/Unity/unity_152_cxx.cxx.o
[367/533] Building CXX object ps2xRuntime/CMakeFiles/ps2EntryRunner.dir/Unity/unity_148_cxx.cxx.o
[368/533] Building CXX object ps2xRuntime/CMakeFiles/ps2EntryRunner.dir/Unity/unity_149_cxx.cxx.o
[369/533] Building CXX object ps2xRuntime/CMakeFiles/ps2EntryRunner.dir/Unity/unity_147_cxx.cxx.o
[370/533] Building CXX object ps2xRuntime/CMakeFiles/ps2EntryRunner.dir/Unity/unity_163_cxx.cxx.o
[371/533] Building CXX object ps2xRuntime/CMakeFiles/ps2EntryRunner.dir/Unity/unity_167_cxx.cxx.o
[372/533] Building CXX object ps2xRuntime/CMakeFiles/ps2EntryRunner.dir/Unity/unity_145_cxx.cxx.o
[373/533] Building CXX object ps2xRuntime/CMakeFiles/ps2EntryRunner.dir/Unity/unity_146_cxx.cxx.o
[374/533] Building CXX object ps2xRuntime/CMakeFiles/ps2EntryRunner.dir/Unity/unity_143_cxx.cxx.o
[375/533] Building CXX object ps2xRuntime/CMakeFiles/ps2EntryRunner.dir/Unity/unity_144_cxx.cxx.o
[376/533] Building CXX object ps2xRuntime/CMakeFiles/ps2EntryRunner.dir/Unity/unity_169_cxx.cxx.o
[377/533] Building CXX object ps2xRuntime/CMakeFiles/ps2EntryRunner.dir/Unity/unity_155_cxx.cxx.o
[378/533] Building CXX object ps2xRuntime/CMakeFiles/ps2EntryRunner.dir/Unity/unity_139_cxx.cxx.o
[379/533] Building CXX object ps2xRuntime/CMakeFiles/ps2EntryRunner.dir/Unity/unity_141_cxx.cxx.o
[380/533] Building CXX object ps2xRuntime/CMakeFiles/ps2EntryRunner.dir/Unity/unity_142_cxx.cxx.o
[381/533] Building CXX object ps2xRuntime/CMakeFiles/ps2EntryRunner.dir/Unity/unity_138_cxx.cxx.o
[382/533] Building CXX object ps2xRuntime/CMakeFiles/ps2EntryRunner.dir/Unity/unity_140_cxx.cxx.o
[383/533] Building CXX object ps2xRuntime/CMakeFiles/ps2EntryRunner.dir/Unity/unity_137_cxx.cxx.o
[384/533] Building CXX object ps2xRuntime/CMakeFiles/ps2EntryRunner.dir/Unity/unity_131_cxx.cxx.o
[385/533] Building CXX object ps2xRuntime/CMakeFiles/ps2EntryRunner.dir/Unity/unity_130_cxx.cxx.o
[386/533] Building CXX object ps2xRuntime/CMakeFiles/ps2EntryRunner.dir/Unity/unity_132_cxx.cxx.o
[387/533] Building CXX object ps2xRuntime/CMakeFiles/ps2EntryRunner.dir/Unity/unity_133_cxx.cxx.o
[388/533] Building CXX object ps2xRuntime/CMakeFiles/ps2EntryRunner.dir/Unity/unity_129_cxx.cxx.o
[389/533] Building CXX object ps2xRuntime/CMakeFiles/ps2EntryRunner.dir/Unity/unity_128_cxx.cxx.o
[390/533] Building CXX object ps2xRuntime/CMakeFiles/ps2EntryRunner.dir/Unity/unity_126_cxx.cxx.o
[391/533] Building CXX object ps2xRuntime/CMakeFiles/ps2EntryRunner.dir/Unity/unity_127_cxx.cxx.o
[392/533] Building CXX object ps2xRuntime/CMakeFiles/ps2EntryRunner.dir/Unity/unity_125_cxx.cxx.o
[393/533] Building CXX object ps2xRuntime/CMakeFiles/ps2EntryRunner.dir/Unity/unity_136_cxx.cxx.o
[394/533] Building CXX object ps2xRuntime/CMakeFiles/ps2EntryRunner.dir/Unity/unity_123_cxx.cxx.o
[395/533] Building CXX object ps2xRuntime/CMakeFiles/ps2EntryRunner.dir/Unity/unity_121_cxx.cxx.o
[396/533] Building CXX object ps2xRuntime/CMakeFiles/ps2EntryRunner.dir/Unity/unity_119_cxx.cxx.o
[397/533] Building CXX object ps2xRuntime/CMakeFiles/ps2EntryRunner.dir/Unity/unity_120_cxx.cxx.o
[398/533] Building CXX object ps2xRuntime/CMakeFiles/ps2EntryRunner.dir/Unity/unity_122_cxx.cxx.o
[399/533] Building CXX object ps2xRuntime/CMakeFiles/ps2EntryRunner.dir/Unity/unity_134_cxx.cxx.o
[400/533] Building CXX object ps2xRuntime/CMakeFiles/ps2EntryRunner.dir/Unity/unity_118_cxx.cxx.o
[401/533] Building CXX object ps2xRuntime/CMakeFiles/ps2EntryRunner.dir/Unity/unity_115_cxx.cxx.o
[402/533] Building CXX object ps2xRuntime/CMakeFiles/ps2EntryRunner.dir/Unity/unity_135_cxx.cxx.o
[403/533] Building CXX object ps2xRuntime/CMakeFiles/ps2EntryRunner.dir/Unity/unity_116_cxx.cxx.o
[404/533] Building CXX object ps2xRuntime/CMakeFiles/ps2EntryRunner.dir/Unity/unity_117_cxx.cxx.o
[405/533] Building CXX object ps2xRuntime/CMakeFiles/ps2EntryRunner.dir/Unity/unity_113_cxx.cxx.o
[406/533] Building CXX object ps2xRuntime/CMakeFiles/ps2EntryRunner.dir/Unity/unity_114_cxx.cxx.o
[407/533] Building CXX object ps2xRuntime/CMakeFiles/ps2EntryRunner.dir/Unity/unity_110_cxx.cxx.o
[408/533] Building CXX object ps2xRuntime/CMakeFiles/ps2EntryRunner.dir/Unity/unity_112_cxx.cxx.o
[409/533] Building CXX object ps2xRuntime/CMakeFiles/ps2EntryRunner.dir/Unity/unity_111_cxx.cxx.o
[410/533] Building CXX object ps2xRuntime/CMakeFiles/ps2EntryRunner.dir/Unity/unity_108_cxx.cxx.o
[411/533] Building CXX object ps2xRuntime/CMakeFiles/ps2EntryRunner.dir/Unity/unity_107_cxx.cxx.o
[412/533] Building CXX object ps2xRuntime/CMakeFiles/ps2EntryRunner.dir/Unity/unity_109_cxx.cxx.o
[413/533] Building CXX object ps2xRuntime/CMakeFiles/ps2EntryRunner.dir/Unity/unity_106_cxx.cxx.o
[414/533] Building CXX object ps2xRuntime/CMakeFiles/ps2EntryRunner.dir/Unity/unity_104_cxx.cxx.o
[415/533] Building CXX object ps2xRuntime/CMakeFiles/ps2EntryRunner.dir/Unity/unity_124_cxx.cxx.o
[416/533] Building CXX object ps2xRuntime/CMakeFiles/ps2EntryRunner.dir/Unity/unity_98_cxx.cxx.o
[417/533] Building CXX object ps2xRuntime/CMakeFiles/ps2EntryRunner.dir/Unity/unity_103_cxx.cxx.o
[418/533] Building CXX object ps2xRuntime/CMakeFiles/ps2EntryRunner.dir/Unity/unity_95_cxx.cxx.o
[419/533] Building CXX object ps2xRuntime/CMakeFiles/ps2EntryRunner.dir/Unity/unity_105_cxx.cxx.o
[420/533] Building CXX object ps2xRuntime/CMakeFiles/ps2EntryRunner.dir/Unity/unity_102_cxx.cxx.o
[421/533] Building CXX object ps2xRuntime/CMakeFiles/ps2EntryRunner.dir/Unity/unity_99_cxx.cxx.o
[422/533] Building CXX object ps2xRuntime/CMakeFiles/ps2EntryRunner.dir/Unity/unity_100_cxx.cxx.o
[423/533] Building CXX object ps2xRuntime/CMakeFiles/ps2EntryRunner.dir/Unity/unity_214_cxx.cxx.o
In file included from /Volumes/Extreme SSD/ps2x-i2-desktop/ps2xRuntime/CMakeFiles/ps2EntryRunner.dir/Unity/unity_214_cxx.cxx:55:
/Volumes/Extreme SSD/ps2recomp-spike/PS2Recomp/ps2xRuntime/src/runner/sub_0037DE88_0x37de88.cpp:61:34: warning: array index 27 is past the end of the array (that has type 'uint16_t[16]' (aka 'unsigned short[16]')) [-Warray-bounds]
   61 |     {     uint16_t instr_index = ctx->vi[27] & 0x1FF;     uint32_t target_byte_addr = (uint32_t)instr_index << 3;     ctx->vu0_pc = target_byte_addr;     runtime->vu0StartMicroProgram(rdram, ctx, target_byte_addr); }
      |                                  ^       ~~
/Volumes/Extreme SSD/ps2recomp-spike/PS2Recomp/ps2xRuntime/include/ps2_runtime.h:72:5: note: array 'vi' declared here
   72 |     uint16_t vi[16];          // VU0 vector integer registers
      |     ^
1 warning generated.
[424/533] Building CXX object ps2xRuntime/CMakeFiles/ps2EntryRunner.dir/Unity/unity_101_cxx.cxx.o
[425/533] Building CXX object ps2xRuntime/CMakeFiles/ps2EntryRunner.dir/Unity/unity_92_cxx.cxx.o
[426/533] Building CXX object ps2xRuntime/CMakeFiles/ps2EntryRunner.dir/Unity/unity_97_cxx.cxx.o
[427/533] Building CXX object ps2xRuntime/CMakeFiles/ps2EntryRunner.dir/Unity/unity_94_cxx.cxx.o
[428/533] Building CXX object ps2xRuntime/CMakeFiles/ps2EntryRunner.dir/Unity/unity_87_cxx.cxx.o
[429/533] Building CXX object ps2xRuntime/CMakeFiles/ps2EntryRunner.dir/Unity/unity_96_cxx.cxx.o
[430/533] Building CXX object ps2xRuntime/CMakeFiles/ps2EntryRunner.dir/Unity/unity_91_cxx.cxx.o
[431/533] Building CXX object ps2xRuntime/CMakeFiles/ps2EntryRunner.dir/Unity/unity_90_cxx.cxx.o
[432/533] Building CXX object ps2xRuntime/CMakeFiles/ps2EntryRunner.dir/Unity/unity_89_cxx.cxx.o
[433/533] Building CXX object ps2xRuntime/CMakeFiles/ps2EntryRunner.dir/Unity/unity_80_cxx.cxx.o
[434/533] Building CXX object ps2xRuntime/CMakeFiles/ps2EntryRunner.dir/Unity/unity_84_cxx.cxx.o
[435/533] Building CXX object ps2xRuntime/CMakeFiles/ps2EntryRunner.dir/Unity/unity_82_cxx.cxx.o
[436/533] Building CXX object ps2xRuntime/CMakeFiles/ps2EntryRunner.dir/Unity/unity_86_cxx.cxx.o
[437/533] Building CXX object ps2xRuntime/CMakeFiles/ps2EntryRunner.dir/Unity/unity_85_cxx.cxx.o
[438/533] Building CXX object ps2xRuntime/CMakeFiles/ps2EntryRunner.dir/Unity/unity_93_cxx.cxx.o
[439/533] Building CXX object ps2xRuntime/CMakeFiles/ps2EntryRunner.dir/Unity/unity_83_cxx.cxx.o
In file included from /Volumes/Extreme SSD/ps2x-i2-desktop/ps2xRuntime/CMakeFiles/ps2EntryRunner.dir/Unity/unity_83_cxx.cxx:46:
/Volumes/Extreme SSD/ps2recomp-spike/PS2Recomp/ps2xRuntime/src/runner/sub_0022A830_0x22a830.cpp:550:34: warning: array index 27 is past the end of the array (that has type 'uint16_t[16]' (aka 'unsigned short[16]')) [-Warray-bounds]
  550 |     {     uint16_t instr_index = ctx->vi[27] & 0x1FF;     uint32_t target_byte_addr = (uint32_t)instr_index << 3;     ctx->vu0_pc = target_byte_addr;     runtime->vu0StartMicroProgram(rdram, ctx, target_byte_addr); }
      |                                  ^       ~~
/Volumes/Extreme SSD/ps2recomp-spike/PS2Recomp/ps2xRuntime/include/ps2_runtime.h:72:5: note: array 'vi' declared here
   72 |     uint16_t vi[16];          // VU0 vector integer registers
      |     ^
1 warning generated.
[440/533] Building CXX object ps2xRuntime/CMakeFiles/ps2EntryRunner.dir/Unity/unity_88_cxx.cxx.o
[441/533] Building CXX object ps2xRuntime/CMakeFiles/ps2EntryRunner.dir/Unity/unity_79_cxx.cxx.o
[442/533] Building CXX object ps2xRuntime/CMakeFiles/ps2EntryRunner.dir/Unity/unity_72_cxx.cxx.o
[443/533] Building CXX object ps2xRuntime/CMakeFiles/ps2EntryRunner.dir/Unity/unity_71_cxx.cxx.o
[444/533] Building CXX object ps2xRuntime/CMakeFiles/ps2EntryRunner.dir/Unity/unity_70_cxx.cxx.o
[445/533] Building CXX object ps2xRuntime/CMakeFiles/ps2EntryRunner.dir/Unity/unity_68_cxx.cxx.o
[446/533] Building CXX object ps2xRuntime/CMakeFiles/ps2EntryRunner.dir/Unity/unity_77_cxx.cxx.o
[447/533] Building CXX object ps2xRuntime/CMakeFiles/ps2EntryRunner.dir/Unity/unity_81_cxx.cxx.o
[448/533] Building CXX object ps2xRuntime/CMakeFiles/ps2EntryRunner.dir/Unity/unity_74_cxx.cxx.o
[449/533] Building CXX object ps2xRuntime/CMakeFiles/ps2EntryRunner.dir/Unity/unity_69_cxx.cxx.o
[450/533] Building CXX object ps2xRuntime/CMakeFiles/ps2EntryRunner.dir/Unity/unity_64_cxx.cxx.o
[451/533] Building CXX object ps2xRuntime/CMakeFiles/ps2EntryRunner.dir/Unity/unity_66_cxx.cxx.o
[452/533] Building CXX object ps2xRuntime/CMakeFiles/ps2EntryRunner.dir/Unity/unity_63_cxx.cxx.o
[453/533] Building CXX object ps2xRuntime/CMakeFiles/ps2EntryRunner.dir/Unity/unity_59_cxx.cxx.o
[454/533] Building CXX object ps2xRuntime/CMakeFiles/ps2EntryRunner.dir/Unity/unity_65_cxx.cxx.o
[455/533] Building CXX object ps2xRuntime/CMakeFiles/ps2EntryRunner.dir/Unity/unity_60_cxx.cxx.o
[456/533] Building CXX object ps2xRuntime/CMakeFiles/ps2EntryRunner.dir/Unity/unity_62_cxx.cxx.o
[457/533] Building CXX object ps2xRuntime/CMakeFiles/ps2EntryRunner.dir/Unity/unity_67_cxx.cxx.o
[458/533] Building CXX object ps2xRuntime/CMakeFiles/ps2EntryRunner.dir/Unity/unity_58_cxx.cxx.o
[459/533] Building CXX object ps2xRuntime/CMakeFiles/ps2EntryRunner.dir/Unity/unity_76_cxx.cxx.o
[460/533] Building CXX object ps2xRuntime/CMakeFiles/ps2EntryRunner.dir/Unity/unity_176_cxx.cxx.o
[461/533] Building CXX object ps2xRuntime/CMakeFiles/ps2EntryRunner.dir/Unity/unity_57_cxx.cxx.o
[462/533] Building CXX object ps2xRuntime/CMakeFiles/ps2EntryRunner.dir/Unity/unity_75_cxx.cxx.o
[463/533] Building CXX object ps2xRuntime/CMakeFiles/ps2EntryRunner.dir/Unity/unity_53_cxx.cxx.o
[464/533] Building CXX object ps2xRuntime/CMakeFiles/ps2EntryRunner.dir/Unity/unity_54_cxx.cxx.o
[465/533] Building CXX object ps2xRuntime/CMakeFiles/ps2EntryRunner.dir/Unity/unity_61_cxx.cxx.o
[466/533] Building CXX object ps2xRuntime/CMakeFiles/ps2EntryRunner.dir/Unity/unity_56_cxx.cxx.o
[467/533] Building CXX object ps2xRuntime/CMakeFiles/ps2EntryRunner.dir/Unity/unity_50_cxx.cxx.o
[468/533] Building CXX object ps2xRuntime/CMakeFiles/ps2EntryRunner.dir/Unity/unity_49_cxx.cxx.o
[469/533] Building CXX object ps2xRuntime/CMakeFiles/ps2EntryRunner.dir/Unity/unity_55_cxx.cxx.o
[470/533] Building CXX object ps2xRuntime/CMakeFiles/ps2EntryRunner.dir/Unity/unity_51_cxx.cxx.o
[471/533] Building CXX object ps2xRuntime/CMakeFiles/ps2EntryRunner.dir/Unity/unity_52_cxx.cxx.o
[472/533] Building CXX object ps2xRuntime/CMakeFiles/ps2EntryRunner.dir/Unity/unity_78_cxx.cxx.o
[473/533] Building CXX object ps2xRuntime/CMakeFiles/ps2EntryRunner.dir/Unity/unity_40_cxx.cxx.o
[474/533] Building CXX object ps2xRuntime/CMakeFiles/ps2EntryRunner.dir/Unity/unity_48_cxx.cxx.o
[475/533] Building CXX object ps2xRuntime/CMakeFiles/ps2EntryRunner.dir/Unity/unity_47_cxx.cxx.o
[476/533] Building CXX object ps2xRuntime/CMakeFiles/ps2EntryRunner.dir/Unity/unity_46_cxx.cxx.o
[477/533] Building CXX object ps2xRuntime/CMakeFiles/ps2EntryRunner.dir/Unity/unity_36_cxx.cxx.o
[478/533] Building CXX object ps2xRuntime/CMakeFiles/ps2EntryRunner.dir/Unity/unity_34_cxx.cxx.o
[479/533] Building CXX object ps2xRuntime/CMakeFiles/ps2EntryRunner.dir/Unity/unity_43_cxx.cxx.o
[480/533] Building CXX object ps2xRuntime/CMakeFiles/ps2EntryRunner.dir/Unity/unity_35_cxx.cxx.o
[481/533] Building CXX object ps2xRuntime/CMakeFiles/ps2EntryRunner.dir/Unity/unity_33_cxx.cxx.o
[482/533] Building CXX object ps2xRuntime/CMakeFiles/ps2EntryRunner.dir/Unity/unity_37_cxx.cxx.o
[483/533] Building CXX object ps2xRuntime/CMakeFiles/ps2EntryRunner.dir/Unity/unity_30_cxx.cxx.o
[484/533] Building CXX object ps2xRuntime/CMakeFiles/ps2EntryRunner.dir/Unity/unity_31_cxx.cxx.o
[485/533] Building CXX object ps2xRuntime/CMakeFiles/ps2EntryRunner.dir/Unity/unity_32_cxx.cxx.o
[486/533] Building CXX object ps2xRuntime/CMakeFiles/ps2EntryRunner.dir/Unity/unity_44_cxx.cxx.o
[487/533] Building CXX object ps2xRuntime/CMakeFiles/ps2EntryRunner.dir/Unity/unity_39_cxx.cxx.o
[488/533] Building CXX object ps2xRuntime/CMakeFiles/ps2EntryRunner.dir/Unity/unity_38_cxx.cxx.o
[489/533] Building CXX object ps2xRuntime/CMakeFiles/ps2EntryRunner.dir/Unity/unity_29_cxx.cxx.o
[490/533] Building CXX object ps2xRuntime/CMakeFiles/ps2EntryRunner.dir/Unity/unity_28_cxx.cxx.o
[491/533] Building CXX object ps2xRuntime/CMakeFiles/ps2EntryRunner.dir/Unity/unity_23_cxx.cxx.o
[492/533] Building CXX object ps2xRuntime/CMakeFiles/ps2EntryRunner.dir/Unity/unity_26_cxx.cxx.o
[493/533] Building CXX object ps2xRuntime/CMakeFiles/ps2EntryRunner.dir/Unity/unity_21_cxx.cxx.o
[494/533] Building CXX object ps2xRuntime/CMakeFiles/ps2EntryRunner.dir/Unity/unity_24_cxx.cxx.o
[495/533] Building CXX object ps2xRuntime/CMakeFiles/ps2EntryRunner.dir/Unity/unity_27_cxx.cxx.o
[496/533] Building CXX object ps2xRuntime/CMakeFiles/ps2EntryRunner.dir/Unity/unity_22_cxx.cxx.o
[497/533] Building CXX object ps2xRuntime/CMakeFiles/ps2EntryRunner.dir/Unity/unity_25_cxx.cxx.o
[498/533] Building CXX object ps2xRuntime/CMakeFiles/ps2EntryRunner.dir/Unity/unity_42_cxx.cxx.o
[499/533] Building CXX object ps2xRuntime/CMakeFiles/ps2EntryRunner.dir/Unity/unity_19_cxx.cxx.o
[500/533] Building CXX object ps2xRuntime/CMakeFiles/ps2EntryRunner.dir/Unity/unity_15_cxx.cxx.o
[501/533] Building CXX object ps2xRuntime/CMakeFiles/ps2EntryRunner.dir/Unity/unity_13_cxx.cxx.o
[502/533] Building CXX object ps2xRuntime/CMakeFiles/ps2EntryRunner.dir/Unity/unity_41_cxx.cxx.o
[503/533] Building CXX object ps2xRuntime/CMakeFiles/ps2EntryRunner.dir/Unity/unity_16_cxx.cxx.o
[504/533] Building CXX object ps2xRuntime/CMakeFiles/ps2EntryRunner.dir/Unity/unity_14_cxx.cxx.o
[505/533] Building CXX object ps2xRuntime/CMakeFiles/ps2EntryRunner.dir/Unity/unity_8_cxx.cxx.o
[506/533] Building CXX object ps2xRuntime/CMakeFiles/ps2EntryRunner.dir/Unity/unity_17_cxx.cxx.o
[507/533] Building CXX object ps2xRuntime/CMakeFiles/ps2EntryRunner.dir/Unity/unity_10_cxx.cxx.o
[508/533] Building CXX object ps2xRuntime/CMakeFiles/ps2EntryRunner.dir/Unity/unity_7_cxx.cxx.o
[509/533] Building CXX object ps2xRuntime/CMakeFiles/ps2EntryRunner.dir/Unity/unity_20_cxx.cxx.o
[510/533] Building CXX object ps2xRuntime/CMakeFiles/ps2EntryRunner.dir/Unity/unity_11_cxx.cxx.o
In file included from /Volumes/Extreme SSD/ps2x-i2-desktop/ps2xRuntime/CMakeFiles/ps2EntryRunner.dir/Unity/unity_11_cxx.cxx:10:
/Volumes/Extreme SSD/ps2recomp-spike/PS2Recomp/ps2xRuntime/src/runner/sub_00122278_0x122278.cpp:786:34: warning: array index 27 is past the end of the array (that has type 'uint16_t[16]' (aka 'unsigned short[16]')) [-Warray-bounds]
  786 |     {     uint16_t instr_index = ctx->vi[27] & 0x1FF;     uint32_t target_byte_addr = (uint32_t)instr_index << 3;     ctx->vu0_pc = target_byte_addr;     runtime->vu0StartMicroProgram(rdram, ctx, target_byte_addr); }
      |                                  ^       ~~
/Volumes/Extreme SSD/ps2recomp-spike/PS2Recomp/ps2xRuntime/include/ps2_runtime.h:72:5: note: array 'vi' declared here
   72 |     uint16_t vi[16];          // VU0 vector integer registers
      |     ^
1 warning generated.
[511/533] Building CXX object ps2xRuntime/CMakeFiles/ps2EntryRunner.dir/Unity/unity_5_cxx.cxx.o
[512/533] Building CXX object ps2xRuntime/CMakeFiles/ps2EntryRunner.dir/Unity/unity_6_cxx.cxx.o
[513/533] Building CXX object ps2xAnalyzer/CMakeFiles/ps2_analyzer.dir/src/analyzer_main.cpp.o
[514/533] Linking CXX static library ps2xTest/libps2_test_lib.a
[515/533] Building CXX object ps2xRuntime/CMakeFiles/ps2EntryRunner.dir/Unity/unity_45_cxx.cxx.o
[516/533] Building CXX object ps2xRuntime/CMakeFiles/ps2EntryRunner.dir/Unity/unity_1_cxx.cxx.o
[517/533] Building CXX object ps2xRuntime/CMakeFiles/ps2EntryRunner.dir/Unity/unity_3_cxx.cxx.o
[518/533] Building CXX object ps2xTest/CMakeFiles/ps2x_tests.dir/src/main.cpp.o
[519/533] Building CXX object ps2xRuntime/CMakeFiles/ps2EntryRunner.dir/Unity/unity_9_cxx.cxx.o
[520/533] Building CXX object ps2xTest/CMakeFiles/ps2_test_function_table.dir/src/test_function_table.cpp.o
[521/533] Building CXX object ps2xRuntime/CMakeFiles/ps2EntryRunner.dir/Unity/unity_12_cxx.cxx.o
[522/533] Building CXX object ps2xRuntime/CMakeFiles/ps2EntryRunner.dir/Unity/unity_4_cxx.cxx.o
[523/533] Linking CXX executable ps2xAnalyzer/ps2_analyzer
[524/533] Building CXX object ps2xRuntime/CMakeFiles/ps2EntryRunner.dir/Unity/unity_18_cxx.cxx.o
[525/533] Linking CXX executable ps2xRecomp/ps2_recomp
[526/533] Building CXX object ps2xRuntime/CMakeFiles/ps2EntryRunner.dir/Unity/unity_2_cxx.cxx.o
[527/533] Building CXX object ps2xRuntime/CMakeFiles/ps2EntryRunner.dir/Unity/unity_0_cxx.cxx.o
[528/533] Linking CXX executable ps2xTest/ps2x_tests
ld: warning: ignoring duplicate libraries: 'ps2xRecomp/libps2_recomp_lib.a'
[529/533] Building CXX object ps2xRuntime/CMakeFiles/ps2EntryRunner.dir/Unity/unity_73_cxx.cxx.o
[530/533] Linking CXX executable ps2xRuntime/ps2EntryRunner
