-- The C compiler identification is Clang 23.1.1
-- The CXX compiler identification is Clang 23.1.1
-- Detecting C compiler ABI info
-- Detecting C compiler ABI info - done
-- Check for working C compiler: /Applications/Xcode.app/Contents/Developer/Toolchains/XcodeDefault.xctoolchain/usr/bin/clang - skipped
-- Detecting C compile features
-- Detecting C compile features - done
-- Detecting CXX compiler ABI info
-- Detecting CXX compiler ABI info - done
-- Check for working CXX compiler: /Applications/Xcode.app/Contents/Developer/Toolchains/XcodeDefault.xctoolchain/usr/bin/clang++ - skipped
-- Detecting CXX compile features
-- Detecting CXX compile features - done
-- CMAKE_SYSTEM_PROCESSOR unset; inferring ARM target from CMAKE_OSX_ARCHITECTURES
-- ARM target detected, fetching sse2neon
-- macOS ARM64 - using default compiler flags
CMake Warning (deprecated) at /Volumes/Extreme SSD/ps2x-ios-spike-attempt1/_deps/raylib-src/CMakeLists.txt:1 (cmake_minimum_required):
  Compatibility with CMake < 3.10 will be removed from a future version of
  CMake.

  Update the VERSION argument <min> value.  Or, use the <min>...<max> syntax
  to tell CMake that the project requires at least <min> but has been updated
  to work with policies introduced by <max> or earlier.
This warning is for project developers.  Use -Wno-author or -Wno-deprecated
to suppress it.

-- Performing Test COMPILER_HAS_THOSE_TOGGLES
-- Performing Test COMPILER_HAS_THOSE_TOGGLES - Success
-- Testing if -Werror=pointer-arith can be used -- compiles
-- Testing if -Werror=implicit-function-declaration can be used -- compiles
-- Testing if -fno-strict-aliasing can be used -- compiles
CMake Error at /Volumes/Extreme SSD/ps2x-ios-spike-attempt1/_deps/raylib-src/cmake/EnumOption.cmake:7 (message):
  Unknown value iOS.  Only -DPLATFORM=Desktop;Web;Android;Raspberry
  Pi;DRM;SDL allowed.
Call Stack (most recent call first):
  /Volumes/Extreme SSD/ps2x-ios-spike-attempt1/_deps/raylib-src/CMakeOptions.txt:5 (enum_option)
  /Volumes/Extreme SSD/ps2x-ios-spike-attempt1/_deps/raylib-src/CMakeLists.txt:37 (include)


-- Configuring incomplete, errors occurred!
