[21:41:44] PRE lease="LEASE_FREE VK1 done" keyguard="showing=false" battery=100% ac=true pid0=none
[21:41:44] PRE device-env=a8d651a7e55f7e29f1345f28f4ea634e06ae757f535e29439ab61c930bcc0ebd mc0-test='' mc0-bad=[]
[21:41:44] APK local sha x2 8c74352d41a0a8a3664eb110f53f8b155984ad38598a4a7b5a05541a54caa663 8c74352d41a0a8a3664eb110f53f8b155984ad38598a4a7b5a05541a54caa663
[21:41:47] INSTALL Performing Streamed Install Success
[21:41:47] INSTALLED /data/app/~~c9Wq4Z1i05n7FHBa2woT4A==/com.ps2x.runner-5eUUlr_Zr8tirPt-etyhFA==/base.apk sha=8c74352d41a0a8a3664eb110f53f8b155984ad38598a4a7b5a05541a54caa663 match=True
[21:41:48] ENV 8dc906cfceaa4dfabaaff1ae860e525f83f00757e334840d3aead2db9fea04c8  /storage/emulated/0/Android/data/com.ps2x.runner/files/ps2x.env
[21:41:48 t+    0.1] AM Starting: Intent { cmp=com.ps2x.runner/android.app.NativeActivity }
[21:41:54 t+    6.2] FOCUS app-foreground, no BACK ('mCurrentFocus=Window{7298055 u0 com.ps2x.runner/android.app.NativeActivity}')
[21:41:56 t+    8.3] LAYER 'com.ps2x.runner/android.app.NativeActivity#18616' tried=['com.ps2x.runner/android.app.NativeActivity#18616']
[21:43:04 t+   76.6] SCAP sc01-tick2100-t76.png tick~2124
[21:44:04 t+  135.7] STOP tick 3014 >= 3000
[21:44:04 t+  136.0] SCAP sc02-final-t135.png tick~3014
[21:44:05 t+  137.5] THREADS
Threads: 29 total,   0 running,  29 sleeping,   0 stopped,   0 zombie
  Mem:  7342756K total,  5006564K used,  2336192K free,      656K buffers
 Swap: 10485752K total,   783320K used,  9702432K free,  2286004K cached
800%cpu  85%user   0%nice  35%sys 673%idle   0%iow   8%irq   0%sirq   0%host
  TID USER         PR  NI VIRT  RES  SHR S[%CPU] %MEM     TIME+ THREAD          PROCESS
 1720 u0_a113      10 -10  17G 733M 486M S 69.2  10.2   1:32.47 GameThread      com.ps2x.runner
 1689 u0_a113      10 -10  17G 733M 486M S 19.2  10.2   0:19.90 GsWorker        com.ps2x.runner
 1667 u0_a113      10 -10  17G 733M 486M S  3.8  10.2   0:08.40 com.ps2x.runner com.ps2x.runner
 1737 u0_a113      10 -10  17G 733M 486M S  0.0  10.2   0:00.00 com.ps2x.runner com.ps2x.runner
 1736 u0_a113      10 -10  17G 733M 486M S  0.0  10.2   0:00.00 com.ps2x.runner com.ps2x.runner
 1734 u0_a113      20   0  17G 733M 486M S  0.0  10.2   0:00.00 InteractionJank com.ps2x.runner
 1731 u0_a113      20   0  17G 733M 486M S  0.0  10.2   0:00.08 binder:1607_4   com.ps2x.runner
 1722 u0_a113      10 -10  17G 733M 486M S  0.0  10.2   0:00.11 PGS-Waiter      com.ps2x.runner
 1721 u0_a113      39  19  17G 733M 486M S  0.0  10.2   0:00.00 com.ps:traceq0  com.ps2x.runner
 1713 u0_a113      -3 -10  17G 733M 486M S  0.0  10.2   0:00.46 AAudio_1        com.ps2x.runner
 1705 u0_a113      10 -10  17G 733M 486M S  0.0  10.2   0:00.00 com.ps2x.runner com.ps2x.runner
 1706 u0_a113      20   0  17G 733M 486M S  0.0  10.2   0:00.24 binder:1607_4   com.ps2x.runner
 1694 u0_a113      20   0  17G 733M 486M S  0.0  10.2   0:00.00 InsetsAnimation com.ps2x.runner
 1693 u0_a113      20   0  17G 733M 486M S  0.0  10.2   0:00.00 SurfaceSyncGrou com.ps2x.runner
 1692 u0_a113      10 -10  17G 733M 486M S  0.0  10.2   0:00.00 VsyncReceiver   com.ps2x.runner

[21:44:05 t+  137.5] BATTERY status: 5 level: 100
[21:44:08 t+  140.0] RESTORE a8d651a7e55f7e29f1345f28f4ea634e06ae757f535e29439ab61c930bcc0ebd match=True
[21:44:08 t+  140.2] MC0-AFTER bad=[]
[21:44:08 t+  140.2] END pid-after=none disconnects=0
