[10:46:22] PRE lease="LEASE_FREE AP1 done" keyguard="showing=false" battery=100% ac=true pid0=none
[10:46:22] PRE device-env=090cc981e9f97c9c6007b64e90afaba7ff0b495eae7ede6423bfca826fae29fe mc0-test='' mc0-bad=[]
[10:46:22] LEASE claimed via odin_lease.sh: CLAIMED
[10:46:22] APK local sha x2 52f9d2b6424c84f86a3b8458517ebf92e74818a5196174363d22d0796b855846 52f9d2b6424c84f86a3b8458517ebf92e74818a5196174363d22d0796b855846
[10:46:26] INSTALL Performing Streamed Install Success
[10:46:26] INSTALLED /data/app/~~8QlkdaooyZ3zs8Lvxc7O4w==/com.ps2x.runner-bQL78Zr1yoAiyDSxx2NzgA==/base.apk sha=52f9d2b6424c84f86a3b8458517ebf92e74818a5196174363d22d0796b855846 match=True
[10:46:26] ENV 6067ea50b49fa6c5232a1744cbd9e1279451e2888915b9c37f86f377a0d08ce4  /storage/emulated/0/Android/data/com.ps2x.runner/files/ps2x.env
[10:46:27 t+    0.0] AM Starting: Intent { cmp=com.ps2x.runner/android.app.NativeActivity }
[10:46:33 t+    6.1] FOCUS app-foreground, no BACK ('mCurrentFocus=Window{69f0e0b u0 com.ps2x.runner/android.app.NativeActivity}')
[10:46:35 t+    8.3] LAYER 'com.ps2x.runner/android.app.NativeActivity#23761' tried=['com.ps2x.runner/android.app.NativeActivity#23761']
[10:46:50 t+   22.9] SCAP sc01-tick1100-t22.png tick~1200
[10:47:18 t+   50.9] SCAP sc02-tick2100-t50.png tick~2101
[10:47:33 t+   66.8] STOP tick 2470 >= 2400
[10:47:34 t+   67.0] SCAP sc03-final-t66.png tick~2470
[10:47:35 t+   68.5] THREADS
Threads: 30 total,   0 running,  30 sleeping,   0 stopped,   0 zombie
  Mem:  7342756K total,  4935176K used,  2407580K free,      656K buffers
 Swap: 10485752K total,   716872K used,  9768880K free,  2319696K cached
800%cpu 115%user   0%nice  23%sys 654%idle   0%iow   8%irq   0%sirq   0%host
  TID USER         PR  NI VIRT  RES  SHR S[%CPU] %MEM     TIME+ THREAD          PROCESS
16994 u0_a113      10 -10  17G 731M 477M S 61.5  10.1   0:30.78 MTVU            com.ps2x.runner
16984 u0_a113      10 -10  17G 731M 477M S 26.9  10.1   0:17.39 GameThread      com.ps2x.runner
16965 u0_a113      10 -10  17G 731M 477M S 26.9  10.1   0:10.71 GsWorker        com.ps2x.runner
16996 u0_a113      10 -10  17G 731M 477M S  0.0  10.1   0:00.00 com.ps2x.runner com.ps2x.runner
16997 u0_a113      10 -10  17G 731M 477M S  0.0  10.1   0:00.00 com.ps2x.runner com.ps2x.runner
16992 u0_a113      20   0  17G 731M 477M S  0.0  10.1   0:00.00 InteractionJank com.ps2x.runner
16991 u0_a113      20   0  17G 731M 477M S  0.0  10.1   0:00.03 binder:16943_3  com.ps2x.runner
16986 u0_a113      10 -10  17G 731M 477M S  0.0  10.1   0:00.08 PGS-Waiter      com.ps2x.runner
16985 u0_a113      39  19  17G 731M 477M S  0.0  10.1   0:00.00 com.ps:traceq0  com.ps2x.runner
16982 u0_a113      -3 -10  17G 731M 477M S  0.0  10.1   0:00.21 AAudio_1        com.ps2x.runner
16976 u0_a113      10 -10  17G 731M 477M S  0.0  10.1   0:00.00 com.ps2x.runner com.ps2x.runner
16969 u0_a113      20   0  17G 731M 477M S  0.0  10.1   0:00.00 InsetsAnimation com.ps2x.runner
16968 u0_a113      20   0  17G 731M 477M S  0.0  10.1   0:00.00 SurfaceSyncGrou com.ps2x.runner
16967 u0_a113      10 -10  17G 731M 477M S  0.0  10.1   0:00.00 VsyncReceiver   com.ps2x.runner
16964 u0_a113      10 -10  17G 731M 477M S  0.0  10.1   0:00.00 com.ps2x.runner com.ps2x.runner

[10:47:35 t+   68.6] BATTERY status: 5 level: 100
[10:47:38 t+   71.0] RESTORE 090cc981e9f97c9c6007b64e90afaba7ff0b495eae7ede6423bfca826fae29fe match=True
[10:47:38 t+   71.2] MC0-AFTER bad=[]
[10:47:38 t+   71.2] END pid-after=none disconnects=0
