[03:03:36] PRE lease="LEASE_FREE F6 done" keyguard="showing=false" battery=100% ac=true pid0=none
[03:03:36] PRE device-env=a8d651a7e55f7e29f1345f28f4ea634e06ae757f535e29439ab61c930bcc0ebd mc0-test='' mc0-bad=[]
[03:03:36] LEASE claimed via odin_lease.sh: CLAIMED
[03:03:36] APK local sha x2 b91f827f30e89d3bdd28662c82b934d9e5e51430a55c518673240b5f4badaf42 b91f827f30e89d3bdd28662c82b934d9e5e51430a55c518673240b5f4badaf42
[03:03:39] INSTALL Performing Streamed Install Success
[03:03:39] INSTALLED /data/app/~~0K94FuKgbroyA7DE7k6w9w==/com.ps2x.runner-8XQ6v-VD9QtGzXYcUclyiw==/base.apk sha=b91f827f30e89d3bdd28662c82b934d9e5e51430a55c518673240b5f4badaf42 match=True
[03:03:40] ENV 76ce00560142281e3edca65ddd191b19aa72cbf035c08b9ac4d454793a6d236e  /storage/emulated/0/Android/data/com.ps2x.runner/files/ps2x.env
[03:03:40 t+    0.1] AM Starting: Intent { cmp=com.ps2x.runner/android.app.NativeActivity }
[03:03:46 t+    6.2] FOCUS app-foreground, no BACK ('mCurrentFocus=Window{21eda78 u0 com.ps2x.runner/android.app.NativeActivity}')
[03:03:48 t+    8.4] LAYER 'com.ps2x.runner/android.app.NativeActivity#21248' tried=['com.ps2x.runner/android.app.NativeActivity#21248']
[03:04:52 t+   72.0] SCAP sc01-tick2100-t71.png tick~2164
[03:05:47 t+  127.2] SCAP sc02-tick3000-t126.png tick~3049
[03:06:46 t+  186.7] SCAP sc03-tick4000-t186.png tick~4064
[03:07:11 t+  210.8] STOP tick 4533 >= 4500
[03:07:11 t+  211.2] SCAP sc04-final-t210.png tick~4533
[03:07:12 t+  212.7] THREADS
Threads: 26 total,   2 running,  24 sleeping,   0 stopped,   0 zombie
  Mem:  7342756K total,  5046280K used,  2296476K free,      576K buffers
 Swap: 10485752K total,   667056K used,  9818696K free,  2256328K cached
800%cpu  92%user   4%nice  35%sys 665%idle   0%iow   4%irq   0%sirq   0%host
  TID USER         PR  NI VIRT  RES  SHR S[%CPU] %MEM     TIME+ THREAD          PROCESS
 7546 u0_a113      10 -10  17G 755M 513M R 73.0  10.5   2:13.23 GameThread      com.ps2x.runner
 7528 u0_a113      10 -10  17G 755M 513M R 19.2  10.5   0:34.02 GsWorker        com.ps2x.runner
 7554 u0_a113      20   0  17G 755M 513M S  0.0  10.5   0:00.00 InteractionJank com.ps2x.runner
 7553 u0_a113      20   0  17G 755M 513M S  0.0  10.5   0:00.00 binder:7507_3   com.ps2x.runner
 7548 u0_a113      10 -10  17G 755M 513M S  0.0  10.5   0:00.23 PGS-Waiter      com.ps2x.runner
 7547 u0_a113      39  19  17G 755M 513M S  0.0  10.5   0:00.00 com.ps:traceq0  com.ps2x.runner
 7544 u0_a113      -3 -10  17G 755M 513M S  0.0  10.5   0:00.76 AAudio_1        com.ps2x.runner
 7538 u0_a113      10 -10  17G 755M 513M S  0.0  10.5   0:00.00 com.ps2x.runner com.ps2x.runner
 7532 u0_a113      20   0  17G 755M 513M S  0.0  10.5   0:00.00 InsetsAnimation com.ps2x.runner
 7531 u0_a113      20   0  17G 755M 513M S  0.0  10.5   0:00.00 SurfaceSyncGrou com.ps2x.runner
 7530 u0_a113      10 -10  17G 755M 513M S  0.0  10.5   0:00.00 VsyncReceiver   com.ps2x.runner
 7526 u0_a113      10 -10  17G 755M 513M S  0.0  10.5   0:00.38 com.ps2x.runner com.ps2x.runner
 7527 u0_a113      10 -10  17G 755M 513M S  0.0  10.5   0:00.00 com.ps2x.runner com.ps2x.runner
 7522 u0_a113      20   0  17G 755M 513M S  0.0  10.5   0:00.11 binder:7507_3   com.ps2x.runner
 7523 u0_a113      16  -4  17G 755M 513M S  0.0  10.5   0:00.00 RenderThread    com.ps2x.runner

[03:07:12 t+  212.7] BATTERY status: 5 level: 100
[03:07:15 t+  215.3] RESTORE a8d651a7e55f7e29f1345f28f4ea634e06ae757f535e29439ab61c930bcc0ebd match=True
[03:07:15 t+  215.5] MC0-AFTER bad=[]
[03:07:15 t+  215.6] END pid-after=none disconnects=0
