[0/2 0.003] Re-checking globbed directories...
[1/535 0.179] Building C object ps2xRecomp/CMakeFiles/rabbitizer.dir/__/_deps/rabbitizer-src/src/analysis/RabbitizerLoPairingInfo.c.o
[2/535 0.183] Building C object ps2xRecomp/CMakeFiles/rabbitizer.dir/__/_deps/rabbitizer-src/src/analysis/RabbitizerJrRegData.c.o
[3/535 0.187] Building C object ps2xRecomp/CMakeFiles/rabbitizer.dir/__/_deps/rabbitizer-src/src/analysis/RabbitizerTrackedRegisterState.c.o
[4/535 0.193] Building C object ps2xRecomp/CMakeFiles/rabbitizer.dir/__/_deps/rabbitizer-src/src/analysis/RabbitizerRegistersTracker.c.o
[5/535 0.223] Building C object ps2xRecomp/CMakeFiles/rabbitizer.dir/__/_deps/rabbitizer-src/src/common/RabbitizerVersion.c.o
[6/535 0.227] Building C object ps2xRecomp/CMakeFiles/rabbitizer.dir/__/_deps/rabbitizer-src/src/common/RabbitizerConfig.c.o
[7/535 0.242] Building C object ps2xRecomp/CMakeFiles/rabbitizer.dir/__/_deps/rabbitizer-src/src/common/Utils.c.o
[8/535 0.242] Building C object ps2xRecomp/CMakeFiles/rabbitizer.dir/__/_deps/rabbitizer-src/src/instructions/RabbitizerInstrCategory.c.o
[9/535 0.272] Building C object ps2xRecomp/CMakeFiles/rabbitizer.dir/__/_deps/rabbitizer-src/src/instructions/RabbitizerInstrId.c.o
[10/535 0.287] Building C object ps2xRecomp/CMakeFiles/rabbitizer.dir/__/_deps/rabbitizer-src/src/instructions/RabbitizerInstrIdType.c.o
[11/535 0.290] Building C object ps2xRecomp/CMakeFiles/rabbitizer.dir/__/_deps/rabbitizer-src/src/instructions/RabbitizerInstrSuffix.c.o
[12/535 0.292] Building C object ps2xRecomp/CMakeFiles/rabbitizer.dir/__/_deps/rabbitizer-src/src/instructions/RabbitizerInstrDescriptor.c.o
[13/535 0.334] Building C object ps2xRecomp/CMakeFiles/rabbitizer.dir/__/_deps/rabbitizer-src/src/instructions/RabbitizerInstruction/RabbitizerInstruction.c.o
[14/535 0.343] Building C object ps2xRecomp/CMakeFiles/rabbitizer.dir/__/_deps/rabbitizer-src/src/instructions/RabbitizerInstruction/RabbitizerInstruction_Disassemble.c.o
[15/535 0.346] Building C object ps2xRecomp/CMakeFiles/rabbitizer.dir/__/_deps/rabbitizer-src/src/instructions/RabbitizerInstruction/RabbitizerInstruction_Operand.c.o
[16/535 0.348] Building C object ps2xRecomp/CMakeFiles/rabbitizer.dir/__/_deps/rabbitizer-src/src/instructions/RabbitizerInstruction/RabbitizerInstruction_Examination.c.o
[17/535 0.391] Building C object ps2xRecomp/CMakeFiles/rabbitizer.dir/__/_deps/rabbitizer-src/src/instructions/RabbitizerInstructionR3000GTE/RabbitizerInstructionR3000GTE.c.o
[18/535 0.398] Building C object ps2xRecomp/CMakeFiles/rabbitizer.dir/__/_deps/rabbitizer-src/src/instructions/RabbitizerInstruction/RabbitizerInstruction_ProcessUniqueId.c.o
[19/535 0.398] Building C object ps2xRecomp/CMakeFiles/rabbitizer.dir/__/_deps/rabbitizer-src/src/instructions/RabbitizerInstructionR3000GTE/RabbitizerInstructionR3000GTE_OperandType.c.o
[20/535 0.406] Building C object ps2xRecomp/CMakeFiles/rabbitizer.dir/__/_deps/rabbitizer-src/src/instructions/RabbitizerInstructionCpu/RabbitizerInstructionCpu_OperandType.c.o
[21/535 0.441] Building C object ps2xRecomp/CMakeFiles/rabbitizer.dir/__/_deps/rabbitizer-src/src/instructions/RabbitizerInstructionR4000Allegrex/RabbitizerInstructionR4000Allegrex.c.o
[22/535 0.444] Building C object ps2xRecomp/CMakeFiles/rabbitizer.dir/__/_deps/rabbitizer-src/src/instructions/RabbitizerInstructionR3000GTE/RabbitizerInstructionR3000GTE_ProcessUniqueId.c.o
[23/535 0.470] Building C object ps2xRecomp/CMakeFiles/rabbitizer.dir/__/_deps/rabbitizer-src/src/instructions/RabbitizerInstructionR4000Allegrex/RabbitizerInstructionR4000Allegrex_OperandType.c.o
[24/535 0.491] Building C object ps2xRecomp/CMakeFiles/rabbitizer.dir/__/_deps/rabbitizer-src/src/instructions/RabbitizerInstructionR5900/RabbitizerInstructionR5900.c.o
[25/535 0.496] Building C object ps2xRecomp/CMakeFiles/rabbitizer.dir/__/_deps/rabbitizer-src/src/instructions/RabbitizerInstructionR4000Allegrex/RabbitizerInstructionR4000Allegrex_ProcessUniqueId.c.o
[26/535 0.505] Building C object ps2xRecomp/CMakeFiles/rabbitizer.dir/__/_deps/rabbitizer-src/src/instructions/RabbitizerInstructionR5900/RabbitizerInstructionR5900_OperandType.c.o
[27/535 0.536] Building C object ps2xRecomp/CMakeFiles/rabbitizer.dir/__/_deps/rabbitizer-src/src/instructions/RabbitizerInstructionR5900/RabbitizerInstructionR5900_ProcessUniqueId.c.o
[28/535 0.539] Building C object ps2xRecomp/CMakeFiles/rabbitizer.dir/__/_deps/rabbitizer-src/src/instructions/RabbitizerInstructionRsp/RabbitizerInstructionRsp.c.o
[29/535 0.557] Building C object ps2xRecomp/CMakeFiles/rabbitizer.dir/__/_deps/rabbitizer-src/src/instructions/RabbitizerInstructionRsp/RabbitizerInstructionRsp_OperandType.c.o
[30/535 0.560] Building C object ps2xRecomp/CMakeFiles/rabbitizer.dir/__/_deps/rabbitizer-src/src/instructions/RabbitizerInstructionRsp/RabbitizerInstructionRsp_ProcessUniqueId.c.o
[31/535 0.588] Building C object ps2xRecomp/CMakeFiles/rabbitizer.dir/__/_deps/rabbitizer-src/src/instructions/RabbitizerRegisterDescriptor.c.o
[32/535 0.594] Building C object ps2xRecomp/CMakeFiles/rabbitizer.dir/__/_deps/rabbitizer-src/src/instructions/RabbitizerRegister.c.o
[33/535 0.675] Building C object _deps/libdwarf-build/src/lib/libdwarf/CMakeFiles/dwarf.dir/dwarf_abbrev.c.o
[34/535 0.698] Building C object _deps/libdwarf-build/src/lib/libdwarf/CMakeFiles/dwarf.dir/dwarf_alloc.c.o
[35/535 0.721] Building C object _deps/libdwarf-build/src/lib/libdwarf/CMakeFiles/dwarf.dir/dwarf_crc.c.o
[36/535 0.751] Building C object _deps/libdwarf-build/src/lib/libdwarf/CMakeFiles/dwarf.dir/dwarf_crc32.c.o
[37/535 0.784] Building C object _deps/libdwarf-build/src/lib/libdwarf/CMakeFiles/dwarf.dir/dwarf_arange.c.o
[38/535 0.807] Building C object _deps/libdwarf-build/src/lib/libdwarf/CMakeFiles/dwarf.dir/dwarf_debug_sup.c.o
[39/535 0.835] Building CXX object _deps/fmt-build/CMakeFiles/fmt.dir/src/os.cc.o
[40/535 0.849] Building C object _deps/libdwarf-build/src/lib/libdwarf/CMakeFiles/dwarf.dir/dwarf_debugaddr.c.o
[41/535 0.887] Building C object _deps/libdwarf-build/src/lib/libdwarf/CMakeFiles/dwarf.dir/dwarf_debuglink.c.o
[42/535 0.953] Building C object _deps/libdwarf-build/src/lib/libdwarf/CMakeFiles/dwarf.dir/dwarf_dsc.c.o
[43/535 0.960] Building C object _deps/libdwarf-build/src/lib/libdwarf/CMakeFiles/dwarf.dir/dwarf_debugnames.c.o
[44/535 0.983] Building C object _deps/libdwarf-build/src/lib/libdwarf/CMakeFiles/dwarf.dir/dwarf_die_deliv.c.o
[45/535 1.039] Building C object _deps/libdwarf-build/src/lib/libdwarf/CMakeFiles/dwarf.dir/dwarf_elf_rel_detector.c.o
[46/535 1.043] Building C object _deps/libdwarf-build/src/lib/libdwarf/CMakeFiles/dwarf.dir/dwarf_elfread.c.o
[47/535 1.083] Building C object _deps/libdwarf-build/src/lib/libdwarf/CMakeFiles/dwarf.dir/dwarf_elf_load_headers.c.o
[48/535 1.099] Building C object _deps/libdwarf-build/src/lib/libdwarf/CMakeFiles/dwarf.dir/dwarf_error.c.o
[49/535 1.107] Building C object _deps/libdwarf-build/src/lib/libdwarf/CMakeFiles/dwarf.dir/dwarf_fill_in_attr_form.c.o
[50/535 1.146] Building C object _deps/libdwarf-build/src/lib/libdwarf/CMakeFiles/dwarf.dir/dwarf_find_sigref.c.o
[51/535 1.169] Building C object _deps/libdwarf-build/src/lib/libdwarf/CMakeFiles/dwarf.dir/dwarf_fission_to_cu.c.o
[52/535 1.201] Building C object _deps/libdwarf-build/src/lib/libdwarf/CMakeFiles/dwarf.dir/dwarf_form_class_names.c.o
[53/535 1.217] Building C object _deps/libdwarf-build/src/lib/libdwarf/CMakeFiles/dwarf.dir/dwarf_form.c.o
[54/535 1.294] Building C object _deps/libdwarf-build/src/lib/libdwarf/CMakeFiles/dwarf.dir/dwarf_gdbindex.c.o
[55/535 1.319] Building C object _deps/libdwarf-build/src/lib/libdwarf/CMakeFiles/dwarf.dir/dwarf_frame2.c.o
[56/535 1.357] Building C object _deps/libdwarf-build/src/lib/libdwarf/CMakeFiles/dwarf.dir/dwarf_frame.c.o
[57/535 1.413] Building C object _deps/libdwarf-build/src/lib/libdwarf/CMakeFiles/dwarf.dir/dwarf_global.c.o
[58/535 1.414] Building C object _deps/libdwarf-build/src/lib/libdwarf/CMakeFiles/dwarf.dir/dwarf_gnu_index.c.o
[59/535 1.441] Building C object _deps/libdwarf-build/src/lib/libdwarf/CMakeFiles/dwarf.dir/dwarf_groups.c.o
[60/535 1.486] Building C object _deps/libdwarf-build/src/lib/libdwarf/CMakeFiles/dwarf.dir/dwarf_harmless.c.o
[61/535 1.496] Building C object _deps/libdwarf-build/src/lib/libdwarf/CMakeFiles/dwarf.dir/dwarf_generic_init.c.o
[62/535 1.561] Building C object _deps/libdwarf-build/src/lib/libdwarf/CMakeFiles/dwarf.dir/dwarf_leb.c.o
[63/535 1.572] Building C object _deps/libdwarf-build/src/lib/libdwarf/CMakeFiles/dwarf.dir/dwarf_init_finish.c.o
[64/535 1.694] Building CXX object _deps/fmt-build/CMakeFiles/fmt.dir/src/format.cc.o
In file included from /tmp/t12-link/runtime/_deps/fmt-src/src/format.cc:8:
In file included from /tmp/t12-link/runtime/_deps/fmt-src/include/fmt/format-inl.h:23:
In file included from /tmp/t12-link/runtime/_deps/fmt-src/include/fmt/format.h:41:
/tmp/t12-link/runtime/_deps/fmt-src/include/fmt/base.h:930:5: warning: ignoring return value of function declared with 'nodiscard' attribute [-Wunused-result]
  930 |     isalpha('x', loc);
      |     ^~~~~~~~~~~~~~~~~
/tmp/t12-link/runtime/_deps/fmt-src/src/format.cc:13:30: note: in instantiation of function template specialization 'fmt::locale_ref::locale_ref<std::locale, 0>' requested here
   13 | template FMT_API locale_ref::locale_ref(const std::locale& loc);  // DEPRECATED!
      |                              ^
1 warning generated.
[65/535 1.696] Building C object _deps/libdwarf-build/src/lib/libdwarf/CMakeFiles/dwarf.dir/dwarf_loc.c.o
[66/535 1.696] Building C object _deps/libdwarf-build/src/lib/libdwarf/CMakeFiles/dwarf.dir/dwarf_loclists.c.o
[67/535 1.733] Building C object _deps/libdwarf-build/src/lib/libdwarf/CMakeFiles/dwarf.dir/dwarf_line.c.o
[68/535 1.751] Building C object _deps/libdwarf-build/src/lib/libdwarf/CMakeFiles/dwarf.dir/dwarf_local_malloc.c.o
[69/535 1.764] Building C object _deps/libdwarf-build/src/lib/libdwarf/CMakeFiles/dwarf.dir/dwarf_lvn_name.c.o
[70/535 1.788] Building C object _deps/libdwarf-build/src/lib/libdwarf/CMakeFiles/dwarf.dir/dwarf_locationop_read.c.o
[71/535 1.840] Building C object _deps/libdwarf-build/src/lib/libdwarf/CMakeFiles/dwarf.dir/dwarf_64machoread.c.o
[72/535 1.849] Building C object _deps/libdwarf-build/src/lib/libdwarf/CMakeFiles/dwarf.dir/dwarf_macro.c.o
[73/535 1.875] Building C object _deps/libdwarf-build/src/lib/libdwarf/CMakeFiles/dwarf.dir/dwarf_machoread.c.o
[74/535 1.915] Building C object _deps/libdwarf-build/src/lib/libdwarf/CMakeFiles/dwarf.dir/dwarf_memcpy_swap.c.o
[75/535 1.931] Building C object _deps/libdwarf-build/src/lib/libdwarf/CMakeFiles/dwarf.dir/dwarf_macro5.c.o
[76/535 1.950] Building C object _deps/libdwarf-build/src/lib/libdwarf/CMakeFiles/dwarf.dir/dwarf_object_read_common.c.o
[77/535 1.961] Building C object _deps/libdwarf-build/src/lib/libdwarf/CMakeFiles/dwarf.dir/dwarf_names.c.o
[78/535 2.032] Building C object _deps/libdwarf-build/src/lib/libdwarf/CMakeFiles/dwarf.dir/dwarf_object_detector.c.o
[79/535 2.047] Building C object _deps/libdwarf-build/src/lib/libdwarf/CMakeFiles/dwarf.dir/dwarf_peread.c.o
[80/535 2.054] Building C object _deps/libdwarf-build/src/lib/libdwarf/CMakeFiles/dwarf.dir/dwarf_ranges.c.o
[81/535 2.099] Building C object _deps/libdwarf-build/src/lib/libdwarf/CMakeFiles/dwarf.dir/dwarf_query.c.o
[82/535 2.121] Building C object _deps/libdwarf-build/src/lib/libdwarf/CMakeFiles/dwarf.dir/dwarf_safe_strcpy.c.o
[83/535 2.125] Building C object _deps/libdwarf-build/src/lib/libdwarf/CMakeFiles/dwarf.dir/dwarf_safe_arithmetic.c.o
[84/535 2.175] Building C object _deps/libdwarf-build/src/lib/libdwarf/CMakeFiles/dwarf.dir/dwarf_secname_ck.c.o
[85/535 2.175] Building C object _deps/libdwarf-build/src/lib/libdwarf/CMakeFiles/dwarf.dir/dwarf_rnglists.c.o
[86/535 2.209] Building C object _deps/libdwarf-build/src/lib/libdwarf/CMakeFiles/dwarf.dir/dwarf_seekr.c.o
[87/535 2.220] Building C object _deps/libdwarf-build/src/lib/libdwarf/CMakeFiles/dwarf.dir/dwarf_setup_sections.c.o
[88/535 2.256] Building C object _deps/libdwarf-build/src/lib/libdwarf/CMakeFiles/dwarf.dir/dwarf_stringsection.c.o
[89/535 2.306] Building C object _deps/libdwarf-build/src/lib/libdwarf/CMakeFiles/dwarf.dir/dwarf_tied.c.o
[90/535 2.310] Building C object _deps/libdwarf-build/src/lib/libdwarf/CMakeFiles/dwarf.dir/dwarf_string.c.o
[91/535 2.320] Building C object _deps/libdwarf-build/src/lib/libdwarf/CMakeFiles/dwarf.dir/dwarf_str_offsets.c.o
[92/535 2.362] Building C object _deps/libdwarf-build/src/lib/libdwarf/CMakeFiles/dwarf.dir/dwarf_tsearchhash.c.o
[93/535 2.434] Building C object _deps/libdwarf-build/src/lib/libdwarf/CMakeFiles/dwarf.dir/dwarf_xu_index.c.o
[94/535 2.439] Linking C static library ps2xRecomp/librabbitizer.a
[95/535 2.448] Building C object _deps/libdwarf-build/src/lib/libdwarf/CMakeFiles/dwarf.dir/dwarf_util.c.o
[96/535 2.558] Building C object _deps/libdwarf-build/src/lib/libdwarf/CMakeFiles/dwarf.dir/dwarf_print_lines.c.o
[97/535 3.118] Building CXX object ps2xRecomp/CMakeFiles/ps2_recomp_lib.dir/src/lib/control_flow_analyzer.cpp.o
[98/535 3.417] Building CXX object ps2xRecomp/CMakeFiles/ps2_recomp_lib.dir/src/lib/control_flow_emitter.cpp.o
[99/535 3.497] Building CXX object ps2xRecomp/CMakeFiles/ps2_recomp_lib.dir/src/lib/code_generator.cpp.o
[100/535 3.702] Building CXX object ps2xRecomp/CMakeFiles/ps2_recomp_lib.dir/src/lib/cop0_translator.cpp.o
[101/535 4.130] Building CXX object ps2xRecomp/CMakeFiles/ps2_recomp_lib.dir/src/lib/fpu_translator.cpp.o
[102/535 4.556] Building CXX object ps2xRecomp/CMakeFiles/ps2_recomp_lib.dir/src/lib/function_emitter.cpp.o
[103/535 5.155] Building CXX object ps2xRecomp/CMakeFiles/ps2_recomp_lib.dir/src/lib/function_table_emitter.cpp.o
[104/535 5.363] Building CXX object ps2xRecomp/CMakeFiles/ps2_recomp_lib.dir/src/lib/gif_dma_kick_analyzer.cpp.o
[105/535 5.920] Building CXX object ps2xRecomp/CMakeFiles/ps2_recomp_lib.dir/src/lib/elf_parser.cpp.o
[106/535 6.205] Building CXX object ps2xRecomp/CMakeFiles/ps2_recomp_lib.dir/src/lib/jump_table_switch_emitter.cpp.o
[107/535 6.454] Building CXX object ps2xRecomp/CMakeFiles/ps2_recomp_lib.dir/src/lib/instruction_translator.cpp.o
[108/535 6.799] Building CXX object ps2xRecomp/CMakeFiles/ps2_recomp_lib.dir/src/lib/mmi_translation_helpers.cpp.o
[109/535 7.023] Building CXX object ps2xRecomp/CMakeFiles/ps2_recomp_lib.dir/src/lib/mmi_translator.cpp.o
[110/535 7.186] Building CXX object ps2xRecomp/CMakeFiles/ps2_recomp_lib.dir/src/lib/config_manager.cpp.o
In file included from /Volumes/Extreme SSD/ps2recomp-spike/PS2Recomp/ps2xRecomp/src/lib/config_manager.cpp:3:
In file included from /tmp/t12-link/runtime/_deps/toml11-src/include/toml.hpp:40:
In file included from /tmp/t12-link/runtime/_deps/toml11-src/include/toml11/literal.hpp:4:
/tmp/t12-link/runtime/_deps/toml11-src/include/toml11/fwd/literal_fwd.hpp:22:26: warning: identifier '_toml' preceded by whitespace in a literal operator declaration is deprecated [-Wdeprecated-literal-operator]
   22 | ::toml::value operator"" _toml(const char* str, std::size_t len);
      |               ~~~~~~~~~~~^~~~~
      |               operator""_toml
/tmp/t12-link/runtime/_deps/toml11-src/include/toml11/fwd/literal_fwd.hpp:27:26: warning: identifier '_toml' preceded by whitespace in a literal operator declaration is deprecated [-Wdeprecated-literal-operator]
   27 | ::toml::value operator"" _toml(const char8_t* str, std::size_t len);
      |               ~~~~~~~~~~~^~~~~
      |               operator""_toml
In file included from /Volumes/Extreme SSD/ps2recomp-spike/PS2Recomp/ps2xRecomp/src/lib/config_manager.cpp:3:
In file included from /tmp/t12-link/runtime/_deps/toml11-src/include/toml.hpp:40:
In file included from /tmp/t12-link/runtime/_deps/toml11-src/include/toml11/literal.hpp:7:
/tmp/t12-link/runtime/_deps/toml11-src/include/toml11/impl/literal_impl.hpp:118:12: warning: identifier '_toml' preceded by whitespace in a literal operator declaration is deprecated [-Wdeprecated-literal-operator]
  118 | operator"" _toml(const char* str, std::size_t len)
      | ~~~~~~~~~~~^~~~~
      | operator""_toml
/tmp/t12-link/runtime/_deps/toml11-src/include/toml11/impl/literal_impl.hpp:149:12: warning: identifier '_toml' preceded by whitespace in a literal operator declaration is deprecated [-Wdeprecated-literal-operator]
  149 | operator"" _toml(const char8_t* str, std::size_t len)
      | ~~~~~~~~~~~^~~~~
      | operator""_toml
4 warnings generated.
[111/535 7.518] Building CXX object ps2xRecomp/CMakeFiles/ps2_recomp_lib.dir/src/lib/r5900_decoder.cpp.o
[112/535 7.885] Building CXX object ps2xRecomp/CMakeFiles/ps2_recomp_lib.dir/src/lib/recompiler_reporter.cpp.o
[113/535 8.014] Building CXX object ps2xRecomp/CMakeFiles/ps2_recomp_lib.dir/src/lib/regimm_translator.cpp.o
[114/535 8.332] Building CXX object ps2xRecomp/CMakeFiles/ps2_recomp_lib.dir/src/lib/special_translator.cpp.o
[115/535 8.450] Linking CXX static library _deps/fmt-build/libfmt.a
[116/535 8.569] Linking C static library _deps/libdwarf-build/src/lib/libdwarf/libdwarf.a
[117/535 8.888] Building CXX object ps2xRecomp/CMakeFiles/ps2_recomp_lib.dir/src/lib/vu_translator.cpp.o
[118/535 8.929] Building CXX object ps2xRecomp/CMakeFiles/ps2_recomp_lib.dir/src/lib/vu_translation_helpers.cpp.o
[119/535 9.663] Building CXX object ps2xIOP/CMakeFiles/ps2_iop.dir/src/builtin_profiles.cpp.o
[120/535 9.941] Building CXX object ps2xIOP/CMakeFiles/ps2_iop.dir/src/plugin_loader.cpp.o
[121/535 10.026] Building CXX object ps2xIOP/CMakeFiles/ps2_iop.dir/src/iop_subsystem.cpp.o
[122/535 10.249] Building CXX object ps2xRecomp/CMakeFiles/ps2_recomp_lib.dir/src/lib/ps2_recompiler.cpp.o
[123/535 10.449] Building CXX object ps2xIOP/CMakeFiles/ps2_iop.dir/src/modules/libsd.cpp.o
[124/535 10.512] Building CXX object ps2xIOP/CMakeFiles/ps2_iop.dir/src/modules/dbcman.cpp.o
[125/535 10.946] Building CXX object ps2xIOP/CMakeFiles/ps2_iop.dir/src/modules/mcserv.cpp.o
[126/535 11.163] Building CXX object ps2xIOP/CMakeFiles/ps2_iop.dir/src/modules/tsnddrv.cpp.o
[127/535 11.675] Building CXX object ps2xIOP/CMakeFiles/ps2_iop.dir/src/modules/clfile.cpp.o
[128/535 11.846] Building CXX object ps2xIOP/CMakeFiles/ps2_iop.dir/src/modules/sound_update_stub.cpp.o
[129/535 11.951] Building CXX object ps2xIOP/CMakeFiles/ps2_iop.dir/src/modules/cri_dtx.cpp.o
[130/535 12.299] Building CXX object ps2xIOP/CMakeFiles/ps2_iop.dir/src/modules/sdrdrv.cpp.o
[131/535 12.710] Building C object _deps/raylib-build/raylib/CMakeFiles/raylib.dir/rshapes.c.o
[132/535 14.044] Building C object _deps/raylib-build/raylib/CMakeFiles/raylib.dir/rtext.c.o
[133/535 14.412] Building C object _deps/raylib-build/raylib/CMakeFiles/raylib.dir/rcore.c.o
[134/535 14.597] Building C object _deps/raylib-build/raylib/CMakeFiles/raylib.dir/utils.c.o
[135/535 15.308] Building C object _deps/raylib-build/raylib/external/glfw/src/CMakeFiles/glfw.dir/context.c.o
[136/535 15.879] Building C object _deps/raylib-build/raylib/external/glfw/src/CMakeFiles/glfw.dir/init.c.o
[137/535 16.559] Building C object _deps/raylib-build/raylib/external/glfw/src/CMakeFiles/glfw.dir/input.c.o
[138/535 17.140] Building C object _deps/raylib-build/raylib/external/glfw/src/CMakeFiles/glfw.dir/monitor.c.o
[139/535 17.546] Building C object _deps/raylib-build/raylib/CMakeFiles/raylib.dir/rmodels.c.o
[140/535 17.643] Building C object _deps/raylib-build/raylib/external/glfw/src/CMakeFiles/glfw.dir/platform.c.o
[141/535 18.022] Building C object _deps/raylib-build/raylib/external/glfw/src/CMakeFiles/glfw.dir/vulkan.c.o
[142/535 18.172] Building C object _deps/raylib-build/raylib/external/glfw/src/CMakeFiles/glfw.dir/window.c.o
[143/535 18.506] Building C object _deps/raylib-build/raylib/external/glfw/src/CMakeFiles/glfw.dir/egl_context.c.o
[144/535 18.622] Building C object _deps/raylib-build/raylib/external/glfw/src/CMakeFiles/glfw.dir/osmesa_context.c.o
[145/535 18.885] Building C object _deps/raylib-build/raylib/CMakeFiles/raylib.dir/rtextures.c.o
[146/535 18.944] Building C object _deps/raylib-build/raylib/CMakeFiles/raylib.dir/raudio.c.o
In file included from /tmp/t12-link/runtime/_deps/raylib-src/src/raudio.c:180:
In file included from /tmp/t12-link/runtime/_deps/raylib-src/src/external/miniaudio.h:31814:
In file included from /Applications/Xcode.app/Contents/Developer/Platforms/MacOSX.platform/Developer/SDKs/MacOSX.sdk/System/Library/Frameworks/AudioToolbox.framework/Headers/AudioToolbox.h:43:
In file included from /Applications/Xcode.app/Contents/Developer/Platforms/MacOSX.platform/Developer/SDKs/MacOSX.sdk/System/Library/Frameworks/AudioToolbox.framework/Headers/MusicPlayer.h:44:
/Applications/Xcode.app/Contents/Developer/Platforms/MacOSX.platform/Developer/SDKs/MacOSX.sdk/System/Library/Frameworks/CoreMIDI.framework/Headers/MIDIServices.h:311:32: warning: redefinition of typedef 'MIDIEventList' is a C11 feature [-Wtypedef-redefinition]
  311 | typedef struct MIDIEventList                    MIDIEventList;                  // Universal MIDI Packet
      |                                                 ^
/Applications/Xcode.app/Contents/Developer/Platforms/MacOSX.platform/Developer/SDKs/MacOSX.sdk/System/Library/Frameworks/AudioToolbox.framework/Headers/MusicDevice.h:178:30: note: previous definition is here
  178 | typedef struct MIDIEventList MIDIEventList;
      |                              ^
In file included from /tmp/t12-link/runtime/_deps/raylib-src/src/raudio.c:180:
In file included from /tmp/t12-link/runtime/_deps/raylib-src/src/external/miniaudio.h:31814:
In file included from /Applications/Xcode.app/Contents/Developer/Platforms/MacOSX.platform/Developer/SDKs/MacOSX.sdk/System/Library/Frameworks/AudioToolbox.framework/Headers/AudioToolbox.h:43:
In file included from /Applications/Xcode.app/Contents/Developer/Platforms/MacOSX.platform/Developer/SDKs/MacOSX.sdk/System/Library/Frameworks/AudioToolbox.framework/Headers/MusicPlayer.h:44:
/Applications/Xcode.app/Contents/Developer/Platforms/MacOSX.platform/Developer/SDKs/MacOSX.sdk/System/Library/Frameworks/CoreMIDI.framework/Headers/MIDIServices.h:528:30: warning: redefinition of typedef 'MIDIEventList' is a C11 feature [-Wtypedef-redefinition]
  528 | typedef struct MIDIEventList MIDIEventList;
      |                              ^
/Applications/Xcode.app/Contents/Developer/Platforms/MacOSX.platform/Developer/SDKs/MacOSX.sdk/System/Library/Frameworks/CoreMIDI.framework/Headers/MIDIServices.h:311:32: note: previous definition is here
  311 | typedef struct MIDIEventList                    MIDIEventList;                  // Universal MIDI Packet
      |                                                 ^
/Applications/Xcode.app/Contents/Developer/Platforms/MacOSX.platform/Developer/SDKs/MacOSX.sdk/System/Library/Frameworks/CoreMIDI.framework/Headers/MIDIServices.h:1034:146: warning: unknown platform 'bridgeos' in availability macro [-Wavailability]
 1034 | extern const CFStringRef        kMIDIPropertyFactoryPatchNameFile               API_DEPRECATED_WITH_REPLACEMENT("kMIDIPropertyNameConfiguration", macos(10.1, 10.2)) MIDI_API_UNAVAILABLE_NON_MACOS;
      |                                                                                                                                                                      ^
/Applications/Xcode.app/Contents/Developer/Platforms/MacOSX.platform/Developer/SDKs/MacOSX.sdk/System/Library/Frameworks/CoreMIDI.framework/Headers/MIDIServices.h:79:20: note: expanded from macro 'MIDI_API_UNAVAILABLE_NON_MACOS'
   79 |         __OS_AVAILABILITY(bridgeos, unavailable) \
      |                           ^
/Applications/Xcode.app/Contents/Developer/Platforms/MacOSX.platform/Developer/SDKs/MacOSX.sdk/System/Library/Frameworks/CoreMIDI.framework/Headers/MIDIServices.h:1047:144: warning: unknown platform 'bridgeos' in availability macro [-Wavailability]
 1047 | extern const CFStringRef        kMIDIPropertyUserPatchNameFile                  API_DEPRECATED_WITH_REPLACEMENT("kMIDIPropertyNameConfiguration", macos(10.1, 10.2)) MIDI_API_UNAVAILABLE_NON_MACOS;
      |                                                                                                                                                                      ^
/Applications/Xcode.app/Contents/Developer/Platforms/MacOSX.platform/Developer/SDKs/MacOSX.sdk/System/Library/Frameworks/CoreMIDI.framework/Headers/MIDIServices.h:79:20: note: expanded from macro 'MIDI_API_UNAVAILABLE_NON_MACOS'
   79 |         __OS_AVAILABILITY(bridgeos, unavailable) \
      |                           ^
In file included from /tmp/t12-link/runtime/_deps/raylib-src/src/raudio.c:218:
/tmp/t12-link/runtime/_deps/raylib-src/src/external/stb_vorbis.c:1404:75: warning: pointer comparison always evaluates to false [-Wtautological-compare]
 1404 |       if (f->stream_start + loc >= f->stream_end || f->stream_start + loc < f->stream_start) {
      |                                                                           ^
5 warnings generated.
[147/535 18.988] Building C object _deps/raylib-build/raylib/external/glfw/src/CMakeFiles/glfw.dir/null_init.c.o
[148/535 19.106] Building C object _deps/raylib-build/raylib/external/glfw/src/CMakeFiles/glfw.dir/null_monitor.c.o
[149/535 19.365] Building C object _deps/raylib-build/raylib/external/glfw/src/CMakeFiles/glfw.dir/null_window.c.o
[150/535 19.376] Building C object _deps/raylib-build/raylib/external/glfw/src/CMakeFiles/glfw.dir/null_joystick.c.o
[151/535 19.409] Building C object _deps/raylib-build/raylib/external/glfw/src/CMakeFiles/glfw.dir/cocoa_time.c.o
[152/535 19.513] Building C object _deps/raylib-build/raylib/external/glfw/src/CMakeFiles/glfw.dir/posix_module.c.o
[153/535 19.783] Building C object _deps/raylib-build/raylib/external/glfw/src/CMakeFiles/glfw.dir/posix_thread.c.o
[154/535 20.290] Building C object _deps/raylib-build/raylib/external/glfw/src/CMakeFiles/glfw.dir/cocoa_joystick.m.o
[155/535 20.292] Building C object _deps/raylib-build/raylib/external/glfw/src/CMakeFiles/glfw.dir/cocoa_init.m.o
[156/535 20.302] Building C object _deps/raylib-build/raylib/external/glfw/src/CMakeFiles/glfw.dir/cocoa_monitor.m.o
[157/535 20.390] Linking CXX static library ps2xIOP/libps2_iop.a
[158/535 20.412] Linking CXX static library ps2xRecomp/libps2_recomp_lib.a
[159/535 20.653] Building C object _deps/raylib-build/raylib/external/glfw/src/CMakeFiles/glfw.dir/cocoa_window.m.o
[160/535 21.081] Building C object _deps/raylib-build/raylib/external/glfw/src/CMakeFiles/glfw.dir/nsgl_context.m.o
[161/535 21.583] Building CXX object ps2xRuntime/CMakeFiles/imgui.dir/__/_deps/imgui-src/imgui_tables.cpp.o
[162/535 23.294] Building CXX object ps2xRuntime/CMakeFiles/imgui.dir/__/_deps/imgui-src/imgui_demo.cpp.o
[163/535 23.399] Building CXX object ps2xRuntime/CMakeFiles/imgui.dir/__/_deps/imgui-src/imgui_widgets.cpp.o
[164/535 23.826] Building CXX object ps2xRuntime/CMakeFiles/imgui.dir/__/_deps/imgui-src/imgui_draw.cpp.o
[165/535 24.059] Building CXX object ps2xRuntime/CMakeFiles/ps2_runtime.dir/src/lib/gs/ps2_gif_arbiter.cpp.o
[166/535 25.128] Building CXX object ps2xRuntime/CMakeFiles/ps2_runtime.dir/src/lib/ps2_audio.cpp.o
[167/535 25.243] Building CXX object ps2xRuntime/CMakeFiles/ps2_runtime.dir/src/lib/ps2_audio_vag.cpp.o
[168/535 25.469] Building CXX object ps2xRuntime/CMakeFiles/ps2_runtime.dir/src/lib/gs/ps2_gs_memory.cpp.o
In file included from /Volumes/Extreme SSD/ps2recomp-spike/PS2Recomp/ps2xRuntime/src/lib/gs/ps2_gs_memory.cpp:3:
/Volumes/Extreme SSD/ps2recomp-spike/PS2Recomp/ps2xRuntime/include/runtime/gs/ps2_gs_memory.h:67:11: warning: enumeration value 'Max' not handled in switch [-Wswitch]
   67 |                 switch (psm)
      |                         ^~~
/Volumes/Extreme SSD/ps2recomp-spike/PS2Recomp/ps2xRuntime/include/runtime/gs/ps2_gs_memory.h:91:11: warning: enumeration value 'Max' not handled in switch [-Wswitch]
   91 |                 switch (psm)
      |                         ^~~
/Volumes/Extreme SSD/ps2recomp-spike/PS2Recomp/ps2xRuntime/include/runtime/gs/ps2_gs_memory.h:168:11: warning: 9 enumeration values not handled in switch: 'C32', 'C24', 'C16'... [-Wswitch]
  168 |                 switch (psm)
      |                         ^~~
/Volumes/Extreme SSD/ps2recomp-spike/PS2Recomp/ps2xRuntime/include/runtime/gs/ps2_gs_memory.h:325:11: warning: no case matching constant switch condition '49'
  325 |                 switch (psm)
      |                         ^~~
/Volumes/Extreme SSD/ps2recomp-spike/PS2Recomp/ps2xRuntime/include/runtime/gs/ps2_gs_memory.h:236:47: note: in instantiation of member function 'GSMem::PixelStorageTraits<GSMem::PixelStorageMode::Z24>::ColumnExtent' requested here
  236 |                 using ColumnLookupTableT = LookupTable<u16, ColumnExtent().x, ColumnExtent().y>;
      |                                                             ^
/Volumes/Extreme SSD/ps2recomp-spike/PS2Recomp/ps2xRuntime/src/lib/gs/ps2_gs_memory.cpp:240:9: note: in instantiation of template class 'GSMem::PixelStorageTraits<GSMem::PixelStorageMode::Z24>' requested here
  240 |         PixelStorageTraits<Z24>::Write(PageTableZ32, data, bp, bw, x, y, value);
      |         ^
4 warnings generated.
[169/535 25.705] Building CXX object ps2xRuntime/CMakeFiles/ps2_runtime.dir/src/lib/game_overrides.cpp.o
[170/535 25.918] Building CXX object ps2xRuntime/CMakeFiles/imgui.dir/__/_deps/imgui-src/imgui.cpp.o
[171/535 26.923] Building CXX object ps2xRuntime/CMakeFiles/ps2_runtime.dir/src/lib/gs/gs_cpu_backend.cpp.o
In file included from /Volumes/Extreme SSD/ps2recomp-spike/PS2Recomp/ps2xRuntime/src/lib/gs/gs_cpu_backend.cpp:7:
/Volumes/Extreme SSD/ps2recomp-spike/PS2Recomp/ps2xRuntime/include/runtime/gs/ps2_gs_memory.h:67:11: warning: enumeration value 'Max' not handled in switch [-Wswitch]
   67 |                 switch (psm)
      |                         ^~~
/Volumes/Extreme SSD/ps2recomp-spike/PS2Recomp/ps2xRuntime/include/runtime/gs/ps2_gs_memory.h:91:11: warning: enumeration value 'Max' not handled in switch [-Wswitch]
   91 |                 switch (psm)
      |                         ^~~
/Volumes/Extreme SSD/ps2recomp-spike/PS2Recomp/ps2xRuntime/include/runtime/gs/ps2_gs_memory.h:168:11: warning: 9 enumeration values not handled in switch: 'C32', 'C24', 'C16'... [-Wswitch]
  168 |                 switch (psm)
      |                         ^~~
3 warnings generated.
[172/535 27.031] Building CXX object ps2xRuntime/CMakeFiles/ps2_runtime.dir/src/lib/ps2_pad.cpp.o
[173/535 27.461] Building CXX object ps2xRuntime/CMakeFiles/ps2_runtime.dir/src/lib/gs/gs_frontend.cpp.o
[174/535 27.917] Building CXX object ps2xRuntime/CMakeFiles/ps2_runtime.dir/src/lib/ps2_iop_host.cpp.o
[175/535 27.970] Building CXX object ps2xRuntime/CMakeFiles/ps2_runtime.dir/src/lib/ps2_memory.cpp.o
[176/535 28.250] Building CXX object ps2xRuntime/CMakeFiles/ps2_runtime.dir/src/lib/vu/ps2_vu1_upper.cpp.o
[177/535 28.458] Building CXX object ps2xRuntime/CMakeFiles/ps2_runtime.dir/src/lib/ps2_vif1_interpreter.cpp.o
[178/535 29.189] Building CXX object ps2xRuntime/CMakeFiles/ps2_runtime.dir/src/lib/games_database.cpp.o
[179/535 29.300] Building CXX object ps2xRuntime/CMakeFiles/ps2_runtime.dir/src/lib/vu/ps2_vu1_lower.cpp.o
[180/535 29.671] Building CXX object ps2xRuntime/CMakeFiles/ps2_runtime.dir/src/lib/vu/ps2_vu1_core.cpp.o
[181/535 30.487] Building CXX object ps2xRuntime/CMakeFiles/ps2_runtime.dir/src/lib/ps2_runtime.cpp.o
[182/535 31.266] Building CXX object ps2xRuntime/CMakeFiles/ps2_runtime.dir/src/lib/Kernel/Stubs/Audio.cpp.o
[183/535 32.689] Building CXX object ps2xRuntime/CMakeFiles/ps2_runtime.dir/src/lib/Kernel/Stubs/Compatibility.cpp.o
[184/535 32.735] Building CXX object ps2xRuntime/CMakeFiles/ps2_runtime.dir/src/lib/Kernel/Stubs/CD.cpp.o
[185/535 33.456] Building CXX object ps2xRuntime/CMakeFiles/ps2_runtime.dir/src/lib/Kernel/Stubs/DMA.cpp.o
[186/535 34.613] Building CXX object ps2xRuntime/CMakeFiles/ps2_runtime.dir/src/lib/Kernel/Stubs/Deci2.cpp.o
[187/535 34.837] Building CXX object ps2xRuntime/CMakeFiles/ps2_runtime.dir/src/lib/Kernel/Stubs/FileIO.cpp.o
[188/535 35.169] Building CXX object ps2xRuntime/CMakeFiles/ps2_runtime.dir/src/lib/Kernel/EeScheduler.cpp.o
[189/535 35.638] Building CXX object ps2xRuntime/CMakeFiles/ps2_runtime.dir/src/lib/Kernel/Stubs/Font.cpp.o
[190/535 37.162] Building CXX object ps2xRuntime/CMakeFiles/ps2_runtime.dir/src/lib/Kernel/Stubs/IPU.cpp.o
[191/535 37.185] Building CXX object ps2xRuntime/CMakeFiles/ps2_runtime.dir/src/lib/Kernel/Stubs/GS.cpp.o
[192/535 37.763] Building CXX object ps2xRuntime/CMakeFiles/ps2_runtime.dir/src/lib/Kernel/Stubs/LibC.cpp.o
[193/535 39.211] Building CXX object ps2xRuntime/CMakeFiles/ps2_runtime.dir/src/lib/Kernel/Stubs/MPEG.cpp.o
[194/535 39.296] Building CXX object ps2xRuntime/CMakeFiles/ps2_runtime.dir/src/lib/Kernel/Stubs/Pad.cpp.o
[195/535 39.711] Building CXX object ps2xRuntime/CMakeFiles/ps2_runtime.dir/src/lib/Kernel/Stubs/RPC.cpp.o
[196/535 40.072] Building CXX object ps2xRuntime/CMakeFiles/ps2_runtime.dir/src/lib/Kernel/Stubs/MemoryCard.cpp.o
[197/535 41.259] Building CXX object ps2xRuntime/CMakeFiles/ps2_runtime.dir/src/lib/Kernel/Stubs/Ssx3Movie.cpp.o
[198/535 41.459] Building CXX object ps2xRuntime/CMakeFiles/ps2_runtime.dir/src/lib/Kernel/Stubs/SIF.cpp.o
[199/535 41.715] Building CXX object ps2xRuntime/CMakeFiles/ps2_runtime.dir/src/lib/Kernel/Stubs/System.cpp.o
[200/535 42.227] Building CXX object ps2xRuntime/CMakeFiles/ps2_runtime.dir/src/lib/Kernel/Stubs/TTY.cpp.o
[201/535 43.286] Building CXX object ps2xRuntime/CMakeFiles/ps2_runtime.dir/src/lib/Kernel/Stubs/Unimplemented.cpp.o
[202/535 43.504] Building CXX object ps2xRuntime/CMakeFiles/ps2_runtime.dir/src/lib/Kernel/Stubs/VU.cpp.o
[203/535 43.945] Building CXX object ps2xRuntime/CMakeFiles/ps2_runtime.dir/src/lib/Kernel/Syscalls/Deci2.cpp.o
[204/535 44.789] Building CXX object ps2xRuntime/CMakeFiles/ps2_runtime.dir/src/lib/Kernel/Syscalls/Dispatcher.cpp.o
[205/535 45.837] Building CXX object ps2xRuntime/CMakeFiles/ps2_runtime.dir/src/lib/Kernel/Syscalls/Interrupt.cpp.o
[206/535 46.004] Building CXX object ps2xRuntime/CMakeFiles/ps2_runtime.dir/src/lib/Kernel/Syscalls/FileIO.cpp.o
[207/535 47.135] Building CXX object ps2xRuntime/CMakeFiles/ps2_runtime.dir/src/lib/Kernel/Syscalls/Sync.cpp.o
[208/535 47.189] Building CXX object ps2xRuntime/CMakeFiles/ps2_runtime.dir/src/lib/Kernel/Syscalls/RPC.cpp.o
[209/535 47.274] Linking C static library _deps/raylib-build/raylib/libraylib.a
[210/535 48.133] Building CXX object ps2xAnalyzer/CMakeFiles/ps2_analyzer_lib.dir/src/elf_analysis_context.cpp.o
[211/535 48.475] Building CXX object ps2xRuntime/CMakeFiles/ps2_runtime.dir/src/lib/Kernel/Syscalls/Thread.cpp.o
[212/535 48.567] Building CXX object ps2xAnalyzer/CMakeFiles/ps2_analyzer_lib.dir/src/analysis_passes.cpp.o
[213/535 48.859] Building CXX object ps2xRuntime/CMakeFiles/ps2_runtime.dir/src/lib/Kernel/Syscalls/System.cpp.o
[214/535 50.609] Building CXX object ps2xAnalyzer/CMakeFiles/ps2_analyzer_lib.dir/src/toml_generator.cpp.o
[215/535 50.719] Building CXX object ps2xAnalyzer/CMakeFiles/ps2_analyzer_lib.dir/src/function_classifier.cpp.o
[216/535 50.747] Linking CXX static library ps2xRuntime/libimgui.a
[217/535 50.939] Linking CXX static library ps2xRuntime/libps2_runtime.a
[218/535 51.246] Building CXX object ps2xRuntime/CMakeFiles/rlImGui.dir/__/_deps/rlimgui-src/rlImGui.cpp.o
[219/535 52.467] Building CXX object ps2xAnalyzer/CMakeFiles/ps2_analyzer_lib.dir/src/elf_analyzer.cpp.o
[220/535 53.135] Building CXX object ps2xAnalyzer/CMakeFiles/ps2_analyzer_lib.dir/src/sce_symbol_scanner.cpp.o
[221/535 53.164] Building CXX object ps2xRuntime/CMakeFiles/ps2EntryRunner.dir/cmake_pch.hxx.pch
[222/535 53.378] Linking CXX static library ps2xAnalyzer/libps2_analyzer_lib.a
[223/535 53.813] Building CXX object ps2xTest/CMakeFiles/ps2_test_lib.dir/src/r5900_decoder_tests.cpp.o
[224/535 54.919] Building CXX object ps2xTest/CMakeFiles/ps2_test_lib.dir/src/elf_analyzer_tests.cpp.o
[225/535 55.770] Building CXX object ps2xTest/CMakeFiles/ps2_test_lib.dir/src/pad_input_tests.cpp.o
[226/535 56.613] Building CXX object ps2xTest/CMakeFiles/ps2_test_lib.dir/src/ps2_runtime_io_tests.cpp.o
[227/535 58.496] Building CXX object ps2xTest/CMakeFiles/ps2_test_lib.dir/src/code_generator_tests.cpp.o
[228/535 58.999] Building CXX object ps2xTest/CMakeFiles/ps2_test_lib.dir/src/ps2_runtime_interrupt_tests.cpp.o
[229/535 60.467] Building CXX object ps2xTest/CMakeFiles/ps2_test_lib.dir/src/ps2_runtime_kernel_tests.cpp.o
[230/535 61.498] Building CXX object ps2xTest/CMakeFiles/ps2_test_lib.dir/src/ps2_memory_tests.cpp.o
[231/535 61.618] Building CXX object ps2xTest/CMakeFiles/ps2_test_lib.dir/src/ps2_vu1_tests.cpp.o
[232/535 61.980] Building CXX object ps2xTest/CMakeFiles/ps2_test_lib.dir/src/ps2_vu_tests.cpp.o
[233/535 63.981] Building CXX object ps2xTest/CMakeFiles/ps2_test_lib.dir/src/ps2_iop_tests.cpp.o
[234/535 65.153] Building CXX object ps2xTest/CMakeFiles/ps2_test_lib.dir/src/ps2_sif_rpc_tests.cpp.o
[235/535 65.324] Building CXX object ps2xTest/CMakeFiles/ps2_test_lib.dir/src/ps2_sif_dma_tests.cpp.o
[236/535 65.452] Linking CXX static library ps2xRuntime/librlImGui.a
[237/535 65.924] Building CXX object ps2xTest/CMakeFiles/ps2_test_lib.dir/src/ps2_gs_tests.cpp.o
In file included from /Volumes/Extreme SSD/ps2recomp-spike/PS2Recomp/ps2xTest/src/ps2_gs_tests.cpp:8:
/Volumes/Extreme SSD/ps2recomp-spike/PS2Recomp/ps2xRuntime/include/runtime/gs/ps2_gs_memory.h:67:11: warning: enumeration value 'Max' not handled in switch [-Wswitch]
   67 |                 switch (psm)
      |                         ^~~
/Volumes/Extreme SSD/ps2recomp-spike/PS2Recomp/ps2xRuntime/include/runtime/gs/ps2_gs_memory.h:91:11: warning: enumeration value 'Max' not handled in switch [-Wswitch]
   91 |                 switch (psm)
      |                         ^~~
/Volumes/Extreme SSD/ps2recomp-spike/PS2Recomp/ps2xRuntime/include/runtime/gs/ps2_gs_memory.h:168:11: warning: 9 enumeration values not handled in switch: 'C32', 'C24', 'C16'... [-Wswitch]
  168 |                 switch (psm)
      |                         ^~~
3 warnings generated.
[238/535 66.514] Building CXX object ps2xRuntime/CMakeFiles/ps2EntryRunner.dir/Unity/unity_288_cxx.cxx.o
[239/535 68.253] Building CXX object ps2xTest/CMakeFiles/ps2_test_lib.dir/src/ps2_runtime_expansion_tests.cpp.o
[240/535 68.375] Building CXX object ps2xTest/CMakeFiles/ps2_test_lib.dir/src/ps2_recompiler_tests.cpp.o
[241/535 68.691] Building CXX object ps2xRuntime/CMakeFiles/ps2EntryRunner.dir/Unity/unity_289_cxx.cxx.o
[242/535 68.887] Building CXX object ps2xRuntime/CMakeFiles/ps2EntryRunner.dir/Unity/unity_287_cxx.cxx.o
[243/535 68.916] Building CXX object ps2xRuntime/CMakeFiles/ps2EntryRunner.dir/Unity/unity_286_cxx.cxx.o
[244/535 69.069] Building CXX object ps2xRuntime/CMakeFiles/ps2EntryRunner.dir/Unity/unity_284_cxx.cxx.o
[245/535 69.095] Building CXX object ps2xRuntime/CMakeFiles/ps2EntryRunner.dir/Unity/unity_285_cxx.cxx.o
[246/535 70.324] Building CXX object ps2xRuntime/CMakeFiles/ps2EntryRunner.dir/Unity/unity_283_cxx.cxx.o
[247/535 71.190] Building CXX object ps2xRuntime/CMakeFiles/ps2EntryRunner.dir/Unity/unity_282_cxx.cxx.o
[248/535 71.863] Building CXX object ps2xRuntime/CMakeFiles/ps2EntryRunner.dir/Unity/unity_279_cxx.cxx.o
[249/535 72.663] Building CXX object ps2xRuntime/CMakeFiles/ps2EntryRunner.dir/Unity/unity_280_cxx.cxx.o
[250/535 72.851] Building CXX object ps2xRuntime/CMakeFiles/ps2EntryRunner.dir/Unity/unity_278_cxx.cxx.o
[251/535 73.733] Building CXX object ps2xRuntime/CMakeFiles/ps2EntryRunner.dir/Unity/unity_281_cxx.cxx.o
[252/535 73.782] Building CXX object ps2xRuntime/CMakeFiles/ps2EntryRunner.dir/Unity/unity_277_cxx.cxx.o
[253/535 74.277] Building CXX object ps2xRuntime/CMakeFiles/ps2EntryRunner.dir/Unity/unity_273_cxx.cxx.o
[254/535 74.795] Building CXX object ps2xRuntime/CMakeFiles/ps2EntryRunner.dir/Unity/unity_276_cxx.cxx.o
[255/535 75.198] Building CXX object ps2xRuntime/CMakeFiles/ps2EntryRunner.dir/Unity/unity_275_cxx.cxx.o
[256/535 75.400] Building CXX object ps2xRuntime/CMakeFiles/ps2EntryRunner.dir/Unity/unity_274_cxx.cxx.o
[257/535 76.026] Building CXX object ps2xRuntime/CMakeFiles/ps2EntryRunner.dir/Unity/unity_270_cxx.cxx.o
[258/535 76.332] Building CXX object ps2xRuntime/CMakeFiles/ps2EntryRunner.dir/Unity/unity_269_cxx.cxx.o
[259/535 76.806] Building CXX object ps2xRuntime/CMakeFiles/ps2EntryRunner.dir/Unity/unity_272_cxx.cxx.o
[260/535 77.025] Building CXX object ps2xRuntime/CMakeFiles/ps2EntryRunner.dir/Unity/unity_268_cxx.cxx.o
In file included from /tmp/t12-link/runtime/ps2xRuntime/CMakeFiles/ps2EntryRunner.dir/Unity/unity_268_cxx.cxx:28:
/Volumes/Extreme SSD/ps2recomp-spike/PS2Recomp/ps2xRuntime/src/runner/sub_003FE818_0x3fe818.cpp:37:38: warning: array index 27 is past the end of the array (that has type 'uint16_t[16]' (aka 'unsigned short[16]')) [-Warray-bounds]
   37 |         {     uint16_t instr_index = ctx->vi[27] & 0x1FF;     uint32_t target_byte_addr = (uint32_t)instr_index << 3;     ctx->vu0_pc = target_byte_addr;     runtime->vu0StartMicroProgram(rdram, ctx, target_byte_addr); }
      |                                      ^       ~~
/Volumes/Extreme SSD/ps2recomp-spike/PS2Recomp/ps2xRuntime/include/ps2_runtime.h:72:5: note: array 'vi' declared here
   72 |     uint16_t vi[16];          // VU0 vector integer registers
      |     ^
1 warning generated.
[261/535 77.350] Building CXX object ps2xRuntime/CMakeFiles/ps2EntryRunner.dir/Unity/unity_267_cxx.cxx.o
[262/535 78.847] Building CXX object ps2xRuntime/CMakeFiles/ps2EntryRunner.dir/Unity/unity_266_cxx.cxx.o
[263/535 79.136] Building CXX object ps2xRuntime/CMakeFiles/ps2EntryRunner.dir/Unity/unity_271_cxx.cxx.o
[264/535 79.520] Building CXX object ps2xRuntime/CMakeFiles/ps2EntryRunner.dir/Unity/unity_265_cxx.cxx.o
[265/535 79.971] Building CXX object ps2xRuntime/CMakeFiles/ps2EntryRunner.dir/Unity/unity_264_cxx.cxx.o
[266/535 80.517] Building CXX object ps2xRuntime/CMakeFiles/ps2EntryRunner.dir/Unity/unity_263_cxx.cxx.o
[267/535 80.559] Building CXX object ps2xRuntime/CMakeFiles/ps2EntryRunner.dir/Unity/unity_262_cxx.cxx.o
[268/535 82.007] Building CXX object ps2xRuntime/CMakeFiles/ps2EntryRunner.dir/Unity/unity_260_cxx.cxx.o
[269/535 82.296] Building CXX object ps2xRuntime/CMakeFiles/ps2EntryRunner.dir/Unity/unity_259_cxx.cxx.o
[270/535 82.829] Building CXX object ps2xRuntime/CMakeFiles/ps2EntryRunner.dir/Unity/unity_261_cxx.cxx.o
[271/535 83.553] Building CXX object ps2xRuntime/CMakeFiles/ps2EntryRunner.dir/Unity/unity_256_cxx.cxx.o
[272/535 84.349] Building CXX object ps2xRuntime/CMakeFiles/ps2EntryRunner.dir/Unity/unity_257_cxx.cxx.o
[273/535 84.915] Building CXX object ps2xRuntime/CMakeFiles/ps2EntryRunner.dir/Unity/unity_255_cxx.cxx.o
[274/535 85.410] Building CXX object ps2xRuntime/CMakeFiles/ps2EntryRunner.dir/Unity/unity_258_cxx.cxx.o
[275/535 85.596] Building CXX object ps2xRuntime/CMakeFiles/ps2EntryRunner.dir/Unity/unity_254_cxx.cxx.o
[276/535 86.540] Building CXX object ps2xRuntime/CMakeFiles/ps2EntryRunner.dir/Unity/unity_253_cxx.cxx.o
[277/535 87.087] Building CXX object ps2xRuntime/CMakeFiles/ps2EntryRunner.dir/Unity/unity_251_cxx.cxx.o
[278/535 87.226] Building CXX object ps2xRuntime/CMakeFiles/ps2EntryRunner.dir/Unity/unity_252_cxx.cxx.o
[279/535 88.138] Building CXX object ps2xRuntime/CMakeFiles/ps2EntryRunner.dir/Unity/unity_249_cxx.cxx.o
[280/535 89.113] Building CXX object ps2xRuntime/CMakeFiles/ps2EntryRunner.dir/Unity/unity_250_cxx.cxx.o
[281/535 89.605] Building CXX object ps2xRuntime/CMakeFiles/ps2EntryRunner.dir/Unity/unity_247_cxx.cxx.o
[282/535 89.832] Building CXX object ps2xRuntime/CMakeFiles/ps2EntryRunner.dir/Unity/unity_248_cxx.cxx.o
[283/535 90.572] Building CXX object ps2xRuntime/CMakeFiles/ps2EntryRunner.dir/Unity/unity_246_cxx.cxx.o
[284/535 90.970] Building CXX object ps2xRuntime/CMakeFiles/ps2EntryRunner.dir/Unity/unity_245_cxx.cxx.o
[285/535 92.015] Building CXX object ps2xRuntime/CMakeFiles/ps2EntryRunner.dir/Unity/unity_244_cxx.cxx.o
[286/535 92.605] Building CXX object ps2xRuntime/CMakeFiles/ps2EntryRunner.dir/Unity/unity_242_cxx.cxx.o
[287/535 92.610] Building CXX object ps2xRuntime/CMakeFiles/ps2EntryRunner.dir/Unity/unity_243_cxx.cxx.o
[288/535 92.713] Building CXX object ps2xRuntime/CMakeFiles/ps2EntryRunner.dir/Unity/unity_241_cxx.cxx.o
[289/535 93.926] Building CXX object ps2xRuntime/CMakeFiles/ps2EntryRunner.dir/Unity/unity_240_cxx.cxx.o
[290/535 95.096] Building CXX object ps2xRuntime/CMakeFiles/ps2EntryRunner.dir/Unity/unity_236_cxx.cxx.o
[291/535 95.243] Building CXX object ps2xRuntime/CMakeFiles/ps2EntryRunner.dir/Unity/unity_237_cxx.cxx.o
[292/535 95.800] Building CXX object ps2xRuntime/CMakeFiles/ps2EntryRunner.dir/Unity/unity_239_cxx.cxx.o
[293/535 96.097] Building CXX object ps2xRuntime/CMakeFiles/ps2EntryRunner.dir/Unity/unity_238_cxx.cxx.o
[294/535 97.090] Building CXX object ps2xRuntime/CMakeFiles/ps2EntryRunner.dir/Unity/unity_235_cxx.cxx.o
[295/535 97.120] Building CXX object ps2xRuntime/CMakeFiles/ps2EntryRunner.dir/Unity/unity_234_cxx.cxx.o
[296/535 97.378] Building CXX object ps2xRuntime/CMakeFiles/ps2EntryRunner.dir/Unity/unity_232_cxx.cxx.o
[297/535 97.541] Building CXX object ps2xRuntime/CMakeFiles/ps2EntryRunner.dir/Unity/unity_233_cxx.cxx.o
[298/535 98.243] Building CXX object ps2xRuntime/CMakeFiles/ps2EntryRunner.dir/Unity/unity_231_cxx.cxx.o
[299/535 99.121] Building CXX object ps2xRuntime/CMakeFiles/ps2EntryRunner.dir/Unity/unity_229_cxx.cxx.o
[300/535 99.822] Building CXX object ps2xRuntime/CMakeFiles/ps2EntryRunner.dir/Unity/unity_227_cxx.cxx.o
[301/535 99.952] Building CXX object ps2xRuntime/CMakeFiles/ps2EntryRunner.dir/Unity/unity_230_cxx.cxx.o
[302/535 100.374] Building CXX object ps2xRuntime/CMakeFiles/ps2EntryRunner.dir/Unity/unity_226_cxx.cxx.o
[303/535 101.135] Building CXX object ps2xRuntime/CMakeFiles/ps2EntryRunner.dir/Unity/unity_228_cxx.cxx.o
[304/535 101.967] Building CXX object ps2xRuntime/CMakeFiles/ps2EntryRunner.dir/Unity/unity_223_cxx.cxx.o
[305/535 102.475] Building CXX object ps2xRuntime/CMakeFiles/ps2EntryRunner.dir/Unity/unity_224_cxx.cxx.o
[306/535 103.718] Building CXX object ps2xRuntime/CMakeFiles/ps2EntryRunner.dir/Unity/unity_220_cxx.cxx.o
[307/535 104.442] Building CXX object ps2xRuntime/CMakeFiles/ps2EntryRunner.dir/Unity/unity_222_cxx.cxx.o
[308/535 104.754] Building CXX object ps2xRuntime/CMakeFiles/ps2EntryRunner.dir/Unity/unity_225_cxx.cxx.o
[309/535 106.407] Building CXX object ps2xRuntime/CMakeFiles/ps2EntryRunner.dir/Unity/unity_221_cxx.cxx.o
[310/535 107.086] Building CXX object ps2xRuntime/CMakeFiles/ps2EntryRunner.dir/Unity/unity_218_cxx.cxx.o
In file included from /tmp/t12-link/runtime/ps2xRuntime/CMakeFiles/ps2EntryRunner.dir/Unity/unity_218_cxx.cxx:22:
/Volumes/Extreme SSD/ps2recomp-spike/PS2Recomp/ps2xRuntime/src/runner/sub_00391418_0x391418.cpp:91:34: warning: array index 27 is past the end of the array (that has type 'uint16_t[16]' (aka 'unsigned short[16]')) [-Warray-bounds]
   91 |     {     uint16_t instr_index = ctx->vi[27] & 0x1FF;     uint32_t target_byte_addr = (uint32_t)instr_index << 3;     ctx->vu0_pc = target_byte_addr;     runtime->vu0StartMicroProgram(rdram, ctx, target_byte_addr); }
      |                                  ^       ~~
/Volumes/Extreme SSD/ps2recomp-spike/PS2Recomp/ps2xRuntime/include/ps2_runtime.h:72:5: note: array 'vi' declared here
   72 |     uint16_t vi[16];          // VU0 vector integer registers
      |     ^
1 warning generated.
[311/535 107.507] Building CXX object ps2xRuntime/CMakeFiles/ps2EntryRunner.dir/Unity/unity_217_cxx.cxx.o
[312/535 108.109] Building CXX object ps2xRuntime/CMakeFiles/ps2EntryRunner.dir/Unity/unity_219_cxx.cxx.o
[313/535 111.696] Building CXX object ps2xRuntime/CMakeFiles/ps2EntryRunner.dir/Unity/unity_213_cxx.cxx.o
[314/535 111.801] Building CXX object ps2xRuntime/CMakeFiles/ps2EntryRunner.dir/Unity/unity_216_cxx.cxx.o
[315/535 113.637] Building CXX object ps2xRuntime/CMakeFiles/ps2EntryRunner.dir/Unity/unity_215_cxx.cxx.o
[316/535 115.574] Building CXX object ps2xRuntime/CMakeFiles/ps2EntryRunner.dir/Unity/unity_211_cxx.cxx.o
[317/535 115.689] Building CXX object ps2xRuntime/CMakeFiles/ps2EntryRunner.dir/Unity/unity_210_cxx.cxx.o
[318/535 119.339] Building CXX object ps2xRuntime/CMakeFiles/ps2EntryRunner.dir/Unity/unity_209_cxx.cxx.o
[319/535 119.446] Building CXX object ps2xRuntime/CMakeFiles/ps2EntryRunner.dir/Unity/unity_208_cxx.cxx.o
[320/535 119.795] Building CXX object ps2xRuntime/CMakeFiles/ps2EntryRunner.dir/Unity/unity_212_cxx.cxx.o
[321/535 122.344] Building CXX object ps2xRuntime/CMakeFiles/ps2EntryRunner.dir/Unity/unity_206_cxx.cxx.o
[322/535 122.370] Building CXX object ps2xRuntime/CMakeFiles/ps2EntryRunner.dir/Unity/unity_205_cxx.cxx.o
[323/535 123.507] Building CXX object ps2xRuntime/CMakeFiles/ps2EntryRunner.dir/Unity/unity_204_cxx.cxx.o
[324/535 123.956] Building CXX object ps2xRuntime/CMakeFiles/ps2EntryRunner.dir/Unity/unity_203_cxx.cxx.o
[325/535 125.165] Building CXX object ps2xRuntime/CMakeFiles/ps2EntryRunner.dir/Unity/unity_207_cxx.cxx.o
[326/535 125.923] Building CXX object ps2xRuntime/CMakeFiles/ps2EntryRunner.dir/Unity/unity_202_cxx.cxx.o
[327/535 127.069] Building CXX object ps2xRuntime/CMakeFiles/ps2EntryRunner.dir/Unity/unity_201_cxx.cxx.o
[328/535 129.872] Building CXX object ps2xRuntime/CMakeFiles/ps2EntryRunner.dir/Unity/unity_200_cxx.cxx.o
[329/535 130.780] Building CXX object ps2xRuntime/CMakeFiles/ps2EntryRunner.dir/Unity/unity_199_cxx.cxx.o
[330/535 131.878] Building CXX object ps2xRuntime/CMakeFiles/ps2EntryRunner.dir/Unity/unity_198_cxx.cxx.o
[331/535 132.863] Building CXX object ps2xRuntime/CMakeFiles/ps2EntryRunner.dir/Unity/unity_197_cxx.cxx.o
[332/535 135.748] Building CXX object ps2xRuntime/CMakeFiles/ps2EntryRunner.dir/Unity/unity_196_cxx.cxx.o
[333/535 137.356] Building CXX object ps2xRuntime/CMakeFiles/ps2EntryRunner.dir/Unity/unity_214_cxx.cxx.o
In file included from /tmp/t12-link/runtime/ps2xRuntime/CMakeFiles/ps2EntryRunner.dir/Unity/unity_214_cxx.cxx:55:
/Volumes/Extreme SSD/ps2recomp-spike/PS2Recomp/ps2xRuntime/src/runner/sub_0037DE88_0x37de88.cpp:61:34: warning: array index 27 is past the end of the array (that has type 'uint16_t[16]' (aka 'unsigned short[16]')) [-Warray-bounds]
   61 |     {     uint16_t instr_index = ctx->vi[27] & 0x1FF;     uint32_t target_byte_addr = (uint32_t)instr_index << 3;     ctx->vu0_pc = target_byte_addr;     runtime->vu0StartMicroProgram(rdram, ctx, target_byte_addr); }
      |                                  ^       ~~
/Volumes/Extreme SSD/ps2recomp-spike/PS2Recomp/ps2xRuntime/include/ps2_runtime.h:72:5: note: array 'vi' declared here
   72 |     uint16_t vi[16];          // VU0 vector integer registers
      |     ^
1 warning generated.
[334/535 137.993] Building CXX object ps2xRuntime/CMakeFiles/ps2EntryRunner.dir/Unity/unity_194_cxx.cxx.o
[335/535 140.026] Building CXX object ps2xRuntime/CMakeFiles/ps2EntryRunner.dir/Unity/unity_192_cxx.cxx.o
[336/535 140.178] Building CXX object ps2xRuntime/CMakeFiles/ps2EntryRunner.dir/Unity/unity_193_cxx.cxx.o
In file included from /tmp/t12-link/runtime/ps2xRuntime/CMakeFiles/ps2EntryRunner.dir/Unity/unity_193_cxx.cxx:52:
/Volumes/Extreme SSD/ps2recomp-spike/PS2Recomp/ps2xRuntime/src/runner/sub_0032B6A8_0x32b6a8.cpp:55:34: warning: array index 27 is past the end of the array (that has type 'uint16_t[16]' (aka 'unsigned short[16]')) [-Warray-bounds]
   55 |     {     uint16_t instr_index = ctx->vi[27] & 0x1FF;     uint32_t target_byte_addr = (uint32_t)instr_index << 3;     ctx->vu0_pc = target_byte_addr;     runtime->vu0StartMicroProgram(rdram, ctx, target_byte_addr); }
      |                                  ^       ~~
/Volumes/Extreme SSD/ps2recomp-spike/PS2Recomp/ps2xRuntime/include/ps2_runtime.h:72:5: note: array 'vi' declared here
   72 |     uint16_t vi[16];          // VU0 vector integer registers
      |     ^
1 warning generated.
[337/535 140.333] Building CXX object ps2xRuntime/CMakeFiles/ps2EntryRunner.dir/Unity/unity_191_cxx.cxx.o
[338/535 141.212] Building CXX object ps2xRuntime/CMakeFiles/ps2EntryRunner.dir/Unity/unity_189_cxx.cxx.o
[339/535 142.505] Building CXX object ps2xRuntime/CMakeFiles/ps2EntryRunner.dir/Unity/unity_190_cxx.cxx.o
[340/535 143.425] Building CXX object ps2xRuntime/CMakeFiles/ps2EntryRunner.dir/Unity/unity_188_cxx.cxx.o
[341/535 143.428] Building CXX object ps2xRuntime/CMakeFiles/ps2EntryRunner.dir/Unity/unity_187_cxx.cxx.o
[342/535 143.841] Building CXX object ps2xRuntime/CMakeFiles/ps2EntryRunner.dir/Unity/unity_186_cxx.cxx.o
[343/535 144.335] Building CXX object ps2xRuntime/CMakeFiles/ps2EntryRunner.dir/Unity/unity_185_cxx.cxx.o
[344/535 145.214] Building CXX object ps2xRuntime/CMakeFiles/ps2EntryRunner.dir/Unity/unity_183_cxx.cxx.o
[345/535 145.465] Building CXX object ps2xRuntime/CMakeFiles/ps2EntryRunner.dir/Unity/unity_184_cxx.cxx.o
[346/535 146.135] Building CXX object ps2xRuntime/CMakeFiles/ps2EntryRunner.dir/Unity/unity_182_cxx.cxx.o
[347/535 146.604] Building CXX object ps2xRuntime/CMakeFiles/ps2EntryRunner.dir/Unity/unity_195_cxx.cxx.o
[348/535 147.425] Building CXX object ps2xRuntime/CMakeFiles/ps2EntryRunner.dir/Unity/unity_181_cxx.cxx.o
[349/535 147.564] Building CXX object ps2xRuntime/CMakeFiles/ps2EntryRunner.dir/Unity/unity_179_cxx.cxx.o
[350/535 148.324] Building CXX object ps2xRuntime/CMakeFiles/ps2EntryRunner.dir/Unity/unity_178_cxx.cxx.o
[351/535 149.422] Building CXX object ps2xRuntime/CMakeFiles/ps2EntryRunner.dir/Unity/unity_177_cxx.cxx.o
[352/535 149.791] Building CXX object ps2xRuntime/CMakeFiles/ps2EntryRunner.dir/Unity/unity_180_cxx.cxx.o
[353/535 150.005] Building CXX object ps2xRuntime/CMakeFiles/ps2EntryRunner.dir/Unity/unity_175_cxx.cxx.o
[354/535 152.024] Building CXX object ps2xRuntime/CMakeFiles/ps2EntryRunner.dir/Unity/unity_172_cxx.cxx.o
[355/535 152.925] Building CXX object ps2xRuntime/CMakeFiles/ps2EntryRunner.dir/Unity/unity_171_cxx.cxx.o
[356/535 153.180] Building CXX object ps2xRuntime/CMakeFiles/ps2EntryRunner.dir/Unity/unity_174_cxx.cxx.o
[357/535 153.335] Building CXX object ps2xRuntime/CMakeFiles/ps2EntryRunner.dir/Unity/unity_173_cxx.cxx.o
[358/535 155.576] Building CXX object ps2xRuntime/CMakeFiles/ps2EntryRunner.dir/Unity/unity_170_cxx.cxx.o
[359/535 156.606] Building CXX object ps2xRuntime/CMakeFiles/ps2EntryRunner.dir/Unity/unity_168_cxx.cxx.o
[360/535 160.803] Building CXX object ps2xRuntime/CMakeFiles/ps2EntryRunner.dir/Unity/unity_166_cxx.cxx.o
[361/535 163.226] Building CXX object ps2xRuntime/CMakeFiles/ps2EntryRunner.dir/Unity/unity_169_cxx.cxx.o
[362/535 164.205] Building CXX object ps2xRuntime/CMakeFiles/ps2EntryRunner.dir/Unity/unity_164_cxx.cxx.o
In file included from /tmp/t12-link/runtime/ps2xRuntime/CMakeFiles/ps2EntryRunner.dir/Unity/unity_164_cxx.cxx:73:
/Volumes/Extreme SSD/ps2recomp-spike/PS2Recomp/ps2xRuntime/src/runner/sub_002D2058_0x2d2058.cpp:129:34: warning: array index 27 is past the end of the array (that has type 'uint16_t[16]' (aka 'unsigned short[16]')) [-Warray-bounds]
  129 |     {     uint16_t instr_index = ctx->vi[27] & 0x1FF;     uint32_t target_byte_addr = (uint32_t)instr_index << 3;     ctx->vu0_pc = target_byte_addr;     runtime->vu0StartMicroProgram(rdram, ctx, target_byte_addr); }
      |                                  ^       ~~
/Volumes/Extreme SSD/ps2recomp-spike/PS2Recomp/ps2xRuntime/include/ps2_runtime.h:72:5: note: array 'vi' declared here
   72 |     uint16_t vi[16];          // VU0 vector integer registers
      |     ^
1 warning generated.
[363/535 164.446] Building CXX object ps2xRuntime/CMakeFiles/ps2EntryRunner.dir/Unity/unity_167_cxx.cxx.o
[364/535 166.352] Building CXX object ps2xRuntime/CMakeFiles/ps2EntryRunner.dir/Unity/unity_162_cxx.cxx.o
[365/535 167.583] Building CXX object ps2xRuntime/CMakeFiles/ps2EntryRunner.dir/Unity/unity_165_cxx.cxx.o
[366/535 168.392] Building CXX object ps2xRuntime/CMakeFiles/ps2EntryRunner.dir/Unity/unity_161_cxx.cxx.o
[367/535 169.088] Building CXX object ps2xRuntime/CMakeFiles/ps2EntryRunner.dir/Unity/unity_160_cxx.cxx.o
[368/535 171.189] Building CXX object ps2xRuntime/CMakeFiles/ps2EntryRunner.dir/Unity/unity_163_cxx.cxx.o
[369/535 171.348] Building CXX object ps2xRuntime/CMakeFiles/ps2EntryRunner.dir/Unity/unity_159_cxx.cxx.o
[370/535 171.671] Building CXX object ps2xRuntime/CMakeFiles/ps2EntryRunner.dir/Unity/unity_156_cxx.cxx.o
[371/535 172.221] Building CXX object ps2xRuntime/CMakeFiles/ps2EntryRunner.dir/Unity/unity_157_cxx.cxx.o
[372/535 172.408] Building CXX object ps2xRuntime/CMakeFiles/ps2EntryRunner.dir/Unity/unity_158_cxx.cxx.o
[373/535 172.562] Building CXX object ps2xRuntime/CMakeFiles/ps2EntryRunner.dir/Unity/unity_154_cxx.cxx.o
[374/535 173.414] Building CXX object ps2xRuntime/CMakeFiles/ps2EntryRunner.dir/Unity/unity_153_cxx.cxx.o
[375/535 175.329] Building CXX object ps2xRuntime/CMakeFiles/ps2EntryRunner.dir/Unity/unity_151_cxx.cxx.o
[376/535 175.864] Building CXX object ps2xRuntime/CMakeFiles/ps2EntryRunner.dir/Unity/unity_152_cxx.cxx.o
[377/535 176.987] Building CXX object ps2xRuntime/CMakeFiles/ps2EntryRunner.dir/Unity/unity_150_cxx.cxx.o
[378/535 177.866] Building CXX object ps2xRuntime/CMakeFiles/ps2EntryRunner.dir/Unity/unity_149_cxx.cxx.o
[379/535 178.054] Building CXX object ps2xRuntime/CMakeFiles/ps2EntryRunner.dir/Unity/unity_155_cxx.cxx.o
[380/535 178.539] Building CXX object ps2xRuntime/CMakeFiles/ps2EntryRunner.dir/Unity/unity_148_cxx.cxx.o
[381/535 179.668] Building CXX object ps2xRuntime/CMakeFiles/ps2EntryRunner.dir/Unity/unity_146_cxx.cxx.o
[382/535 179.980] Building CXX object ps2xRuntime/CMakeFiles/ps2EntryRunner.dir/Unity/unity_145_cxx.cxx.o
[383/535 179.983] Building CXX object ps2xRuntime/CMakeFiles/ps2EntryRunner.dir/Unity/unity_147_cxx.cxx.o
[384/535 181.186] Building CXX object ps2xRuntime/CMakeFiles/ps2EntryRunner.dir/Unity/unity_143_cxx.cxx.o
[385/535 181.565] Building CXX object ps2xRuntime/CMakeFiles/ps2EntryRunner.dir/Unity/unity_144_cxx.cxx.o
[386/535 182.483] Building CXX object ps2xRuntime/CMakeFiles/ps2EntryRunner.dir/Unity/unity_142_cxx.cxx.o
[387/535 182.814] Building CXX object ps2xRuntime/CMakeFiles/ps2EntryRunner.dir/Unity/unity_141_cxx.cxx.o
[388/535 184.144] Building CXX object ps2xRuntime/CMakeFiles/ps2EntryRunner.dir/Unity/unity_139_cxx.cxx.o
[389/535 184.550] Building CXX object ps2xRuntime/CMakeFiles/ps2EntryRunner.dir/Unity/unity_140_cxx.cxx.o
[390/535 184.614] Building CXX object ps2xRuntime/CMakeFiles/ps2EntryRunner.dir/Unity/unity_176_cxx.cxx.o
[391/535 185.045] Building CXX object ps2xRuntime/CMakeFiles/ps2EntryRunner.dir/Unity/unity_138_cxx.cxx.o
[392/535 187.500] Building CXX object ps2xRuntime/CMakeFiles/ps2EntryRunner.dir/Unity/unity_137_cxx.cxx.o
[393/535 190.053] Building CXX object ps2xRuntime/CMakeFiles/ps2EntryRunner.dir/Unity/unity_136_cxx.cxx.o
[394/535 190.325] Building CXX object ps2xRuntime/CMakeFiles/ps2EntryRunner.dir/Unity/unity_134_cxx.cxx.o
[395/535 190.423] Building CXX object ps2xRuntime/CMakeFiles/ps2EntryRunner.dir/Unity/unity_133_cxx.cxx.o
[396/535 191.106] Building CXX object ps2xRuntime/CMakeFiles/ps2EntryRunner.dir/Unity/unity_135_cxx.cxx.o
[397/535 192.284] Building CXX object ps2xRuntime/CMakeFiles/ps2EntryRunner.dir/Unity/unity_130_cxx.cxx.o
[398/535 192.462] Building CXX object ps2xRuntime/CMakeFiles/ps2EntryRunner.dir/Unity/unity_131_cxx.cxx.o
[399/535 192.638] Building CXX object ps2xRuntime/CMakeFiles/ps2EntryRunner.dir/Unity/unity_132_cxx.cxx.o
[400/535 193.261] Building CXX object ps2xRuntime/CMakeFiles/ps2EntryRunner.dir/Unity/unity_129_cxx.cxx.o
[401/535 193.712] Building CXX object ps2xRuntime/CMakeFiles/ps2EntryRunner.dir/Unity/unity_126_cxx.cxx.o
[402/535 193.735] Building CXX object ps2xRuntime/CMakeFiles/ps2EntryRunner.dir/Unity/unity_128_cxx.cxx.o
[403/535 193.740] Building CXX object ps2xRuntime/CMakeFiles/ps2EntryRunner.dir/Unity/unity_127_cxx.cxx.o
[404/535 195.111] Building CXX object ps2xRuntime/CMakeFiles/ps2EntryRunner.dir/Unity/unity_125_cxx.cxx.o
[405/535 195.290] Building CXX object ps2xRuntime/CMakeFiles/ps2EntryRunner.dir/Unity/unity_123_cxx.cxx.o
[406/535 195.957] Building CXX object ps2xRuntime/CMakeFiles/ps2EntryRunner.dir/Unity/unity_122_cxx.cxx.o
[407/535 196.680] Building CXX object ps2xRuntime/CMakeFiles/ps2EntryRunner.dir/Unity/unity_121_cxx.cxx.o
[408/535 197.350] Building CXX object ps2xRuntime/CMakeFiles/ps2EntryRunner.dir/Unity/unity_120_cxx.cxx.o
[409/535 197.767] Building CXX object ps2xRuntime/CMakeFiles/ps2EntryRunner.dir/Unity/unity_119_cxx.cxx.o
[410/535 198.074] Building CXX object ps2xRuntime/CMakeFiles/ps2EntryRunner.dir/Unity/unity_118_cxx.cxx.o
[411/535 198.943] Building CXX object ps2xRuntime/CMakeFiles/ps2EntryRunner.dir/Unity/unity_124_cxx.cxx.o
[412/535 199.190] Building CXX object ps2xRuntime/CMakeFiles/ps2EntryRunner.dir/Unity/unity_116_cxx.cxx.o
[413/535 199.215] Building CXX object ps2xRuntime/CMakeFiles/ps2EntryRunner.dir/Unity/unity_117_cxx.cxx.o
[414/535 199.276] Building CXX object ps2xRuntime/CMakeFiles/ps2EntryRunner.dir/Unity/unity_115_cxx.cxx.o
[415/535 200.372] Building CXX object ps2xRuntime/CMakeFiles/ps2EntryRunner.dir/Unity/unity_114_cxx.cxx.o
[416/535 200.389] Building CXX object ps2xRuntime/CMakeFiles/ps2EntryRunner.dir/Unity/unity_113_cxx.cxx.o
[417/535 200.745] Building CXX object ps2xRuntime/CMakeFiles/ps2EntryRunner.dir/Unity/unity_112_cxx.cxx.o
[418/535 200.747] Building CXX object ps2xRuntime/CMakeFiles/ps2EntryRunner.dir/Unity/unity_111_cxx.cxx.o
[419/535 201.836] Building CXX object ps2xRuntime/CMakeFiles/ps2EntryRunner.dir/Unity/unity_110_cxx.cxx.o
[420/535 201.898] Building CXX object ps2xRuntime/CMakeFiles/ps2EntryRunner.dir/Unity/unity_109_cxx.cxx.o
[421/535 202.133] Building CXX object ps2xRuntime/CMakeFiles/ps2EntryRunner.dir/Unity/unity_107_cxx.cxx.o
[422/535 202.186] Building CXX object ps2xRuntime/CMakeFiles/ps2EntryRunner.dir/Unity/unity_108_cxx.cxx.o
[423/535 203.302] Building CXX object ps2xRuntime/CMakeFiles/ps2EntryRunner.dir/Unity/unity_106_cxx.cxx.o
[424/535 203.487] Building CXX object ps2xRuntime/CMakeFiles/ps2EntryRunner.dir/Unity/unity_104_cxx.cxx.o
[425/535 203.974] Building CXX object ps2xRuntime/CMakeFiles/ps2EntryRunner.dir/Unity/unity_103_cxx.cxx.o
[426/535 204.063] Building CXX object ps2xRuntime/CMakeFiles/ps2EntryRunner.dir/Unity/unity_105_cxx.cxx.o
[427/535 205.273] Building CXX object ps2xRuntime/CMakeFiles/ps2EntryRunner.dir/Unity/unity_102_cxx.cxx.o
[428/535 205.857] Building CXX object ps2xRuntime/CMakeFiles/ps2EntryRunner.dir/Unity/unity_100_cxx.cxx.o
[429/535 205.923] Building CXX object ps2xRuntime/CMakeFiles/ps2EntryRunner.dir/Unity/unity_99_cxx.cxx.o
[430/535 206.380] Building CXX object ps2xRuntime/CMakeFiles/ps2EntryRunner.dir/Unity/unity_101_cxx.cxx.o
[431/535 206.402] Building CXX object ps2xRuntime/CMakeFiles/ps2EntryRunner.dir/Unity/unity_98_cxx.cxx.o
[432/535 206.939] Building CXX object ps2xRuntime/CMakeFiles/ps2EntryRunner.dir/Unity/unity_95_cxx.cxx.o
[433/535 208.284] Building CXX object ps2xRuntime/CMakeFiles/ps2EntryRunner.dir/Unity/unity_97_cxx.cxx.o
[434/535 208.525] Building CXX object ps2xRuntime/CMakeFiles/ps2EntryRunner.dir/Unity/unity_94_cxx.cxx.o
[435/535 208.626] Building CXX object ps2xRuntime/CMakeFiles/ps2EntryRunner.dir/Unity/unity_96_cxx.cxx.o
[436/535 209.850] Building CXX object ps2xRuntime/CMakeFiles/ps2EntryRunner.dir/Unity/unity_92_cxx.cxx.o
[437/535 210.286] Building CXX object ps2xRuntime/CMakeFiles/ps2EntryRunner.dir/Unity/unity_91_cxx.cxx.o
[438/535 211.172] Building CXX object ps2xRuntime/CMakeFiles/ps2EntryRunner.dir/Unity/unity_90_cxx.cxx.o
[439/535 212.643] Building CXX object ps2xRuntime/CMakeFiles/ps2EntryRunner.dir/Unity/unity_87_cxx.cxx.o
[440/535 213.218] Building CXX object ps2xRuntime/CMakeFiles/ps2EntryRunner.dir/Unity/unity_93_cxx.cxx.o
[441/535 213.446] Building CXX object ps2xRuntime/CMakeFiles/ps2EntryRunner.dir/Unity/unity_89_cxx.cxx.o
[442/535 216.615] Building CXX object ps2xRuntime/CMakeFiles/ps2EntryRunner.dir/Unity/unity_84_cxx.cxx.o
[443/535 216.758] Building CXX object ps2xRuntime/CMakeFiles/ps2EntryRunner.dir/Unity/unity_86_cxx.cxx.o
[444/535 216.816] Building CXX object ps2xRuntime/CMakeFiles/ps2EntryRunner.dir/Unity/unity_88_cxx.cxx.o
[445/535 217.448] Building CXX object ps2xRuntime/CMakeFiles/ps2EntryRunner.dir/Unity/unity_85_cxx.cxx.o
[446/535 219.871] Building CXX object ps2xRuntime/CMakeFiles/ps2EntryRunner.dir/Unity/unity_82_cxx.cxx.o
[447/535 219.944] Building CXX object ps2xRuntime/CMakeFiles/ps2EntryRunner.dir/Unity/unity_80_cxx.cxx.o
[448/535 221.464] Building CXX object ps2xRuntime/CMakeFiles/ps2EntryRunner.dir/Unity/unity_83_cxx.cxx.o
In file included from /tmp/t12-link/runtime/ps2xRuntime/CMakeFiles/ps2EntryRunner.dir/Unity/unity_83_cxx.cxx:46:
/Volumes/Extreme SSD/ps2recomp-spike/PS2Recomp/ps2xRuntime/src/runner/sub_0022A830_0x22a830.cpp:550:34: warning: array index 27 is past the end of the array (that has type 'uint16_t[16]' (aka 'unsigned short[16]')) [-Warray-bounds]
  550 |     {     uint16_t instr_index = ctx->vi[27] & 0x1FF;     uint32_t target_byte_addr = (uint32_t)instr_index << 3;     ctx->vu0_pc = target_byte_addr;     runtime->vu0StartMicroProgram(rdram, ctx, target_byte_addr); }
      |                                  ^       ~~
/Volumes/Extreme SSD/ps2recomp-spike/PS2Recomp/ps2xRuntime/include/ps2_runtime.h:72:5: note: array 'vi' declared here
   72 |     uint16_t vi[16];          // VU0 vector integer registers
      |     ^
1 warning generated.
[449/535 224.147] Building CXX object ps2xRuntime/CMakeFiles/ps2EntryRunner.dir/Unity/unity_81_cxx.cxx.o
[450/535 224.297] Building CXX object ps2xRuntime/CMakeFiles/ps2EntryRunner.dir/Unity/unity_79_cxx.cxx.o
[451/535 226.456] Building CXX object ps2xRuntime/CMakeFiles/ps2EntryRunner.dir/Unity/unity_77_cxx.cxx.o
[452/535 232.209] Building CXX object ps2xRuntime/CMakeFiles/ps2EntryRunner.dir/Unity/unity_74_cxx.cxx.o
[453/535 234.996] Building CXX object ps2xRuntime/CMakeFiles/ps2EntryRunner.dir/Unity/unity_76_cxx.cxx.o
[454/535 236.240] Building CXX object ps2xRuntime/CMakeFiles/ps2EntryRunner.dir/Unity/unity_72_cxx.cxx.o
[455/535 236.638] Building CXX object ps2xRuntime/CMakeFiles/ps2EntryRunner.dir/Unity/unity_75_cxx.cxx.o
[456/535 236.948] Building CXX object ps2xRuntime/CMakeFiles/ps2EntryRunner.dir/Unity/unity_78_cxx.cxx.o
[457/535 237.118] Building CXX object ps2xRuntime/CMakeFiles/ps2EntryRunner.dir/Unity/unity_71_cxx.cxx.o
[458/535 238.445] Building CXX object ps2xRuntime/CMakeFiles/ps2EntryRunner.dir/Unity/unity_70_cxx.cxx.o
[459/535 239.216] Building CXX object ps2xRuntime/CMakeFiles/ps2EntryRunner.dir/Unity/unity_68_cxx.cxx.o
[460/535 241.283] Building CXX object ps2xRuntime/CMakeFiles/ps2EntryRunner.dir/Unity/unity_69_cxx.cxx.o
[461/535 242.448] Building CXX object ps2xRuntime/CMakeFiles/ps2EntryRunner.dir/Unity/unity_66_cxx.cxx.o
[462/535 245.169] Building CXX object ps2xRuntime/CMakeFiles/ps2EntryRunner.dir/Unity/unity_64_cxx.cxx.o
[463/535 245.712] Building CXX object ps2xRuntime/CMakeFiles/ps2EntryRunner.dir/Unity/unity_67_cxx.cxx.o
[464/535 246.277] Building CXX object ps2xRuntime/CMakeFiles/ps2EntryRunner.dir/Unity/unity_65_cxx.cxx.o
[465/535 249.090] Building CXX object ps2xRuntime/CMakeFiles/ps2EntryRunner.dir/Unity/unity_63_cxx.cxx.o
[466/535 249.476] Building CXX object ps2xRuntime/CMakeFiles/ps2EntryRunner.dir/Unity/unity_62_cxx.cxx.o
[467/535 251.216] Building CXX object ps2xRuntime/CMakeFiles/ps2EntryRunner.dir/Unity/unity_59_cxx.cxx.o
[468/535 251.917] Building CXX object ps2xRuntime/CMakeFiles/ps2EntryRunner.dir/Unity/unity_60_cxx.cxx.o
[469/535 252.271] Building CXX object ps2xRuntime/CMakeFiles/ps2EntryRunner.dir/Unity/unity_61_cxx.cxx.o
[470/535 253.847] Building CXX object ps2xRuntime/CMakeFiles/ps2EntryRunner.dir/Unity/unity_58_cxx.cxx.o
[471/535 255.372] Building CXX object ps2xRuntime/CMakeFiles/ps2EntryRunner.dir/Unity/unity_57_cxx.cxx.o
[472/535 256.341] Building CXX object ps2xRuntime/CMakeFiles/ps2EntryRunner.dir/Unity/unity_56_cxx.cxx.o
[473/535 258.414] Building CXX object ps2xRuntime/CMakeFiles/ps2EntryRunner.dir/Unity/unity_54_cxx.cxx.o
[474/535 258.483] Building CXX object ps2xRuntime/CMakeFiles/ps2EntryRunner.dir/Unity/unity_55_cxx.cxx.o
[475/535 258.969] Building CXX object ps2xRuntime/CMakeFiles/ps2EntryRunner.dir/Unity/unity_53_cxx.cxx.o
[476/535 261.384] Building CXX object ps2xRuntime/CMakeFiles/ps2EntryRunner.dir/Unity/unity_50_cxx.cxx.o
[477/535 262.164] Building CXX object ps2xRuntime/CMakeFiles/ps2EntryRunner.dir/Unity/unity_51_cxx.cxx.o
[478/535 262.195] Building CXX object ps2xRuntime/CMakeFiles/ps2EntryRunner.dir/Unity/unity_52_cxx.cxx.o
[479/535 263.364] Building CXX object ps2xRuntime/CMakeFiles/ps2EntryRunner.dir/Unity/unity_49_cxx.cxx.o
[480/535 266.127] Building CXX object ps2xRuntime/CMakeFiles/ps2EntryRunner.dir/Unity/unity_48_cxx.cxx.o
[481/535 266.960] Building CXX object ps2xRuntime/CMakeFiles/ps2EntryRunner.dir/Unity/unity_47_cxx.cxx.o
[482/535 268.284] Building CXX object ps2xRuntime/CMakeFiles/ps2EntryRunner.dir/Unity/unity_46_cxx.cxx.o
[483/535 269.075] Building CXX object ps2xRuntime/CMakeFiles/ps2EntryRunner.dir/Unity/unity_73_cxx.cxx.o
[484/535 273.339] Building CXX object ps2xRuntime/CMakeFiles/ps2EntryRunner.dir/Unity/unity_43_cxx.cxx.o
[485/535 273.998] Building CXX object ps2xRuntime/CMakeFiles/ps2EntryRunner.dir/Unity/unity_44_cxx.cxx.o
[486/535 275.144] Building CXX object ps2xRuntime/CMakeFiles/ps2EntryRunner.dir/Unity/unity_40_cxx.cxx.o
[487/535 277.511] Building CXX object ps2xRuntime/CMakeFiles/ps2EntryRunner.dir/Unity/unity_42_cxx.cxx.o
[488/535 280.881] Building CXX object ps2xRuntime/CMakeFiles/ps2EntryRunner.dir/Unity/unity_45_cxx.cxx.o
[489/535 280.900] Building CXX object ps2xRuntime/CMakeFiles/ps2EntryRunner.dir/Unity/unity_39_cxx.cxx.o
[490/535 282.677] Building CXX object ps2xRuntime/CMakeFiles/ps2EntryRunner.dir/Unity/unity_41_cxx.cxx.o
[491/535 282.994] Building CXX object ps2xRuntime/CMakeFiles/ps2EntryRunner.dir/Unity/unity_38_cxx.cxx.o
[492/535 283.363] Building CXX object ps2xRuntime/CMakeFiles/ps2EntryRunner.dir/Unity/unity_36_cxx.cxx.o
[493/535 284.387] Building CXX object ps2xRuntime/CMakeFiles/ps2EntryRunner.dir/Unity/unity_34_cxx.cxx.o
[494/535 284.458] Building CXX object ps2xRuntime/CMakeFiles/ps2EntryRunner.dir/Unity/unity_33_cxx.cxx.o
[495/535 284.504] Building CXX object ps2xRuntime/CMakeFiles/ps2EntryRunner.dir/Unity/unity_35_cxx.cxx.o
[496/535 285.184] Building CXX object ps2xRuntime/CMakeFiles/ps2EntryRunner.dir/Unity/unity_37_cxx.cxx.o
[497/535 285.756] Building CXX object ps2xRuntime/CMakeFiles/ps2EntryRunner.dir/Unity/unity_30_cxx.cxx.o
[498/535 285.833] Building CXX object ps2xRuntime/CMakeFiles/ps2EntryRunner.dir/Unity/unity_32_cxx.cxx.o
[499/535 285.841] Building CXX object ps2xRuntime/CMakeFiles/ps2EntryRunner.dir/Unity/unity_31_cxx.cxx.o
[500/535 287.024] Building CXX object ps2xRuntime/CMakeFiles/ps2EntryRunner.dir/Unity/unity_29_cxx.cxx.o
[501/535 287.174] Building CXX object ps2xRuntime/CMakeFiles/ps2EntryRunner.dir/Unity/unity_28_cxx.cxx.o
[502/535 287.520] Building CXX object ps2xRuntime/CMakeFiles/ps2EntryRunner.dir/Unity/unity_26_cxx.cxx.o
[503/535 287.741] Building CXX object ps2xRuntime/CMakeFiles/ps2EntryRunner.dir/Unity/unity_27_cxx.cxx.o
[504/535 288.691] Building CXX object ps2xRuntime/CMakeFiles/ps2EntryRunner.dir/Unity/unity_23_cxx.cxx.o
[505/535 288.723] Building CXX object ps2xRuntime/CMakeFiles/ps2EntryRunner.dir/Unity/unity_24_cxx.cxx.o
[506/535 289.246] Building CXX object ps2xRuntime/CMakeFiles/ps2EntryRunner.dir/Unity/unity_22_cxx.cxx.o
[507/535 289.599] Building CXX object ps2xRuntime/CMakeFiles/ps2EntryRunner.dir/Unity/unity_25_cxx.cxx.o
[508/535 289.602] Building CXX object ps2xRuntime/CMakeFiles/ps2EntryRunner.dir/Unity/unity_21_cxx.cxx.o
[509/535 291.156] Building CXX object ps2xRuntime/CMakeFiles/ps2EntryRunner.dir/Unity/unity_19_cxx.cxx.o
[510/535 293.927] Building CXX object ps2xRuntime/CMakeFiles/ps2EntryRunner.dir/Unity/unity_17_cxx.cxx.o
[511/535 294.616] Building CXX object ps2xRuntime/CMakeFiles/ps2EntryRunner.dir/Unity/unity_16_cxx.cxx.o
[512/535 295.114] Building CXX object ps2xRuntime/CMakeFiles/ps2EntryRunner.dir/Unity/unity_20_cxx.cxx.o
[513/535 296.268] Building CXX object ps2xRuntime/CMakeFiles/ps2EntryRunner.dir/Unity/unity_15_cxx.cxx.o
[514/535 297.101] Building CXX object ps2xRuntime/CMakeFiles/ps2EntryRunner.dir/Unity/unity_13_cxx.cxx.o
[515/535 297.841] Building CXX object ps2xRuntime/CMakeFiles/ps2EntryRunner.dir/Unity/unity_14_cxx.cxx.o
[516/535 298.213] Building CXX object ps2xRuntime/CMakeFiles/ps2EntryRunner.dir/Unity/unity_18_cxx.cxx.o
[517/535 300.848] Building CXX object ps2xRuntime/CMakeFiles/ps2EntryRunner.dir/Unity/unity_10_cxx.cxx.o
[518/535 301.645] Building CXX object ps2xRuntime/CMakeFiles/ps2EntryRunner.dir/Unity/unity_11_cxx.cxx.o
In file included from /tmp/t12-link/runtime/ps2xRuntime/CMakeFiles/ps2EntryRunner.dir/Unity/unity_11_cxx.cxx:10:
/Volumes/Extreme SSD/ps2recomp-spike/PS2Recomp/ps2xRuntime/src/runner/sub_00122278_0x122278.cpp:786:34: warning: array index 27 is past the end of the array (that has type 'uint16_t[16]' (aka 'unsigned short[16]')) [-Warray-bounds]
  786 |     {     uint16_t instr_index = ctx->vi[27] & 0x1FF;     uint32_t target_byte_addr = (uint32_t)instr_index << 3;     ctx->vu0_pc = target_byte_addr;     runtime->vu0StartMicroProgram(rdram, ctx, target_byte_addr); }
      |                                  ^       ~~
/Volumes/Extreme SSD/ps2recomp-spike/PS2Recomp/ps2xRuntime/include/ps2_runtime.h:72:5: note: array 'vi' declared here
   72 |     uint16_t vi[16];          // VU0 vector integer registers
      |     ^
1 warning generated.
[519/535 301.963] Building CXX object ps2xRuntime/CMakeFiles/ps2EntryRunner.dir/Unity/unity_8_cxx.cxx.o
[520/535 302.728] Building CXX object ps2xRuntime/CMakeFiles/ps2EntryRunner.dir/Unity/unity_12_cxx.cxx.o
[521/535 303.572] Building CXX object ps2xRuntime/CMakeFiles/ps2EntryRunner.dir/Unity/unity_9_cxx.cxx.o
[522/535 303.823] Building CXX object ps2xRuntime/CMakeFiles/ps2EntryRunner.dir/Unity/unity_7_cxx.cxx.o
[523/535 305.132] Building CXX object ps2xRuntime/CMakeFiles/ps2EntryRunner.dir/Unity/unity_6_cxx.cxx.o
[524/535 305.392] Building CXX object ps2xRuntime/CMakeFiles/ps2EntryRunner.dir/Unity/unity_5_cxx.cxx.o
[525/535 306.478] Building CXX object ps2xRuntime/CMakeFiles/ps2EntryRunner.dir/Unity/unity_3_cxx.cxx.o
[526/535 306.878] Building CXX object ps2xRuntime/CMakeFiles/ps2EntryRunner.dir/Unity/unity_1_cxx.cxx.o
[527/535 308.032] Building CXX object ps2xRuntime/CMakeFiles/ps2EntryRunner.dir/Unity/unity_4_cxx.cxx.o
[528/535 308.248] Linking CXX static library ps2xTest/libps2_test_lib.a
[529/535 308.500] Building CXX object ps2xTest/CMakeFiles/ps2_test_function_table.dir/src/test_function_table.cpp.o
[530/535 308.982] Building CXX object ps2xTest/CMakeFiles/ps2x_tests.dir/src/main.cpp.o
[531/535 318.714] Building CXX object ps2xRuntime/CMakeFiles/ps2EntryRunner.dir/Unity/unity_2_cxx.cxx.o
[532/535 319.474] Building CXX object ps2xRuntime/CMakeFiles/ps2EntryRunner.dir/Unity/unity_0_cxx.cxx.o
[533/535 319.690] Linking CXX executable ps2xTest/ps2x_tests
ld: warning: ignoring duplicate libraries: 'ps2xRecomp/libps2_recomp_lib.a'
[534/535 710.034] Linking CXX executable ps2xRuntime/ps2EntryRunner
