REF_CHECK:mean=0.0000 p99=0 max=0 npix=224000 mode=PPM
REFMENU_CHECK:mean=0.0000 p99=0 max=0 npix=1310720 mode=PPM
REFSC_CHECK:mean=0.0000 p99=0 max=0 npix=1310720 mode=PPM
REFZC_CHECK:mean=0.0000 p99=0 max=0 npix=1310720 mode=PPM
REFSP_CHECK:mean=0.0000 p99=0 max=0 npix=1310720 mode=PPM
REFSM_CHECK:mean=0.0000 p99=0 max=0 npix=1310720 mode=PPM
REFSE_CHECK:mean=0.0000 p99=0 max=0 npix=1310720 mode=PPM
REFSETAG_CHECK:mean=0.0000 p99=0 max=0 npix=10150 mode=PPM
REFMR_CHECK:mean=0.0000 p99=0 max=0 npix=1310720 mode=PPM
REFPP_CHECK:mean=0.0000 p99=0 max=0 npix=1310720 mode=PPM
SELF_TEST mean=0.0000 p99=0
SELF_WHOLE=0.0000
SELF_MENU mean=0.0000 p99=0
SELF_SC mean=0.0000 p99=0
SELF_ZC mean=0.0000 p99=0
SELF_SP mean=0.0000 p99=0
SELF_SM mean=0.0000 p99=0
SELF_SE mean=0.0000 p99=0
SELF_SETAG mean=0.0000 p99=0
SELF_MR mean=0.0000 p99=0
SELF_PP mean=0.0000 p99=0
START_SCORE mean=14.3103 p99=142 MENU_T+:100
ATTEMPT_1 BEGIN MENU_T+:100
ATTEMPT_1 now score mean=16.6702 p99=122
ATTEMPT_1 on attract (non-title) -> Cross attract-skip
A1_CROSS_KEYDOWN_WALL:1790038864.771066339 UPTIME:377 MENU_T+:100
A1_CROSS_HELD_WALL:1790038864.789336052 UPTIME:377
A1_CROSS_KEYUP_WALL:1790038865.306391907 UPTIME:377 MENU_T+:101
ATTEMPT_1 poll01 score mean=0.4331 p99=6 MENU_T+:104
ATTEMPT_1 TITLE-DETECTED at poll01
A1_START_KEYDOWN_WALL:1790038868.019702670 UPTIME:380 MENU_T+:104
A1_START_HELD_WALL:1790038868.037834783 UPTIME:380
A1_START_KEYUP_WALL:1790038868.554399897 UPTIME:380 MENU_T+:104
ATTEMPT_1 post+3 score mean=16.2540 p99=139 MENU_T+:108
ATTEMPT_1 post+8 score mean=16.2955 p99=139
ATTEMPT_1 post+15 score mean=16.2610 p99=139
ATTEMPT_1 post+25 score mean=16.2610 p99=139
ATTEMPT_1 whole815=0.0389 whole1525=0.0167
ATTEMPT_1 post25-vs-menu mean=0.3002 p99=5
ATTEMPT_1 MENU-LIKE (non-title + static) -> park for menu Cross
MENUPRE vs-menu mean=0.2875 p99=5 MENU_T+:143
MENUPRE vs-title mean=16.2610 p99=139
MENU_CROSS_KEYDOWN_WALL:1790038908.463897206 UPTIME:419 MENU_T+:144
MENU_CROSS_HELD_WALL:1790038908.481065972 UPTIME:419
MENU_CROSS_KEYUP_WALL:1790038908.997577794 UPTIME:420 MENU_T+:144
MC post+1 titleband mean=12.5598 p99=164 vs-menu mean=10.2111 p99=105 vs-sc mean=0.4352 p99=7 MENU_T+:148
MC post+3 titleband mean=12.5639 p99=164 vs-menu mean=10.2299 p99=107 vs-sc mean=0.4513 p99=7
MC post+8 titleband mean=12.5352 p99=164 vs-menu mean=10.2114 p99=105 vs-sc mean=0.4673 p99=7
MC post+15 titleband mean=12.5352 p99=164 vs-menu mean=10.1938 p99=105 vs-sc mean=0.5395 p99=8
MC hops whole: pre-post1=10.1148 p1-p3=0.1099 p3-p8=0.1534 p8-p15=0.1375
SC-LIKE (non-menu + static) -> park for Zoe Cross
SCPRE vs-sc mean=0.5309 p99=8 MENU_T+:182
SCPRE vs-menu mean=10.2137 p99=106
SCPRE vs-title mean=12.5510 p99=164
ZOE_CROSS_KEYDOWN_WALL:1790038948.386994982 UPTIME:458 MENU_T+:184
ZOE_CROSS_HELD_WALL:1790038948.405130361 UPTIME:458
ZOE_CROSS_KEYUP_WALL:1790038948.921733390 UPTIME:459 MENU_T+:184
ZC post+1 titleband mean=15.8403 p99=128 vs-sc mean=7.2117 p99=100 vs-zc mean=0.5194 p99=9 MENU_T+:188
ZC post+3 titleband mean=15.8795 p99=128 vs-sc mean=7.2991 p99=101 vs-zc mean=0.4808 p99=9
ZC post+8 titleband mean=15.8687 p99=128 vs-sc mean=7.2547 p99=100 vs-zc mean=0.4253 p99=7
ZC hops whole: pre-post1=7.1811 p1-p3=0.3038 p3-p8=0.1377
ZC-LIKE (departed + non-SC + static) -> park for Continue Cross
CCPRE vs-zc mean=0.4805 p99=8 MENU_T+:211
CCPRE vs-sc mean=7.2284 p99=100
CCPRE vs-title mean=15.8536 p99=128
CONT_CROSS_KEYDOWN_WALL:1790038977.344388645 UPTIME:487 MENU_T+:213
CONT_CROSS_HELD_WALL:1790038977.362494349 UPTIME:487
CONT_CROSS_KEYUP_WALL:1790038977.879342136 UPTIME:487 MENU_T+:213
SP post+1 titleband mean=23.1279 p99=171 vs-zc mean=9.4788 p99=154 vs-sp mean=0.3882 p99=6 MENU_T+:217
SP post+3 titleband mean=23.1279 p99=171 vs-zc mean=9.4564 p99=154 vs-sp mean=0.3583 p99=5
SP post+8 titleband mean=23.1160 p99=171 vs-zc mean=9.4722 p99=154 vs-sp mean=0.3787 p99=6
SP hops whole: pre-post1=9.3930 p1-p3=0.0386 p3-p8=0.0296
SP-LIKE (departed + non-ZC + static) -> park for Peak Cross
SPPRE vs-sp mean=0.3600 p99=5 MENU_T+:240
SPPRE vs-zc mean=9.4584 p99=154
SPPRE vs-title mean=23.1279 p99=171
PEAK_CROSS_KEYDOWN_WALL:1790039005.659846157 UPTIME:515 MENU_T+:241
PEAK_CROSS_HELD_WALL:1790039005.676973516 UPTIME:515
PEAK_CROSS_KEYUP_WALL:1790039006.193284351 UPTIME:515 MENU_T+:242
PC post+1 titleband mean=26.3214 p99=183 vs-sp mean=5.3476 p99=121 vs-sm mean=0.3884 p99=6 MENU_T+:246
PC post+3 titleband mean=26.3171 p99=183 vs-sp mean=5.3620 p99=121 vs-sm mean=0.4022 p99=6
PC post+8 titleband mean=26.3170 p99=183 vs-sp mean=5.3708 p99=121 vs-sm mean=0.4107 p99=6
PC hops whole: pre-post1=5.1578 p1-p3=0.0183 p3-p8=0.0421
SM-LIKE (departed + non-SP + static) -> park for Race Cross
SMPRE vs-sm mean=0.4011 p99=6 MENU_T+:268
SMPRE se-tag mean=14.3278 p99=89
SMPRE vs-sp mean=5.3608 p99=121
SMPRE vs-title mean=26.3170 p99=183
RACE_CROSS_KEYDOWN_WALL:1790039035.141589110 UPTIME:544 MENU_T+:271
RACE_CROSS_HELD_WALL:1790039035.159838816 UPTIME:544
RACE_CROSS_KEYUP_WALL:1790039035.676450056 UPTIME:544 MENU_T+:271
RC post+1 titleband mean=26.2240 p99=183 vs-sm mean=0.8309 p99=12 se-tag mean=2.6408 p99=11 MENU_T+:274
RC post+3 titleband mean=26.2113 p99=183 vs-sm mean=0.8229 p99=12 se-tag mean=2.6271 p99=11
RC post+8 titleband mean=26.2115 p99=183 vs-sm mean=0.8074 p99=11 se-tag mean=2.6271 p99=11 vs-sp mean=5.4475 p99=121 vs-se mean=0.4034 p99=6
RC hops whole: pre-post1=0.4974 p1-p3=0.0417 p3-p8=0.0192
SE-LIKE (static + non-SP + se-tag) -> park for SnowJam Cross
SEPRE se-tag mean=2.6420 p99=11 MENU_T+:299
SEPRE vs-se mean=0.4296 p99=6
SEPRE vs-sm mean=0.8315 p99=12
SEPRE vs-sp mean=5.4743 p99=121
SEPRE vs-title mean=26.2278 p99=183
SNOWJAM_CROSS_KEYDOWN_WALL:1790039066.463981991 UPTIME:574 MENU_T+:302
SNOWJAM_CROSS_HELD_WALL:1790039066.482492801 UPTIME:574
SNOWJAM_CROSS_KEYUP_WALL:1790039066.998970683 UPTIME:575 MENU_T+:303
SJ post+1 titleband mean=9.8426 p99=136 vs-se mean=10.7052 p99=143 vs-mr mean=0.4695 p99=8 MENU_T+:306
SJ post+3 titleband mean=9.8895 p99=137 vs-se mean=10.6843 p99=143 vs-mr mean=0.4525 p99=8
SJ post+8 titleband mean=9.8393 p99=137 vs-se mean=10.6357 p99=143 vs-mr mean=0.4101 p99=7
SJ hops whole: pre-post1=10.6047 p1-p3=0.1478 p3-p8=0.0843
MR-LIKE (departed + non-SE + static) -> park for Enter Cross
MRPRE vs-mr mean=0.4573 p99=8 MENU_T+:329
MRPRE vs-se mean=10.6882 p99=143
MRPRE vs-title mean=9.8889 p99=137
ENTER_CROSS_KEYDOWN_WALL:1790039095.388448114 UPTIME:603 MENU_T+:331
ENTER_CROSS_HELD_WALL:1790039095.405604579 UPTIME:603
ENTER_CROSS_KEYUP_WALL:1790039095.921776466 UPTIME:603 MENU_T+:331
MR post+1 titleband mean=17.2808 p99=168 vs-mr mean=12.4898 p99=148 vs-pp mean=21.0617 p99=169 MENU_T+:335
MR post+3 titleband mean=18.0481 p99=172 vs-mr mean=12.6834 p99=150 vs-pp mean=21.0778 p99=169
MR post+8 titleband mean=26.9599 p99=237 vs-mr mean=20.0255 p99=198 vs-pp mean=19.2917 p99=190
MR post+15 titleband mean=34.5272 p99=184 vs-mr mean=19.4062 p99=153 vs-pp mean=0.9346 p99=16
MR post+25 titleband mean=34.5314 p99=184 vs-mr mean=19.6986 p99=154 vs-pp mean=0.7326 p99=10
MR post+40 titleband mean=34.5302 p99=184 vs-mr mean=19.4274 p99=154 vs-pp mean=0.9193 p99=15
MR hops whole: pre-post1=12.4937 p1-p3=2.0450 p3-p8=25.9627 p8-p15=19.2473 p15-p25=0.3476 p25-p40=0.3246
MR_STAB1 titleband mean=34.5322 p99=184 vs-mr mean=19.4440 p99=154 vs-pp mean=0.8997 p99=14 MENU_T+:412
MR_STAB2 titleband mean=34.5327 p99=184 vs-mr mean=19.5185 p99=154 vs-pp mean=0.8083 p99=10 MENU_T+:424
MR panel hops whole: post44-stab1=0.0358 stab1-stab2=0.1045
PP-LIKE (departed + static x3 + non-MR) -> park for X-Continue Cross
PPPRE vs-pp mean=0.6982 p99=10 MENU_T+:435
PPPRE vs-mr mean=19.6440 p99=154
PPPRE vs-title mean=34.5313 p99=184
XCROSS_KEYDOWN_WALL:1790039200.896367095 UPTIME:706 MENU_T+:436
XCROSS_HELD_WALL:1790039200.914718528 UPTIME:706
XCROSS_KEYUP_WALL:1790039201.431953771 UPTIME:707 MENU_T+:437
X post+1 titleband mean=19.1156 p99=156 vs-pp mean=14.6209 p99=153 MENU_T+:440
X post+3 titleband mean=26.2248 p99=137 vs-pp mean=15.6854 p99=146
X post+8 titleband mean=11.8280 p99=121 vs-pp mean=21.2650 p99=166
X post+15 titleband mean=16.2257 p99=138 vs-pp mean=25.3060 p99=186
X post+25 titleband mean=13.3622 p99=150 vs-pp mean=22.2310 p99=172
X post+40 titleband mean=18.3343 p99=126 vs-pp mean=19.0752 p99=158
X hops whole: pre-post1=14.6955 p1-p3=13.1878 p3-p8=14.4710 p8-p15=9.5225 p15-p25=11.4961 p25-p40=10.9454
LIVE-LIKE (departed + non-panel + motion x2) -> blind pre-hold pair + hold + blind dense series
NPRE1_SNAPSTART_WALL:1790039268.301412613 UPTIME:772 MENU_T+:504
NPRE1_SNAPEND_WALL:1790039268.373914679 UPTIME:772 MENU_T+:504
NPRE2_SNAPSTART_WALL:1790039268.877984011 UPTIME:773 MENU_T+:504
NPRE2_SNAPEND_WALL:1790039268.950027308 UPTIME:773 MENU_T+:504
HOLD_LEFT_KEYDOWN_WALL:1790039268.952742817 UPTIME:773 MENU_T+:504
HOLD_LEFT_HELD_WALL:1790039268.971762334 UPTIME:773
HOLD_LEFT_KEYUP_WALL:1790039270.635602907 UPTIME:774 MENU_T+:506
D_POST1_SNAPSTART_WALL:1790039271.139881689 UPTIME:775 MENU_T+:507
D_POST1_SNAPEND_WALL:1790039271.208701259 UPTIME:775 MENU_T+:507
D_POST2_SNAPSTART_WALL:1790039271.712413294 UPTIME:775 MENU_T+:507
D_POST2_SNAPEND_WALL:1790039271.783306693 UPTIME:775 MENU_T+:507
D_POST3_SNAPSTART_WALL:1790039272.287306697 UPTIME:776 MENU_T+:508
D_POST3_SNAPEND_WALL:1790039272.354621555 UPTIME:776 MENU_T+:508
D_POST4_SNAPSTART_WALL:1790039272.858062725 UPTIME:776 MENU_T+:508
D_POST4_SNAPEND_WALL:1790039272.925142206 UPTIME:776 MENU_T+:508
D_POST5_SNAPSTART_WALL:1790039273.429130582 UPTIME:777 MENU_T+:509
D_POST5_SNAPEND_WALL:1790039273.497099560 UPTIME:777 MENU_T+:509
D_POST6_SNAPSTART_WALL:1790039274.000765621 UPTIME:777 MENU_T+:510
D_POST6_SNAPEND_WALL:1790039274.068904078 UPTIME:778 MENU_T+:510
D_POST7_SNAPSTART_WALL:1790039274.572807756 UPTIME:778 MENU_T+:510
D_POST7_SNAPEND_WALL:1790039274.641396679 UPTIME:778 MENU_T+:510
D_POST8_SNAPSTART_WALL:1790039275.145094174 UPTIME:779 MENU_T+:511
D_POST8_SNAPEND_WALL:1790039275.216881255 UPTIME:779 MENU_T+:511
D_POST9_SNAPSTART_WALL:1790039275.720655601 UPTIME:779 MENU_T+:511
D_POST9_SNAPEND_WALL:1790039275.789402886 UPTIME:779 MENU_T+:511
D_POST10_SNAPSTART_WALL:1790039276.292908628 UPTIME:780 MENU_T+:512
D_POST10_SNAPEND_WALL:1790039276.364460008 UPTIME:780 MENU_T+:512
DENSE-BLIND-COMPLETE (12 blind snaps; post-hoc scoring only)
