[    0.0323] Program Path: /home/brad/pcsx2-t4/pcsx2/build/bin/pcsx2-qt
[    0.0324] AppRoot Directory: /home/brad/pcsx2-t4/pcsx2/build/bin
[    0.0324] Resources Directory: /home/brad/pcsx2-t4/pcsx2/build/bin/resources
[    0.0324] DataRoot Directory: /home/brad/pcsx2-t4/dat/PCSX2
[    0.0324] Loading config from /home/brad/pcsx2-t4/dat/PCSX2/inis/PCSX2.ini.
[    0.0325] Loading secrets from /home/brad/pcsx2-t4/dat/PCSX2/inis/secrets.ini.
[    0.0328] BIOS Directory: /home/brad/pcsx2-t4/dat/PCSX2/bios
[    0.0328] Snapshots Directory: /home/brad/pcsx2-t4/dat/PCSX2/snaps
[    0.0328] Savestates Directory: /home/brad/pcsx2-t4/dat/PCSX2/sstates
[    0.0328] MemoryCards Directory: /home/brad/pcsx2-t4/dat/PCSX2/memcards
[    0.0328] Logs Directory: /home/brad/pcsx2-t4/dat/PCSX2/logs
[    0.0328] Cheats Directory: /home/brad/pcsx2-t4/dat/PCSX2/cheats
[    0.0328] Patches Directory: /home/brad/pcsx2-t4/dat/PCSX2/patches
[    0.0328] Covers Directory: /home/brad/pcsx2-t4/dat/PCSX2/covers
[    0.0328] Game Settings Directory: /home/brad/pcsx2-t4/dat/PCSX2/gamesettings
[    0.0328] Resources Directory: /home/brad/pcsx2-t4/pcsx2/build/bin/resources
[    0.0328] User Resources Directory: /home/brad/pcsx2-t4/dat/PCSX2/resources
[    0.0328] Cache Directory: /home/brad/pcsx2-t4/dat/PCSX2/cache
[    0.0328] Textures Directory: /home/brad/pcsx2-t4/dat/PCSX2/textures
[    0.0328] Input Profile Directory: /home/brad/pcsx2-t4/dat/PCSX2/inputprofiles
[    0.0328] Video Dumping Directory: /home/brad/pcsx2-t4/dat/PCSX2/videos
[    0.0328] Debugger Layouts Directory: /home/brad/pcsx2-t4/dat/PCSX2/inis/debuggerlayouts
[    0.0328] Debugger Settings Directory: /home/brad/pcsx2-t4/dat/PCSX2/inis/debuggersettings
[    0.0328] Couldn't find translation for system language C, using en instead
[    0.0332] Loaded translation file for language en-US
[    0.0589] PCSX2 v2.9.75
[    0.0589] Savestate version: 0x9a590000
[    0.0589] 
[    0.0589] 
[    0.0589] Host Machine Init:
[    0.0589]   Operating System = Ubuntu 24.04
[    0.0589]   Available RAM    = 9242 MB (9.03 GB)
[    0.0589]   Physical RAM     = 9946 MB (9.71 GB)
[    0.0589] 
[    0.0589]   Processor        = Intel 13th Gen Core i5-13600K
[    0.0589]   Core Count       = 10 cores
[    0.0589]   Thread Count     = 20 threads
[    0.0589]   Cluster Count    = 1 clusters
[    0.0590] CPU Extensions Detected:
[    0.0590]   AVX AVX2
[    0.0590] 
[    0.0590] Allocating host memory for virtual systems...
[    0.0596]   EE Main Memory                   @ 0x00007F019F200000 -> 0x00007F01A8100000 [143mb]
[    0.0596]   IOP Main Memory                  @ 0x00007F01A8100000 -> 0x00007F01B0200000 [129mb]
[    0.0596]   VU0/1 On-Chip Memory             @ 0x00007F01B0200000 -> 0x00007F01B0300000 [1mb]
[    0.0596]   VTLB Virtual Map                 @ 0x00007F01B0300000 -> 0x00007F01B0B00000 [8mb]
[    0.0596]   VTLB Address Map                 @ 0x00007F01B0B00000 -> 0x00007F01B0F00000 [4mb]
[    0.0596]   R5900 Recompiler Cache           @ 0x00007F01B0F00000 -> 0x00007F01B4F00000 [64mb]
[    0.0596]   R3000A Recompiler Cache          @ 0x00007F01B4F00000 -> 0x00007F01B6F00000 [32mb]
[    0.0596]   Micro VU0 Recompiler Cache       @ 0x00007F01B7F00000 -> 0x00007F01BBF00000 [64mb]
[    0.0596]   Micro VU1 Recompiler Cache       @ 0x00007F01BBF00000 -> 0x00007F01BFF00000 [64mb]
[    0.0596]   VIF0 Unpack Recompiler Cache     @ 0x00007F01B6F00000 -> 0x00007F01B7700000 [8mb]
[    0.0596]   VIF1 Unpack Recompiler Cache     @ 0x00007F01B7700000 -> 0x00007F01B7F00000 [8mb]
[    0.0596]   VIF Unpack Recompiler Cache      @ 0x00007F01BFF00000 -> 0x00007F01C0000000 [1mb]
[    0.0596]   GS Software Renderer             @ 0x00007F01C0000000 -> 0x00007F01C4000000 [64mb]
[    0.0608] Fastmem area: 0x7f009f200000 - 0x7f019f1fffff
[    0.0610] Generating SSE-optimized unpacking functions for VIF interpreters...
[    0.0617] Unpack function generation complete.  Generated function statistics:
[    0.0617]   Reserved buffer    : 1048576 bytes @ 0x00007F01BFF00000
[    0.0617]   x86 code generated : 7422 bytes
[    0.0617] 
[    0.0618] SDLInputSource: Using Controller DB from resources.
[    0.0775] SDLInputSource: 765 gamepad mappings are loaded.
