[    0.0386] Program Path: /home/brad/pcsx2-t4/pcsx2/build/bin/pcsx2-qt
[    0.0386] AppRoot Directory: /home/brad/pcsx2-t4/pcsx2/build/bin
[    0.0386] Resources Directory: /home/brad/pcsx2-t4/pcsx2/build/bin/resources
[    0.0386] DataRoot Directory: /home/brad/pcsx2-t4/dat/PCSX2
[    0.0388] Loading config from /home/brad/pcsx2-t4/dat/PCSX2/inis/PCSX2.ini.
[    0.0393] Loading secrets from /home/brad/pcsx2-t4/dat/PCSX2/inis/secrets.ini.
[    0.0397] BIOS Directory: /home/brad/pcsx2-t4/dat/PCSX2/bios
[    0.0397] Snapshots Directory: /home/brad/pcsx2-t4/dat/PCSX2/snaps
[    0.0397] Savestates Directory: /home/brad/pcsx2-t4/dat/PCSX2/sstates
[    0.0397] MemoryCards Directory: /home/brad/pcsx2-t4/dat/PCSX2/memcards
[    0.0397] Logs Directory: /home/brad/pcsx2-t4/dat/PCSX2/logs
[    0.0397] Cheats Directory: /home/brad/pcsx2-t4/dat/PCSX2/cheats
[    0.0397] Patches Directory: /home/brad/pcsx2-t4/dat/PCSX2/patches
[    0.0397] Covers Directory: /home/brad/pcsx2-t4/dat/PCSX2/covers
[    0.0397] Game Settings Directory: /home/brad/pcsx2-t4/dat/PCSX2/gamesettings
[    0.0397] Resources Directory: /home/brad/pcsx2-t4/pcsx2/build/bin/resources
[    0.0397] User Resources Directory: /home/brad/pcsx2-t4/dat/PCSX2/resources
[    0.0397] Cache Directory: /home/brad/pcsx2-t4/dat/PCSX2/cache
[    0.0397] Textures Directory: /home/brad/pcsx2-t4/dat/PCSX2/textures
[    0.0397] Input Profile Directory: /home/brad/pcsx2-t4/dat/PCSX2/inputprofiles
[    0.0397] Video Dumping Directory: /home/brad/pcsx2-t4/dat/PCSX2/videos
[    0.0397] Debugger Layouts Directory: /home/brad/pcsx2-t4/dat/PCSX2/inis/debuggerlayouts
[    0.0397] Debugger Settings Directory: /home/brad/pcsx2-t4/dat/PCSX2/inis/debuggersettings
[    0.0398] Couldn't find translation for system language C, using en instead
[    0.0406] Loaded translation file for language en-US
[    0.0697] PCSX2 v2.9.75
[    0.0697] Savestate version: 0x9a590000
[    0.0697] 
[    0.0697] 
[    0.0697] Host Machine Init:
[    0.0698]   Operating System = Ubuntu 24.04
[    0.0698]   Available RAM    = 9250 MB (9.03 GB)
[    0.0698]   Physical RAM     = 9946 MB (9.71 GB)
[    0.0698] 
[    0.0698]   Processor        = Intel 13th Gen Core i5-13600K
[    0.0698]   Core Count       = 10 cores
[    0.0698]   Thread Count     = 20 threads
[    0.0698]   Cluster Count    = 1 clusters
[    0.0698] CPU Extensions Detected:
[    0.0698]   AVX AVX2
[    0.0698] 
[    0.0698] Allocating host memory for virtual systems...
[    0.0704]   EE Main Memory                   @ 0x00007FAD7B200000 -> 0x00007FAD84100000 [143mb]
[    0.0704]   IOP Main Memory                  @ 0x00007FAD84100000 -> 0x00007FAD8C200000 [129mb]
[    0.0704]   VU0/1 On-Chip Memory             @ 0x00007FAD8C200000 -> 0x00007FAD8C300000 [1mb]
[    0.0704]   VTLB Virtual Map                 @ 0x00007FAD8C300000 -> 0x00007FAD8CB00000 [8mb]
[    0.0704]   VTLB Address Map                 @ 0x00007FAD8CB00000 -> 0x00007FAD8CF00000 [4mb]
[    0.0704]   R5900 Recompiler Cache           @ 0x00007FAD8CF00000 -> 0x00007FAD90F00000 [64mb]
[    0.0704]   R3000A Recompiler Cache          @ 0x00007FAD90F00000 -> 0x00007FAD92F00000 [32mb]
[    0.0704]   Micro VU0 Recompiler Cache       @ 0x00007FAD93F00000 -> 0x00007FAD97F00000 [64mb]
[    0.0704]   Micro VU1 Recompiler Cache       @ 0x00007FAD97F00000 -> 0x00007FAD9BF00000 [64mb]
[    0.0704]   VIF0 Unpack Recompiler Cache     @ 0x00007FAD92F00000 -> 0x00007FAD93700000 [8mb]
[    0.0704]   VIF1 Unpack Recompiler Cache     @ 0x00007FAD93700000 -> 0x00007FAD93F00000 [8mb]
[    0.0704]   VIF Unpack Recompiler Cache      @ 0x00007FAD9BF00000 -> 0x00007FAD9C000000 [1mb]
[    0.0704]   GS Software Renderer             @ 0x00007FAD9C000000 -> 0x00007FADA0000000 [64mb]
[    0.0718] Fastmem area: 0x7fac7b200000 - 0x7fad7b1fffff
[    0.0728] Generating SSE-optimized unpacking functions for VIF interpreters...
[    0.0732] Unpack function generation complete.  Generated function statistics:
[    0.0732]   Reserved buffer    : 1048576 bytes @ 0x00007FAD9BF00000
[    0.0732]   x86 code generated : 7422 bytes
[    0.0733] 
[    0.0734] SDLInputSource: Using Controller DB from resources.
[    0.0837] SDLInputSource: 765 gamepad mappings are loaded.
