[03:27:30] PRE lease="LEASE_FREE F6 done" keyguard="showing=false" battery=100% ac=true pid0=none
[03:27:30] PRE device-env=a8d651a7e55f7e29f1345f28f4ea634e06ae757f535e29439ab61c930bcc0ebd mc0-test='' mc0-bad=[]
[03:27:30] LEASE claimed via odin_lease.sh: CLAIMED
[03:27:30] APK local sha x2 825b436dd2cfc9f3ee42e7ac06643623b9651df409892c6a3e25af27cc531254 825b436dd2cfc9f3ee42e7ac06643623b9651df409892c6a3e25af27cc531254
[03:27:33] INSTALL Performing Streamed Install Success
[03:27:34] INSTALLED /data/app/~~_jG-H0-qjl9XgOkvjVVK5Q==/com.ps2x.runner-zZjXjMNuO_0nJSSyEOCBmw==/base.apk sha=825b436dd2cfc9f3ee42e7ac06643623b9651df409892c6a3e25af27cc531254 match=True
[03:27:34] ENV 1b8a7fb0007efd43544b293eb21dca3ccaac3f4bbafa1fa2e4b24e40b1e5929a  /storage/emulated/0/Android/data/com.ps2x.runner/files/ps2x.env
[03:27:34 t+    0.1] AM Starting: Intent { cmp=com.ps2x.runner/android.app.NativeActivity }
[03:27:40 t+    6.1] FOCUS app-foreground, no BACK ('mCurrentFocus=Window{8c38f2c u0 com.ps2x.runner/android.app.NativeActivity}')
[03:27:42 t+    8.5] LAYER 'com.ps2x.runner/android.app.NativeActivity#21386' tried=['com.ps2x.runner/android.app.NativeActivity#21376', 'RequestedLayerState{ActivityRecord{3b909a3 u0 com.ps2x.runner/android.app.NativeActivity#21376 parentId=21375}', 'com.ps2x.runner/android.app.NativeActivity#21386']
[03:28:30 t+   56.0] SCAP sc01-tick2100-t55.png tick~2104
[03:29:16 t+  101.7] SCAP sc02-tick3000-t101.png tick~3090
[03:29:56 t+  142.2] SCAP sc03-tick4000-t141.png tick~4028
[03:30:18 t+  163.6] STOP tick 4587 >= 4500
[03:30:18 t+  164.1] SCAP sc04-final-t163.png tick~4587
[03:30:19 t+  165.5] THREADS
Threads: 28 total,   1 running,  27 sleeping,   0 stopped,   0 zombie
  Mem:  7342756K total,  4880368K used,  2462388K free,      576K buffers
 Swap: 10485752K total,   733140K used,  9752612K free,  2242780K cached
800%cpu 115%user   0%nice  27%sys 650%idle   0%iow   8%irq   0%sirq   0%host
  TID USER         PR  NI VIRT  RES  SHR S[%CPU] %MEM     TIME+ THREAD          PROCESS
21158 u0_a113      10 -10  17G 759M 518M S 57.6  10.5   1:27.85 MTVU            com.ps2x.runner
21149 u0_a113      10 -10  17G 759M 518M R 34.6  10.5   0:38.11 GameThread      com.ps2x.runner
21129 u0_a113      10 -10  17G 759M 518M S 26.9  10.5   0:32.39 GsWorker        com.ps2x.runner
21157 u0_a113      20   0  17G 759M 518M S  0.0  10.5   0:00.00 InteractionJank com.ps2x.runner
21156 u0_a113      20   0  17G 759M 518M S  0.0  10.5   0:00.00 binder:21107_3  com.ps2x.runner
21151 u0_a113      10 -10  17G 759M 518M S  0.0  10.5   0:00.21 PGS-Waiter      com.ps2x.runner
21150 u0_a113      39  19  17G 759M 518M S  0.0  10.5   0:00.00 com.ps:traceq0  com.ps2x.runner
21147 u0_a113      -3 -10  17G 759M 518M S  0.0  10.5   0:00.58 AAudio_1        com.ps2x.runner
21141 u0_a113      10 -10  17G 759M 518M S  0.0  10.5   0:00.00 com.ps2x.runner com.ps2x.runner
21134 u0_a113      20   0  17G 759M 518M S  0.0  10.5   0:00.00 InsetsAnimation com.ps2x.runner
21133 u0_a113      20   0  17G 759M 518M S  0.0  10.5   0:00.13 binder:21107_4  com.ps2x.runner
21132 u0_a113      20   0  17G 759M 518M S  0.0  10.5   0:00.00 SurfaceSyncGrou com.ps2x.runner
21131 u0_a113      10 -10  17G 759M 518M S  0.0  10.5   0:00.00 VsyncReceiver   com.ps2x.runner
21128 u0_a113      10 -10  17G 759M 518M S  0.0  10.5   0:00.00 com.ps2x.runner com.ps2x.runner
21127 u0_a113      10 -10  17G 759M 518M S  0.0  10.5   0:00.32 com.ps2x.runner com.ps2x.runner

[03:30:20 t+  165.6] BATTERY status: 5 level: 100
[03:30:22 t+  168.1] RESTORE a8d651a7e55f7e29f1345f28f4ea634e06ae757f535e29439ab61c930bcc0ebd match=True
[03:30:22 t+  168.3] MC0-AFTER bad=[]
[03:30:22 t+  168.3] END pid-after=none disconnects=0
