[11:28:53] PRE lease="LEASE_FREE NP1 done" keyguard="showing=false" battery=45% ac=true pid0=none
[11:28:53] PRE device-env=9fb46f8509adb1362b5ac74d35ac63a340e39228b64914848ce5ed85d6b74d13 mc0-test='' mc0-bad=[]
[11:28:53] ENV ac20875348238d41081bdb5b16bc5b7266062f12c5d31b9f62d3b6822048d3c4  /storage/emulated/0/Android/data/com.ps2x.runner/files/ps2x.env
[11:28:53 t+    0.0] AM Starting: Intent { cmp=com.ps2x.runner/android.app.NativeActivity }
[11:28:59 t+    6.1] BACK sent
[11:29:01 t+    8.2] LAYER 'com.ps2x.runner/android.app.NativeActivity#16174' tried=['com.ps2x.runner/android.app.NativeActivity#16174']
[11:30:59 t+  126.1] SCAP sc01-tick2100-t125.png tick~2104
[11:32:54 t+  241.4] SCAP sc02-tick3000-t240.png tick~3003
[11:35:00 t+  367.2] SCAP sc03-tick4000-t366.png tick~4014
[11:36:00 t+  426.9] STOP tick 4549 >= 4500
[11:36:00 t+  427.2] SCAP sc04-final-t426.png tick~4549
[11:36:01 t+  428.5] THREADS
Threads: 27 total,   2 running,  25 sleeping,   0 stopped,   0 zombie
  Mem:  7342756K total,  4153180K used,  3189576K free,      572K buffers
 Swap: 10485752K total,   923708K used,  9562044K free,  1500420K cached
800%cpu  96%user   0%nice  50%sys 646%idle   0%iow   4%irq   4%sirq   0%host
  TID USER         PR  NI VIRT  RES  SHR S[%CPU] %MEM     TIME+ THREAD          PROCESS
20645 u0_a113      10 -10  17G 643M 403M R 80.7   8.9   4:57.04 GameThread      com.ps2x.runner
20618 u0_a113      10 -10  17G 643M 403M R 50.0   8.9   2:48.83 GsWorker        com.ps2x.runner
20615 u0_a113      10 -10  17G 643M 403M S  3.8   8.9   0:23.38 com.ps2x.runner com.ps2x.runner
20655 u0_a113      20   0  17G 643M 403M S  0.0   8.9   0:00.00 InteractionJank com.ps2x.runner
20654 u0_a113      20   0  17G 643M 403M S  0.0   8.9   0:00.27 binder:20594_2  com.ps2x.runner
20648 u0_a113      10 -10  17G 643M 403M S  0.0   8.9   0:00.42 PGS-Waiter      com.ps2x.runner
20647 u0_a113      39  19  17G 643M 403M S  0.0   8.9   0:00.00 com.ps:traceq0  com.ps2x.runner
20644 u0_a113      -3 -10  17G 643M 403M S  0.0   8.9   0:01.42 AAudio_1        com.ps2x.runner
20635 u0_a113      10 -10  17G 643M 403M S  0.0   8.9   0:00.00 com.ps2x.runner com.ps2x.runner
20636 u0_a113      20   0  17G 643M 403M S  0.0   8.9   0:00.95 binder:20594_4  com.ps2x.runner
20621 u0_a113      20   0  17G 643M 403M S  0.0   8.9   0:00.00 SurfaceSyncGrou com.ps2x.runner
20620 u0_a113      10 -10  17G 643M 403M S  0.0   8.9   0:00.00 VsyncReceiver   com.ps2x.runner
20625 u0_a113      20   0  17G 643M 403M S  0.0   8.9   0:00.00 InsetsAnimation com.ps2x.runner
20616 u0_a113      10 -10  17G 643M 403M S  0.0   8.9   0:00.01 com.ps2x.runner com.ps2x.runner
20605 u0_a113      20   0  17G 643M 403M S  0.0   8.9   0:00.09 binder:20594_1  com.ps2x.runner

[11:36:01 t+  428.5] BATTERY status: 3 level: 42
[11:36:04 t+  430.8] RESTORE 9fb46f8509adb1362b5ac74d35ac63a340e39228b64914848ce5ed85d6b74d13 match=True
[11:36:04 t+  431.0] MC0-AFTER bad=[]
[11:36:04 t+  431.0] END pid-after=none
