START_SCORE mean=37.3560 p99=191 MENU_T+:80
A1_CROSS_KEYDOWN_WALL:1790150299.402510957 UPTIME:1975 MENU_T+:80
A1_CROSS_HELD_WALL:1790150299.423240102 UPTIME:1975
A1_CROSS_KEYUP_WALL:1790150299.941987077 UPTIME:1976 MENU_T+:80
A1 poll01 score mean=0.4337 p99=6 MENU_T+:83
A1 TITLE-DETECTED at poll01
GSHOT_t50a-title_KEYDOWN_WALL:1790150302.741277641 UPTIME:1979 MENU_T+:83
GSHOT_t50a-title_HELD_WALL:1790150302.760926180 UPTIME:1979
GSHOT_t50a-title_KEYUP_WALL:1790150303.279577777 UPTIME:1979 MENU_T+:84
GSHOT_t50a-title newest=SSX 3_SLUS-20772_20260923035823.png
TITLE_START_KEYDOWN_WALL:1790150304.872426198 UPTIME:1981 MENU_T+:85
TITLE_START_HELD_WALL:1790150304.893966616 UPTIME:1981
TITLE_START_KEYUP_WALL:1790150305.412357220 UPTIME:1982 MENU_T+:86
post+3 titleband mean=16.3771 p99=139 MENU_T+:90
post+8 titleband mean=16.2610 p99=139
post+15 titleband mean=16.2828 p99=139
post+25 titleband mean=16.2898 p99=139
whole815=0.0287 whole1525=0.0573
post25-vs-menu mean=0.3125 p99=6
MENU-LIKE -> menu Cross
MENUPRE vs-menu mean=0.3218 p99=6 MENU_T+:122
GSHOT_t50a-menu_KEYDOWN_WALL:1790150341.107418106 UPTIME:2020 MENU_T+:122
GSHOT_t50a-menu_HELD_WALL:1790150341.126219205 UPTIME:2020
GSHOT_t50a-menu_KEYUP_WALL:1790150341.644790890 UPTIME:2021 MENU_T+:122
GSHOT_t50a-menu newest=SSX 3_SLUS-20772_20260923035901.png
MENU_CROSS_KEYDOWN_WALL:1790150343.653900433 UPTIME:2023 MENU_T+:124
MENU_CROSS_HELD_WALL:1790150343.674127202 UPTIME:2023
MENU_CROSS_KEYUP_WALL:1790150344.192810029 UPTIME:2023 MENU_T+:125
MC post+1 titleband mean=12.5712 p99=164 vs-menu mean=11.1937 p99=129 vs-sc mean=1.5544 p99=39 MENU_T+:128
MC post+3 titleband mean=12.5346 p99=164 vs-menu mean=10.2266 p99=105 vs-sc mean=0.4621 p99=7
MC post+8 titleband mean=12.5352 p99=164 vs-menu mean=10.1955 p99=105 vs-sc mean=0.5333 p99=8
MC post+15 titleband mean=12.5352 p99=164 vs-menu mean=10.1959 p99=105 vs-sc mean=0.4066 p99=6
MC hops whole: pre-post1=11.0798 p1-p3=1.2003 p3-p8=0.1689 p8-p15=0.1654
SC-LIKE -> settled SC captures
SCPRE vs-sc mean=0.6045 p99=9 MENU_T+:161
STATE_SAVE_KEYDOWN_WALL:1790150380.517060872 UPTIME:2063 MENU_T+:161
STATE_SAVE_HELD_WALL:1790150380.537196996 UPTIME:2063
STATE_SAVE_KEYUP_WALL:1790150381.056026773 UPTIME:2064 MENU_T+:162
STATE newest=SLUS-20772 (08FFF00D).01.p2s size=6896106 mtime=1790150381 save_start=1790150381
DUMP_TRIGGERED_WALL:1790150385.572385545 UPTIME:2069
T48_DUMP_QUEUED seen at wait1
GSHOT_t50a-sc_KEYDOWN_WALL:1790150393.361535041 UPTIME:2077 MENU_T+:174
GSHOT_t50a-sc_HELD_WALL:1790150393.381051406 UPTIME:2077
GSHOT_t50a-sc_KEYUP_WALL:1790150393.900322787 UPTIME:2077 MENU_T+:174
GSHOT_t50a-sc newest=SSX 3_SLUS-20772_20260923035953.png
