[11:38:20] PRE lease="LEASE_FREE NP1 done" keyguard="showing=false" battery=42% ac=true pid0=none
[11:38:20] PRE device-env=9fb46f8509adb1362b5ac74d35ac63a340e39228b64914848ce5ed85d6b74d13 mc0-test='' mc0-bad=[]
[11:38:20] ENV f3d9e768309ebe7a950d94e623d08e12855acffdbd882eded4f872428d1bc188  /storage/emulated/0/Android/data/com.ps2x.runner/files/ps2x.env
[11:38:20 t+    0.0] AM Starting: Intent { cmp=com.ps2x.runner/android.app.NativeActivity }
[11:38:26 t+    6.1] BACK sent
[11:38:28 t+    8.2] LAYER 'com.ps2x.runner/android.app.NativeActivity#16205' tried=['com.ps2x.runner/android.app.NativeActivity#16205']
[11:40:31 t+  131.2] SCAP sc01-tick2100-t130.png tick~2119
[11:42:28 t+  248.1] SCAP sc02-tick3000-t247.png tick~3007
[11:44:32 t+  371.6] SCAP sc03-tick4000-t371.png tick~4007
[11:45:32 t+  431.6] STOP tick 4521 >= 4500
[11:45:32 t+  431.9] SCAP sc04-final-t431.png tick~4521
[11:45:33 t+  433.3] THREADS
Threads: 27 total,   2 running,  25 sleeping,   0 stopped,   0 zombie
  Mem:  7342756K total,  4234864K used,  3107892K free,      596K buffers
 Swap: 10485752K total,   860192K used,  9625560K free,  1578332K cached
800%cpu  93%user   0%nice  56%sys 644%idle   0%iow   7%irq   0%sirq   0%host
  TID USER         PR  NI VIRT  RES  SHR S[%CPU] %MEM     TIME+ THREAD          PROCESS
26602 u0_a113      10 -10  17G 651M 412M R 77.7   9.0   5:10.94 GameThread      com.ps2x.runner
26582 u0_a113      10 -10  17G 651M 412M R 37.0   9.0   2:47.47 GsWorker        com.ps2x.runner
26580 u0_a113      10 -10  17G 651M 412M S  7.4   9.0   0:23.52 com.ps2x.runner com.ps2x.runner
26623 u0_a113      20   0  17G 651M 412M S  0.0   9.0   0:00.00 InteractionJank com.ps2x.runner
26612 u0_a113      20   0  17G 651M 412M S  0.0   9.0   0:00.27 binder:26560_4  com.ps2x.runner
26604 u0_a113      10 -10  17G 651M 412M S  0.0   9.0   0:00.41 PGS-Waiter      com.ps2x.runner
26603 u0_a113      39  19  17G 651M 412M S  0.0   9.0   0:00.00 com.ps:traceq0  com.ps2x.runner
26600 u0_a113      -3 -10  17G 651M 412M S  0.0   9.0   0:01.45 AAudio_1        com.ps2x.runner
26594 u0_a113      20   0  17G 651M 412M S  0.0   9.0   0:00.23 binder:26560_4  com.ps2x.runner
26593 u0_a113      10 -10  17G 651M 412M S  0.0   9.0   0:00.00 com.ps2x.runner com.ps2x.runner
26586 u0_a113      20   0  17G 651M 412M S  0.0   9.0   0:00.00 InsetsAnimation com.ps2x.runner
26585 u0_a113      20   0  17G 651M 412M S  0.0   9.0   0:00.00 SurfaceSyncGrou com.ps2x.runner
26584 u0_a113      10 -10  17G 651M 412M S  0.0   9.0   0:00.00 VsyncReceiver   com.ps2x.runner
26581 u0_a113      10 -10  17G 651M 412M S  0.0   9.0   0:00.01 com.ps2x.runner com.ps2x.runner
26577 u0_a113      16  -4  17G 651M 412M S  0.0   9.0   0:00.00 RenderThread    com.ps2x.runner

[11:45:33 t+  433.3] BATTERY status: 3 level: 39
[11:45:36 t+  435.7] RESTORE 9fb46f8509adb1362b5ac74d35ac63a340e39228b64914848ce5ed85d6b74d13 match=True
[11:45:36 t+  435.9] MC0-AFTER bad=[]
[11:45:36 t+  435.9] END pid-after=none
