-- The C compiler identification is Clang 23.1.1
-- The CXX compiler identification is Clang 23.1.1
-- Detecting C compiler ABI info
-- Detecting C compiler ABI info - done
-- Check for working C compiler: /opt/homebrew/opt/llvm/bin/clang - skipped
-- Detecting C compile features
-- Detecting C compile features - done
-- Detecting CXX compiler ABI info
-- Detecting CXX compiler ABI info - done
-- Check for working CXX compiler: /opt/homebrew/opt/llvm/bin/clang++ - skipped
-- Detecting CXX compile features
-- Detecting CXX compile features - done
-- ARM target detected, fetching sse2neon
-- macOS ARM64 - using default compiler flags
CMake Warning (deprecated) at /Users/brad/dev/ssx3-work/E50/build/_deps/toml11-src/CMakeLists.txt:25 (cmake_policy):
  The OLD behavior for policy CMP0127 will be removed from a future version
  of CMake.

  The cmake-policies(7) manual explains that the OLD behaviors of all
  policies are deprecated and that a policy should be set to OLD only under
  specific short-term circumstances.  Projects should be ported to the NEW
  behavior and not rely on setting a policy to OLD.
This warning is for project developers.  Use -Wno-author or -Wno-deprecated
to suppress it.

-- Performing Test TOML11_COMPILER_SUPPORTS_WALL
-- Performing Test TOML11_COMPILER_SUPPORTS_WALL - Success
-- Performing Test TOML11_COMPILER_SUPPORTS_WEXTRA
-- Performing Test TOML11_COMPILER_SUPPORTS_WEXTRA - Success
-- Performing Test TOML11_COMPILER_SUPPORTS_WPEDANTIC
-- Performing Test TOML11_COMPILER_SUPPORTS_WPEDANTIC - Success
-- Performing Test TOML11_COMPILER_SUPPORTS_WERROR
-- Performing Test TOML11_COMPILER_SUPPORTS_WERROR - Success
-- Performing Test TOML11_COMPILER_SUPPORTS_WSIGN_CONVERSION
-- Performing Test TOML11_COMPILER_SUPPORTS_WSIGN_CONVERSION - Success
-- Performing Test TOML11_COMPILER_SUPPORTS_WCONVERSION
-- Performing Test TOML11_COMPILER_SUPPORTS_WCONVERSION - Success
-- Performing Test TOML11_COMPILER_SUPPORTS_WDUPLICATED_COND
-- Performing Test TOML11_COMPILER_SUPPORTS_WDUPLICATED_COND - Failed
-- Performing Test TOML11_COMPILER_SUPPORTS_WDUPLICATED_BRANCHES
-- Performing Test TOML11_COMPILER_SUPPORTS_WDUPLICATED_BRANCHES - Failed
-- Performing Test TOML11_COMPILER_SUPPORTS_WLOGICAL_OP
-- Performing Test TOML11_COMPILER_SUPPORTS_WLOGICAL_OP - Failed
-- Performing Test TOML11_COMPILER_SUPPORTS_WDOUBLE_PROMOTION
-- Performing Test TOML11_COMPILER_SUPPORTS_WDOUBLE_PROMOTION - Success
-- Performing Test TOML11_COMPILER_SUPPORTS_WRANGE_LOOP_ANALYSIS
-- Performing Test TOML11_COMPILER_SUPPORTS_WRANGE_LOOP_ANALYSIS - Success
-- Performing Test TOML11_COMPILER_SUPPORTS_WUNDEF
-- Performing Test TOML11_COMPILER_SUPPORTS_WUNDEF - Success
-- Performing Test TOML11_COMPILER_SUPPORTS_WSHADOW
-- Performing Test TOML11_COMPILER_SUPPORTS_WSHADOW - Success
-- {fmt} version: 12.1.0
-- Build type: Release
-- Performing Test HAS_NULLPTR_WARNING
-- Performing Test HAS_NULLPTR_WARNING - Success
-- Building dwarfgen    ... OFF
-- Building dwarfexample... OFF
-- Building api tests   ... 
-- Looking for unistd.h
-- Looking for unistd.h - found
-- Looking for sys/types.h
-- Looking for sys/types.h - found
-- Looking for malloc.h
-- Looking for malloc.h - not found
-- Looking for stdint.h
-- Looking for stdint.h - found
-- Looking for inttypes.h
-- Looking for inttypes.h - found
-- Looking for stddef.h
-- Looking for stddef.h - found
-- Looking for fcntl.h
-- Looking for fcntl.h - found
-- Looking for sys/stat.h
-- Looking for sys/stat.h - found
-- Looking for stdafx.h
-- Looking for stdafx.h - not found
-- Looking for sys/mman.h
-- Looking for sys/mman.h - found
-- Performing Test HAVE_UINTPTR_T
-- Performing Test HAVE_UINTPTR_T - Success
-- Performing Test HAVE_INTPTR_T
-- Performing Test HAVE_INTPTR_T - Success
-- Performing Test HAVE_FULL_MMAP
-- Performing Test HAVE_FULL_MMAP - Success
-- HAVE_UINTPTR_T 1: uintptr_t defined in stdint.h... YES
-- uintptr_t value considered NO 
-- HAVE_INTPTR_T 1: intptr_t defined in stdint.h... YES
-- intptr_t value considered NO 
-- ENABLE_DECOMPRESSION : ON
-- Found ZLIB: /Applications/Xcode.app/Contents/Developer/Platforms/MacOSX.platform/Developer/SDKs/MacOSX.sdk/usr/lib/libz.tbd (found version "1.2.12")
-- Found zstd: /opt/homebrew/lib/libzstd.dylib (found version "1.5.7")
-- Found libzstd           : TRUE
-- Found zlib              : TRUE
-- Build with zlib and zstd: TRUE
-- CMAKE_SIZEOF_VOID_P ... : 8
-- Compiler warning options... NO
-- Install prefix ... /usr/local
> Enabling optimization for: ps2_recomp_lib
> Enabling optimization for: ps2_recomp
-- sccache not found; continuing without compiler launcher
CMake Warning (deprecated) at /Users/brad/dev/ssx3-work/E50/build/_deps/raylib-src/CMakeLists.txt:1 (cmake_minimum_required):
  Compatibility with CMake < 3.10 will be removed from a future version of
  CMake.

  Update the VERSION argument <min> value.  Or, use the <min>...<max> syntax
  to tell CMake that the project requires at least <min> but has been updated
  to work with policies introduced by <max> or earlier.
This warning is for project developers.  Use -Wno-author or -Wno-deprecated
to suppress it.

-- Performing Test COMPILER_HAS_THOSE_TOGGLES
-- Performing Test COMPILER_HAS_THOSE_TOGGLES - Success
-- Testing if -Werror=pointer-arith can be used -- compiles
-- Testing if -Werror=implicit-function-declaration can be used -- compiles
-- Testing if -fno-strict-aliasing can be used -- compiles
-- Using raylib's GLFW
-- Performing Test CMAKE_HAVE_LIBC_PTHREAD
-- Performing Test CMAKE_HAVE_LIBC_PTHREAD - Success
-- Found Threads: TRUE
-- Including Cocoa support
CMake Warning (author) at /Users/brad/dev/ssx3-work/E50/build/_deps/raylib-src/cmake/LibraryConfigurations.cmake:22 (MESSAGE):
  OpenGL is deprecated starting with macOS 10.14 (Mojave)!
Call Stack (most recent call first):
  /Users/brad/dev/ssx3-work/E50/build/_deps/raylib-src/src/CMakeLists.txt:49 (include)
This warning is for project developers.  Use -Wno-author to suppress it.

-- Audio Backend: miniaudio
-- Building raylib static library
-- Generated build type: Release
-- Compiling with the flags:
--   PLATFORM=PLATFORM_DESKTOP
--   GRAPHICS=GRAPHICS_API_OPENGL_33
CMake Warning (author) at /opt/homebrew/share/cmake/Modules/FetchContent.cmake:1968 (message):
  Calling FetchContent_Populate(imgui) is deprecated, call
  FetchContent_MakeAvailable(imgui) instead.  Policy CMP0169 can be set to
  OLD to allow FetchContent_Populate(imgui) to be called directly for now,
  but the ability to call it with declared details will be removed completely
  in a future version.
Call Stack (most recent call first):
  ps2xRuntime/CMakeLists.txt:123 (FetchContent_Populate)
This warning is for project developers.  Use -Wno-author to suppress it.

CMake Warning (author) at /opt/homebrew/share/cmake/Modules/FetchContent.cmake:1968 (message):
  Calling FetchContent_Populate(rlImGui) is deprecated, call
  FetchContent_MakeAvailable(rlImGui) instead.  Policy CMP0169 can be set to
  OLD to allow FetchContent_Populate(rlImGui) to be called directly for now,
  but the ability to call it with declared details will be removed completely
  in a future version.
Call Stack (most recent call first):
  ps2xRuntime/CMakeLists.txt:146 (FetchContent_Populate)
This warning is for project developers.  Use -Wno-author to suppress it.

-- Found PkgConfig: /opt/homebrew/bin/pkg-config (found version "3.0.7")
-- Checking for modules 'libavcodec;libavformat;libavutil;libswresample;libswscale'
--   Found libavcodec, version 63.1.102
--   Found libavformat, version 63.1.102
--   Found libavutil, version 61.1.102
--   Found libswresample, version 7.1.102
--   Found libswscale, version 10.1.102
-- PS2X: dropped 0 in-tree game sources (game objects from /Users/brad/dev/ssx3-work/codegen-ssx3)
-- PS2X: game objects: 9455 sources from /Users/brad/dev/ssx3-work/codegen-ssx3
> Enabling optimization for: ps2_runtime
> Enabling optimization for: ps2EntryRunner
-- Using the multi-header code from /Users/brad/dev/ssx3-work/E50/build/_deps/nlohmann_json-src/include/
> Enabling optimization for: ps2_analyzer_lib
> Enabling optimization for: ps2_analyzer
> Enabling optimization for: ps2_test_lib
> Enabling optimization for: ps2x_tests
-- Configuring done (6.5s)
-- Generating done (1.4s)
CMake Warning (unused-cli):
  Manually-specified variables were not used by the project:

    FETCHCONTENT_SOURCE_DIR_IMGUI_CLUB
    FETCHCONTENT_SOURCE_DIR_IMGUI_COLORTEXTEDIT
    FETCHCONTENT_SOURCE_DIR_IMGUI_FILE_DIALOG
    FETCHCONTENT_SOURCE_DIR_SDL2


-- Build files have been written to: /Users/brad/dev/ssx3-work/I27A/build
