[0/2] Re-checking globbed directories...
[1/322] Building C object ps2xRecomp/CMakeFiles/rabbitizer.dir/__/_deps/rabbitizer-src/src/common/RabbitizerVersion.c.o
[2/322] Building C object ps2xRecomp/CMakeFiles/rabbitizer.dir/__/_deps/rabbitizer-src/src/analysis/RabbitizerJrRegData.c.o
[3/322] Building C object ps2xRecomp/CMakeFiles/rabbitizer.dir/__/_deps/rabbitizer-src/src/analysis/RabbitizerLoPairingInfo.c.o
[4/322] Building C object ps2xRecomp/CMakeFiles/rabbitizer.dir/__/_deps/rabbitizer-src/src/common/RabbitizerConfig.c.o
[5/322] Building C object ps2xRecomp/CMakeFiles/rabbitizer.dir/__/_deps/rabbitizer-src/src/analysis/RabbitizerTrackedRegisterState.c.o
[6/322] Building C object ps2xRecomp/CMakeFiles/rabbitizer.dir/__/_deps/rabbitizer-src/src/analysis/RabbitizerRegistersTracker.c.o
[7/322] Building C object ps2xRecomp/CMakeFiles/rabbitizer.dir/__/_deps/rabbitizer-src/src/common/Utils.c.o
[8/322] Building C object ps2xRecomp/CMakeFiles/rabbitizer.dir/__/_deps/rabbitizer-src/src/instructions/RabbitizerInstrIdType.c.o
[9/322] Building C object ps2xRecomp/CMakeFiles/rabbitizer.dir/__/_deps/rabbitizer-src/src/instructions/RabbitizerInstrCategory.c.o
[10/322] Building C object ps2xRecomp/CMakeFiles/rabbitizer.dir/__/_deps/rabbitizer-src/src/instructions/RabbitizerInstrId.c.o
[11/322] Building C object ps2xRecomp/CMakeFiles/rabbitizer.dir/__/_deps/rabbitizer-src/src/instructions/RabbitizerInstrSuffix.c.o
[12/322] Building C object ps2xRecomp/CMakeFiles/rabbitizer.dir/__/_deps/rabbitizer-src/src/instructions/RabbitizerInstrDescriptor.c.o
[13/322] Building C object ps2xRecomp/CMakeFiles/rabbitizer.dir/__/_deps/rabbitizer-src/src/instructions/RabbitizerInstruction/RabbitizerInstruction_Operand.c.o
[14/322] Building C object ps2xRecomp/CMakeFiles/rabbitizer.dir/__/_deps/rabbitizer-src/src/instructions/RabbitizerInstruction/RabbitizerInstruction.c.o
[15/322] Building C object ps2xRecomp/CMakeFiles/rabbitizer.dir/__/_deps/rabbitizer-src/src/instructions/RabbitizerInstruction/RabbitizerInstruction_Disassemble.c.o
[16/322] Building C object ps2xRecomp/CMakeFiles/rabbitizer.dir/__/_deps/rabbitizer-src/src/instructions/RabbitizerInstruction/RabbitizerInstruction_Examination.c.o
[17/322] Building C object ps2xRecomp/CMakeFiles/rabbitizer.dir/__/_deps/rabbitizer-src/src/instructions/RabbitizerInstruction/RabbitizerInstruction_ProcessUniqueId.c.o
[18/322] Building C object ps2xRecomp/CMakeFiles/rabbitizer.dir/__/_deps/rabbitizer-src/src/instructions/RabbitizerInstructionCpu/RabbitizerInstructionCpu_OperandType.c.o
[19/322] Building C object ps2xRecomp/CMakeFiles/rabbitizer.dir/__/_deps/rabbitizer-src/src/instructions/RabbitizerInstructionR3000GTE/RabbitizerInstructionR3000GTE.c.o
[20/322] Building C object ps2xRecomp/CMakeFiles/rabbitizer.dir/__/_deps/rabbitizer-src/src/instructions/RabbitizerInstructionR4000Allegrex/RabbitizerInstructionR4000Allegrex.c.o
[21/322] Building C object ps2xRecomp/CMakeFiles/rabbitizer.dir/__/_deps/rabbitizer-src/src/instructions/RabbitizerInstructionR3000GTE/RabbitizerInstructionR3000GTE_OperandType.c.o
[22/322] Building C object ps2xRecomp/CMakeFiles/rabbitizer.dir/__/_deps/rabbitizer-src/src/instructions/RabbitizerInstructionR3000GTE/RabbitizerInstructionR3000GTE_ProcessUniqueId.c.o
[23/322] Building C object ps2xRecomp/CMakeFiles/rabbitizer.dir/__/_deps/rabbitizer-src/src/instructions/RabbitizerInstructionR4000Allegrex/RabbitizerInstructionR4000Allegrex_OperandType.c.o
[24/322] Building C object ps2xRecomp/CMakeFiles/rabbitizer.dir/__/_deps/rabbitizer-src/src/instructions/RabbitizerInstructionR5900/RabbitizerInstructionR5900.c.o
[25/322] Building C object ps2xRecomp/CMakeFiles/rabbitizer.dir/__/_deps/rabbitizer-src/src/instructions/RabbitizerInstructionRsp/RabbitizerInstructionRsp.c.o
[26/322] Building C object ps2xRecomp/CMakeFiles/rabbitizer.dir/__/_deps/rabbitizer-src/src/instructions/RabbitizerInstructionR4000Allegrex/RabbitizerInstructionR4000Allegrex_ProcessUniqueId.c.o
[27/322] Building C object ps2xRecomp/CMakeFiles/rabbitizer.dir/__/_deps/rabbitizer-src/src/instructions/RabbitizerInstructionR5900/RabbitizerInstructionR5900_OperandType.c.o
[28/322] Building C object ps2xRecomp/CMakeFiles/rabbitizer.dir/__/_deps/rabbitizer-src/src/instructions/RabbitizerInstructionR5900/RabbitizerInstructionR5900_ProcessUniqueId.c.o
[29/322] Building C object ps2xRecomp/CMakeFiles/rabbitizer.dir/__/_deps/rabbitizer-src/src/instructions/RabbitizerInstructionRsp/RabbitizerInstructionRsp_OperandType.c.o
[30/322] Building C object ps2xRecomp/CMakeFiles/rabbitizer.dir/__/_deps/rabbitizer-src/src/instructions/RabbitizerInstructionRsp/RabbitizerInstructionRsp_ProcessUniqueId.c.o
[31/322] Building C object ps2xRecomp/CMakeFiles/rabbitizer.dir/__/_deps/rabbitizer-src/src/instructions/RabbitizerRegister.c.o
[32/322] Building C object ps2xRecomp/CMakeFiles/rabbitizer.dir/__/_deps/rabbitizer-src/src/instructions/RabbitizerRegisterDescriptor.c.o
[33/322] Building C object _deps/libdwarf-build/src/lib/libdwarf/CMakeFiles/dwarf.dir/dwarf_crc.c.o
[34/322] Building C object _deps/libdwarf-build/src/lib/libdwarf/CMakeFiles/dwarf.dir/dwarf_crc32.c.o
[35/322] Building C object _deps/libdwarf-build/src/lib/libdwarf/CMakeFiles/dwarf.dir/dwarf_abbrev.c.o
[36/322] Building C object _deps/libdwarf-build/src/lib/libdwarf/CMakeFiles/dwarf.dir/dwarf_alloc.c.o
[37/322] Building C object _deps/libdwarf-build/src/lib/libdwarf/CMakeFiles/dwarf.dir/dwarf_debug_sup.c.o
[38/322] Building C object _deps/libdwarf-build/src/lib/libdwarf/CMakeFiles/dwarf.dir/dwarf_arange.c.o
[39/322] Building C object _deps/libdwarf-build/src/lib/libdwarf/CMakeFiles/dwarf.dir/dwarf_debugaddr.c.o
[40/322] Building C object _deps/libdwarf-build/src/lib/libdwarf/CMakeFiles/dwarf.dir/dwarf_debuglink.c.o
[41/322] Building C object _deps/libdwarf-build/src/lib/libdwarf/CMakeFiles/dwarf.dir/dwarf_dsc.c.o
[42/322] Building CXX object _deps/fmt-build/CMakeFiles/fmt.dir/src/os.cc.o
[43/322] Building C object _deps/libdwarf-build/src/lib/libdwarf/CMakeFiles/dwarf.dir/dwarf_debugnames.c.o
[44/322] Building C object _deps/libdwarf-build/src/lib/libdwarf/CMakeFiles/dwarf.dir/dwarf_die_deliv.c.o
[45/322] Building C object _deps/libdwarf-build/src/lib/libdwarf/CMakeFiles/dwarf.dir/dwarf_elf_rel_detector.c.o
[46/322] Building C object _deps/libdwarf-build/src/lib/libdwarf/CMakeFiles/dwarf.dir/dwarf_error.c.o
[47/322] Building C object _deps/libdwarf-build/src/lib/libdwarf/CMakeFiles/dwarf.dir/dwarf_elfread.c.o
[48/322] Building C object _deps/libdwarf-build/src/lib/libdwarf/CMakeFiles/dwarf.dir/dwarf_elf_load_headers.c.o
[49/322] Building C object _deps/libdwarf-build/src/lib/libdwarf/CMakeFiles/dwarf.dir/dwarf_fill_in_attr_form.c.o
[50/322] Building C object _deps/libdwarf-build/src/lib/libdwarf/CMakeFiles/dwarf.dir/dwarf_find_sigref.c.o
[51/322] Building C object _deps/libdwarf-build/src/lib/libdwarf/CMakeFiles/dwarf.dir/dwarf_fission_to_cu.c.o
[52/322] Building C object _deps/libdwarf-build/src/lib/libdwarf/CMakeFiles/dwarf.dir/dwarf_form_class_names.c.o
[53/322] Building C object _deps/libdwarf-build/src/lib/libdwarf/CMakeFiles/dwarf.dir/dwarf_form.c.o
[54/322] Building C object _deps/libdwarf-build/src/lib/libdwarf/CMakeFiles/dwarf.dir/dwarf_gdbindex.c.o
[55/322] Building C object _deps/libdwarf-build/src/lib/libdwarf/CMakeFiles/dwarf.dir/dwarf_frame2.c.o
[56/322] Building C object _deps/libdwarf-build/src/lib/libdwarf/CMakeFiles/dwarf.dir/dwarf_global.c.o
[57/322] Building C object _deps/libdwarf-build/src/lib/libdwarf/CMakeFiles/dwarf.dir/dwarf_gnu_index.c.o
[58/322] Building C object _deps/libdwarf-build/src/lib/libdwarf/CMakeFiles/dwarf.dir/dwarf_frame.c.o
[59/322] Building C object _deps/libdwarf-build/src/lib/libdwarf/CMakeFiles/dwarf.dir/dwarf_groups.c.o
[60/322] Building C object _deps/libdwarf-build/src/lib/libdwarf/CMakeFiles/dwarf.dir/dwarf_harmless.c.o
[61/322] Building C object _deps/libdwarf-build/src/lib/libdwarf/CMakeFiles/dwarf.dir/dwarf_generic_init.c.o
[62/322] Building C object _deps/libdwarf-build/src/lib/libdwarf/CMakeFiles/dwarf.dir/dwarf_leb.c.o
[63/322] Building C object _deps/libdwarf-build/src/lib/libdwarf/CMakeFiles/dwarf.dir/dwarf_init_finish.c.o
[64/322] Building C object _deps/libdwarf-build/src/lib/libdwarf/CMakeFiles/dwarf.dir/dwarf_loc.c.o
[65/322] Building C object _deps/libdwarf-build/src/lib/libdwarf/CMakeFiles/dwarf.dir/dwarf_loclists.c.o
[66/322] Building C object _deps/libdwarf-build/src/lib/libdwarf/CMakeFiles/dwarf.dir/dwarf_locationop_read.c.o
[67/322] Building C object _deps/libdwarf-build/src/lib/libdwarf/CMakeFiles/dwarf.dir/dwarf_local_malloc.c.o
[68/322] Building C object _deps/libdwarf-build/src/lib/libdwarf/CMakeFiles/dwarf.dir/dwarf_lvn_name.c.o
[69/322] Building C object _deps/libdwarf-build/src/lib/libdwarf/CMakeFiles/dwarf.dir/dwarf_line.c.o
[70/322] Building C object _deps/libdwarf-build/src/lib/libdwarf/CMakeFiles/dwarf.dir/dwarf_64machoread.c.o
[71/322] Building C object _deps/libdwarf-build/src/lib/libdwarf/CMakeFiles/dwarf.dir/dwarf_macro.c.o
[72/322] Building C object _deps/libdwarf-build/src/lib/libdwarf/CMakeFiles/dwarf.dir/dwarf_machoread.c.o
[73/322] Building C object _deps/libdwarf-build/src/lib/libdwarf/CMakeFiles/dwarf.dir/dwarf_memcpy_swap.c.o
[74/322] Building C object _deps/libdwarf-build/src/lib/libdwarf/CMakeFiles/dwarf.dir/dwarf_object_read_common.c.o
[75/322] Building C object _deps/libdwarf-build/src/lib/libdwarf/CMakeFiles/dwarf.dir/dwarf_macro5.c.o
[76/322] Building C object _deps/libdwarf-build/src/lib/libdwarf/CMakeFiles/dwarf.dir/dwarf_names.c.o
[77/322] Building C object _deps/libdwarf-build/src/lib/libdwarf/CMakeFiles/dwarf.dir/dwarf_peread.c.o
[78/322] Building C object _deps/libdwarf-build/src/lib/libdwarf/CMakeFiles/dwarf.dir/dwarf_object_detector.c.o
[79/322] Building C object _deps/libdwarf-build/src/lib/libdwarf/CMakeFiles/dwarf.dir/dwarf_ranges.c.o
[80/322] Building C object _deps/libdwarf-build/src/lib/libdwarf/CMakeFiles/dwarf.dir/dwarf_query.c.o
[81/322] Building C object _deps/libdwarf-build/src/lib/libdwarf/CMakeFiles/dwarf.dir/dwarf_safe_strcpy.c.o
[82/322] Building C object _deps/libdwarf-build/src/lib/libdwarf/CMakeFiles/dwarf.dir/dwarf_safe_arithmetic.c.o
[83/322] Building C object _deps/libdwarf-build/src/lib/libdwarf/CMakeFiles/dwarf.dir/dwarf_rnglists.c.o
[84/322] Building C object _deps/libdwarf-build/src/lib/libdwarf/CMakeFiles/dwarf.dir/dwarf_secname_ck.c.o
[85/322] Building C object _deps/libdwarf-build/src/lib/libdwarf/CMakeFiles/dwarf.dir/dwarf_seekr.c.o
[86/322] Building C object _deps/libdwarf-build/src/lib/libdwarf/CMakeFiles/dwarf.dir/dwarf_setup_sections.c.o
[87/322] Building C object _deps/libdwarf-build/src/lib/libdwarf/CMakeFiles/dwarf.dir/dwarf_stringsection.c.o
[88/322] Building C object _deps/libdwarf-build/src/lib/libdwarf/CMakeFiles/dwarf.dir/dwarf_tied.c.o
[89/322] Building C object _deps/libdwarf-build/src/lib/libdwarf/CMakeFiles/dwarf.dir/dwarf_string.c.o
[90/322] Building C object _deps/libdwarf-build/src/lib/libdwarf/CMakeFiles/dwarf.dir/dwarf_str_offsets.c.o
[91/322] Building CXX object _deps/fmt-build/CMakeFiles/fmt.dir/src/format.cc.o
In file included from /Users/brad/dev/ssx3-work/N8D5C/build/_deps/fmt-src/src/format.cc:8:
In file included from /Users/brad/dev/ssx3-work/N8D5C/build/_deps/fmt-src/include/fmt/format-inl.h:23:
In file included from /Users/brad/dev/ssx3-work/N8D5C/build/_deps/fmt-src/include/fmt/format.h:41:
/Users/brad/dev/ssx3-work/N8D5C/build/_deps/fmt-src/include/fmt/base.h:930:5: warning: ignoring return value of function declared with 'nodiscard' attribute [-Wunused-result]
  930 |     isalpha('x', loc);
      |     ^~~~~~~~~~~~~~~~~
/Users/brad/dev/ssx3-work/N8D5C/build/_deps/fmt-src/src/format.cc:13:30: note: in instantiation of function template specialization 'fmt::locale_ref::locale_ref<std::locale, 0>' requested here
   13 | template FMT_API locale_ref::locale_ref(const std::locale& loc);  // DEPRECATED!
      |                              ^
1 warning generated.
[92/322] Building C object _deps/libdwarf-build/src/lib/libdwarf/CMakeFiles/dwarf.dir/dwarf_tsearchhash.c.o
[93/322] Building C object _deps/libdwarf-build/src/lib/libdwarf/CMakeFiles/dwarf.dir/dwarf_xu_index.c.o
[94/322] Building C object _deps/libdwarf-build/src/lib/libdwarf/CMakeFiles/dwarf.dir/dwarf_util.c.o
[95/322] Building CXX object ps2xRuntime/parallel-gs-shadow/Granite/util/CMakeFiles/granite-util.dir/logging.cpp.o
[96/322] Building CXX object ps2xRuntime/parallel-gs-shadow/Granite/util/CMakeFiles/granite-util.dir/aligned_alloc.cpp.o
[97/322] Building CXX object ps2xRuntime/parallel-gs-shadow/Granite/util/CMakeFiles/granite-util.dir/thread_id.cpp.o
[98/322] Building CXX object ps2xRuntime/parallel-gs-shadow/Granite/util/CMakeFiles/granite-util.dir/timer.cpp.o
[99/322] Building C object _deps/libdwarf-build/src/lib/libdwarf/CMakeFiles/dwarf.dir/dwarf_print_lines.c.o
[100/322] Building CXX object ps2xRuntime/parallel-gs-shadow/Granite/util/CMakeFiles/granite-util.dir/thread_name.cpp.o
[101/322] Building CXX object ps2xRuntime/parallel-gs-shadow/Granite/util/CMakeFiles/granite-util.dir/thread_priority.cpp.o
/Users/brad/dev/ssx3-work/N8D5B/parallel-gs/Granite/util/thread_priority.cpp:63:2: warning: "Unimplemented set_current_thread_priority." [-W#warnings]
   63 | #warning "Unimplemented set_current_thread_priority."
      |  ^
1 warning generated.
[102/322] Building CXX object ps2xRuntime/parallel-gs-shadow/Granite/util/CMakeFiles/granite-util.dir/dynamic_library.cpp.o
[103/322] Building C object ps2xRuntime/parallel-gs-shadow/Granite/third_party/CMakeFiles/granite-volk.dir/volk/volk.c.o
[104/322] Building CXX object ps2xRuntime/parallel-gs-shadow/Granite/util/CMakeFiles/granite-util.dir/string_helpers.cpp.o
[105/322] Building CXX object ps2xRuntime/parallel-gs-shadow/Granite/util/CMakeFiles/granite-util.dir/cli_parser.cpp.o
[106/322] Building CXX object ps2xRuntime/parallel-gs-shadow/Granite/util/CMakeFiles/granite-util.dir/timeline_trace_file.cpp.o
[107/322] Building CXX object ps2xRuntime/parallel-gs-shadow/Granite/util/CMakeFiles/granite-util.dir/environment.cpp.o
[108/322] Building CXX object ps2xRuntime/parallel-gs-shadow/Granite/util/CMakeFiles/granite-util.dir/message_queue.cpp.o
[109/322] Linking C static library ps2xRecomp/librabbitizer.a
[110/322] Building CXX object ps2xRuntime/parallel-gs-shadow/Granite/util/CMakeFiles/granite-util.dir/arena_allocator.cpp.o
[111/322] Building CXX object ps2xRuntime/parallel-gs-shadow/Granite/util/CMakeFiles/granite-util.dir/slab_allocator.cpp.o
[112/322] Building CXX object ps2xRecomp/CMakeFiles/ps2_recomp_lib.dir/src/lib/cop0_translator.cpp.o
[113/322] Building CXX object ps2xRecomp/CMakeFiles/ps2_recomp_lib.dir/src/lib/control_flow_analyzer.cpp.o
[114/322] Building CXX object ps2xRecomp/CMakeFiles/ps2_recomp_lib.dir/src/lib/control_flow_emitter.cpp.o
[115/322] Building CXX object ps2xRecomp/CMakeFiles/ps2_recomp_lib.dir/src/lib/code_generator.cpp.o
[116/322] Building CXX object ps2xRecomp/CMakeFiles/ps2_recomp_lib.dir/src/lib/fpu_translator.cpp.o
[117/322] Building CXX object ps2xRecomp/CMakeFiles/ps2_recomp_lib.dir/src/lib/function_emitter.cpp.o
[118/322] Building CXX object ps2xRecomp/CMakeFiles/ps2_recomp_lib.dir/src/lib/gif_dma_kick_analyzer.cpp.o
[119/322] Building CXX object ps2xRecomp/CMakeFiles/ps2_recomp_lib.dir/src/lib/function_table_emitter.cpp.o
[120/322] Building CXX object ps2xRecomp/CMakeFiles/ps2_recomp_lib.dir/src/lib/jump_table_switch_emitter.cpp.o
[121/322] Building CXX object ps2xRecomp/CMakeFiles/ps2_recomp_lib.dir/src/lib/instruction_translator.cpp.o
[122/322] Building CXX object ps2xRecomp/CMakeFiles/ps2_recomp_lib.dir/src/lib/elf_parser.cpp.o
[123/322] Building CXX object ps2xRecomp/CMakeFiles/ps2_recomp_lib.dir/src/lib/mmi_translation_helpers.cpp.o
[124/322] Building CXX object ps2xRecomp/CMakeFiles/ps2_recomp_lib.dir/src/lib/mmi_translator.cpp.o
[125/322] Building CXX object ps2xRecomp/CMakeFiles/ps2_recomp_lib.dir/src/lib/r5900_decoder.cpp.o
[126/322] Building CXX object ps2xRecomp/CMakeFiles/ps2_recomp_lib.dir/src/lib/recompiler_reporter.cpp.o
[127/322] Building CXX object ps2xRecomp/CMakeFiles/ps2_recomp_lib.dir/src/lib/regimm_translator.cpp.o
[128/322] Building CXX object ps2xRecomp/CMakeFiles/ps2_recomp_lib.dir/src/lib/special_translator.cpp.o
[129/322] Linking CXX static library _deps/fmt-build/libfmt.a
[130/322] Linking C static library _deps/libdwarf-build/src/lib/libdwarf/libdwarf.a
[131/322] Linking C static library ps2xRuntime/parallel-gs-shadow/Granite/third_party/libgranite-volk.a
[132/322] Linking CXX static library ps2xRuntime/parallel-gs-shadow/Granite/util/libgranite-util.a
[133/322] Building CXX object ps2xRuntime/parallel-gs-shadow/Granite/math/CMakeFiles/granite-math.dir/math.cpp.o
[134/322] Building CXX object ps2xRuntime/parallel-gs-shadow/Granite/math/CMakeFiles/granite-math.dir/frustum.cpp.o
[135/322] Building CXX object ps2xRuntime/parallel-gs-shadow/Granite/math/CMakeFiles/granite-math.dir/aabb.cpp.o
[136/322] Building CXX object ps2xRecomp/CMakeFiles/ps2_recomp_lib.dir/src/lib/vu_translation_helpers.cpp.o
[137/322] Building CXX object ps2xRuntime/parallel-gs-shadow/Granite/math/CMakeFiles/granite-math.dir/interpolation.cpp.o
[138/322] Building CXX object ps2xRecomp/CMakeFiles/ps2_recomp_lib.dir/src/lib/vu_translator.cpp.o
[139/322] Building CXX object ps2xRuntime/parallel-gs-shadow/Granite/math/CMakeFiles/granite-math.dir/muglm/muglm.cpp.o
[140/322] Building CXX object ps2xRuntime/parallel-gs-shadow/Granite/math/CMakeFiles/granite-math.dir/transforms.cpp.o
[141/322] Building CXX object ps2xRuntime/parallel-gs-shadow/Granite/vulkan/CMakeFiles/granite-vulkan.dir/wsi_pacer.cpp.o
[142/322] Building CXX object ps2xRecomp/CMakeFiles/ps2_recomp_lib.dir/src/lib/config_manager.cpp.o
In file included from /Users/brad/dev/ssx3-work/N8D5C/PS2Recomp/ps2xRecomp/src/lib/config_manager.cpp:3:
In file included from /Users/brad/dev/ssx3-work/N8D5C/build/_deps/toml11-src/include/toml.hpp:40:
In file included from /Users/brad/dev/ssx3-work/N8D5C/build/_deps/toml11-src/include/toml11/literal.hpp:4:
/Users/brad/dev/ssx3-work/N8D5C/build/_deps/toml11-src/include/toml11/fwd/literal_fwd.hpp:22:26: warning: identifier '_toml' preceded by whitespace in a literal operator declaration is deprecated [-Wdeprecated-literal-operator]
   22 | ::toml::value operator"" _toml(const char* str, std::size_t len);
      |               ~~~~~~~~~~~^~~~~
      |               operator""_toml
/Users/brad/dev/ssx3-work/N8D5C/build/_deps/toml11-src/include/toml11/fwd/literal_fwd.hpp:27:26: warning: identifier '_toml' preceded by whitespace in a literal operator declaration is deprecated [-Wdeprecated-literal-operator]
   27 | ::toml::value operator"" _toml(const char8_t* str, std::size_t len);
      |               ~~~~~~~~~~~^~~~~
      |               operator""_toml
In file included from /Users/brad/dev/ssx3-work/N8D5C/PS2Recomp/ps2xRecomp/src/lib/config_manager.cpp:3:
In file included from /Users/brad/dev/ssx3-work/N8D5C/build/_deps/toml11-src/include/toml.hpp:40:
In file included from /Users/brad/dev/ssx3-work/N8D5C/build/_deps/toml11-src/include/toml11/literal.hpp:7:
/Users/brad/dev/ssx3-work/N8D5C/build/_deps/toml11-src/include/toml11/impl/literal_impl.hpp:118:12: warning: identifier '_toml' preceded by whitespace in a literal operator declaration is deprecated [-Wdeprecated-literal-operator]
  118 | operator"" _toml(const char* str, std::size_t len)
      | ~~~~~~~~~~~^~~~~
      | operator""_toml
/Users/brad/dev/ssx3-work/N8D5C/build/_deps/toml11-src/include/toml11/impl/literal_impl.hpp:149:12: warning: identifier '_toml' preceded by whitespace in a literal operator declaration is deprecated [-Wdeprecated-literal-operator]
  149 | operator"" _toml(const char8_t* str, std::size_t len)
      | ~~~~~~~~~~~^~~~~
      | operator""_toml
4 warnings generated.
[143/322] Building CXX object ps2xRuntime/parallel-gs-shadow/Granite/vulkan/CMakeFiles/granite-vulkan.dir/context.cpp.o
[144/322] Building CXX object ps2xRuntime/parallel-gs-shadow/Granite/vulkan/CMakeFiles/granite-vulkan.dir/buffer_pool.cpp.o
[145/322] Building CXX object ps2xRecomp/CMakeFiles/ps2_recomp_lib.dir/src/lib/ps2_recompiler.cpp.o
[146/322] Building CXX object ps2xRuntime/parallel-gs-shadow/Granite/vulkan/CMakeFiles/granite-vulkan.dir/image.cpp.o
[147/322] Building CXX object ps2xRuntime/parallel-gs-shadow/Granite/vulkan/CMakeFiles/granite-vulkan.dir/cookie.cpp.o
[148/322] Building CXX object ps2xRuntime/parallel-gs-shadow/Granite/vulkan/CMakeFiles/granite-vulkan.dir/wsi.cpp.o
[149/322] Building CXX object ps2xRuntime/parallel-gs-shadow/Granite/vulkan/CMakeFiles/granite-vulkan.dir/sampler.cpp.o
[150/322] Building CXX object ps2xRuntime/parallel-gs-shadow/Granite/vulkan/CMakeFiles/granite-vulkan.dir/command_pool.cpp.o
[151/322] Building CXX object ps2xRuntime/parallel-gs-shadow/Granite/vulkan/CMakeFiles/granite-vulkan.dir/fence_manager.cpp.o
[152/322] Building CXX object ps2xRuntime/parallel-gs-shadow/Granite/vulkan/CMakeFiles/granite-vulkan.dir/semaphore_manager.cpp.o
[153/322] Building CXX object ps2xRuntime/parallel-gs-shadow/Granite/vulkan/CMakeFiles/granite-vulkan.dir/descriptor_set.cpp.o
[154/322] Building CXX object ps2xRuntime/parallel-gs-shadow/Granite/vulkan/CMakeFiles/granite-vulkan.dir/shader.cpp.o
[155/322] Building CXX object ps2xRuntime/parallel-gs-shadow/Granite/vulkan/CMakeFiles/granite-vulkan.dir/buffer.cpp.o
[156/322] Building CXX object ps2xRuntime/parallel-gs-shadow/Granite/vulkan/CMakeFiles/granite-vulkan.dir/render_pass.cpp.o
[157/322] Building CXX object ps2xRuntime/parallel-gs-shadow/Granite/vulkan/CMakeFiles/granite-vulkan.dir/rtas.cpp.o
[158/322] Building CXX object ps2xRuntime/parallel-gs-shadow/Granite/vulkan/CMakeFiles/granite-vulkan.dir/command_buffer.cpp.o
/Users/brad/dev/ssx3-work/N8D5B/parallel-gs/Granite/vulkan/command_buffer.cpp:375:20: warning: unused function 'is_legacy_layout' [-Wunused-function]
  375 | static inline bool is_legacy_layout(VkImageLayout layout)
      |                    ^~~~~~~~~~~~~~~~
1 warning generated.
[159/322] Building CXX object ps2xRuntime/parallel-gs-shadow/Granite/vulkan/CMakeFiles/granite-vulkan.dir/indirect_layout.cpp.o
[160/322] Building CXX object ps2xRuntime/parallel-gs-shadow/Granite/vulkan/CMakeFiles/granite-vulkan.dir/semaphore.cpp.o
[161/322] Building CXX object ps2xRuntime/parallel-gs-shadow/Granite/vulkan/CMakeFiles/granite-vulkan.dir/device.cpp.o
[162/322] Building CXX object ps2xRuntime/parallel-gs-shadow/Granite/vulkan/CMakeFiles/granite-vulkan.dir/pipeline_cache.cpp.o
[163/322] Building CXX object ps2xRuntime/parallel-gs-shadow/Granite/vulkan/CMakeFiles/granite-vulkan.dir/fence.cpp.o
[164/322] Building CXX object ps2xRuntime/parallel-gs-shadow/Granite/vulkan/CMakeFiles/granite-vulkan.dir/event_manager.cpp.o
[165/322] Building CXX object ps2xRuntime/parallel-gs-shadow/Granite/vulkan/CMakeFiles/granite-vulkan.dir/texture/texture_format.cpp.o
[166/322] Building CXX object ps2xRuntime/parallel-gs-shadow/Granite/vulkan/CMakeFiles/granite-vulkan.dir/memory_allocator.cpp.o
[167/322] Linking CXX static library ps2xRecomp/libps2_recomp_lib.a
[168/322] Building CXX object ps2xRuntime/parallel-gs-shadow/Granite/vulkan/CMakeFiles/granite-vulkan.dir/pipeline_event.cpp.o
[169/322] Building CXX object ps2xRuntime/parallel-gs-shadow/Granite/vulkan/CMakeFiles/granite-vulkan.dir/breadcrumbs.cpp.o
[170/322] Building CXX object ps2xRuntime/parallel-gs-shadow/Granite/vulkan/CMakeFiles/granite-vulkan.dir/query_pool.cpp.o
[171/322] Building CXX object ps2xRuntime/parallel-gs-shadow/Granite/vulkan/CMakeFiles/granite-vulkan.dir/renderdoc_capture.cpp.o
[172/322] Building C object _deps/raylib-build/raylib/CMakeFiles/raylib.dir/rshapes.c.o
[173/322] Building C object _deps/raylib-build/raylib/CMakeFiles/raylib.dir/utils.c.o
[174/322] Building C object _deps/raylib-build/raylib/external/glfw/src/CMakeFiles/glfw.dir/context.c.o
[175/322] Building C object _deps/raylib-build/raylib/CMakeFiles/raylib.dir/rtext.c.o
[176/322] Building C object _deps/raylib-build/raylib/external/glfw/src/CMakeFiles/glfw.dir/init.c.o
[177/322] Building C object _deps/raylib-build/raylib/CMakeFiles/raylib.dir/rcore.c.o
[178/322] Building C object _deps/raylib-build/raylib/external/glfw/src/CMakeFiles/glfw.dir/input.c.o
[179/322] Building C object _deps/raylib-build/raylib/external/glfw/src/CMakeFiles/glfw.dir/monitor.c.o
[180/322] Building C object _deps/raylib-build/raylib/external/glfw/src/CMakeFiles/glfw.dir/platform.c.o
[181/322] Building C object _deps/raylib-build/raylib/external/glfw/src/CMakeFiles/glfw.dir/vulkan.c.o
[182/322] Building C object _deps/raylib-build/raylib/external/glfw/src/CMakeFiles/glfw.dir/window.c.o
[183/322] Building C object _deps/raylib-build/raylib/external/glfw/src/CMakeFiles/glfw.dir/osmesa_context.c.o
[184/322] Building C object _deps/raylib-build/raylib/external/glfw/src/CMakeFiles/glfw.dir/egl_context.c.o
[185/322] Building C object _deps/raylib-build/raylib/external/glfw/src/CMakeFiles/glfw.dir/null_init.c.o
[186/322] Building C object _deps/raylib-build/raylib/external/glfw/src/CMakeFiles/glfw.dir/null_monitor.c.o
[187/322] Building C object _deps/raylib-build/raylib/external/glfw/src/CMakeFiles/glfw.dir/null_window.c.o
[188/322] Building C object _deps/raylib-build/raylib/external/glfw/src/CMakeFiles/glfw.dir/null_joystick.c.o
[189/322] Building C object _deps/raylib-build/raylib/external/glfw/src/CMakeFiles/glfw.dir/cocoa_time.c.o
[190/322] Building C object _deps/raylib-build/raylib/external/glfw/src/CMakeFiles/glfw.dir/posix_module.c.o
[191/322] Building C object _deps/raylib-build/raylib/external/glfw/src/CMakeFiles/glfw.dir/posix_thread.c.o
[192/322] Building C object _deps/raylib-build/raylib/CMakeFiles/raylib.dir/rtextures.c.o
[193/322] Building C object _deps/raylib-build/raylib/CMakeFiles/raylib.dir/rmodels.c.o
[194/322] Building C object _deps/raylib-build/raylib/external/glfw/src/CMakeFiles/glfw.dir/cocoa_joystick.m.o
[195/322] Building C object _deps/raylib-build/raylib/external/glfw/src/CMakeFiles/glfw.dir/cocoa_init.m.o
[196/322] Building C object _deps/raylib-build/raylib/external/glfw/src/CMakeFiles/glfw.dir/cocoa_monitor.m.o
[197/322] Linking CXX static library ps2xRuntime/parallel-gs-shadow/Granite/math/libgranite-math.a
[198/322] Linking CXX static library ps2xRuntime/parallel-gs-shadow/Granite/vulkan/libgranite-vulkan.a
[199/322] Building C object _deps/raylib-build/raylib/external/glfw/src/CMakeFiles/glfw.dir/cocoa_window.m.o
[200/322] Building C object _deps/raylib-build/raylib/external/glfw/src/CMakeFiles/glfw.dir/nsgl_context.m.o
[201/322] Building CXX object ps2xRuntime/parallel-gs-shadow/gs/CMakeFiles/parallel-gs.dir/gs_util.cpp.o
[202/322] Building CXX object ps2xTest/CMakeFiles/e52_snippet_gen.dir/tools/e52_snippet_gen.cpp.o
[203/322] Building C object _deps/raylib-build/raylib/CMakeFiles/raylib.dir/raudio.c.o
In file included from /Users/brad/dev/ssx3-work/N8D5C/build/_deps/raylib-src/src/raudio.c:180:
In file included from /Users/brad/dev/ssx3-work/N8D5C/build/_deps/raylib-src/src/external/miniaudio.h:31814:
In file included from /Applications/Xcode.app/Contents/Developer/Platforms/MacOSX.platform/Developer/SDKs/MacOSX.sdk/System/Library/Frameworks/AudioToolbox.framework/Headers/AudioToolbox.h:43:
In file included from /Applications/Xcode.app/Contents/Developer/Platforms/MacOSX.platform/Developer/SDKs/MacOSX.sdk/System/Library/Frameworks/AudioToolbox.framework/Headers/MusicPlayer.h:44:
/Applications/Xcode.app/Contents/Developer/Platforms/MacOSX.platform/Developer/SDKs/MacOSX.sdk/System/Library/Frameworks/CoreMIDI.framework/Headers/MIDIServices.h:311:32: warning: redefinition of typedef 'MIDIEventList' is a C11 feature [-Wtypedef-redefinition]
  311 | typedef struct MIDIEventList                    MIDIEventList;                  // Universal MIDI Packet
      |                                                 ^
/Applications/Xcode.app/Contents/Developer/Platforms/MacOSX.platform/Developer/SDKs/MacOSX.sdk/System/Library/Frameworks/AudioToolbox.framework/Headers/MusicDevice.h:178:30: note: previous definition is here
  178 | typedef struct MIDIEventList MIDIEventList;
      |                              ^
In file included from /Users/brad/dev/ssx3-work/N8D5C/build/_deps/raylib-src/src/raudio.c:180:
In file included from /Users/brad/dev/ssx3-work/N8D5C/build/_deps/raylib-src/src/external/miniaudio.h:31814:
In file included from /Applications/Xcode.app/Contents/Developer/Platforms/MacOSX.platform/Developer/SDKs/MacOSX.sdk/System/Library/Frameworks/AudioToolbox.framework/Headers/AudioToolbox.h:43:
In file included from /Applications/Xcode.app/Contents/Developer/Platforms/MacOSX.platform/Developer/SDKs/MacOSX.sdk/System/Library/Frameworks/AudioToolbox.framework/Headers/MusicPlayer.h:44:
/Applications/Xcode.app/Contents/Developer/Platforms/MacOSX.platform/Developer/SDKs/MacOSX.sdk/System/Library/Frameworks/CoreMIDI.framework/Headers/MIDIServices.h:528:30: warning: redefinition of typedef 'MIDIEventList' is a C11 feature [-Wtypedef-redefinition]
  528 | typedef struct MIDIEventList MIDIEventList;
      |                              ^
/Applications/Xcode.app/Contents/Developer/Platforms/MacOSX.platform/Developer/SDKs/MacOSX.sdk/System/Library/Frameworks/CoreMIDI.framework/Headers/MIDIServices.h:311:32: note: previous definition is here
  311 | typedef struct MIDIEventList                    MIDIEventList;                  // Universal MIDI Packet
      |                                                 ^
/Applications/Xcode.app/Contents/Developer/Platforms/MacOSX.platform/Developer/SDKs/MacOSX.sdk/System/Library/Frameworks/CoreMIDI.framework/Headers/MIDIServices.h:1034:146: warning: unknown platform 'bridgeos' in availability macro [-Wavailability]
 1034 | extern const CFStringRef        kMIDIPropertyFactoryPatchNameFile               API_DEPRECATED_WITH_REPLACEMENT("kMIDIPropertyNameConfiguration", macos(10.1, 10.2)) MIDI_API_UNAVAILABLE_NON_MACOS;
      |                                                                                                                                                                      ^
/Applications/Xcode.app/Contents/Developer/Platforms/MacOSX.platform/Developer/SDKs/MacOSX.sdk/System/Library/Frameworks/CoreMIDI.framework/Headers/MIDIServices.h:79:20: note: expanded from macro 'MIDI_API_UNAVAILABLE_NON_MACOS'
   79 |         __OS_AVAILABILITY(bridgeos, unavailable) \
      |                           ^
/Applications/Xcode.app/Contents/Developer/Platforms/MacOSX.platform/Developer/SDKs/MacOSX.sdk/System/Library/Frameworks/CoreMIDI.framework/Headers/MIDIServices.h:1047:144: warning: unknown platform 'bridgeos' in availability macro [-Wavailability]
 1047 | extern const CFStringRef        kMIDIPropertyUserPatchNameFile                  API_DEPRECATED_WITH_REPLACEMENT("kMIDIPropertyNameConfiguration", macos(10.1, 10.2)) MIDI_API_UNAVAILABLE_NON_MACOS;
      |                                                                                                                                                                      ^
/Applications/Xcode.app/Contents/Developer/Platforms/MacOSX.platform/Developer/SDKs/MacOSX.sdk/System/Library/Frameworks/CoreMIDI.framework/Headers/MIDIServices.h:79:20: note: expanded from macro 'MIDI_API_UNAVAILABLE_NON_MACOS'
   79 |         __OS_AVAILABILITY(bridgeos, unavailable) \
      |                           ^
In file included from /Users/brad/dev/ssx3-work/N8D5C/build/_deps/raylib-src/src/raudio.c:218:
/Users/brad/dev/ssx3-work/N8D5C/build/_deps/raylib-src/src/external/stb_vorbis.c:1404:75: warning: pointer comparison always evaluates to false [-Wtautological-compare]
 1404 |       if (f->stream_start + loc >= f->stream_end || f->stream_start + loc < f->stream_start) {
      |                                                                           ^
5 warnings generated.
[204/322] Building CXX object ps2xRuntime/parallel-gs-shadow/gs/CMakeFiles/parallel-gs.dir/page_tracker.cpp.o
[205/322] Building CXX object ps2xTest/CMakeFiles/e54d_lwu_snippet_gen.dir/tools/e54d_lwu_snippet_gen.cpp.o
[206/322] Building CXX object ps2xIOP/CMakeFiles/ps2_iop.dir/src/builtin_profiles.cpp.o
[207/322] Building CXX object ps2xIOP/CMakeFiles/ps2_iop.dir/src/modules/dbcman.cpp.o
[208/322] Building CXX object ps2xIOP/CMakeFiles/ps2_iop.dir/src/modules/libsd.cpp.o
[209/322] Building CXX object ps2xIOP/CMakeFiles/ps2_iop.dir/src/iop_subsystem.cpp.o
[210/322] Building CXX object ps2xIOP/CMakeFiles/ps2_iop.dir/src/plugin_loader.cpp.o
[211/322] Building CXX object ps2xRuntime/parallel-gs-shadow/gs/CMakeFiles/parallel-gs.dir/gs_interface.cpp.o
[212/322] Building CXX object ps2xIOP/CMakeFiles/ps2_iop.dir/src/modules/mcserv.cpp.o
[213/322] Building CXX object ps2xIOP/CMakeFiles/ps2_iop.dir/src/modules/tsnddrv.cpp.o
[214/322] Building CXX object ps2xIOP/CMakeFiles/ps2_iop.dir/src/modules/clfile.cpp.o
[215/322] Building CXX object ps2xIOP/CMakeFiles/ps2_iop.dir/src/modules/sound_update_stub.cpp.o
[216/322] Building CXX object ps2xIOP/CMakeFiles/ps2_iop.dir/src/modules/cri_dtx.cpp.o
[217/322] Linking C static library _deps/raylib-build/raylib/libraylib.a
[218/322] Building CXX object ps2xRuntime/parallel-gs-shadow/gs/CMakeFiles/parallel-gs.dir/gs_renderer.cpp.o
[219/322] Linking CXX static library ps2xRuntime/parallel-gs-shadow/gs/libparallel-gs.a
[220/322] Building CXX object ps2xIOP/CMakeFiles/ps2_iop.dir/src/modules/sdrdrv.cpp.o
[221/322] Linking CXX static library ps2xIOP/libps2_iop.a
[222/322] Building CXX object ps2xRuntime/CMakeFiles/ps2_gs_shadow.dir/src/lib/gs/ps2_gs_shadow.cpp.o
[223/322] Building CXX object ps2xRuntime/CMakeFiles/ps2_runtime.dir/src/lib/gs/ps2_gif_arbiter.cpp.o
[224/322] Building CXX object ps2xRuntime/CMakeFiles/ps2_gs_shadow.dir/src/lib/gs/ps2_gs_parallel_backend.cpp.o
[225/322] Building CXX object ps2xRuntime/CMakeFiles/ps2_runtime.dir/src/lib/gs/gs_stream_capture.cpp.o
[226/322] Building CXX object ps2xRuntime/CMakeFiles/ps2_runtime.dir/src/lib/gs/gs_worker.cpp.o
[227/322] Building CXX object ps2xRuntime/CMakeFiles/ps2_runtime.dir/src/lib/gs/ps2_gs_memory.cpp.o
In file included from /Users/brad/dev/ssx3-work/N8D5C/PS2Recomp/ps2xRuntime/src/lib/gs/ps2_gs_memory.cpp:3:
/Users/brad/dev/ssx3-work/N8D5C/PS2Recomp/ps2xRuntime/include/runtime/gs/ps2_gs_memory.h:67:11: warning: enumeration value 'Max' not handled in switch [-Wswitch]
   67 |                 switch (psm)
      |                         ^~~
/Users/brad/dev/ssx3-work/N8D5C/PS2Recomp/ps2xRuntime/include/runtime/gs/ps2_gs_memory.h:91:11: warning: enumeration value 'Max' not handled in switch [-Wswitch]
   91 |                 switch (psm)
      |                         ^~~
/Users/brad/dev/ssx3-work/N8D5C/PS2Recomp/ps2xRuntime/include/runtime/gs/ps2_gs_memory.h:168:11: warning: 9 enumeration values not handled in switch: 'C32', 'C24', 'C16'... [-Wswitch]
  168 |                 switch (psm)
      |                         ^~~
/Users/brad/dev/ssx3-work/N8D5C/PS2Recomp/ps2xRuntime/include/runtime/gs/ps2_gs_memory.h:325:11: warning: no case matching constant switch condition '49'
  325 |                 switch (psm)
      |                         ^~~
/Users/brad/dev/ssx3-work/N8D5C/PS2Recomp/ps2xRuntime/include/runtime/gs/ps2_gs_memory.h:236:47: note: in instantiation of member function 'GSMem::PixelStorageTraits<GSMem::PixelStorageMode::Z24>::ColumnExtent' requested here
  236 |                 using ColumnLookupTableT = LookupTable<u16, ColumnExtent().x, ColumnExtent().y>;
      |                                                             ^
/Users/brad/dev/ssx3-work/N8D5C/PS2Recomp/ps2xRuntime/src/lib/gs/ps2_gs_memory.cpp:240:9: note: in instantiation of template class 'GSMem::PixelStorageTraits<GSMem::PixelStorageMode::Z24>' requested here
  240 |         PixelStorageTraits<Z24>::Write(PageTableZ32, data, bp, bw, x, y, value);
      |         ^
4 warnings generated.
[228/322] Building CXX object ps2xRuntime/CMakeFiles/ps2_runtime.dir/src/lib/game_overrides.cpp.o
[229/322] Building CXX object ps2xRuntime/CMakeFiles/ps2_runtime.dir/src/lib/ps2_audio.cpp.o
[230/322] Building CXX object ps2xRuntime/CMakeFiles/ps2_runtime.dir/src/lib/ps2_audio_vag.cpp.o
[231/322] Building CXX object ps2xRuntime/CMakeFiles/ps2_runtime.dir/src/lib/gs/gs_cpu_backend.cpp.o
In file included from /Users/brad/dev/ssx3-work/N8D5C/PS2Recomp/ps2xRuntime/src/lib/gs/gs_cpu_backend.cpp:7:
/Users/brad/dev/ssx3-work/N8D5C/PS2Recomp/ps2xRuntime/include/runtime/gs/ps2_gs_memory.h:67:11: warning: enumeration value 'Max' not handled in switch [-Wswitch]
   67 |                 switch (psm)
      |                         ^~~
/Users/brad/dev/ssx3-work/N8D5C/PS2Recomp/ps2xRuntime/include/runtime/gs/ps2_gs_memory.h:91:11: warning: enumeration value 'Max' not handled in switch [-Wswitch]
   91 |                 switch (psm)
      |                         ^~~
/Users/brad/dev/ssx3-work/N8D5C/PS2Recomp/ps2xRuntime/include/runtime/gs/ps2_gs_memory.h:168:11: warning: 9 enumeration values not handled in switch: 'C32', 'C24', 'C16'... [-Wswitch]
  168 |                 switch (psm)
      |                         ^~~
3 warnings generated.
[232/322] Building CXX object ps2xRuntime/CMakeFiles/ps2_runtime.dir/src/lib/ps2_pad.cpp.o
[233/322] Building CXX object ps2xRuntime/CMakeFiles/ps2_runtime.dir/src/lib/gs/gs_frontend.cpp.o
[234/322] Building CXX object ps2xRuntime/CMakeFiles/ps2_runtime.dir/src/lib/ps2_iop_host.cpp.o
[235/322] Building CXX object ps2xRuntime/CMakeFiles/ps2_runtime.dir/src/lib/ps2_memory.cpp.o
[236/322] Linking CXX executable ps2xTest/e54d_lwu_snippet_gen
[237/322] Linking CXX executable ps2xTest/e52_snippet_gen
[238/322] Building CXX object ps2xRuntime/CMakeFiles/ps2_runtime.dir/src/lib/vu/ps2_vu1_upper.cpp.o
[239/322] Building CXX object ps2xRuntime/CMakeFiles/ps2_runtime.dir/src/lib/games_database.cpp.o
[240/322] Building CXX object ps2xRuntime/CMakeFiles/ps2_runtime.dir/src/lib/vu/ps2_vu1_lower.cpp.o
[241/322] Building CXX object ps2xRuntime/CMakeFiles/ps2_runtime.dir/src/lib/ps2_vif1_interpreter.cpp.o
[242/322] Building CXX object ps2xRuntime/CMakeFiles/ps2_runtime.dir/src/lib/vu/ps2_vu1_core.cpp.o
/Users/brad/dev/ssx3-work/N8D5C/PS2Recomp/ps2xRuntime/src/lib/vu/ps2_vu1_core.cpp:2459:5: warning: 'snprintf' will always be truncated; specified size is 32, but format string expands to at least 44 [-Wformat-truncation]
 2459 |     std::snprintf(num, sizeof(num), " mac=%08x status=%08x clip=%08x",
      |     ^
1 warning generated.
[243/322] Building CXX object ps2xRuntime/CMakeFiles/ps2_runtime.dir/src/lib/Kernel/Stubs/Audio.cpp.o
[244/322] Building CXX object ps2xRuntime/CMakeFiles/ps2_runtime.dir/src/lib/ps2_runtime.cpp.o
[245/322] Building CXX object ps2xRuntime/CMakeFiles/ps2_runtime.dir/src/lib/Kernel/Stubs/Compatibility.cpp.o
[246/322] Building CXX object ps2xRuntime/CMakeFiles/ps2_runtime.dir/src/lib/Kernel/Stubs/DMA.cpp.o
[247/322] Building CXX object ps2xRuntime/CMakeFiles/ps2_runtime.dir/src/lib/Kernel/Stubs/CD.cpp.o
[248/322] Building CXX object ps2xRuntime/CMakeFiles/ps2_runtime.dir/src/lib/Kernel/Stubs/Deci2.cpp.o
[249/322] Building CXX object ps2xRuntime/CMakeFiles/ps2_runtime.dir/src/lib/Kernel/Stubs/FileIO.cpp.o
[250/322] Building CXX object ps2xRuntime/CMakeFiles/ps2_runtime.dir/src/lib/Kernel/Stubs/Font.cpp.o
[251/322] Building CXX object ps2xRuntime/CMakeFiles/ps2_runtime.dir/src/lib/Kernel/Stubs/IPU.cpp.o
[252/322] Building CXX object ps2xRuntime/CMakeFiles/ps2_runtime.dir/src/lib/Kernel/Stubs/GS.cpp.o
[253/322] Building CXX object ps2xRuntime/CMakeFiles/ps2_runtime.dir/src/lib/Kernel/Stubs/LibC.cpp.o
[254/322] Building CXX object ps2xRuntime/CMakeFiles/ps2_runtime.dir/src/lib/Kernel/EeScheduler.cpp.o
[255/322] Building CXX object ps2xRuntime/CMakeFiles/ps2_runtime.dir/src/lib/Kernel/Stubs/RPC.cpp.o
[256/322] Building CXX object ps2xRuntime/CMakeFiles/ps2_runtime.dir/src/lib/Kernel/Stubs/MemoryCard.cpp.o
[257/322] Building CXX object ps2xRuntime/CMakeFiles/ps2_runtime.dir/src/lib/Kernel/Stubs/MPEG.cpp.o
[258/322] Building CXX object ps2xRuntime/CMakeFiles/ps2_runtime.dir/src/lib/Kernel/Stubs/Ssx3Movie.cpp.o
[259/322] Building CXX object ps2xRuntime/CMakeFiles/ps2_runtime.dir/src/lib/Kernel/Stubs/Pad.cpp.o
[260/322] Building CXX object ps2xRuntime/CMakeFiles/ps2_runtime.dir/src/lib/Kernel/Stubs/SIF.cpp.o
[261/322] Building CXX object ps2xRuntime/CMakeFiles/ps2_runtime.dir/src/lib/Kernel/Stubs/System.cpp.o
[262/322] Building CXX object ps2xRuntime/CMakeFiles/ps2_runtime.dir/src/lib/Kernel/Stubs/TTY.cpp.o
[263/322] Building CXX object ps2xRuntime/CMakeFiles/ps2_runtime.dir/src/lib/Kernel/Stubs/Unimplemented.cpp.o
[264/322] Building CXX object ps2xRuntime/CMakeFiles/ps2_runtime.dir/src/lib/Kernel/Stubs/VU.cpp.o
[265/322] Building CXX object ps2xRuntime/CMakeFiles/ps2_runtime.dir/src/lib/Kernel/Syscalls/Deci2.cpp.o
[266/322] Building CXX object ps2xRuntime/CMakeFiles/ps2_runtime.dir/src/lib/Kernel/Syscalls/Dispatcher.cpp.o
[267/322] Building CXX object ps2xRuntime/CMakeFiles/ps2_runtime.dir/src/lib/Kernel/Syscalls/Interrupt.cpp.o
[268/322] Building CXX object ps2xRuntime/CMakeFiles/ps2_runtime.dir/src/lib/Kernel/Syscalls/FileIO.cpp.o
[269/322] Building CXX object ps2xRuntime/CMakeFiles/ps2_runtime.dir/src/lib/Kernel/Syscalls/Ssx3CopiedPayload.cpp.o
[270/322] Linking CXX static library ps2xRuntime/libps2_gs_shadow.a
[271/322] Building CXX object ps2xRuntime/CMakeFiles/ps2_runtime.dir/src/lib/Kernel/Syscalls/Sync.cpp.o
[272/322] Building CXX object ps2xRuntime/CMakeFiles/ps2_runtime.dir/src/lib/Kernel/Syscalls/TraceChannel.cpp.o
[273/322] Building CXX object ps2xRuntime/CMakeFiles/ps2_runtime.dir/src/lib/Kernel/Syscalls/RPC.cpp.o
[274/322] Building CXX object ps2xAnalyzer/CMakeFiles/ps2_analyzer_lib.dir/src/analysis_passes.cpp.o
[275/322] Building CXX object ps2xAnalyzer/CMakeFiles/ps2_analyzer_lib.dir/src/elf_analysis_context.cpp.o
[276/322] Building CXX object ps2xRuntime/CMakeFiles/ps2_runtime.dir/src/lib/Kernel/Syscalls/System.cpp.o
/Users/brad/dev/ssx3-work/N8D5C/PS2Recomp/ps2xRuntime/src/lib/Kernel/Syscalls/System.cpp:1099:65: warning: format specifies type 'unsigned int' but the argument has type 'char *' [-Wformat]
 1099 |                     std::snprintf(src, sizeof(src), "src=0x%x", src);
      |                                                            ~~   ^~~
      |                                                            %s
1 warning generated.
[277/322] Generating e52_generated/e52_snippets.h
[278/322] Generating e54d_generated/e54d_lwu_snippets.h
[279/322] Building CXX object ps2xRuntime/CMakeFiles/ps2_runtime.dir/src/lib/Kernel/Syscalls/Thread.cpp.o
[280/322] Linking CXX static library ps2xRuntime/libps2_runtime.a
[281/322] Building CXX object ps2xAnalyzer/CMakeFiles/ps2_analyzer_lib.dir/src/function_classifier.cpp.o
[282/322] Building CXX object ps2xAnalyzer/CMakeFiles/ps2_analyzer_lib.dir/src/toml_generator.cpp.o
[283/322] Building CXX object ps2xTest/CMakeFiles/ps2_test_lib.dir/src/r5900_decoder_tests.cpp.o
[284/322] Building CXX object ps2xTest/CMakeFiles/ps2_test_lib.dir/src/elf_analyzer_tests.cpp.o
[285/322] Building CXX object ps2xAnalyzer/CMakeFiles/ps2_analyzer_lib.dir/src/elf_analyzer.cpp.o
[286/322] Building CXX object ps2xTest/CMakeFiles/ps2_test_lib.dir/src/ps2_present_fallback_tests.cpp.o
[287/322] Building CXX object ps2xTest/CMakeFiles/ps2_test_lib.dir/src/pad_input_tests.cpp.o
[288/322] Building CXX object ps2xTest/CMakeFiles/ps2_test_lib.dir/src/ps2_virtual_pad_tests.cpp.o
[289/322] Building CXX object ps2xAnalyzer/CMakeFiles/ps2_analyzer_lib.dir/src/sce_symbol_scanner.cpp.o
[290/322] Linking CXX static library ps2xAnalyzer/libps2_analyzer_lib.a
[291/322] Building CXX object ps2xTest/CMakeFiles/ps2_test_lib.dir/src/ps2_env_file_tests.cpp.o
[292/322] Building CXX object ps2xTest/CMakeFiles/ps2_test_lib.dir/src/ps2_android_env_tests.cpp.o
[293/322] Building CXX object ps2xTest/CMakeFiles/ps2_test_lib.dir/src/ps2_runtime_io_tests.cpp.o
[294/322] Building CXX object ps2xTest/CMakeFiles/ps2_test_lib.dir/src/ps2_runtime_interrupt_tests.cpp.o
[295/322] Building CXX object ps2xTest/CMakeFiles/ps2_test_lib.dir/src/code_generator_tests.cpp.o
[296/322] Building CXX object ps2xTest/CMakeFiles/ps2_test_lib.dir/src/ps2_vu1_tests.cpp.o
[297/322] Building CXX object ps2xTest/CMakeFiles/ps2_test_lib.dir/src/ps2_memory_tests.cpp.o
[298/322] Building CXX object ps2xTest/CMakeFiles/ps2_test_lib.dir/src/ps2_runtime_kernel_tests.cpp.o
[299/322] Building CXX object ps2xTest/CMakeFiles/ps2_test_lib.dir/src/ps2_gs_replay_tests.cpp.o
[300/322] Building CXX object ps2xTest/CMakeFiles/ps2_test_lib.dir/src/ps2_vu_tests.cpp.o
[301/322] Building CXX object ps2xTest/CMakeFiles/ps2_test_lib.dir/src/ps2_gs_queue_tests.cpp.o
[302/322] Building CXX object ps2xTest/CMakeFiles/ps2_test_lib.dir/src/ps2_gs_shadow_tests.cpp.o
[303/322] Building CXX object ps2xTest/CMakeFiles/ps2_test_lib.dir/src/ps2_iop_tests.cpp.o
[304/322] Building CXX object ps2xTest/CMakeFiles/ps2_test_lib.dir/src/ps2_sif_dma_tests.cpp.o
[305/322] Building CXX object ps2xTest/CMakeFiles/ps2_test_lib.dir/src/ps2_sif_rpc_tests.cpp.o
[306/322] Building CXX object ps2xTest/CMakeFiles/ps2_test_lib.dir/src/ps2_gs_tests.cpp.o
In file included from /Users/brad/dev/ssx3-work/N8D5C/PS2Recomp/ps2xTest/src/ps2_gs_tests.cpp:10:
/Users/brad/dev/ssx3-work/N8D5C/PS2Recomp/ps2xRuntime/include/runtime/gs/ps2_gs_memory.h:67:11: warning: enumeration value 'Max' not handled in switch [-Wswitch]
   67 |                 switch (psm)
      |                         ^~~
/Users/brad/dev/ssx3-work/N8D5C/PS2Recomp/ps2xRuntime/include/runtime/gs/ps2_gs_memory.h:91:11: warning: enumeration value 'Max' not handled in switch [-Wswitch]
   91 |                 switch (psm)
      |                         ^~~
/Users/brad/dev/ssx3-work/N8D5C/PS2Recomp/ps2xRuntime/include/runtime/gs/ps2_gs_memory.h:168:11: warning: 9 enumeration values not handled in switch: 'C32', 'C24', 'C16'... [-Wswitch]
  168 |                 switch (psm)
      |                         ^~~
3 warnings generated.
[307/322] Building CXX object ps2xTest/CMakeFiles/ps2_test_lib.dir/src/ps2_gfx_stats_tests.cpp.o
[308/322] Building CXX object ps2xTest/CMakeFiles/ps2_test_lib.dir/src/ps2_runtime_expansion_tests.cpp.o
[309/322] Building CXX object ps2xTest/CMakeFiles/ps2_test_lib.dir/src/ps2_vif_mpg_log_tests.cpp.o
[310/322] Building CXX object ps2xTest/CMakeFiles/ps2_test_lib.dir/src/ps2_recompiler_tests.cpp.o
[311/322] Building CXX object ps2xTest/CMakeFiles/ps2_test_lib.dir/src/ps2_vu1_trace_tests.cpp.o
[312/322] Building CXX object ps2xTest/CMakeFiles/ps2_test_lib.dir/src/ps2_vu1_entry_trace_tests.cpp.o
[313/322] Building CXX object ps2xTest/CMakeFiles/ps2_test_lib.dir/src/ps2_fpu_semantics_tests.cpp.o
[314/322] Building CXX object ps2xTest/CMakeFiles/ps2_test_lib.dir/src/ps2_mmi_interleave_tests.cpp.o
[315/322] Building CXX object ps2xTest/CMakeFiles/ps2_test_lib.dir/src/ps2_lwu_tests.cpp.o
[316/322] Building CXX object ps2xTest/CMakeFiles/ps2_test_function_table.dir/src/test_function_table.cpp.o
[317/322] Building CXX object ps2xTest/CMakeFiles/ps2_test_lib.dir/src/ps2_fpu_cop2_audit_tests.cpp.o
[318/322] Building CXX object ps2xTest/CMakeFiles/ps2_test_lib.dir/src/ps2_ee_count_tests.cpp.o
[319/322] Building CXX object ps2xTest/CMakeFiles/ps2x_tests.dir/src/main.cpp.o
[320/322] Linking CXX static library ps2xTest/libps2_test_lib.a
[321/322] Linking CXX executable ps2xTest/ps2x_tests
ld: warning: ignoring duplicate libraries: 'ps2xRecomp/libps2_recomp_lib.a'
