[00:21:32] PRE lease="LEASE_FREE VK2 done" keyguard="showing=false" battery=100% ac=true pid0=none
[00:21:32] PRE device-env=a8d651a7e55f7e29f1345f28f4ea634e06ae757f535e29439ab61c930bcc0ebd mc0-test='' mc0-bad=[]
[00:21:32] APK local sha x2 4ff81032a175689be276819381f5ff52710e37101f99289d76b25a5c95609753 4ff81032a175689be276819381f5ff52710e37101f99289d76b25a5c95609753
[00:21:35] INSTALL Performing Streamed Install Success
[00:21:35] INSTALLED /data/app/~~ClPs2APKHtyNqHKpSR3FLA==/com.ps2x.runner-cPgazGEU5uazRzRPxLBq6g==/base.apk sha=4ff81032a175689be276819381f5ff52710e37101f99289d76b25a5c95609753 match=True
[00:21:35] ENV 9c39f9c1c82093763428c940a8ed9afdca0e9f484f3b88f1461b3587a5e5c6d5  /storage/emulated/0/Android/data/com.ps2x.runner/files/ps2x.env
[00:21:35 t+    0.1] AM Starting: Intent { cmp=com.ps2x.runner/android.app.NativeActivity }
[00:21:41 t+    6.1] FOCUS app-foreground, no BACK ('mCurrentFocus=Window{2502aa9 u0 com.ps2x.runner/android.app.NativeActivity}')
[00:21:44 t+    8.3] LAYER 'com.ps2x.runner/android.app.NativeActivity#19884' tried=['com.ps2x.runner/android.app.NativeActivity#19883', 'RequestedLayerState{2502aa9 com.ps2x.runner/android.app.NativeActivity#19883 parentId=19874}', 'com.ps2x.runner/android.app.NativeActivity#19884']
[00:22:52 t+   76.4] SCAP sc01-tick2100-t76.png tick~2114
[00:23:54 t+  138.4] SCAP sc02-tick3000-t137.png tick~3001
[00:25:04 t+  208.7] SCAP sc03-tick4000-t208.png tick~4068
[00:25:28 t+  232.3] STOP tick 4502 >= 4500
[00:25:28 t+  232.6] SCAP sc04-final-t232.png tick~4502
[00:25:29 t+  234.1] THREADS
Threads: 29 total,   1 running,  28 sleeping,   0 stopped,   0 zombie
  Mem:  7342756K total,  5066640K used,  2276116K free,      548K buffers
 Swap: 10485752K total,   687952K used,  9797800K free,  2251464K cached
800%cpu 100%user   0%nice  15%sys 673%idle   0%iow   8%irq   4%sirq   0%host
  TID USER         PR  NI VIRT  RES  SHR S[%CPU] %MEM     TIME+ THREAD          PROCESS
 9608 u0_a113      10 -10  17G 726M 481M R 73.0  10.1   2:40.48 GameThread      com.ps2x.runner
 9589 u0_a113      10 -10  17G 726M 481M S 11.5  10.1   0:37.49 GsWorker        com.ps2x.runner
 9587 u0_a113      10 -10  17G 726M 481M S  7.6  10.1   0:13.90 com.ps2x.runner com.ps2x.runner
 9619 u0_a113      10 -10  17G 726M 481M S  0.0  10.1   0:00.00 com.ps2x.runner com.ps2x.runner
 9618 u0_a113      10 -10  17G 726M 481M S  0.0  10.1   0:00.00 com.ps2x.runner com.ps2x.runner
 9616 u0_a113      20   0  17G 726M 481M S  0.0  10.1   0:00.00 InteractionJank com.ps2x.runner
 9615 u0_a113      20   0  17G 726M 481M S  0.0  10.1   0:00.16 binder:9567_3   com.ps2x.runner
 9610 u0_a113      10 -10  17G 726M 481M S  0.0  10.1   0:00.22 PGS-Waiter      com.ps2x.runner
 9609 u0_a113      39  19  17G 726M 481M S  0.0  10.1   0:00.00 com.ps:traceq0  com.ps2x.runner
 9606 u0_a113      -3 -10  17G 726M 481M S  0.0  10.1   0:00.83 AAudio_1        com.ps2x.runner
 9594 u0_a113      10 -10  17G 726M 481M S  0.0  10.1   0:00.00 com.ps2x.runner com.ps2x.runner
 9595 u0_a113      20   0  17G 726M 481M S  0.0  10.1   0:00.19 binder:9567_4   com.ps2x.runner
 9593 u0_a113      20   0  17G 726M 481M S  0.0  10.1   0:00.00 InsetsAnimation com.ps2x.runner
 9592 u0_a113      20   0  17G 726M 481M S  0.0  10.1   0:00.00 SurfaceSyncGrou com.ps2x.runner
 9591 u0_a113      10 -10  17G 726M 481M S  0.0  10.1   0:00.00 VsyncReceiver   com.ps2x.runner

[00:25:29 t+  234.2] BATTERY status: 5 level: 100
[00:25:32 t+  236.6] RESTORE a8d651a7e55f7e29f1345f28f4ea634e06ae757f535e29439ab61c930bcc0ebd match=True
[00:25:32 t+  236.8] MC0-AFTER bad=[]
[00:25:32 t+  236.8] END pid-after=none disconnects=0
