[05:59:48] PRE lease="LEASE_FREE CP1-R2b done" keyguard="showing=false" battery=100% ac=true pid0=none
[05:59:48] PRE device-env=ef9f94e11ecda70afe6fdc7602fcf22c259c6748660816cf23937df54989a390 mc0-test='' mc0-bad=[]
[05:59:48] LEASE claimed via odin_lease.sh: CLAIMED
[05:59:48] APK local sha x2 484dc4dbbf0266a2907080a3537522c81817d15f03f71878e99d436a85a268c7 484dc4dbbf0266a2907080a3537522c81817d15f03f71878e99d436a85a268c7
[05:59:51] INSTALL Performing Streamed Install Success
[05:59:51] INSTALLED /data/app/~~YDyxQ4tLl6eq7HL_zHMd0A==/com.ps2x.runner-L_6X5tnLMpV4oRw3R_yVtw==/base.apk sha=484dc4dbbf0266a2907080a3537522c81817d15f03f71878e99d436a85a268c7 match=True
[06:00:32] PRE lease="LEASE_FREE CP1 done" keyguard="showing=false" battery=100% ac=true pid0=none
[06:00:32] PRE device-env=ef9f94e11ecda70afe6fdc7602fcf22c259c6748660816cf23937df54989a390 mc0-test='' mc0-bad=[]
[06:00:32] LEASE claimed via odin_lease.sh: CLAIMED
[06:00:32] APK local sha x2 484dc4dbbf0266a2907080a3537522c81817d15f03f71878e99d436a85a268c7 484dc4dbbf0266a2907080a3537522c81817d15f03f71878e99d436a85a268c7
[06:00:35] INSTALL Performing Streamed Install Success
[06:00:35] INSTALLED /data/app/~~T27P8WNqtqHGgADbQcOQ5A==/com.ps2x.runner-fUQYapZ6NIFxSYXNr919Bw==/base.apk sha=484dc4dbbf0266a2907080a3537522c81817d15f03f71878e99d436a85a268c7 match=True
[06:00:35] ENV cb69ad793e9e74e61b43a6f8ef0b2217f2f2f5d9b9146d4f8494b56364c0d03f  /storage/emulated/0/Android/data/com.ps2x.runner/files/ps2x.env
[06:00:36 t+    0.1] AM Starting: Intent { cmp=com.ps2x.runner/android.app.NativeActivity }
[06:00:42 t+    6.1] FOCUS app-foreground, no BACK ('mCurrentFocus=Window{2823743 u0 com.ps2x.runner/android.app.NativeActivity}')
[06:00:44 t+    8.3] LAYER 'com.ps2x.runner/android.app.NativeActivity#22219' tried=['com.ps2x.runner/android.app.NativeActivity#22219']
[06:01:23 t+   47.7] CPUWIN start tick=1950
[06:01:34 t+   58.2] SCAP sc01-tick2100-t57.png tick~2148
[06:01:53 t+   77.8] CPUWIN end tick=2577
[06:02:14 t+   98.2] SCAP sc02-tick3000-t97.png tick~3049
[06:02:53 t+  136.9] SCAP sc03-tick4000-t136.png tick~4006
[06:03:12 t+  156.7] STOP tick 4563 >= 4500
[06:03:13 t+  157.2] SCAP sc04-final-t156.png tick~4563
[06:03:14 t+  158.6] THREADS
Threads: 28 total,   0 running,  28 sleeping,   0 stopped,   0 zombie
  Mem:  7342756K total,  4990588K used,  2352168K free,      632K buffers
 Swap: 10485752K total,   661056K used,  9824696K free,  2289404K cached
800%cpu  96%user   0%nice  31%sys 665%idle   0%iow   8%irq   0%sirq   0%host
  TID USER         PR  NI VIRT  RES  SHR S[%CPU] %MEM     TIME+ THREAD          PROCESS
14879 u0_a113      10 -10  17G 759M 519M S 57.6  10.5   1:18.96 MTVU            com.ps2x.runner
14869 u0_a113      10 -10  17G 759M 519M S 30.7  10.5   0:38.11 GameThread      com.ps2x.runner
14848 u0_a113      10 -10  17G 759M 519M S 26.9  10.5   0:31.83 GsWorker        com.ps2x.runner
14877 u0_a113      20   0  17G 759M 519M S  0.0  10.5   0:00.00 InteractionJank com.ps2x.runner
14876 u0_a113      20   0  17G 759M 519M S  0.0  10.5   0:00.00 binder:14828_4  com.ps2x.runner
14871 u0_a113      10 -10  17G 759M 519M S  0.0  10.5   0:00.21 PGS-Waiter      com.ps2x.runner
14870 u0_a113      39  19  17G 759M 519M S  0.0  10.5   0:00.00 com.ps:traceq0  com.ps2x.runner
14868 u0_a113      -3 -10  17G 759M 519M S  0.0  10.5   0:00.56 AAudio_1        com.ps2x.runner
14862 u0_a113      20   0  17G 759M 519M S  0.0  10.5   0:00.00 binder:14828_4  com.ps2x.runner
14861 u0_a113      10 -10  17G 759M 519M S  0.0  10.5   0:00.00 com.ps2x.runner com.ps2x.runner
14853 u0_a113      20   0  17G 759M 519M S  0.0  10.5   0:00.00 binder:14828_3  com.ps2x.runner
14854 u0_a113      20   0  17G 759M 519M S  0.0  10.5   0:00.00 InsetsAnimation com.ps2x.runner
14851 u0_a113      10 -10  17G 759M 519M S  0.0  10.5   0:00.00 VsyncReceiver   com.ps2x.runner
14852 u0_a113      20   0  17G 759M 519M S  0.0  10.5   0:00.00 SurfaceSyncGrou com.ps2x.runner
14846 u0_a113      10 -10  17G 759M 519M S  0.0  10.5   0:00.31 com.ps2x.runner com.ps2x.runner

[06:03:14 t+  158.6] BATTERY status: 5 level: 100
[06:03:17 t+  161.1] RESTORE ef9f94e11ecda70afe6fdc7602fcf22c259c6748660816cf23937df54989a390 match=True
[06:03:17 t+  161.4] MC0-AFTER bad=[]
[06:03:17 t+  161.4] END pid-after=none disconnects=0
