Launched application with org.ps2x.ps2entryrunner bundle identifier.
Waiting for the application to terminate…
Using argv boot path
2026-09-20 23:52:18.415 ps2EntryRunner[4080:2445111] You need UIApplicationSupportsIndirectInputEvents in your Info.plist for mouse support
INFO: Initializing raylib 5.5
INFO: Platform backend: DESKTOP (SDL)
INFO: Supported raylib modules:
INFO:     > rcore:..... loaded (mandatory)
INFO:     > rlgl:...... loaded (mandatory)
INFO:     > rshapes:... loaded (optional)
INFO:     > rtextures:. loaded (optional)
INFO:     > rtext:..... loaded (optional)
INFO:     > rmodels:... loaded (optional)
INFO:     > raudio:.... loaded (optional)
INFO: DISPLAY: Device initialized successfully
INFO:     > Display size: 820 x 1180
INFO:     > Screen size:  640 x 448
INFO:     > Render size:  640 x 448
INFO:     > Viewport offsets: 0, 0
INFO: GLAD: OpenGL ES 2.0 loaded successfully
INFO: GL: Supported extensions count: 43
INFO: GL: OpenGL device information:
INFO:     > Vendor:   Apple Inc.
INFO:     > Renderer: Apple M2 GPU
INFO:     > Version:  OpenGL ES 2.0 Metal - 105
INFO:     > GLSL:     OpenGL ES GLSL ES 1.00
INFO: GL: VAO extension detected, VAO functions loaded successfully
WARNING: GL: NPOT textures extension not found, limited NPOT support (no-mipmaps, no-repeat)
INFO: GL: PVRT compressed textures supported
INFO: PLATFORM: DESKTOP (SDL): Initialized successfully
INFO: TEXTURE: [ID 1] Texture loaded successfully (1x1 | R8G8B8A8 | 1 mipmaps)
INFO: TEXTURE: [ID 1] Default texture loaded successfully
INFO: SHADER: [ID 1] Vertex shader compiled successfully
INFO: SHADER: [ID 2] Fragment shader compiled successfully
INFO: SHADER: [ID 3] Program shader loaded successfully
INFO: SHADER: [ID 3] Default shader loaded successfully
INFO: RLGL: Render batch vertex buffers loaded successfully in RAM (CPU)
INFO: RLGL: Render batch vertex buffers loaded successfully in VRAM (GPU)
INFO: RLGL: Default OpenGL state initialized successfully
INFO: TEXTURE: [ID 2] Texture loaded successfully (128x128 | GRAY_ALPHA | 1 mipmaps)
INFO: FONT: Default font loaded successfully (224 glyphs)
INFO: SYSTEM: Working Directory: /private/var/containers/Bundle/Application/A5148C04-D14C-40DC-B48F-D487651D0123/ps2EntryRunner.app
INFO: AUDIO: Device initialized successfully
INFO:     > Backend:       miniaudio | Core Audio
INFO:     > Format:        32-bit IEEE Floating Point -> 32-bit IEEE Floating Point
INFO:     > Channels:      2 -> 2
INFO:     > Sample rate:   48000 -> 48000
INFO:     > Periods size:  1536
INFO: TIMER: Target time per frame: 16.667 milliseconds
[k1] armed name=ssx3-copied-payload elf=SLUS_207.72
INFO: TEXTURE: [ID 3] Texture loaded successfully (640x512 | R8G8B8A8 | 1 mipmaps)
[guest-branch:missing-target] kind=DirectJump op=EE scheduler source=0x100008 target=0x100008 pc=0x100008 ra=0x0 sp=0x1fffff0 gp=0x0 a0=0x0 a1=0x0 a2=0x0 a3=0x0 s0=0x0 s1=0x0 v0=0x0 v1=0x0 a0Readable=yes a0[0]=0x0 a0[4]=0x0 a0[8]=0x0 a0[c]=0x0 s0Readable=yes s0[0]=0x0 s0[4]=0x0 s0[8]=0x0 s0[c]=0x0 recordReadable=no record[0]=0x0 record[4]=0x0 record[8]=0x0 record[c]=0x0 vtableReadable=no vtbl[0]=0x0 vtbl[4]=0x0 vtbl[8]=0x0 vtbl[c]=0x0 codeRegion=yes policy=1 trace=(empty)
2026-09-20 23:52:18.583 ps2EntryRunner[4080:2445111] Unbalanced calls to begin/end appearance transitions for <SDL_uikitviewcontroller: 0x11e718000>.
2026-09-20 23:52:18.583 ps2EntryRunner[4080:2445111] Unbalanced calls to begin/end appearance transitions for <SDL_uikitviewcontroller: 0x11e718000>.
INFO: TEXTURE: [ID 4] Texture loaded successfully (512x128 | R8G8B8A8 | 1 mipmaps)
[ee:idle] no runnable thread for 3s; threads=1
[ee:idle] id=1 status=5 waitReason=0 waitId=0 pc=0x100008 entry=0x100008
ERROR: Command timeout of 30.0 seconds exceeded. Assuming command got stuck and aborting.
