REF_CHECK:mean=0.0000 p99=0 max=0 npix=224000 mode=PPM
REFMENU_CHECK:mean=0.0000 p99=0 max=0 npix=1310720 mode=PPM
REFSC_CHECK:mean=0.0000 p99=0 max=0 npix=1310720 mode=PPM
REFZC_CHECK:mean=0.0000 p99=0 max=0 npix=1310720 mode=PPM
REFSP_CHECK:mean=0.0000 p99=0 max=0 npix=1310720 mode=PPM
REFSM_CHECK:mean=0.0000 p99=0 max=0 npix=1310720 mode=PPM
REFSE_CHECK:mean=0.0000 p99=0 max=0 npix=1310720 mode=PPM
REFSETAG_CHECK:mean=0.0000 p99=0 max=0 npix=10150 mode=PPM
REFMR_CHECK:mean=0.0000 p99=0 max=0 npix=1310720 mode=PPM
SELF_TEST mean=0.0000 p99=0
SELF_WHOLE=0.0000
SELF_MENU mean=0.0000 p99=0
SELF_SC mean=0.0000 p99=0
SELF_ZC mean=0.0000 p99=0
SELF_SP mean=0.0000 p99=0
SELF_SM mean=0.0000 p99=0
SELF_SE mean=0.0000 p99=0
SELF_SETAG mean=0.0000 p99=0
SELF_MR mean=0.0000 p99=0
START_SCORE mean=29.6311 p99=170 MENU_T+:96
ATTEMPT_1 BEGIN MENU_T+:96
ATTEMPT_1 now score mean=33.7833 p99=193
ATTEMPT_1 on attract (non-title) -> Cross attract-skip
A1_CROSS_KEYDOWN_WALL:1789971831.699694903 UPTIME:141 MENU_T+:97
A1_CROSS_HELD_WALL:1789971831.719032890 UPTIME:141
A1_CROSS_KEYUP_WALL:1789971832.236497737 UPTIME:142 MENU_T+:98
ATTEMPT_1 poll01 score mean=0.4331 p99=6 MENU_T+:100
ATTEMPT_1 TITLE-DETECTED at poll01
A1_START_KEYDOWN_WALL:1789971834.975232166 UPTIME:145 MENU_T+:100
A1_START_HELD_WALL:1789971834.995137864 UPTIME:145
A1_START_KEYUP_WALL:1789971835.512852656 UPTIME:145 MENU_T+:101
ATTEMPT_1 post+3 score mean=16.2559 p99=139 MENU_T+:105
ATTEMPT_1 post+8 score mean=16.2940 p99=139
ATTEMPT_1 post+15 score mean=16.2610 p99=139
ATTEMPT_1 post+25 score mean=16.2610 p99=139
ATTEMPT_1 whole815=0.0336 whole1525=0.0121
ATTEMPT_1 post25-vs-menu mean=0.2953 p99=5
ATTEMPT_1 MENU-LIKE (non-title + static) -> park for menu Cross
MENUPRE vs-menu mean=0.2872 p99=5 MENU_T+:139
MENUPRE vs-title mean=16.2610 p99=139
MENU_CROSS_KEYDOWN_WALL:1789971874.078128301 UPTIME:184 MENU_T+:140
MENU_CROSS_HELD_WALL:1789971874.097227969 UPTIME:184
MENU_CROSS_KEYUP_WALL:1789971874.614939064 UPTIME:184 MENU_T+:140
MC post+1 titleband mean=12.5548 p99=164 vs-menu mean=10.2115 p99=106 vs-sc mean=0.4291 p99=7 MENU_T+:144
MC post+3 titleband mean=12.5603 p99=164 vs-menu mean=10.2314 p99=107 vs-sc mean=0.4576 p99=7
MC post+8 titleband mean=12.5352 p99=164 vs-menu mean=10.2064 p99=105 vs-sc mean=0.5936 p99=9
MC post+15 titleband mean=12.5352 p99=164 vs-menu mean=10.1953 p99=105 vs-sc mean=0.4302 p99=7
MC hops whole: pre-post1=10.1162 p1-p3=0.1115 p3-p8=0.2887 p8-p15=0.2116
SC-LIKE (non-menu + static) -> park for Zoe Cross
SCPRE vs-sc mean=0.5887 p99=8 MENU_T+:178
SCPRE vs-menu mean=10.1935 p99=105
SCPRE vs-title mean=12.6285 p99=164
ZOE_CROSS_KEYDOWN_WALL:1789971914.042105328 UPTIME:224 MENU_T+:180
ZOE_CROSS_HELD_WALL:1789971914.061378226 UPTIME:224
ZOE_CROSS_KEYUP_WALL:1789971914.578959233 UPTIME:224 MENU_T+:180
ZC post+1 titleband mean=15.9233 p99=128 vs-sc mean=7.2281 p99=100 vs-zc mean=0.5228 p99=9 MENU_T+:184
ZC post+3 titleband mean=15.8550 p99=128 vs-sc mean=7.2942 p99=101 vs-zc mean=0.4674 p99=8
ZC post+8 titleband mean=15.8525 p99=128 vs-sc mean=7.1617 p99=100 vs-zc mean=0.4411 p99=8
ZC hops whole: pre-post1=7.2354 p1-p3=0.2954 p3-p8=0.2769
ZC-LIKE (departed + non-SC + static) -> park for Continue Cross
CCPRE vs-zc mean=0.4639 p99=8 MENU_T+:207
CCPRE vs-sc mean=7.2899 p99=100
CCPRE vs-title mean=15.8419 p99=128
CONT_CROSS_KEYDOWN_WALL:1789971942.782576687 UPTIME:252 MENU_T+:208
CONT_CROSS_HELD_WALL:1789971942.800804416 UPTIME:252
CONT_CROSS_KEYUP_WALL:1789971943.317664735 UPTIME:253 MENU_T+:209
SP post+1 titleband mean=23.1278 p99=171 vs-zc mean=9.4675 p99=154 vs-sp mean=0.3719 p99=6 MENU_T+:212
SP post+3 titleband mean=23.1279 p99=171 vs-zc mean=9.4665 p99=154 vs-sp mean=0.3842 p99=6
SP post+8 titleband mean=23.1290 p99=171 vs-zc mean=9.4545 p99=154 vs-sp mean=0.3563 p99=5
SP hops whole: pre-post1=9.3215 p1-p3=0.0521 p3-p8=0.0331
SP-LIKE (departed + non-ZC + static) -> park for Peak Cross
SPPRE vs-sp mean=0.4006 p99=6 MENU_T+:235
SPPRE vs-zc mean=9.4850 p99=154
SPPRE vs-title mean=23.1279 p99=171
PEAK_CROSS_KEYDOWN_WALL:1789971971.505396391 UPTIME:281 MENU_T+:237
PEAK_CROSS_HELD_WALL:1789971971.524139974 UPTIME:281
PEAK_CROSS_KEYUP_WALL:1789971972.041904671 UPTIME:282 MENU_T+:238
PC post+1 titleband mean=26.3170 p99=183 vs-sp mean=5.3587 p99=121 vs-sm mean=0.3987 p99=6 MENU_T+:241
PC post+3 titleband mean=26.3170 p99=183 vs-sp mean=5.3510 p99=121 vs-sm mean=0.3913 p99=6
PC post+8 titleband mean=26.3162 p99=183 vs-sp mean=5.3693 p99=121 vs-sm mean=0.4096 p99=6
PC hops whole: pre-post1=5.2126 p1-p3=0.0182 p3-p8=0.0317
SM-LIKE (departed + non-SP + static) -> park for Race Cross
SMPRE vs-sm mean=0.3906 p99=6 MENU_T+:264
SMPRE se-tag mean=14.3278 p99=89
SMPRE vs-sp mean=5.3502 p99=121
SMPRE vs-title mean=26.3170 p99=183
RACE_CROSS_KEYDOWN_WALL:1789972000.803452735 UPTIME:310 MENU_T+:266
RACE_CROSS_HELD_WALL:1789972000.822540078 UPTIME:310
RACE_CROSS_KEYUP_WALL:1789972001.340267013 UPTIME:311 MENU_T+:267
RC post+1 titleband mean=26.2104 p99=183 vs-sm mean=0.8074 p99=11 se-tag mean=2.6271 p99=11 MENU_T+:270
RC post+3 titleband mean=26.2089 p99=183 vs-sm mean=0.8080 p99=11 se-tag mean=2.6271 p99=11
RC post+8 titleband mean=26.2104 p99=183 vs-sm mean=0.8813 p99=15 se-tag mean=2.6271 p99=11 vs-sp mean=5.5217 p99=121 vs-se mean=0.4656 p99=7
RC hops whole: pre-post1=0.4548 p1-p3=0.0008 p3-p8=0.0809
SE-LIKE (static + non-SP + se-tag) -> park for SnowJam Cross
SEPRE se-tag mean=2.6271 p99=11 MENU_T+:294
SEPRE vs-se mean=0.4078 p99=6
SEPRE vs-sm mean=0.8121 p99=11
SEPRE vs-sp mean=5.4519 p99=121
SEPRE vs-title mean=26.2104 p99=183
SNOWJAM_CROSS_KEYDOWN_WALL:1789972031.916128081 UPTIME:341 MENU_T+:297
SNOWJAM_CROSS_HELD_WALL:1789972031.934511657 UPTIME:341
SNOWJAM_CROSS_KEYUP_WALL:1789972032.451542060 UPTIME:342 MENU_T+:298
SJ post+1 titleband mean=9.8393 p99=137 vs-se mean=10.6322 p99=143 vs-mr mean=0.4028 p99=7 MENU_T+:302
SJ post+3 titleband mean=9.8393 p99=137 vs-se mean=10.6328 p99=143 vs-mr mean=0.3992 p99=7
SJ post+8 titleband mean=9.8906 p99=136 vs-se mean=10.6844 p99=143 vs-mr mean=0.4608 p99=8
SJ hops whole: pre-post1=10.5465 p1-p3=0.0186 p3-p8=0.0802
MR-LIKE (departed + non-SE + static) -> park for Enter Cross
MRPRE vs-mr mean=0.3994 p99=7 MENU_T+:324
MRPRE vs-se mean=10.6333 p99=143
MRPRE vs-title mean=9.8393 p99=137
ENTER_CROSS_KEYDOWN_WALL:1789972060.557339596 UPTIME:370 MENU_T+:326
ENTER_CROSS_HELD_WALL:1789972060.575624991 UPTIME:370
ENTER_CROSS_KEYUP_WALL:1789972061.092896598 UPTIME:371 MENU_T+:327
MR post+1 titleband mean=17.1968 p99=170 vs-mr mean=12.4991 p99=149 MENU_T+:329
MR post+3 titleband mean=18.2892 p99=173 vs-mr mean=13.0110 p99=151
MR post+8 titleband mean=59.3831 p99=239 vs-mr mean=36.2398 p99=222
MR post+15 titleband mean=43.9386 p99=237 vs-mr mean=26.4090 p99=200
MR post+25 titleband mean=34.5214 p99=184 vs-mr mean=19.3113 p99=153
MR post+40 titleband mean=34.5152 p99=184 vs-mr mean=19.5004 p99=153
MR hops whole: pre-post1=12.4659 p1-p3=2.1158 p3-p8=39.9126 p8-p15=10.1869 p15-p25=15.2178 p25-p40=0.2379
MR_STAB1 titleband mean=34.5161 p99=184 vs-mr mean=19.6335 p99=153 MENU_T+:399
MR_STAB2 titleband mean=34.5129 p99=184 vs-mr mean=19.5384 p99=153 MENU_T+:411
MR_STAB3 titleband mean=34.5145 p99=184 vs-mr mean=19.3141 p99=153 MENU_T+:423
MR_STAB4 titleband mean=34.5183 p99=184 vs-mr mean=19.4496 p99=153 MENU_T+:434
MR_STAB5 titleband mean=34.5169 p99=184 vs-mr mean=19.4210 p99=153 MENU_T+:446
MR_STAB6 titleband mean=34.5192 p99=184 vs-mr mean=19.5919 p99=153 MENU_T+:458
