[09:17:26] PRE lease="LEASE_FREE F2 done" keyguard="showing=false" battery=56% ac=true pid0=none
[09:17:26] PRE device-env=9fb46f8509adb1362b5ac74d35ac63a340e39228b64914848ce5ed85d6b74d13 mc0-test='' mc0-bad=[]
[09:17:26] ENV c816165bccac1fcbb25e40c515e3acc9bb8619ed789a44b028fe34b4553fcd45  /storage/emulated/0/Android/data/com.ps2x.runner/files/ps2x.env
[09:17:26 t+    0.0] AM Starting: Intent { cmp=com.ps2x.runner/android.app.NativeActivity }
[09:17:32 t+    6.2] BACK sent
[09:17:34 t+    8.3] LAYER 'com.ps2x.runner/android.app.NativeActivity#15753' tried=['com.ps2x.runner/android.app.NativeActivity#15753']
[09:19:32 t+  126.1] SCAP sc01-tick2100-t125.png tick~2109
[09:21:27 t+  241.1] SCAP sc02-tick3000-t240.png tick~3028
[09:23:24 t+  358.2] SCAP sc03-tick4000-t357.png tick~4007
[09:24:18 t+  412.2] STOP tick 4514 >= 4500
[09:24:18 t+  412.7] SCAP sc04-final-t412.png tick~4514
[09:24:20 t+  414.0] THREADS
Threads: 27 total,   2 running,  25 sleeping,   0 stopped,   0 zombie
  Mem:  7342756K total,  4272664K used,  3070092K free,      672K buffers
 Swap: 10485752K total,   725432K used,  9760320K free,  1719656K cached
800%cpu  88%user   0%nice  46%sys 658%idle   0%iow   8%irq   0%sirq   0%host
  TID USER         PR  NI VIRT  RES  SHR S[%CPU] %MEM     TIME+ THREAD          PROCESS
 9763 u0_a113      10 -10  17G 643M 400M R 69.2   8.9   4:51.12 GameThread      com.ps2x.runner
 9743 u0_a113      10 -10  17G 643M 400M R 38.4   8.9   2:36.78 GsWorker        com.ps2x.runner
 9748 u0_a113      20   0  17G 643M 400M S  7.6   8.9   0:00.62 binder:9722_4   com.ps2x.runner
 9741 u0_a113      10 -10  17G 643M 400M S  7.6   8.9   0:22.79 com.ps2x.runner com.ps2x.runner
 9772 u0_a113      20   0  17G 643M 400M S  0.0   8.9   0:00.00 InteractionJank com.ps2x.runner
 9771 u0_a113      20   0  17G 643M 400M S  0.0   8.9   0:00.26 binder:9722_4   com.ps2x.runner
 9766 u0_a113      10 -10  17G 643M 400M S  0.0   8.9   0:00.29 PGS-Waiter      com.ps2x.runner
 9765 u0_a113      39  19  17G 643M 400M S  0.0   8.9   0:00.00 com.ps:traceq0  com.ps2x.runner
 9762 u0_a113      -3 -10  17G 643M 400M S  0.0   8.9   0:01.41 AAudio_1        com.ps2x.runner
 9756 u0_a113      10 -10  17G 643M 400M S  0.0   8.9   0:00.00 com.ps2x.runner com.ps2x.runner
 9749 u0_a113      20   0  17G 643M 400M S  0.0   8.9   0:00.00 InsetsAnimation com.ps2x.runner
 9745 u0_a113      10 -10  17G 643M 400M S  0.0   8.9   0:00.00 VsyncReceiver   com.ps2x.runner
 9747 u0_a113      20   0  17G 643M 400M S  0.0   8.9   0:00.00 SurfaceSyncGrou com.ps2x.runner
 9742 u0_a113      10 -10  17G 643M 400M S  0.0   8.9   0:00.01 com.ps2x.runner com.ps2x.runner
 9737 u0_a113      20   0  17G 643M 400M S  0.0   8.9   0:00.39 binder:9722_3   com.ps2x.runner

[09:24:20 t+  414.0] BATTERY status: 3 level: 55
[09:24:22 t+  416.4] RESTORE 9fb46f8509adb1362b5ac74d35ac63a340e39228b64914848ce5ed85d6b74d13 match=True
[09:24:22 t+  416.5] MC0-AFTER bad=[]
[09:24:22 t+  416.5] END pid-after=none
