[20:30:18] PRE lease="LEASE_FREE VK1 done" keyguard="showing=false" battery=100% ac=true pid0=none
[20:30:18] PRE device-env=a8d651a7e55f7e29f1345f28f4ea634e06ae757f535e29439ab61c930bcc0ebd mc0-test='' mc0-bad=[]
[20:30:18] APK local sha x2 3e493b44697d8e61866b43bed70d86536f57764dc7c7b812310fcf1cc5776220 3e493b44697d8e61866b43bed70d86536f57764dc7c7b812310fcf1cc5776220
[20:30:21] INSTALL Performing Streamed Install Success
[20:30:21] INSTALLED /data/app/~~dUzk6S51nx7obUuA3uyuuQ==/com.ps2x.runner-FSZAP9FNw1M6jwFLXf0N-g==/base.apk sha=3e493b44697d8e61866b43bed70d86536f57764dc7c7b812310fcf1cc5776220 match=True
[20:30:21] ENV f159d17b5a74983cc07c5c213da4f182c0e757f31edb460e604cc5be5b988799  /storage/emulated/0/Android/data/com.ps2x.runner/files/ps2x.env
[20:30:22 t+    0.0] AM Starting: Intent { cmp=com.ps2x.runner/android.app.NativeActivity }
[20:30:28 t+    6.2] FOCUS app-foreground, no BACK ('mCurrentFocus=Window{2f04c61 u0 com.ps2x.runner/android.app.NativeActivity}')
[20:30:30 t+    8.8] LAYER 'com.ps2x.runner/android.app.NativeActivity#18337' tried=['com.ps2x.runner/android.app.NativeActivity#18328', 'RequestedLayerState{ActivityRecord{5816f1 u0 com.ps2x.runner/android.app.NativeActivity#18328 parentId=18327}', 'com.ps2x.runner/android.app.NativeActivity#18337']
[20:31:55 t+   93.4] SCAP sc01-tick2100-t93.png tick~2104
[20:33:29 t+  187.2] SCAP sc02-tick3000-t186.png tick~3051
[20:35:03 t+  281.3] SCAP sc03-tick4000-t280.png tick~4038
[20:35:49 t+  327.3] STOP tick 4543 >= 4500
[20:35:49 t+  327.6] SCAP sc04-final-t327.png tick~4543
[20:35:51 t+  329.0] THREADS
Threads: 28 total,   1 running,  27 sleeping,   0 stopped,   0 zombie
  Mem:  7342756K total,  5361980K used,  1980776K free,      724K buffers
 Swap: 10485752K total,   806840K used,  9678912K free,  2708736K cached
800%cpu  85%user   4%nice  23%sys 681%idle   0%iow   8%irq   0%sirq   0%host
  TID USER         PR  NI VIRT  RES  SHR S[%CPU] %MEM     TIME+ THREAD          PROCESS
31774 u0_a113      10 -10  17G 789M 541M R 53.8  10.9   2:54.65 GameThread      com.ps2x.runner
31754 u0_a113      10 -10  17G 789M 541M S  7.6  10.9   0:37.85 GsWorker        com.ps2x.runner
31751 u0_a113      10 -10  17G 789M 541M S  3.8  10.9   0:14.55 Thread-3        com.ps2x.runner
 2409 u0_a113      20   0  17G 789M 541M S  0.0  10.9   0:00.18 binder:31703_5  com.ps2x.runner
31784 u0_a113      20   0  17G 789M 541M S  0.0  10.9   0:00.00 InteractionJank com.ps2x.runner
31782 u0_a113      20   0  17G 789M 541M S  0.0  10.9   0:00.22 binder:31703_4  com.ps2x.runner
31776 u0_a113      10 -10  17G 789M 541M S  0.0  10.9   0:00.23 PGS-Waiter      com.ps2x.runner
31775 u0_a113      39  19  17G 789M 541M S  0.0  10.9   0:00.00 com.ps:traceq0  com.ps2x.runner
31772 u0_a113      -3 -10  17G 789M 541M S  0.0  10.9   0:01.20 AAudio_1        com.ps2x.runner
31766 u0_a113      20   0  17G 789M 541M S  0.0  10.9   0:00.44 binder:31703_4  com.ps2x.runner
31765 u0_a113      10 -10  17G 789M 541M S  0.0  10.9   0:00.00 com.ps2x.runner com.ps2x.runner
31758 u0_a113      20   0  17G 789M 541M S  0.0  10.9   0:00.00 InsetsAnimation com.ps2x.runner
31757 u0_a113      20   0  17G 789M 541M S  0.0  10.9   0:00.00 SurfaceSyncGrou com.ps2x.runner
31756 u0_a113      10 -10  17G 789M 541M S  0.0  10.9   0:00.00 VsyncReceiver   com.ps2x.runner
31752 u0_a113      10 -10  17G 789M 541M S  0.0  10.9   0:00.01 com.ps2x.runner com.ps2x.runner

[20:35:51 t+  329.1] BATTERY status: 5 level: 100
[20:35:53 t+  331.6] RESTORE a8d651a7e55f7e29f1345f28f4ea634e06ae757f535e29439ab61c930bcc0ebd match=True
[20:35:53 t+  331.8] MC0-AFTER bad=[]
[20:35:53 t+  331.8] END pid-after=none disconnects=0
