[22:52:37] PRE lease="LEASE_FREE VK1 done" keyguard="showing=false" battery=100% ac=true pid0=none
[22:52:37] PRE device-env=a8d651a7e55f7e29f1345f28f4ea634e06ae757f535e29439ab61c930bcc0ebd mc0-test='' mc0-bad=[]
[22:52:37] APK local sha x2 727242b114a7fba7a13b401b8f8a661797f18d93ac887b3d2bcc2848782d9818 727242b114a7fba7a13b401b8f8a661797f18d93ac887b3d2bcc2848782d9818
[22:52:41] INSTALL Performing Streamed Install Success
[22:52:41] INSTALLED /data/app/~~lMNkuLyV7HvDUOUdNvu7-w==/com.ps2x.runner-T9_X5MI1HoUJUXX6XLUliA==/base.apk sha=727242b114a7fba7a13b401b8f8a661797f18d93ac887b3d2bcc2848782d9818 match=True
[22:52:41] ENV 1c7aa86d80d99385e3de654c053a3de3ab928dec3042ffaa751e0e3369483f36  /storage/emulated/0/Android/data/com.ps2x.runner/files/ps2x.env
[22:52:41 t+    0.0] AM Starting: Intent { cmp=com.ps2x.runner/android.app.NativeActivity }
[22:52:47 t+    6.2] FOCUS app-foreground, no BACK ('mCurrentFocus=Window{596e7f5 u0 com.ps2x.runner/android.app.NativeActivity}')
[22:52:50 t+    8.5] LAYER 'com.ps2x.runner/android.app.NativeActivity#19051' tried=['com.ps2x.runner/android.app.NativeActivity#19042', 'RequestedLayerState{ActivityRecord{d97d259 u0 com.ps2x.runner/android.app.NativeActivity#19042 parentId=19041}', 'com.ps2x.runner/android.app.NativeActivity#19051']
[22:53:04 t+   23.2] SCAP sc01-tick1100-t22.png tick~1201
[22:53:04 t+   23.3] SFDUMP tick=1201 lines=29
[22:53:58 t+   77.1] SCAP sc02-tick2100-t76.png tick~2113
[22:54:08 t+   86.7] SFDUMP tick=2247 lines=32
[22:54:14 t+   92.4] SCAP sc03-tick2300-t91.png tick~2316
[22:54:23 t+  102.2] STOP tick 2461 >= 2400
[22:54:24 t+  102.7] SCAP sc04-final-t102.png tick~2461
[22:54:25 t+  104.0] THREADS
Threads: 27 total,   1 running,  26 sleeping,   0 stopped,   0 zombie
  Mem:  7342756K total,  5073404K used,  2269352K free,      648K buffers
 Swap: 10485752K total,   787188K used,  9698564K free,  2345248K cached
800%cpu  80%user   0%nice  52%sys 660%idle   0%iow   8%irq   0%sirq   0%host
  TID USER         PR  NI VIRT  RES  SHR S[%CPU] %MEM     TIME+ THREAD          PROCESS
 9969 u0_a113      10 -10  17G 702M 467M R 76.0   9.7   1:08.34 GameThread      com.ps2x.runner
 9946 u0_a113      10 -10  17G 702M 467M S 24.0   9.7   0:13.20 GsWorker        com.ps2x.runner
 9967 u0_a113      -3 -10  17G 702M 467M S  4.0   9.7   0:00.34 AAudio_1        com.ps2x.runner
 9977 u0_a113      20   0  17G 702M 467M S  0.0   9.7   0:00.00 InteractionJank com.ps2x.runner
 9976 u0_a113      20   0  17G 702M 467M S  0.0   9.7   0:00.00 binder:9925_1   com.ps2x.runner
 9971 u0_a113      10 -10  17G 702M 467M S  0.0   9.7   0:00.08 PGS-Waiter      com.ps2x.runner
 9970 u0_a113      39  19  17G 702M 467M S  0.0   9.7   0:00.00 com.ps:traceq0  com.ps2x.runner
 9961 u0_a113      20   0  17G 702M 467M S  0.0   9.7   0:00.05 binder:9925_4   com.ps2x.runner
 9960 u0_a113      10 -10  17G 702M 467M S  0.0   9.7   0:00.00 com.ps2x.runner com.ps2x.runner
 9953 u0_a113      20   0  17G 702M 467M S  0.0   9.7   0:00.00 InsetsAnimation com.ps2x.runner
 9950 u0_a113      20   0  17G 702M 467M S  0.0   9.7   0:00.00 binder:9925_3   com.ps2x.runner
 9949 u0_a113      20   0  17G 702M 467M S  0.0   9.7   0:00.00 SurfaceSyncGrou com.ps2x.runner
 9948 u0_a113      10 -10  17G 702M 467M S  0.0   9.7   0:00.00 VsyncReceiver   com.ps2x.runner
 9945 u0_a113      10 -10  17G 702M 467M S  0.0   9.7   0:00.00 com.ps2x.runner com.ps2x.runner
 9944 u0_a113      10 -10  17G 702M 467M S  0.0   9.7   0:00.24 com.ps2x.runner com.ps2x.runner

[22:54:25 t+  104.0] BATTERY status: 5 level: 100
[22:54:28 t+  106.5] RESTORE a8d651a7e55f7e29f1345f28f4ea634e06ae757f535e29439ab61c930bcc0ebd match=True
[22:54:28 t+  106.8] MC0-AFTER bad=[]
[22:54:28 t+  106.8] END pid-after=none disconnects=0
