[20:06:11] PRE lease="N5 2026-09-23T23:55:33Z L2-speed" keyguard="showing=false" battery=36% status=2
[20:06:11] ENV 7e7ffdc18a8f96377bfeb33cf399f46cfffd7d30c4d597621b894b34b0417797  /storage/emulated/0/Android/data/com.ps2x.runner/files/ps2x.env
[20:06:11 t+    0.0] AM Starting: Intent { cmp=com.ps2x.runner/android.app.NativeActivity }
[20:06:17 t+    6.1] BACK sent
[20:06:20 t+    8.2] LAYER 'com.ps2x.runner/android.app.NativeActivity#7435' tried=['com.ps2x.runner/android.app.NativeActivity#7435']
[20:08:12 t+  121.0] SCAP sc01-periodic-t120.png tick~2804
[20:10:13 t+  241.8] SCAP sc02-periodic-t241.png tick~5113
[20:12:14 t+  363.0] SCAP sc03-periodic-t362.png tick~6983
[20:12:58 t+  406.3] SCAP sc04-tick7300-t406.png tick~7325
[20:13:12 t+  420.7] PROFILE start tick=7424
[20:13:43 t+  451.7] PROFILE end tick~7424
[20:13:43 t+  452.0] SCAP sc05-postprofile-t451.png tick~7424
[20:13:43 t+  452.2] SCAP sc06-final-t451.png tick~7424
[20:13:45 t+  453.5] THREADS
Threads: 24 total,   1 running,  23 sleeping,   0 stopped,   0 zombie
  Mem:  7342756K total,  4566496K used,  2776260K free,      780K buffers
 Swap: 10485752K total,   603276K used,  9882476K free,  1881160K cached
800%cpu 112%user   0%nice   8%sys 677%idle   0%iow   4%irq   0%sirq   0%host
  TID USER         PR  NI VIRT  RES  SHR S[%CPU] %MEM     TIME+ THREAD          PROCESS
20500 u0_a113      10 -10  16G 301M 180M R  103   4.1   7:28.87 GameThread      com.ps2x.runner
20484 u0_a113      10 -10  16G 301M 180M S  7.6   4.1   0:46.45 com.ps2x.runner com.ps2x.runner
20503 u0_a113      20   0  16G 301M 180M S  0.0   4.1   0:00.00 InteractionJank com.ps2x.runner
20501 u0_a113      20   0  16G 301M 180M S  0.0   4.1   0:00.36 binder:20464_4  com.ps2x.runner
20498 u0_a113      -3 -10  16G 301M 180M S  0.0   4.1   0:00.84 AAudio_1        com.ps2x.runner
20492 u0_a113      20   0  16G 301M 180M S  0.0   4.1   0:00.57 binder:20464_4  com.ps2x.runner
20491 u0_a113      10 -10  16G 301M 180M S  0.0   4.1   0:00.00 com.ps2x.runner com.ps2x.runner
20489 u0_a113      20   0  16G 301M 180M S  0.0   4.1   0:00.00 InsetsAnimation com.ps2x.runner
20488 u0_a113      20   0  16G 301M 180M S  0.0   4.1   0:00.00 SurfaceSyncGrou com.ps2x.runner
20487 u0_a113      10 -10  16G 301M 180M S  0.0   4.1   0:00.00 VsyncReceiver   com.ps2x.runner
20485 u0_a113      10 -10  16G 301M 180M S  0.0   4.1   0:00.00 com.ps2x.runner com.ps2x.runner
20481 u0_a113      16  -4  16G 301M 180M S  0.0   4.1   0:00.00 RenderThread    com.ps2x.runner
20469 u0_a113       0 -20  16G 301M 180M S  0.0   4.1   0:00.00 ADB-JDWP Connec com.ps2x.runner
20480 u0_a113      20   0  16G 301M 180M S  0.0   4.1   0:00.33 binder:20464_3  com.ps2x.runner
20479 u0_a113      20   0  16G 301M 180M S  0.0   4.1   0:00.54 binder:20464_2  com.ps2x.runner

[20:13:45 t+  453.5] BATTERY status: 2 level: 38
[20:13:48 t+  456.4] END pid-after=none
