SCRIPT_SHA c842e4c7b92ec01f49566d9cfc88952e174c8f25462972d70ba4a14a5837013c
APK size and packaged runner/Turnip/HAL SHA pairs match N8D7H pins
PREFLIGHT state=device lease='LEASE_FREE N8D6C-ORCH readback done' keyguard=false battery=100% status=5 free_bytes=25913323520
LEASE claimed N8D7I one-launch
INSTALL Performing Streamed Install | Success
HASH installed_apk 86fca856b6de0148aea24fb53b63119e4ec1382eb9cf3490d2ce0db2031df14a 86fca856b6de0148aea24fb53b63119e4ec1382eb9cf3490d2ce0db2031df14a
HASH elf 1b49d05ca2793922180851b9e1ce9ae2291d61a7863565ac4e71f12e967af7bc 1b49d05ca2793922180851b9e1ce9ae2291d61a7863565ac4e71f12e967af7bc
HASH iso 3c2f8eb182c9c6208a6e8172a41e61c98f420abe3f42c845f6829aeb9761ebf5 3c2f8eb182c9c6208a6e8172a41e61c98f420abe3f42c845f6829aeb9761ebf5
CARD mc0 entries=''
ENV sha=3f8a1f73c75b30dac6e8c755c52270e1c7babc5310b6bf262a5e211e2eb7f549 frame_dir=/storage/emulated/0/Android/data/com.ps2x.runner/files/n8d7i-frames-1790261788
PREFLIGHT state=device lease='N8D7I one-launch' keyguard=false battery=100% status=5 free_bytes=25912168448
LAUNCH Starting: Intent { cmp=com.ps2x.runner/android.app.NativeActivity }
PID 10097
PROGRESS elapsed=5.3s tick=192
BACK sent once for USB dialog
PROGRESS elapsed=10.6s tick=351
PROGRESS elapsed=15.8s tick=509
PROGRESS elapsed=21.0s tick=672
PROGRESS elapsed=26.2s tick=824
PROGRESS elapsed=30.4s tick=880
PROGRESS elapsed=35.6s tick=971
PROGRESS elapsed=40.8s tick=1132
PROGRESS elapsed=45.9s tick=1333
PROGRESS elapsed=51.1s tick=1505
PROGRESS elapsed=56.3s tick=1608
PROGRESS elapsed=60.4s tick=1636
PROGRESS elapsed=65.6s tick=1669
PROGRESS elapsed=70.8s tick=1703
PROGRESS elapsed=75.9s tick=1739
PROGRESS elapsed=81.1s tick=1778
PROGRESS elapsed=86.3s tick=1816
PROGRESS elapsed=90.4s tick=1856
PROGRESS elapsed=95.6s tick=1897
PROGRESS elapsed=100.8s tick=1938
PROGRESS elapsed=106.0s tick=1979
PROGRESS elapsed=111.1s tick=2020
STOP first complete selected and vector receipt with frontend dump
POSTRUN pid absent
FRAME seq=0 tick=2050 size=512x448 displayFbp=112 sourceFbp=112 preferred=0 fallback=0 fnv1a=c01b8b4f smode2=0x1 pmode=0xff21 PNG_SHA=ee2a6849bc4374786ece4e985daa443802c3c0d1b6843caabac3a60214f36e0a
CATEGORY A
CLEANUP pid-after=none
CLEANUP lease=LEASE_FREE N8D7I done
LOG_CLOSED gzip_bytes=5601
