[10:54:29] PRE lease="LEASE_FREE AP1 done" keyguard="showing=false" battery=100% ac=true pid0=none
[10:54:29] PRE device-env=090cc981e9f97c9c6007b64e90afaba7ff0b495eae7ede6423bfca826fae29fe mc0-test='' mc0-bad=[]
[10:54:29] LEASE claimed via odin_lease.sh: CLAIMED
[10:54:30] APK local sha x2 52f9d2b6424c84f86a3b8458517ebf92e74818a5196174363d22d0796b855846 52f9d2b6424c84f86a3b8458517ebf92e74818a5196174363d22d0796b855846
[10:54:34] INSTALL Performing Streamed Install Success
[10:54:34] INSTALLED /data/app/~~Y_68V-0cCHZvCTp4BVnF_w==/com.ps2x.runner-rAwXsNIGptjPg55x0-Lhcg==/base.apk sha=52f9d2b6424c84f86a3b8458517ebf92e74818a5196174363d22d0796b855846 match=True
[10:54:34] ENV b542579bbb104ae3a49d96a76df11aaef085ba714aea9dca63d383a8574d45f2  /storage/emulated/0/Android/data/com.ps2x.runner/files/ps2x.env
[10:54:34 t+    0.1] AM Starting: Intent { cmp=com.ps2x.runner/android.app.NativeActivity }
[10:54:40 t+    6.1] FOCUS app-foreground, no BACK ('mCurrentFocus=Window{2f99f17 u0 com.ps2x.runner/android.app.NativeActivity}')
[10:54:42 t+    8.2] LAYER 'com.ps2x.runner/android.app.NativeActivity#23829' tried=['com.ps2x.runner/android.app.NativeActivity#23829']
[10:54:58 t+   23.3] SCAP sc01-tick1100-t22.png tick~1201
[10:55:33 t+   58.6] SCAP sc02-tick2100-t57.png tick~2179
[10:55:42 t+   68.0] STOP tick 2405 >= 2400
[10:55:43 t+   68.8] SCAP sc03-final-t68.png tick~2405
[10:55:48 t+   73.5] PADPROBE vpad lines: ['1790434476.331 21226 21246 I ps2x    : [vpad] on=1 pad_in_use=0 first_pad=-1 name="" -> overlay shown', '1790434546.040 21226 21246 I ps2x    : [vpad] on=1 pad_in_use=1 first_pad=0 name="" -> overlay hidden']
[10:55:48 t+   74.1] THREADS
Threads: 29 total,   2 running,  27 sleeping,   0 stopped,   0 zombie
  Mem:  7342756K total,  5130928K used,  2211828K free,      760K buffers
 Swap: 10485752K total,   715660K used,  9770092K free,  2366048K cached
800%cpu 123%user   0%nice  23%sys 646%idle   0%iow   8%irq   0%sirq   0%host
  TID USER         PR  NI VIRT  RES  SHR S[%CPU] %MEM     TIME+ THREAD          PROCESS
21279 u0_a113      10 -10  17G 710M 469M R 57.6   9.9   0:33.05 MTVU            com.ps2x.runner
21269 u0_a113      10 -10  17G 710M 469M R 30.7   9.9   0:18.52 GameThread      com.ps2x.runner
21247 u0_a113      10 -10  17G 710M 469M S 26.9   9.9   0:11.68 GsWorker        com.ps2x.runner
21271 u0_a113      10 -10  17G 710M 469M S  3.8   9.9   0:00.08 PGS-Waiter      com.ps2x.runner
21245 u0_a113      10 -10  17G 710M 469M S  3.8   9.9   0:03.79 com.ps2x.runner com.ps2x.runner
21278 u0_a113      20   0  17G 710M 469M S  0.0   9.9   0:00.00 InteractionJank com.ps2x.runner
21276 u0_a113      20   0  17G 710M 469M S  0.0   9.9   0:00.03 binder:21226_2  com.ps2x.runner
21270 u0_a113      39  19  17G 710M 469M S  0.0   9.9   0:00.00 com.ps:traceq0  com.ps2x.runner
21267 u0_a113      -3 -10  17G 710M 469M S  0.0   9.9   0:00.24 AAudio_1        com.ps2x.runner
21259 u0_a113      10 -10  17G 710M 469M S  0.0   9.9   0:00.00 com.ps2x.runner com.ps2x.runner
21260 u0_a113      20   0  17G 710M 469M S  0.0   9.9   0:00.02 binder:21226_5  com.ps2x.runner
21252 u0_a113      20   0  17G 710M 469M S  0.0   9.9   0:00.00 InsetsAnimation com.ps2x.runner
21251 u0_a113      20   0  17G 710M 469M S  0.0   9.9   0:00.08 binder:21226_4  com.ps2x.runner
21250 u0_a113      20   0  17G 710M 469M S  0.0   9.9   0:00.00 SurfaceSyncGrou com.ps2x.runner
21249 u0_a113      10 -10  17G 710M 469M S  0.0   9.9   0:00.00 VsyncReceiver   com.ps2x.runner

[10:55:48 t+   74.2] BATTERY status: 5 level: 100
[10:55:51 t+   76.6] RESTORE 090cc981e9f97c9c6007b64e90afaba7ff0b495eae7ede6423bfca826fae29fe match=True
[10:55:51 t+   76.8] MC0-AFTER bad=[]
[10:55:51 t+   76.9] END pid-after=none disconnects=0
