[01:42:30] PRE lease="BA1 2026-09-26T05:39:24Z" keyguard="showing=false" battery=100% ac=true pid0=none
[01:42:30] PRE device-env=a8d651a7e55f7e29f1345f28f4ea634e06ae757f535e29439ab61c930bcc0ebd mc0-test='' mc0-bad=[]
[01:42:30] CLAIM CLAIMED
[01:42:30] ENV f44c0274d116a2594d24e7fb32daf5b831d491566ef1df1f256f485d744f040c  /storage/emulated/0/Android/data/com.ps2x.runner/files/ps2x.env
[01:42:30 t+    0.0] AM Starting: Intent { cmp=com.ps2x.runner/android.app.NativeActivity }
[01:42:36 t+    6.2] FOCUS app-foreground, no BACK ('mCurrentFocus=Window{c4eecdf u0 com.ps2x.runner/android.app.NativeActivity}')
[01:42:39 t+    8.7] LAYER 'com.ps2x.runner/android.app.NativeActivity#20821' tried=['com.ps2x.runner/android.app.NativeActivity#20820', 'RequestedLayerState{c4eecdf com.ps2x.runner/android.app.NativeActivity#20820 parentId=20811}', 'com.ps2x.runner/android.app.NativeActivity#20811', 'RequestedLayerState{ActivityRecord{6c572d2 u0 com.ps2x.runner/android.app.NativeActivity#20811 parentId=20810}', 'com.ps2x.runner/android.app.NativeActivity#20821']
[01:43:46 t+   76.6] SCAP sc01-tick2100-t76.png tick~2170
[01:44:41 t+  131.0] SCAP sc02-tick3000-t130.png tick~3031
[01:45:41 t+  190.9] SCAP sc03-tick4000-t190.png tick~4003
[01:46:12 t+  222.4] STOP tick 4536 >= 4500
[01:46:13 t+  222.8] SCAP sc04-final-t222.png tick~4536
[01:46:14 t+  224.2] THREADS
Threads: 30 total,   0 running,  30 sleeping,   0 stopped,   0 zombie
  Mem:  7342756K total,  5128760K used,  2213996K free,      564K buffers
 Swap: 10485752K total,   691080K used,  9794672K free,  2295468K cached
800%cpu  92%user   0%nice  24%sys 676%idle   0%iow   8%irq   0%sirq   0%host
  TID USER         PR  NI VIRT  RES  SHR S[%CPU] %MEM     TIME+ THREAD          PROCESS
29929 u0_a113      10 -10  17G 721M 476M S 68.0  10.0   2:26.33 GameThread      com.ps2x.runner
29909 u0_a113      10 -10  17G 721M 476M S 16.0  10.0   0:36.30 GsWorker        com.ps2x.runner
29907 u0_a113      10 -10  17G 721M 476M S  4.0  10.0   0:13.14 com.ps2x.runner com.ps2x.runner
32083 u0_a113      20   0  17G 721M 476M S  0.0  10.0   0:00.05 binder:29887_5  com.ps2x.runner
29940 u0_a113      10 -10  17G 721M 476M S  0.0  10.0   0:00.00 com.ps2x.runner com.ps2x.runner
29941 u0_a113      10 -10  17G 721M 476M S  0.0  10.0   0:00.00 com.ps2x.runner com.ps2x.runner
29937 u0_a113      20   0  17G 721M 476M S  0.0  10.0   0:00.00 InteractionJank com.ps2x.runner
29936 u0_a113      20   0  17G 721M 476M S  0.0  10.0   0:00.15 binder:29887_2  com.ps2x.runner
29931 u0_a113      10 -10  17G 721M 476M S  0.0  10.0   0:00.22 PGS-Waiter      com.ps2x.runner
29930 u0_a113      39  19  17G 721M 476M S  0.0  10.0   0:00.00 com.ps:traceq0  com.ps2x.runner
29927 u0_a113      -3 -10  17G 721M 476M S  0.0  10.0   0:00.85 AAudio_1        com.ps2x.runner
29921 u0_a113      20   0  17G 721M 476M S  0.0  10.0   0:00.21 binder:29887_4  com.ps2x.runner
29920 u0_a113      10 -10  17G 721M 476M S  0.0  10.0   0:00.00 com.ps2x.runner com.ps2x.runner
29913 u0_a113      20   0  17G 721M 476M S  0.0  10.0   0:00.00 InsetsAnimation com.ps2x.runner
29911 u0_a113      10 -10  17G 721M 476M S  0.0  10.0   0:00.00 VsyncReceiver   com.ps2x.runner

[01:46:14 t+  224.3] BATTERY status: 5 level: 100
[01:46:17 t+  226.8] RESTORE a8d651a7e55f7e29f1345f28f4ea634e06ae757f535e29439ab61c930bcc0ebd match=True
[01:46:17 t+  226.9] MC0-AFTER bad=[]
[01:46:17 t+  227.0] END pid-after=none disconnects=0
[01:46:17 t+  227.0] RELEASE ok=True RELEASED
