-- The C compiler identification is Clang 23.1.1
-- The CXX compiler identification is Clang 23.1.1
-- Detecting C compiler ABI info
-- Detecting C compiler ABI info - done
-- Check for working C compiler: /Applications/Xcode.app/Contents/Developer/Toolchains/XcodeDefault.xctoolchain/usr/bin/clang - skipped
-- Detecting C compile features
-- Detecting C compile features - done
-- Detecting CXX compiler ABI info
-- Detecting CXX compiler ABI info - done
-- Check for working CXX compiler: /Applications/Xcode.app/Contents/Developer/Toolchains/XcodeDefault.xctoolchain/usr/bin/clang++ - skipped
-- Detecting CXX compile features
-- Detecting CXX compile features - done
-- ARM target detected, fetching sse2neon
-- macOS ARM64 - using default compiler flags
CMake Warning (deprecated) at /Volumes/Extreme SSD/ps2x-i4/raylib-5.5/CMakeLists.txt:1 (cmake_minimum_required):
  Compatibility with CMake < 3.10 will be removed from a future version of
  CMake.

  Update the VERSION argument <min> value.  Or, use the <min>...<max> syntax
  to tell CMake that the project requires at least <min> but has been updated
  to work with policies introduced by <max> or earlier.
This warning is for project developers.  Use -Wno-author or -Wno-deprecated
to suppress it.

-- Performing Test COMPILER_HAS_THOSE_TOGGLES
-- Performing Test COMPILER_HAS_THOSE_TOGGLES - Success
-- Testing if -Werror=pointer-arith can be used -- compiles
-- Testing if -Werror=implicit-function-declaration can be used -- compiles
-- Testing if -fno-strict-aliasing can be used -- compiles
-- Using external GLFW
-- Audio Backend: miniaudio
-- Building raylib static library
-- Generated config types: Release
-- Compiling with the flags:
--   PLATFORM=PLATFORM_DESKTOP_SDL
--   GRAPHICS=GRAPHICS_API_OPENGL_ES2
CMake Warning (author) at /opt/homebrew/share/cmake/Modules/FetchContent.cmake:1968 (message):
  Calling FetchContent_Populate(imgui) is deprecated, call
  FetchContent_MakeAvailable(imgui) instead.  Policy CMP0169 can be set to
  OLD to allow FetchContent_Populate(imgui) to be called directly for now,
  but the ability to call it with declared details will be removed completely
  in a future version.
Call Stack (most recent call first):
  ps2xRuntime/CMakeLists.txt:123 (FetchContent_Populate)
This warning is for project developers.  Use -Wno-author to suppress it.

-- Populating imgui
-- Configuring done (0.5s)
-- Generating done (0.4s)
-- Build files have been written to: /Volumes/Extreme SSD/ps2x-i13/ios-runtime-device/_deps/imgui-subbuild
Command line invocation:
    /Applications/Xcode.app/Contents/Developer/usr/bin/xcodebuild -project imgui-populate.xcodeproj build -configuration Debug -parallelizeTargets -hideShellScriptEnvironment -target ALL_BUILD

ComputePackagePrebuildTargetDependencyGraph

CreateBuildRequest

SendProjectDescription

CreateBuildOperation

ComputeTargetDependencyGraph
note: Building targets in dependency order
note: Target dependency graph (3 targets)
    Target 'ALL_BUILD' in project 'imgui-populate'
        ➜ Explicit dependency on target 'imgui-populate' in project 'imgui-populate'
        ➜ Explicit dependency on target 'ZERO_CHECK' in project 'imgui-populate'
    Target 'imgui-populate' in project 'imgui-populate'
        ➜ Explicit dependency on target 'ZERO_CHECK' in project 'imgui-populate'
    Target 'ZERO_CHECK' in project 'imgui-populate' (no dependencies)

GatherProvisioningInputs

CreateBuildDescription

ExecuteExternalTool /opt/homebrew/opt/llvm/bin/clang -v -E -dM -isysroot /Applications/Xcode.app/Contents/Developer/Platforms/MacOSX.platform/Developer/SDKs/MacOSX27.0.sdk -x c -c /dev/null

Build description signature: a0e8247bde9cd29a39ff704acf61714e
Build description path: /Volumes/Extreme SSD/ps2x-i13/ios-runtime-device/_deps/imgui-subbuild/build/XCBuildData/a0e8247bde9cd29a39ff704acf61714e.xcbuilddata
CreateBuildDirectory /Volumes/Extreme\ SSD/ps2x-i13/ios-runtime-device/_deps/imgui-subbuild/build
    cd /Volumes/Extreme\ SSD/ps2x-i13/ios-runtime-device/_deps/imgui-subbuild/imgui-populate.xcodeproj
    builtin-create-build-directory /Volumes/Extreme\ SSD/ps2x-i13/ios-runtime-device/_deps/imgui-subbuild/build

CreateBuildDirectory /var/folders/zg/v8fr50g11gg5xcmmsr57zzq00000gn/C/com.apple.DeveloperTools/27.0-27A266a/Xcode/CompilationCache.noindex
    cd /Volumes/Extreme\ SSD/ps2x-i13/ios-runtime-device/_deps/imgui-subbuild/imgui-populate.xcodeproj
    builtin-create-build-directory /var/folders/zg/v8fr50g11gg5xcmmsr57zzq00000gn/C/com.apple.DeveloperTools/27.0-27A266a/Xcode/CompilationCache.noindex

CreateBuildDirectory /Volumes/Extreme\ SSD/ps2x-i13/ios-runtime-device/_deps/imgui-subbuild/build/SharedPrecompiledHeaders
    cd /Volumes/Extreme\ SSD/ps2x-i13/ios-runtime-device/_deps/imgui-subbuild/imgui-populate.xcodeproj
    builtin-create-build-directory /Volumes/Extreme\ SSD/ps2x-i13/ios-runtime-device/_deps/imgui-subbuild/build/SharedPrecompiledHeaders

CreateBuildDirectory /Volumes/Extreme\ SSD/ps2x-i13/ios-runtime-device/_deps/imgui-subbuild/build/SwiftExplicitPrecompiledModules
    cd /Volumes/Extreme\ SSD/ps2x-i13/ios-runtime-device/_deps/imgui-subbuild/imgui-populate.xcodeproj
    builtin-create-build-directory /Volumes/Extreme\ SSD/ps2x-i13/ios-runtime-device/_deps/imgui-subbuild/build/SwiftExplicitPrecompiledModules

CreateBuildDirectory /Volumes/Extreme\ SSD/ps2x-i13/ios-runtime-device/_deps/imgui-subbuild/build/Debug
    cd /Volumes/Extreme\ SSD/ps2x-i13/ios-runtime-device/_deps/imgui-subbuild/imgui-populate.xcodeproj
    builtin-create-build-directory /Volumes/Extreme\ SSD/ps2x-i13/ios-runtime-device/_deps/imgui-subbuild/build/Debug

CreateBuildDirectory /Volumes/Extreme\ SSD/ps2x-i13/ios-runtime-device/_deps/imgui-subbuild/build/ExplicitPrecompiledModules
    cd /Volumes/Extreme\ SSD/ps2x-i13/ios-runtime-device/_deps/imgui-subbuild/imgui-populate.xcodeproj
    builtin-create-build-directory /Volumes/Extreme\ SSD/ps2x-i13/ios-runtime-device/_deps/imgui-subbuild/build/ExplicitPrecompiledModules

CreateBuildDirectory /Volumes/Extreme\ SSD/ps2x-i13/ios-runtime-device/_deps/imgui-subbuild/build/EagerLinkingTBDs/Debug
    cd /Volumes/Extreme\ SSD/ps2x-i13/ios-runtime-device/_deps/imgui-subbuild/imgui-populate.xcodeproj
    builtin-create-build-directory /Volumes/Extreme\ SSD/ps2x-i13/ios-runtime-device/_deps/imgui-subbuild/build/EagerLinkingTBDs/Debug

WriteAuxiliaryFile /Volumes/Extreme\ SSD/ps2x-i13/ios-runtime-device/_deps/imgui-subbuild/build/imgui-populate.build/Debug/ALL_BUILD.build/Script-F0538E59C0AFC7EDC083F364.sh (in target 'ALL_BUILD' from project 'imgui-populate')
    cd /Volumes/Extreme\ SSD/ps2x-i13/ios-runtime-device/_deps/imgui-subbuild
    write-file /Volumes/Extreme\ SSD/ps2x-i13/ios-runtime-device/_deps/imgui-subbuild/build/imgui-populate.build/Debug/ALL_BUILD.build/Script-F0538E59C0AFC7EDC083F364.sh

WriteAuxiliaryFile /Volumes/Extreme\ SSD/ps2x-i13/ios-runtime-device/_deps/imgui-subbuild/build/imgui-populate.build/Debug/imgui-populate.build/Script-6CC237BB11CC07C1F3D953AE.sh (in target 'imgui-populate' from project 'imgui-populate')
    cd /Volumes/Extreme\ SSD/ps2x-i13/ios-runtime-device/_deps/imgui-subbuild
    write-file /Volumes/Extreme\ SSD/ps2x-i13/ios-runtime-device/_deps/imgui-subbuild/build/imgui-populate.build/Debug/imgui-populate.build/Script-6CC237BB11CC07C1F3D953AE.sh

WriteAuxiliaryFile /Volumes/Extreme\ SSD/ps2x-i13/ios-runtime-device/_deps/imgui-subbuild/build/imgui-populate.build/Debug/imgui-populate.build/Script-CC04523BAE70E5E8A100386A.sh (in target 'imgui-populate' from project 'imgui-populate')
    cd /Volumes/Extreme\ SSD/ps2x-i13/ios-runtime-device/_deps/imgui-subbuild
    write-file /Volumes/Extreme\ SSD/ps2x-i13/ios-runtime-device/_deps/imgui-subbuild/build/imgui-populate.build/Debug/imgui-populate.build/Script-CC04523BAE70E5E8A100386A.sh

WriteAuxiliaryFile /Volumes/Extreme\ SSD/ps2x-i13/ios-runtime-device/_deps/imgui-subbuild/build/imgui-populate.build/Debug/imgui-populate.build/Script-EC58B739A55D3D4E6DD33AF1.sh (in target 'imgui-populate' from project 'imgui-populate')
    cd /Volumes/Extreme\ SSD/ps2x-i13/ios-runtime-device/_deps/imgui-subbuild
    write-file /Volumes/Extreme\ SSD/ps2x-i13/ios-runtime-device/_deps/imgui-subbuild/build/imgui-populate.build/Debug/imgui-populate.build/Script-EC58B739A55D3D4E6DD33AF1.sh

WriteAuxiliaryFile /Volumes/Extreme\ SSD/ps2x-i13/ios-runtime-device/_deps/imgui-subbuild/build/imgui-populate.build/Debug/ZERO_CHECK.build/Script-6A0442F5C5C2B6F05582711B.sh (in target 'ZERO_CHECK' from project 'imgui-populate')
    cd /Volumes/Extreme\ SSD/ps2x-i13/ios-runtime-device/_deps/imgui-subbuild
    write-file /Volumes/Extreme\ SSD/ps2x-i13/ios-runtime-device/_deps/imgui-subbuild/build/imgui-populate.build/Debug/ZERO_CHECK.build/Script-6A0442F5C5C2B6F05582711B.sh

WriteAuxiliaryFile /Volumes/Extreme\ SSD/ps2x-i13/ios-runtime-device/_deps/imgui-subbuild/build/imgui-populate.build/Debug/imgui-populate.build/Script-686AFDAEFE89CB4F2D912A15.sh (in target 'imgui-populate' from project 'imgui-populate')
    cd /Volumes/Extreme\ SSD/ps2x-i13/ios-runtime-device/_deps/imgui-subbuild
    write-file /Volumes/Extreme\ SSD/ps2x-i13/ios-runtime-device/_deps/imgui-subbuild/build/imgui-populate.build/Debug/imgui-populate.build/Script-686AFDAEFE89CB4F2D912A15.sh

WriteAuxiliaryFile /Volumes/Extreme\ SSD/ps2x-i13/ios-runtime-device/_deps/imgui-subbuild/build/imgui-populate.build/Debug/imgui-populate.build/Script-6137E9A39A135E5C52D4B577.sh (in target 'imgui-populate' from project 'imgui-populate')
    cd /Volumes/Extreme\ SSD/ps2x-i13/ios-runtime-device/_deps/imgui-subbuild
    write-file /Volumes/Extreme\ SSD/ps2x-i13/ios-runtime-device/_deps/imgui-subbuild/build/imgui-populate.build/Debug/imgui-populate.build/Script-6137E9A39A135E5C52D4B577.sh

WriteAuxiliaryFile /Volumes/Extreme\ SSD/ps2x-i13/ios-runtime-device/_deps/imgui-subbuild/build/imgui-populate.build/Debug/imgui-populate.build/Script-37B2040E2B1D2587E03FAA05.sh (in target 'imgui-populate' from project 'imgui-populate')
    cd /Volumes/Extreme\ SSD/ps2x-i13/ios-runtime-device/_deps/imgui-subbuild
    write-file /Volumes/Extreme\ SSD/ps2x-i13/ios-runtime-device/_deps/imgui-subbuild/build/imgui-populate.build/Debug/imgui-populate.build/Script-37B2040E2B1D2587E03FAA05.sh

WriteAuxiliaryFile /Volumes/Extreme\ SSD/ps2x-i13/ios-runtime-device/_deps/imgui-subbuild/build/imgui-populate.build/Debug/imgui-populate.build/Script-58FEECA198C1F5C7F3943B0B.sh (in target 'imgui-populate' from project 'imgui-populate')
    cd /Volumes/Extreme\ SSD/ps2x-i13/ios-runtime-device/_deps/imgui-subbuild
    write-file /Volumes/Extreme\ SSD/ps2x-i13/ios-runtime-device/_deps/imgui-subbuild/build/imgui-populate.build/Debug/imgui-populate.build/Script-58FEECA198C1F5C7F3943B0B.sh

WriteAuxiliaryFile /Volumes/Extreme\ SSD/ps2x-i13/ios-runtime-device/_deps/imgui-subbuild/build/imgui-populate.build/Debug/imgui-populate.build/Script-37AFAD12012AE705F426B868.sh (in target 'imgui-populate' from project 'imgui-populate')
    cd /Volumes/Extreme\ SSD/ps2x-i13/ios-runtime-device/_deps/imgui-subbuild
    write-file /Volumes/Extreme\ SSD/ps2x-i13/ios-runtime-device/_deps/imgui-subbuild/build/imgui-populate.build/Debug/imgui-populate.build/Script-37AFAD12012AE705F426B868.sh

WriteAuxiliaryFile /Volumes/Extreme\ SSD/ps2x-i13/ios-runtime-device/_deps/imgui-subbuild/build/imgui-populate.build/Debug/imgui-populate.build/Script-07CAF22E043C25CD4287BF61.sh (in target 'imgui-populate' from project 'imgui-populate')
    cd /Volumes/Extreme\ SSD/ps2x-i13/ios-runtime-device/_deps/imgui-subbuild
    write-file /Volumes/Extreme\ SSD/ps2x-i13/ios-runtime-device/_deps/imgui-subbuild/build/imgui-populate.build/Debug/imgui-populate.build/Script-07CAF22E043C25CD4287BF61.sh

WriteAuxiliaryFile /Volumes/Extreme\ SSD/ps2x-i13/ios-runtime-device/_deps/imgui-subbuild/build/imgui-populate.build/Debug/imgui-populate.build/Script-030086C346FF31625FDC6412.sh (in target 'imgui-populate' from project 'imgui-populate')
    cd /Volumes/Extreme\ SSD/ps2x-i13/ios-runtime-device/_deps/imgui-subbuild
    write-file /Volumes/Extreme\ SSD/ps2x-i13/ios-runtime-device/_deps/imgui-subbuild/build/imgui-populate.build/Debug/imgui-populate.build/Script-030086C346FF31625FDC6412.sh

PhaseScriptExecution Generate\ CMakeFiles/ZERO_CHECK /Volumes/Extreme\ SSD/ps2x-i13/ios-runtime-device/_deps/imgui-subbuild/build/imgui-populate.build/Debug/ZERO_CHECK.build/Script-6A0442F5C5C2B6F05582711B.sh (in target 'ZERO_CHECK' from project 'imgui-populate')
    cd /Volumes/Extreme\ SSD/ps2x-i13/ios-runtime-device/_deps/imgui-subbuild
    /bin/sh -c /Volumes/Extreme\\\ SSD/ps2x-i13/ios-runtime-device/_deps/imgui-subbuild/build/imgui-populate.build/Debug/ZERO_CHECK.build/Script-6A0442F5C5C2B6F05582711B.sh
make: `/Volumes/Extreme SSD/ps2x-i13/ios-runtime-device/_deps/imgui-subbuild/CMakeFiles/cmake.check_cache' is up to date.

PhaseScriptExecution Generate\ imgui-populate-prefix/src/imgui-populate-stamp/$(CONFIGURATION)$(EFFECTIVE_PLATFORM_NAME)/imgui-populate-mkdir /Volumes/Extreme\ SSD/ps2x-i13/ios-runtime-device/_deps/imgui-subbuild/build/imgui-populate.build/Debug/imgui-populate.build/Script-07CAF22E043C25CD4287BF61.sh (in target 'imgui-populate' from project 'imgui-populate')
    cd /Volumes/Extreme\ SSD/ps2x-i13/ios-runtime-device/_deps/imgui-subbuild
    /bin/sh -c /Volumes/Extreme\\\ SSD/ps2x-i13/ios-runtime-device/_deps/imgui-subbuild/build/imgui-populate.build/Debug/imgui-populate.build/Script-07CAF22E043C25CD4287BF61.sh

PhaseScriptExecution Generate\ imgui-populate-prefix/src/imgui-populate-stamp/$(CONFIGURATION)$(EFFECTIVE_PLATFORM_NAME)/imgui-populate-download /Volumes/Extreme\ SSD/ps2x-i13/ios-runtime-device/_deps/imgui-subbuild/build/imgui-populate.build/Debug/imgui-populate.build/Script-CC04523BAE70E5E8A100386A.sh (in target 'imgui-populate' from project 'imgui-populate')
    cd /Volumes/Extreme\ SSD/ps2x-i13/ios-runtime-device/_deps/imgui-subbuild
    /bin/sh -c /Volumes/Extreme\\\ SSD/ps2x-i13/ios-runtime-device/_deps/imgui-subbuild/build/imgui-populate.build/Debug/imgui-populate.build/Script-CC04523BAE70E5E8A100386A.sh
Cloning into 'imgui-src'...
error: non-monotonic index .git/objects/pack/._pack-0f6f5c767f438cb6b7e417f0a3c13d0bb06d6702.idx
error: non-monotonic index .git/objects/pack/._pack-0f6f5c767f438cb6b7e417f0a3c13d0bb06d6702.idx
HEAD is now at b1bcb12 Merge branch 'master' into docking
Command PhaseScriptExecution emitted errors but did not return a nonzero exit code to indicate failure

PhaseScriptExecution Generate\ imgui-populate-prefix/src/imgui-populate-stamp/$(CONFIGURATION)$(EFFECTIVE_PLATFORM_NAME)/imgui-populate-update /Volumes/Extreme\ SSD/ps2x-i13/ios-runtime-device/_deps/imgui-subbuild/build/imgui-populate.build/Debug/imgui-populate.build/Script-37AFAD12012AE705F426B868.sh (in target 'imgui-populate' from project 'imgui-populate')
    cd /Volumes/Extreme\ SSD/ps2x-i13/ios-runtime-device/_deps/imgui-subbuild
    /bin/sh -c /Volumes/Extreme\\\ SSD/ps2x-i13/ios-runtime-device/_deps/imgui-subbuild/build/imgui-populate.build/Debug/imgui-populate.build/Script-37AFAD12012AE705F426B868.sh
-- Already at requested tag: v1.92.7-docking

PhaseScriptExecution Generate\ imgui-populate-prefix/src/imgui-populate-stamp/$(CONFIGURATION)$(EFFECTIVE_PLATFORM_NAME)/imgui-populate-patch /Volumes/Extreme\ SSD/ps2x-i13/ios-runtime-device/_deps/imgui-subbuild/build/imgui-populate.build/Debug/imgui-populate.build/Script-37B2040E2B1D2587E03FAA05.sh (in target 'imgui-populate' from project 'imgui-populate')
    cd /Volumes/Extreme\ SSD/ps2x-i13/ios-runtime-device/_deps/imgui-subbuild
    /bin/sh -c /Volumes/Extreme\\\ SSD/ps2x-i13/ios-runtime-device/_deps/imgui-subbuild/build/imgui-populate.build/Debug/imgui-populate.build/Script-37B2040E2B1D2587E03FAA05.sh

PhaseScriptExecution Generate\ imgui-populate-prefix/src/imgui-populate-stamp/$(CONFIGURATION)$(EFFECTIVE_PLATFORM_NAME)/imgui-populate-configure /Volumes/Extreme\ SSD/ps2x-i13/ios-runtime-device/_deps/imgui-subbuild/build/imgui-populate.build/Debug/imgui-populate.build/Script-030086C346FF31625FDC6412.sh (in target 'imgui-populate' from project 'imgui-populate')
    cd /Volumes/Extreme\ SSD/ps2x-i13/ios-runtime-device/_deps/imgui-subbuild
    /bin/sh -c /Volumes/Extreme\\\ SSD/ps2x-i13/ios-runtime-device/_deps/imgui-subbuild/build/imgui-populate.build/Debug/imgui-populate.build/Script-030086C346FF31625FDC6412.sh

PhaseScriptExecution Generate\ imgui-populate-prefix/src/imgui-populate-stamp/$(CONFIGURATION)$(EFFECTIVE_PLATFORM_NAME)/imgui-populate-build /Volumes/Extreme\ SSD/ps2x-i13/ios-runtime-device/_deps/imgui-subbuild/build/imgui-populate.build/Debug/imgui-populate.build/Script-686AFDAEFE89CB4F2D912A15.sh (in target 'imgui-populate' from project 'imgui-populate')
    cd /Volumes/Extreme\ SSD/ps2x-i13/ios-runtime-device/_deps/imgui-subbuild
    /bin/sh -c /Volumes/Extreme\\\ SSD/ps2x-i13/ios-runtime-device/_deps/imgui-subbuild/build/imgui-populate.build/Debug/imgui-populate.build/Script-686AFDAEFE89CB4F2D912A15.sh

PhaseScriptExecution Generate\ imgui-populate-prefix/src/imgui-populate-stamp/$(CONFIGURATION)$(EFFECTIVE_PLATFORM_NAME)/imgui-populate-install /Volumes/Extreme\ SSD/ps2x-i13/ios-runtime-device/_deps/imgui-subbuild/build/imgui-populate.build/Debug/imgui-populate.build/Script-EC58B739A55D3D4E6DD33AF1.sh (in target 'imgui-populate' from project 'imgui-populate')
    cd /Volumes/Extreme\ SSD/ps2x-i13/ios-runtime-device/_deps/imgui-subbuild
    /bin/sh -c /Volumes/Extreme\\\ SSD/ps2x-i13/ios-runtime-device/_deps/imgui-subbuild/build/imgui-populate.build/Debug/imgui-populate.build/Script-EC58B739A55D3D4E6DD33AF1.sh

PhaseScriptExecution Generate\ imgui-populate-prefix/src/imgui-populate-stamp/$(CONFIGURATION)$(EFFECTIVE_PLATFORM_NAME)/imgui-populate-test /Volumes/Extreme\ SSD/ps2x-i13/ios-runtime-device/_deps/imgui-subbuild/build/imgui-populate.build/Debug/imgui-populate.build/Script-6CC237BB11CC07C1F3D953AE.sh (in target 'imgui-populate' from project 'imgui-populate')
    cd /Volumes/Extreme\ SSD/ps2x-i13/ios-runtime-device/_deps/imgui-subbuild
    /bin/sh -c /Volumes/Extreme\\\ SSD/ps2x-i13/ios-runtime-device/_deps/imgui-subbuild/build/imgui-populate.build/Debug/imgui-populate.build/Script-6CC237BB11CC07C1F3D953AE.sh

PhaseScriptExecution Generate\ CMakeFiles/$(CONFIGURATION)$(EFFECTIVE_PLATFORM_NAME)/imgui-populate-complete /Volumes/Extreme\ SSD/ps2x-i13/ios-runtime-device/_deps/imgui-subbuild/build/imgui-populate.build/Debug/imgui-populate.build/Script-58FEECA198C1F5C7F3943B0B.sh (in target 'imgui-populate' from project 'imgui-populate')
    cd /Volumes/Extreme\ SSD/ps2x-i13/ios-runtime-device/_deps/imgui-subbuild
    /bin/sh -c /Volumes/Extreme\\\ SSD/ps2x-i13/ios-runtime-device/_deps/imgui-subbuild/build/imgui-populate.build/Debug/imgui-populate.build/Script-58FEECA198C1F5C7F3943B0B.sh

PhaseScriptExecution Generate\ CMakeFiles/imgui-populate /Volumes/Extreme\ SSD/ps2x-i13/ios-runtime-device/_deps/imgui-subbuild/build/imgui-populate.build/Debug/imgui-populate.build/Script-6137E9A39A135E5C52D4B577.sh (in target 'imgui-populate' from project 'imgui-populate')
    cd /Volumes/Extreme\ SSD/ps2x-i13/ios-runtime-device/_deps/imgui-subbuild
    /bin/sh -c /Volumes/Extreme\\\ SSD/ps2x-i13/ios-runtime-device/_deps/imgui-subbuild/build/imgui-populate.build/Debug/imgui-populate.build/Script-6137E9A39A135E5C52D4B577.sh

PhaseScriptExecution Generate\ CMakeFiles/ALL_BUILD /Volumes/Extreme\ SSD/ps2x-i13/ios-runtime-device/_deps/imgui-subbuild/build/imgui-populate.build/Debug/ALL_BUILD.build/Script-F0538E59C0AFC7EDC083F364.sh (in target 'ALL_BUILD' from project 'imgui-populate')
    cd /Volumes/Extreme\ SSD/ps2x-i13/ios-runtime-device/_deps/imgui-subbuild
    /bin/sh -c /Volumes/Extreme\\\ SSD/ps2x-i13/ios-runtime-device/_deps/imgui-subbuild/build/imgui-populate.build/Debug/ALL_BUILD.build/Script-F0538E59C0AFC7EDC083F364.sh
Build all projects

PruneExplicitPrecompiledModules /Volumes/Extreme SSD/ps2x-i13/ios-runtime-device/_deps/imgui-subbuild/build/ExplicitPrecompiledModules

PruneExplicitPrecompiledModules /Volumes/Extreme SSD/ps2x-i13/ios-runtime-device/_deps/imgui-subbuild/build/SwiftExplicitPrecompiledModules

note: Run script build phase 'Generate CMakeFiles/ALL_BUILD' will be run during every build because the option to run the script phase "Based on dependency analysis" is unchecked. (in target 'ALL_BUILD' from project 'imgui-populate')
note: Run script build phase 'Generate CMakeFiles/imgui-populate' will be run during every build because the option to run the script phase "Based on dependency analysis" is unchecked. (in target 'imgui-populate' from project 'imgui-populate')
note: Run script build phase 'Generate imgui-populate-prefix/src/imgui-populate-stamp/$(CONFIGURATION)$(EFFECTIVE_PLATFORM_NAME)/imgui-populate-update' will be run during every build because the option to run the script phase "Based on dependency analysis" is unchecked. (in target 'imgui-populate' from project 'imgui-populate')
note: Run script build phase 'Generate CMakeFiles/$(CONFIGURATION)$(EFFECTIVE_PLATFORM_NAME)/imgui-populate-complete' will be run during every build because the option to run the script phase "Based on dependency analysis" is unchecked. (in target 'imgui-populate' from project 'imgui-populate')
note: Run script build phase 'Generate imgui-populate-prefix/src/imgui-populate-stamp/$(CONFIGURATION)$(EFFECTIVE_PLATFORM_NAME)/imgui-populate-patch' will be run during every build because the option to run the script phase "Based on dependency analysis" is unchecked. (in target 'imgui-populate' from project 'imgui-populate')
note: Run script build phase 'Generate CMakeFiles/ZERO_CHECK' will be run during every build because the option to run the script phase "Based on dependency analysis" is unchecked. (in target 'ZERO_CHECK' from project 'imgui-populate')
** BUILD SUCCEEDED **

CMake Warning (author) at /opt/homebrew/share/cmake/Modules/FetchContent.cmake:1968 (message):
  Calling FetchContent_Populate(rlImGui) is deprecated, call
  FetchContent_MakeAvailable(rlImGui) instead.  Policy CMP0169 can be set to
  OLD to allow FetchContent_Populate(rlImGui) to be called directly for now,
  but the ability to call it with declared details will be removed completely
  in a future version.
Call Stack (most recent call first):
  ps2xRuntime/CMakeLists.txt:146 (FetchContent_Populate)
This warning is for project developers.  Use -Wno-author to suppress it.

-- Populating rlimgui
-- Configuring done (0.6s)
-- Generating done (0.4s)
-- Build files have been written to: /Volumes/Extreme SSD/ps2x-i13/ios-runtime-device/_deps/rlimgui-subbuild
Command line invocation:
    /Applications/Xcode.app/Contents/Developer/usr/bin/xcodebuild -project rlimgui-populate.xcodeproj build -configuration Debug -parallelizeTargets -hideShellScriptEnvironment -target ALL_BUILD

ComputePackagePrebuildTargetDependencyGraph

CreateBuildRequest

SendProjectDescription

CreateBuildOperation

ComputeTargetDependencyGraph
note: Building targets in dependency order
note: Target dependency graph (3 targets)
    Target 'ALL_BUILD' in project 'rlimgui-populate'
        ➜ Explicit dependency on target 'rlimgui-populate' in project 'rlimgui-populate'
        ➜ Explicit dependency on target 'ZERO_CHECK' in project 'rlimgui-populate'
    Target 'rlimgui-populate' in project 'rlimgui-populate'
        ➜ Explicit dependency on target 'ZERO_CHECK' in project 'rlimgui-populate'
    Target 'ZERO_CHECK' in project 'rlimgui-populate' (no dependencies)

GatherProvisioningInputs

CreateBuildDescription

ExecuteExternalTool /opt/homebrew/opt/llvm/bin/clang -v -E -dM -isysroot /Applications/Xcode.app/Contents/Developer/Platforms/MacOSX.platform/Developer/SDKs/MacOSX27.0.sdk -x c -c /dev/null

Build description signature: f124cc4e9f01826486bc3a35e66217f4
Build description path: /Volumes/Extreme SSD/ps2x-i13/ios-runtime-device/_deps/rlimgui-subbuild/build/XCBuildData/f124cc4e9f01826486bc3a35e66217f4.xcbuilddata
CreateBuildDirectory /Volumes/Extreme\ SSD/ps2x-i13/ios-runtime-device/_deps/rlimgui-subbuild/build
    cd /Volumes/Extreme\ SSD/ps2x-i13/ios-runtime-device/_deps/rlimgui-subbuild/rlimgui-populate.xcodeproj
    builtin-create-build-directory /Volumes/Extreme\ SSD/ps2x-i13/ios-runtime-device/_deps/rlimgui-subbuild/build

CreateBuildDirectory /var/folders/zg/v8fr50g11gg5xcmmsr57zzq00000gn/C/com.apple.DeveloperTools/27.0-27A266a/Xcode/CompilationCache.noindex
    cd /Volumes/Extreme\ SSD/ps2x-i13/ios-runtime-device/_deps/rlimgui-subbuild/rlimgui-populate.xcodeproj
    builtin-create-build-directory /var/folders/zg/v8fr50g11gg5xcmmsr57zzq00000gn/C/com.apple.DeveloperTools/27.0-27A266a/Xcode/CompilationCache.noindex

CreateBuildDirectory /Volumes/Extreme\ SSD/ps2x-i13/ios-runtime-device/_deps/rlimgui-subbuild/build/SwiftExplicitPrecompiledModules
    cd /Volumes/Extreme\ SSD/ps2x-i13/ios-runtime-device/_deps/rlimgui-subbuild/rlimgui-populate.xcodeproj
    builtin-create-build-directory /Volumes/Extreme\ SSD/ps2x-i13/ios-runtime-device/_deps/rlimgui-subbuild/build/SwiftExplicitPrecompiledModules

CreateBuildDirectory /Volumes/Extreme\ SSD/ps2x-i13/ios-runtime-device/_deps/rlimgui-subbuild/build/SharedPrecompiledHeaders
    cd /Volumes/Extreme\ SSD/ps2x-i13/ios-runtime-device/_deps/rlimgui-subbuild/rlimgui-populate.xcodeproj
    builtin-create-build-directory /Volumes/Extreme\ SSD/ps2x-i13/ios-runtime-device/_deps/rlimgui-subbuild/build/SharedPrecompiledHeaders

CreateBuildDirectory /Volumes/Extreme\ SSD/ps2x-i13/ios-runtime-device/_deps/rlimgui-subbuild/build/ExplicitPrecompiledModules
    cd /Volumes/Extreme\ SSD/ps2x-i13/ios-runtime-device/_deps/rlimgui-subbuild/rlimgui-populate.xcodeproj
    builtin-create-build-directory /Volumes/Extreme\ SSD/ps2x-i13/ios-runtime-device/_deps/rlimgui-subbuild/build/ExplicitPrecompiledModules

CreateBuildDirectory /Volumes/Extreme\ SSD/ps2x-i13/ios-runtime-device/_deps/rlimgui-subbuild/build/Debug
    cd /Volumes/Extreme\ SSD/ps2x-i13/ios-runtime-device/_deps/rlimgui-subbuild/rlimgui-populate.xcodeproj
    builtin-create-build-directory /Volumes/Extreme\ SSD/ps2x-i13/ios-runtime-device/_deps/rlimgui-subbuild/build/Debug

WriteAuxiliaryFile /Volumes/Extreme\ SSD/ps2x-i13/ios-runtime-device/_deps/rlimgui-subbuild/build/rlimgui-populate.build/Debug/rlimgui-populate.build/Script-A477D259D3E8E0C28CB1C9BA.sh (in target 'rlimgui-populate' from project 'rlimgui-populate')
    cd /Volumes/Extreme\ SSD/ps2x-i13/ios-runtime-device/_deps/rlimgui-subbuild
    write-file /Volumes/Extreme\ SSD/ps2x-i13/ios-runtime-device/_deps/rlimgui-subbuild/build/rlimgui-populate.build/Debug/rlimgui-populate.build/Script-A477D259D3E8E0C28CB1C9BA.sh

CreateBuildDirectory /Volumes/Extreme\ SSD/ps2x-i13/ios-runtime-device/_deps/rlimgui-subbuild/build/EagerLinkingTBDs/Debug
    cd /Volumes/Extreme\ SSD/ps2x-i13/ios-runtime-device/_deps/rlimgui-subbuild/rlimgui-populate.xcodeproj
    builtin-create-build-directory /Volumes/Extreme\ SSD/ps2x-i13/ios-runtime-device/_deps/rlimgui-subbuild/build/EagerLinkingTBDs/Debug

WriteAuxiliaryFile /Volumes/Extreme\ SSD/ps2x-i13/ios-runtime-device/_deps/rlimgui-subbuild/build/rlimgui-populate.build/Debug/rlimgui-populate.build/Script-80916156D1BB2408EE294C82.sh (in target 'rlimgui-populate' from project 'rlimgui-populate')
    cd /Volumes/Extreme\ SSD/ps2x-i13/ios-runtime-device/_deps/rlimgui-subbuild
    write-file /Volumes/Extreme\ SSD/ps2x-i13/ios-runtime-device/_deps/rlimgui-subbuild/build/rlimgui-populate.build/Debug/rlimgui-populate.build/Script-80916156D1BB2408EE294C82.sh

WriteAuxiliaryFile /Volumes/Extreme\ SSD/ps2x-i13/ios-runtime-device/_deps/rlimgui-subbuild/build/rlimgui-populate.build/Debug/rlimgui-populate.build/Script-D8F15149F2A3C33354E4DDC1.sh (in target 'rlimgui-populate' from project 'rlimgui-populate')
    cd /Volumes/Extreme\ SSD/ps2x-i13/ios-runtime-device/_deps/rlimgui-subbuild
    write-file /Volumes/Extreme\ SSD/ps2x-i13/ios-runtime-device/_deps/rlimgui-subbuild/build/rlimgui-populate.build/Debug/rlimgui-populate.build/Script-D8F15149F2A3C33354E4DDC1.sh

WriteAuxiliaryFile /Volumes/Extreme\ SSD/ps2x-i13/ios-runtime-device/_deps/rlimgui-subbuild/build/rlimgui-populate.build/Debug/rlimgui-populate.build/Script-CB7BA03CC0613238B7445FE0.sh (in target 'rlimgui-populate' from project 'rlimgui-populate')
    cd /Volumes/Extreme\ SSD/ps2x-i13/ios-runtime-device/_deps/rlimgui-subbuild
    write-file /Volumes/Extreme\ SSD/ps2x-i13/ios-runtime-device/_deps/rlimgui-subbuild/build/rlimgui-populate.build/Debug/rlimgui-populate.build/Script-CB7BA03CC0613238B7445FE0.sh

WriteAuxiliaryFile /Volumes/Extreme\ SSD/ps2x-i13/ios-runtime-device/_deps/rlimgui-subbuild/build/rlimgui-populate.build/Debug/rlimgui-populate.build/Script-D9A0060CEC58E4216CA8845B.sh (in target 'rlimgui-populate' from project 'rlimgui-populate')
    cd /Volumes/Extreme\ SSD/ps2x-i13/ios-runtime-device/_deps/rlimgui-subbuild
    write-file /Volumes/Extreme\ SSD/ps2x-i13/ios-runtime-device/_deps/rlimgui-subbuild/build/rlimgui-populate.build/Debug/rlimgui-populate.build/Script-D9A0060CEC58E4216CA8845B.sh

WriteAuxiliaryFile /Volumes/Extreme\ SSD/ps2x-i13/ios-runtime-device/_deps/rlimgui-subbuild/build/rlimgui-populate.build/Debug/rlimgui-populate.build/Script-1A6138236703A2F5B22B204D.sh (in target 'rlimgui-populate' from project 'rlimgui-populate')
    cd /Volumes/Extreme\ SSD/ps2x-i13/ios-runtime-device/_deps/rlimgui-subbuild
    write-file /Volumes/Extreme\ SSD/ps2x-i13/ios-runtime-device/_deps/rlimgui-subbuild/build/rlimgui-populate.build/Debug/rlimgui-populate.build/Script-1A6138236703A2F5B22B204D.sh

WriteAuxiliaryFile /Volumes/Extreme\ SSD/ps2x-i13/ios-runtime-device/_deps/rlimgui-subbuild/build/rlimgui-populate.build/Debug/rlimgui-populate.build/Script-6EAECED8F982C1DA73518D36.sh (in target 'rlimgui-populate' from project 'rlimgui-populate')
    cd /Volumes/Extreme\ SSD/ps2x-i13/ios-runtime-device/_deps/rlimgui-subbuild
    write-file /Volumes/Extreme\ SSD/ps2x-i13/ios-runtime-device/_deps/rlimgui-subbuild/build/rlimgui-populate.build/Debug/rlimgui-populate.build/Script-6EAECED8F982C1DA73518D36.sh

WriteAuxiliaryFile /Volumes/Extreme\ SSD/ps2x-i13/ios-runtime-device/_deps/rlimgui-subbuild/build/rlimgui-populate.build/Debug/rlimgui-populate.build/Script-41CBB5093D7E5B964FD69AC3.sh (in target 'rlimgui-populate' from project 'rlimgui-populate')
    cd /Volumes/Extreme\ SSD/ps2x-i13/ios-runtime-device/_deps/rlimgui-subbuild
    write-file /Volumes/Extreme\ SSD/ps2x-i13/ios-runtime-device/_deps/rlimgui-subbuild/build/rlimgui-populate.build/Debug/rlimgui-populate.build/Script-41CBB5093D7E5B964FD69AC3.sh

WriteAuxiliaryFile /Volumes/Extreme\ SSD/ps2x-i13/ios-runtime-device/_deps/rlimgui-subbuild/build/rlimgui-populate.build/Debug/rlimgui-populate.build/Script-4E4214E3B071D9BCA899216B.sh (in target 'rlimgui-populate' from project 'rlimgui-populate')
    cd /Volumes/Extreme\ SSD/ps2x-i13/ios-runtime-device/_deps/rlimgui-subbuild
    write-file /Volumes/Extreme\ SSD/ps2x-i13/ios-runtime-device/_deps/rlimgui-subbuild/build/rlimgui-populate.build/Debug/rlimgui-populate.build/Script-4E4214E3B071D9BCA899216B.sh

WriteAuxiliaryFile /Volumes/Extreme\ SSD/ps2x-i13/ios-runtime-device/_deps/rlimgui-subbuild/build/rlimgui-populate.build/Debug/rlimgui-populate.build/Script-7335E1B3EC94D168DA1BF792.sh (in target 'rlimgui-populate' from project 'rlimgui-populate')
    cd /Volumes/Extreme\ SSD/ps2x-i13/ios-runtime-device/_deps/rlimgui-subbuild
    write-file /Volumes/Extreme\ SSD/ps2x-i13/ios-runtime-device/_deps/rlimgui-subbuild/build/rlimgui-populate.build/Debug/rlimgui-populate.build/Script-7335E1B3EC94D168DA1BF792.sh

WriteAuxiliaryFile /Volumes/Extreme\ SSD/ps2x-i13/ios-runtime-device/_deps/rlimgui-subbuild/build/rlimgui-populate.build/Debug/ALL_BUILD.build/Script-80D0EB3755F0CA7F4EC5D1D2.sh (in target 'ALL_BUILD' from project 'rlimgui-populate')
    cd /Volumes/Extreme\ SSD/ps2x-i13/ios-runtime-device/_deps/rlimgui-subbuild
    write-file /Volumes/Extreme\ SSD/ps2x-i13/ios-runtime-device/_deps/rlimgui-subbuild/build/rlimgui-populate.build/Debug/ALL_BUILD.build/Script-80D0EB3755F0CA7F4EC5D1D2.sh

WriteAuxiliaryFile /Volumes/Extreme\ SSD/ps2x-i13/ios-runtime-device/_deps/rlimgui-subbuild/build/rlimgui-populate.build/Debug/ZERO_CHECK.build/Script-C4B6B1AAC464EE43A300CD8F.sh (in target 'ZERO_CHECK' from project 'rlimgui-populate')
    cd /Volumes/Extreme\ SSD/ps2x-i13/ios-runtime-device/_deps/rlimgui-subbuild
    write-file /Volumes/Extreme\ SSD/ps2x-i13/ios-runtime-device/_deps/rlimgui-subbuild/build/rlimgui-populate.build/Debug/ZERO_CHECK.build/Script-C4B6B1AAC464EE43A300CD8F.sh

PhaseScriptExecution Generate\ CMakeFiles/ZERO_CHECK /Volumes/Extreme\ SSD/ps2x-i13/ios-runtime-device/_deps/rlimgui-subbuild/build/rlimgui-populate.build/Debug/ZERO_CHECK.build/Script-C4B6B1AAC464EE43A300CD8F.sh (in target 'ZERO_CHECK' from project 'rlimgui-populate')
    cd /Volumes/Extreme\ SSD/ps2x-i13/ios-runtime-device/_deps/rlimgui-subbuild
    /bin/sh -c /Volumes/Extreme\\\ SSD/ps2x-i13/ios-runtime-device/_deps/rlimgui-subbuild/build/rlimgui-populate.build/Debug/ZERO_CHECK.build/Script-C4B6B1AAC464EE43A300CD8F.sh
make: `/Volumes/Extreme SSD/ps2x-i13/ios-runtime-device/_deps/rlimgui-subbuild/CMakeFiles/cmake.check_cache' is up to date.

PhaseScriptExecution Generate\ rlimgui-populate-prefix/src/rlimgui-populate-stamp/$(CONFIGURATION)$(EFFECTIVE_PLATFORM_NAME)/rlimgui-populate-mkdir /Volumes/Extreme\ SSD/ps2x-i13/ios-runtime-device/_deps/rlimgui-subbuild/build/rlimgui-populate.build/Debug/rlimgui-populate.build/Script-41CBB5093D7E5B964FD69AC3.sh (in target 'rlimgui-populate' from project 'rlimgui-populate')
    cd /Volumes/Extreme\ SSD/ps2x-i13/ios-runtime-device/_deps/rlimgui-subbuild
    /bin/sh -c /Volumes/Extreme\\\ SSD/ps2x-i13/ios-runtime-device/_deps/rlimgui-subbuild/build/rlimgui-populate.build/Debug/rlimgui-populate.build/Script-41CBB5093D7E5B964FD69AC3.sh

PhaseScriptExecution Generate\ rlimgui-populate-prefix/src/rlimgui-populate-stamp/$(CONFIGURATION)$(EFFECTIVE_PLATFORM_NAME)/rlimgui-populate-download /Volumes/Extreme\ SSD/ps2x-i13/ios-runtime-device/_deps/rlimgui-subbuild/build/rlimgui-populate.build/Debug/rlimgui-populate.build/Script-A477D259D3E8E0C28CB1C9BA.sh (in target 'rlimgui-populate' from project 'rlimgui-populate')
    cd /Volumes/Extreme\ SSD/ps2x-i13/ios-runtime-device/_deps/rlimgui-subbuild
    /bin/sh -c /Volumes/Extreme\\\ SSD/ps2x-i13/ios-runtime-device/_deps/rlimgui-subbuild/build/rlimgui-populate.build/Debug/rlimgui-populate.build/Script-A477D259D3E8E0C28CB1C9BA.sh
Cloning into 'rlimgui-src'...
error: non-monotonic index .git/objects/pack/._pack-907f41e02a69b2781e20040a69ba8dece28b3913.idx
error: non-monotonic index .git/objects/pack/._pack-907f41e02a69b2781e20040a69ba8dece28b3913.idx
HEAD is now at 118221c Update headings in README.md for consistency
Command PhaseScriptExecution emitted errors but did not return a nonzero exit code to indicate failure

PhaseScriptExecution Generate\ rlimgui-populate-prefix/src/rlimgui-populate-stamp/$(CONFIGURATION)$(EFFECTIVE_PLATFORM_NAME)/rlimgui-populate-update /Volumes/Extreme\ SSD/ps2x-i13/ios-runtime-device/_deps/rlimgui-subbuild/build/rlimgui-populate.build/Debug/rlimgui-populate.build/Script-80916156D1BB2408EE294C82.sh (in target 'rlimgui-populate' from project 'rlimgui-populate')
    cd /Volumes/Extreme\ SSD/ps2x-i13/ios-runtime-device/_deps/rlimgui-subbuild
    /bin/sh -c /Volumes/Extreme\\\ SSD/ps2x-i13/ios-runtime-device/_deps/rlimgui-subbuild/build/rlimgui-populate.build/Debug/rlimgui-populate.build/Script-80916156D1BB2408EE294C82.sh
-- Already at requested tag: Raylib_5_5

PhaseScriptExecution Generate\ rlimgui-populate-prefix/src/rlimgui-populate-stamp/$(CONFIGURATION)$(EFFECTIVE_PLATFORM_NAME)/rlimgui-populate-patch /Volumes/Extreme\ SSD/ps2x-i13/ios-runtime-device/_deps/rlimgui-subbuild/build/rlimgui-populate.build/Debug/rlimgui-populate.build/Script-1A6138236703A2F5B22B204D.sh (in target 'rlimgui-populate' from project 'rlimgui-populate')
    cd /Volumes/Extreme\ SSD/ps2x-i13/ios-runtime-device/_deps/rlimgui-subbuild
    /bin/sh -c /Volumes/Extreme\\\ SSD/ps2x-i13/ios-runtime-device/_deps/rlimgui-subbuild/build/rlimgui-populate.build/Debug/rlimgui-populate.build/Script-1A6138236703A2F5B22B204D.sh

PhaseScriptExecution Generate\ rlimgui-populate-prefix/src/rlimgui-populate-stamp/$(CONFIGURATION)$(EFFECTIVE_PLATFORM_NAME)/rlimgui-populate-configure /Volumes/Extreme\ SSD/ps2x-i13/ios-runtime-device/_deps/rlimgui-subbuild/build/rlimgui-populate.build/Debug/rlimgui-populate.build/Script-CB7BA03CC0613238B7445FE0.sh (in target 'rlimgui-populate' from project 'rlimgui-populate')
    cd /Volumes/Extreme\ SSD/ps2x-i13/ios-runtime-device/_deps/rlimgui-subbuild
    /bin/sh -c /Volumes/Extreme\\\ SSD/ps2x-i13/ios-runtime-device/_deps/rlimgui-subbuild/build/rlimgui-populate.build/Debug/rlimgui-populate.build/Script-CB7BA03CC0613238B7445FE0.sh

PhaseScriptExecution Generate\ rlimgui-populate-prefix/src/rlimgui-populate-stamp/$(CONFIGURATION)$(EFFECTIVE_PLATFORM_NAME)/rlimgui-populate-build /Volumes/Extreme\ SSD/ps2x-i13/ios-runtime-device/_deps/rlimgui-subbuild/build/rlimgui-populate.build/Debug/rlimgui-populate.build/Script-4E4214E3B071D9BCA899216B.sh (in target 'rlimgui-populate' from project 'rlimgui-populate')
    cd /Volumes/Extreme\ SSD/ps2x-i13/ios-runtime-device/_deps/rlimgui-subbuild
    /bin/sh -c /Volumes/Extreme\\\ SSD/ps2x-i13/ios-runtime-device/_deps/rlimgui-subbuild/build/rlimgui-populate.build/Debug/rlimgui-populate.build/Script-4E4214E3B071D9BCA899216B.sh

PhaseScriptExecution Generate\ rlimgui-populate-prefix/src/rlimgui-populate-stamp/$(CONFIGURATION)$(EFFECTIVE_PLATFORM_NAME)/rlimgui-populate-install /Volumes/Extreme\ SSD/ps2x-i13/ios-runtime-device/_deps/rlimgui-subbuild/build/rlimgui-populate.build/Debug/rlimgui-populate.build/Script-7335E1B3EC94D168DA1BF792.sh (in target 'rlimgui-populate' from project 'rlimgui-populate')
    cd /Volumes/Extreme\ SSD/ps2x-i13/ios-runtime-device/_deps/rlimgui-subbuild
    /bin/sh -c /Volumes/Extreme\\\ SSD/ps2x-i13/ios-runtime-device/_deps/rlimgui-subbuild/build/rlimgui-populate.build/Debug/rlimgui-populate.build/Script-7335E1B3EC94D168DA1BF792.sh

PhaseScriptExecution Generate\ rlimgui-populate-prefix/src/rlimgui-populate-stamp/$(CONFIGURATION)$(EFFECTIVE_PLATFORM_NAME)/rlimgui-populate-test /Volumes/Extreme\ SSD/ps2x-i13/ios-runtime-device/_deps/rlimgui-subbuild/build/rlimgui-populate.build/Debug/rlimgui-populate.build/Script-D9A0060CEC58E4216CA8845B.sh (in target 'rlimgui-populate' from project 'rlimgui-populate')
    cd /Volumes/Extreme\ SSD/ps2x-i13/ios-runtime-device/_deps/rlimgui-subbuild
    /bin/sh -c /Volumes/Extreme\\\ SSD/ps2x-i13/ios-runtime-device/_deps/rlimgui-subbuild/build/rlimgui-populate.build/Debug/rlimgui-populate.build/Script-D9A0060CEC58E4216CA8845B.sh

PhaseScriptExecution Generate\ CMakeFiles/$(CONFIGURATION)$(EFFECTIVE_PLATFORM_NAME)/rlimgui-populate-complete /Volumes/Extreme\ SSD/ps2x-i13/ios-runtime-device/_deps/rlimgui-subbuild/build/rlimgui-populate.build/Debug/rlimgui-populate.build/Script-D8F15149F2A3C33354E4DDC1.sh (in target 'rlimgui-populate' from project 'rlimgui-populate')
    cd /Volumes/Extreme\ SSD/ps2x-i13/ios-runtime-device/_deps/rlimgui-subbuild
    /bin/sh -c /Volumes/Extreme\\\ SSD/ps2x-i13/ios-runtime-device/_deps/rlimgui-subbuild/build/rlimgui-populate.build/Debug/rlimgui-populate.build/Script-D8F15149F2A3C33354E4DDC1.sh

PhaseScriptExecution Generate\ CMakeFiles/rlimgui-populate /Volumes/Extreme\ SSD/ps2x-i13/ios-runtime-device/_deps/rlimgui-subbuild/build/rlimgui-populate.build/Debug/rlimgui-populate.build/Script-6EAECED8F982C1DA73518D36.sh (in target 'rlimgui-populate' from project 'rlimgui-populate')
    cd /Volumes/Extreme\ SSD/ps2x-i13/ios-runtime-device/_deps/rlimgui-subbuild
    /bin/sh -c /Volumes/Extreme\\\ SSD/ps2x-i13/ios-runtime-device/_deps/rlimgui-subbuild/build/rlimgui-populate.build/Debug/rlimgui-populate.build/Script-6EAECED8F982C1DA73518D36.sh

PhaseScriptExecution Generate\ CMakeFiles/ALL_BUILD /Volumes/Extreme\ SSD/ps2x-i13/ios-runtime-device/_deps/rlimgui-subbuild/build/rlimgui-populate.build/Debug/ALL_BUILD.build/Script-80D0EB3755F0CA7F4EC5D1D2.sh (in target 'ALL_BUILD' from project 'rlimgui-populate')
    cd /Volumes/Extreme\ SSD/ps2x-i13/ios-runtime-device/_deps/rlimgui-subbuild
    /bin/sh -c /Volumes/Extreme\\\ SSD/ps2x-i13/ios-runtime-device/_deps/rlimgui-subbuild/build/rlimgui-populate.build/Debug/ALL_BUILD.build/Script-80D0EB3755F0CA7F4EC5D1D2.sh
Build all projects

PruneExplicitPrecompiledModules /Volumes/Extreme SSD/ps2x-i13/ios-runtime-device/_deps/rlimgui-subbuild/build/ExplicitPrecompiledModules

PruneExplicitPrecompiledModules /Volumes/Extreme SSD/ps2x-i13/ios-runtime-device/_deps/rlimgui-subbuild/build/SwiftExplicitPrecompiledModules

note: Run script build phase 'Generate CMakeFiles/rlimgui-populate' will be run during every build because the option to run the script phase "Based on dependency analysis" is unchecked. (in target 'rlimgui-populate' from project 'rlimgui-populate')
note: Run script build phase 'Generate rlimgui-populate-prefix/src/rlimgui-populate-stamp/$(CONFIGURATION)$(EFFECTIVE_PLATFORM_NAME)/rlimgui-populate-update' will be run during every build because the option to run the script phase "Based on dependency analysis" is unchecked. (in target 'rlimgui-populate' from project 'rlimgui-populate')
note: Run script build phase 'Generate rlimgui-populate-prefix/src/rlimgui-populate-stamp/$(CONFIGURATION)$(EFFECTIVE_PLATFORM_NAME)/rlimgui-populate-patch' will be run during every build because the option to run the script phase "Based on dependency analysis" is unchecked. (in target 'rlimgui-populate' from project 'rlimgui-populate')
note: Run script build phase 'Generate CMakeFiles/$(CONFIGURATION)$(EFFECTIVE_PLATFORM_NAME)/rlimgui-populate-complete' will be run during every build because the option to run the script phase "Based on dependency analysis" is unchecked. (in target 'rlimgui-populate' from project 'rlimgui-populate')
note: Run script build phase 'Generate CMakeFiles/ALL_BUILD' will be run during every build because the option to run the script phase "Based on dependency analysis" is unchecked. (in target 'ALL_BUILD' from project 'rlimgui-populate')
note: Run script build phase 'Generate CMakeFiles/ZERO_CHECK' will be run during every build because the option to run the script phase "Based on dependency analysis" is unchecked. (in target 'ZERO_CHECK' from project 'rlimgui-populate')
** BUILD SUCCEEDED **

-- FFmpeg disabled; MPEG video decode falls back to stub frames
-- PS2X: game objects: 9450 sources from /Volumes/Extreme SSD/ps2x-i13/codegen-output
-- Configuring done (47.2s)
-- Generating done (17.7s)
-- Build files have been written to: /Volumes/Extreme SSD/ps2x-i13/ios-runtime-device
