A1_CROSS_KEYDOWN_WALL:1790194718.862240103 UPTIME:184 MENU_T+:70
A1_CROSS_KEYUP_WALL:1790194719.396843725 UPTIME:184 MENU_T+:71
A1 poll1 score mean=0.4337 p99=6 MENU_T+:74
A1 TITLE-DETECTED at poll1
TITLE_t1_KEYDOWN_WALL:1790194722.153954066 UPTIME:187 MENU_T+:74
TITLE_t1_KEYUP_WALL:1790194724.187151144 UPTIME:189 MENU_T+:76
TITLE try1 ident mean=0.3271 p99=6
MENU_t1_KEYDOWN_WALL:1790194737.206320373 UPTIME:202 MENU_T+:89
MENU_t1_KEYUP_WALL:1790194739.239737895 UPTIME:204 MENU_T+:91
MENU try1 ident mean=0.5890 p99=9
SC_SETTLED ident mean=0.5542 p99=8
VUDUMP_SC_REQ_WALL:1790194768.407493000
VUDUMP_SC done at wait1: [  119.5997] T65_VU_DONE n=1 records=1833 ee_vsync=12238
GSHOT_t65a-sc_KEYDOWN_WALL:1790194770.931138655 UPTIME:236 MENU_T+:122
GSHOT_t65a-sc_KEYUP_WALL:1790194771.466023335 UPTIME:236 MENU_T+:123
GSHOT_t65a-sc newest=SSX 3_SLUS-20772_20260923161931.png
SC_t1_KEYDOWN_WALL:1790194773.482924294 UPTIME:238 MENU_T+:125
SC_t1_KEYUP_WALL:1790194775.515858885 UPTIME:240 MENU_T+:127
SC try1 ident mean=0.3757 p99=6
ZC_t1_KEYDOWN_WALL:1790194788.543095987 UPTIME:253 MENU_T+:140
ZC_t1_KEYUP_WALL:1790194790.575641681 UPTIME:255 MENU_T+:142
ZC try1 ident mean=0.3578 p99=5
SP_t1_KEYDOWN_WALL:1790194803.618083373 UPTIME:268 MENU_T+:155
SP_t1_KEYUP_WALL:1790194805.651389733 UPTIME:270 MENU_T+:157
SP try1 ident mean=0.3895 p99=6
SM_t1_KEYDOWN_WALL:1790194818.685042585 UPTIME:283 MENU_T+:170
SM_t1_KEYUP_WALL:1790194820.719742483 UPTIME:285 MENU_T+:172
SM try1 ident mean=0.4081 p99=6
SE_DOWN1_KEYDOWN_WALL:1790194833.759748618 UPTIME:298 MENU_T+:185
SE_DOWN1_KEYUP_WALL:1790194835.793234449 UPTIME:300 MENU_T+:187
SE_DOWN2_KEYDOWN_WALL:1790194838.866943148 UPTIME:304 MENU_T+:190
SE_DOWN2_KEYUP_WALL:1790194840.900250396 UPTIME:306 MENU_T+:192
SE_DOWN3_KEYDOWN_WALL:1790194843.966322756 UPTIME:309 MENU_T+:195
SE_DOWN3_KEYUP_WALL:1790194845.999579491 UPTIME:311 MENU_T+:198
SE_DOWN4_KEYDOWN_WALL:1790194849.066402145 UPTIME:314 MENU_T+:201
SE_DOWN4_KEYUP_WALL:1790194851.100346370 UPTIME:316 MENU_T+:203
SE-WALKED vs-T47walked(Happiness) mean=0.0413 p99=0 (want IDENT <4)
EVENT_CROSS_KEYDOWN_WALL:1790194855.769191422 UPTIME:320 MENU_T+:207
EVENT_CROSS_KEYUP_WALL:1790194857.803454020 UPTIME:322 MENU_T+:209
EVENT hop=0.1042 hly=487.3 hln=8022
RULES_CROSS_R1_KEYDOWN_WALL:1790194880.559987071 UPTIME:345 MENU_T+:232
RULES_CROSS_R1_KEYUP_WALL:1790194882.592714767 UPTIME:347 MENU_T+:234
RULES R1 depart=17.6425
RULES R1 anim=0.2286
RULESUP2_1_KEYDOWN_WALL:1790194906.081781075 UPTIME:371 MENU_T+:258
RULESUP2_1_KEYUP_WALL:1790194906.615761898 UPTIME:371 MENU_T+:258
RULESUP2_2_KEYDOWN_WALL:1790194907.621610306 UPTIME:372 MENU_T+:259
RULESUP2_2_KEYUP_WALL:1790194908.155686678 UPTIME:373 MENU_T+:260
RULESUP2_3_KEYDOWN_WALL:1790194909.161089776 UPTIME:374 MENU_T+:261
RULESUP2_3_KEYUP_WALL:1790194909.694591105 UPTIME:374 MENU_T+:261
RULESUP2_4_KEYDOWN_WALL:1790194910.700190130 UPTIME:375 MENU_T+:262
RULESUP2_4_KEYUP_WALL:1790194911.232950004 UPTIME:376 MENU_T+:263
RULESUP2_5_KEYDOWN_WALL:1790194912.238346174 UPTIME:377 MENU_T+:264
RULESUP2_5_KEYUP_WALL:1790194912.771197344 UPTIME:377 MENU_T+:264
RULESUP2_6_KEYDOWN_WALL:1790194913.776616391 UPTIME:378 MENU_T+:265
RULESUP2_6_KEYUP_WALL:1790194914.310647757 UPTIME:379 MENU_T+:266
RULESUP2_7_KEYDOWN_WALL:1790194915.315793483 UPTIME:380 MENU_T+:267
RULESUP2_7_KEYUP_WALL:1790194915.849693457 UPTIME:380 MENU_T+:267
RULESUP2_8_KEYDOWN_WALL:1790194916.855427941 UPTIME:381 MENU_T+:268
RULESUP2_8_KEYUP_WALL:1790194917.389453205 UPTIME:382 MENU_T+:269
RULESUP2_9_KEYDOWN_WALL:1790194918.395031155 UPTIME:383 MENU_T+:270
RULESUP2_9_KEYUP_WALL:1790194918.930081811 UPTIME:384 MENU_T+:270
RULESUP2_10_KEYDOWN_WALL:1790194919.935285290 UPTIME:385 MENU_T+:271
RULESUP2_10_KEYUP_WALL:1790194920.467977792 UPTIME:385 MENU_T+:272
RULESUP2_11_KEYDOWN_WALL:1790194921.473582957 UPTIME:386 MENU_T+:273
RULESUP2_11_KEYUP_WALL:1790194922.007548309 UPTIME:387 MENU_T+:274
RULES_CROSS_R2_KEYDOWN_WALL:1790194923.012686925 UPTIME:388 MENU_T+:275
RULES_CROSS_R2_KEYUP_WALL:1790194925.045943479 UPTIME:390 MENU_T+:277
RULES R2 depart=11.0361
RULES R2 anim=8.9141
RACE LAUNCHED (rules exit goes straight to racing)
GSHOT_t65a-rules_KEYDOWN_WALL:1790194948.356149628 UPTIME:413 MENU_T+:300
GSHOT_t65a-rules_KEYUP_WALL:1790194948.890131219 UPTIME:414 MENU_T+:300
GSHOT_t65a-rules newest=SSX 3_SLUS-20772_20260923162228.png
RACE_ENTRY try1 depart=11.2511
VUDUMP_RACE_REQ_WALL:1790194967.568740369
VUDUMP_RACE done at wait1: [  318.8858] T65_VU_DONE n=2 records=2074 ee_vsync=26721
DUMP_TRIGGERED_WALL:1790194970.577507213 UPTIME:435
T48_DUMP_QUEUED seen at wait1
GSHOT_t65a-race_KEYDOWN_WALL:1790194977.906295340 UPTIME:443 MENU_T+:329
GSHOT_t65a-race_KEYUP_WALL:1790194978.439276451 UPTIME:443 MENU_T+:330
GSHOT_t65a-race newest=SSX 3_SLUS-20772_20260923162258.png
STATE_SAVE_KEYDOWN_WALL:1790194980.505001288 UPTIME:445 MENU_T+:332
STATE_SAVE_KEYUP_WALL:1790194981.039014467 UPTIME:446 MENU_T+:333
STATE newest=SLUS-20772 (08FFF00D).01.p2s size=14281263 mtime=1790194981 save_start=1790194981
7d639f1a318476ee5ce5b3b95377b6695eb3f327ab44e6d931617b092e14e7d6  /home/brad/pcsx2-g7/t65-race-state
COUNTS box=27159 vurec=3907 paths=27173 draw=1920 emulog=1539420492
