[11:20:13] PRE lease="LEASE_FREE NP1 done" keyguard="showing=false" battery=47% ac=true pid0=none
[11:20:13] PRE device-env=9fb46f8509adb1362b5ac74d35ac63a340e39228b64914848ce5ed85d6b74d13 mc0-test='' mc0-bad=[]
[11:20:13] ENV 828803a3226966c5634b62721d355d6cedd09d08354ad6200b4e636ad032f51b  /storage/emulated/0/Android/data/com.ps2x.runner/files/ps2x.env
[11:20:14 t+    0.0] AM Starting: Intent { cmp=com.ps2x.runner/android.app.NativeActivity }
[11:20:20 t+    6.1] BACK sent
[11:20:22 t+    8.3] LAYER 'com.ps2x.runner/android.app.NativeActivity#16143' tried=['com.ps2x.runner/android.app.NativeActivity#16143']
[11:22:21 t+  127.1] SCAP sc01-tick2100-t126.png tick~2123
[11:24:11 t+  237.3] SCAP sc02-tick3000-t236.png tick~3031
[11:26:05 t+  351.7] SCAP sc03-tick4000-t351.png tick~4025
[11:27:01 t+  407.3] STOP tick 4559 >= 4500
[11:27:01 t+  407.6] SCAP sc04-final-t407.png tick~4559
[11:27:02 t+  408.9] THREADS
Threads: 27 total,   1 running,  26 sleeping,   0 stopped,   0 zombie
  Mem:  7342756K total,  4392932K used,  2949824K free,      752K buffers
 Swap: 10485752K total,   786056K used,  9699696K free,  1656856K cached
800%cpu  77%user   0%nice  54%sys 662%idle   0%iow   8%irq   0%sirq   0%host
  TID USER         PR  NI VIRT  RES  SHR S[%CPU] %MEM     TIME+ THREAD          PROCESS
14942 u0_a113      10 -10  17G 682M 441M R 69.2   9.5   4:33.86 GameThread      com.ps2x.runner
14922 u0_a113      10 -10  17G 682M 441M S 38.4   9.5   2:36.01 GsWorker        com.ps2x.runner
14920 u0_a113      10 -10  17G 682M 441M S  3.8   9.5   0:22.49 com.ps2x.runner com.ps2x.runner
14951 u0_a113      20   0  17G 682M 441M S  0.0   9.5   0:00.00 InteractionJank com.ps2x.runner
14950 u0_a113      20   0  17G 682M 441M S  0.0   9.5   0:00.25 binder:14900_1  com.ps2x.runner
14945 u0_a113      10 -10  17G 682M 441M S  0.0   9.5   0:00.28 PGS-Waiter      com.ps2x.runner
14943 u0_a113      39  19  17G 682M 441M S  0.0   9.5   0:00.00 com.ps:traceq0  com.ps2x.runner
14941 u0_a113      -3 -10  17G 682M 441M S  0.0   9.5   0:01.38 AAudio_1        com.ps2x.runner
14935 u0_a113      20   0  17G 682M 441M S  0.0   9.5   0:00.34 binder:14900_4  com.ps2x.runner
14934 u0_a113      10 -10  17G 682M 441M S  0.0   9.5   0:00.00 com.ps2x.runner com.ps2x.runner
14926 u0_a113      20   0  17G 682M 441M S  0.0   9.5   0:00.00 InsetsAnimation com.ps2x.runner
14925 u0_a113      20   0  17G 682M 441M S  0.0   9.5   0:00.00 SurfaceSyncGrou com.ps2x.runner
14924 u0_a113      10 -10  17G 682M 441M S  0.0   9.5   0:00.00 VsyncReceiver   com.ps2x.runner
14921 u0_a113      10 -10  17G 682M 441M S  0.0   9.5   0:00.01 com.ps2x.runner com.ps2x.runner
14917 u0_a113      16  -4  17G 682M 441M S  0.0   9.5   0:00.00 RenderThread    com.ps2x.runner

[11:27:02 t+  408.9] BATTERY status: 3 level: 45
[11:27:05 t+  411.3] RESTORE 9fb46f8509adb1362b5ac74d35ac63a340e39228b64914848ce5ed85d6b74d13 match=True
[11:27:05 t+  411.4] MC0-AFTER bad=[]
[11:27:05 t+  411.5] END pid-after=none
