[20:03:28] PRE lease="LEASE_FREE VK1 done" keyguard="showing=false" battery=100% ac=true pid0=none
[20:03:28] PRE device-env=a8d651a7e55f7e29f1345f28f4ea634e06ae757f535e29439ab61c930bcc0ebd mc0-test='' mc0-bad=[]
[20:03:28] APK local sha x2 7667628a5b70ccd0e71ccb54ae9497f55f772ef7ad6845b2f6b79fb356e3d5a3 7667628a5b70ccd0e71ccb54ae9497f55f772ef7ad6845b2f6b79fb356e3d5a3
[20:03:33] INSTALL Performing Streamed Install Success
[20:03:33] INSTALLED /data/app/~~QFrFt1BEfzEAQP3FqnX1MA==/com.ps2x.runner-plBBKqxDdU9kTfH_85iE6A==/base.apk sha=7667628a5b70ccd0e71ccb54ae9497f55f772ef7ad6845b2f6b79fb356e3d5a3 match=True
[20:03:33] ENV 59d499b30e60202d1992a2397c524bfd8e5bc3ba565f5d0374a614c00ae30b2a  /storage/emulated/0/Android/data/com.ps2x.runner/files/ps2x.env
[20:03:33 t+    0.0] AM Starting: Intent { cmp=com.ps2x.runner/android.app.NativeActivity }
[20:03:39 t+    6.1] FOCUS app-foreground, no BACK ('mCurrentFocus=Window{23247ef u0 com.ps2x.runner/android.app.NativeActivity}')
[20:03:42 t+    8.3] LAYER 'com.ps2x.runner/android.app.NativeActivity#18167' tried=['com.ps2x.runner/android.app.NativeActivity#18158', 'RequestedLayerState{ActivityRecord{6935b17 u0 com.ps2x.runner/android.app.NativeActivity#18158 parentId=18157}', 'com.ps2x.runner/android.app.NativeActivity#18167']
[20:03:57 t+   23.4] SCAP sc01-tick1110-t23.png tick~1202
[20:03:59 t+   25.6] LIFECYCLE start: HOME
[20:03:59 t+   25.7] LAYERS before ['RequestedLayerState{Surface(name=23247ef com.ps2x.runner/android.app.NativeActivity)/@0xc9545e7 - animation-leash of starting_reveal#18170}', 'RequestedLayerState{ps2x-game#18172 parentId=18167 z=1}', 'RequestedLayerState{ed7b396 ActivityRecordInputSink com.ps2x.runner/android.app.NativeActivity#18164 parentId=18158 z=-2147483648}', 'RequestedLayerState{ActivityRecord{6935b17 u0 com.ps2x.runner/android.app.NativeActivity#18158 parentId=18157}', 'RequestedLayerState{com.ps2x.runner/android.app.NativeActivity#18167 parentId=18166}', 'RequestedLayerState{23247ef com.ps2x.runner/android.app.NativeActivity#18166 parentId=18158}']
[20:04:08 t+   34.3] SCAP sc02-bg-t33.png tick~1455
[20:04:08 t+   34.3] BG focus='mCurrentFocus=Window{b98749 u0 com.android.launcher3/com.android.launcher3.uioverrides.QuickstepLauncher}' pid=21047
[20:04:08 t+   34.4] FG Starting: Intent { cmp=com.ps2x.runner/android.app.NativeActivity }
[20:04:16 t+   42.6] SCAP sc03-fg-t42.png tick~1455
[20:04:16 t+   42.7] LAYERS after-fg ['RequestedLayerState{Surface(name=23247ef com.ps2x.runner/android.app.NativeActivity)/@0xc9545e7 - animation-leash of starting_reveal#18170}', 'RequestedLayerState{ps2x-game#18172 z=1}', 'RequestedLayerState{ed7b396 ActivityRecordInputSink com.ps2x.runner/android.app.NativeActivity#18164 parentId=18158 z=-2147483648}', 'RequestedLayerState{ActivityRecord{6935b17 u0 com.ps2x.runner/android.app.NativeActivity#18158 parentId=18157}', 'RequestedLayerState{23247ef com.ps2x.runner/android.app.NativeActivity#18166 parentId=18158}', 'RequestedLayerState{com.ps2x.runner/android.app.NativeActivity#18184 parentId=18166}'] focus='mCurrentFocus=Window{23247ef u0 com.ps2x.runner/android.app.NativeActivity}'
[20:04:16 t+   42.7] ROTATION saved 'lock 1'
[20:04:22 t+   49.0] SCAP sc04-rot3-t48.png tick~1455
[20:04:22 t+   49.1] ROTATION lock3 display='init=1080x1920 369dpi mMinSizeOfResizeableTaskDp=220 cur=1920x1080 app=1920x1080 rng=1080x1080-1920x1920\n      mCurrentRotation=ROTATION_0'
[20:04:27 t+   53.2] ROTATION restored -> 'lock 1'
[20:04:27 t+   53.5] SCAP sc05-rot-restored-t53.png tick~1455
[20:04:56 t+   82.4] SCAP sc06-tick2110-t82.png tick~2161
[20:05:10 t+   96.6] SCAP sc07-tick2300-t96.png tick~2369
[20:05:15 t+  102.0] STOP tick 2441 >= 2400
[20:05:15 t+  102.1] SCAP sc08-final-t101.png tick~2441
[20:05:20 t+  106.8] PADPROBE vpad lines: ['1790381015.792 21047 21066 I ps2x    : [vpad] on=1 pad_in_use=0 first_pad=-1 name="" -> overlay shown', '1790381118.813 21047 21066 I ps2x    : [vpad] on=1 pad_in_use=1 first_pad=0 name="" -> overlay hidden']
[20:05:20 t+  107.1] THREADS
Threads: 27 total,   2 running,  25 sleeping,   0 stopped,   0 zombie
  Mem:  7342756K total,  4961700K used,  2381056K free,      752K buffers
 Swap: 10485752K total,   698188K used,  9787564K free,  2308120K cached
800%cpu 108%user   0%nice  27%sys 658%idle   0%iow   8%irq   0%sirq   0%host
  TID USER         PR  NI VIRT  RES  SHR S[%CPU] %MEM     TIME+ THREAD          PROCESS
21087 u0_a113      10 -10  17G 709M 468M R 76.9   9.8   1:11.55 GameThread      com.ps2x.runner
21067 u0_a113      10 -10  17G 709M 468M R 23.0   9.8   0:13.65 GsWorker        com.ps2x.runner
21065 u0_a113      10 -10  17G 709M 468M S  3.8   9.8   0:05.76 Thread-3        com.ps2x.runner
21096 u0_a113      20   0  17G 709M 468M S  0.0   9.8   0:00.00 InteractionJank com.ps2x.runner
21095 u0_a113      20   0  17G 709M 468M S  0.0   9.8   0:00.05 binder:21047_3  com.ps2x.runner
21090 u0_a113      10 -10  17G 709M 468M S  0.0   9.8   0:00.07 PGS-Waiter      com.ps2x.runner
21088 u0_a113      39  19  17G 709M 468M S  0.0   9.8   0:00.00 com.ps:traceq0  com.ps2x.runner
21084 u0_a113      -3 -10  17G 709M 468M S  0.0   9.8   0:00.36 AAudio_1        com.ps2x.runner
21078 u0_a113      20   0  17G 709M 468M S  0.0   9.8   0:00.15 binder:21047_4  com.ps2x.runner
21077 u0_a113      10 -10  17G 709M 468M S  0.0   9.8   0:00.00 com.ps2x.runner com.ps2x.runner
21069 u0_a113      10 -10  17G 709M 468M S  0.0   9.8   0:00.00 VsyncReceiver   com.ps2x.runner
21071 u0_a113      20   0  17G 709M 468M S  0.0   9.8   0:00.00 InsetsAnimation com.ps2x.runner
21070 u0_a113      20   0  17G 709M 468M S  0.0   9.8   0:00.00 SurfaceSyncGrou com.ps2x.runner
21066 u0_a113      10 -10  17G 709M 468M S  0.0   9.8   0:00.00 com.ps2x.runner com.ps2x.runner
21063 u0_a113      16  -4  17G 709M 468M S  0.0   9.8   0:00.00 RenderThread    com.ps2x.runner

[20:05:20 t+  107.2] BATTERY status: 5 level: 100
[20:05:23 t+  109.9] RESTORE a8d651a7e55f7e29f1345f28f4ea634e06ae757f535e29439ab61c930bcc0ebd match=True
[20:05:23 t+  110.1] MC0-AFTER bad=[]
[20:05:24 t+  110.2] END pid-after=none disconnects=0
