[22:29:59] PRE lease="LEASE_FREE N5 done 2026-09-24T00:26:22Z" keyguard="showing=false" battery=99% status=2
[22:29:59] ENV e00cfcaa95ad83ce2bc830415796d1cef084e808d026b1d2f7dbff09a979ee47  /storage/emulated/0/Android/data/com.ps2x.runner/files/ps2x.env
[22:29:59 t+    0.0] AM Starting: Intent { cmp=com.ps2x.runner/android.app.NativeActivity }
[22:30:05 t+    6.1] BACK sent
[22:30:07 t+    8.2] LAYER 'com.ps2x.runner/android.app.NativeActivity#7863' tried=['com.ps2x.runner/android.app.NativeActivity#7863']
[22:30:36 t+   36.9] SCAP sc01-tick875-t36.png tick~884
[22:32:31 t+  152.0] SCAP sc02-tick2000-t151.png tick~2003
[22:36:20 t+  380.7] SCAP sc03-tick3000-t380.png tick~3015
[22:40:00 t+  601.2] STOP wall cap 600.0s tick=4042
[22:40:00 t+  601.4] SCAP sc04-final-t601.png tick~4042
[22:40:02 t+  602.8] THREADS
Threads: 24 total,   1 running,  23 sleeping,   0 stopped,   0 zombie
  Mem:  7342756K total,  7195484K used,   147272K free,      668K buffers
 Swap: 10485752K total,   584120K used,  9901632K free,  4571008K cached
800%cpu 123%user   0%nice  12%sys 662%idle   0%iow   4%irq   0%sirq   0%host
  TID USER         PR  NI VIRT  RES  SHR S[%CPU] %MEM     TIME+ THREAD          PROCESS
26407 u0_a113      10 -10  16G 301M 182M R  100   4.1   9:57.56 GameThread      com.ps2x.runner
26381 u0_a113      10 -10  16G 301M 182M S  3.8   4.1   0:45.60 com.ps2x.runner com.ps2x.runner
26410 u0_a113      20   0  16G 301M 182M S  0.0   4.1   0:00.00 InteractionJank com.ps2x.runner
26408 u0_a113      20   0  16G 301M 182M S  0.0   4.1   0:00.48 binder:26360_4  com.ps2x.runner
26403 u0_a113      -3 -10  16G 301M 182M S  0.0   4.1   0:01.16 AAudio_1        com.ps2x.runner
26397 u0_a113      20   0  16G 301M 182M S  0.0   4.1   0:00.76 binder:26360_4  com.ps2x.runner
26395 u0_a113      10 -10  16G 301M 182M S  0.0   4.1   0:00.00 com.ps2x.runner com.ps2x.runner
26388 u0_a113      20   0  16G 301M 182M S  0.0   4.1   0:00.00 InsetsAnimation com.ps2x.runner
26385 u0_a113      20   0  16G 301M 182M S  0.0   4.1   0:00.00 SurfaceSyncGrou com.ps2x.runner
26384 u0_a113      10 -10  16G 301M 182M S  0.0   4.1   0:00.00 VsyncReceiver   com.ps2x.runner
26382 u0_a113      10 -10  16G 301M 182M S  0.0   4.1   0:00.01 com.ps2x.runner com.ps2x.runner
26376 u0_a113      16  -4  16G 301M 182M S  0.0   4.1   0:00.00 RenderThread    com.ps2x.runner
26363 u0_a113       0 -20  16G 301M 182M S  0.0   4.1   0:00.00 Signal Catcher  com.ps2x.runner
26374 u0_a113      20   0  16G 301M 182M S  0.0   4.1   0:00.69 binder:26360_3  com.ps2x.runner
26372 u0_a113      20   0  16G 301M 182M S  0.0   4.1   0:00.58 binder:26360_2  com.ps2x.runner

[22:40:02 t+  602.8] BATTERY status: 5 level: 100
[22:40:04 t+  605.0] END pid-after=none
