[20:15:29] PRE lease="N5 2026-09-24T00:06:11Z L3-profile" keyguard="showing=false" battery=38% status=2
[20:15:29] ENV f87d48e9ec20396ddc61b765b927fd4b95595d33756c1c7b4329061efe6f7fb3  /storage/emulated/0/Android/data/com.ps2x.runner/files/ps2x.env
[20:15:29 t+    0.0] AM Starting: Intent { cmp=com.ps2x.runner/android.app.NativeActivity }
[20:15:35 t+    6.1] BACK sent
[20:15:37 t+    8.2] LAYER 'com.ps2x.runner/android.app.NativeActivity#7463' tried=['com.ps2x.runner/android.app.NativeActivity#7463']
[20:16:20 t+   51.5] SCAP sc01-tick1300-t51.png tick~1318
[20:17:21 t+  111.9] SCAP sc02-periodic-t111.png tick~2620
[20:18:23 t+  174.3] SCAP sc03-periodic-t174.png tick~4034
[20:19:26 t+  236.6] SCAP sc04-periodic-t236.png tick~4781
[20:20:25 t+  296.5] SCAP sc05-periodic-t296.png tick~5454
[20:21:26 t+  356.8] SCAP sc06-periodic-t356.png tick~6131
[20:22:28 t+  419.2] SCAP sc07-periodic-t418.png tick~6806
[20:23:11 t+  462.2] SCAP sc08-tick7300-t461.png tick~7350
[20:24:11 t+  522.0] SCAP sc09-periodic-t521.png tick~8218
[20:24:56 t+  567.0] SCAP sc10-tick9000-t566.png tick~9026
[20:25:31 t+  601.6] STOP wall cap 600.0s tick=9564
[20:25:31 t+  601.8] SCAP sc11-final-t601.png tick~9564
[20:25:32 t+  603.1] THREADS
Threads: 24 total,   1 running,  23 sleeping,   0 stopped,   0 zombie
  Mem:  7342756K total,  4510112K used,  2832644K free,      780K buffers
 Swap: 10485752K total,   627688K used,  9858064K free,  1837028K cached
800%cpu 115%user   0%nice  15%sys 662%idle   0%iow   8%irq   0%sirq   0%host
  TID USER         PR  NI VIRT  RES  SHR S[%CPU] %MEM     TIME+ THREAD          PROCESS
22759 u0_a113      10 -10  16G 299M 181M R  103   4.1   9:57.83 GameThread      com.ps2x.runner
22742 u0_a113      10 -10  16G 299M 181M S 15.3   4.1   1:00.37 com.ps2x.runner com.ps2x.runner
22761 u0_a113      20   0  16G 299M 181M S  0.0   4.1   0:00.00 InteractionJank com.ps2x.runner
22760 u0_a113      20   0  16G 299M 181M S  0.0   4.1   0:00.48 binder:22724_4  com.ps2x.runner
22757 u0_a113      -3 -10  16G 299M 181M S  0.0   4.1   0:01.22 AAudio_1        com.ps2x.runner
22751 u0_a113      20   0  16G 299M 181M S  0.0   4.1   0:00.60 binder:22724_4  com.ps2x.runner
22750 u0_a113      10 -10  16G 299M 181M S  0.0   4.1   0:00.00 com.ps2x.runner com.ps2x.runner
22747 u0_a113      20   0  16G 299M 181M S  0.0   4.1   0:00.00 InsetsAnimation com.ps2x.runner
22746 u0_a113      20   0  16G 299M 181M S  0.0   4.1   0:00.00 SurfaceSyncGrou com.ps2x.runner
22745 u0_a113      10 -10  16G 299M 181M S  0.0   4.1   0:00.00 VsyncReceiver   com.ps2x.runner
22743 u0_a113      10 -10  16G 299M 181M S  0.0   4.1   0:00.00 com.ps2x.runner com.ps2x.runner
22739 u0_a113      16  -4  16G 299M 181M S  0.0   4.1   0:00.00 RenderThread    com.ps2x.runner
22727 u0_a113       0 -20  16G 299M 181M S  0.0   4.1   0:00.00 Signal Catcher  com.ps2x.runner
22738 u0_a113      20   0  16G 299M 181M S  0.0   4.1   0:00.76 binder:22724_3  com.ps2x.runner
22736 u0_a113      20   0  16G 299M 181M S  0.0   4.1   0:00.00 binder:22724_2  com.ps2x.runner

[20:25:32 t+  603.1] BATTERY status: 2 level: 40
[20:25:34 t+  605.5] END pid-after=none
