[23:17:12] PRE lease="N11 prep S2" keyguard="showing=false" battery=62% ac=true pid0=none
[23:17:12] PRE device-env=9fb46f8509adb1362b5ac74d35ac63a340e39228b64914848ce5ed85d6b74d13 mc0-test='' mc0-bad=[]
[23:17:12] ENV fd7fb1850e0a92f503825b308f4e9ffc52e656e4cf57c03665e5e2a6e3438774  /storage/emulated/0/Android/data/com.ps2x.runner/files/ps2x.env
[23:17:12 t+    0.0] AM Starting: Intent { cmp=com.ps2x.runner/android.app.NativeActivity }
[23:17:18 t+    6.1] BACK sent
[23:17:20 t+    8.2] LAYER 'com.ps2x.runner/android.app.NativeActivity#13884' tried=['com.ps2x.runner/android.app.NativeActivity#13884']
[23:19:19 t+  127.4] SCAP sc01-tick2100-t127.png tick~2103
[23:20:03 t+  171.4] PROFILE start tick=2412
[23:20:35 t+  202.5] PROFILE end rc-logged tick~2412
[23:20:35 t+  202.8] SCAP sc02-postprofile-t202.png tick~2412
[23:20:35 t+  203.0] SCAP sc03-final-t202.png tick~2412
[23:20:36 t+  204.3] THREADS
Threads: 27 total,   1 running,  26 sleeping,   0 stopped,   0 zombie
  Mem:  7342756K total,  4468324K used,  2874432K free,      768K buffers
 Swap: 10485752K total,   842792K used,  9642960K free,  1829536K cached
800%cpu 119%user   0%nice  46%sys 627%idle   0%iow   8%irq   0%sirq   0%host
  TID USER         PR  NI VIRT  RES  SHR S[%CPU] %MEM     TIME+ THREAD          PROCESS
16618 u0_a113      10 -10  17G 619M 380M R  100   8.6   2:37.09 GameThread      com.ps2x.runner
16594 u0_a113      10 -10  17G 619M 380M S 23.0   8.6   1:06.35 GsWorker        com.ps2x.runner
16592 u0_a113      10 -10  17G 619M 380M S  7.6   8.6   0:11.07 com.ps2x.runner com.ps2x.runner
16626 u0_a113      20   0  17G 619M 380M S  0.0   8.6   0:00.00 InteractionJank com.ps2x.runner
16625 u0_a113      20   0  17G 619M 380M S  0.0   8.6   0:00.11 binder:16569_4  com.ps2x.runner
16620 u0_a113      10 -10  17G 619M 380M S  0.0   8.6   0:00.07 PGS-Waiter      com.ps2x.runner
16619 u0_a113      39  19  17G 619M 380M S  0.0   8.6   0:00.00 com.ps:traceq0  com.ps2x.runner
16616 u0_a113      -3 -10  17G 619M 380M S  0.0   8.6   0:00.71 AAudio_1        com.ps2x.runner
16606 u0_a113      10 -10  17G 619M 380M S  0.0   8.6   0:00.00 com.ps2x.runner com.ps2x.runner
16607 u0_a113      20   0  17G 619M 380M S  0.0   8.6   0:00.26 binder:16569_4  com.ps2x.runner
16598 u0_a113      20   0  17G 619M 380M S  0.0   8.6   0:00.00 SurfaceSyncGrou com.ps2x.runner
16597 u0_a113      10 -10  17G 619M 380M S  0.0   8.6   0:00.00 VsyncReceiver   com.ps2x.runner
16599 u0_a113      20   0  17G 619M 380M S  0.0   8.6   0:00.00 InsetsAnimation com.ps2x.runner
16593 u0_a113      10 -10  17G 619M 380M S  0.0   8.6   0:00.00 com.ps2x.runner com.ps2x.runner
16590 u0_a113      16  -4  17G 619M 380M S  0.0   8.6   0:00.00 RenderThread    com.ps2x.runner

[23:20:36 t+  204.4] BATTERY status: 3 level: 60
[23:20:39 t+  207.2] RESTORE 9fb46f8509adb1362b5ac74d35ac63a340e39228b64914848ce5ed85d6b74d13 match=True
[23:20:39 t+  207.3] MC0-AFTER bad=[]
[23:20:39 t+  207.4] END pid-after=none
