[22:00:35] PRE lease="LEASE_FREE VK1 done" keyguard="showing=false" battery=100% ac=true pid0=none
[22:00:35] PRE device-env=a8d651a7e55f7e29f1345f28f4ea634e06ae757f535e29439ab61c930bcc0ebd mc0-test='' mc0-bad=[]
[22:00:36] APK local sha x2 5cd153da279fb0a61a4f68aa320253fc6f4498b9e1475b331ca4007e90c3c834 5cd153da279fb0a61a4f68aa320253fc6f4498b9e1475b331ca4007e90c3c834
[22:00:39] INSTALL Performing Streamed Install Success
[22:00:39] INSTALLED /data/app/~~Ln8Kv-kEPoCSgkzkF5FiHg==/com.ps2x.runner-D74-xosv0OZR8E2IovePiw==/base.apk sha=5cd153da279fb0a61a4f68aa320253fc6f4498b9e1475b331ca4007e90c3c834 match=True
[22:00:39] ENV e780505235d54d7f83b0c089d202d2ebdd022a4bb5bc7690855062168313725f  /storage/emulated/0/Android/data/com.ps2x.runner/files/ps2x.env
[22:00:39 t+    0.0] AM Starting: Intent { cmp=com.ps2x.runner/android.app.NativeActivity }
[22:00:45 t+    6.1] FOCUS app-foreground, no BACK ('mCurrentFocus=Window{879d52a u0 com.ps2x.runner/android.app.NativeActivity}')
[22:00:48 t+    8.6] LAYER 'com.ps2x.runner/android.app.NativeActivity#18774' tried=['com.ps2x.runner/android.app.NativeActivity#18765', 'RequestedLayerState{ActivityRecord{dc0dd18 u0 com.ps2x.runner/android.app.NativeActivity#18765 parentId=18764}', 'com.ps2x.runner/android.app.NativeActivity#18774']
[22:01:02 t+   23.2] SCAP sc01-tick1100-t22.png tick~1200
[22:01:04 t+   25.3] LIFECYCLE start: HOME
[22:01:04 t+   25.4] LAYERS before ['RequestedLayerState{adbe8fb ActivityRecordInputSink com.ps2x.runner/android.app.NativeActivity#18771 parentId=18765 z=-2147483648}', 'RequestedLayerState{ActivityRecord{dc0dd18 u0 com.ps2x.runner/android.app.NativeActivity#18765 parentId=18764}', 'RequestedLayerState{com.ps2x.runner/android.app.NativeActivity#18774 parentId=18773}', 'RequestedLayerState{879d52a com.ps2x.runner/android.app.NativeActivity#18773 parentId=18765}', 'RequestedLayerState{ps2x-game#18779 parentId=18774 z=1}', 'RequestedLayerState{Surface(name=879d52a com.ps2x.runner/android.app.NativeActivity)/@0xc3df82 - animation-leash of starting_reveal#18777}']
[22:01:13 t+   33.7] SCAP sc02-bg-t33.png tick~1455
[22:01:13 t+   33.8] BG focus='mCurrentFocus=Window{b98749 u0 com.android.launcher3/com.android.launcher3.uioverrides.QuickstepLauncher}' pid=11797
[22:01:13 t+   33.8] FG Starting: Intent { cmp=com.ps2x.runner/android.app.NativeActivity }
[22:01:21 t+   42.5] SCAP sc03-fg-t41.png tick~1455
[22:01:22 t+   42.6] LAYERS after-fg ['RequestedLayerState{adbe8fb ActivityRecordInputSink com.ps2x.runner/android.app.NativeActivity#18771 parentId=18765 z=-2147483648}', 'RequestedLayerState{ActivityRecord{dc0dd18 u0 com.ps2x.runner/android.app.NativeActivity#18765 parentId=18764}', 'RequestedLayerState{879d52a com.ps2x.runner/android.app.NativeActivity#18773 parentId=18765}', 'RequestedLayerState{ps2x-game#18779 z=1}', 'RequestedLayerState{Surface(name=879d52a com.ps2x.runner/android.app.NativeActivity)/@0xc3df82 - animation-leash of starting_reveal#18777}', 'RequestedLayerState{com.ps2x.runner/android.app.NativeActivity#18794 parentId=18773}', 'RequestedLayerState{ps2x-game#18796 parentId=18794 z=1}'] focus='mCurrentFocus=Window{879d52a u0 com.ps2x.runner/android.app.NativeActivity}'
[22:01:22 t+   42.6] ROTATION saved 'lock 1'
[22:01:28 t+   49.5] SCAP sc04-rot3-t48.png tick~1455
[22:01:28 t+   49.5] ROTATION lock3 display='init=1080x1920 369dpi mMinSizeOfResizeableTaskDp=220 cur=1920x1080 app=1920x1080 rng=1080x1080-1920x1920\n      mCurrentRotation=ROTATION_0'
[22:01:33 t+   53.6] ROTATION restored -> 'lock 1'
[22:01:33 t+   54.2] SCAP sc05-rot-restored-t53.png tick~1455
[22:02:00 t+   80.8] SCAP sc06-tick2150-t80.png tick~2152
[22:02:04 t+   85.1] SFDUMP tick=2220 lines=27
[22:02:20 t+  101.2] SCAP sc07-tick2400-t100.png tick~2434
[22:02:35 t+  116.4] STOP tick 2658 >= 2600
[22:02:36 t+  116.9] SCAP sc08-final-t116.png tick~2658
[22:02:37 t+  118.3] THREADS
Threads: 27 total,   1 running,  26 sleeping,   0 stopped,   0 zombie
  Mem:  7342756K total,  5062896K used,  2279860K free,      656K buffers
 Swap: 10485752K total,   785964K used,  9699788K free,  2334696K cached
800%cpu  81%user   0%nice  38%sys 673%idle   0%iow   8%irq   0%sirq   0%host
  TID USER         PR  NI VIRT  RES  SHR S[%CPU] %MEM     TIME+ THREAD          PROCESS
11850 u0_a113      10 -10  17G 712M 473M R 73.0   9.9   1:18.44 GameThread      com.ps2x.runner
11827 u0_a113      10 -10  17G 712M 473M S 15.3   9.9   0:15.73 GsWorker        com.ps2x.runner
11859 u0_a113      20   0  17G 712M 473M S  0.0   9.9   0:00.00 InteractionJank com.ps2x.runner
11858 u0_a113      20   0  17G 712M 473M S  0.0   9.9   0:00.00 binder:11797_1  com.ps2x.runner
11852 u0_a113      10 -10  17G 712M 473M S  0.0   9.9   0:00.09 PGS-Waiter      com.ps2x.runner
11851 u0_a113      39  19  17G 712M 473M S  0.0   9.9   0:00.00 com.ps:traceq0  com.ps2x.runner
11848 u0_a113      -3 -10  17G 712M 473M S  0.0   9.9   0:00.40 AAudio_1        com.ps2x.runner
11842 u0_a113      20   0  17G 712M 473M S  0.0   9.9   0:00.03 binder:11797_4  com.ps2x.runner
11839 u0_a113      10 -10  17G 712M 473M S  0.0   9.9   0:00.00 com.ps2x.runner com.ps2x.runner
11832 u0_a113      20   0  17G 712M 473M S  0.0   9.9   0:00.00 InsetsAnimation com.ps2x.runner
11831 u0_a113      20   0  17G 712M 473M S  0.0   9.9   0:00.00 SurfaceSyncGrou com.ps2x.runner
11830 u0_a113      10 -10  17G 712M 473M S  0.0   9.9   0:00.00 VsyncReceiver   com.ps2x.runner
11825 u0_a113      10 -10  17G 712M 473M S  0.0   9.9   0:00.24 Thread-3        com.ps2x.runner
11826 u0_a113      10 -10  17G 712M 473M S  0.0   9.9   0:00.00 com.ps2x.runner com.ps2x.runner
11822 u0_a113      20   0  17G 712M 473M S  0.0   9.9   0:00.02 binder:11797_3  com.ps2x.runner

[22:02:37 t+  118.3] BATTERY status: 5 level: 100
[22:02:40 t+  121.4] RESTORE a8d651a7e55f7e29f1345f28f4ea634e06ae757f535e29439ab61c930bcc0ebd match=True
[22:02:41 t+  121.8] MC0-AFTER bad=[]
[22:02:41 t+  121.9] END pid-after=none disconnects=0
