[22:57:45] PRE lease="LEASE_FREE VK1 done" keyguard="showing=false" battery=100% ac=true pid0=none
[22:57:45] PRE device-env=a8d651a7e55f7e29f1345f28f4ea634e06ae757f535e29439ab61c930bcc0ebd mc0-test='' mc0-bad=[]
[22:57:45] APK local sha x2 727242b114a7fba7a13b401b8f8a661797f18d93ac887b3d2bcc2848782d9818 727242b114a7fba7a13b401b8f8a661797f18d93ac887b3d2bcc2848782d9818
[22:58:10] INSTALL Performing Streamed Install Success
[22:58:10] INSTALLED /data/app/~~jfsvLhniMycz0-UKeffYoA==/com.ps2x.runner-ty3LmgO1oU_g6ByTSYNpfQ==/base.apk sha=727242b114a7fba7a13b401b8f8a661797f18d93ac887b3d2bcc2848782d9818 match=True
[22:58:10] ENV 9729aeae47488181839d208dba43d90ffa0e2f88a3c1b4c2c933bed609ca74db  /storage/emulated/0/Android/data/com.ps2x.runner/files/ps2x.env
[22:58:10 t+    0.0] AM Starting: Intent { cmp=com.ps2x.runner/android.app.NativeActivity }
[22:58:16 t+    6.3] FOCUS app-foreground, no BACK ('mCurrentFocus=Window{5d67aa1 u0 com.ps2x.runner/android.app.NativeActivity}')
[22:58:19 t+    8.6] LAYER 'com.ps2x.runner/android.app.NativeActivity#19092' tried=['com.ps2x.runner/android.app.NativeActivity#19083', 'RequestedLayerState{ActivityRecord{24b7164 u0 com.ps2x.runner/android.app.NativeActivity#19083 parentId=19082}', 'com.ps2x.runner/android.app.NativeActivity#19092']
[22:58:33 t+   23.3] SCAP sc01-tick1100-t22.png tick~1201
[22:58:33 t+   23.4] SFDUMP tick=1201 lines=29
[22:59:28 t+   77.5] SCAP sc02-tick2100-t77.png tick~2110
[22:59:37 t+   87.0] SFDUMP tick=2247 lines=29
[22:59:43 t+   92.8] SCAP sc03-tick2300-t92.png tick~2316
[22:59:53 t+  102.8] STOP tick 2462 >= 2400
[22:59:53 t+  103.2] SCAP sc04-final-t102.png tick~2462
[22:59:58 t+  107.9] PADPROBE vpad lines: ['1790391492.855 13361 13418 I ps2x    : [vpad] on=1 pad_in_use=0 first_pad=-1 name="" -> overlay shown', '1790391597.016 13361 13418 I ps2x    : [vpad] on=1 pad_in_use=1 first_pad=0 name="" -> overlay hidden']
[22:59:58 t+  108.3] THREADS
Threads: 28 total,   0 running,  28 sleeping,   0 stopped,   0 zombie
  Mem:  7342756K total,  4961900K used,  2380856K free,      596K buffers
 Swap: 10485752K total,   813676K used,  9672076K free,  2310068K cached
800%cpu 104%user   4%nice  35%sys 646%idle   0%iow   8%irq   4%sirq   0%host
  TID USER         PR  NI VIRT  RES  SHR S[%CPU] %MEM     TIME+ THREAD          PROCESS
13449 u0_a113      10 -10  17G 702M 462M S 76.9   9.7   1:11.74 GameThread      com.ps2x.runner
13428 u0_a113      10 -10  17G 702M 462M S 19.2   9.7   0:14.10 GsWorker        com.ps2x.runner
13456 u0_a113      20   0  17G 702M 462M S  3.8   9.7   0:00.05 binder:13361_3  com.ps2x.runner
13417 u0_a113      10 -10  17G 702M 462M S  3.8   9.7   0:06.42 com.ps2x.runner com.ps2x.runner
13784 u0_a113      20   0  17G 702M 462M S  0.0   9.7   0:00.13 binder:13361_5  com.ps2x.runner
13457 u0_a113      20   0  17G 702M 462M S  0.0   9.7   0:00.00 InteractionJank com.ps2x.runner
13451 u0_a113      10 -10  17G 702M 462M S  0.0   9.7   0:00.08 PGS-Waiter      com.ps2x.runner
13450 u0_a113      39  19  17G 702M 462M S  0.0   9.7   0:00.00 com.ps:traceq0  com.ps2x.runner
13447 u0_a113      -3 -10  17G 702M 462M S  0.0   9.7   0:00.36 AAudio_1        com.ps2x.runner
13435 u0_a113      20   0  17G 702M 462M S  0.0   9.7   0:00.12 binder:13361_4  com.ps2x.runner
13434 u0_a113      10 -10  17G 702M 462M S  0.0   9.7   0:00.00 com.ps2x.runner com.ps2x.runner
13433 u0_a113      20   0  17G 702M 462M S  0.0   9.7   0:00.00 InsetsAnimation com.ps2x.runner
13432 u0_a113      20   0  17G 702M 462M S  0.0   9.7   0:00.00 SurfaceSyncGrou com.ps2x.runner
13431 u0_a113      10 -10  17G 702M 462M S  0.0   9.7   0:00.00 VsyncReceiver   com.ps2x.runner
13418 u0_a113      10 -10  17G 702M 462M S  0.0   9.7   0:00.00 com.ps2x.runner com.ps2x.runner

[22:59:58 t+  108.3] BATTERY status: 5 level: 100
[23:00:01 t+  110.9] RESTORE a8d651a7e55f7e29f1345f28f4ea634e06ae757f535e29439ab61c930bcc0ebd match=True
[23:00:01 t+  111.0] MC0-AFTER bad=[]
[23:00:01 t+  111.1] END pid-after=none disconnects=0
