[00:12:39] PRE lease="LEASE_FREE F6 done" keyguard="showing=false" battery=100% ac=true pid0=none
[00:12:39] PRE device-env=a8d651a7e55f7e29f1345f28f4ea634e06ae757f535e29439ab61c930bcc0ebd mc0-test='' mc0-bad=[]
[00:12:39] APK local sha x2 df27f812c9645433dfb103c7d7d8850c5e57858c145a6e8ae843c7d0ced784d6 df27f812c9645433dfb103c7d7d8850c5e57858c145a6e8ae843c7d0ced784d6
[00:12:41] INSTALL Performing Streamed Install Success
[00:12:42] INSTALLED /data/app/~~dDSpmdwmiMwSUio1uhbUJw==/com.ps2x.runner-CQDCWpAXqYdqSKTnct8IEA==/base.apk sha=df27f812c9645433dfb103c7d7d8850c5e57858c145a6e8ae843c7d0ced784d6 match=True
[00:12:42] ENV 829928e6903cd94cbfbaf7ea24aa936c67a451aaa7077f5c2417e5dd71b7518b  /storage/emulated/0/Android/data/com.ps2x.runner/files/ps2x.env
[00:12:42 t+    0.1] AM Starting: Intent { cmp=com.ps2x.runner/android.app.NativeActivity }
[00:12:48 t+    6.2] FOCUS app-foreground, no BACK ('mCurrentFocus=Window{144aff9 u0 com.ps2x.runner/android.app.NativeActivity}')
[00:12:50 t+    8.4] LAYER 'com.ps2x.runner/android.app.NativeActivity#19354' tried=['com.ps2x.runner/android.app.NativeActivity#19345', 'RequestedLayerState{ActivityRecord{b4354e6 u0 com.ps2x.runner/android.app.NativeActivity#19345 parentId=19344}', 'com.ps2x.runner/android.app.NativeActivity#19354']
[00:13:35 t+   52.9] SCAP sc01-tick1800-t52.png tick~1843
[00:13:40 t+   58.0] STRESS start tick=1899
[00:13:40 t+   58.2] STRESS t=58.2 tick=1899 start pid=3567 fds=run-as: sf_ps2x_game=1 sf_pkg_layers=5 focus='indow{144aff9 u0 com.ps2x.runner/android.app.NativeActivity}' last_window_change: vk_queued=0 vk_dropped=0 vk_skipped=
[00:13:42 t+   60.4] STRESS t=60.4 tick=1899 bg1 pid=3567 fds=run-as: sf_ps2x_game=0 sf_pkg_layers=4 focus='uncher3/com.android.launcher3.uioverrides.QuickstepLauncher}' last_window_change: vk_queued=0 vk_dropped=0 vk_skipped=0 
[00:13:47 t+   64.7] STRESS t=64.7 tick=1956 fg1 pid=3567 fds=run-as: sf_ps2x_game=1 sf_pkg_layers=5 focus='indow{144aff9 u0 com.ps2x.runner/android.app.NativeActivity}' last_window_change: vk_queued=1668 vk_dropped=0 vk_skipped
[00:13:52 t+   70.0] STRESS t=70.0 tick=1956 bg2 pid=3567 fds=run-as: sf_ps2x_game=0 sf_pkg_layers=4 focus='uncher3/com.android.launcher3.uioverrides.QuickstepLauncher}' last_window_change: vk_queued=1668 vk_dropped=0 vk_skipped
[00:13:56 t+   74.3] STRESS t=74.3 tick=2070 fg2 pid=3567 fds=run-as: sf_ps2x_game=1 sf_pkg_layers=5 focus='indow{144aff9 u0 com.ps2x.runner/android.app.NativeActivity}' last_window_change: vk_queued=1724 vk_dropped=0 vk_skipped
[00:13:57 t+   75.5] STRESS t=75.5 tick=2070 bg3 pid=3567 fds=run-as: sf_ps2x_game=0 sf_pkg_layers=4 focus='uncher3/com.android.launcher3.uioverrides.QuickstepLauncher}' last_window_change: vk_queued=1724 vk_dropped=0 vk_skipped
[00:14:02 t+   79.9] STRESS t=79.9 tick=2146 fg3 pid=3567 fds=run-as: sf_ps2x_game=1 sf_pkg_layers=5 focus='indow{144aff9 u0 com.ps2x.runner/android.app.NativeActivity}' last_window_change: vk_queued=1785 vk_dropped=0 vk_skipped
[00:14:03 t+   80.9] STRESS t=80.9 tick=2146 bg4 pid=3567 fds=run-as: sf_ps2x_game=0 sf_pkg_layers=4 focus='uncher3/com.android.launcher3.uioverrides.QuickstepLauncher}' last_window_change: vk_queued=1785 vk_dropped=0 vk_skipped
[00:14:07 t+   85.4] STRESS t=85.4 tick=2216 fg4 pid=3567 fds=run-as: sf_ps2x_game=1 sf_pkg_layers=5 focus='indow{144aff9 u0 com.ps2x.runner/android.app.NativeActivity}' last_window_change: vk_queued=1843 vk_dropped=0 vk_skipped
[00:14:10 t+   87.7] STRESS t=87.7 tick=2216 bg5 pid=3567 fds=run-as: sf_ps2x_game=0 sf_pkg_layers=4 focus='uncher3/com.android.launcher3.uioverrides.QuickstepLauncher}' last_window_change: vk_queued=1843 vk_dropped=0 vk_skipped
[00:14:14 t+   92.4] STRESS t=92.4 tick=2304 fg5 pid=3567 fds=run-as: sf_ps2x_game=1 sf_pkg_layers=5 focus='indow{144aff9 u0 com.ps2x.runner/android.app.NativeActivity}' last_window_change: vk_queued=1904 vk_dropped=0 vk_skipped
[00:14:15 t+   92.9] SCAP sc02-stress-cycle5-t92.png tick~2304
[00:14:20 t+   98.2] STRESS t=98.2 tick=2377 bg6 pid=3567 fds=run-as: sf_ps2x_game=0 sf_pkg_layers=4 focus='uncher3/com.android.launcher3.uioverrides.QuickstepLauncher}' last_window_change: vk_queued=1904 vk_dropped=0 vk_skipped
[00:14:24 t+  102.4] STRESS t=102.4 tick=2441 fg6 pid=3567 fds=run-as: sf_ps2x_game=1 sf_pkg_layers=5 focus='indow{144aff9 u0 com.ps2x.runner/android.app.NativeActivity}' last_window_change: vk_queued=1981 vk_dropped=0 vk_skippe
[00:14:26 t+  103.9] STRESS t=103.9 tick=2441 bg7 pid=3567 fds=run-as: sf_ps2x_game=0 sf_pkg_layers=4 focus='uncher3/com.android.launcher3.uioverrides.QuickstepLauncher}' last_window_change: vk_queued=1981 vk_dropped=0 vk_skippe
[00:14:30 t+  108.2] STRESS t=108.2 tick=2520 fg7 pid=3567 fds=run-as: sf_ps2x_game=1 sf_pkg_layers=5 focus='indow{144aff9 u0 com.ps2x.runner/android.app.NativeActivity}' last_window_change: vk_queued=2043 vk_dropped=0 vk_skippe
[00:14:31 t+  109.2] STRESS t=109.2 tick=2520 bg8 pid=3567 fds=run-as: sf_ps2x_game=0 sf_pkg_layers=4 focus='uncher3/com.android.launcher3.uioverrides.QuickstepLauncher}' last_window_change: vk_queued=2043 vk_dropped=0 vk_skippe
[00:14:35 t+  113.5] STRESS t=113.5 tick=2600 fg8 pid=3567 fds=run-as: sf_ps2x_game=1 sf_pkg_layers=5 focus='indow{144aff9 u0 com.ps2x.runner/android.app.NativeActivity}' last_window_change: vk_queued=2110 vk_dropped=0 vk_skippe
[00:14:38 t+  116.0] STRESS t=116.0 tick=2600 bg9 pid=3567 fds=run-as: sf_ps2x_game=0 sf_pkg_layers=4 focus='uncher3/com.android.launcher3.uioverrides.QuickstepLauncher}' last_window_change: vk_queued=2110 vk_dropped=0 vk_skippe
[00:14:42 t+  120.3] STRESS t=120.3 tick=2698 fg9 pid=3567 fds=run-as: sf_ps2x_game=1 sf_pkg_layers=5 focus='indow{144aff9 u0 com.ps2x.runner/android.app.NativeActivity}' last_window_change: vk_queued=2176 vk_dropped=0 vk_skippe
[00:14:47 t+  125.5] STRESS t=125.5 tick=2698 bg10 pid=3567 fds=run-as: sf_ps2x_game=0 sf_pkg_layers=4 focus='uncher3/com.android.launcher3.uioverrides.QuickstepLauncher}' last_window_change: vk_queued=2176 vk_dropped=0 vk_skipp
[00:14:52 t+  130.1] STRESS t=130.1 tick=2826 fg10 pid=3567 fds=run-as: sf_ps2x_game=1 sf_pkg_layers=5 focus='indow{144aff9 u0 com.ps2x.runner/android.app.NativeActivity}' last_window_change: vk_queued=2241 vk_dropped=0 vk_skipp
[00:14:52 t+  130.6] SCAP sc03-stress-cycle10-t130.png tick~2826
[00:14:54 t+  131.8] STRESS t=131.8 tick=2902 bg11 pid=3567 fds=run-as: sf_ps2x_game=0 sf_pkg_layers=4 focus='uncher3/com.android.launcher3.uioverrides.QuickstepLauncher}' last_window_change: vk_queued=2241 vk_dropped=0 vk_skipp
[00:14:58 t+  136.4] STRESS t=136.4 tick=2973 fg11 pid=3567 fds=run-as: sf_ps2x_game=1 sf_pkg_layers=5 focus='indow{144aff9 u0 com.ps2x.runner/android.app.NativeActivity}' last_window_change: vk_queued=2318 vk_dropped=0 vk_skipp
[00:14:59 t+  137.4] STRESS t=137.4 tick=2973 bg12 pid=3567 fds=run-as: sf_ps2x_game=0 sf_pkg_layers=4 focus='uncher3/com.android.launcher3.uioverrides.QuickstepLauncher}' last_window_change: vk_queued=2318 vk_dropped=0 vk_skipp
[00:15:04 t+  141.7] STRESS t=141.7 tick=3047 fg12 pid=3567 fds=run-as: sf_ps2x_game=1 sf_pkg_layers=5 focus='indow{144aff9 u0 com.ps2x.runner/android.app.NativeActivity}' last_window_change: vk_queued=2388 vk_dropped=0 vk_skipp
[00:15:06 t+  143.9] STRESS t=143.9 tick=3047 bg13 pid=3567 fds=run-as: sf_ps2x_game=0 sf_pkg_layers=4 focus='uncher3/com.android.launcher3.uioverrides.QuickstepLauncher}' last_window_change: vk_queued=2388 vk_dropped=0 vk_skipp
[00:15:10 t+  148.3] STRESS t=148.3 tick=3116 fg13 pid=3567 fds=run-as: sf_ps2x_game=1 sf_pkg_layers=5 focus='indow{144aff9 u0 com.ps2x.runner/android.app.NativeActivity}' last_window_change: vk_queued=2454 vk_dropped=0 vk_skipp
[00:15:16 t+  153.6] STRESS t=153.6 tick=3116 bg14 pid=3567 fds=run-as: sf_ps2x_game=0 sf_pkg_layers=4 focus='uncher3/com.android.launcher3.uioverrides.QuickstepLauncher}' last_window_change: vk_queued=2454 vk_dropped=0 vk_skipp
[00:15:20 t+  158.0] STRESS t=158.0 tick=3228 fg14 pid=3567 fds=run-as: sf_ps2x_game=1 sf_pkg_layers=5 focus='indow{144aff9 u0 com.ps2x.runner/android.app.NativeActivity}' last_window_change: vk_queued=2524 vk_dropped=0 vk_skipp
[00:15:21 t+  159.4] STRESS t=159.4 tick=3228 bg15 pid=3567 fds=run-as: sf_ps2x_game=0 sf_pkg_layers=4 focus='uncher3/com.android.launcher3.uioverrides.QuickstepLauncher}' last_window_change: vk_queued=2524 vk_dropped=0 vk_skipp
[00:15:26 t+  163.7] STRESS t=163.7 tick=3312 fg15 pid=3567 fds=run-as: sf_ps2x_game=1 sf_pkg_layers=5 focus='indow{144aff9 u0 com.ps2x.runner/android.app.NativeActivity}' last_window_change: vk_queued=2591 vk_dropped=0 vk_skipp
[00:15:26 t+  164.2] SCAP sc04-stress-cycle15-t163.png tick~3312
[00:15:27 t+  164.9] STRESS t=164.9 tick=3312 bg16 pid=3567 fds=run-as: sf_ps2x_game=0 sf_pkg_layers=3 focus='uncher3/com.android.launcher3.uioverrides.QuickstepLauncher}' last_window_change: vk_queued=2591 vk_dropped=0 vk_skipp
[00:15:31 t+  169.2] STRESS t=169.2 tick=3393 fg16 pid=3567 fds=run-as: sf_ps2x_game=1 sf_pkg_layers=4 focus='indow{144aff9 u0 com.ps2x.runner/android.app.NativeActivity}' last_window_change: vk_queued=2663 vk_dropped=0 vk_skipp
[00:15:33 t+  171.5] STRESS t=171.5 tick=3393 bg17 pid=3567 fds=run-as: sf_ps2x_game=0 sf_pkg_layers=3 focus='uncher3/com.android.launcher3.uioverrides.QuickstepLauncher}' last_window_change: vk_queued=2663 vk_dropped=0 vk_skipp
[00:15:38 t+  176.1] STRESS t=176.1 tick=3486 fg17 pid=3567 fds=run-as: sf_ps2x_game=1 sf_pkg_layers=4 focus='indow{144aff9 u0 com.ps2x.runner/android.app.NativeActivity}' last_window_change: vk_queued=2729 vk_dropped=0 vk_skipp
[00:15:43 t+  181.3] STRESS t=181.3 tick=3486 bg18 pid=3567 fds=run-as: sf_ps2x_game=0 sf_pkg_layers=3 focus='uncher3/com.android.launcher3.uioverrides.QuickstepLauncher}' last_window_change: vk_queued=2729 vk_dropped=0 vk_skipp
[00:15:47 t+  185.5] STRESS t=185.5 tick=3621 fg18 pid= fds=no-pid sf_ps2x_game=0 sf_pkg_layers=0 focus='uncher3/com.android.launcher3.uioverrides.QuickstepLauncher}' last_window_change: vk_queued=2800 vk_dropped=0 vk_skipped=0 
[00:15:49 t+  186.8] STRESS t=186.8 tick=3621 bg19 pid= fds=no-pid sf_ps2x_game=0 sf_pkg_layers=0 focus='uncher3/com.android.launcher3.uioverrides.QuickstepLauncher}' last_window_change: vk_queued=2800 vk_dropped=0 vk_skipped=0 
[00:15:53 t+  191.0] STRESS t=191.0 tick=3621 fg19 pid=6875 fds=run-as: sf_ps2x_game=0 sf_pkg_layers=5 focus='indow{5d53afb u0 com.ps2x.runner/android.app.NativeActivity}' last_window_change: vk_queued=2800 vk_dropped=0 vk_skipp
[00:15:54 t+  191.9] STRESS t=191.9 tick=3621 bg20 pid=6875 fds=run-as: sf_ps2x_game=0 sf_pkg_layers=4 focus='uncher3/com.android.launcher3.uioverrides.QuickstepLauncher}' last_window_change: vk_queued=2800 vk_dropped=0 vk_skipp
[00:15:58 t+  196.4] STRESS t=196.4 tick=244 fg20 pid=6875 fds=run-as: sf_ps2x_game=0 sf_pkg_layers=5 focus='indow{5d53afb u0 com.ps2x.runner/android.app.NativeActivity}' last_window_change: vk_queued=2800 vk_dropped=0 vk_skippe
[00:15:59 t+  196.8] SCAP sc05-stress-cycle20-t196.png tick~244
[00:16:02 t+  199.7] STRESS t=199.7 tick=244 switch1-away pid=6875 fds=run-as: sf_ps2x_game=0 sf_pkg_layers=4 focus='dc u0 com.android.settings/com.android.settings.SubSettings}' last_window_change: vk_queued=2800 vk_dropped=0 v
[00:16:06 t+  204.0] STRESS t=204.0 tick=771 switch1-back pid=6875 fds=run-as: sf_ps2x_game=0 sf_pkg_layers=5 focus='indow{5d53afb u0 com.ps2x.runner/android.app.NativeActivity}' last_window_change: vk_queued=2800 vk_dropped=0 v
[00:16:09 t+  206.9] STRESS t=206.9 tick=771 switch2-away pid=6875 fds=run-as: sf_ps2x_game=0 sf_pkg_layers=4 focus='dc u0 com.android.settings/com.android.settings.SubSettings}' last_window_change: vk_queued=2800 vk_dropped=0 v
[00:16:13 t+  211.1] STRESS t=211.1 tick=1202 switch2-back pid=6875 fds=run-as: sf_ps2x_game=0 sf_pkg_layers=5 focus='indow{5d53afb u0 com.ps2x.runner/android.app.NativeActivity}' last_window_change: vk_queued=2800 vk_dropped=0 
[00:16:16 t+  213.9] STRESS t=213.9 tick=1202 switch3-away pid=6875 fds=run-as: sf_ps2x_game=0 sf_pkg_layers=4 focus='dc u0 com.android.settings/com.android.settings.SubSettings}' last_window_change: vk_queued=2800 vk_dropped=0 
[00:16:20 t+  218.2] STRESS t=218.2 tick=1586 switch3-back pid=6875 fds=run-as: sf_ps2x_game=0 sf_pkg_layers=5 focus='indow{5d53afb u0 com.ps2x.runner/android.app.NativeActivity}' last_window_change: vk_queued=2800 vk_dropped=0 
[00:16:23 t+  221.0] STRESS t=221.0 tick=1586 switch4-away pid=6875 fds=run-as: sf_ps2x_game=0 sf_pkg_layers=4 focus='dc u0 com.android.settings/com.android.settings.SubSettings}' last_window_change: vk_queued=2800 vk_dropped=0 
[00:16:27 t+  225.3] STRESS t=225.3 tick=1665 switch4-back pid=6875 fds=run-as: sf_ps2x_game=0 sf_pkg_layers=5 focus='indow{5d53afb u0 com.ps2x.runner/android.app.NativeActivity}' last_window_change: vk_queued=2800 vk_dropped=0 
[00:16:30 t+  228.1] STRESS t=228.1 tick=1665 switch5-away pid=6875 fds=run-as: sf_ps2x_game=0 sf_pkg_layers=4 focus='dc u0 com.android.settings/com.android.settings.SubSettings}' last_window_change: vk_queued=2800 vk_dropped=0 
[00:16:34 t+  232.4] STRESS t=232.4 tick=1737 switch5-back pid=6875 fds=run-as: sf_ps2x_game=0 sf_pkg_layers=5 focus='indow{5d53afb u0 com.ps2x.runner/android.app.NativeActivity}' last_window_change: vk_queued=2800 vk_dropped=0 
[00:16:35 t+  232.9] SCAP sc06-stress-end-t232.png tick~1737
[00:16:35 t+  232.9] STRESS end tick=1737; stopping by t+293
[00:17:36 t+  294.2] STOP wall cap 292.8825259208679s tick=2528
[00:17:36 t+  294.5] SCAP sc07-final-t294.png tick~2528
[00:17:38 t+  296.0] THREADS
Threads: 30 total,   1 running,  29 sleeping,   0 stopped,   0 zombie
  Mem:  7342756K total,  5052084K used,  2290672K free,      548K buffers
 Swap: 10485752K total,   713612K used,  9772140K free,  2264096K cached
800%cpu  96%user   0%nice  38%sys 654%idle   0%iow   8%irq   4%sirq   0%host
  TID USER         PR  NI VIRT  RES  SHR S[%CPU] %MEM     TIME+ THREAD          PROCESS
 6911 u0_a113      10 -10  17G 674M 426M R 73.0   9.3   1:11.49 GameThread      com.ps2x.runner
 6898 u0_a113      10 -10  17G 674M 426M S 15.3   9.3   0:14.90 GsWorker        com.ps2x.runner
 6904 u0_a113      20   0  17G 674M 426M S  3.8   9.3   0:00.11 binder:6875_4   com.ps2x.runner
 6896 u0_a113      10 -10  17G 674M 426M S  3.8   9.3   0:05.77 com.ps2x.runner com.ps2x.runner
 7094 u0_a113      20   0  17G 674M 426M S  0.0   9.3   0:00.07 binder:6875_5   com.ps2x.runner
 6924 u0_a113      10 -10  17G 674M 426M S  0.0   9.3   0:00.00 com.ps2x.runner com.ps2x.runner
 6923 u0_a113      10 -10  17G 674M 426M S  0.0   9.3   0:00.00 com.ps2x.runner com.ps2x.runner
 6920 u0_a113      20   0  17G 674M 426M S  0.0   9.3   0:00.00 InteractionJank com.ps2x.runner
 6918 u0_a113      20   0  17G 674M 426M S  0.0   9.3   0:00.05 binder:6875_2   com.ps2x.runner
 6913 u0_a113      10 -10  17G 674M 426M S  0.0   9.3   0:00.07 PGS-Waiter      com.ps2x.runner
 6912 u0_a113      39  19  17G 674M 426M S  0.0   9.3   0:00.00 com.ps:traceq0  com.ps2x.runner
 6910 u0_a113      -3 -10  17G 674M 426M S  0.0   9.3   0:00.37 AAudio_1        com.ps2x.runner
 6903 u0_a113      10 -10  17G 674M 426M S  0.0   9.3   0:00.00 com.ps2x.runner com.ps2x.runner
 6900 u0_a113      10 -10  17G 674M 426M S  0.0   9.3   0:00.00 VsyncReceiver   com.ps2x.runner
 6902 u0_a113      20   0  17G 674M 426M S  0.0   9.3   0:00.03 InsetsAnimation com.ps2x.runner

[00:17:38 t+  296.1] BATTERY status: 5 level: 100
[00:17:41 t+  298.7] RESTORE a8d651a7e55f7e29f1345f28f4ea634e06ae757f535e29439ab61c930bcc0ebd match=True
[00:17:41 t+  299.0] MC0-AFTER bad=[]
[00:17:41 t+  299.1] END pid-after=none disconnects=0
