[03:41:15] PRE lease="LEASE_FREE F6 done" keyguard="showing=false" battery=100% ac=true pid0=none
[03:41:15] PRE device-env=a8d651a7e55f7e29f1345f28f4ea634e06ae757f535e29439ab61c930bcc0ebd mc0-test='' mc0-bad=[]
[03:41:15] LEASE claimed via odin_lease.sh: CLAIMED
[03:41:16] APK local sha x2 825b436dd2cfc9f3ee42e7ac06643623b9651df409892c6a3e25af27cc531254 825b436dd2cfc9f3ee42e7ac06643623b9651df409892c6a3e25af27cc531254
[03:41:18] INSTALL Performing Streamed Install Success
[03:41:19] INSTALLED /data/app/~~AvJ_fT9Km5YFT0wFhC7l2A==/com.ps2x.runner-kCSraysecAtn0r83GbAC3Q==/base.apk sha=825b436dd2cfc9f3ee42e7ac06643623b9651df409892c6a3e25af27cc531254 match=True
[03:41:19] ENV 850da33f01bb0fcc8d37b434b47dc33f8c577234b2a5fb71e67683beff9cfdce  /storage/emulated/0/Android/data/com.ps2x.runner/files/ps2x.env
[03:41:19 t+    0.1] AM Starting: Intent { cmp=com.ps2x.runner/android.app.NativeActivity }
[03:41:25 t+    6.4] FOCUS app-foreground, no BACK ('mCurrentFocus=Window{eada9b6 u0 com.ps2x.runner/android.app.NativeActivity}')
[03:41:27 t+    8.4] LAYER 'com.ps2x.runner/android.app.NativeActivity#21472' tried=['com.ps2x.runner/android.app.NativeActivity#21472']
[03:42:16 t+   56.8] SCAP sc01-tick2100-t55.png tick~2189
[03:42:52 t+   92.8] SCAP sc02-tick3000-t92.png tick~3080
[03:43:31 t+  132.3] SCAP sc03-tick4000-t131.png tick~4114
[03:43:45 t+  146.4] STOP tick 4584 >= 4500
[03:43:46 t+  147.0] SCAP sc04-final-t146.png tick~4584
[03:43:47 t+  148.4] THREADS
Threads: 29 total,   0 running,  29 sleeping,   0 stopped,   0 zombie
  Mem:  7342756K total,  4858412K used,  2484344K free,      576K buffers
 Swap: 10485752K total,   736436K used,  9749316K free,  2204172K cached
800%cpu 112%user   0%nice  27%sys 650%idle   0%iow   8%irq   4%sirq   0%host
  TID USER         PR  NI VIRT  RES  SHR S[%CPU] %MEM     TIME+ THREAD          PROCESS
28136 u0_a113      10 -10  17G 696M 455M S 57.6   9.7   1:16.08 MTVU            com.ps2x.runner
28124 u0_a113      10 -10  17G 696M 455M S 26.9   9.7   0:38.59 GameThread      com.ps2x.runner
28104 u0_a113      10 -10  17G 696M 455M S 23.0   9.7   0:30.44 GsWorker        com.ps2x.runner
28134 u0_a113      20   0  17G 696M 455M S  0.0   9.7   0:00.00 InteractionJank com.ps2x.runner
28132 u0_a113      20   0  17G 696M 455M S  0.0   9.7   0:00.00 binder:28082_5  com.ps2x.runner
28126 u0_a113      10 -10  17G 696M 455M S  0.0   9.7   0:00.24 PGS-Waiter      com.ps2x.runner
28125 u0_a113      39  19  17G 696M 455M S  0.0   9.7   0:00.00 com.ps:traceq0  com.ps2x.runner
28123 u0_a113      -3 -10  17G 696M 455M S  0.0   9.7   0:00.52 AAudio_1        com.ps2x.runner
28117 u0_a113      20   0  17G 696M 455M S  0.0   9.7   0:00.08 binder:28082_5  com.ps2x.runner
28116 u0_a113      20   0  17G 696M 455M S  0.0   9.7   0:00.00 binder:28082_4  com.ps2x.runner
28115 u0_a113      10 -10  17G 696M 455M S  0.0   9.7   0:00.00 com.ps2x.runner com.ps2x.runner
28108 u0_a113      20   0  17G 696M 455M S  0.0   9.7   0:00.00 InsetsAnimation com.ps2x.runner
28107 u0_a113      20   0  17G 696M 455M S  0.0   9.7   0:00.00 SurfaceSyncGrou com.ps2x.runner
28106 u0_a113      10 -10  17G 696M 455M S  0.0   9.7   0:00.00 VsyncReceiver   com.ps2x.runner
28102 u0_a113      10 -10  17G 696M 455M S  0.0   9.7   0:00.00 com.ps2x.runner com.ps2x.runner

[03:43:47 t+  148.4] BATTERY status: 5 level: 100
[03:43:50 t+  151.0] RESTORE a8d651a7e55f7e29f1345f28f4ea634e06ae757f535e29439ab61c930bcc0ebd match=True
[03:43:50 t+  151.2] MC0-AFTER bad=[]
[03:43:50 t+  151.2] END pid-after=none disconnects=0
