REF_CHECK:mean=0.0000 p99=0 max=0 npix=224000 mode=PPM
REFMENU_CHECK:mean=0.0000 p99=0 max=0 npix=1310720 mode=PPM
REFSC_CHECK:mean=0.0000 p99=0 max=0 npix=1310720 mode=PPM
REFZC_CHECK:mean=0.0000 p99=0 max=0 npix=1310720 mode=PPM
REFSP_CHECK:mean=0.0000 p99=0 max=0 npix=1310720 mode=PPM
REFSM_CHECK:mean=0.0000 p99=0 max=0 npix=1310720 mode=PPM
REFSE_CHECK:mean=0.0000 p99=0 max=0 npix=1310720 mode=PPM
REFSETAG_CHECK:mean=0.0000 p99=0 max=0 npix=10150 mode=PPM
REFMR_CHECK:mean=0.0000 p99=0 max=0 npix=1310720 mode=PPM
REFPP_CHECK:mean=0.0000 p99=0 max=0 npix=1310720 mode=PPM
SELF_TEST mean=0.0000 p99=0
SELF_WHOLE=0.0000
SELF_MENU mean=0.0000 p99=0
SELF_SC mean=0.0000 p99=0
SELF_ZC mean=0.0000 p99=0
SELF_SP mean=0.0000 p99=0
SELF_SM mean=0.0000 p99=0
SELF_SE mean=0.0000 p99=0
SELF_SETAG mean=0.0000 p99=0
SELF_MR mean=0.0000 p99=0
SELF_PP mean=0.0000 p99=0
START_SCORE mean=45.6797 p99=224 MENU_T+:97
ATTEMPT_1 BEGIN MENU_T+:97
ATTEMPT_1 now score mean=25.3158 p99=142
ATTEMPT_1 on attract (non-title) -> Cross attract-skip
A1_CROSS_KEYDOWN_WALL:1790020270.474393890 UPTIME:254 MENU_T+:98
A1_CROSS_HELD_WALL:1790020270.492470525 UPTIME:254
A1_CROSS_KEYUP_WALL:1790020271.009870956 UPTIME:254 MENU_T+:99
ATTEMPT_1 poll01 score mean=0.4337 p99=6 MENU_T+:101
ATTEMPT_1 TITLE-DETECTED at poll01
A1_START_KEYDOWN_WALL:1790020273.767588561 UPTIME:257 MENU_T+:101
A1_START_HELD_WALL:1790020273.785628140 UPTIME:257
A1_START_KEYUP_WALL:1790020274.303157752 UPTIME:258 MENU_T+:102
ATTEMPT_1 post+3 score mean=16.2581 p99=139 MENU_T+:106
ATTEMPT_1 post+8 score mean=16.2922 p99=139
ATTEMPT_1 post+15 score mean=16.2610 p99=139
ATTEMPT_1 post+25 score mean=16.2610 p99=139
ATTEMPT_1 whole815=0.0330 whole1525=0.0121
ATTEMPT_1 post25-vs-menu mean=0.2954 p99=5
ATTEMPT_1 MENU-LIKE (non-title + static) -> park for menu Cross
MENUPRE vs-menu mean=0.3132 p99=5 MENU_T+:140
MENUPRE vs-title mean=16.2610 p99=139
MENU_CROSS_KEYDOWN_WALL:1790020313.254225616 UPTIME:297 MENU_T+:141
MENU_CROSS_HELD_WALL:1790020313.272894994 UPTIME:297
MENU_CROSS_KEYUP_WALL:1790020313.789355256 UPTIME:297 MENU_T+:141
MC post+1 titleband mean=12.6153 p99=164 vs-menu mean=10.2163 p99=106 vs-sc mean=0.6230 p99=9 MENU_T+:145
MC post+3 titleband mean=12.5794 p99=164 vs-menu mean=10.2494 p99=106 vs-sc mean=0.4888 p99=8
MC post+8 titleband mean=12.5384 p99=164 vs-menu mean=10.2373 p99=105 vs-sc mean=0.5076 p99=8
MC post+15 titleband mean=12.5384 p99=164 vs-menu mean=10.2374 p99=105 vs-sc mean=0.4936 p99=8
MC hops whole: pre-post1=10.1476 p1-p3=0.3115 p3-p8=0.1695 p8-p15=0.0286
SC-LIKE (non-menu + static) -> park for Zoe Cross
SCPRE vs-sc mean=0.5315 p99=8 MENU_T+:181
SCPRE vs-menu mean=10.2138 p99=105
SCPRE vs-title mean=12.5331 p99=164
ZOE_CROSS_KEYDOWN_WALL:1790020355.506024302 UPTIME:339 MENU_T+:183
ZOE_CROSS_HELD_WALL:1790020355.525644627 UPTIME:339
ZOE_CROSS_KEYUP_WALL:1790020356.043664612 UPTIME:339 MENU_T+:184
ZC post+1 titleband mean=15.8561 p99=128 vs-sc mean=7.2539 p99=100 vs-zc mean=0.5106 p99=8 MENU_T+:187
ZC post+3 titleband mean=15.8599 p99=128 vs-sc mean=7.1463 p99=100 vs-zc mean=0.4845 p99=8
ZC post+8 titleband mean=15.7501 p99=128 vs-sc mean=7.1088 p99=99 vs-zc mean=0.4993 p99=9
ZC hops whole: pre-post1=7.2057 p1-p3=0.2212 p3-p8=0.1550
ZC-LIKE (departed + non-SC + static) -> park for Continue Cross
CCPRE vs-zc mean=0.4943 p99=9 MENU_T+:211
CCPRE vs-sc mean=7.3211 p99=101
CCPRE vs-title mean=15.8570 p99=128
CONT_CROSS_KEYDOWN_WALL:1790020385.146115785 UPTIME:369 MENU_T+:213
CONT_CROSS_HELD_WALL:1790020385.164556241 UPTIME:369
CONT_CROSS_KEYUP_WALL:1790020385.681616788 UPTIME:369 MENU_T+:213
SP post+1 titleband mean=23.1279 p99=171 vs-zc mean=9.4774 p99=154 vs-sp mean=0.3818 p99=6 MENU_T+:217
SP post+3 titleband mean=23.1279 p99=171 vs-zc mean=9.4582 p99=154 vs-sp mean=0.3600 p99=5
SP post+8 titleband mean=23.1203 p99=171 vs-zc mean=9.4673 p99=154 vs-sp mean=0.3736 p99=6
SP hops whole: pre-post1=9.3821 p1-p3=0.0340 p3-p8=0.0254
SP-LIKE (departed + non-ZC + static) -> park for Peak Cross
SPPRE vs-sp mean=0.3611 p99=5 MENU_T+:240
SPPRE vs-zc mean=9.4589 p99=154
SPPRE vs-title mean=23.1279 p99=171
PEAK_CROSS_KEYDOWN_WALL:1790020414.335781972 UPTIME:398 MENU_T+:242
PEAK_CROSS_HELD_WALL:1790020414.353923972 UPTIME:398
PEAK_CROSS_KEYUP_WALL:1790020414.870797959 UPTIME:398 MENU_T+:242
PC post+1 titleband mean=26.3179 p99=183 vs-sp mean=5.3491 p99=121 vs-sm mean=0.3894 p99=6 MENU_T+:246
PC post+3 titleband mean=26.3178 p99=183 vs-sp mean=5.3472 p99=121 vs-sm mean=0.3875 p99=6
PC post+8 titleband mean=26.3182 p99=183 vs-sp mean=5.3602 p99=121 vs-sm mean=0.4004 p99=6
PC hops whole: pre-post1=5.1606 p1-p3=0.0035 p3-p8=0.0167
SM-LIKE (departed + non-SP + static) -> park for Race Cross
SMPRE vs-sm mean=0.3914 p99=6 MENU_T+:269
SMPRE se-tag mean=14.3278 p99=89
SMPRE vs-sp mean=5.3510 p99=121
SMPRE vs-title mean=26.3131 p99=183
RACE_CROSS_KEYDOWN_WALL:1790020444.213403565 UPTIME:428 MENU_T+:272
RACE_CROSS_HELD_WALL:1790020444.235215902 UPTIME:428
RACE_CROSS_KEYUP_WALL:1790020444.752085015 UPTIME:428 MENU_T+:272
RC post+1 titleband mean=26.2080 p99=183 vs-sm mean=0.8078 p99=11 se-tag mean=2.6271 p99=11 MENU_T+:276
RC post+3 titleband mean=26.1996 p99=183 vs-sm mean=0.8231 p99=12 se-tag mean=2.6271 p99=11
RC post+8 titleband mean=26.2104 p99=183 vs-sm mean=0.8308 p99=13 se-tag mean=2.6271 p99=11 vs-sp mean=5.4710 p99=121 vs-se mean=0.4265 p99=6
RC hops whole: pre-post1=0.4559 p1-p3=0.0178 p3-p8=0.0425
SE-LIKE (static + non-SP + se-tag) -> park for SnowJam Cross
SEPRE se-tag mean=2.6271 p99=11 MENU_T+:300
SEPRE vs-se mean=0.4074 p99=6
SEPRE vs-sm mean=0.8117 p99=11
SEPRE vs-sp mean=5.4515 p99=121
SEPRE vs-title mean=26.2104 p99=183
SNOWJAM_CROSS_KEYDOWN_WALL:1790020475.949309502 UPTIME:459 MENU_T+:303
SNOWJAM_CROSS_HELD_WALL:1790020475.967636039 UPTIME:459
SNOWJAM_CROSS_KEYUP_WALL:1790020476.484284230 UPTIME:460 MENU_T+:304
SJ post+1 titleband mean=9.8443 p99=137 vs-se mean=10.6346 p99=143 vs-mr mean=0.4361 p99=7 MENU_T+:308
SJ post+3 titleband mean=9.8531 p99=137 vs-se mean=10.6374 p99=143 vs-mr mean=0.4159 p99=7
SJ post+8 titleband mean=9.8341 p99=136 vs-se mean=10.7084 p99=143 vs-mr mean=0.4714 p99=8
SJ hops whole: pre-post1=10.5477 p1-p3=0.0725 p3-p8=0.1095
MR-LIKE (departed + non-SE + static) -> park for Enter Cross
MRPRE vs-mr mean=0.4258 p99=7 MENU_T+:331
MRPRE vs-se mean=10.6528 p99=143
MRPRE vs-title mean=9.8393 p99=136
ENTER_CROSS_KEYDOWN_WALL:1790020504.951325174 UPTIME:488 MENU_T+:332
ENTER_CROSS_HELD_WALL:1790020504.971253930 UPTIME:488
ENTER_CROSS_KEYUP_WALL:1790020505.487831076 UPTIME:489 MENU_T+:333
MR post+1 titleband mean=17.2808 p99=168 vs-mr mean=12.4898 p99=148 vs-pp mean=21.0617 p99=169 MENU_T+:337
MR post+3 titleband mean=17.5978 p99=172 vs-mr mean=12.4454 p99=148 vs-pp mean=21.0323 p99=168
MR post+8 titleband mean=32.8471 p99=237 vs-mr mean=20.7101 p99=197 vs-pp mean=18.4896 p99=190
MR post+15 titleband mean=34.5207 p99=184 vs-mr mean=19.6921 p99=153 vs-pp mean=0.6988 p99=9
MR post+25 titleband mean=34.5185 p99=184 vs-mr mean=19.6595 p99=153 vs-pp mean=0.6688 p99=9
MR post+40 titleband mean=34.5148 p99=184 vs-mr mean=19.5293 p99=153 vs-pp mean=0.7501 p99=9
MR hops whole: pre-post1=12.4689 p1-p3=0.9658 p3-p8=25.3146 p8-p15=18.4143 p15-p25=0.0521 p25-p40=0.1539
MR_STAB1 titleband mean=34.5160 p99=184 vs-mr mean=19.3405 p99=153 vs-pp mean=0.9854 p99=19 MENU_T+:414
MR_STAB2 titleband mean=34.5110 p99=184 vs-mr mean=19.5848 p99=153 vs-pp mean=0.6963 p99=9 MENU_T+:427
MR panel hops whole: post43-stab1=0.2514 stab1-stab2=0.3152
PP-LIKE (departed + static x3 + non-MR) -> park for X-Continue Cross
PPPRE vs-pp mean=0.6734 p99=9 MENU_T+:438
PPPRE vs-mr mean=19.6670 p99=153
PPPRE vs-title mean=34.5182 p99=184
XCROSS_KEYDOWN_WALL:1790020612.439693619 UPTIME:596 MENU_T+:440
XCROSS_HELD_WALL:1790020612.458719290 UPTIME:596
XCROSS_KEYUP_WALL:1790020612.977685108 UPTIME:596 MENU_T+:440
X post+1 titleband mean=18.7041 p99=149 vs-pp mean=14.4698 p99=153 MENU_T+:443
X post+3 titleband mean=21.1854 p99=141 vs-pp mean=15.9204 p99=141
X post+8 titleband mean=13.9020 p99=130 vs-pp mean=19.9568 p99=162
X post+15 titleband mean=15.6997 p99=153 vs-pp mean=25.1022 p99=183
X post+25 titleband mean=13.7272 p99=135 vs-pp mean=25.1388 p99=182
X post+40 titleband mean=18.8950 p99=133 vs-pp mean=17.8332 p99=156
X hops whole: pre-post1=14.5570 p1-p3=14.0650 p3-p8=12.9747 p8-p15=10.2182 p15-p25=8.0809 p25-p40=16.7393
LIVE-LIKE (departed + non-panel + motion x2) -> blind pre-hold pair + hold + blind dense series
NPRE1_SNAPSTART_WALL:1790020680.677020248 UPTIME:664 MENU_T+:508
NPRE1_SNAPEND_WALL:1790020680.754692054 UPTIME:664 MENU_T+:508
NPRE2_SNAPSTART_WALL:1790020681.258854704 UPTIME:665 MENU_T+:509
NPRE2_SNAPEND_WALL:1790020681.335555931 UPTIME:665 MENU_T+:509
HOLD_LEFT_KEYDOWN_WALL:1790020681.338612583 UPTIME:665 MENU_T+:509
HOLD_LEFT_HELD_WALL:1790020681.357865760 UPTIME:665
HOLD_LEFT_KEYUP_WALL:1790020682.375803876 UPTIME:666 MENU_T+:510
D_POST1_SNAPSTART_WALL:1790020682.880323169 UPTIME:666 MENU_T+:510
D_POST1_SNAPEND_WALL:1790020682.951125327 UPTIME:666 MENU_T+:510
D_POST2_SNAPSTART_WALL:1790020683.454745967 UPTIME:667 MENU_T+:511
D_POST2_SNAPEND_WALL:1790020683.526711157 UPTIME:667 MENU_T+:511
D_POST3_SNAPSTART_WALL:1790020684.031200326 UPTIME:667 MENU_T+:512
D_POST3_SNAPEND_WALL:1790020684.105998957 UPTIME:668 MENU_T+:512
D_POST4_SNAPSTART_WALL:1790020684.610345437 UPTIME:668 MENU_T+:512
D_POST4_SNAPEND_WALL:1790020684.685485465 UPTIME:668 MENU_T+:512
D_POST5_SNAPSTART_WALL:1790020685.189004416 UPTIME:669 MENU_T+:513
D_POST5_SNAPEND_WALL:1790020685.262702123 UPTIME:669 MENU_T+:513
D_POST6_SNAPSTART_WALL:1790020685.766282802 UPTIME:669 MENU_T+:513
D_POST6_SNAPEND_WALL:1790020685.844052341 UPTIME:669 MENU_T+:513
D_POST7_SNAPSTART_WALL:1790020686.347986519 UPTIME:670 MENU_T+:514
D_POST7_SNAPEND_WALL:1790020686.421040629 UPTIME:670 MENU_T+:514
D_POST8_SNAPSTART_WALL:1790020686.924635200 UPTIME:670 MENU_T+:514
D_POST8_SNAPEND_WALL:1790020686.993091906 UPTIME:670 MENU_T+:514
D_POST9_SNAPSTART_WALL:1790020687.496515760 UPTIME:671 MENU_T+:515
D_POST9_SNAPEND_WALL:1790020687.575041640 UPTIME:671 MENU_T+:515
D_POST10_SNAPSTART_WALL:1790020688.079175383 UPTIME:671 MENU_T+:516
D_POST10_SNAPEND_WALL:1790020688.154712453 UPTIME:672 MENU_T+:516
DENSE-BLIND-COMPLETE (12 blind snaps; post-hoc scoring only)
