[    0.0320] Program Path: /home/brad/pcsx2-t4/pcsx2/build/bin/pcsx2-qt
[    0.0320] AppRoot Directory: /home/brad/pcsx2-t4/pcsx2/build/bin
[    0.0320] Resources Directory: /home/brad/pcsx2-t4/pcsx2/build/bin/resources
[    0.0320] DataRoot Directory: /home/brad/pcsx2-t4/dat/PCSX2
[    0.0321] Loading config from /home/brad/pcsx2-t4/dat/PCSX2/inis/PCSX2.ini.
[    0.0324] Loading secrets from /home/brad/pcsx2-t4/dat/PCSX2/inis/secrets.ini.
[    0.0326] BIOS Directory: /home/brad/pcsx2-t4/dat/PCSX2/bios
[    0.0326] Snapshots Directory: /home/brad/pcsx2-t4/dat/PCSX2/snaps
[    0.0326] Savestates Directory: /home/brad/pcsx2-t4/dat/PCSX2/sstates
[    0.0326] MemoryCards Directory: /home/brad/pcsx2-t4/dat/PCSX2/memcards
[    0.0326] Logs Directory: /home/brad/pcsx2-t4/dat/PCSX2/logs
[    0.0326] Cheats Directory: /home/brad/pcsx2-t4/dat/PCSX2/cheats
[    0.0326] Patches Directory: /home/brad/pcsx2-t4/dat/PCSX2/patches
[    0.0326] Covers Directory: /home/brad/pcsx2-t4/dat/PCSX2/covers
[    0.0326] Game Settings Directory: /home/brad/pcsx2-t4/dat/PCSX2/gamesettings
[    0.0326] Resources Directory: /home/brad/pcsx2-t4/pcsx2/build/bin/resources
[    0.0326] User Resources Directory: /home/brad/pcsx2-t4/dat/PCSX2/resources
[    0.0326] Cache Directory: /home/brad/pcsx2-t4/dat/PCSX2/cache
[    0.0326] Textures Directory: /home/brad/pcsx2-t4/dat/PCSX2/textures
[    0.0326] Input Profile Directory: /home/brad/pcsx2-t4/dat/PCSX2/inputprofiles
[    0.0326] Video Dumping Directory: /home/brad/pcsx2-t4/dat/PCSX2/videos
[    0.0326] Debugger Layouts Directory: /home/brad/pcsx2-t4/dat/PCSX2/inis/debuggerlayouts
[    0.0326] Debugger Settings Directory: /home/brad/pcsx2-t4/dat/PCSX2/inis/debuggersettings
[    0.0327] Couldn't find translation for system language C, using en instead
[    0.0331] Loaded translation file for language en-US
[    0.0571] PCSX2 v2.9.75
[    0.0571] Savestate version: 0x9a590000
[    0.0571] 
[    0.0572] 
[    0.0572] Host Machine Init:
[    0.0572]   Operating System = Ubuntu 24.04
[    0.0572]   Available RAM    = 9235 MB (9.02 GB)
[    0.0572]   Physical RAM     = 9946 MB (9.71 GB)
[    0.0572] 
[    0.0572]   Processor        = Intel 13th Gen Core i5-13600K
[    0.0572]   Core Count       = 10 cores
[    0.0572]   Thread Count     = 20 threads
[    0.0572]   Cluster Count    = 1 clusters
[    0.0572] CPU Extensions Detected:
[    0.0572]   AVX AVX2
[    0.0572] 
[    0.0572] Allocating host memory for virtual systems...
[    0.0574]   EE Main Memory                   @ 0x00007FCE9F200000 -> 0x00007FCEA8100000 [143mb]
[    0.0574]   IOP Main Memory                  @ 0x00007FCEA8100000 -> 0x00007FCEB0200000 [129mb]
[    0.0574]   VU0/1 On-Chip Memory             @ 0x00007FCEB0200000 -> 0x00007FCEB0300000 [1mb]
[    0.0574]   VTLB Virtual Map                 @ 0x00007FCEB0300000 -> 0x00007FCEB0B00000 [8mb]
[    0.0574]   VTLB Address Map                 @ 0x00007FCEB0B00000 -> 0x00007FCEB0F00000 [4mb]
[    0.0574]   R5900 Recompiler Cache           @ 0x00007FCEB0F00000 -> 0x00007FCEB4F00000 [64mb]
[    0.0574]   R3000A Recompiler Cache          @ 0x00007FCEB4F00000 -> 0x00007FCEB6F00000 [32mb]
[    0.0574]   Micro VU0 Recompiler Cache       @ 0x00007FCEB7F00000 -> 0x00007FCEBBF00000 [64mb]
[    0.0574]   Micro VU1 Recompiler Cache       @ 0x00007FCEBBF00000 -> 0x00007FCEBFF00000 [64mb]
[    0.0574]   VIF0 Unpack Recompiler Cache     @ 0x00007FCEB6F00000 -> 0x00007FCEB7700000 [8mb]
[    0.0574]   VIF1 Unpack Recompiler Cache     @ 0x00007FCEB7700000 -> 0x00007FCEB7F00000 [8mb]
[    0.0574]   VIF Unpack Recompiler Cache      @ 0x00007FCEBFF00000 -> 0x00007FCEC0000000 [1mb]
[    0.0574]   GS Software Renderer             @ 0x00007FCEC0000000 -> 0x00007FCEC4000000 [64mb]
[    0.0581] Fastmem area: 0x7fcd9f200000 - 0x7fce9f1fffff
[    0.0587] Generating SSE-optimized unpacking functions for VIF interpreters...
[    0.0590] Unpack function generation complete.  Generated function statistics:
[    0.0590]   Reserved buffer    : 1048576 bytes @ 0x00007FCEBFF00000
[    0.0590]   x86 code generated : 7422 bytes
[    0.0590] 
[    0.0591] SDLInputSource: Using Controller DB from resources.
[    0.0751] SDLInputSource: 765 gamepad mappings are loaded.
