[21:47:26] PRE lease="LEASE_FREE VK1 done" keyguard="showing=false" battery=100% ac=true pid0=none
[21:47:26] PRE device-env=a8d651a7e55f7e29f1345f28f4ea634e06ae757f535e29439ab61c930bcc0ebd mc0-test='' mc0-bad=[]
[21:47:26] APK local sha x2 8c74352d41a0a8a3664eb110f53f8b155984ad38598a4a7b5a05541a54caa663 8c74352d41a0a8a3664eb110f53f8b155984ad38598a4a7b5a05541a54caa663
[21:47:29] INSTALL Performing Streamed Install Success
[21:47:29] INSTALLED /data/app/~~CGYRNGsIfpnsyus65w5NRA==/com.ps2x.runner-_5kZndY3BY5UCShCTWAXMw==/base.apk sha=8c74352d41a0a8a3664eb110f53f8b155984ad38598a4a7b5a05541a54caa663 match=True
[21:47:29] ENV 94aac236fddba97e0523e47557c958f988ebacd323f96476fcd728fdb671459e  /storage/emulated/0/Android/data/com.ps2x.runner/files/ps2x.env
[21:47:30 t+    0.1] AM Starting: Intent { cmp=com.ps2x.runner/android.app.NativeActivity }
[21:47:36 t+    6.4] FOCUS app-foreground, no BACK ('mCurrentFocus=Window{8b11b44 u0 com.ps2x.runner/android.app.NativeActivity}')
[21:47:38 t+    8.7] LAYER 'com.ps2x.runner/android.app.NativeActivity#18653' tried=['com.ps2x.runner/android.app.NativeActivity#18644', 'RequestedLayerState{ActivityRecord{af44338 u0 com.ps2x.runner/android.app.NativeActivity#18644 parentId=18643}', 'com.ps2x.runner/android.app.NativeActivity#18653']
[21:47:53 t+   23.7] SCAP sc01-tick1100-t23.png tick~1202
[21:47:55 t+   25.9] LIFECYCLE start: HOME
[21:47:55 t+   26.0] LAYERS before ['RequestedLayerState{ps2x-game#18658 parentId=18653 z=-1}', 'RequestedLayerState{Surface(name=8b11b44 com.ps2x.runner/android.app.NativeActivity)/@0x8668edc - animation-leash of starting_reveal#18656}', 'RequestedLayerState{c02939b ActivityRecordInputSink com.ps2x.runner/android.app.NativeActivity#18650 parentId=18644 z=-2147483648}', 'RequestedLayerState{ActivityRecord{af44338 u0 com.ps2x.runner/android.app.NativeActivity#18644 parentId=18643}', 'RequestedLayerState{com.ps2x.runner/android.app.NativeActivity#18653 parentId=18652}', 'RequestedLayerState{8b11b44 com.ps2x.runner/android.app.NativeActivity#18652 parentId=18644}']
[21:48:04 t+   34.2] SCAP sc02-bg-t34.png tick~1455
[21:48:04 t+   34.5] BG focus='mCurrentFocus=Window{b98749 u0 com.android.launcher3/com.android.launcher3.uioverrides.QuickstepLauncher}' pid=5496
[21:48:04 t+   34.6] FG Starting: Intent { cmp=com.ps2x.runner/android.app.NativeActivity }
[21:48:13 t+   43.3] SCAP sc03-fg-t42.png tick~1455
[21:48:13 t+   43.4] LAYERS after-fg ['RequestedLayerState{ps2x-game#18658 z=-1}', 'RequestedLayerState{Surface(name=8b11b44 com.ps2x.runner/android.app.NativeActivity)/@0x8668edc - animation-leash of starting_reveal#18656}', 'RequestedLayerState{c02939b ActivityRecordInputSink com.ps2x.runner/android.app.NativeActivity#18650 parentId=18644 z=-2147483648}', 'RequestedLayerState{ActivityRecord{af44338 u0 com.ps2x.runner/android.app.NativeActivity#18644 parentId=18643}', 'RequestedLayerState{8b11b44 com.ps2x.runner/android.app.NativeActivity#18652 parentId=18644}', 'RequestedLayerState{ps2x-game#18675 parentId=18673 z=-1}', 'RequestedLayerState{com.ps2x.runner/android.app.NativeActivity#18673 parentId=18652}'] focus='mCurrentFocus=Window{8b11b44 u0 com.ps2x.runner/android.app.NativeActivity}'
[21:48:13 t+   43.5] ROTATION saved 'lock 1'
[21:48:20 t+   50.3] SCAP sc04-rot3-t49.png tick~1455
[21:48:20 t+   50.3] ROTATION lock3 display='init=1080x1920 369dpi mMinSizeOfResizeableTaskDp=220 cur=1920x1080 app=1920x1080 rng=1080x1080-1920x1920\n      mCurrentRotation=ROTATION_0'
[21:48:24 t+   54.5] ROTATION restored -> 'lock 1'
[21:48:25 t+   55.2] SCAP sc05-rot-restored-t54.png tick~1455
[21:48:51 t+   82.0] SCAP sc06-tick2100-t81.png tick~2152
[21:48:56 t+   86.5] SFDUMP tick=2218 lines=30
[21:49:06 t+   96.8] SCAP sc07-tick2300-t96.png tick~2354
[21:49:12 t+  102.4] STOP tick 2425 >= 2400
[21:49:13 t+  103.0] SCAP sc08-final-t102.png tick~2425
[21:49:17 t+  107.8] PADPROBE vpad lines: ['1790387252.258  5496  5549 I ps2x    : [vpad] on=1 pad_in_use=0 first_pad=-1 name="" -> overlay shown', '1790387356.257  5496  5549 I ps2x    : [vpad] on=1 pad_in_use=1 first_pad=0 name="" -> overlay hidden']
[21:49:18 t+  108.5] THREADS
Threads: 28 total,   0 running,  28 sleeping,   0 stopped,   0 zombie
  Mem:  7342756K total,  4902700K used,  2440056K free,      656K buffers
 Swap: 10485752K total,   814996K used,  9670756K free,  2319752K cached
800%cpu 108%user   0%nice  27%sys 654%idle   0%iow  12%irq   0%sirq   0%host
  TID USER         PR  NI VIRT  RES  SHR S[%CPU] %MEM     TIME+ THREAD          PROCESS
 5570 u0_a113      10 -10  17G 712M 471M S 76.9   9.9   1:12.32 GameThread      com.ps2x.runner
 5550 u0_a113      10 -10  17G 712M 471M S 19.2   9.9   0:13.87 GsWorker        com.ps2x.runner
 5537 u0_a113      10 -10  17G 712M 471M S  7.6   9.9   0:05.90 Thread-3        com.ps2x.runner
 5512 u0_a113      20   0  17G 712M 471M S  3.8   9.9   0:00.10 binder:5496_3   com.ps2x.runner
 5954 u0_a113      20   0  17G 712M 471M S  0.0   9.9   0:00.10 binder:5496_5   com.ps2x.runner
 5580 u0_a113      20   0  17G 712M 471M S  0.0   9.9   0:00.03 binder:5496_4   com.ps2x.runner
 5578 u0_a113      20   0  17G 712M 471M S  0.0   9.9   0:00.00 InteractionJank com.ps2x.runner
 5577 u0_a113      20   0  17G 712M 471M S  0.0   9.9   0:00.05 binder:5496_3   com.ps2x.runner
 5572 u0_a113      10 -10  17G 712M 471M S  0.0   9.9   0:00.08 PGS-Waiter      com.ps2x.runner
 5571 u0_a113      39  19  17G 712M 471M S  0.0   9.9   0:00.00 com.ps:traceq0  com.ps2x.runner
 5567 u0_a113      -3 -10  17G 712M 471M S  0.0   9.9   0:00.36 AAudio_1        com.ps2x.runner
 5561 u0_a113      10 -10  17G 712M 471M S  0.0   9.9   0:00.00 com.ps2x.runner com.ps2x.runner
 5554 u0_a113      20   0  17G 712M 471M S  0.0   9.9   0:00.01 InsetsAnimation com.ps2x.runner
 5553 u0_a113      20   0  17G 712M 471M S  0.0   9.9   0:00.00 SurfaceSyncGrou com.ps2x.runner
 5552 u0_a113      10 -10  17G 712M 471M S  0.0   9.9   0:00.00 VsyncReceiver   com.ps2x.runner

[21:49:18 t+  108.6] BATTERY status: 5 level: 100
[21:49:21 t+  111.5] RESTORE a8d651a7e55f7e29f1345f28f4ea634e06ae757f535e29439ab61c930bcc0ebd match=True
[21:49:21 t+  111.7] MC0-AFTER bad=[]
[21:49:21 t+  111.8] END pid-after=none disconnects=0
