[01:11:45] PRE lease="VK2 2026-09-26T04:53:32Z" keyguard="showing=false" battery=100% ac=true pid0=none
[01:11:45] PRE device-env=a8d651a7e55f7e29f1345f28f4ea634e06ae757f535e29439ab61c930bcc0ebd mc0-test='' mc0-bad=[]
[01:11:45] APK local sha x2 f39905dbf13431cd184b2dccf4f5baef66d46c62857d9beba76aa4fb5655740a f39905dbf13431cd184b2dccf4f5baef66d46c62857d9beba76aa4fb5655740a
[01:11:48] INSTALL Performing Streamed Install Success
[01:11:48] INSTALLED /data/app/~~P30ZMD24pJ6gyjnfRPYmMg==/com.ps2x.runner-axKh_HWZVyk9bfVsiyBBlA==/base.apk sha=f39905dbf13431cd184b2dccf4f5baef66d46c62857d9beba76aa4fb5655740a match=True
[01:11:48] ENV 47769ad15bf3381b2411a919ff7a8c6005312c3e2e27d1041538f9b5fc180704  /storage/emulated/0/Android/data/com.ps2x.runner/files/ps2x.env
[01:11:48 t+    0.0] AM Starting: Intent { cmp=com.ps2x.runner/android.app.NativeActivity }
[01:11:55 t+    6.2] FOCUS app-foreground, no BACK ('mCurrentFocus=Window{8299080 u0 com.ps2x.runner/android.app.NativeActivity}')
[01:11:57 t+    8.3] LAYER 'com.ps2x.runner/android.app.NativeActivity#20650' tried=['com.ps2x.runner/android.app.NativeActivity#20650']
[01:12:46 t+   57.4] CPUWIN start tick=1901
[01:13:05 t+   76.2] SCAP sc01-tick2100-t75.png tick~2170
[01:13:30 t+  101.5] CPUWIN end tick=2552
[01:15:30 t+  221.4] STOP tick 4586 >= 4500
[01:15:30 t+  221.9] SCAP sc02-final-t221.png tick~4586
[01:15:32 t+  223.3] THREADS
Threads: 27 total,   1 running,  26 sleeping,   0 stopped,   0 zombie
  Mem:  7342756K total,  5075124K used,  2267632K free,      564K buffers
 Swap: 10485752K total,   671940K used,  9813812K free,  2262160K cached
800%cpu  88%user   0%nice  27%sys 677%idle   0%iow   8%irq   0%sirq   0%host
  TID USER         PR  NI VIRT  RES  SHR S[%CPU] %MEM     TIME+ THREAD          PROCESS
13063 u0_a113      10 -10  17G 751M 513M R 65.3  10.4   2:25.41 GameThread      com.ps2x.runner
13045 u0_a113      10 -10  17G 751M 513M S 15.3  10.4   0:34.24 GsWorker        com.ps2x.runner
13072 u0_a113      20   0  17G 751M 513M S  0.0  10.4   0:00.00 InteractionJank com.ps2x.runner
13071 u0_a113      20   0  17G 751M 513M S  0.0  10.4   0:00.00 binder:13024_3  com.ps2x.runner
13066 u0_a113      10 -10  17G 751M 513M S  0.0  10.4   0:00.24 PGS-Waiter      com.ps2x.runner
13064 u0_a113      39  19  17G 751M 513M S  0.0  10.4   0:00.00 com.ps:traceq0  com.ps2x.runner
13062 u0_a113      -3 -10  17G 751M 513M S  0.0  10.4   0:00.79 AAudio_1        com.ps2x.runner
13056 u0_a113      20   0  17G 751M 513M S  0.0  10.4   0:00.00 binder:13024_4  com.ps2x.runner
13055 u0_a113      10 -10  17G 751M 513M S  0.0  10.4   0:00.00 com.ps2x.runner com.ps2x.runner
13049 u0_a113      20   0  17G 751M 513M S  0.0  10.4   0:00.00 InsetsAnimation com.ps2x.runner
13048 u0_a113      20   0  17G 751M 513M S  0.0  10.4   0:00.00 SurfaceSyncGrou com.ps2x.runner
13047 u0_a113      10 -10  17G 751M 513M S  0.0  10.4   0:00.00 VsyncReceiver   com.ps2x.runner
13043 u0_a113      10 -10  17G 751M 513M S  0.0  10.4   0:00.38 com.ps2x.runner com.ps2x.runner
13044 u0_a113      10 -10  17G 751M 513M S  0.0  10.4   0:00.01 com.ps2x.runner com.ps2x.runner
13039 u0_a113      20   0  17G 751M 513M S  0.0  10.4   0:00.11 binder:13024_3  com.ps2x.runner

[01:15:32 t+  223.3] BATTERY status: 5 level: 100
[01:15:34 t+  225.7] RESTORE a8d651a7e55f7e29f1345f28f4ea634e06ae757f535e29439ab61c930bcc0ebd match=True
[01:15:34 t+  225.9] MC0-AFTER bad=[]
[01:15:34 t+  226.0] END pid-after=none disconnects=0
