[08:12:18] PRE lease="FS2 2026-09-26T12:09:17Z" keyguard="showing=false" battery=100% ac=true pid0=none
[08:12:18] PRE device-env=090cc981e9f97c9c6007b64e90afaba7ff0b495eae7ede6423bfca826fae29fe mc0-test='' mc0-bad=[]
[08:12:18] APK local sha x2 bb846329c7c8dd74d77ef5df7318f017dfd5baf5ea776227f98ef5430c5b6b74 bb846329c7c8dd74d77ef5df7318f017dfd5baf5ea776227f98ef5430c5b6b74
[08:12:21] INSTALL Performing Streamed Install Success
[08:12:22] INSTALLED /data/app/~~8YnKG0CO1IXaHID25M4C-Q==/com.ps2x.runner-QEFhW12QTCTN0lghV2_EEQ==/base.apk sha=bb846329c7c8dd74d77ef5df7318f017dfd5baf5ea776227f98ef5430c5b6b74 match=True
[08:12:22] ENV 720c2c4d804d255f6adc88e3d9eec6dd27c3bb8c81d26fee0b6064186bae331e  /storage/emulated/0/Android/data/com.ps2x.runner/files/ps2x.env
[08:12:22 t+    0.1] AM Starting: Intent { cmp=com.ps2x.runner/android.app.NativeActivity }
[08:12:28 t+    6.1] FOCUS app-foreground, no BACK ('mCurrentFocus=Window{3047f3a u0 com.ps2x.runner/android.app.NativeActivity}')
[08:12:30 t+    8.3] LAYER 'com.ps2x.runner/android.app.NativeActivity#22956' tried=['com.ps2x.runner/android.app.NativeActivity#22956']
[08:13:04 t+   42.1] CPUWIN start tick=1900
[08:13:19 t+   57.3] SCAP sc01-tick2100-t56.png tick~2203
[08:13:34 t+   72.3] CPUWIN end tick=2588
[08:13:54 t+   92.1] SCAP sc02-tick3000-t91.png tick~3101
[08:14:30 t+  128.0] SCAP sc03-tick4000-t127.png tick~4003
[08:14:49 t+  147.3] STOP tick 4605 >= 4500
[08:14:50 t+  147.7] SCAP sc04-final-t147.png tick~4605
[08:14:51 t+  149.2] THREADS
Threads: 28 total,   0 running,  28 sleeping,   0 stopped,   0 zombie
  Mem:  7342756K total,  5056400K used,  2286356K free,      632K buffers
 Swap: 10485752K total,   734576K used,  9751176K free,  2249828K cached
800%cpu 123%user   0%nice  23%sys 646%idle   0%iow   8%irq   0%sirq   0%host
  TID USER         PR  NI VIRT  RES  SHR S[%CPU] %MEM     TIME+ THREAD          PROCESS
 8568 u0_a113      10 -10  17G 758M 517M S 57.6  10.5   1:17.89 MTVU            com.ps2x.runner
 8559 u0_a113      10 -10  17G 758M 517M S 30.7  10.5   0:38.62 GameThread      com.ps2x.runner
 8540 u0_a113      10 -10  17G 758M 517M S 26.9  10.5   0:30.94 GsWorker        com.ps2x.runner
 8567 u0_a113      20   0  17G 758M 517M S  0.0  10.5   0:00.00 InteractionJank com.ps2x.runner
 8566 u0_a113      20   0  17G 758M 517M S  0.0  10.5   0:00.00 binder:8518_1   com.ps2x.runner
 8561 u0_a113      10 -10  17G 758M 517M S  0.0  10.5   0:00.24 PGS-Waiter      com.ps2x.runner
 8560 u0_a113      39  19  17G 758M 517M S  0.0  10.5   0:00.00 com.ps:traceq0  com.ps2x.runner
 8558 u0_a113      -3 -10  17G 758M 517M S  0.0  10.5   0:00.52 AAudio_1        com.ps2x.runner
 8552 u0_a113      10 -10  17G 758M 517M S  0.0  10.5   0:00.00 com.ps2x.runner com.ps2x.runner
 8545 u0_a113      20   0  17G 758M 517M S  0.0  10.5   0:00.00 InsetsAnimation com.ps2x.runner
 8544 u0_a113      20   0  17G 758M 517M S  0.0  10.5   0:00.00 binder:8518_4   com.ps2x.runner
 8543 u0_a113      20   0  17G 758M 517M S  0.0  10.5   0:00.00 SurfaceSyncGrou com.ps2x.runner
 8542 u0_a113      10 -10  17G 758M 517M S  0.0  10.5   0:00.00 VsyncReceiver   com.ps2x.runner
 8538 u0_a113      10 -10  17G 758M 517M S  0.0  10.5   0:00.00 com.ps2x.runner com.ps2x.runner
 8537 u0_a113      10 -10  17G 758M 517M S  0.0  10.5   0:00.31 com.ps2x.runner com.ps2x.runner

[08:14:51 t+  149.2] BATTERY status: 5 level: 100
[08:14:54 t+  152.5] RESTORE 090cc981e9f97c9c6007b64e90afaba7ff0b495eae7ede6423bfca826fae29fe match=True
[08:14:55 t+  152.6] MC0-AFTER bad=[]
[08:14:55 t+  152.7] END pid-after=none disconnects=0
