error: non-monotonic index /Volumes/Extreme SSD/ps2recomp-spike/PS2Recomp/.git/objects/pack/._pack-66cfeae386ca99bf65f2cbea68322205a1368bb8.idx
error: non-monotonic index /Volumes/Extreme SSD/ps2recomp-spike/PS2Recomp/.git/objects/pack/._pack-66cfeae386ca99bf65f2cbea68322205a1368bb8.idx
error: non-monotonic index /Volumes/Extreme SSD/ps2recomp-spike/PS2Recomp/.git/objects/pack/._pack-66cfeae386ca99bf65f2cbea68322205a1368bb8.idx
error: non-monotonic index /Volumes/Extreme SSD/ps2recomp-spike/PS2Recomp/.git/objects/pack/._pack-66cfeae386ca99bf65f2cbea68322205a1368bb8.idx
error: non-monotonic index /Volumes/Extreme SSD/ps2recomp-spike/PS2Recomp/.git/objects/pack/._pack-66cfeae386ca99bf65f2cbea68322205a1368bb8.idx
error: non-monotonic index /Volumes/Extreme SSD/ps2recomp-spike/PS2Recomp/.git/objects/pack/._pack-66cfeae386ca99bf65f2cbea68322205a1368bb8.idx
error: non-monotonic index /Volumes/Extreme SSD/ps2recomp-spike/PS2Recomp/.git/objects/pack/._pack-66cfeae386ca99bf65f2cbea68322205a1368bb8.idx
error: non-monotonic index /Volumes/Extreme SSD/ps2recomp-spike/PS2Recomp/.git/objects/pack/._pack-66cfeae386ca99bf65f2cbea68322205a1368bb8.idx
error: non-monotonic index /Volumes/Extreme SSD/ps2recomp-spike/PS2Recomp/.git/objects/pack/._pack-66cfeae386ca99bf65f2cbea68322205a1368bb8.idx
error: non-monotonic index /Volumes/Extreme SSD/ps2recomp-spike/PS2Recomp/.git/objects/pack/._pack-66cfeae386ca99bf65f2cbea68322205a1368bb8.idx
error: non-monotonic index /Volumes/Extreme SSD/ps2recomp-spike/PS2Recomp/.git/objects/pack/._pack-66cfeae386ca99bf65f2cbea68322205a1368bb8.idx
error: non-monotonic index /Volumes/Extreme SSD/ps2recomp-spike/PS2Recomp/.git/objects/pack/._pack-66cfeae386ca99bf65f2cbea68322205a1368bb8.idx
error: non-monotonic index /Volumes/Extreme SSD/ps2recomp-spike/PS2Recomp/.git/objects/pack/._pack-66cfeae386ca99bf65f2cbea68322205a1368bb8.idx
error: non-monotonic index /Volumes/Extreme SSD/ps2recomp-spike/PS2Recomp/.git/objects/pack/._pack-66cfeae386ca99bf65f2cbea68322205a1368bb8.idx
error: non-monotonic index /Volumes/Extreme SSD/ps2recomp-spike/PS2Recomp/.git/objects/pack/._pack-66cfeae386ca99bf65f2cbea68322205a1368bb8.idx
error: non-monotonic index /Volumes/Extreme SSD/ps2recomp-spike/PS2Recomp/.git/objects/pack/._pack-66cfeae386ca99bf65f2cbea68322205a1368bb8.idx
error: non-monotonic index /Volumes/Extreme SSD/ps2recomp-spike/PS2Recomp/.git/objects/pack/._pack-66cfeae386ca99bf65f2cbea68322205a1368bb8.idx
error: non-monotonic index /Volumes/Extreme SSD/ps2recomp-spike/PS2Recomp/.git/objects/pack/._pack-66cfeae386ca99bf65f2cbea68322205a1368bb8.idx
error: non-monotonic index /Volumes/Extreme SSD/ps2recomp-spike/PS2Recomp/.git/objects/pack/._pack-66cfeae386ca99bf65f2cbea68322205a1368bb8.idx
error: non-monotonic index /Volumes/Extreme SSD/ps2recomp-spike/PS2Recomp/.git/objects/pack/._pack-66cfeae386ca99bf65f2cbea68322205a1368bb8.idx
error: non-monotonic index /Volumes/Extreme SSD/ps2recomp-spike/PS2Recomp/.git/objects/pack/._pack-66cfeae386ca99bf65f2cbea68322205a1368bb8.idx
error: non-monotonic index /Volumes/Extreme SSD/ps2recomp-spike/PS2Recomp/.git/objects/pack/._pack-66cfeae386ca99bf65f2cbea68322205a1368bb8.idx
error: non-monotonic index /Volumes/Extreme SSD/ps2recomp-spike/PS2Recomp/.git/objects/pack/._pack-66cfeae386ca99bf65f2cbea68322205a1368bb8.idx
error: non-monotonic index /Volumes/Extreme SSD/ps2recomp-spike/PS2Recomp/.git/objects/pack/._pack-66cfeae386ca99bf65f2cbea68322205a1368bb8.idx
error: non-monotonic index /Volumes/Extreme SSD/ps2recomp-spike/PS2Recomp/.git/objects/pack/._pack-66cfeae386ca99bf65f2cbea68322205a1368bb8.idx
error: non-monotonic index /Volumes/Extreme SSD/ps2recomp-spike/PS2Recomp/.git/objects/pack/._pack-66cfeae386ca99bf65f2cbea68322205a1368bb8.idx
error: non-monotonic index /Volumes/Extreme SSD/ps2recomp-spike/PS2Recomp/.git/objects/pack/._pack-66cfeae386ca99bf65f2cbea68322205a1368bb8.idx
error: non-monotonic index /Volumes/Extreme SSD/ps2recomp-spike/PS2Recomp/.git/objects/pack/._pack-66cfeae386ca99bf65f2cbea68322205a1368bb8.idx
error: non-monotonic index /Volumes/Extreme SSD/ps2recomp-spike/PS2Recomp/.git/objects/pack/._pack-66cfeae386ca99bf65f2cbea68322205a1368bb8.idx
error: non-monotonic index /Volumes/Extreme SSD/ps2recomp-spike/PS2Recomp/.git/objects/pack/._pack-66cfeae386ca99bf65f2cbea68322205a1368bb8.idx
error: non-monotonic index /Volumes/Extreme SSD/ps2recomp-spike/PS2Recomp/.git/objects/pack/._pack-66cfeae386ca99bf65f2cbea68322205a1368bb8.idx
error: non-monotonic index /Volumes/Extreme SSD/ps2recomp-spike/PS2Recomp/.git/objects/pack/._pack-66cfeae386ca99bf65f2cbea68322205a1368bb8.idx
error: non-monotonic index /Volumes/Extreme SSD/ps2recomp-spike/PS2Recomp/.git/objects/pack/._pack-66cfeae386ca99bf65f2cbea68322205a1368bb8.idx
error: non-monotonic index /Volumes/Extreme SSD/ps2recomp-spike/PS2Recomp/.git/objects/pack/._pack-66cfeae386ca99bf65f2cbea68322205a1368bb8.idx
error: non-monotonic index /Volumes/Extreme SSD/ps2recomp-spike/PS2Recomp/.git/objects/pack/._pack-66cfeae386ca99bf65f2cbea68322205a1368bb8.idx
error: non-monotonic index /Volumes/Extreme SSD/ps2recomp-spike/PS2Recomp/.git/objects/pack/._pack-66cfeae386ca99bf65f2cbea68322205a1368bb8.idx
error: non-monotonic index /Volumes/Extreme SSD/ps2recomp-spike/PS2Recomp/.git/objects/pack/._pack-66cfeae386ca99bf65f2cbea68322205a1368bb8.idx
error: non-monotonic index /Volumes/Extreme SSD/ps2recomp-spike/PS2Recomp/.git/objects/pack/._pack-66cfeae386ca99bf65f2cbea68322205a1368bb8.idx
error: non-monotonic index /Volumes/Extreme SSD/ps2recomp-spike/PS2Recomp/.git/objects/pack/._pack-66cfeae386ca99bf65f2cbea68322205a1368bb8.idx
error: non-monotonic index /Volumes/Extreme SSD/ps2recomp-spike/PS2Recomp/.git/objects/pack/._pack-66cfeae386ca99bf65f2cbea68322205a1368bb8.idx
error: non-monotonic index /Volumes/Extreme SSD/ps2recomp-spike/PS2Recomp/.git/objects/pack/._pack-66cfeae386ca99bf65f2cbea68322205a1368bb8.idx
error: non-monotonic index /Volumes/Extreme SSD/ps2recomp-spike/PS2Recomp/.git/objects/pack/._pack-66cfeae386ca99bf65f2cbea68322205a1368bb8.idx
error: non-monotonic index /Volumes/Extreme SSD/ps2recomp-spike/PS2Recomp/.git/objects/pack/._pack-66cfeae386ca99bf65f2cbea68322205a1368bb8.idx
error: non-monotonic index /Volumes/Extreme SSD/ps2recomp-spike/PS2Recomp/.git/objects/pack/._pack-66cfeae386ca99bf65f2cbea68322205a1368bb8.idx
error: non-monotonic index /Volumes/Extreme SSD/ps2recomp-spike/PS2Recomp/.git/objects/pack/._pack-66cfeae386ca99bf65f2cbea68322205a1368bb8.idx
error: non-monotonic index /Volumes/Extreme SSD/ps2recomp-spike/PS2Recomp/.git/objects/pack/._pack-66cfeae386ca99bf65f2cbea68322205a1368bb8.idx
error: non-monotonic index /Volumes/Extreme SSD/ps2recomp-spike/PS2Recomp/.git/objects/pack/._pack-66cfeae386ca99bf65f2cbea68322205a1368bb8.idx
error: non-monotonic index /Volumes/Extreme SSD/ps2recomp-spike/PS2Recomp/.git/objects/pack/._pack-66cfeae386ca99bf65f2cbea68322205a1368bb8.idx
error: non-monotonic index /Volumes/Extreme SSD/ps2recomp-spike/PS2Recomp/.git/objects/pack/._pack-66cfeae386ca99bf65f2cbea68322205a1368bb8.idx
error: non-monotonic index /Volumes/Extreme SSD/ps2recomp-spike/PS2Recomp/.git/objects/pack/._pack-66cfeae386ca99bf65f2cbea68322205a1368bb8.idx
error: non-monotonic index /Volumes/Extreme SSD/ps2recomp-spike/PS2Recomp/.git/objects/pack/._pack-66cfeae386ca99bf65f2cbea68322205a1368bb8.idx
error: non-monotonic index /Volumes/Extreme SSD/ps2recomp-spike/PS2Recomp/.git/objects/pack/._pack-66cfeae386ca99bf65f2cbea68322205a1368bb8.idx
error: non-monotonic index /Volumes/Extreme SSD/ps2recomp-spike/PS2Recomp/.git/objects/pack/._pack-66cfeae386ca99bf65f2cbea68322205a1368bb8.idx
error: non-monotonic index /Volumes/Extreme SSD/ps2recomp-spike/PS2Recomp/.git/objects/pack/._pack-66cfeae386ca99bf65f2cbea68322205a1368bb8.idx
error: non-monotonic index /Volumes/Extreme SSD/ps2recomp-spike/PS2Recomp/.git/objects/pack/._pack-66cfeae386ca99bf65f2cbea68322205a1368bb8.idx
error: non-monotonic index /Volumes/Extreme SSD/ps2recomp-spike/PS2Recomp/.git/objects/pack/._pack-66cfeae386ca99bf65f2cbea68322205a1368bb8.idx
error: non-monotonic index /Volumes/Extreme SSD/ps2recomp-spike/PS2Recomp/.git/objects/pack/._pack-66cfeae386ca99bf65f2cbea68322205a1368bb8.idx
[detached HEAD 7975073] Bundle: set CFBundleName so devicectl installs the device .app (I8)
 Author: Brad Richardson <brad-richardson@users.noreply.github.com>
 Date: Sun Sep 20 22:54:23 2026 -0400
 1 file changed, 4 insertions(+), 1 deletion(-)
error: non-monotonic index /Volumes/Extreme SSD/ps2recomp-spike/PS2Recomp/.git/objects/pack/._pack-66cfeae386ca99bf65f2cbea68322205a1368bb8.idx
error: non-monotonic index /Volumes/Extreme SSD/ps2recomp-spike/PS2Recomp/.git/objects/pack/._pack-66cfeae386ca99bf65f2cbea68322205a1368bb8.idx
error: non-monotonic index /Volumes/Extreme SSD/ps2recomp-spike/PS2Recomp/.git/objects/pack/._pack-66cfeae386ca99bf65f2cbea68322205a1368bb8.idx
error: non-monotonic index /Volumes/Extreme SSD/ps2recomp-spike/PS2Recomp/.git/objects/pack/._pack-66cfeae386ca99bf65f2cbea68322205a1368bb8.idx
error: non-monotonic index /Volumes/Extreme SSD/ps2recomp-spike/PS2Recomp/.git/objects/pack/._pack-66cfeae386ca99bf65f2cbea68322205a1368bb8.idx
error: non-monotonic index /Volumes/Extreme SSD/ps2recomp-spike/PS2Recomp/.git/objects/pack/._pack-66cfeae386ca99bf65f2cbea68322205a1368bb8.idx
error: non-monotonic index /Volumes/Extreme SSD/ps2recomp-spike/PS2Recomp/.git/objects/pack/._pack-66cfeae386ca99bf65f2cbea68322205a1368bb8.idx
error: non-monotonic index /Volumes/Extreme SSD/ps2recomp-spike/PS2Recomp/.git/objects/pack/._pack-66cfeae386ca99bf65f2cbea68322205a1368bb8.idx
error: non-monotonic index /Volumes/Extreme SSD/ps2recomp-spike/PS2Recomp/.git/objects/pack/._pack-66cfeae386ca99bf65f2cbea68322205a1368bb8.idx
error: non-monotonic index /Volumes/Extreme SSD/ps2recomp-spike/PS2Recomp/.git/objects/pack/._pack-66cfeae386ca99bf65f2cbea68322205a1368bb8.idx
error: non-monotonic index /Volumes/Extreme SSD/ps2recomp-spike/PS2Recomp/.git/objects/pack/._pack-66cfeae386ca99bf65f2cbea68322205a1368bb8.idx
error: non-monotonic index /Volumes/Extreme SSD/ps2recomp-spike/PS2Recomp/.git/objects/pack/._pack-66cfeae386ca99bf65f2cbea68322205a1368bb8.idx
error: non-monotonic index /Volumes/Extreme SSD/ps2recomp-spike/PS2Recomp/.git/objects/pack/._pack-66cfeae386ca99bf65f2cbea68322205a1368bb8.idx
error: non-monotonic index /Volumes/Extreme SSD/ps2recomp-spike/PS2Recomp/.git/objects/pack/._pack-66cfeae386ca99bf65f2cbea68322205a1368bb8.idx
error: non-monotonic index /Volumes/Extreme SSD/ps2recomp-spike/PS2Recomp/.git/objects/pack/._pack-66cfeae386ca99bf65f2cbea68322205a1368bb8.idx
error: non-monotonic index /Volumes/Extreme SSD/ps2recomp-spike/PS2Recomp/.git/objects/pack/._pack-66cfeae386ca99bf65f2cbea68322205a1368bb8.idx
error: non-monotonic index /Volumes/Extreme SSD/ps2recomp-spike/PS2Recomp/.git/objects/pack/._pack-66cfeae386ca99bf65f2cbea68322205a1368bb8.idx
error: non-monotonic index /Volumes/Extreme SSD/ps2recomp-spike/PS2Recomp/.git/objects/pack/._pack-66cfeae386ca99bf65f2cbea68322205a1368bb8.idx
error: non-monotonic index /Volumes/Extreme SSD/ps2recomp-spike/PS2Recomp/.git/objects/pack/._pack-66cfeae386ca99bf65f2cbea68322205a1368bb8.idx
error: non-monotonic index /Volumes/Extreme SSD/ps2recomp-spike/PS2Recomp/.git/objects/pack/._pack-66cfeae386ca99bf65f2cbea68322205a1368bb8.idx
error: non-monotonic index /Volumes/Extreme SSD/ps2recomp-spike/PS2Recomp/.git/objects/pack/._pack-66cfeae386ca99bf65f2cbea68322205a1368bb8.idx
error: non-monotonic index /Volumes/Extreme SSD/ps2recomp-spike/PS2Recomp/.git/objects/pack/._pack-66cfeae386ca99bf65f2cbea68322205a1368bb8.idx
error: non-monotonic index /Volumes/Extreme SSD/ps2recomp-spike/PS2Recomp/.git/objects/pack/._pack-66cfeae386ca99bf65f2cbea68322205a1368bb8.idx
error: non-monotonic index /Volumes/Extreme SSD/ps2recomp-spike/PS2Recomp/.git/objects/pack/._pack-66cfeae386ca99bf65f2cbea68322205a1368bb8.idx
error: non-monotonic index /Volumes/Extreme SSD/ps2recomp-spike/PS2Recomp/.git/objects/pack/._pack-66cfeae386ca99bf65f2cbea68322205a1368bb8.idx
error: non-monotonic index /Volumes/Extreme SSD/ps2recomp-spike/PS2Recomp/.git/objects/pack/._pack-66cfeae386ca99bf65f2cbea68322205a1368bb8.idx
error: non-monotonic index /Volumes/Extreme SSD/ps2recomp-spike/PS2Recomp/.git/objects/pack/._pack-66cfeae386ca99bf65f2cbea68322205a1368bb8.idx
error: non-monotonic index /Volumes/Extreme SSD/ps2recomp-spike/PS2Recomp/.git/objects/pack/._pack-66cfeae386ca99bf65f2cbea68322205a1368bb8.idx
error: non-monotonic index /Volumes/Extreme SSD/ps2recomp-spike/PS2Recomp/.git/objects/pack/._pack-66cfeae386ca99bf65f2cbea68322205a1368bb8.idx
error: non-monotonic index /Volumes/Extreme SSD/ps2recomp-spike/PS2Recomp/.git/objects/pack/._pack-66cfeae386ca99bf65f2cbea68322205a1368bb8.idx
error: non-monotonic index /Volumes/Extreme SSD/ps2recomp-spike/PS2Recomp/.git/objects/pack/._pack-66cfeae386ca99bf65f2cbea68322205a1368bb8.idx
[detached HEAD ccefefe] Runtime: optional PS2X_GAME_CODEGEN_DIR game-objects static lib (I10)
 Author: muse-i10 <i10@local>
 Date: Mon Sep 21 00:35:59 2026 -0400
 1 file changed, 22 insertions(+)
error: non-monotonic index /Volumes/Extreme SSD/ps2recomp-spike/PS2Recomp/.git/objects/pack/._pack-66cfeae386ca99bf65f2cbea68322205a1368bb8.idx
error: non-monotonic index /Volumes/Extreme SSD/ps2recomp-spike/PS2Recomp/.git/objects/pack/._pack-66cfeae386ca99bf65f2cbea68322205a1368bb8.idx
error: non-monotonic index /Volumes/Extreme SSD/ps2recomp-spike/PS2Recomp/.git/objects/pack/._pack-66cfeae386ca99bf65f2cbea68322205a1368bb8.idx
error: non-monotonic index /Volumes/Extreme SSD/ps2recomp-spike/PS2Recomp/.git/objects/pack/._pack-66cfeae386ca99bf65f2cbea68322205a1368bb8.idx
error: non-monotonic index /Volumes/Extreme SSD/ps2recomp-spike/PS2Recomp/.git/objects/pack/._pack-66cfeae386ca99bf65f2cbea68322205a1368bb8.idx
error: non-monotonic index /Volumes/Extreme SSD/ps2recomp-spike/PS2Recomp/.git/objects/pack/._pack-66cfeae386ca99bf65f2cbea68322205a1368bb8.idx
error: non-monotonic index /Volumes/Extreme SSD/ps2recomp-spike/PS2Recomp/.git/objects/pack/._pack-66cfeae386ca99bf65f2cbea68322205a1368bb8.idx
error: non-monotonic index /Volumes/Extreme SSD/ps2recomp-spike/PS2Recomp/.git/objects/pack/._pack-66cfeae386ca99bf65f2cbea68322205a1368bb8.idx
error: non-monotonic index /Volumes/Extreme SSD/ps2recomp-spike/PS2Recomp/.git/objects/pack/._pack-66cfeae386ca99bf65f2cbea68322205a1368bb8.idx
error: non-monotonic index /Volumes/Extreme SSD/ps2recomp-spike/PS2Recomp/.git/objects/pack/._pack-66cfeae386ca99bf65f2cbea68322205a1368bb8.idx
error: non-monotonic index /Volumes/Extreme SSD/ps2recomp-spike/PS2Recomp/.git/objects/pack/._pack-66cfeae386ca99bf65f2cbea68322205a1368bb8.idx
error: non-monotonic index /Volumes/Extreme SSD/ps2recomp-spike/PS2Recomp/.git/objects/pack/._pack-66cfeae386ca99bf65f2cbea68322205a1368bb8.idx
error: non-monotonic index /Volumes/Extreme SSD/ps2recomp-spike/PS2Recomp/.git/objects/pack/._pack-66cfeae386ca99bf65f2cbea68322205a1368bb8.idx
error: non-monotonic index /Volumes/Extreme SSD/ps2recomp-spike/PS2Recomp/.git/objects/pack/._pack-66cfeae386ca99bf65f2cbea68322205a1368bb8.idx
[detached HEAD 5f10c7d] SSX3 map: add missing function entry 0x395730 (I11)
 Author: muse-i11 <i11@local>
 Date: Mon Sep 21 01:34:44 2026 -0400
 1 file changed, 1 insertion(+)
