-- The C compiler identification is Clang 23.1.1
-- The CXX compiler identification is Clang 23.1.1
-- Detecting C compiler ABI info
-- Detecting C compiler ABI info - done
-- Check for working C compiler: /Applications/Xcode.app/Contents/Developer/Toolchains/XcodeDefault.xctoolchain/usr/bin/clang - skipped
-- Detecting C compile features
-- Detecting C compile features - done
-- Detecting CXX compiler ABI info
-- Detecting CXX compiler ABI info - done
-- Check for working CXX compiler: /Applications/Xcode.app/Contents/Developer/Toolchains/XcodeDefault.xctoolchain/usr/bin/clang++ - skipped
-- Detecting CXX compile features
-- Detecting CXX compile features - done
-- ARM target detected, fetching sse2neon
-- macOS ARM64 - using default compiler flags
CMake Warning (deprecated) at /Volumes/Extreme SSD/ps2x-i4/raylib-5.5/CMakeLists.txt:1 (cmake_minimum_required):
  Compatibility with CMake < 3.10 will be removed from a future version of
  CMake.

  Update the VERSION argument <min> value.  Or, use the <min>...<max> syntax
  to tell CMake that the project requires at least <min> but has been updated
  to work with policies introduced by <max> or earlier.
This warning is for project developers.  Use -Wno-author or -Wno-deprecated
to suppress it.

-- Performing Test COMPILER_HAS_THOSE_TOGGLES
-- Performing Test COMPILER_HAS_THOSE_TOGGLES - Success
-- Testing if -Werror=pointer-arith can be used -- compiles
-- Testing if -Werror=implicit-function-declaration can be used -- compiles
-- Testing if -fno-strict-aliasing can be used -- compiles
-- Using external GLFW
-- Audio Backend: miniaudio
-- Building raylib static library
-- Generated config types: Release
-- Compiling with the flags:
--   PLATFORM=PLATFORM_DESKTOP_SDL
--   GRAPHICS=GRAPHICS_API_OPENGL_ES2
CMake Warning (author) at /opt/homebrew/share/cmake/Modules/FetchContent.cmake:1968 (message):
  Calling FetchContent_Populate(imgui) is deprecated, call
  FetchContent_MakeAvailable(imgui) instead.  Policy CMP0169 can be set to
  OLD to allow FetchContent_Populate(imgui) to be called directly for now,
  but the ability to call it with declared details will be removed completely
  in a future version.
Call Stack (most recent call first):
  ps2xRuntime/CMakeLists.txt:123 (FetchContent_Populate)
This warning is for project developers.  Use -Wno-author to suppress it.

-- Populating imgui
-- Configuring done (0.5s)
-- Generating done (0.5s)
-- Build files have been written to: /Volumes/Extreme SSD/ps2x-i12/ios-runtime-device/_deps/imgui-subbuild
Command line invocation:
    /Applications/Xcode.app/Contents/Developer/usr/bin/xcodebuild -project imgui-populate.xcodeproj build -configuration Debug -parallelizeTargets -hideShellScriptEnvironment -target ALL_BUILD

ComputePackagePrebuildTargetDependencyGraph

CreateBuildRequest

SendProjectDescription

CreateBuildOperation

ComputeTargetDependencyGraph
note: Building targets in dependency order
note: Target dependency graph (3 targets)
    Target 'ALL_BUILD' in project 'imgui-populate'
        ➜ Explicit dependency on target 'imgui-populate' in project 'imgui-populate'
        ➜ Explicit dependency on target 'ZERO_CHECK' in project 'imgui-populate'
    Target 'imgui-populate' in project 'imgui-populate'
        ➜ Explicit dependency on target 'ZERO_CHECK' in project 'imgui-populate'
    Target 'ZERO_CHECK' in project 'imgui-populate' (no dependencies)

GatherProvisioningInputs

CreateBuildDescription

ExecuteExternalTool /opt/homebrew/opt/llvm/bin/clang -v -E -dM -isysroot /Applications/Xcode.app/Contents/Developer/Platforms/MacOSX.platform/Developer/SDKs/MacOSX27.0.sdk -x c -c /dev/null

Build description signature: ae4733c9f9454cb981a93bbece250d6c
Build description path: /Volumes/Extreme SSD/ps2x-i12/ios-runtime-device/_deps/imgui-subbuild/build/XCBuildData/ae4733c9f9454cb981a93bbece250d6c.xcbuilddata
CreateBuildDirectory /Volumes/Extreme\ SSD/ps2x-i12/ios-runtime-device/_deps/imgui-subbuild/build
    cd /Volumes/Extreme\ SSD/ps2x-i12/ios-runtime-device/_deps/imgui-subbuild/imgui-populate.xcodeproj
    builtin-create-build-directory /Volumes/Extreme\ SSD/ps2x-i12/ios-runtime-device/_deps/imgui-subbuild/build

CreateBuildDirectory /var/folders/zg/v8fr50g11gg5xcmmsr57zzq00000gn/C/com.apple.DeveloperTools/27.0-27A266a/Xcode/CompilationCache.noindex
    cd /Volumes/Extreme\ SSD/ps2x-i12/ios-runtime-device/_deps/imgui-subbuild/imgui-populate.xcodeproj
    builtin-create-build-directory /var/folders/zg/v8fr50g11gg5xcmmsr57zzq00000gn/C/com.apple.DeveloperTools/27.0-27A266a/Xcode/CompilationCache.noindex

CreateBuildDirectory /Volumes/Extreme\ SSD/ps2x-i12/ios-runtime-device/_deps/imgui-subbuild/build/ExplicitPrecompiledModules
    cd /Volumes/Extreme\ SSD/ps2x-i12/ios-runtime-device/_deps/imgui-subbuild/imgui-populate.xcodeproj
    builtin-create-build-directory /Volumes/Extreme\ SSD/ps2x-i12/ios-runtime-device/_deps/imgui-subbuild/build/ExplicitPrecompiledModules

CreateBuildDirectory /Volumes/Extreme\ SSD/ps2x-i12/ios-runtime-device/_deps/imgui-subbuild/build/Debug
    cd /Volumes/Extreme\ SSD/ps2x-i12/ios-runtime-device/_deps/imgui-subbuild/imgui-populate.xcodeproj
    builtin-create-build-directory /Volumes/Extreme\ SSD/ps2x-i12/ios-runtime-device/_deps/imgui-subbuild/build/Debug

CreateBuildDirectory /Volumes/Extreme\ SSD/ps2x-i12/ios-runtime-device/_deps/imgui-subbuild/build/SwiftExplicitPrecompiledModules
    cd /Volumes/Extreme\ SSD/ps2x-i12/ios-runtime-device/_deps/imgui-subbuild/imgui-populate.xcodeproj
    builtin-create-build-directory /Volumes/Extreme\ SSD/ps2x-i12/ios-runtime-device/_deps/imgui-subbuild/build/SwiftExplicitPrecompiledModules

CreateBuildDirectory /Volumes/Extreme\ SSD/ps2x-i12/ios-runtime-device/_deps/imgui-subbuild/build/SharedPrecompiledHeaders
    cd /Volumes/Extreme\ SSD/ps2x-i12/ios-runtime-device/_deps/imgui-subbuild/imgui-populate.xcodeproj
    builtin-create-build-directory /Volumes/Extreme\ SSD/ps2x-i12/ios-runtime-device/_deps/imgui-subbuild/build/SharedPrecompiledHeaders

WriteAuxiliaryFile /Volumes/Extreme\ SSD/ps2x-i12/ios-runtime-device/_deps/imgui-subbuild/build/imgui-populate.build/Debug/imgui-populate.build/Script-8E36D98E47CBB93F8650E3F9.sh (in target 'imgui-populate' from project 'imgui-populate')
    cd /Volumes/Extreme\ SSD/ps2x-i12/ios-runtime-device/_deps/imgui-subbuild
    write-file /Volumes/Extreme\ SSD/ps2x-i12/ios-runtime-device/_deps/imgui-subbuild/build/imgui-populate.build/Debug/imgui-populate.build/Script-8E36D98E47CBB93F8650E3F9.sh

WriteAuxiliaryFile /Volumes/Extreme\ SSD/ps2x-i12/ios-runtime-device/_deps/imgui-subbuild/build/imgui-populate.build/Debug/imgui-populate.build/Script-74BA4D79B35EF61B8EDAC3CA.sh (in target 'imgui-populate' from project 'imgui-populate')
    cd /Volumes/Extreme\ SSD/ps2x-i12/ios-runtime-device/_deps/imgui-subbuild
    write-file /Volumes/Extreme\ SSD/ps2x-i12/ios-runtime-device/_deps/imgui-subbuild/build/imgui-populate.build/Debug/imgui-populate.build/Script-74BA4D79B35EF61B8EDAC3CA.sh

CreateBuildDirectory /Volumes/Extreme\ SSD/ps2x-i12/ios-runtime-device/_deps/imgui-subbuild/build/EagerLinkingTBDs/Debug
    cd /Volumes/Extreme\ SSD/ps2x-i12/ios-runtime-device/_deps/imgui-subbuild/imgui-populate.xcodeproj
    builtin-create-build-directory /Volumes/Extreme\ SSD/ps2x-i12/ios-runtime-device/_deps/imgui-subbuild/build/EagerLinkingTBDs/Debug

WriteAuxiliaryFile /Volumes/Extreme\ SSD/ps2x-i12/ios-runtime-device/_deps/imgui-subbuild/build/imgui-populate.build/Debug/imgui-populate.build/Script-C7AFFBD833F64C420C6AE492.sh (in target 'imgui-populate' from project 'imgui-populate')
    cd /Volumes/Extreme\ SSD/ps2x-i12/ios-runtime-device/_deps/imgui-subbuild
    write-file /Volumes/Extreme\ SSD/ps2x-i12/ios-runtime-device/_deps/imgui-subbuild/build/imgui-populate.build/Debug/imgui-populate.build/Script-C7AFFBD833F64C420C6AE492.sh

WriteAuxiliaryFile /Volumes/Extreme\ SSD/ps2x-i12/ios-runtime-device/_deps/imgui-subbuild/build/imgui-populate.build/Debug/imgui-populate.build/Script-F25D3A3F0878B0CF52CDD138.sh (in target 'imgui-populate' from project 'imgui-populate')
    cd /Volumes/Extreme\ SSD/ps2x-i12/ios-runtime-device/_deps/imgui-subbuild
    write-file /Volumes/Extreme\ SSD/ps2x-i12/ios-runtime-device/_deps/imgui-subbuild/build/imgui-populate.build/Debug/imgui-populate.build/Script-F25D3A3F0878B0CF52CDD138.sh

WriteAuxiliaryFile /Volumes/Extreme\ SSD/ps2x-i12/ios-runtime-device/_deps/imgui-subbuild/build/imgui-populate.build/Debug/imgui-populate.build/Script-95E33FAA81A833B4DEBA7705.sh (in target 'imgui-populate' from project 'imgui-populate')
    cd /Volumes/Extreme\ SSD/ps2x-i12/ios-runtime-device/_deps/imgui-subbuild
    write-file /Volumes/Extreme\ SSD/ps2x-i12/ios-runtime-device/_deps/imgui-subbuild/build/imgui-populate.build/Debug/imgui-populate.build/Script-95E33FAA81A833B4DEBA7705.sh

WriteAuxiliaryFile /Volumes/Extreme\ SSD/ps2x-i12/ios-runtime-device/_deps/imgui-subbuild/build/imgui-populate.build/Debug/imgui-populate.build/Script-72653434F678905F2F63E3E0.sh (in target 'imgui-populate' from project 'imgui-populate')
    cd /Volumes/Extreme\ SSD/ps2x-i12/ios-runtime-device/_deps/imgui-subbuild
    write-file /Volumes/Extreme\ SSD/ps2x-i12/ios-runtime-device/_deps/imgui-subbuild/build/imgui-populate.build/Debug/imgui-populate.build/Script-72653434F678905F2F63E3E0.sh

WriteAuxiliaryFile /Volumes/Extreme\ SSD/ps2x-i12/ios-runtime-device/_deps/imgui-subbuild/build/imgui-populate.build/Debug/imgui-populate.build/Script-6727FE9BFBAB0EA452FB087B.sh (in target 'imgui-populate' from project 'imgui-populate')
    cd /Volumes/Extreme\ SSD/ps2x-i12/ios-runtime-device/_deps/imgui-subbuild
    write-file /Volumes/Extreme\ SSD/ps2x-i12/ios-runtime-device/_deps/imgui-subbuild/build/imgui-populate.build/Debug/imgui-populate.build/Script-6727FE9BFBAB0EA452FB087B.sh

WriteAuxiliaryFile /Volumes/Extreme\ SSD/ps2x-i12/ios-runtime-device/_deps/imgui-subbuild/build/imgui-populate.build/Debug/imgui-populate.build/Script-5AF5404D3EBC61EE8AD654C9.sh (in target 'imgui-populate' from project 'imgui-populate')
    cd /Volumes/Extreme\ SSD/ps2x-i12/ios-runtime-device/_deps/imgui-subbuild
    write-file /Volumes/Extreme\ SSD/ps2x-i12/ios-runtime-device/_deps/imgui-subbuild/build/imgui-populate.build/Debug/imgui-populate.build/Script-5AF5404D3EBC61EE8AD654C9.sh

WriteAuxiliaryFile /Volumes/Extreme\ SSD/ps2x-i12/ios-runtime-device/_deps/imgui-subbuild/build/imgui-populate.build/Debug/imgui-populate.build/Script-3D480FEC50DA0514D7E7B26E.sh (in target 'imgui-populate' from project 'imgui-populate')
    cd /Volumes/Extreme\ SSD/ps2x-i12/ios-runtime-device/_deps/imgui-subbuild
    write-file /Volumes/Extreme\ SSD/ps2x-i12/ios-runtime-device/_deps/imgui-subbuild/build/imgui-populate.build/Debug/imgui-populate.build/Script-3D480FEC50DA0514D7E7B26E.sh

WriteAuxiliaryFile /Volumes/Extreme\ SSD/ps2x-i12/ios-runtime-device/_deps/imgui-subbuild/build/imgui-populate.build/Debug/imgui-populate.build/Script-1FC1A40C58873DA8000F0A86.sh (in target 'imgui-populate' from project 'imgui-populate')
    cd /Volumes/Extreme\ SSD/ps2x-i12/ios-runtime-device/_deps/imgui-subbuild
    write-file /Volumes/Extreme\ SSD/ps2x-i12/ios-runtime-device/_deps/imgui-subbuild/build/imgui-populate.build/Debug/imgui-populate.build/Script-1FC1A40C58873DA8000F0A86.sh

WriteAuxiliaryFile /Volumes/Extreme\ SSD/ps2x-i12/ios-runtime-device/_deps/imgui-subbuild/build/imgui-populate.build/Debug/ZERO_CHECK.build/Script-6D296EA67AE835F4BF3AE4E5.sh (in target 'ZERO_CHECK' from project 'imgui-populate')
    cd /Volumes/Extreme\ SSD/ps2x-i12/ios-runtime-device/_deps/imgui-subbuild
    write-file /Volumes/Extreme\ SSD/ps2x-i12/ios-runtime-device/_deps/imgui-subbuild/build/imgui-populate.build/Debug/ZERO_CHECK.build/Script-6D296EA67AE835F4BF3AE4E5.sh

WriteAuxiliaryFile /Volumes/Extreme\ SSD/ps2x-i12/ios-runtime-device/_deps/imgui-subbuild/build/imgui-populate.build/Debug/ALL_BUILD.build/Script-72720006FC8F844365DF4BF3.sh (in target 'ALL_BUILD' from project 'imgui-populate')
    cd /Volumes/Extreme\ SSD/ps2x-i12/ios-runtime-device/_deps/imgui-subbuild
    write-file /Volumes/Extreme\ SSD/ps2x-i12/ios-runtime-device/_deps/imgui-subbuild/build/imgui-populate.build/Debug/ALL_BUILD.build/Script-72720006FC8F844365DF4BF3.sh

PhaseScriptExecution Generate\ CMakeFiles/ZERO_CHECK /Volumes/Extreme\ SSD/ps2x-i12/ios-runtime-device/_deps/imgui-subbuild/build/imgui-populate.build/Debug/ZERO_CHECK.build/Script-6D296EA67AE835F4BF3AE4E5.sh (in target 'ZERO_CHECK' from project 'imgui-populate')
    cd /Volumes/Extreme\ SSD/ps2x-i12/ios-runtime-device/_deps/imgui-subbuild
    /bin/sh -c /Volumes/Extreme\\\ SSD/ps2x-i12/ios-runtime-device/_deps/imgui-subbuild/build/imgui-populate.build/Debug/ZERO_CHECK.build/Script-6D296EA67AE835F4BF3AE4E5.sh
make: `/Volumes/Extreme SSD/ps2x-i12/ios-runtime-device/_deps/imgui-subbuild/CMakeFiles/cmake.check_cache' is up to date.

PhaseScriptExecution Generate\ imgui-populate-prefix/src/imgui-populate-stamp/$(CONFIGURATION)$(EFFECTIVE_PLATFORM_NAME)/imgui-populate-mkdir /Volumes/Extreme\ SSD/ps2x-i12/ios-runtime-device/_deps/imgui-subbuild/build/imgui-populate.build/Debug/imgui-populate.build/Script-5AF5404D3EBC61EE8AD654C9.sh (in target 'imgui-populate' from project 'imgui-populate')
    cd /Volumes/Extreme\ SSD/ps2x-i12/ios-runtime-device/_deps/imgui-subbuild
    /bin/sh -c /Volumes/Extreme\\\ SSD/ps2x-i12/ios-runtime-device/_deps/imgui-subbuild/build/imgui-populate.build/Debug/imgui-populate.build/Script-5AF5404D3EBC61EE8AD654C9.sh

PhaseScriptExecution Generate\ imgui-populate-prefix/src/imgui-populate-stamp/$(CONFIGURATION)$(EFFECTIVE_PLATFORM_NAME)/imgui-populate-download /Volumes/Extreme\ SSD/ps2x-i12/ios-runtime-device/_deps/imgui-subbuild/build/imgui-populate.build/Debug/imgui-populate.build/Script-3D480FEC50DA0514D7E7B26E.sh (in target 'imgui-populate' from project 'imgui-populate')
    cd /Volumes/Extreme\ SSD/ps2x-i12/ios-runtime-device/_deps/imgui-subbuild
    /bin/sh -c /Volumes/Extreme\\\ SSD/ps2x-i12/ios-runtime-device/_deps/imgui-subbuild/build/imgui-populate.build/Debug/imgui-populate.build/Script-3D480FEC50DA0514D7E7B26E.sh
Cloning into 'imgui-src'...
error: non-monotonic index .git/objects/pack/._pack-39ec666c5197d4a9ff05d30eb3795900e6f41cbd.idx
error: non-monotonic index .git/objects/pack/._pack-39ec666c5197d4a9ff05d30eb3795900e6f41cbd.idx
HEAD is now at b1bcb12 Merge branch 'master' into docking
Command PhaseScriptExecution emitted errors but did not return a nonzero exit code to indicate failure

PhaseScriptExecution Generate\ imgui-populate-prefix/src/imgui-populate-stamp/$(CONFIGURATION)$(EFFECTIVE_PLATFORM_NAME)/imgui-populate-update /Volumes/Extreme\ SSD/ps2x-i12/ios-runtime-device/_deps/imgui-subbuild/build/imgui-populate.build/Debug/imgui-populate.build/Script-1FC1A40C58873DA8000F0A86.sh (in target 'imgui-populate' from project 'imgui-populate')
    cd /Volumes/Extreme\ SSD/ps2x-i12/ios-runtime-device/_deps/imgui-subbuild
    /bin/sh -c /Volumes/Extreme\\\ SSD/ps2x-i12/ios-runtime-device/_deps/imgui-subbuild/build/imgui-populate.build/Debug/imgui-populate.build/Script-1FC1A40C58873DA8000F0A86.sh
-- Already at requested tag: v1.92.7-docking

PhaseScriptExecution Generate\ imgui-populate-prefix/src/imgui-populate-stamp/$(CONFIGURATION)$(EFFECTIVE_PLATFORM_NAME)/imgui-populate-patch /Volumes/Extreme\ SSD/ps2x-i12/ios-runtime-device/_deps/imgui-subbuild/build/imgui-populate.build/Debug/imgui-populate.build/Script-72653434F678905F2F63E3E0.sh (in target 'imgui-populate' from project 'imgui-populate')
    cd /Volumes/Extreme\ SSD/ps2x-i12/ios-runtime-device/_deps/imgui-subbuild
    /bin/sh -c /Volumes/Extreme\\\ SSD/ps2x-i12/ios-runtime-device/_deps/imgui-subbuild/build/imgui-populate.build/Debug/imgui-populate.build/Script-72653434F678905F2F63E3E0.sh

PhaseScriptExecution Generate\ imgui-populate-prefix/src/imgui-populate-stamp/$(CONFIGURATION)$(EFFECTIVE_PLATFORM_NAME)/imgui-populate-configure /Volumes/Extreme\ SSD/ps2x-i12/ios-runtime-device/_deps/imgui-subbuild/build/imgui-populate.build/Debug/imgui-populate.build/Script-6727FE9BFBAB0EA452FB087B.sh (in target 'imgui-populate' from project 'imgui-populate')
    cd /Volumes/Extreme\ SSD/ps2x-i12/ios-runtime-device/_deps/imgui-subbuild
    /bin/sh -c /Volumes/Extreme\\\ SSD/ps2x-i12/ios-runtime-device/_deps/imgui-subbuild/build/imgui-populate.build/Debug/imgui-populate.build/Script-6727FE9BFBAB0EA452FB087B.sh

PhaseScriptExecution Generate\ imgui-populate-prefix/src/imgui-populate-stamp/$(CONFIGURATION)$(EFFECTIVE_PLATFORM_NAME)/imgui-populate-build /Volumes/Extreme\ SSD/ps2x-i12/ios-runtime-device/_deps/imgui-subbuild/build/imgui-populate.build/Debug/imgui-populate.build/Script-C7AFFBD833F64C420C6AE492.sh (in target 'imgui-populate' from project 'imgui-populate')
    cd /Volumes/Extreme\ SSD/ps2x-i12/ios-runtime-device/_deps/imgui-subbuild
    /bin/sh -c /Volumes/Extreme\\\ SSD/ps2x-i12/ios-runtime-device/_deps/imgui-subbuild/build/imgui-populate.build/Debug/imgui-populate.build/Script-C7AFFBD833F64C420C6AE492.sh

PhaseScriptExecution Generate\ imgui-populate-prefix/src/imgui-populate-stamp/$(CONFIGURATION)$(EFFECTIVE_PLATFORM_NAME)/imgui-populate-install /Volumes/Extreme\ SSD/ps2x-i12/ios-runtime-device/_deps/imgui-subbuild/build/imgui-populate.build/Debug/imgui-populate.build/Script-74BA4D79B35EF61B8EDAC3CA.sh (in target 'imgui-populate' from project 'imgui-populate')
    cd /Volumes/Extreme\ SSD/ps2x-i12/ios-runtime-device/_deps/imgui-subbuild
    /bin/sh -c /Volumes/Extreme\\\ SSD/ps2x-i12/ios-runtime-device/_deps/imgui-subbuild/build/imgui-populate.build/Debug/imgui-populate.build/Script-74BA4D79B35EF61B8EDAC3CA.sh

PhaseScriptExecution Generate\ imgui-populate-prefix/src/imgui-populate-stamp/$(CONFIGURATION)$(EFFECTIVE_PLATFORM_NAME)/imgui-populate-test /Volumes/Extreme\ SSD/ps2x-i12/ios-runtime-device/_deps/imgui-subbuild/build/imgui-populate.build/Debug/imgui-populate.build/Script-F25D3A3F0878B0CF52CDD138.sh (in target 'imgui-populate' from project 'imgui-populate')
    cd /Volumes/Extreme\ SSD/ps2x-i12/ios-runtime-device/_deps/imgui-subbuild
    /bin/sh -c /Volumes/Extreme\\\ SSD/ps2x-i12/ios-runtime-device/_deps/imgui-subbuild/build/imgui-populate.build/Debug/imgui-populate.build/Script-F25D3A3F0878B0CF52CDD138.sh

PhaseScriptExecution Generate\ CMakeFiles/$(CONFIGURATION)$(EFFECTIVE_PLATFORM_NAME)/imgui-populate-complete /Volumes/Extreme\ SSD/ps2x-i12/ios-runtime-device/_deps/imgui-subbuild/build/imgui-populate.build/Debug/imgui-populate.build/Script-8E36D98E47CBB93F8650E3F9.sh (in target 'imgui-populate' from project 'imgui-populate')
    cd /Volumes/Extreme\ SSD/ps2x-i12/ios-runtime-device/_deps/imgui-subbuild
    /bin/sh -c /Volumes/Extreme\\\ SSD/ps2x-i12/ios-runtime-device/_deps/imgui-subbuild/build/imgui-populate.build/Debug/imgui-populate.build/Script-8E36D98E47CBB93F8650E3F9.sh

PhaseScriptExecution Generate\ CMakeFiles/imgui-populate /Volumes/Extreme\ SSD/ps2x-i12/ios-runtime-device/_deps/imgui-subbuild/build/imgui-populate.build/Debug/imgui-populate.build/Script-95E33FAA81A833B4DEBA7705.sh (in target 'imgui-populate' from project 'imgui-populate')
    cd /Volumes/Extreme\ SSD/ps2x-i12/ios-runtime-device/_deps/imgui-subbuild
    /bin/sh -c /Volumes/Extreme\\\ SSD/ps2x-i12/ios-runtime-device/_deps/imgui-subbuild/build/imgui-populate.build/Debug/imgui-populate.build/Script-95E33FAA81A833B4DEBA7705.sh

PhaseScriptExecution Generate\ CMakeFiles/ALL_BUILD /Volumes/Extreme\ SSD/ps2x-i12/ios-runtime-device/_deps/imgui-subbuild/build/imgui-populate.build/Debug/ALL_BUILD.build/Script-72720006FC8F844365DF4BF3.sh (in target 'ALL_BUILD' from project 'imgui-populate')
    cd /Volumes/Extreme\ SSD/ps2x-i12/ios-runtime-device/_deps/imgui-subbuild
    /bin/sh -c /Volumes/Extreme\\\ SSD/ps2x-i12/ios-runtime-device/_deps/imgui-subbuild/build/imgui-populate.build/Debug/ALL_BUILD.build/Script-72720006FC8F844365DF4BF3.sh
Build all projects

PruneExplicitPrecompiledModules /Volumes/Extreme SSD/ps2x-i12/ios-runtime-device/_deps/imgui-subbuild/build/ExplicitPrecompiledModules

PruneExplicitPrecompiledModules /Volumes/Extreme SSD/ps2x-i12/ios-runtime-device/_deps/imgui-subbuild/build/SwiftExplicitPrecompiledModules

note: Run script build phase 'Generate CMakeFiles/$(CONFIGURATION)$(EFFECTIVE_PLATFORM_NAME)/imgui-populate-complete' will be run during every build because the option to run the script phase "Based on dependency analysis" is unchecked. (in target 'imgui-populate' from project 'imgui-populate')
note: Run script build phase 'Generate CMakeFiles/imgui-populate' will be run during every build because the option to run the script phase "Based on dependency analysis" is unchecked. (in target 'imgui-populate' from project 'imgui-populate')
note: Run script build phase 'Generate imgui-populate-prefix/src/imgui-populate-stamp/$(CONFIGURATION)$(EFFECTIVE_PLATFORM_NAME)/imgui-populate-patch' will be run during every build because the option to run the script phase "Based on dependency analysis" is unchecked. (in target 'imgui-populate' from project 'imgui-populate')
note: Run script build phase 'Generate imgui-populate-prefix/src/imgui-populate-stamp/$(CONFIGURATION)$(EFFECTIVE_PLATFORM_NAME)/imgui-populate-update' will be run during every build because the option to run the script phase "Based on dependency analysis" is unchecked. (in target 'imgui-populate' from project 'imgui-populate')
note: Run script build phase 'Generate CMakeFiles/ZERO_CHECK' will be run during every build because the option to run the script phase "Based on dependency analysis" is unchecked. (in target 'ZERO_CHECK' from project 'imgui-populate')
note: Run script build phase 'Generate CMakeFiles/ALL_BUILD' will be run during every build because the option to run the script phase "Based on dependency analysis" is unchecked. (in target 'ALL_BUILD' from project 'imgui-populate')
** BUILD SUCCEEDED **

CMake Warning (author) at /opt/homebrew/share/cmake/Modules/FetchContent.cmake:1968 (message):
  Calling FetchContent_Populate(rlImGui) is deprecated, call
  FetchContent_MakeAvailable(rlImGui) instead.  Policy CMP0169 can be set to
  OLD to allow FetchContent_Populate(rlImGui) to be called directly for now,
  but the ability to call it with declared details will be removed completely
  in a future version.
Call Stack (most recent call first):
  ps2xRuntime/CMakeLists.txt:146 (FetchContent_Populate)
This warning is for project developers.  Use -Wno-author to suppress it.

-- Populating rlimgui
-- Configuring done (0.6s)
-- Generating done (0.6s)
-- Build files have been written to: /Volumes/Extreme SSD/ps2x-i12/ios-runtime-device/_deps/rlimgui-subbuild
Command line invocation:
    /Applications/Xcode.app/Contents/Developer/usr/bin/xcodebuild -project rlimgui-populate.xcodeproj build -configuration Debug -parallelizeTargets -hideShellScriptEnvironment -target ALL_BUILD

ComputePackagePrebuildTargetDependencyGraph

CreateBuildRequest

SendProjectDescription

CreateBuildOperation

ComputeTargetDependencyGraph
note: Building targets in dependency order
note: Target dependency graph (3 targets)
    Target 'ALL_BUILD' in project 'rlimgui-populate'
        ➜ Explicit dependency on target 'rlimgui-populate' in project 'rlimgui-populate'
        ➜ Explicit dependency on target 'ZERO_CHECK' in project 'rlimgui-populate'
    Target 'rlimgui-populate' in project 'rlimgui-populate'
        ➜ Explicit dependency on target 'ZERO_CHECK' in project 'rlimgui-populate'
    Target 'ZERO_CHECK' in project 'rlimgui-populate' (no dependencies)

GatherProvisioningInputs

CreateBuildDescription

ExecuteExternalTool /opt/homebrew/opt/llvm/bin/clang -v -E -dM -isysroot /Applications/Xcode.app/Contents/Developer/Platforms/MacOSX.platform/Developer/SDKs/MacOSX27.0.sdk -x c -c /dev/null

Build description signature: d3a4a23378852dcb4acd9818ab7ce685
Build description path: /Volumes/Extreme SSD/ps2x-i12/ios-runtime-device/_deps/rlimgui-subbuild/build/XCBuildData/d3a4a23378852dcb4acd9818ab7ce685.xcbuilddata
CreateBuildDirectory /Volumes/Extreme\ SSD/ps2x-i12/ios-runtime-device/_deps/rlimgui-subbuild/build
    cd /Volumes/Extreme\ SSD/ps2x-i12/ios-runtime-device/_deps/rlimgui-subbuild/rlimgui-populate.xcodeproj
    builtin-create-build-directory /Volumes/Extreme\ SSD/ps2x-i12/ios-runtime-device/_deps/rlimgui-subbuild/build

CreateBuildDirectory /var/folders/zg/v8fr50g11gg5xcmmsr57zzq00000gn/C/com.apple.DeveloperTools/27.0-27A266a/Xcode/CompilationCache.noindex
    cd /Volumes/Extreme\ SSD/ps2x-i12/ios-runtime-device/_deps/rlimgui-subbuild/rlimgui-populate.xcodeproj
    builtin-create-build-directory /var/folders/zg/v8fr50g11gg5xcmmsr57zzq00000gn/C/com.apple.DeveloperTools/27.0-27A266a/Xcode/CompilationCache.noindex

CreateBuildDirectory /Volumes/Extreme\ SSD/ps2x-i12/ios-runtime-device/_deps/rlimgui-subbuild/build/ExplicitPrecompiledModules
    cd /Volumes/Extreme\ SSD/ps2x-i12/ios-runtime-device/_deps/rlimgui-subbuild/rlimgui-populate.xcodeproj
    builtin-create-build-directory /Volumes/Extreme\ SSD/ps2x-i12/ios-runtime-device/_deps/rlimgui-subbuild/build/ExplicitPrecompiledModules

CreateBuildDirectory /Volumes/Extreme\ SSD/ps2x-i12/ios-runtime-device/_deps/rlimgui-subbuild/build/SwiftExplicitPrecompiledModules
    cd /Volumes/Extreme\ SSD/ps2x-i12/ios-runtime-device/_deps/rlimgui-subbuild/rlimgui-populate.xcodeproj
    builtin-create-build-directory /Volumes/Extreme\ SSD/ps2x-i12/ios-runtime-device/_deps/rlimgui-subbuild/build/SwiftExplicitPrecompiledModules

CreateBuildDirectory /Volumes/Extreme\ SSD/ps2x-i12/ios-runtime-device/_deps/rlimgui-subbuild/build/SharedPrecompiledHeaders
    cd /Volumes/Extreme\ SSD/ps2x-i12/ios-runtime-device/_deps/rlimgui-subbuild/rlimgui-populate.xcodeproj
    builtin-create-build-directory /Volumes/Extreme\ SSD/ps2x-i12/ios-runtime-device/_deps/rlimgui-subbuild/build/SharedPrecompiledHeaders

CreateBuildDirectory /Volumes/Extreme\ SSD/ps2x-i12/ios-runtime-device/_deps/rlimgui-subbuild/build/Debug
    cd /Volumes/Extreme\ SSD/ps2x-i12/ios-runtime-device/_deps/rlimgui-subbuild/rlimgui-populate.xcodeproj
    builtin-create-build-directory /Volumes/Extreme\ SSD/ps2x-i12/ios-runtime-device/_deps/rlimgui-subbuild/build/Debug

WriteAuxiliaryFile /Volumes/Extreme\ SSD/ps2x-i12/ios-runtime-device/_deps/rlimgui-subbuild/build/rlimgui-populate.build/Debug/rlimgui-populate.build/Script-E9D8A4A1EC5BC9F71CF2D8EC.sh (in target 'rlimgui-populate' from project 'rlimgui-populate')
    cd /Volumes/Extreme\ SSD/ps2x-i12/ios-runtime-device/_deps/rlimgui-subbuild
    write-file /Volumes/Extreme\ SSD/ps2x-i12/ios-runtime-device/_deps/rlimgui-subbuild/build/rlimgui-populate.build/Debug/rlimgui-populate.build/Script-E9D8A4A1EC5BC9F71CF2D8EC.sh

CreateBuildDirectory /Volumes/Extreme\ SSD/ps2x-i12/ios-runtime-device/_deps/rlimgui-subbuild/build/EagerLinkingTBDs/Debug
    cd /Volumes/Extreme\ SSD/ps2x-i12/ios-runtime-device/_deps/rlimgui-subbuild/rlimgui-populate.xcodeproj
    builtin-create-build-directory /Volumes/Extreme\ SSD/ps2x-i12/ios-runtime-device/_deps/rlimgui-subbuild/build/EagerLinkingTBDs/Debug

WriteAuxiliaryFile /Volumes/Extreme\ SSD/ps2x-i12/ios-runtime-device/_deps/rlimgui-subbuild/build/rlimgui-populate.build/Debug/rlimgui-populate.build/Script-F8D058202741CE27A2DA6DB3.sh (in target 'rlimgui-populate' from project 'rlimgui-populate')
    cd /Volumes/Extreme\ SSD/ps2x-i12/ios-runtime-device/_deps/rlimgui-subbuild
    write-file /Volumes/Extreme\ SSD/ps2x-i12/ios-runtime-device/_deps/rlimgui-subbuild/build/rlimgui-populate.build/Debug/rlimgui-populate.build/Script-F8D058202741CE27A2DA6DB3.sh

WriteAuxiliaryFile /Volumes/Extreme\ SSD/ps2x-i12/ios-runtime-device/_deps/rlimgui-subbuild/build/rlimgui-populate.build/Debug/rlimgui-populate.build/Script-E8B30261AE59F6E5F014710B.sh (in target 'rlimgui-populate' from project 'rlimgui-populate')
    cd /Volumes/Extreme\ SSD/ps2x-i12/ios-runtime-device/_deps/rlimgui-subbuild
    write-file /Volumes/Extreme\ SSD/ps2x-i12/ios-runtime-device/_deps/rlimgui-subbuild/build/rlimgui-populate.build/Debug/rlimgui-populate.build/Script-E8B30261AE59F6E5F014710B.sh

WriteAuxiliaryFile /Volumes/Extreme\ SSD/ps2x-i12/ios-runtime-device/_deps/rlimgui-subbuild/build/rlimgui-populate.build/Debug/ALL_BUILD.build/Script-08670BF0E25D5E4314C0D67F.sh (in target 'ALL_BUILD' from project 'rlimgui-populate')
    cd /Volumes/Extreme\ SSD/ps2x-i12/ios-runtime-device/_deps/rlimgui-subbuild
    write-file /Volumes/Extreme\ SSD/ps2x-i12/ios-runtime-device/_deps/rlimgui-subbuild/build/rlimgui-populate.build/Debug/ALL_BUILD.build/Script-08670BF0E25D5E4314C0D67F.sh

WriteAuxiliaryFile /Volumes/Extreme\ SSD/ps2x-i12/ios-runtime-device/_deps/rlimgui-subbuild/build/rlimgui-populate.build/Debug/ZERO_CHECK.build/Script-62385A320EDC7307E036B560.sh (in target 'ZERO_CHECK' from project 'rlimgui-populate')
    cd /Volumes/Extreme\ SSD/ps2x-i12/ios-runtime-device/_deps/rlimgui-subbuild
    write-file /Volumes/Extreme\ SSD/ps2x-i12/ios-runtime-device/_deps/rlimgui-subbuild/build/rlimgui-populate.build/Debug/ZERO_CHECK.build/Script-62385A320EDC7307E036B560.sh

WriteAuxiliaryFile /Volumes/Extreme\ SSD/ps2x-i12/ios-runtime-device/_deps/rlimgui-subbuild/build/rlimgui-populate.build/Debug/rlimgui-populate.build/Script-BB89416CA551A0D6BDDD106E.sh (in target 'rlimgui-populate' from project 'rlimgui-populate')
    cd /Volumes/Extreme\ SSD/ps2x-i12/ios-runtime-device/_deps/rlimgui-subbuild
    write-file /Volumes/Extreme\ SSD/ps2x-i12/ios-runtime-device/_deps/rlimgui-subbuild/build/rlimgui-populate.build/Debug/rlimgui-populate.build/Script-BB89416CA551A0D6BDDD106E.sh

WriteAuxiliaryFile /Volumes/Extreme\ SSD/ps2x-i12/ios-runtime-device/_deps/rlimgui-subbuild/build/rlimgui-populate.build/Debug/rlimgui-populate.build/Script-90473E788839EA6C8A26E698.sh (in target 'rlimgui-populate' from project 'rlimgui-populate')
    cd /Volumes/Extreme\ SSD/ps2x-i12/ios-runtime-device/_deps/rlimgui-subbuild
    write-file /Volumes/Extreme\ SSD/ps2x-i12/ios-runtime-device/_deps/rlimgui-subbuild/build/rlimgui-populate.build/Debug/rlimgui-populate.build/Script-90473E788839EA6C8A26E698.sh

WriteAuxiliaryFile /Volumes/Extreme\ SSD/ps2x-i12/ios-runtime-device/_deps/rlimgui-subbuild/build/rlimgui-populate.build/Debug/rlimgui-populate.build/Script-6DA611917DDD46A4D920C7EC.sh (in target 'rlimgui-populate' from project 'rlimgui-populate')
    cd /Volumes/Extreme\ SSD/ps2x-i12/ios-runtime-device/_deps/rlimgui-subbuild
    write-file /Volumes/Extreme\ SSD/ps2x-i12/ios-runtime-device/_deps/rlimgui-subbuild/build/rlimgui-populate.build/Debug/rlimgui-populate.build/Script-6DA611917DDD46A4D920C7EC.sh

WriteAuxiliaryFile /Volumes/Extreme\ SSD/ps2x-i12/ios-runtime-device/_deps/rlimgui-subbuild/build/rlimgui-populate.build/Debug/rlimgui-populate.build/Script-66E3DE4804F64A18D437EFD6.sh (in target 'rlimgui-populate' from project 'rlimgui-populate')
    cd /Volumes/Extreme\ SSD/ps2x-i12/ios-runtime-device/_deps/rlimgui-subbuild
    write-file /Volumes/Extreme\ SSD/ps2x-i12/ios-runtime-device/_deps/rlimgui-subbuild/build/rlimgui-populate.build/Debug/rlimgui-populate.build/Script-66E3DE4804F64A18D437EFD6.sh

WriteAuxiliaryFile /Volumes/Extreme\ SSD/ps2x-i12/ios-runtime-device/_deps/rlimgui-subbuild/build/rlimgui-populate.build/Debug/rlimgui-populate.build/Script-4562334A852206CA36A1DC5A.sh (in target 'rlimgui-populate' from project 'rlimgui-populate')
    cd /Volumes/Extreme\ SSD/ps2x-i12/ios-runtime-device/_deps/rlimgui-subbuild
    write-file /Volumes/Extreme\ SSD/ps2x-i12/ios-runtime-device/_deps/rlimgui-subbuild/build/rlimgui-populate.build/Debug/rlimgui-populate.build/Script-4562334A852206CA36A1DC5A.sh

WriteAuxiliaryFile /Volumes/Extreme\ SSD/ps2x-i12/ios-runtime-device/_deps/rlimgui-subbuild/build/rlimgui-populate.build/Debug/rlimgui-populate.build/Script-36F91B0383BC0BD86BD75757.sh (in target 'rlimgui-populate' from project 'rlimgui-populate')
    cd /Volumes/Extreme\ SSD/ps2x-i12/ios-runtime-device/_deps/rlimgui-subbuild
    write-file /Volumes/Extreme\ SSD/ps2x-i12/ios-runtime-device/_deps/rlimgui-subbuild/build/rlimgui-populate.build/Debug/rlimgui-populate.build/Script-36F91B0383BC0BD86BD75757.sh

WriteAuxiliaryFile /Volumes/Extreme\ SSD/ps2x-i12/ios-runtime-device/_deps/rlimgui-subbuild/build/rlimgui-populate.build/Debug/rlimgui-populate.build/Script-29F448DE1FC1C776D4EE4B31.sh (in target 'rlimgui-populate' from project 'rlimgui-populate')
    cd /Volumes/Extreme\ SSD/ps2x-i12/ios-runtime-device/_deps/rlimgui-subbuild
    write-file /Volumes/Extreme\ SSD/ps2x-i12/ios-runtime-device/_deps/rlimgui-subbuild/build/rlimgui-populate.build/Debug/rlimgui-populate.build/Script-29F448DE1FC1C776D4EE4B31.sh

PhaseScriptExecution Generate\ CMakeFiles/ZERO_CHECK /Volumes/Extreme\ SSD/ps2x-i12/ios-runtime-device/_deps/rlimgui-subbuild/build/rlimgui-populate.build/Debug/ZERO_CHECK.build/Script-62385A320EDC7307E036B560.sh (in target 'ZERO_CHECK' from project 'rlimgui-populate')
    cd /Volumes/Extreme\ SSD/ps2x-i12/ios-runtime-device/_deps/rlimgui-subbuild
    /bin/sh -c /Volumes/Extreme\\\ SSD/ps2x-i12/ios-runtime-device/_deps/rlimgui-subbuild/build/rlimgui-populate.build/Debug/ZERO_CHECK.build/Script-62385A320EDC7307E036B560.sh
make: `/Volumes/Extreme SSD/ps2x-i12/ios-runtime-device/_deps/rlimgui-subbuild/CMakeFiles/cmake.check_cache' is up to date.

PhaseScriptExecution Generate\ rlimgui-populate-prefix/src/rlimgui-populate-stamp/$(CONFIGURATION)$(EFFECTIVE_PLATFORM_NAME)/rlimgui-populate-mkdir /Volumes/Extreme\ SSD/ps2x-i12/ios-runtime-device/_deps/rlimgui-subbuild/build/rlimgui-populate.build/Debug/rlimgui-populate.build/Script-F8D058202741CE27A2DA6DB3.sh (in target 'rlimgui-populate' from project 'rlimgui-populate')
    cd /Volumes/Extreme\ SSD/ps2x-i12/ios-runtime-device/_deps/rlimgui-subbuild
    /bin/sh -c /Volumes/Extreme\\\ SSD/ps2x-i12/ios-runtime-device/_deps/rlimgui-subbuild/build/rlimgui-populate.build/Debug/rlimgui-populate.build/Script-F8D058202741CE27A2DA6DB3.sh

PhaseScriptExecution Generate\ rlimgui-populate-prefix/src/rlimgui-populate-stamp/$(CONFIGURATION)$(EFFECTIVE_PLATFORM_NAME)/rlimgui-populate-download /Volumes/Extreme\ SSD/ps2x-i12/ios-runtime-device/_deps/rlimgui-subbuild/build/rlimgui-populate.build/Debug/rlimgui-populate.build/Script-4562334A852206CA36A1DC5A.sh (in target 'rlimgui-populate' from project 'rlimgui-populate')
    cd /Volumes/Extreme\ SSD/ps2x-i12/ios-runtime-device/_deps/rlimgui-subbuild
    /bin/sh -c /Volumes/Extreme\\\ SSD/ps2x-i12/ios-runtime-device/_deps/rlimgui-subbuild/build/rlimgui-populate.build/Debug/rlimgui-populate.build/Script-4562334A852206CA36A1DC5A.sh
Cloning into 'rlimgui-src'...
error: non-monotonic index .git/objects/pack/._pack-907f41e02a69b2781e20040a69ba8dece28b3913.idx
error: non-monotonic index .git/objects/pack/._pack-907f41e02a69b2781e20040a69ba8dece28b3913.idx
HEAD is now at 118221c Update headings in README.md for consistency
Command PhaseScriptExecution emitted errors but did not return a nonzero exit code to indicate failure

PhaseScriptExecution Generate\ rlimgui-populate-prefix/src/rlimgui-populate-stamp/$(CONFIGURATION)$(EFFECTIVE_PLATFORM_NAME)/rlimgui-populate-update /Volumes/Extreme\ SSD/ps2x-i12/ios-runtime-device/_deps/rlimgui-subbuild/build/rlimgui-populate.build/Debug/rlimgui-populate.build/Script-6DA611917DDD46A4D920C7EC.sh (in target 'rlimgui-populate' from project 'rlimgui-populate')
    cd /Volumes/Extreme\ SSD/ps2x-i12/ios-runtime-device/_deps/rlimgui-subbuild
    /bin/sh -c /Volumes/Extreme\\\ SSD/ps2x-i12/ios-runtime-device/_deps/rlimgui-subbuild/build/rlimgui-populate.build/Debug/rlimgui-populate.build/Script-6DA611917DDD46A4D920C7EC.sh
-- Already at requested tag: Raylib_5_5

PhaseScriptExecution Generate\ rlimgui-populate-prefix/src/rlimgui-populate-stamp/$(CONFIGURATION)$(EFFECTIVE_PLATFORM_NAME)/rlimgui-populate-patch /Volumes/Extreme\ SSD/ps2x-i12/ios-runtime-device/_deps/rlimgui-subbuild/build/rlimgui-populate.build/Debug/rlimgui-populate.build/Script-66E3DE4804F64A18D437EFD6.sh (in target 'rlimgui-populate' from project 'rlimgui-populate')
    cd /Volumes/Extreme\ SSD/ps2x-i12/ios-runtime-device/_deps/rlimgui-subbuild
    /bin/sh -c /Volumes/Extreme\\\ SSD/ps2x-i12/ios-runtime-device/_deps/rlimgui-subbuild/build/rlimgui-populate.build/Debug/rlimgui-populate.build/Script-66E3DE4804F64A18D437EFD6.sh

PhaseScriptExecution Generate\ rlimgui-populate-prefix/src/rlimgui-populate-stamp/$(CONFIGURATION)$(EFFECTIVE_PLATFORM_NAME)/rlimgui-populate-configure /Volumes/Extreme\ SSD/ps2x-i12/ios-runtime-device/_deps/rlimgui-subbuild/build/rlimgui-populate.build/Debug/rlimgui-populate.build/Script-36F91B0383BC0BD86BD75757.sh (in target 'rlimgui-populate' from project 'rlimgui-populate')
    cd /Volumes/Extreme\ SSD/ps2x-i12/ios-runtime-device/_deps/rlimgui-subbuild
    /bin/sh -c /Volumes/Extreme\\\ SSD/ps2x-i12/ios-runtime-device/_deps/rlimgui-subbuild/build/rlimgui-populate.build/Debug/rlimgui-populate.build/Script-36F91B0383BC0BD86BD75757.sh

PhaseScriptExecution Generate\ rlimgui-populate-prefix/src/rlimgui-populate-stamp/$(CONFIGURATION)$(EFFECTIVE_PLATFORM_NAME)/rlimgui-populate-build /Volumes/Extreme\ SSD/ps2x-i12/ios-runtime-device/_deps/rlimgui-subbuild/build/rlimgui-populate.build/Debug/rlimgui-populate.build/Script-29F448DE1FC1C776D4EE4B31.sh (in target 'rlimgui-populate' from project 'rlimgui-populate')
    cd /Volumes/Extreme\ SSD/ps2x-i12/ios-runtime-device/_deps/rlimgui-subbuild
    /bin/sh -c /Volumes/Extreme\\\ SSD/ps2x-i12/ios-runtime-device/_deps/rlimgui-subbuild/build/rlimgui-populate.build/Debug/rlimgui-populate.build/Script-29F448DE1FC1C776D4EE4B31.sh

PhaseScriptExecution Generate\ rlimgui-populate-prefix/src/rlimgui-populate-stamp/$(CONFIGURATION)$(EFFECTIVE_PLATFORM_NAME)/rlimgui-populate-install /Volumes/Extreme\ SSD/ps2x-i12/ios-runtime-device/_deps/rlimgui-subbuild/build/rlimgui-populate.build/Debug/rlimgui-populate.build/Script-BB89416CA551A0D6BDDD106E.sh (in target 'rlimgui-populate' from project 'rlimgui-populate')
    cd /Volumes/Extreme\ SSD/ps2x-i12/ios-runtime-device/_deps/rlimgui-subbuild
    /bin/sh -c /Volumes/Extreme\\\ SSD/ps2x-i12/ios-runtime-device/_deps/rlimgui-subbuild/build/rlimgui-populate.build/Debug/rlimgui-populate.build/Script-BB89416CA551A0D6BDDD106E.sh

PhaseScriptExecution Generate\ rlimgui-populate-prefix/src/rlimgui-populate-stamp/$(CONFIGURATION)$(EFFECTIVE_PLATFORM_NAME)/rlimgui-populate-test /Volumes/Extreme\ SSD/ps2x-i12/ios-runtime-device/_deps/rlimgui-subbuild/build/rlimgui-populate.build/Debug/rlimgui-populate.build/Script-90473E788839EA6C8A26E698.sh (in target 'rlimgui-populate' from project 'rlimgui-populate')
    cd /Volumes/Extreme\ SSD/ps2x-i12/ios-runtime-device/_deps/rlimgui-subbuild
    /bin/sh -c /Volumes/Extreme\\\ SSD/ps2x-i12/ios-runtime-device/_deps/rlimgui-subbuild/build/rlimgui-populate.build/Debug/rlimgui-populate.build/Script-90473E788839EA6C8A26E698.sh

PhaseScriptExecution Generate\ CMakeFiles/$(CONFIGURATION)$(EFFECTIVE_PLATFORM_NAME)/rlimgui-populate-complete /Volumes/Extreme\ SSD/ps2x-i12/ios-runtime-device/_deps/rlimgui-subbuild/build/rlimgui-populate.build/Debug/rlimgui-populate.build/Script-E9D8A4A1EC5BC9F71CF2D8EC.sh (in target 'rlimgui-populate' from project 'rlimgui-populate')
    cd /Volumes/Extreme\ SSD/ps2x-i12/ios-runtime-device/_deps/rlimgui-subbuild
    /bin/sh -c /Volumes/Extreme\\\ SSD/ps2x-i12/ios-runtime-device/_deps/rlimgui-subbuild/build/rlimgui-populate.build/Debug/rlimgui-populate.build/Script-E9D8A4A1EC5BC9F71CF2D8EC.sh

PhaseScriptExecution Generate\ CMakeFiles/rlimgui-populate /Volumes/Extreme\ SSD/ps2x-i12/ios-runtime-device/_deps/rlimgui-subbuild/build/rlimgui-populate.build/Debug/rlimgui-populate.build/Script-E8B30261AE59F6E5F014710B.sh (in target 'rlimgui-populate' from project 'rlimgui-populate')
    cd /Volumes/Extreme\ SSD/ps2x-i12/ios-runtime-device/_deps/rlimgui-subbuild
    /bin/sh -c /Volumes/Extreme\\\ SSD/ps2x-i12/ios-runtime-device/_deps/rlimgui-subbuild/build/rlimgui-populate.build/Debug/rlimgui-populate.build/Script-E8B30261AE59F6E5F014710B.sh

PhaseScriptExecution Generate\ CMakeFiles/ALL_BUILD /Volumes/Extreme\ SSD/ps2x-i12/ios-runtime-device/_deps/rlimgui-subbuild/build/rlimgui-populate.build/Debug/ALL_BUILD.build/Script-08670BF0E25D5E4314C0D67F.sh (in target 'ALL_BUILD' from project 'rlimgui-populate')
    cd /Volumes/Extreme\ SSD/ps2x-i12/ios-runtime-device/_deps/rlimgui-subbuild
    /bin/sh -c /Volumes/Extreme\\\ SSD/ps2x-i12/ios-runtime-device/_deps/rlimgui-subbuild/build/rlimgui-populate.build/Debug/ALL_BUILD.build/Script-08670BF0E25D5E4314C0D67F.sh
Build all projects

PruneExplicitPrecompiledModules /Volumes/Extreme SSD/ps2x-i12/ios-runtime-device/_deps/rlimgui-subbuild/build/ExplicitPrecompiledModules

PruneExplicitPrecompiledModules /Volumes/Extreme SSD/ps2x-i12/ios-runtime-device/_deps/rlimgui-subbuild/build/SwiftExplicitPrecompiledModules

note: Run script build phase 'Generate rlimgui-populate-prefix/src/rlimgui-populate-stamp/$(CONFIGURATION)$(EFFECTIVE_PLATFORM_NAME)/rlimgui-populate-patch' will be run during every build because the option to run the script phase "Based on dependency analysis" is unchecked. (in target 'rlimgui-populate' from project 'rlimgui-populate')
note: Run script build phase 'Generate rlimgui-populate-prefix/src/rlimgui-populate-stamp/$(CONFIGURATION)$(EFFECTIVE_PLATFORM_NAME)/rlimgui-populate-update' will be run during every build because the option to run the script phase "Based on dependency analysis" is unchecked. (in target 'rlimgui-populate' from project 'rlimgui-populate')
note: Run script build phase 'Generate CMakeFiles/$(CONFIGURATION)$(EFFECTIVE_PLATFORM_NAME)/rlimgui-populate-complete' will be run during every build because the option to run the script phase "Based on dependency analysis" is unchecked. (in target 'rlimgui-populate' from project 'rlimgui-populate')
note: Run script build phase 'Generate CMakeFiles/rlimgui-populate' will be run during every build because the option to run the script phase "Based on dependency analysis" is unchecked. (in target 'rlimgui-populate' from project 'rlimgui-populate')
note: Run script build phase 'Generate CMakeFiles/ALL_BUILD' will be run during every build because the option to run the script phase "Based on dependency analysis" is unchecked. (in target 'ALL_BUILD' from project 'rlimgui-populate')
note: Run script build phase 'Generate CMakeFiles/ZERO_CHECK' will be run during every build because the option to run the script phase "Based on dependency analysis" is unchecked. (in target 'ZERO_CHECK' from project 'rlimgui-populate')
** BUILD SUCCEEDED **

-- FFmpeg disabled; MPEG video decode falls back to stub frames
-- PS2X: game objects: 9449 sources from /Volumes/Extreme SSD/ps2x-i12/codegen-output
-- Configuring done (63.5s)
-- Generating done (19.5s)
-- Build files have been written to: /Volumes/Extreme SSD/ps2x-i12/ios-runtime-device
