REF_CHECK:mean=0.0000 p99=0 max=0 npix=224000 mode=PPM
REFMENU_CHECK:mean=0.0000 p99=0 max=0 npix=1310720 mode=PPM
REFSC_CHECK:mean=0.0000 p99=0 max=0 npix=1310720 mode=PPM
REFZC_CHECK:mean=0.0000 p99=0 max=0 npix=1310720 mode=PPM
REFSP_CHECK:mean=0.0000 p99=0 max=0 npix=1310720 mode=PPM
REFSM_CHECK:mean=0.0000 p99=0 max=0 npix=1310720 mode=PPM
REFSE_CHECK:mean=0.0000 p99=0 max=0 npix=1310720 mode=PPM
REFSETAG_CHECK:mean=0.0000 p99=0 max=0 npix=10150 mode=PPM
REFMR_CHECK:mean=0.0000 p99=0 max=0 npix=1310720 mode=PPM
REFPP_CHECK:mean=0.0000 p99=0 max=0 npix=1310720 mode=PPM
SELF_TEST mean=0.0000 p99=0
SELF_WHOLE=0.0000
SELF_MENU mean=0.0000 p99=0
SELF_SC mean=0.0000 p99=0
SELF_ZC mean=0.0000 p99=0
SELF_SP mean=0.0000 p99=0
SELF_SM mean=0.0000 p99=0
SELF_SE mean=0.0000 p99=0
SELF_SETAG mean=0.0000 p99=0
SELF_MR mean=0.0000 p99=0
SELF_PP mean=0.0000 p99=0
START_SCORE mean=38.1371 p99=191 MENU_T+:97
ATTEMPT_1 BEGIN MENU_T+:97
ATTEMPT_1 now score mean=26.9623 p99=156
ATTEMPT_1 on attract (non-title) -> Cross attract-skip
A1_CROSS_KEYDOWN_WALL:1789983873.392925952 UPTIME:192 MENU_T+:98
A1_CROSS_HELD_WALL:1789983873.411108245 UPTIME:192
A1_CROSS_KEYUP_WALL:1789983873.928142977 UPTIME:193 MENU_T+:98
ATTEMPT_1 poll01 score mean=0.4337 p99=6 MENU_T+:101
ATTEMPT_1 TITLE-DETECTED at poll01
A1_START_KEYDOWN_WALL:1789983876.667800203 UPTIME:195 MENU_T+:101
A1_START_HELD_WALL:1789983876.686085145 UPTIME:195
A1_START_KEYUP_WALL:1789983877.203289356 UPTIME:196 MENU_T+:102
ATTEMPT_1 post+3 score mean=16.2553 p99=139 MENU_T+:105
ATTEMPT_1 post+8 score mean=16.2958 p99=139
ATTEMPT_1 post+15 score mean=16.2610 p99=139
ATTEMPT_1 post+25 score mean=16.2610 p99=139
ATTEMPT_1 whole815=0.0366 whole1525=0.0168
ATTEMPT_1 post25-vs-menu mean=0.3002 p99=5
ATTEMPT_1 MENU-LIKE (non-title + static) -> park for menu Cross
MENUPRE vs-menu mean=0.2872 p99=5 MENU_T+:140
MENUPRE vs-title mean=16.2610 p99=139
MENU_CROSS_KEYDOWN_WALL:1789983915.823259363 UPTIME:235 MENU_T+:140
MENU_CROSS_HELD_WALL:1789983915.841510439 UPTIME:235
MENU_CROSS_KEYUP_WALL:1789983916.358483181 UPTIME:235 MENU_T+:141
MC post+1 titleband mean=12.5493 p99=164 vs-menu mean=10.2176 p99=106 vs-sc mean=0.4988 p99=8 MENU_T+:145
MC post+3 titleband mean=12.5553 p99=164 vs-menu mean=10.2268 p99=107 vs-sc mean=0.5168 p99=8
MC post+8 titleband mean=12.5380 p99=164 vs-menu mean=10.2223 p99=105 vs-sc mean=0.5952 p99=9
MC post+15 titleband mean=12.5352 p99=164 vs-menu mean=10.2011 p99=105 vs-sc mean=0.4485 p99=7
MC hops whole: pre-post1=10.1223 p1-p3=0.0866 p3-p8=0.2460 p8-p15=0.2074
SC-LIKE (non-menu + static) -> park for Zoe Cross
SCPRE vs-sc mean=0.4868 p99=8 MENU_T+:179
SCPRE vs-menu mean=10.1777 p99=105
SCPRE vs-title mean=12.6464 p99=164
ZOE_CROSS_KEYDOWN_WALL:1789983955.849096475 UPTIME:275 MENU_T+:180
ZOE_CROSS_HELD_WALL:1789983955.867284500 UPTIME:275
ZOE_CROSS_KEYUP_WALL:1789983956.384343994 UPTIME:275 MENU_T+:181
ZC post+1 titleband mean=15.8601 p99=128 vs-sc mean=7.2058 p99=98 vs-zc mean=0.5155 p99=9 MENU_T+:185
ZC post+3 titleband mean=15.8269 p99=128 vs-sc mean=7.2712 p99=100 vs-zc mean=0.4582 p99=8
ZC post+8 titleband mean=15.8525 p99=128 vs-sc mean=7.1668 p99=100 vs-zc mean=0.4574 p99=8
ZC hops whole: pre-post1=7.1347 p1-p3=0.2643 p3-p8=0.2509
ZC-LIKE (departed + non-SC + static) -> park for Continue Cross
CCPRE vs-zc mean=0.4544 p99=8 MENU_T+:207
CCPRE vs-sc mean=7.2929 p99=101
CCPRE vs-title mean=15.8299 p99=128
CONT_CROSS_KEYDOWN_WALL:1789983984.585584342 UPTIME:303 MENU_T+:209
CONT_CROSS_HELD_WALL:1789983984.603590026 UPTIME:303
CONT_CROSS_KEYUP_WALL:1789983985.120617030 UPTIME:304 MENU_T+:210
SP post+1 titleband mean=23.1294 p99=171 vs-zc mean=9.4684 p99=154 vs-sp mean=0.3729 p99=6 MENU_T+:213
SP post+3 titleband mean=23.1278 p99=171 vs-zc mean=9.4708 p99=154 vs-sp mean=0.3765 p99=6
SP post+8 titleband mean=23.1290 p99=171 vs-zc mean=9.4545 p99=154 vs-sp mean=0.3563 p99=5
SP hops whole: pre-post1=9.3271 p1-p3=0.0437 p3-p8=0.0241
SP-LIKE (departed + non-ZC + static) -> park for Peak Cross
SPPRE vs-sp mean=0.3930 p99=6 MENU_T+:236
SPPRE vs-zc mean=9.4616 p99=154
SPPRE vs-title mean=23.1279 p99=171
PEAK_CROSS_KEYDOWN_WALL:1789984013.282847508 UPTIME:332 MENU_T+:238
PEAK_CROSS_HELD_WALL:1789984013.300963967 UPTIME:332
PEAK_CROSS_KEYUP_WALL:1789984013.818006961 UPTIME:333 MENU_T+:238
PC post+1 titleband mean=26.3170 p99=183 vs-sp mean=5.3585 p99=121 vs-sm mean=0.3947 p99=6 MENU_T+:242
PC post+3 titleband mean=26.3170 p99=183 vs-sp mean=5.3495 p99=121 vs-sm mean=0.3898 p99=6
PC post+8 titleband mean=26.3040 p99=183 vs-sp mean=5.3663 p99=121 vs-sm mean=0.4068 p99=6
PC hops whole: pre-post1=5.2043 p1-p3=0.0167 p3-p8=0.0260
SM-LIKE (departed + non-SP + static) -> park for Race Cross
SMPRE vs-sm mean=0.3905 p99=6 MENU_T+:265
SMPRE se-tag mean=14.3278 p99=89
SMPRE vs-sp mean=5.3502 p99=121
SMPRE vs-title mean=26.3170 p99=183
RACE_CROSS_KEYDOWN_WALL:1789984042.535778086 UPTIME:361 MENU_T+:267
RACE_CROSS_HELD_WALL:1789984042.554240739 UPTIME:361
RACE_CROSS_KEYUP_WALL:1789984043.071092956 UPTIME:362 MENU_T+:268
RC post+1 titleband mean=26.2104 p99=183 vs-sm mean=0.8076 p99=11 se-tag mean=2.6271 p99=11 MENU_T+:271
RC post+3 titleband mean=26.2116 p99=183 vs-sm mean=0.8075 p99=11 se-tag mean=2.6271 p99=11
RC post+8 titleband mean=26.2104 p99=183 vs-sm mean=0.8795 p99=15 se-tag mean=2.6271 p99=11 vs-sp mean=5.5200 p99=121 vs-se mean=0.4581 p99=7
RC hops whole: pre-post1=0.4551 p1-p3=0.0007 p3-p8=0.0789
SE-LIKE (static + non-SP + se-tag) -> park for SnowJam Cross
SEPRE se-tag mean=2.6294 p99=11 MENU_T+:295
SEPRE vs-se mean=0.4065 p99=6
SEPRE vs-sm mean=0.8108 p99=11
SEPRE vs-sp mean=5.4506 p99=121
SEPRE vs-title mean=26.2104 p99=183
SNOWJAM_CROSS_KEYDOWN_WALL:1789984073.586562087 UPTIME:392 MENU_T+:298
SNOWJAM_CROSS_HELD_WALL:1789984073.605216632 UPTIME:392
SNOWJAM_CROSS_KEYUP_WALL:1789984074.123800454 UPTIME:393 MENU_T+:299
SJ post+1 titleband mean=9.8238 p99=136 vs-se mean=10.6628 p99=143 vs-mr mean=0.4297 p99=7 MENU_T+:302
SJ post+3 titleband mean=9.8393 p99=137 vs-se mean=10.6410 p99=143 vs-mr mean=0.4075 p99=7
SJ post+8 titleband mean=9.8388 p99=136 vs-se mean=10.6858 p99=143 vs-mr mean=0.4571 p99=8
SJ hops whole: pre-post1=10.5766 p1-p3=0.0549 p3-p8=0.0843
MR-LIKE (departed + non-SE + static) -> park for Enter Cross
MRPRE vs-mr mean=0.4001 p99=7 MENU_T+:325
MRPRE vs-se mean=10.6337 p99=143
MRPRE vs-title mean=9.8393 p99=137
ENTER_CROSS_KEYDOWN_WALL:1789984102.204826727 UPTIME:421 MENU_T+:327
ENTER_CROSS_HELD_WALL:1789984102.223332037 UPTIME:421
ENTER_CROSS_KEYUP_WALL:1789984102.740411381 UPTIME:422 MENU_T+:327
MR post+1 titleband mean=17.2673 p99=169 vs-mr mean=12.4891 p99=148 vs-pp mean=21.0725 p99=169 MENU_T+:331
MR post+3 titleband mean=17.4772 p99=173 vs-mr mean=12.4064 p99=147 vs-pp mean=21.0345 p99=168
MR post+8 titleband mean=28.8763 p99=237 vs-mr mean=20.1312 p99=198 vs-pp mean=19.5917 p99=190
MR post+15 titleband mean=34.4953 p99=184 vs-mr mean=19.6156 p99=153 vs-pp mean=0.5124 p99=7
MR post+25 titleband mean=34.5024 p99=184 vs-mr mean=19.5895 p99=153 vs-pp mean=0.4925 p99=7
MR post+40 titleband mean=34.4950 p99=184 vs-mr mean=19.3008 p99=153 vs-pp mean=0.7871 p99=17
MR hops whole: pre-post1=12.4575 p1-p3=1.2383 p3-p8=25.3249 p8-p15=19.5694 p15-p25=0.0515 p25-p40=0.3411
MR_STAB1 titleband mean=34.5039 p99=184 vs-mr mean=19.5804 p99=153 vs-pp mean=0.4958 p99=7 MENU_T+:407
MR_STAB2 titleband mean=34.4952 p99=184 vs-mr mean=19.5326 p99=153 vs-pp mean=0.5245 p99=7 MENU_T+:419
MR panel hops whole: post40-stab1=0.3390 stab1-stab2=0.0710
PP-LIKE (departed + static x3 + non-MR) -> park for X-Continue Cross
PPPRE vs-pp mean=0.5885 p99=8 MENU_T+:430
PPPRE vs-mr mean=19.4784 p99=153
PPPRE vs-title mean=34.4976 p99=184
XCROSS_KEYDOWN_WALL:1789984207.239970237 UPTIME:526 MENU_T+:432
XCROSS_HELD_WALL:1789984207.258767687 UPTIME:526
XCROSS_KEYUP_WALL:1789984207.776664496 UPTIME:527 MENU_T+:432
X post+1 titleband mean=19.5860 p99=174 vs-pp mean=14.5112 p99=153 MENU_T+:435
X post+3 titleband mean=22.1596 p99=141 vs-pp mean=16.3410 p99=147
X post+8 titleband mean=12.2919 p99=136 vs-pp mean=21.6005 p99=181
X post+15 titleband mean=13.7103 p99=132 vs-pp mean=25.0997 p99=185
X post+25 titleband mean=18.7828 p99=147 vs-pp mean=18.1437 p99=167
X post+40 titleband mean=17.9589 p99=131 vs-pp mean=16.9189 p99=134
X hops whole: pre-post1=14.3810 p1-p3=13.6861 p3-p8=13.1088 p8-p15=11.2681 p15-p25=14.9953 p25-p40=11.3331
LIVE-LIKE (departed + non-panel + motion x2) -> pre-hold snap + ONE steering hold
NPRE1 vs-pp mean=18.9602 p99=157 MENU_T+:499
NPRE1 vs-title mean=24.5573 p99=147
NPRE2 vs-pp mean=15.6021 p99=144 MENU_T+:503
NPRE2 vs-title mean=19.0236 p99=124
HOLD_LEFT_KEYDOWN_WALL:1789984279.543735553 UPTIME:598 MENU_T+:504
HOLD_LEFT_HELD_WALL:1789984279.562862384 UPTIME:598
HOLD_LEFT_KEYUP_WALL:1789984280.581059351 UPTIME:599 MENU_T+:505
D post+1 titleband mean=26.5669 p99=133 vs-pp mean=14.4634 p99=135 MENU_T+:508
D post+2 titleband mean=15.0358 p99=120 vs-pp mean=20.9066 p99=160
D post+3 titleband mean=25.0102 p99=154 vs-pp mean=25.0953 p99=201
D post+4 titleband mean=26.3227 p99=187 vs-pp mean=12.4751 p99=137
D post+5 titleband mean=35.8602 p99=185 vs-pp mean=20.8309 p99=194
D post+6 titleband mean=26.5317 p99=133 vs-pp mean=18.1371 p99=156
D post+7 titleband mean=30.5878 p99=165 vs-pp mean=14.3542 p99=148
D post+8 titleband mean=13.3206 p99=134 vs-pp mean=22.7056 p99=162
D post+9 titleband mean=12.9228 p99=167 vs-pp mean=26.1296 p99=203
D post+10 titleband mean=15.0848 p99=112 vs-pp mean=15.8695 p99=136
D hops whole: pre1-pre2=13.8183 pre2-d1=11.3079 d1-d2=15.1523 d2-d3=13.3064 d3-d4=22.3273 d4-d5=21.8580 d5-d6=12.7979 d6-d7=11.3124 d7-d8=15.1284 d8-d9=10.0479 d9-d10=14.9198
