[08:29:58] PRE lease="FS2 2026-09-26T12:26:57Z" keyguard="showing=false" battery=100% ac=true pid0=none
[08:29:58] PRE device-env=090cc981e9f97c9c6007b64e90afaba7ff0b495eae7ede6423bfca826fae29fe mc0-test='' mc0-bad=[]
[08:29:58] APK local sha x2 838c2d4d341715192c956b42c3df5b0154b947b9269039e37a96aea396ab5d89 838c2d4d341715192c956b42c3df5b0154b947b9269039e37a96aea396ab5d89
[08:30:01] INSTALL Performing Streamed Install Success
[08:30:02] INSTALLED /data/app/~~Q7Ulgc-D7-xeKTMiN1d6Pg==/com.ps2x.runner-Nzt5v1pGaIUa6tbXlup4Jw==/base.apk sha=838c2d4d341715192c956b42c3df5b0154b947b9269039e37a96aea396ab5d89 match=True
[08:30:02] ENV 3d18cad3c935e3fb8ca1aee9bfd92f58c4e3db5b9f20d296ad5921b91fc0ad36  /storage/emulated/0/Android/data/com.ps2x.runner/files/ps2x.env
[08:30:02 t+    0.1] AM Starting: Intent { cmp=com.ps2x.runner/android.app.NativeActivity }
[08:30:08 t+    6.1] FOCUS app-foreground, no BACK ('mCurrentFocus=Window{9eee65c u0 com.ps2x.runner/android.app.NativeActivity}')
[08:30:10 t+    8.3] LAYER 'com.ps2x.runner/android.app.NativeActivity#23076' tried=['com.ps2x.runner/android.app.NativeActivity#23076']
[08:30:51 t+   49.3] CPUWIN start tick=1984
[08:30:59 t+   57.3] SCAP sc01-tick2100-t56.png tick~2192
[08:31:14 t+   72.0] CPUWIN end tick=2565
[08:31:34 t+   92.4] SCAP sc02-tick3000-t91.png tick~3081
[08:32:15 t+  132.8] SCAP sc03-tick4000-t132.png tick~4117
[08:32:29 t+  147.6] STOP tick 4579 >= 4500
[08:32:30 t+  148.2] SCAP sc04-final-t147.png tick~4579
[08:32:31 t+  149.6] THREADS
Threads: 27 total,   2 running,  25 sleeping,   0 stopped,   0 zombie
  Mem:  7342756K total,  5108264K used,  2234492K free,      640K buffers
 Swap: 10485752K total,   724900K used,  9760852K free,  2286804K cached
800%cpu 115%user   0%nice  31%sys 642%idle   0%iow  12%irq   0%sirq   0%host
  TID USER         PR  NI VIRT  RES  SHR S[%CPU] %MEM     TIME+ THREAD          PROCESS
19697 u0_a113      10 -10  17G 759M 519M R 53.8  10.5   1:17.30 MTVU            com.ps2x.runner
19683 u0_a113      10 -10  17G 759M 519M S 26.9  10.5   0:38.93 GameThread      com.ps2x.runner
19638 u0_a113      10 -10  17G 759M 519M R 23.0  10.5   0:30.93 GsWorker        com.ps2x.runner
19681 u0_a113      -3 -10  17G 759M 519M S  3.8  10.5   0:00.54 AAudio_1        com.ps2x.runner
19695 u0_a113      20   0  17G 759M 519M S  0.0  10.5   0:00.00 InteractionJank com.ps2x.runner
19694 u0_a113      20   0  17G 759M 519M S  0.0  10.5   0:00.00 binder:19583_3  com.ps2x.runner
19686 u0_a113      10 -10  17G 759M 519M S  0.0  10.5   0:00.24 PGS-Waiter      com.ps2x.runner
19684 u0_a113      39  19  17G 759M 519M S  0.0  10.5   0:00.00 com.ps:traceq0  com.ps2x.runner
19674 u0_a113      10 -10  17G 759M 519M S  0.0  10.5   0:00.00 com.ps2x.runner com.ps2x.runner
19643 u0_a113      20   0  17G 759M 519M S  0.0  10.5   0:00.00 InsetsAnimation com.ps2x.runner
19641 u0_a113      20   0  17G 759M 519M S  0.0  10.5   0:00.00 SurfaceSyncGrou com.ps2x.runner
19640 u0_a113      10 -10  17G 759M 519M S  0.0  10.5   0:00.00 VsyncReceiver   com.ps2x.runner
19636 u0_a113      10 -10  17G 759M 519M S  0.0  10.5   0:00.32 com.ps2x.runner com.ps2x.runner
19637 u0_a113      10 -10  17G 759M 519M S  0.0  10.5   0:00.01 com.ps2x.runner com.ps2x.runner
19634 u0_a113      16  -4  17G 759M 519M S  0.0  10.5   0:00.00 RenderThread    com.ps2x.runner

[08:32:31 t+  149.6] BATTERY status: 5 level: 100
[08:32:34 t+  152.4] RESTORE 090cc981e9f97c9c6007b64e90afaba7ff0b495eae7ede6423bfca826fae29fe match=True
[08:32:34 t+  152.6] MC0-AFTER bad=[]
[08:32:34 t+  152.6] END pid-after=none disconnects=0
