[03:10:55] PRE lease="LEASE_FREE F6 done" keyguard="showing=false" battery=100% ac=true pid0=none
[03:10:55] PRE device-env=a8d651a7e55f7e29f1345f28f4ea634e06ae757f535e29439ab61c930bcc0ebd mc0-test='' mc0-bad=[]
[03:10:55] LEASE claimed via odin_lease.sh: CLAIMED
[03:10:55] APK local sha x2 b91f827f30e89d3bdd28662c82b934d9e5e51430a55c518673240b5f4badaf42 b91f827f30e89d3bdd28662c82b934d9e5e51430a55c518673240b5f4badaf42
[03:10:58] INSTALL Performing Streamed Install Success
[03:10:59] INSTALLED /data/app/~~18zSMXOzZMJUogRi-0kKhA==/com.ps2x.runner-m_zfzpZhtVz10Bo3CzESgA==/base.apk sha=b91f827f30e89d3bdd28662c82b934d9e5e51430a55c518673240b5f4badaf42 match=True
[03:10:59] ENV 93f90301f52addbd330a2423f045c1f76168fd6532db7d4676c9428c8b359a7c  /storage/emulated/0/Android/data/com.ps2x.runner/files/ps2x.env
[03:10:59 t+    0.1] AM Starting: Intent { cmp=com.ps2x.runner/android.app.NativeActivity }
[03:11:05 t+    6.1] FOCUS app-foreground, no BACK ('mCurrentFocus=Window{9882a03 u0 com.ps2x.runner/android.app.NativeActivity}')
[03:11:08 t+    8.5] LAYER 'com.ps2x.runner/android.app.NativeActivity#21291' tried=['com.ps2x.runner/android.app.NativeActivity#21281', 'RequestedLayerState{ActivityRecord{ad15ea1 u0 com.ps2x.runner/android.app.NativeActivity#21281 parentId=21280}', 'com.ps2x.runner/android.app.NativeActivity#21291']
[03:12:12 t+   73.0] SCAP sc01-tick2100-t72.png tick~2155
[03:13:07 t+  127.9] SCAP sc02-tick3000-t127.png tick~3038
[03:14:07 t+  188.1] SCAP sc03-tick4000-t187.png tick~4053
[03:14:31 t+  211.9] STOP tick 4517 >= 4500
[03:14:31 t+  212.3] SCAP sc04-final-t211.png tick~4517
[03:14:33 t+  213.7] THREADS
Threads: 27 total,   1 running,  26 sleeping,   0 stopped,   0 zombie
  Mem:  7342756K total,  5001252K used,  2341504K free,      576K buffers
 Swap: 10485752K total,   676016K used,  9809736K free,  2226312K cached
800%cpu  88%user   0%nice  12%sys 692%idle   0%iow   8%irq   0%sirq   0%host
  TID USER         PR  NI VIRT  RES  SHR S[%CPU] %MEM     TIME+ THREAD          PROCESS
12148 u0_a113      10 -10  17G 755M 515M R 69.2  10.5   2:13.84 GameThread      com.ps2x.runner
12129 u0_a113      10 -10  17G 755M 515M S 15.3  10.5   0:34.70 GsWorker        com.ps2x.runner
12157 u0_a113      20   0  17G 755M 515M S  0.0  10.5   0:00.00 InteractionJank com.ps2x.runner
12156 u0_a113      20   0  17G 755M 515M S  0.0  10.5   0:00.00 binder:12095_4  com.ps2x.runner
12151 u0_a113      10 -10  17G 755M 515M S  0.0  10.5   0:00.23 PGS-Waiter      com.ps2x.runner
12150 u0_a113      39  19  17G 755M 515M S  0.0  10.5   0:00.00 com.ps:traceq0  com.ps2x.runner
12147 u0_a113      -3 -10  17G 755M 515M S  0.0  10.5   0:00.77 AAudio_1        com.ps2x.runner
12141 u0_a113      20   0  17G 755M 515M S  0.0  10.5   0:00.11 binder:12095_4  com.ps2x.runner
12140 u0_a113      10 -10  17G 755M 515M S  0.0  10.5   0:00.00 com.ps2x.runner com.ps2x.runner
12133 u0_a113      20   0  17G 755M 515M S  0.0  10.5   0:00.00 InsetsAnimation com.ps2x.runner
12132 u0_a113      20   0  17G 755M 515M S  0.0  10.5   0:00.00 SurfaceSyncGrou com.ps2x.runner
12131 u0_a113      10 -10  17G 755M 515M S  0.0  10.5   0:00.00 VsyncReceiver   com.ps2x.runner
12127 u0_a113      10 -10  17G 755M 515M S  0.0  10.5   0:00.39 com.ps2x.runner com.ps2x.runner
12128 u0_a113      10 -10  17G 755M 515M S  0.0  10.5   0:00.00 com.ps2x.runner com.ps2x.runner
12115 u0_a113      20   0  17G 755M 515M S  0.0  10.5   0:00.08 binder:12095_3  com.ps2x.runner

[03:14:33 t+  213.7] BATTERY status: 5 level: 100
[03:14:35 t+  216.2] RESTORE a8d651a7e55f7e29f1345f28f4ea634e06ae757f535e29439ab61c930bcc0ebd match=True
[03:14:36 t+  216.5] MC0-AFTER bad=[]
[03:14:36 t+  216.5] END pid-after=none disconnects=0
