[03:54:24] PRE lease="LEASE_FREE F6 done" keyguard="showing=false" battery=100% ac=true pid0=none
[03:54:24] PRE device-env=a8d651a7e55f7e29f1345f28f4ea634e06ae757f535e29439ab61c930bcc0ebd mc0-test='' mc0-bad=[]
[03:54:24] LEASE claimed via odin_lease.sh: CLAIMED
[03:54:25] APK local sha x2 825b436dd2cfc9f3ee42e7ac06643623b9651df409892c6a3e25af27cc531254 825b436dd2cfc9f3ee42e7ac06643623b9651df409892c6a3e25af27cc531254
[03:54:27] INSTALL Performing Streamed Install Success
[03:54:27] INSTALLED /data/app/~~lKn4kQ6h-YkOicVSmsf4ZQ==/com.ps2x.runner-O36e9hKu5CeGxFazXCbeaA==/base.apk sha=825b436dd2cfc9f3ee42e7ac06643623b9651df409892c6a3e25af27cc531254 match=True
[03:54:28] ENV f14ec6cefc8069f4dadddd30f7fb40c61e2db1083d2a4bd8db48d97679bb2ce7  /storage/emulated/0/Android/data/com.ps2x.runner/files/ps2x.env
[03:54:28 t+    0.1] AM Starting: Intent { cmp=com.ps2x.runner/android.app.NativeActivity }
[03:54:34 t+    6.1] FOCUS app-foreground, no BACK ('mCurrentFocus=Window{3577b5f u0 com.ps2x.runner/android.app.NativeActivity}')
[03:54:36 t+    8.2] LAYER 'com.ps2x.runner/android.app.NativeActivity#21552' tried=['com.ps2x.runner/android.app.NativeActivity#21552']
[03:55:27 t+   59.0] SCAP sc01-tick2100-t58.png tick~2189
[03:56:01 t+   92.9] SCAP sc02-tick3000-t92.png tick~3086
[03:56:41 t+  133.2] SCAP sc03-tick4000-t132.png tick~4122
[03:56:56 t+  148.3] STOP tick 4588 >= 4500
[03:56:57 t+  149.0] SCAP sc04-final-t148.png tick~4588
[03:56:58 t+  150.4] THREADS
Threads: 28 total,   1 running,  27 sleeping,   0 stopped,   0 zombie
  Mem:  7342756K total,  4885456K used,  2457300K free,      532K buffers
 Swap: 10485752K total,   713768K used,  9771984K free,  2169792K cached
800%cpu 108%user   0%nice  27%sys 658%idle   0%iow   8%irq   0%sirq   0%host
  TID USER         PR  NI VIRT  RES  SHR S[%CPU] %MEM     TIME+ THREAD          PROCESS
 4794 u0_a113      10 -10  17G 760M 517M R 57.6  10.6   1:17.45 MTVU            com.ps2x.runner
 4783 u0_a113      10 -10  17G 760M 517M S 26.9  10.6   0:39.24 GameThread      com.ps2x.runner
 4763 u0_a113      10 -10  17G 760M 517M S 26.9  10.6   0:30.81 GsWorker        com.ps2x.runner
 4793 u0_a113      20   0  17G 760M 517M S  0.0  10.6   0:00.00 InteractionJank com.ps2x.runner
 4792 u0_a113      20   0  17G 760M 517M S  0.0  10.6   0:00.00 binder:4742_4   com.ps2x.runner
 4786 u0_a113      10 -10  17G 760M 517M S  0.0  10.6   0:00.24 PGS-Waiter      com.ps2x.runner
 4785 u0_a113      39  19  17G 760M 517M S  0.0  10.6   0:00.00 com.ps:traceq0  com.ps2x.runner
 4781 u0_a113      -3 -10  17G 760M 517M S  0.0  10.6   0:00.53 AAudio_1        com.ps2x.runner
 4775 u0_a113      20   0  17G 760M 517M S  0.0  10.6   0:00.04 binder:4742_4   com.ps2x.runner
 4774 u0_a113      10 -10  17G 760M 517M S  0.0  10.6   0:00.00 com.ps2x.runner com.ps2x.runner
 4767 u0_a113      20   0  17G 760M 517M S  0.0  10.6   0:00.00 InsetsAnimation com.ps2x.runner
 4766 u0_a113      20   0  17G 760M 517M S  0.0  10.6   0:00.00 SurfaceSyncGrou com.ps2x.runner
 4765 u0_a113      10 -10  17G 760M 517M S  0.0  10.6   0:00.00 VsyncReceiver   com.ps2x.runner
 4762 u0_a113      10 -10  17G 760M 517M S  0.0  10.6   0:00.00 com.ps2x.runner com.ps2x.runner
 4761 u0_a113      10 -10  17G 760M 517M S  0.0  10.6   0:00.30 com.ps2x.runner com.ps2x.runner

[03:56:58 t+  150.4] BATTERY status: 5 level: 100
[03:57:01 t+  152.9] RESTORE a8d651a7e55f7e29f1345f28f4ea634e06ae757f535e29439ab61c930bcc0ebd match=True
[03:57:01 t+  153.1] MC0-AFTER bad=[]
[03:57:01 t+  153.2] END pid-after=none disconnects=0
