[    0.0351] Program Path: /home/brad/pcsx2-t4/pcsx2/build/bin/pcsx2-qt
[    0.0351] AppRoot Directory: /home/brad/pcsx2-t4/pcsx2/build/bin
[    0.0351] Resources Directory: /home/brad/pcsx2-t4/pcsx2/build/bin/resources
[    0.0351] DataRoot Directory: /home/brad/pcsx2-t4/dat/PCSX2
[    0.0352] Loading config from /home/brad/pcsx2-t4/dat/PCSX2/inis/PCSX2.ini.
[    0.0356] Loading secrets from /home/brad/pcsx2-t4/dat/PCSX2/inis/secrets.ini.
[    0.0358] BIOS Directory: /home/brad/pcsx2-t4/dat/PCSX2/bios
[    0.0359] Snapshots Directory: /home/brad/pcsx2-t4/dat/PCSX2/snaps
[    0.0359] Savestates Directory: /home/brad/pcsx2-t4/dat/PCSX2/sstates
[    0.0359] MemoryCards Directory: /home/brad/pcsx2-t4/dat/PCSX2/memcards
[    0.0359] Logs Directory: /home/brad/pcsx2-t4/dat/PCSX2/logs
[    0.0359] Cheats Directory: /home/brad/pcsx2-t4/dat/PCSX2/cheats
[    0.0359] Patches Directory: /home/brad/pcsx2-t4/dat/PCSX2/patches
[    0.0359] Covers Directory: /home/brad/pcsx2-t4/dat/PCSX2/covers
[    0.0359] Game Settings Directory: /home/brad/pcsx2-t4/dat/PCSX2/gamesettings
[    0.0359] Resources Directory: /home/brad/pcsx2-t4/pcsx2/build/bin/resources
[    0.0359] User Resources Directory: /home/brad/pcsx2-t4/dat/PCSX2/resources
[    0.0359] Cache Directory: /home/brad/pcsx2-t4/dat/PCSX2/cache
[    0.0359] Textures Directory: /home/brad/pcsx2-t4/dat/PCSX2/textures
[    0.0359] Input Profile Directory: /home/brad/pcsx2-t4/dat/PCSX2/inputprofiles
[    0.0359] Video Dumping Directory: /home/brad/pcsx2-t4/dat/PCSX2/videos
[    0.0359] Debugger Layouts Directory: /home/brad/pcsx2-t4/dat/PCSX2/inis/debuggerlayouts
[    0.0359] Debugger Settings Directory: /home/brad/pcsx2-t4/dat/PCSX2/inis/debuggersettings
[    0.0359] Couldn't find translation for system language C, using en instead
[    0.0364] Loaded translation file for language en-US
[    0.0611] PCSX2 v2.9.75
[    0.0611] Savestate version: 0x9a590000
[    0.0611] 
[    0.0611] 
[    0.0611] Host Machine Init:
[    0.0612]   Operating System = Ubuntu 24.04
[    0.0612]   Available RAM    = 9262 MB (9.05 GB)
[    0.0612]   Physical RAM     = 9946 MB (9.71 GB)
[    0.0612] 
[    0.0612]   Processor        = Intel 13th Gen Core i5-13600K
[    0.0612]   Core Count       = 10 cores
[    0.0612]   Thread Count     = 20 threads
[    0.0612]   Cluster Count    = 1 clusters
[    0.0612] CPU Extensions Detected:
[    0.0612]   AVX AVX2
[    0.0612] 
[    0.0612] Allocating host memory for virtual systems...
[    0.0616]   EE Main Memory                   @ 0x00007F830F200000 -> 0x00007F8318100000 [143mb]
[    0.0616]   IOP Main Memory                  @ 0x00007F8318100000 -> 0x00007F8320200000 [129mb]
[    0.0616]   VU0/1 On-Chip Memory             @ 0x00007F8320200000 -> 0x00007F8320300000 [1mb]
[    0.0616]   VTLB Virtual Map                 @ 0x00007F8320300000 -> 0x00007F8320B00000 [8mb]
[    0.0616]   VTLB Address Map                 @ 0x00007F8320B00000 -> 0x00007F8320F00000 [4mb]
[    0.0616]   R5900 Recompiler Cache           @ 0x00007F8320F00000 -> 0x00007F8324F00000 [64mb]
[    0.0616]   R3000A Recompiler Cache          @ 0x00007F8324F00000 -> 0x00007F8326F00000 [32mb]
[    0.0616]   Micro VU0 Recompiler Cache       @ 0x00007F8327F00000 -> 0x00007F832BF00000 [64mb]
[    0.0616]   Micro VU1 Recompiler Cache       @ 0x00007F832BF00000 -> 0x00007F832FF00000 [64mb]
[    0.0616]   VIF0 Unpack Recompiler Cache     @ 0x00007F8326F00000 -> 0x00007F8327700000 [8mb]
[    0.0616]   VIF1 Unpack Recompiler Cache     @ 0x00007F8327700000 -> 0x00007F8327F00000 [8mb]
[    0.0616]   VIF Unpack Recompiler Cache      @ 0x00007F832FF00000 -> 0x00007F8330000000 [1mb]
[    0.0616]   GS Software Renderer             @ 0x00007F8330000000 -> 0x00007F8334000000 [64mb]
[    0.0626] Fastmem area: 0x7f820f200000 - 0x7f830f1fffff
[    0.0634] Generating SSE-optimized unpacking functions for VIF interpreters...
[    0.0639] Unpack function generation complete.  Generated function statistics:
[    0.0639]   Reserved buffer    : 1048576 bytes @ 0x00007F832FF00000
[    0.0639]   x86 code generated : 7422 bytes
[    0.0639] 
[    0.0640] SDLInputSource: Using Controller DB from resources.
[    0.0794] SDLInputSource: 765 gamepad mappings are loaded.
