REF_CHECK:mean=0.0000 p99=0 max=0 npix=224000 mode=PPM
REFMENU_CHECK:mean=0.0000 p99=0 max=0 npix=1310720 mode=PPM
REFSC_CHECK:mean=0.0000 p99=0 max=0 npix=1310720 mode=PPM
REFZC_CHECK:mean=0.0000 p99=0 max=0 npix=1310720 mode=PPM
REFSP_CHECK:mean=0.0000 p99=0 max=0 npix=1310720 mode=PPM
REFSM_CHECK:mean=0.0000 p99=0 max=0 npix=1310720 mode=PPM
REFSE_CHECK:mean=0.0000 p99=0 max=0 npix=1310720 mode=PPM
REFSETAG_CHECK:mean=0.0000 p99=0 max=0 npix=10150 mode=PPM
REFMR_CHECK:mean=0.0000 p99=0 max=0 npix=1310720 mode=PPM
REFPP_CHECK:mean=0.0000 p99=0 max=0 npix=1310720 mode=PPM
SELF_TEST mean=0.0000 p99=0
SELF_WHOLE=0.0000
SELF_MENU mean=0.0000 p99=0
SELF_SC mean=0.0000 p99=0
SELF_ZC mean=0.0000 p99=0
SELF_SP mean=0.0000 p99=0
SELF_SM mean=0.0000 p99=0
SELF_SE mean=0.0000 p99=0
SELF_SETAG mean=0.0000 p99=0
SELF_MR mean=0.0000 p99=0
SELF_PP mean=0.0000 p99=0
START_SCORE mean=42.1794 p99=192 MENU_T+:98
ATTEMPT_1 BEGIN MENU_T+:98
ATTEMPT_1 now score mean=30.5644 p99=153
ATTEMPT_1 on attract (non-title) -> Cross attract-skip
A1_CROSS_KEYDOWN_WALL:1790014185.989481145 UPTIME:338 MENU_T+:98
A1_CROSS_HELD_WALL:1790014186.007702643 UPTIME:338
A1_CROSS_KEYUP_WALL:1790014186.525030624 UPTIME:338 MENU_T+:99
ATTEMPT_1 poll01 score mean=27.5169 p99=147 MENU_T+:102
ATTEMPT_1 poll02 score mean=32.8406 p99=182 MENU_T+:105
ATTEMPT_1 poll03 score mean=39.8571 p99=185 MENU_T+:107
ATTEMPT_1 poll04 score mean=39.4237 p99=189 MENU_T+:110
ATTEMPT_1 poll05 score mean=35.4592 p99=206 MENU_T+:113
ATTEMPT_1 poll06 score mean=25.2327 p99=160 MENU_T+:115
ATTEMPT_1 poll07 score mean=30.6817 p99=175 MENU_T+:118
ATTEMPT_1 poll08 score mean=27.2968 p99=160 MENU_T+:121
ATTEMPT_1 poll09 score mean=28.3519 p99=156 MENU_T+:124
ATTEMPT_1 poll10 score mean=42.2535 p99=220 MENU_T+:126
ATTEMPT_1 poll11 score mean=41.2642 p99=220 MENU_T+:129
ATTEMPT_1 poll12 score mean=16.7906 p99=151 MENU_T+:132
ATTEMPT_1 poll13 score mean=16.6677 p99=147 MENU_T+:135
ATTEMPT_1 poll14 score mean=16.6116 p99=147 MENU_T+:137
ATTEMPT_1 poll15 score mean=16.6012 p99=147 MENU_T+:140
ATTEMPT_1 poll16 score mean=16.6331 p99=147 MENU_T+:143
ATTEMPT_1 poll17 score mean=16.6012 p99=147 MENU_T+:146
ATTEMPT_1 poll18 score mean=25.2817 p99=168 MENU_T+:148
ATTEMPT_1 NO-TITLE-IN-WINDOW (outcome: no-title)
ATTEMPT_2 BEGIN MENU_T+:148
ATTEMPT_2 now score mean=26.8035 p99=163
ATTEMPT_2 on attract (non-title) -> Cross attract-skip
A2_CROSS_KEYDOWN_WALL:1790014236.537312941 UPTIME:388 MENU_T+:149
A2_CROSS_HELD_WALL:1790014236.555344590 UPTIME:388
A2_CROSS_KEYUP_WALL:1790014237.072311121 UPTIME:389 MENU_T+:150
ATTEMPT_2 poll01 score mean=24.7773 p99=156 MENU_T+:152
ATTEMPT_2 poll02 score mean=41.3232 p99=219 MENU_T+:155
ATTEMPT_2 poll03 score mean=31.5371 p99=170 MENU_T+:158
ATTEMPT_2 poll04 score mean=24.3975 p99=166 MENU_T+:161
ATTEMPT_2 poll05 score mean=40.6578 p99=221 MENU_T+:163
ATTEMPT_2 poll06 score mean=31.1938 p99=185 MENU_T+:166
ATTEMPT_2 poll07 score mean=41.8967 p99=185 MENU_T+:169
ATTEMPT_2 poll08 score mean=28.8466 p99=178 MENU_T+:171
ATTEMPT_2 poll09 score mean=40.6756 p99=218 MENU_T+:174
ATTEMPT_2 poll10 score mean=24.5882 p99=155 MENU_T+:177
ATTEMPT_2 poll11 score mean=23.4219 p99=173 MENU_T+:180
ATTEMPT_2 poll12 score mean=36.6153 p99=174 MENU_T+:182
ATTEMPT_2 poll13 score mean=38.0245 p99=189 MENU_T+:185
ATTEMPT_2 poll14 score mean=46.8271 p99=216 MENU_T+:188
ATTEMPT_2 poll15 score mean=32.8216 p99=162 MENU_T+:191
ATTEMPT_2 poll16 score mean=32.9077 p99=184 MENU_T+:193
ATTEMPT_2 poll17 score mean=33.7891 p99=200 MENU_T+:196
ATTEMPT_2 poll18 score mean=33.0529 p99=171 MENU_T+:199
ATTEMPT_2 NO-TITLE-IN-WINDOW (outcome: no-title)
ATTEMPT_3 BEGIN MENU_T+:199
ATTEMPT_3 now score mean=28.1919 p99=157
ATTEMPT_3 on attract (non-title) -> Cross attract-skip
A3_CROSS_KEYDOWN_WALL:1790014287.157578047 UPTIME:439 MENU_T+:200
A3_CROSS_HELD_WALL:1790014287.176584321 UPTIME:439
A3_CROSS_KEYUP_WALL:1790014287.693698524 UPTIME:439 MENU_T+:200
ATTEMPT_3 poll01 score mean=28.8368 p99=174 MENU_T+:203
ATTEMPT_3 poll02 score mean=24.9065 p99=179 MENU_T+:206
ATTEMPT_3 poll03 score mean=32.9246 p99=157 MENU_T+:208
ATTEMPT_3 poll04 score mean=37.1520 p99=186 MENU_T+:211
ATTEMPT_3 poll05 score mean=34.0812 p99=153 MENU_T+:214
ATTEMPT_3 poll06 score mean=32.6264 p99=168 MENU_T+:217
ATTEMPT_3 poll07 score mean=30.5660 p99=159 MENU_T+:219
ATTEMPT_3 poll08 score mean=30.7083 p99=161 MENU_T+:222
ATTEMPT_3 poll09 score mean=44.7910 p99=207 MENU_T+:225
ATTEMPT_3 poll10 score mean=31.4969 p99=169 MENU_T+:228
ATTEMPT_3 poll11 score mean=34.9086 p99=192 MENU_T+:230
ATTEMPT_3 poll12 score mean=29.3799 p99=154 MENU_T+:233
ATTEMPT_3 poll13 score mean=38.4982 p99=174 MENU_T+:236
ATTEMPT_3 poll14 score mean=28.2641 p99=175 MENU_T+:239
ATTEMPT_3 poll15 score mean=32.2949 p99=167 MENU_T+:241
ATTEMPT_3 poll16 score mean=30.5347 p99=172 MENU_T+:244
ATTEMPT_3 poll17 score mean=29.5545 p99=157 MENU_T+:247
ATTEMPT_3 poll18 score mean=40.2876 p99=212 MENU_T+:250
ATTEMPT_3 NO-TITLE-IN-WINDOW (outcome: no-title)
NO-PARK (menu-like gate never fired in <=3 attempts; no menu Cross pressed)
