REF_CHECK:mean=0.0000 p99=0 max=0 npix=224000 mode=PPM
REFMENU_CHECK:mean=0.0000 p99=0 max=0 npix=1310720 mode=PPM
REFSC_CHECK:mean=0.0000 p99=0 max=0 npix=1310720 mode=PPM
REFZC_CHECK:mean=0.0000 p99=0 max=0 npix=1310720 mode=PPM
REFSP_CHECK:mean=0.0000 p99=0 max=0 npix=1310720 mode=PPM
REFSM_CHECK:mean=0.0000 p99=0 max=0 npix=1310720 mode=PPM
REFSE_CHECK:mean=0.0000 p99=0 max=0 npix=1310720 mode=PPM
REFSETAG_CHECK:mean=0.0000 p99=0 max=0 npix=10150 mode=PPM
REFMR_CHECK:mean=0.0000 p99=0 max=0 npix=1310720 mode=PPM
REFPP_CHECK:mean=0.0000 p99=0 max=0 npix=1310720 mode=PPM
SELF_TEST mean=0.0000 p99=0
SELF_WHOLE=0.0000
SELF_MENU mean=0.0000 p99=0
SELF_SC mean=0.0000 p99=0
SELF_ZC mean=0.0000 p99=0
SELF_SP mean=0.0000 p99=0
SELF_SM mean=0.0000 p99=0
SELF_SE mean=0.0000 p99=0
SELF_SETAG mean=0.0000 p99=0
SELF_MR mean=0.0000 p99=0
SELF_PP mean=0.0000 p99=0
START_SCORE mean=36.0769 p99=191 MENU_T+:98
ATTEMPT_1 BEGIN MENU_T+:98
ATTEMPT_1 now score mean=26.9623 p99=156
ATTEMPT_1 on attract (non-title) -> Cross attract-skip
A1_CROSS_KEYDOWN_WALL:1790015439.753163188 UPTIME:169 MENU_T+:98
A1_CROSS_HELD_WALL:1790015439.771531023 UPTIME:169
A1_CROSS_KEYUP_WALL:1790015440.289623006 UPTIME:169 MENU_T+:99
ATTEMPT_1 poll01 score mean=0.4331 p99=6 MENU_T+:102
ATTEMPT_1 TITLE-DETECTED at poll01
A1_START_KEYDOWN_WALL:1790015443.044249097 UPTIME:172 MENU_T+:102
A1_START_HELD_WALL:1790015443.062542116 UPTIME:172
A1_START_KEYUP_WALL:1790015443.579899477 UPTIME:173 MENU_T+:102
ATTEMPT_1 post+3 score mean=16.2588 p99=139 MENU_T+:106
ATTEMPT_1 post+8 score mean=16.2886 p99=139
ATTEMPT_1 post+15 score mean=16.2610 p99=139
ATTEMPT_1 post+25 score mean=16.2610 p99=139
ATTEMPT_1 whole815=0.0311 whole1525=0.0123
ATTEMPT_1 post25-vs-menu mean=0.2956 p99=5
ATTEMPT_1 MENU-LIKE (non-title + static) -> park for menu Cross
MENUPRE vs-menu mean=0.2872 p99=5 MENU_T+:140
MENUPRE vs-title mean=16.2610 p99=139
MENU_CROSS_KEYDOWN_WALL:1790015482.259880074 UPTIME:211 MENU_T+:141
MENU_CROSS_HELD_WALL:1790015482.278787596 UPTIME:211
MENU_CROSS_KEYUP_WALL:1790015482.796911685 UPTIME:212 MENU_T+:141
MC post+1 titleband mean=12.5351 p99=164 vs-menu mean=10.2395 p99=105 vs-sc mean=0.4470 p99=7 MENU_T+:145
MC post+3 titleband mean=12.5619 p99=164 vs-menu mean=10.2271 p99=108 vs-sc mean=0.4387 p99=7
MC post+8 titleband mean=12.5422 p99=164 vs-menu mean=10.2241 p99=105 vs-sc mean=0.6228 p99=9
MC post+15 titleband mean=12.5352 p99=164 vs-menu mean=10.2104 p99=105 vs-sc mean=0.4122 p99=6
MC hops whole: pre-post1=10.1436 p1-p3=0.0986 p3-p8=0.3030 p8-p15=0.2764
SC-LIKE (non-menu + static) -> park for Zoe Cross
SCPRE vs-sc mean=0.4860 p99=7 MENU_T+:179
SCPRE vs-menu mean=10.1391 p99=105
SCPRE vs-title mean=12.7929 p99=164
ZOE_CROSS_KEYDOWN_WALL:1790015522.468543912 UPTIME:251 MENU_T+:181
ZOE_CROSS_HELD_WALL:1790015522.488059928 UPTIME:252
ZOE_CROSS_KEYUP_WALL:1790015523.005127761 UPTIME:252 MENU_T+:182
ZC post+1 titleband mean=15.8559 p99=128 vs-sc mean=7.1993 p99=100 vs-zc mean=0.5189 p99=9 MENU_T+:185
ZC post+3 titleband mean=15.9063 p99=129 vs-sc mean=7.2834 p99=100 vs-zc mean=0.4769 p99=9
ZC post+8 titleband mean=15.8561 p99=128 vs-sc mean=7.1731 p99=100 vs-zc mean=0.4555 p99=8
ZC hops whole: pre-post1=7.0788 p1-p3=0.2935 p3-p8=0.2744
ZC-LIKE (departed + non-SC + static) -> park for Continue Cross
CCPRE vs-zc mean=0.4801 p99=9 MENU_T+:208
CCPRE vs-sc mean=7.2879 p99=100
CCPRE vs-title mean=15.9314 p99=128
CONT_CROSS_KEYDOWN_WALL:1790015551.317837137 UPTIME:280 MENU_T+:210
CONT_CROSS_HELD_WALL:1790015551.336411207 UPTIME:280
CONT_CROSS_KEYUP_WALL:1790015551.853247556 UPTIME:281 MENU_T+:210
SP post+1 titleband mean=23.1240 p99=171 vs-zc mean=9.4669 p99=154 vs-sp mean=0.3698 p99=6 MENU_T+:214
SP post+3 titleband mean=23.1293 p99=171 vs-zc mean=9.4714 p99=154 vs-sp mean=0.3730 p99=6
SP post+8 titleband mean=23.1279 p99=171 vs-zc mean=9.4543 p99=154 vs-sp mean=0.3559 p99=5
SP hops whole: pre-post1=9.3530 p1-p3=0.0359 p3-p8=0.0194
SP-LIKE (departed + non-ZC + static) -> park for Peak Cross
SPPRE vs-sp mean=0.3730 p99=6 MENU_T+:237
SPPRE vs-zc mean=9.4714 p99=154
SPPRE vs-title mean=23.1293 p99=171
PEAK_CROSS_KEYDOWN_WALL:1790015580.286528216 UPTIME:309 MENU_T+:239
PEAK_CROSS_HELD_WALL:1790015580.305690346 UPTIME:309
PEAK_CROSS_KEYUP_WALL:1790015580.822679199 UPTIME:310 MENU_T+:239
PC post+1 titleband mean=26.3170 p99=183 vs-sp mean=5.4230 p99=121 vs-sm mean=0.4631 p99=7 MENU_T+:243
PC post+3 titleband mean=26.3170 p99=183 vs-sp mean=5.3750 p99=121 vs-sm mean=0.4149 p99=6
PC post+8 titleband mean=26.3150 p99=183 vs-sp mean=5.3652 p99=121 vs-sm mean=0.4056 p99=6
PC hops whole: pre-post1=5.2522 p1-p3=0.1111 p3-p8=0.0500
SM-LIKE (departed + non-SP + static) -> park for Race Cross
SMPRE vs-sm mean=0.4154 p99=6 MENU_T+:266
SMPRE se-tag mean=14.3278 p99=89
SMPRE vs-sp mean=5.3755 p99=121
SMPRE vs-title mean=26.3163 p99=183
RACE_CROSS_KEYDOWN_WALL:1790015609.809099834 UPTIME:339 MENU_T+:268
RACE_CROSS_HELD_WALL:1790015609.827456411 UPTIME:339
RACE_CROSS_KEYUP_WALL:1790015610.344595584 UPTIME:339 MENU_T+:269
RC post+1 titleband mean=26.2104 p99=183 vs-sm mean=0.8360 p99=13 se-tag mean=2.6271 p99=11 MENU_T+:272
RC post+3 titleband mean=26.2104 p99=183 vs-sm mean=0.8107 p99=11 se-tag mean=2.6272 p99=11
RC post+8 titleband mean=26.2114 p99=183 vs-sm mean=0.8124 p99=11 se-tag mean=2.6271 p99=11 vs-sp mean=5.4518 p99=121 vs-se mean=0.4080 p99=6
RC hops whole: pre-post1=0.5131 p1-p3=0.0385 p3-p8=0.0104
SE-LIKE (static + non-SP + se-tag) -> park for SnowJam Cross
SEPRE se-tag mean=2.6271 p99=11 MENU_T+:296
SEPRE vs-se mean=0.4357 p99=6
SEPRE vs-sm mean=0.8394 p99=13
SEPRE vs-sp mean=5.4800 p99=121
SEPRE vs-title mean=26.2104 p99=183
SNOWJAM_CROSS_KEYDOWN_WALL:1790015641.115642051 UPTIME:370 MENU_T+:300
SNOWJAM_CROSS_HELD_WALL:1790015641.134038915 UPTIME:370
SNOWJAM_CROSS_KEYUP_WALL:1790015641.650925462 UPTIME:371 MENU_T+:300
SJ post+1 titleband mean=9.8591 p99=136 vs-se mean=10.6851 p99=143 vs-mr mean=0.4692 p99=8 MENU_T+:304
SJ post+3 titleband mean=9.8425 p99=137 vs-se mean=10.7077 p99=143 vs-mr mean=0.4842 p99=8
SJ post+8 titleband mean=10.0953 p99=137 vs-se mean=10.6700 p99=144 vs-mr mean=0.4393 p99=7
SJ hops whole: pre-post1=10.6258 p1-p3=0.1822 p3-p8=0.1461
MR-LIKE (departed + non-SE + static) -> park for Enter Cross
MRPRE vs-mr mean=0.4697 p99=8 MENU_T+:327
MRPRE vs-se mean=10.6978 p99=143
MRPRE vs-title mean=9.8425 p99=137
ENTER_CROSS_KEYDOWN_WALL:1790015669.899070087 UPTIME:399 MENU_T+:328
ENTER_CROSS_HELD_WALL:1790015669.918014927 UPTIME:399
ENTER_CROSS_KEYUP_WALL:1790015670.435722741 UPTIME:399 MENU_T+:329
MR post+1 titleband mean=18.4205 p99=169 vs-mr mean=12.6921 p99=149 vs-pp mean=20.8820 p99=168 MENU_T+:333
MR post+3 titleband mean=17.9337 p99=173 vs-mr mean=12.5894 p99=150 vs-pp mean=21.0837 p99=169
MR post+8 titleband mean=28.8282 p99=237 vs-mr mean=20.2158 p99=198 vs-pp mean=19.2550 p99=190
MR post+15 titleband mean=34.4981 p99=184 vs-mr mean=19.2906 p99=153 vs-pp mean=1.0018 p99=20
MR post+25 titleband mean=34.4996 p99=184 vs-mr mean=19.2915 p99=153 vs-pp mean=0.9988 p99=19
MR post+40 titleband mean=34.4883 p99=184 vs-mr mean=19.5790 p99=153 vs-pp mean=0.6862 p99=10
MR hops whole: pre-post1=12.6510 p1-p3=1.7708 p3-p8=25.2038 p8-p15=19.2428 p15-p25=0.0219 p25-p40=0.3608
MR_STAB1 titleband mean=34.4883 p99=184 vs-mr mean=19.4267 p99=153 vs-pp mean=0.8460 p99=12 MENU_T+:409
MR_STAB2 titleband mean=34.4984 p99=184 vs-mr mean=19.4325 p99=153 vs-pp mean=0.8382 p99=12 MENU_T+:422
MR panel hops whole: post42-stab1=0.1983 stab1-stab2=0.0176
PP-LIKE (departed + static x3 + non-MR) -> park for X-Continue Cross
PPPRE vs-pp mean=0.8730 p99=13 MENU_T+:433
PPPRE vs-mr mean=19.4070 p99=153
PPPRE vs-title mean=34.4882 p99=184
XCROSS_KEYDOWN_WALL:1790015775.936712474 UPTIME:505 MENU_T+:434
XCROSS_HELD_WALL:1790015775.957210093 UPTIME:505
XCROSS_KEYUP_WALL:1790015776.475667615 UPTIME:506 MENU_T+:435
X post+1 titleband mean=19.1451 p99=162 vs-pp mean=14.6775 p99=153 MENU_T+:438
X post+3 titleband mean=21.7838 p99=142 vs-pp mean=16.3221 p99=146
X post+8 titleband mean=12.7300 p99=123 vs-pp mean=20.9861 p99=165
X post+15 titleband mean=14.6867 p99=135 vs-pp mean=25.2198 p99=185
X post+25 titleband mean=12.2664 p99=158 vs-pp mean=22.3334 p99=184
X post+40 titleband mean=18.2414 p99=136 vs-pp mean=16.2840 p99=150
X hops whole: pre-post1=14.4658 p1-p3=13.7512 p3-p8=13.8752 p8-p15=9.7855 p15-p25=11.3450 p25-p40=14.4069
LIVE-LIKE (departed + non-panel + motion x2) -> blind pre-hold pair + hold + blind dense series
NPRE1_SNAPSTART_WALL:1790015842.838377763 UPTIME:572 MENU_T+:501
NPRE1_SNAPEND_WALL:1790015842.910372712 UPTIME:572 MENU_T+:501
NPRE2_SNAPSTART_WALL:1790015843.414441304 UPTIME:572 MENU_T+:502
NPRE2_SNAPEND_WALL:1790015843.484627439 UPTIME:573 MENU_T+:502
HOLD_LEFT_KEYDOWN_WALL:1790015843.488114705 UPTIME:573 MENU_T+:502
HOLD_LEFT_HELD_WALL:1790015843.506750330 UPTIME:573
HOLD_LEFT_KEYUP_WALL:1790015844.524657540 UPTIME:574 MENU_T+:503
D_POST1_SNAPSTART_WALL:1790015845.029277895 UPTIME:574 MENU_T+:504
D_POST1_SNAPEND_WALL:1790015845.102296933 UPTIME:574 MENU_T+:504
D_POST2_SNAPSTART_WALL:1790015845.606443949 UPTIME:575 MENU_T+:504
D_POST2_SNAPEND_WALL:1790015845.676350385 UPTIME:575 MENU_T+:504
D_POST3_SNAPSTART_WALL:1790015846.180109223 UPTIME:575 MENU_T+:505
D_POST3_SNAPEND_WALL:1790015846.253323568 UPTIME:575 MENU_T+:505
D_POST4_SNAPSTART_WALL:1790015846.758562333 UPTIME:576 MENU_T+:505
D_POST4_SNAPEND_WALL:1790015846.828609590 UPTIME:576 MENU_T+:505
D_POST5_SNAPSTART_WALL:1790015847.333272994 UPTIME:576 MENU_T+:506
D_POST5_SNAPEND_WALL:1790015847.404995387 UPTIME:576 MENU_T+:506
D_POST6_SNAPSTART_WALL:1790015847.908988629 UPTIME:577 MENU_T+:506
D_POST6_SNAPEND_WALL:1790015847.980579971 UPTIME:577 MENU_T+:506
D_POST7_SNAPSTART_WALL:1790015848.484644288 UPTIME:578 MENU_T+:507
D_POST7_SNAPEND_WALL:1790015848.553575757 UPTIME:578 MENU_T+:507
D_POST8_SNAPSTART_WALL:1790015849.057953135 UPTIME:578 MENU_T+:508
D_POST8_SNAPEND_WALL:1790015849.128008589 UPTIME:578 MENU_T+:508
D_POST9_SNAPSTART_WALL:1790015849.632524295 UPTIME:579 MENU_T+:508
D_POST9_SNAPEND_WALL:1790015849.704832738 UPTIME:579 MENU_T+:508
D_POST10_SNAPSTART_WALL:1790015850.209182114 UPTIME:579 MENU_T+:509
D_POST10_SNAPEND_WALL:1790015850.281083447 UPTIME:579 MENU_T+:509
DENSE-BLIND-COMPLETE (12 blind snaps; post-hoc scoring only)
