[22:33:14] PRE lease="N11 prep S1" keyguard="showing=false" battery=71% ac=true pid0=none
[22:33:14] PRE device-env=9fb46f8509adb1362b5ac74d35ac63a340e39228b64914848ce5ed85d6b74d13 mc0-test='' mc0-bad=[]
[22:33:14] ENV 3b90d8a88dcb25a02d60928f0c9253cb041a94e649678dac1d116658da6f9f62  /storage/emulated/0/Android/data/com.ps2x.runner/files/ps2x.env
[22:33:14 t+    0.0] AM Starting: Intent { cmp=com.ps2x.runner/android.app.NativeActivity }
[22:33:20 t+    6.2] BACK sent
[22:33:22 t+    8.4] LAYER 'com.ps2x.runner/android.app.NativeActivity#13749' tried=['com.ps2x.runner/android.app.NativeActivity#13748', 'RequestedLayerState{a826b61 com.ps2x.runner/android.app.NativeActivity#13748 parentId=13740}', 'com.ps2x.runner/android.app.NativeActivity#13740', 'RequestedLayerState{ActivityRecord{beef105 u0 com.ps2x.runner/android.app.NativeActivity#13740 parentId=13739}', 'com.ps2x.runner/android.app.NativeActivity#13749']
[22:35:20 t+  126.4] SCAP sc01-tick2100-t126.png tick~2108
[22:37:32 t+  258.1] SCAP sc02-tick3000-t257.png tick~3001
[22:39:56 t+  402.4] SCAP sc03-tick4000-t402.png tick~4001
[22:41:05 t+  471.0] STOP tick 4514 >= 4500
[22:41:05 t+  471.3] SCAP sc04-final-t471.png tick~4514
[22:41:06 t+  472.6] THREADS
Threads: 26 total,   1 running,  25 sleeping,   0 stopped,   0 zombie
  Mem:  7342756K total,  4776948K used,  2565808K free,      688K buffers
 Swap: 10485752K total,   730824K used,  9754928K free,  1947324K cached
800%cpu 100%user   0%nice  36%sys 660%idle   0%iow   4%irq   0%sirq   0%host
  TID USER         PR  NI VIRT  RES  SHR S[%CPU] %MEM     TIME+ THREAD          PROCESS
29136 u0_a113      10 -10  17G 638M 399M R 84.0   8.9   6:44.61 GameThread      com.ps2x.runner
29118 u0_a113      10 -10  17G 638M 399M S 32.0   8.9   2:16.42 GsWorker        com.ps2x.runner
29116 u0_a113      10 -10  17G 638M 399M S  4.0   8.9   0:25.34 com.ps2x.runner com.ps2x.runner
29144 u0_a113      20   0  17G 638M 399M S  0.0   8.9   0:00.00 InteractionJank com.ps2x.runner
29143 u0_a113      20   0  17G 638M 399M S  0.0   8.9   0:00.29 binder:29097_2  com.ps2x.runner
29138 u0_a113      10 -10  17G 638M 399M S  0.0   8.9   0:00.19 PGS-Waiter      com.ps2x.runner
29137 u0_a113      39  19  17G 638M 399M S  0.0   8.9   0:00.00 com.ps:traceq0  com.ps2x.runner
29135 u0_a113      -3 -10  17G 638M 399M S  0.0   8.9   0:01.63 AAudio_1        com.ps2x.runner
29129 u0_a113      20   0  17G 638M 399M S  0.0   8.9   0:00.56 binder:29097_4  com.ps2x.runner
29128 u0_a113      10 -10  17G 638M 399M S  0.0   8.9   0:00.00 com.ps2x.runner com.ps2x.runner
29122 u0_a113      20   0  17G 638M 399M S  0.0   8.9   0:00.00 InsetsAnimation com.ps2x.runner
29120 u0_a113      10 -10  17G 638M 399M S  0.0   8.9   0:00.00 VsyncReceiver   com.ps2x.runner
29121 u0_a113      20   0  17G 638M 399M S  0.0   8.9   0:00.00 SurfaceSyncGrou com.ps2x.runner
29117 u0_a113      10 -10  17G 638M 399M S  0.0   8.9   0:00.00 com.ps2x.runner com.ps2x.runner
29114 u0_a113      16  -4  17G 638M 399M S  0.0   8.9   0:00.00 RenderThread    com.ps2x.runner

[22:41:07 t+  472.7] BATTERY status: 3 level: 67
[22:41:07 t+  472.7] PROBE simpleperf 5s start
[22:41:07 t+  472.7] PROBE simpleperf rc=1 err="simpleperf E environment.cpp:837] Package com.ps2x.runner doesn't exist or isn't debuggable/profileable."
[22:41:07 t+  472.8] PROBE taskset: GameThread not found
[22:41:09 t+  475.0] RESTORE 9fb46f8509adb1362b5ac74d35ac63a340e39228b64914848ce5ed85d6b74d13 match=True
[22:41:09 t+  475.2] MC0-AFTER bad=[]
[22:41:09 t+  475.2] END pid-after=none
