{
  "utc": "2026-09-21T13:20:20.068607+00:00",
  "before": {
    "internal_free": 11815182336,
    "internal_growth": 4722688,
    "ssd_free": 256077987840,
    "ssd_allocated": 182452224
  },
  "temporary_cap": 33554432,
  "temporary_guard": 4194304,
  "internal_reservation_increase": 0,
  "log_cap": 16777216,
  "wall_cap": 60,
  "peak_allocated": 4096,
  "rc": 0,
  "elapsed_s": 1.031950083997799,
  "bound": null,
  "remaining_allocated": 4096,
  "remaining": [
    "E15-owner.json",
    "ps2recomp-mc0-208834730256500",
    "ps2recomp-mc0-208834730256500/mcroot_slot1",
    "ps2recomp-mc0-208834730256500/mcroot"
  ],
  "cleaned": true
}
Total Tests: 452
Passed: 452
Failed: 0
