REF_CHECK:mean=0.0000 p99=0 max=0 npix=224000 mode=PPM
REFMENU_CHECK:mean=0.0000 p99=0 max=0 npix=1310720 mode=PPM
REFSC_CHECK:mean=0.0000 p99=0 max=0 npix=1310720 mode=PPM
REFZC_CHECK:mean=0.0000 p99=0 max=0 npix=1310720 mode=PPM
REFSP_CHECK:mean=0.0000 p99=0 max=0 npix=1310720 mode=PPM
REFSM_CHECK:mean=0.0000 p99=0 max=0 npix=1310720 mode=PPM
REFSE_CHECK:mean=0.0000 p99=0 max=0 npix=1310720 mode=PPM
REFSETAG_CHECK:mean=0.0000 p99=0 max=0 npix=10150 mode=PPM
REFMR_CHECK:mean=0.0000 p99=0 max=0 npix=1310720 mode=PPM
REFPP_CHECK:mean=0.0000 p99=0 max=0 npix=1310720 mode=PPM
SELF_TEST mean=0.0000 p99=0
SELF_WHOLE=0.0000
SELF_MENU mean=0.0000 p99=0
SELF_SC mean=0.0000 p99=0
SELF_ZC mean=0.0000 p99=0
SELF_SP mean=0.0000 p99=0
SELF_SM mean=0.0000 p99=0
SELF_SE mean=0.0000 p99=0
SELF_SETAG mean=0.0000 p99=0
SELF_MR mean=0.0000 p99=0
SELF_PP mean=0.0000 p99=0
START_SCORE mean=11.9612 p99=142 MENU_T+:97
ATTEMPT_1 BEGIN MENU_T+:97
ATTEMPT_1 now score mean=11.8076 p99=123
ATTEMPT_1 on attract (non-title) -> Cross attract-skip
A1_CROSS_KEYDOWN_WALL:1790028005.644876942 UPTIME:212 MENU_T+:98
A1_CROSS_HELD_WALL:1790028005.662544497 UPTIME:212
A1_CROSS_KEYUP_WALL:1790028006.178497024 UPTIME:213 MENU_T+:99
ATTEMPT_1 poll01 score mean=0.4379 p99=5 MENU_T+:101
ATTEMPT_1 TITLE-DETECTED at poll01
A1_START_KEYDOWN_WALL:1790028008.919972444 UPTIME:216 MENU_T+:101
A1_START_HELD_WALL:1790028008.937887834 UPTIME:216
A1_START_KEYUP_WALL:1790028009.454336141 UPTIME:216 MENU_T+:102
ATTEMPT_1 post+3 score mean=16.3033 p99=139 MENU_T+:106
ATTEMPT_1 post+8 score mean=16.2637 p99=139
ATTEMPT_1 post+15 score mean=16.2634 p99=139
ATTEMPT_1 post+25 score mean=16.2369 p99=139
ATTEMPT_1 whole815=0.0179 whole1525=0.0393
ATTEMPT_1 post25-vs-menu mean=0.3063 p99=5
ATTEMPT_1 MENU-LIKE (non-title + static) -> park for menu Cross
MENUPRE vs-menu mean=0.3009 p99=5 MENU_T+:140
MENUPRE vs-title mean=16.2652 p99=139
MENU_CROSS_KEYDOWN_WALL:1790028048.101395015 UPTIME:255 MENU_T+:141
MENU_CROSS_HELD_WALL:1790028048.119355203 UPTIME:255
MENU_CROSS_KEYUP_WALL:1790028048.635768893 UPTIME:255 MENU_T+:141
MC post+1 titleband mean=12.5352 p99=164 vs-menu mean=10.2123 p99=105 vs-sc mean=0.4182 p99=7 MENU_T+:145
MC post+3 titleband mean=12.5352 p99=164 vs-menu mean=10.1967 p99=105 vs-sc mean=0.3996 p99=6
MC post+8 titleband mean=12.5681 p99=164 vs-menu mean=10.2178 p99=106 vs-sc mean=0.6152 p99=9
MC post+15 titleband mean=12.5518 p99=164 vs-menu mean=10.2241 p99=106 vs-sc mean=0.4523 p99=7
MC hops whole: pre-post1=10.1176 p1-p3=0.0277 p3-p8=0.2485 p8-p15=0.2914
SC-LIKE (non-menu + static) -> park for Zoe Cross
SCPRE vs-sc mean=0.4438 p99=7 MENU_T+:179
SCPRE vs-menu mean=10.2279 p99=105
SCPRE vs-title mean=12.5345 p99=164
ZOE_CROSS_KEYDOWN_WALL:1790028088.304376977 UPTIME:295 MENU_T+:181
ZOE_CROSS_HELD_WALL:1790028088.321884881 UPTIME:295
ZOE_CROSS_KEYUP_WALL:1790028088.838355214 UPTIME:296 MENU_T+:181
ZC post+1 titleband mean=15.7368 p99=124 vs-sc mean=7.8594 p99=112 vs-zc mean=1.8755 p99=82 MENU_T+:185
ZC post+3 titleband mean=15.8278 p99=128 vs-sc mean=7.3617 p99=100 vs-zc mean=0.5203 p99=10
ZC post+8 titleband mean=16.0309 p99=128 vs-sc mean=7.2688 p99=100 vs-zc mean=0.4260 p99=7
ZC hops whole: pre-post1=7.8218 p1-p3=1.7110 p3-p8=0.2556
NO-ZC-PARK (SC->ZC chain did not park; no Continue Cross pressed)
