[08:33:56] PRE lease="LEASE_FREE FS2-T2 done" keyguard="showing=false" battery=100% ac=true pid0=none
[08:33:56] PRE device-env=090cc981e9f97c9c6007b64e90afaba7ff0b495eae7ede6423bfca826fae29fe mc0-test='' mc0-bad=[]
[08:33:56] LEASE claimed via odin_lease.sh: CLAIMED
[08:33:56] APK local sha x2 b5c86e4b5259d828937624dfa0c95814b23bf36cca355a4a55136a5c0789b310 b5c86e4b5259d828937624dfa0c95814b23bf36cca355a4a55136a5c0789b310
[08:33:59] INSTALL Performing Streamed Install Success
[08:33:59] INSTALLED /data/app/~~EMAoElFqY6WDVF52SMPsUw==/com.ps2x.runner-dMgIKsTW10wqxhHYO4--hg==/base.apk sha=b5c86e4b5259d828937624dfa0c95814b23bf36cca355a4a55136a5c0789b310 match=True
[08:33:59] ENV cb66eb8ffca725a07d8bd0b0722840ee8fa982ba679c721cc597568a0c760aee  /storage/emulated/0/Android/data/com.ps2x.runner/files/ps2x.env
[08:34:00 t+    0.1] AM Starting: Intent { cmp=com.ps2x.runner/android.app.NativeActivity }
[08:34:06 t+    6.1] FOCUS app-foreground, no BACK ('mCurrentFocus=Window{917c139 u0 com.ps2x.runner/android.app.NativeActivity}')
[08:34:08 t+    8.3] LAYER 'com.ps2x.runner/android.app.NativeActivity#23107' tried=['com.ps2x.runner/android.app.NativeActivity#23107']
[08:34:23 t+   23.0] SCAP sc01-tick1100-t22.png tick~1201
[08:34:58 t+   58.4] SCAP sc02-tick2100-t57.png tick~2180
[08:35:02 t+   62.2] SCAP sc03-swipe-bars-t61.png tick~2288
[08:35:05 t+   65.5] SCAP sc04-swipe-autohide-t65.png tick~2288
[08:35:05 t+   65.7] SWIPE focus='mCurrentFocus=Window{b98749 u0 com.android.launcher3/com.android.launcher3.uioverrides.QuickstepLauncher}' pid=22595
[08:44:01 t+  601.7] STOP wall cap 600.0s tick=2288
[08:44:01 t+  601.8] SCAP sc05-final-t601.png tick~2288
[08:44:03 t+  603.2] THREADS
Threads: 27 total,   1 running,  26 sleeping,   0 stopped,   0 zombie
  Mem:  7342756K total,  5165528K used,  2177228K free,      640K buffers
 Swap: 10485752K total,   807544K used,  9678208K free,  2423216K cached
800%cpu 112%user   0%nice  12%sys 669%idle   0%iow   8%irq   0%sirq   0%host
  TID USER         PR  NI VIRT  RES  SHR S[%CPU] %MEM     TIME+ THREAD          PROCESS
22643 u0_a113      10 -10  17G 787M 545M R 69.2  10.9   6:23.02 MTVU            com.ps2x.runner
22634 u0_a113      10 -10  17G 787M 545M S 34.6  10.9   2:59.65 GameThread      com.ps2x.runner
22619 u0_a113      10 -10  17G 787M 545M S 19.2  10.9   1:56.77 GsWorker        com.ps2x.runner
22642 u0_a113      20   0  17G 787M 545M S  0.0  10.9   0:00.00 InteractionJank com.ps2x.runner
22641 u0_a113      20   0  17G 787M 545M S  0.0  10.9   0:00.00 binder:22595_3  com.ps2x.runner
22636 u0_a113      10 -10  17G 787M 545M S  0.0  10.9   0:00.99 PGS-Waiter      com.ps2x.runner
22635 u0_a113      39  19  17G 787M 545M S  0.0  10.9   0:00.00 com.ps:traceq0  com.ps2x.runner
22632 u0_a113      -3 -10  17G 787M 545M S  0.0  10.9   0:01.51 AAudio_1        com.ps2x.runner
22626 u0_a113      10 -10  17G 787M 545M S  0.0  10.9   0:00.00 com.ps2x.runner com.ps2x.runner
22623 u0_a113      20   0  17G 787M 545M S  0.0  10.9   0:00.00 InsetsAnimation com.ps2x.runner
22622 u0_a113      20   0  17G 787M 545M S  0.0  10.9   0:00.00 SurfaceSyncGrou com.ps2x.runner
22621 u0_a113      10 -10  17G 787M 545M S  0.0  10.9   0:00.00 VsyncReceiver   com.ps2x.runner
22617 u0_a113      10 -10  17G 787M 545M S  0.0  10.9   0:00.22 com.ps2x.runner com.ps2x.runner
22618 u0_a113      10 -10  17G 787M 545M S  0.0  10.9   0:00.00 com.ps2x.runner com.ps2x.runner
22614 u0_a113      16  -4  17G 787M 545M S  0.0  10.9   0:00.01 RenderThread    com.ps2x.runner

[08:44:03 t+  603.3] BATTERY status: 5 level: 100
[08:44:05 t+  605.8] RESTORE 090cc981e9f97c9c6007b64e90afaba7ff0b495eae7ede6423bfca826fae29fe match=True
[08:44:06 t+  606.0] MC0-AFTER bad=[]
[08:44:06 t+  606.0] END pid-after=none disconnects=0
