[21:24:05] PRE lease="LEASE_FREE VK1 done" keyguard="showing=false" battery=100% ac=true pid0=none
[21:24:05] PRE device-env=a8d651a7e55f7e29f1345f28f4ea634e06ae757f535e29439ab61c930bcc0ebd mc0-test='' mc0-bad=[]
[21:24:05] APK local sha x2 b2fc7f6551fca23aada3c5d8ce723df39961da3a6c5d8d6f7b6f529151182eb2 b2fc7f6551fca23aada3c5d8ce723df39961da3a6c5d8d6f7b6f529151182eb2
[21:24:08] INSTALL Performing Streamed Install Success
[21:24:09] INSTALLED /data/app/~~zx0pI1uG496En-VhJW6QbQ==/com.ps2x.runner-6aWe8M2UqEA0YPTfLa1eyQ==/base.apk sha=b2fc7f6551fca23aada3c5d8ce723df39961da3a6c5d8d6f7b6f529151182eb2 match=True
[21:24:09] ENV c907ed84bb7a546d143fdb55f1ff8afa6889cda1a0ee6f2a9e5b53ede24304fa  /storage/emulated/0/Android/data/com.ps2x.runner/files/ps2x.env
[21:24:09 t+    0.1] AM Starting: Intent { cmp=com.ps2x.runner/android.app.NativeActivity }
[21:24:15 t+    6.3] FOCUS app-foreground, no BACK ('mCurrentFocus=Window{f00f7d8 u0 com.ps2x.runner/android.app.NativeActivity}')
[21:24:18 t+    8.5] LAYER 'com.ps2x.runner/android.app.NativeActivity#18539' tried=['com.ps2x.runner/android.app.NativeActivity#18539']
[21:25:11 t+   61.5] CPUWIN start tick=1836
[21:25:42 t+   93.2] SCAP sc01-tick2100-t92.png tick~2106
[21:26:11 t+  121.8] CPUWIN end tick=2384
[21:29:41 t+  331.6] STOP tick 4558 >= 4500
[21:29:41 t+  331.9] SCAP sc02-final-t331.png tick~4558
[21:29:43 t+  333.6] THREADS
Threads: 29 total,   1 running,  28 sleeping,   0 stopped,   0 zombie
  Mem:  7342756K total,  5135228K used,  2207528K free,      656K buffers
 Swap: 10485752K total,   784572K used,  9701180K free,  2550220K cached
800%cpu  69%user   0%nice  23%sys 696%idle   0%iow   8%irq   4%sirq   0%host
  TID USER         PR  NI VIRT  RES  SHR S[%CPU] %MEM     TIME+ THREAD          PROCESS
24738 u0_a113      10 -10  17G 807M 550M R 53.8  11.2   2:55.93 GameThread      com.ps2x.runner
24717 u0_a113      10 -10  17G 807M 550M S 11.5  11.2   0:42.25 GsWorker        com.ps2x.runner
24714 u0_a113      10 -10  17G 807M 550M S 11.5  11.2   0:26.55 com.ps2x.runner com.ps2x.runner
24755 u0_a113      10 -10  17G 807M 550M S  0.0  11.2   0:00.00 com.ps2x.runner com.ps2x.runner
24754 u0_a113      10 -10  17G 807M 550M S  0.0  11.2   0:00.00 com.ps2x.runner com.ps2x.runner
24748 u0_a113      20   0  17G 807M 550M S  0.0  11.2   0:00.00 InteractionJank com.ps2x.runner
24746 u0_a113      20   0  17G 807M 550M S  0.0  11.2   0:00.20 binder:24696_4  com.ps2x.runner
24741 u0_a113      10 -10  17G 807M 550M S  0.0  11.2   0:00.24 PGS-Waiter      com.ps2x.runner
24740 u0_a113      39  19  17G 807M 550M S  0.0  11.2   0:00.00 com.ps:traceq0  com.ps2x.runner
24737 u0_a113      -3 -10  17G 807M 550M S  0.0  11.2   0:01.21 AAudio_1        com.ps2x.runner
24724 u0_a113      10 -10  17G 807M 550M S  0.0  11.2   0:00.00 com.ps2x.runner com.ps2x.runner
24725 u0_a113      20   0  17G 807M 550M S  0.0  11.2   0:00.30 binder:24696_4  com.ps2x.runner
24722 u0_a113      20   0  17G 807M 550M S  0.0  11.2   0:00.00 InsetsAnimation com.ps2x.runner
24723 u0_a113      20   0  17G 807M 550M S  0.0  11.2   0:00.49 binder:24696_3  com.ps2x.runner
24720 u0_a113      10 -10  17G 807M 550M S  0.0  11.2   0:00.00 VsyncReceiver   com.ps2x.runner

[21:29:43 t+  333.7] BATTERY status: 5 level: 100
[21:29:45 t+  336.1] RESTORE a8d651a7e55f7e29f1345f28f4ea634e06ae757f535e29439ab61c930bcc0ebd match=True
[21:29:45 t+  336.3] MC0-AFTER bad=[]
[21:29:45 t+  336.3] END pid-after=none disconnects=0
