[    0.0352] Program Path: /home/brad/pcsx2-g7/pcsx2/build/bin/pcsx2-qt
[    0.0352] AppRoot Directory: /home/brad/pcsx2-g7/pcsx2/build/bin
[    0.0352] Resources Directory: /home/brad/pcsx2-g7/pcsx2/build/bin/resources
[    0.0352] DataRoot Directory: /home/brad/pcsx2-g7/dat-t48/PCSX2
[    0.0353] Loading config from /home/brad/pcsx2-g7/dat-t48/PCSX2/inis/PCSX2.ini.
[    0.0355] Loading secrets from /home/brad/pcsx2-g7/dat-t48/PCSX2/inis/secrets.ini.
[    0.0359] BIOS Directory: /home/brad/pcsx2-g7/dat-t48/PCSX2/bios
[    0.0359] Snapshots Directory: /home/brad/pcsx2-g7/dat-t48/PCSX2/snaps
[    0.0359] Savestates Directory: /home/brad/pcsx2-g7/dat-t48/PCSX2/sstates
[    0.0359] MemoryCards Directory: /home/brad/pcsx2-g7/dat-t48/PCSX2/memcards
[    0.0359] Logs Directory: /home/brad/pcsx2-g7/dat-t48/PCSX2/logs
[    0.0359] Cheats Directory: /home/brad/pcsx2-g7/dat-t48/PCSX2/cheats
[    0.0359] Patches Directory: /home/brad/pcsx2-g7/dat-t48/PCSX2/patches
[    0.0359] Covers Directory: /home/brad/pcsx2-g7/dat-t48/PCSX2/covers
[    0.0359] Game Settings Directory: /home/brad/pcsx2-g7/dat-t48/PCSX2/gamesettings
[    0.0359] Resources Directory: /home/brad/pcsx2-g7/pcsx2/build/bin/resources
[    0.0359] User Resources Directory: /home/brad/pcsx2-g7/dat-t48/PCSX2/resources
[    0.0359] Cache Directory: /home/brad/pcsx2-g7/dat-t48/PCSX2/cache
[    0.0359] Textures Directory: /home/brad/pcsx2-g7/dat-t48/PCSX2/textures
[    0.0359] Input Profile Directory: /home/brad/pcsx2-g7/dat-t48/PCSX2/inputprofiles
[    0.0359] Video Dumping Directory: /home/brad/pcsx2-g7/dat-t48/PCSX2/videos
[    0.0359] Debugger Layouts Directory: /home/brad/pcsx2-g7/dat-t48/PCSX2/inis/debuggerlayouts
[    0.0359] Debugger Settings Directory: /home/brad/pcsx2-g7/dat-t48/PCSX2/inis/debuggersettings
[    0.0361] Couldn't find translation for system language C, using en instead
[    0.0362] Loaded translation file for language en-US
[    0.0631] PCSX2 v2.9.75
[    0.0631] Savestate version: 0x9a590000
[    0.0631] 
[    0.0631] 
[    0.0631] Host Machine Init:
[    0.0632]   Operating System = Ubuntu 24.04
[    0.0632]   Available RAM    = 9236 MB (9.02 GB)
[    0.0632]   Physical RAM     = 9946 MB (9.71 GB)
[    0.0632] 
[    0.0632]   Processor        = Intel 13th Gen Core i5-13600K
[    0.0632]   Core Count       = 10 cores
[    0.0632]   Thread Count     = 20 threads
[    0.0632]   Cluster Count    = 1 clusters
[    0.0632] CPU Extensions Detected:
[    0.0632]   AVX AVX2
[    0.0632] 
[    0.0632] Allocating host memory for virtual systems...
[    0.0636]   EE Main Memory                   @ 0x00007FE473200000 -> 0x00007FE47C100000 [143mb]
[    0.0636]   IOP Main Memory                  @ 0x00007FE47C100000 -> 0x00007FE484200000 [129mb]
[    0.0636]   VU0/1 On-Chip Memory             @ 0x00007FE484200000 -> 0x00007FE484300000 [1mb]
[    0.0636]   VTLB Virtual Map                 @ 0x00007FE484300000 -> 0x00007FE484B00000 [8mb]
[    0.0636]   VTLB Address Map                 @ 0x00007FE484B00000 -> 0x00007FE484F00000 [4mb]
[    0.0636]   R5900 Recompiler Cache           @ 0x00007FE484F00000 -> 0x00007FE488F00000 [64mb]
[    0.0636]   R3000A Recompiler Cache          @ 0x00007FE488F00000 -> 0x00007FE48AF00000 [32mb]
[    0.0636]   Micro VU0 Recompiler Cache       @ 0x00007FE48BF00000 -> 0x00007FE48FF00000 [64mb]
[    0.0636]   Micro VU1 Recompiler Cache       @ 0x00007FE48FF00000 -> 0x00007FE493F00000 [64mb]
[    0.0636]   VIF0 Unpack Recompiler Cache     @ 0x00007FE48AF00000 -> 0x00007FE48B700000 [8mb]
[    0.0636]   VIF1 Unpack Recompiler Cache     @ 0x00007FE48B700000 -> 0x00007FE48BF00000 [8mb]
[    0.0636]   VIF Unpack Recompiler Cache      @ 0x00007FE493F00000 -> 0x00007FE494000000 [1mb]
[    0.0636]   GS Software Renderer             @ 0x00007FE494000000 -> 0x00007FE498000000 [64mb]
[    0.0646] Fastmem area: 0x7fe373200000 - 0x7fe4731fffff
[    0.0648] Generating SSE-optimized unpacking functions for VIF interpreters...
[    0.0652] Unpack function generation complete.  Generated function statistics:
[    0.0652]   Reserved buffer    : 1048576 bytes @ 0x00007FE493F00000
[    0.0652]   x86 code generated : 7422 bytes
[    0.0652] 
[    0.0654] SDLInputSource: Using Controller DB from resources.
[    0.0716] SDLInputSource: 765 gamepad mappings are loaded.
