START_SCORE mean=27.1776 p99=138 MENU_T+:98
A1_CROSS_KEYDOWN_WALL:1790162439.196107116 UPTIME:184 MENU_T+:98
A1_CROSS_HELD_WALL:1790162439.212845525 UPTIME:184
A1_CROSS_KEYUP_WALL:1790162439.728491661 UPTIME:185 MENU_T+:98
A1 poll01 score mean=0.4329 p99=6 MENU_T+:101
A1 TITLE-DETECTED at poll01
MARK_title touched at MENU_T+:101
GSHOT_title_KEYDOWN_WALL:1790162444.409028618 UPTIME:190 MENU_T+:103
GSHOT_title_HELD_WALL:1790162444.425696638 UPTIME:190
GSHOT_title_KEYUP_WALL:1790162444.941561437 UPTIME:190 MENU_T+:103
GSHOT_title newest=SSX 3_SLUS-20772_20260923072044.png
TITLE_START_KEYDOWN_WALL:1790162446.947076616 UPTIME:192 MENU_T+:105
TITLE_START_HELD_WALL:1790162446.964918169 UPTIME:192
TITLE_START_KEYUP_WALL:1790162447.481664397 UPTIME:193 MENU_T+:106
post+3 titleband mean=16.2671 p99=139 MENU_T+:110
post+8 titleband mean=16.2632 p99=139
post+15 titleband mean=16.3950 p99=140
post+25 titleband mean=16.2610 p99=139
whole815=0.0571 whole1525=0.0253
post25-vs-menu mean=0.2866 p99=5
MENU-LIKE -> menu Cross
MENUPRE vs-menu mean=0.3163 p99=5 MENU_T+:146
MARK_menu touched at MENU_T+:146
GSHOT_menu_KEYDOWN_WALL:1790162489.716410819 UPTIME:232 MENU_T+:148
GSHOT_menu_HELD_WALL:1790162489.733366929 UPTIME:232
GSHOT_menu_KEYUP_WALL:1790162490.249175025 UPTIME:233 MENU_T+:149
GSHOT_menu newest=SSX 3_SLUS-20772_20260923072130.png
MENU_CROSS_KEYDOWN_WALL:1790162495.186543458 UPTIME:235 MENU_T+:154
MENU_CROSS_HELD_WALL:1790162495.204742363 UPTIME:235
MENU_CROSS_KEYUP_WALL:1790162495.720980024 UPTIME:235 MENU_T+:154
MC hops pre-post1=11.1131
MARK_scentry touched at MENU_T+:157
MC post+1 titleband mean=12.5354 p99=164 vs-menu mean=11.1926 p99=129 vs-sc mean=1.5757 p99=45 MENU_T+:161
MC post+3 titleband mean=12.5352 p99=164 vs-menu mean=10.1996 p99=105 vs-sc mean=0.5820 p99=8 hops p1-p3=1.0278
MC post+8 titleband mean=12.5352 p99=164 vs-menu mean=10.2176 p99=105 vs-sc mean=0.6101 p99=9 hops p3-p8=0.0580
MC post+15 titleband mean=12.5456 p99=164 vs-menu mean=10.2139 p99=107 vs-sc mean=0.5547 p99=8
MC hops p8-p15=0.2057
SC-LIKE -> settle
SCPRE vs-sc mean=0.5196 p99=8 MENU_T+:196
MARK_scsettled touched at MENU_T+:196
GSHOT_sc_KEYDOWN_WALL:1790162539.438902357 UPTIME:276 MENU_T+:198
GSHOT_sc_HELD_WALL:1790162539.455367668 UPTIME:276
GSHOT_sc_KEYUP_WALL:1790162539.971445084 UPTIME:276 MENU_T+:198
GSHOT_sc newest=SSX 3_SLUS-20772_20260923072219.png
SCFINAL vs-sc mean=0.5666 p99=8 settle-hop scpre-scfinal=0.1449
COUNTS cdread=5834 marks=4
