[01:18:41] PRE lease="VK2 2026-09-26T04:53:32Z" keyguard="showing=false" battery=100% ac=true pid0=none
[01:18:41] PRE device-env=a8d651a7e55f7e29f1345f28f4ea634e06ae757f535e29439ab61c930bcc0ebd mc0-test='' mc0-bad=[]
[01:18:41] APK local sha x2 f39905dbf13431cd184b2dccf4f5baef66d46c62857d9beba76aa4fb5655740a f39905dbf13431cd184b2dccf4f5baef66d46c62857d9beba76aa4fb5655740a
[01:18:44] INSTALL Performing Streamed Install Success
[01:18:44] INSTALLED /data/app/~~Nsos8lqtkYcCewm0XAvzeQ==/com.ps2x.runner-frwtKWSoPDV8tSQgXPjBrA==/base.apk sha=f39905dbf13431cd184b2dccf4f5baef66d46c62857d9beba76aa4fb5655740a match=True
[01:18:44] ENV 62db6ce2c5ba7ee5dc292573bf658ba301c26324549bbd42aa50d7783529e132  /storage/emulated/0/Android/data/com.ps2x.runner/files/ps2x.env
[01:18:45 t+    0.0] AM Starting: Intent { cmp=com.ps2x.runner/android.app.NativeActivity }
[01:18:51 t+    6.1] FOCUS app-foreground, no BACK ('mCurrentFocus=Window{aea4b5e u0 com.ps2x.runner/android.app.NativeActivity}')
[01:18:53 t+    8.4] LAYER 'com.ps2x.runner/android.app.NativeActivity#20690' tried=['com.ps2x.runner/android.app.NativeActivity#20680', 'RequestedLayerState{ActivityRecord{e1dd2bd u0 com.ps2x.runner/android.app.NativeActivity#20680 parentId=20679}', 'com.ps2x.runner/android.app.NativeActivity#20689', 'RequestedLayerState{aea4b5e com.ps2x.runner/android.app.NativeActivity#20689 parentId=20680}', 'com.ps2x.runner/android.app.NativeActivity#20690']
[01:19:42 t+   57.6] CPUWIN start tick=1903
[01:20:01 t+   76.5] SCAP sc01-tick2100-t75.png tick~2173
[01:20:28 t+  103.5] CPUWIN end tick=2552
[01:22:27 t+  222.7] STOP tick 4579 >= 4500
[01:22:28 t+  223.1] SCAP sc02-final-t222.png tick~4579
[01:22:29 t+  224.6] THREADS
Threads: 28 total,   2 running,  26 sleeping,   0 stopped,   0 zombie
  Mem:  7342756K total,  5146964K used,  2195792K free,      564K buffers
 Swap: 10485752K total,   642364K used,  9843388K free,  2271164K cached
800%cpu  92%user   0%nice  23%sys 673%idle   0%iow   8%irq   4%sirq   0%host
  TID USER         PR  NI VIRT  RES  SHR S[%CPU] %MEM     TIME+ THREAD          PROCESS
17956 u0_a113      10 -10  17G 754M 514M R 69.2  10.5   2:26.71 GameThread      com.ps2x.runner
17933 u0_a113      10 -10  17G 754M 514M R 19.2  10.5   0:34.14 GsWorker        com.ps2x.runner
17966 u0_a113      20   0  17G 754M 514M S  0.0  10.5   0:00.00 InteractionJank com.ps2x.runner
17965 u0_a113      20   0  17G 754M 514M S  0.0  10.5   0:00.00 binder:17911_2  com.ps2x.runner
17958 u0_a113      10 -10  17G 754M 514M S  0.0  10.5   0:00.24 PGS-Waiter      com.ps2x.runner
17957 u0_a113      39  19  17G 754M 514M S  0.0  10.5   0:00.00 com.ps:traceq0  com.ps2x.runner
17954 u0_a113      -3 -10  17G 754M 514M S  0.0  10.5   0:00.79 AAudio_1        com.ps2x.runner
17944 u0_a113      10 -10  17G 754M 514M S  0.0  10.5   0:00.00 com.ps2x.runner com.ps2x.runner
17938 u0_a113      20   0  17G 754M 514M S  0.0  10.5   0:00.00 InsetsAnimation com.ps2x.runner
17937 u0_a113      20   0  17G 754M 514M S  0.0  10.5   0:00.11 binder:17911_4  com.ps2x.runner
17936 u0_a113      20   0  17G 754M 514M S  0.0  10.5   0:00.00 SurfaceSyncGrou com.ps2x.runner
17935 u0_a113      10 -10  17G 754M 514M S  0.0  10.5   0:00.00 VsyncReceiver   com.ps2x.runner
17931 u0_a113      10 -10  17G 754M 514M S  0.0  10.5   0:00.39 com.ps2x.runner com.ps2x.runner
17932 u0_a113      10 -10  17G 754M 514M S  0.0  10.5   0:00.01 com.ps2x.runner com.ps2x.runner
17928 u0_a113      16  -4  17G 754M 514M S  0.0  10.5   0:00.00 RenderThread    com.ps2x.runner

[01:22:29 t+  224.7] BATTERY status: 5 level: 100
[01:22:32 t+  227.1] RESTORE a8d651a7e55f7e29f1345f28f4ea634e06ae757f535e29439ab61c930bcc0ebd match=True
[01:22:32 t+  227.2] MC0-AFTER bad=[]
[01:22:32 t+  227.3] END pid-after=none disconnects=0
