[21:35:03] PRE lease="LEASE_FREE VK1 done" keyguard="showing=false" battery=100% ac=true pid0=none
[21:35:03] PRE device-env=a8d651a7e55f7e29f1345f28f4ea634e06ae757f535e29439ab61c930bcc0ebd mc0-test='' mc0-bad=[]
[21:35:03] APK local sha x2 8c74352d41a0a8a3664eb110f53f8b155984ad38598a4a7b5a05541a54caa663 8c74352d41a0a8a3664eb110f53f8b155984ad38598a4a7b5a05541a54caa663
[21:35:07] INSTALL Performing Streamed Install Success
[21:35:07] INSTALLED /data/app/~~vqUBJubyoLOwWYZngvAFAw==/com.ps2x.runner-MKG4H4YuJmCcGSeLDPaONQ==/base.apk sha=8c74352d41a0a8a3664eb110f53f8b155984ad38598a4a7b5a05541a54caa663 match=True
[21:35:07] ENV 9226797b9313d9e95de2e8eee83b0e6e9cd3c4300694e7e5cf0c0fcb1266a532  /storage/emulated/0/Android/data/com.ps2x.runner/files/ps2x.env
[21:35:08 t+    0.1] AM Starting: Intent { cmp=com.ps2x.runner/android.app.NativeActivity }
[21:35:14 t+    6.3] FOCUS app-foreground, no BACK ('mCurrentFocus=Window{7578d2e u0 com.ps2x.runner/android.app.NativeActivity}')
[21:35:16 t+    8.4] LAYER 'com.ps2x.runner/android.app.NativeActivity#18579' tried=['com.ps2x.runner/android.app.NativeActivity#18579']
[21:36:40 t+   92.5] SCAP sc01-tick2100-t92.png tick~2102
[21:38:15 t+  187.3] STOP tick 3036 >= 3000
[21:38:15 t+  187.7] SCAP sc02-final-t187.png tick~3036
[21:38:17 t+  189.1] THREADS
Threads: 29 total,   0 running,  29 sleeping,   0 stopped,   0 zombie
  Mem:  7342756K total,  5239220K used,  2103536K free,      656K buffers
 Swap: 10485752K total,   757528K used,  9728224K free,  2550312K cached
800%cpu  85%user   0%nice  23%sys 685%idle   0%iow   8%irq   0%sirq   0%host
  TID USER         PR  NI VIRT  RES  SHR S[%CPU] %MEM     TIME+ THREAD          PROCESS
30283 u0_a113      10 -10  17G 776M 515M S 57.6  10.8   1:39.46 GameThread      com.ps2x.runner
30264 u0_a113      10 -10  17G 776M 515M S 15.3  10.8   0:23.55 GsWorker        com.ps2x.runner
30262 u0_a113      10 -10  17G 776M 515M S  7.6  10.8   0:14.44 com.ps2x.runner com.ps2x.runner
30294 u0_a113      20   0  17G 776M 515M S  3.8  10.8   0:00.10 binder:30243_4  com.ps2x.runner
30299 u0_a113      10 -10  17G 776M 515M S  0.0  10.8   0:00.00 com.ps2x.runner com.ps2x.runner
30298 u0_a113      10 -10  17G 776M 515M S  0.0  10.8   0:00.00 com.ps2x.runner com.ps2x.runner
30295 u0_a113      20   0  17G 776M 515M S  0.0  10.8   0:00.00 InteractionJank com.ps2x.runner
30286 u0_a113      10 -10  17G 776M 515M S  0.0  10.8   0:00.12 PGS-Waiter      com.ps2x.runner
30284 u0_a113      39  19  17G 776M 515M S  0.0  10.8   0:00.00 com.ps:traceq0  com.ps2x.runner
30282 u0_a113      -3 -10  17G 776M 515M S  0.0  10.8   0:00.66 AAudio_1        com.ps2x.runner
30275 u0_a113      10 -10  17G 776M 515M S  0.0  10.8   0:00.00 com.ps2x.runner com.ps2x.runner
30269 u0_a113      20   0  17G 776M 515M S  0.0  10.8   0:00.00 InsetsAnimation com.ps2x.runner
30268 u0_a113      20   0  17G 776M 515M S  0.0  10.8   0:00.01 binder:30243_4  com.ps2x.runner
30267 u0_a113      20   0  17G 776M 515M S  0.0  10.8   0:00.00 SurfaceSyncGrou com.ps2x.runner
30266 u0_a113      10 -10  17G 776M 515M S  0.0  10.8   0:00.00 VsyncReceiver   com.ps2x.runner

[21:38:17 t+  189.2] BATTERY status: 5 level: 100
[21:38:19 t+  191.6] RESTORE a8d651a7e55f7e29f1345f28f4ea634e06ae757f535e29439ab61c930bcc0ebd match=True
[21:38:19 t+  191.9] MC0-AFTER bad=[]
[21:38:19 t+  191.9] END pid-after=none disconnects=0
