[03:47:21] PRE lease="LEASE_FREE F6 done" keyguard="showing=false" battery=100% ac=true pid0=none
[03:47:21] PRE device-env=a8d651a7e55f7e29f1345f28f4ea634e06ae757f535e29439ab61c930bcc0ebd mc0-test='' mc0-bad=[]
[03:47:21] LEASE claimed via odin_lease.sh: CLAIMED
[03:47:21] APK local sha x2 825b436dd2cfc9f3ee42e7ac06643623b9651df409892c6a3e25af27cc531254 825b436dd2cfc9f3ee42e7ac06643623b9651df409892c6a3e25af27cc531254
[03:47:24] INSTALL Performing Streamed Install Success
[03:47:24] INSTALLED /data/app/~~GSf2_-AwDzVFahBfELvTTw==/com.ps2x.runner-DkY4X7cJGy7QlnQ8IBUffA==/base.apk sha=825b436dd2cfc9f3ee42e7ac06643623b9651df409892c6a3e25af27cc531254 match=True
[03:47:24] ENV 73adfcb9608911dacd94ae37dda6bea822305091d3adf266c01f2a9353bd09ee  /storage/emulated/0/Android/data/com.ps2x.runner/files/ps2x.env
[03:47:25 t+    0.1] AM Starting: Intent { cmp=com.ps2x.runner/android.app.NativeActivity }
[03:47:31 t+    6.4] FOCUS app-foreground, no BACK ('mCurrentFocus=Window{45c8b05 u0 com.ps2x.runner/android.app.NativeActivity}')
[03:47:33 t+    8.6] LAYER 'com.ps2x.runner/android.app.NativeActivity#21512' tried=['com.ps2x.runner/android.app.NativeActivity#21512']
[03:48:32 t+   67.8] SCAP sc01-tick2100-t67.png tick~2146
[03:49:27 t+  122.5] SCAP sc02-tick3000-t121.png tick~3075
[03:50:22 t+  177.2] SCAP sc03-tick4000-t176.png tick~4042
[03:50:46 t+  201.3] STOP tick 4532 >= 4500
[03:50:46 t+  201.7] SCAP sc04-final-t201.png tick~4532
[03:50:48 t+  203.0] THREADS
Threads: 27 total,   0 running,  27 sleeping,   0 stopped,   0 zombie
  Mem:  7342756K total,  4946436K used,  2396320K free,      532K buffers
 Swap: 10485752K total,   733312K used,  9752440K free,  2186736K cached
800%cpu  85%user   0%nice  27%sys 681%idle   0%iow   8%irq   0%sirq   0%host
  TID USER         PR  NI VIRT  RES  SHR S[%CPU] %MEM     TIME+ THREAD          PROCESS
31284 u0_a113      10 -10  17G 755M 516M S 65.3  10.5   2:02.96 GameThread      com.ps2x.runner
31264 u0_a113      10 -10  17G 755M 516M S 19.2  10.5   0:33.61 GsWorker        com.ps2x.runner
31293 u0_a113      20   0  17G 755M 516M S  0.0  10.5   0:00.00 InteractionJank com.ps2x.runner
31292 u0_a113      20   0  17G 755M 516M S  0.0  10.5   0:00.00 binder:31242_4  com.ps2x.runner
31286 u0_a113      10 -10  17G 755M 516M S  0.0  10.5   0:00.23 PGS-Waiter      com.ps2x.runner
31285 u0_a113      39  19  17G 755M 516M S  0.0  10.5   0:00.00 com.ps:traceq0  com.ps2x.runner
31282 u0_a113      -3 -10  17G 755M 516M S  0.0  10.5   0:00.73 AAudio_1        com.ps2x.runner
31276 u0_a113      20   0  17G 755M 516M S  0.0  10.5   0:00.12 binder:31242_4  com.ps2x.runner
31275 u0_a113      10 -10  17G 755M 516M S  0.0  10.5   0:00.00 com.ps2x.runner com.ps2x.runner
31268 u0_a113      20   0  17G 755M 516M S  0.0  10.5   0:00.00 InsetsAnimation com.ps2x.runner
31267 u0_a113      20   0  17G 755M 516M S  0.0  10.5   0:00.00 SurfaceSyncGrou com.ps2x.runner
31266 u0_a113      10 -10  17G 755M 516M S  0.0  10.5   0:00.00 VsyncReceiver   com.ps2x.runner
31262 u0_a113      10 -10  17G 755M 516M S  0.0  10.5   0:00.37 com.ps2x.runner com.ps2x.runner
31263 u0_a113      10 -10  17G 755M 516M S  0.0  10.5   0:00.01 com.ps2x.runner com.ps2x.runner
31260 u0_a113      16  -4  17G 755M 516M S  0.0  10.5   0:00.01 RenderThread    com.ps2x.runner

[03:50:48 t+  203.0] BATTERY status: 5 level: 100
[03:50:50 t+  205.5] RESTORE a8d651a7e55f7e29f1345f28f4ea634e06ae757f535e29439ab61c930bcc0ebd match=True
[03:50:50 t+  205.7] MC0-AFTER bad=[]
[03:50:50 t+  205.7] END pid-after=none disconnects=0
